# mlp_edge seed 0
# perceptron on edge
# inputs [(14450,)], 1,853,889 parameters
# Linear(n_in,128) -> GELU -> Dropout(0.3) -> Linear(128,32) -> GELU -> Dropout(0.3) -> Linear(32,1)
# Adam lr=0.001 weight_decay=0.0001 batch=32 dropout=0.3
# loss = MSE on standardised log10 half-life
# early stopping on validation loss, patience 40, max 300 epochs
#
 epoch  train_batch        train          val  note
     1     8.444113    19.326044     0.808309  * best
     2    23.522080     4.470285     0.775526  * best
     3     9.100098     5.709244     0.861315  
     4     3.133620     1.382634     0.808023  
     5     1.032367     1.717458     0.782616  
     6     4.106054     0.777241     0.803238  
     7     1.112856     0.572828     0.775916  
     8     0.710807     0.503594     0.835728  
     9     0.755741     0.542446     0.792217  
    10     0.698443     0.451823     0.751815  * best
    11     0.579308     0.401820     0.886691  
    12     0.705846     0.450427     0.752601  
    13     0.596185     0.449616     0.769855  
    14     0.627400     0.508289     0.749979  * best
    15     0.561366     0.385004     0.766290  
    16     0.513132     0.373451     0.799844  
    17     0.495107     0.353592     0.813856  
    18     0.491999     0.349611     0.775073  
    19     0.475764     0.313219     0.778786  
    20     0.457788     0.314091     0.821816  
    21     0.448901     0.313883     0.784651  
    22     0.485783     0.291938     0.787474  
    23     0.446552     0.292000     0.787591  
    24     0.428791     0.296666     0.722121  * best
    25     0.528121     0.350072     0.742533  
    26     0.447648     0.268253     0.808960  
    27     0.436204     0.281602     0.731115  
    28     0.414354     0.253667     0.862804  
    29     0.425791     0.241042     0.762619  
    30     0.422920     0.341777     0.851626  
    31     0.427066     0.259631     0.760774  
    32     0.400792     0.272108     0.801998  
    33     0.397164     0.240841     0.797717  
    34     0.397039     0.248101     0.801201  
    35     0.416990     0.247245     0.749763  
    36     0.396209     0.277625     0.765535  
    37     0.390272     0.255076     0.806947  
    38     0.396083     0.242157     0.759577  
    39     0.388008     0.262361     0.758382  
    40     0.442717     0.283155     0.819113  
    41     0.427031     0.255292     0.785010  
    42     0.427269     0.393742     0.746963  
    43     0.558004     0.701688     0.717222  * best
    44     0.733064     0.266490     0.821193  
    45     0.423096     0.279665     0.744638  
    46     0.421875     0.267274     0.815375  
    47     0.419651     0.268176     0.794045  
    48     0.577631     0.591302     0.785866  
    49     0.519417     0.283209     0.810408  
    50     0.451354     0.257370     0.773914  
    51     0.434152     0.292204     0.816748  
    52     0.608721     0.411664     0.719639  
    53     0.521153     0.412541     0.718386  
    54     0.499003     0.362953     0.739845  
    55     0.505982     0.398261     0.756605  
    56     0.493042     0.327544     0.764584  
    57     0.492460     0.340878     0.775636  
    58     0.489367     0.350211     0.759659  
    59     0.491262     0.354813     0.765102  
    60     0.646231     0.478454     0.714715  * best
    61     0.538268     0.344674     0.752179  
    62     0.490510     0.342837     0.771414  
    63     0.485671     0.325594     0.772902  
    64     0.485526     0.325764     0.777830  
    65     0.521950     0.397079     0.765576  
    66     0.493395     0.341440     0.770078  
    67     0.472656     0.302080     0.777071  
    68     0.469719     0.312165     0.763393  
    69     0.469583     0.312607     0.805055  
    70     0.466870     0.305891     0.816265  
    71     0.440323     0.288619     0.825740  
    72     0.430360     0.407108     0.846243  
    73     0.950279     0.404669     0.783711  
    74     0.508091     0.254947     0.808043  
    75     0.509984     0.400526     0.693945  * best
    76     0.480973     0.372751     0.765837  
    77     0.761172     0.729026     0.723507  
    78     0.996282     0.661621     0.752851  
    79     0.971783     0.545586     0.718571  
    80     0.615395     0.412213     0.703652  
    81     0.518438     0.362270     0.754133  
    82     0.517281     0.361967     0.761362  
    83     0.607469     0.352553     0.755156  
    84     0.517554     0.333830     0.772975  
    85     0.672518     0.488356     0.730825  
    86     0.606982     0.401675     0.817183  
    87     0.562276     0.407929     0.720408  
    88     0.530921     0.366164     0.776952  
    89     0.508737     0.319950     0.749001  
    90     0.502786     0.387169     0.788539  
    91     0.505107     0.353614     0.765672  
    92     0.478519     0.297313     0.858994  
    93     0.465095     0.343949     0.723731  
    94     0.448609     0.281973     0.737215  
    95     0.445399     0.311461     0.779496  
    96     0.434164     0.292866     0.742095  
    97     0.442173     0.240475     0.822983  
    98     0.425479     0.324050     0.711141  
    99     0.425216     0.267676     0.767487  
   100     0.611547     0.259138     0.870153  
   101     0.480362     0.262492     0.830603  
   102     0.452345     0.285774     0.883374  
   103     0.429180     0.249890     0.747333  
   104     0.413653     0.219552     0.861373  
   105     0.463519     0.290069     0.802113  
   106     0.404799     0.220702     0.880991  
   107     0.433802     0.259559     0.787766  
   108     0.441572     0.227834     0.743117  
   109     0.404832     0.232998     0.757616  
   110     0.379595     0.242745     0.770041  
   111     0.405692     0.212400     0.841342  
   112     0.378968     0.209312     0.752363  
   113     0.362374     0.216168     0.795100  
   114     0.605904     0.506345     0.723187  
   115     0.651021     0.289579     0.819712  
# stopped at epoch 115: no improvement for 40 epochs
# restored epoch 75 (val MSE 0.693945)
# Spearman  train +0.8692  val +0.2588  test +0.0366
