# boltz_pooled+charge seed 1
# pooled Boltz plus both charge blocks
# input dim 1626, 212,417 parameters
# Linear(n_in,128) -> GELU -> Dropout(0.3) -> Linear(128,32) -> GELU -> Dropout(0.3) -> Linear(32,1)
# Adam lr=0.001 weight_decay=0.0001 batch=32 dropout=0.3
# loss = MSE on standardised log10 half-life
# early stopping on validation loss, patience 40, max 300 epochs
#
 epoch  train_batch        train          val  note
     1     0.614565     0.392155     0.528636  * best
     2     0.469943     0.313223     0.481416  * best
     3     0.388634     0.254602     0.466729  * best
     4     0.339269     0.225617     0.477199  
     5     0.313665     0.188253     0.426815  * best
     6     0.290516     0.167886     0.435087  
     7     0.264508     0.152552     0.445217  
     8     0.242971     0.138459     0.438103  
     9     0.233466     0.147978     0.444800  
    10     0.212557     0.109408     0.442768  
    11     0.207879     0.114028     0.441608  
    12     0.195392     0.117614     0.449435  
    13     0.189421     0.096065     0.430820  
    14     0.184594     0.102544     0.433549  
    15     0.169254     0.094165     0.454970  
    16     0.167090     0.086762     0.442529  
    17     0.164161     0.079172     0.455566  
    18     0.162961     0.089182     0.448467  
    19     0.154501     0.068238     0.441633  
    20     0.156526     0.076291     0.443824  
    21     0.151980     0.081844     0.482415  
    22     0.144272     0.075081     0.456279  
    23     0.144520     0.063863     0.446306  
    24     0.143195     0.083464     0.464474  
    25     0.141586     0.069201     0.451817  
    26     0.138251     0.059491     0.448718  
    27     0.137108     0.063943     0.452855  
    28     0.134852     0.058049     0.442339  
    29     0.134380     0.064739     0.445886  
    30     0.133697     0.058762     0.423101  * best
    31     0.132541     0.064409     0.447334  
    32     0.134212     0.058973     0.445816  
    33     0.130863     0.062002     0.450826  
    34     0.126392     0.047821     0.443363  
    35     0.127930     0.059034     0.443983  
    36     0.124398     0.051000     0.445518  
    37     0.125552     0.052894     0.444758  
    38     0.120511     0.058349     0.467288  
    39     0.122313     0.053989     0.448461  
    40     0.120511     0.051420     0.442836  
    41     0.118894     0.054178     0.464785  
    42     0.121847     0.058994     0.449920  
    43     0.116274     0.052222     0.461019  
    44     0.114728     0.056216     0.459706  
    45     0.123990     0.069242     0.475577  
    46     0.115226     0.042663     0.455144  
    47     0.114717     0.047160     0.467309  
    48     0.112390     0.044291     0.472684  
    49     0.115786     0.044862     0.454373  
    50     0.111931     0.051139     0.453234  
    51     0.118421     0.043822     0.454340  
    52     0.107543     0.039298     0.460553  
    53     0.107347     0.049604     0.466816  
    54     0.108565     0.042151     0.463171  
    55     0.111698     0.052412     0.472022  
    56     0.113815     0.059821     0.460028  
    57     0.110053     0.058325     0.481817  
    58     0.112775     0.047736     0.450822  
    59     0.110375     0.054254     0.463423  
    60     0.105690     0.049082     0.461979  
    61     0.107866     0.050109     0.450630  
    62     0.106113     0.040939     0.450868  
    63     0.110234     0.045596     0.455102  
    64     0.104242     0.043477     0.450420  
    65     0.108702     0.041971     0.445903  
    66     0.110115     0.039607     0.457481  
    67     0.103740     0.038397     0.459751  
    68     0.105017     0.044077     0.465985  
    69     0.101235     0.041263     0.464467  
    70     0.107554     0.054010     0.452810  
# stopped at epoch 70: no improvement for 40 epochs
# restored epoch 30 (val MSE 0.423101)
# Spearman  train +0.9698  val +0.7731  test +0.7573
