# gbm_seq+boltz+edge seed 1
# boosted trees on seq+boltz+edge
# inputs 16857, 72 trees
# LightGBM gradient-boosted trees, objective l2, lr 0.05, num_leaves 31, min_data_in_leaf 20, feature_fraction 0.3, bagging 0.8, lambda_l2 1.0, up to 3000 rounds, early stopping 100 on validation l2
# loss = l2 on standardised log10 half-life
#
 round        train          val  note
     1     0.958805     0.801281  
     2     0.921730     0.792884  
     3     0.884937     0.784818  
     4     0.852359     0.770711  
     5     0.821464     0.763337  
     6     0.792244     0.756666  
     7     0.765462     0.749411  
     8     0.739578     0.741083  
     9     0.716745     0.734977  
    10     0.694378     0.725296  
    11     0.674320     0.719903  
    12     0.655368     0.710696  
    13     0.638304     0.706296  
    14     0.621002     0.697465  
    15     0.605132     0.691969  
    16     0.590741     0.687722  
    17     0.576512     0.685376  
    18     0.563181     0.681469  
    19     0.551396     0.677848  
    20     0.540264     0.676964  
    21     0.528279     0.671875  
    22     0.517396     0.668832  
    23     0.507604     0.665632  
    24     0.498089     0.660885  
    25     0.488878     0.656089  
    26     0.480243     0.653506  
    27     0.472367     0.650585  
    28     0.463995     0.648724  
    29     0.456676     0.646011  
    30     0.449448     0.642832  
    31     0.442222     0.639436  
    32     0.435939     0.639626  
    33     0.429492     0.640220  
    34     0.423386     0.637389  
    35     0.417110     0.636171  
    36     0.411434     0.636748  
    37     0.405585     0.636081  
    38     0.400515     0.634397  
    39     0.395023     0.633384  
    40     0.390295     0.632206  
    41     0.384868     0.629754  
    42     0.379929     0.629330  
    43     0.375096     0.629164  
    44     0.370491     0.628742  
    45     0.366172     0.627336  
    46     0.362163     0.625302  
    47     0.357987     0.625052  
    48     0.354103     0.624929  
    49     0.350410     0.624576  
    50     0.346451     0.624451  
    51     0.342401     0.623399  
    52     0.338947     0.622692  
    53     0.335635     0.621342  
    54     0.332405     0.620708  
    55     0.329077     0.621697  
    56     0.325895     0.621794  
    57     0.322829     0.620795  
    58     0.319824     0.620334  
    59     0.316820     0.620590  
    60     0.313858     0.619780  
    61     0.310562     0.618818  
    62     0.307836     0.618635  
    63     0.305132     0.620422  
    64     0.302516     0.620415  
    65     0.299669     0.620558  
    66     0.296920     0.619321  
    67     0.294228     0.617690  
    68     0.291654     0.617159  
    69     0.289089     0.616575  
    70     0.286579     0.616999  
    71     0.284180     0.616301  
    72     0.281792     0.615937  * best
    73     0.279407     0.616637  
    74     0.277124     0.616554  
    75     0.274879     0.616406  
    76     0.272612     0.616150  
    77     0.270505     0.615941  
    78     0.268252     0.616255  
    79     0.266124     0.617431  
    80     0.263976     0.617931  
    81     0.261941     0.618291  
    82     0.259799     0.617674  
    83     0.257732     0.617716  
    84     0.255628     0.617736  
    85     0.253694     0.617755  
    86     0.251886     0.617133  
    87     0.250020     0.616859  
    88     0.247908     0.616117  
    89     0.245929     0.617120  
    90     0.243951     0.617151  
    91     0.242066     0.617665  
    92     0.240242     0.617506  
    93     0.238555     0.618388  
    94     0.236519     0.617598  
    95     0.234799     0.618063  
    96     0.232951     0.616905  
    97     0.231255     0.617126  
    98     0.229555     0.618287  
    99     0.227866     0.617945  
   100     0.226198     0.617519  
   101     0.224642     0.617190  
   102     0.222868     0.618447  
   103     0.221145     0.619609  
   104     0.219494     0.618055  
   105     0.217932     0.618279  
   106     0.216393     0.618979  
   107     0.214908     0.619723  
   108     0.213424     0.621018  
   109     0.211900     0.621828  
   110     0.210454     0.622079  
   111     0.208959     0.622277  
   112     0.207494     0.622995  
   113     0.206048     0.622203  
   114     0.204466     0.623019  
   115     0.203052     0.624142  
   116     0.201637     0.623641  
   117     0.200204     0.623876  
   118     0.198893     0.623476  
   119     0.197398     0.622786  
   120     0.195988     0.623000  
   121     0.194664     0.623116  
   122     0.193353     0.622961  
   123     0.191991     0.622797  
   124     0.190783     0.622961  
   125     0.189604     0.622929  
   126     0.188270     0.623591  
   127     0.187012     0.624137  
   128     0.185692     0.624067  
   129     0.184558     0.624286  
   130     0.183378     0.625090  
   131     0.182139     0.624684  
   132     0.180961     0.624221  
   133     0.179677     0.623672  
   134     0.178478     0.623855  
   135     0.177249     0.622739  
   136     0.176109     0.623036  
   137     0.174967     0.622617  
   138     0.173905     0.622511  
   139     0.172815     0.622504  
   140     0.171737     0.622775  
   141     0.170655     0.623409  
   142     0.169542     0.623568  
   143     0.168441     0.623494  
   144     0.167401     0.623244  
   145     0.166430     0.622934  
   146     0.165379     0.623066  
   147     0.164290     0.622859  
   148     0.163146     0.623862  
   149     0.162089     0.624567  
   150     0.160988     0.624644  
   151     0.160009     0.625171  
   152     0.159010     0.625315  
   153     0.157964     0.624953  
   154     0.156930     0.624587  
   155     0.155883     0.625563  
   156     0.154874     0.625853  
   157     0.153948     0.626462  
   158     0.153002     0.625780  
   159     0.152109     0.625854  
   160     0.151201     0.625951  
   161     0.150223     0.626019  
   162     0.149341     0.626834  
   163     0.148424     0.626418  
   164     0.147585     0.626409  
   165     0.146695     0.625925  
   166     0.145709     0.624877  
   167     0.144813     0.625061  
   168     0.143916     0.624650  
   169     0.143017     0.624246  
   170     0.142188     0.623828  
   171     0.141427     0.624593  
   172     0.140585     0.625183  
# best iteration 72 (val l2 0.615937)
# Spearman  train +0.8683  val +0.4061  test +0.5192
