# gbm_boltz+node+energy seed 2
# boosted trees on boltz+node+energy
# inputs 13497, 1,875 trees
# LightGBM gradient-boosted trees, objective l2, lr 0.05, num_leaves 31, min_data_in_leaf 20, feature_fraction 0.3, bagging 0.8, lambda_l2 1.0, up to 3000 rounds, early stopping 100 on validation l2
# loss = l2 on standardised log10 half-life
#
 round        train          val  note
     1     0.965065     0.976847  
     2     0.932440     0.947422  
     3     0.899871     0.917274  
     4     0.871275     0.891452  
     5     0.844603     0.865977  
     6     0.820107     0.843941  
     7     0.795337     0.820995  
     8     0.773104     0.802083  
     9     0.752614     0.784376  
    10     0.733285     0.768724  
    11     0.715939     0.752998  
    12     0.698295     0.738513  
    13     0.681518     0.723226  
    14     0.666724     0.710115  
    15     0.651409     0.696869  
    16     0.637848     0.685214  
    17     0.625329     0.673900  
    18     0.612197     0.664195  
    19     0.600856     0.655747  
    20     0.589765     0.646399  
    21     0.578373     0.637719  
    22     0.567928     0.629334  
    23     0.557973     0.622126  
    24     0.549255     0.616197  
    25     0.540931     0.610652  
    26     0.532140     0.604785  
    27     0.524416     0.599752  
    28     0.516809     0.594158  
    29     0.509044     0.589375  
    30     0.502084     0.584374  
    31     0.495548     0.580414  
    32     0.488920     0.576416  
    33     0.482370     0.571255  
    34     0.475669     0.566621  
    35     0.470125     0.562866  
    36     0.464432     0.559528  
    37     0.459102     0.555855  
    38     0.453811     0.552479  
    39     0.448415     0.549236  
    40     0.443540     0.546983  
    41     0.438893     0.544716  
    42     0.434019     0.542200  
    43     0.429186     0.539561  
    44     0.425017     0.537305  
    45     0.420637     0.534847  
    46     0.416332     0.532449  
    47     0.412143     0.530464  
    48     0.408334     0.528694  
    49     0.404637     0.527019  
    50     0.401102     0.525757  
    51     0.396894     0.523134  
    52     0.393286     0.521480  
    53     0.389632     0.519176  
    54     0.386279     0.517771  
    55     0.382675     0.515969  
    56     0.379205     0.514239  
    57     0.375860     0.512335  
    58     0.372322     0.510722  
    59     0.368828     0.508491  
    60     0.365829     0.507587  
    61     0.362577     0.505865  
    62     0.359547     0.504397  
    63     0.356616     0.503054  
    64     0.353540     0.501093  
    65     0.350377     0.499201  
    66     0.347162     0.497788  
    67     0.344518     0.496544  
    68     0.341599     0.494918  
    69     0.338784     0.493730  
    70     0.336061     0.492252  
    71     0.333557     0.491431  
    72     0.330951     0.490061  
    73     0.328309     0.488935  
    74     0.325621     0.487811  
    75     0.323090     0.486852  
    76     0.320791     0.486071  
    77     0.318186     0.485569  
    78     0.315599     0.484321  
    79     0.313105     0.483412  
    80     0.310749     0.482125  
    81     0.308379     0.481345  
    82     0.306145     0.480295  
    83     0.303934     0.478967  
    84     0.301838     0.478320  
    85     0.299486     0.477256  
    86     0.297405     0.476324  
    87     0.295384     0.475799  
    88     0.293221     0.475070  
    89     0.291107     0.474006  
    90     0.289017     0.473117  
    91     0.287018     0.472786  
    92     0.285107     0.472177  
    93     0.283246     0.471610  
    94     0.281286     0.471017  
    95     0.279403     0.470402  
    96     0.277480     0.469681  
    97     0.275605     0.468812  
    98     0.273742     0.467641  
    99     0.272015     0.467775  
   100     0.270230     0.467011  
   101     0.268463     0.466631  
   102     0.266720     0.466398  
   103     0.265051     0.465594  
   104     0.263328     0.464928  
   105     0.261643     0.464610  
   106     0.259748     0.463672  
   107     0.258041     0.462871  
   108     0.256284     0.461988  
   109     0.254577     0.461017  
   110     0.252871     0.460360  
   111     0.251148     0.460136  
   112     0.249571     0.459288  
   113     0.247995     0.459061  
   114     0.246362     0.458503  
   115     0.244775     0.458045  
   116     0.243231     0.457977  
   117     0.241710     0.457165  
   118     0.240128     0.456750  
   119     0.238637     0.456602  
   120     0.237069     0.456402  
   121     0.235555     0.456157  
   122     0.233898     0.455679  
   123     0.232288     0.455246  
   124     0.230798     0.454821  
   125     0.229304     0.454261  
   126     0.227747     0.453352  
   127     0.226344     0.453103  
   128     0.224913     0.452838  
   129     0.223459     0.452689  
   130     0.222124     0.452179  
   131     0.220684     0.451906  
   132     0.219431     0.451668  
   133     0.218102     0.451399  
   134     0.216730     0.450498  
   135     0.215390     0.450630  
   136     0.214131     0.450466  
   137     0.212734     0.450070  
   138     0.211400     0.449508  
   139     0.210199     0.449000  
   140     0.209037     0.448925  
   141     0.207691     0.448694  
   142     0.206503     0.448736  
   143     0.205287     0.448294  
   144     0.203942     0.447555  
   145     0.202707     0.447242  
   146     0.201422     0.446794  
   147     0.200208     0.446565  
   148     0.199034     0.446579  
   149     0.197865     0.446298  
   150     0.196747     0.446166  
   151     0.195548     0.445984  
   152     0.194349     0.445696  
   153     0.193243     0.445209  
   154     0.192182     0.445252  
   155     0.191096     0.445315  
   156     0.189865     0.445083  
   157     0.188728     0.444927  
   158     0.187567     0.444941  
   159     0.186410     0.444333  
   160     0.185354     0.443943  
   161     0.184245     0.443516  
   162     0.183043     0.443315  
   163     0.182012     0.443109  
   164     0.180916     0.443078  
   165     0.179872     0.443001  
   166     0.178839     0.442625  
   167     0.177799     0.442531  
   168     0.176793     0.441967  
   169     0.175756     0.441690  
   170     0.174814     0.441563  
   171     0.173831     0.441646  
   172     0.172830     0.441474  
   173     0.171789     0.440980  
   174     0.170810     0.440765  
   175     0.169759     0.440461  
   176     0.168788     0.440197  
   177     0.167879     0.439769  
   178     0.166983     0.439553  
   179     0.166070     0.439417  
   180     0.165099     0.439208  
   181     0.164164     0.438997  
   182     0.163288     0.438721  
   183     0.162313     0.438490  
   184     0.161377     0.438376  
   185     0.160528     0.438672  
   186     0.159626     0.438702  
   187     0.158701     0.438409  
   188     0.157732     0.438335  
   189     0.156822     0.438164  
   190     0.155951     0.437979  
   191     0.155054     0.437619  
   192     0.154218     0.437654  
   193     0.153389     0.437392  
   194     0.152602     0.437510  
   195     0.151757     0.437322  
   196     0.150902     0.437155  
   197     0.150137     0.437078  
   198     0.149272     0.437010  
   199     0.148423     0.437019  
   200     0.147558     0.437221  
   201     0.146789     0.436953  
   202     0.145990     0.436542  
   203     0.145183     0.436618  
   204     0.144460     0.436119  
   205     0.143678     0.435916  
   206     0.142834     0.435734  
   207     0.142010     0.435464  
   208     0.141240     0.435273  
   209     0.140358     0.435073  
   210     0.139640     0.435011  
   211     0.138873     0.434710  
   212     0.138110     0.434655  
   213     0.137372     0.434664  
   214     0.136615     0.434306  
   215     0.135908     0.434186  
   216     0.135179     0.433931  
   217     0.134459     0.433602  
   218     0.133760     0.433415  
   219     0.133019     0.433331  
   220     0.132342     0.433374  
   221     0.131691     0.433513  
   222     0.130986     0.433273  
   223     0.130319     0.433232  
   224     0.129616     0.433221  
   225     0.128912     0.433106  
   226     0.128173     0.433157  
   227     0.127440     0.432968  
   228     0.126768     0.432812  
   229     0.126092     0.432445  
   230     0.125369     0.432117  
   231     0.124725     0.431819  
   232     0.124043     0.431635  
   233     0.123377     0.431681  
   234     0.122748     0.431845  
   235     0.122080     0.431578  
   236     0.121454     0.431300  
   237     0.120787     0.431191  
   238     0.120192     0.430907  
   239     0.119544     0.430714  
   240     0.118901     0.430662  
   241     0.118284     0.430411  
   242     0.117658     0.430488  
   243     0.117054     0.430223  
   244     0.116478     0.430118  
   245     0.115873     0.429681  
   246     0.115282     0.429487  
   247     0.114659     0.429183  
   248     0.114076     0.429211  
   249     0.113475     0.429022  
   250     0.112898     0.428961  
   251     0.112319     0.428816  
   252     0.111759     0.428690  
   253     0.111167     0.428670  
   254     0.110583     0.428726  
   255     0.110029     0.428742  
   256     0.109487     0.428860  
   257     0.108966     0.428942  
   258     0.108366     0.428710  
   259     0.107777     0.428672  
   260     0.107251     0.428430  
   261     0.106712     0.428493  
   262     0.106154     0.428488  
   263     0.105610     0.428282  
   264     0.105074     0.428301  
   265     0.104527     0.428054  
   266     0.103977     0.428030  
   267     0.103423     0.427835  
   268     0.102862     0.427744  
   269     0.102322     0.427786  
   270     0.101810     0.427678  
   271     0.101297     0.427576  
   272     0.100785     0.427521  
   273     0.100277     0.427358  
   274     0.099731     0.427240  
   275     0.099216     0.427240  
   276     0.098728     0.427109  
   277     0.098255     0.426856  
   278     0.097723     0.426669  
   279     0.097236     0.426752  
   280     0.096722     0.426546  
   281     0.096192     0.426452  
   282     0.095701     0.426305  
   283     0.095183     0.426018  
   284     0.094687     0.425778  
   285     0.094201     0.425856  
   286     0.093712     0.425645  
   287     0.093243     0.425562  
   288     0.092764     0.425612  
   289     0.092306     0.425336  
   290     0.091816     0.425074  
   291     0.091363     0.425022  
   292     0.090875     0.424824  
   293     0.090444     0.425048  
   294     0.090000     0.424896  
   295     0.089553     0.424984  
   296     0.089072     0.424863  
   297     0.088659     0.424859  
   298     0.088223     0.424768  
   299     0.087810     0.424558  
   300     0.087368     0.424481  
   301     0.086904     0.424401  
   302     0.086477     0.424143  
   303     0.086027     0.423981  
   304     0.085653     0.423899  
   305     0.085196     0.423677  
   306     0.084774     0.423423  
   307     0.084346     0.423434  
   308     0.083933     0.423529  
   309     0.083512     0.423374  
   310     0.083075     0.423440  
   311     0.082641     0.423329  
   312     0.082214     0.423207  
   313     0.081817     0.422985  
   314     0.081416     0.422921  
   315     0.081027     0.422830  
   316     0.080628     0.422712  
   317     0.080242     0.422710  
   318     0.079875     0.422640  
   319     0.079477     0.422589  
   320     0.079076     0.422538  
   321     0.078692     0.422615  
   322     0.078284     0.422474  
   323     0.077888     0.422506  
   324     0.077489     0.422407  
   325     0.077145     0.422367  
   326     0.076758     0.422498  
   327     0.076389     0.422530  
   328     0.076025     0.422579  
   329     0.075659     0.422422  
   330     0.075309     0.422400  
   331     0.074916     0.422486  
   332     0.074535     0.422268  
   333     0.074179     0.422372  
   334     0.073813     0.422351  
   335     0.073453     0.422108  
   336     0.073081     0.422050  
   337     0.072729     0.422080  
   338     0.072402     0.422104  
   339     0.072037     0.421971  
   340     0.071697     0.421925  
   341     0.071358     0.421930  
   342     0.071009     0.421877  
   343     0.070672     0.421913  
   344     0.070324     0.421740  
   345     0.069993     0.421644  
   346     0.069658     0.421560  
   347     0.069302     0.421487  
   348     0.069019     0.421392  
   349     0.068692     0.421192  
   350     0.068344     0.421025  
   351     0.068012     0.421032  
   352     0.067679     0.420880  
   353     0.067338     0.420902  
   354     0.067036     0.420617  
   355     0.066677     0.420517  
   356     0.066354     0.420585  
   357     0.066026     0.420615  
   358     0.065750     0.420576  
   359     0.065416     0.420278  
   360     0.065142     0.420238  
   361     0.064814     0.420096  
   362     0.064487     0.419941  
   363     0.064196     0.419864  
   364     0.063897     0.419752  
   365     0.063614     0.419692  
   366     0.063302     0.419529  
   367     0.062986     0.419601  
   368     0.062694     0.419701  
   369     0.062385     0.419654  
   370     0.062070     0.419688  
   371     0.061784     0.419753  
   372     0.061498     0.419765  
   373     0.061235     0.419762  
   374     0.060932     0.419678  
   375     0.060645     0.419634  
   376     0.060341     0.419626  
   377     0.060056     0.419554  
   378     0.059761     0.419436  
   379     0.059457     0.419526  
   380     0.059195     0.419387  
   381     0.058908     0.419379  
   382     0.058655     0.419354  
   383     0.058382     0.419377  
   384     0.058127     0.419257  
   385     0.057869     0.419394  
   386     0.057592     0.419362  
   387     0.057339     0.419364  
   388     0.057053     0.419218  
   389     0.056795     0.419171  
   390     0.056535     0.419208  
   391     0.056278     0.419413  
   392     0.056010     0.419368  
   393     0.055757     0.419254  
   394     0.055463     0.419199  
   395     0.055206     0.419187  
   396     0.054946     0.419301  
   397     0.054672     0.419376  
   398     0.054408     0.419404  
   399     0.054131     0.419505  
   400     0.053877     0.419378  
   401     0.053628     0.419252  
   402     0.053346     0.419196  
   403     0.053089     0.419133  
   404     0.052825     0.419144  
   405     0.052581     0.419121  
   406     0.052332     0.418918  
   407     0.052097     0.418920  
   408     0.051849     0.418931  
   409     0.051611     0.418915  
   410     0.051375     0.418919  
   411     0.051150     0.418925  
   412     0.050897     0.418970  
   413     0.050665     0.418952  
   414     0.050419     0.418808  
   415     0.050174     0.418761  
   416     0.049936     0.418711  
   417     0.049715     0.418756  
   418     0.049474     0.418523  
   419     0.049264     0.418371  
   420     0.049030     0.418452  
   421     0.048796     0.418392  
   422     0.048583     0.418356  
   423     0.048331     0.418411  
   424     0.048105     0.418410  
   425     0.047914     0.418542  
   426     0.047711     0.418517  
   427     0.047493     0.418512  
   428     0.047247     0.418358  
   429     0.047020     0.418431  
   430     0.046810     0.418292  
   431     0.046580     0.418098  
   432     0.046349     0.418105  
   433     0.046139     0.417943  
   434     0.045927     0.417951  
   435     0.045701     0.417735  
   436     0.045488     0.417673  
   437     0.045280     0.417644  
   438     0.045078     0.417660  
   439     0.044863     0.417650  
   440     0.044652     0.417583  
   441     0.044442     0.417503  
   442     0.044231     0.417559  
   443     0.044010     0.417510  
   444     0.043792     0.417519  
   445     0.043585     0.417412  
   446     0.043370     0.417321  
   447     0.043178     0.417367  
   448     0.042987     0.417273  
   449     0.042783     0.417412  
   450     0.042594     0.417402  
   451     0.042387     0.417415  
   452     0.042194     0.417346  
   453     0.042007     0.417505  
   454     0.041794     0.417435  
   455     0.041589     0.417467  
   456     0.041391     0.417564  
   457     0.041211     0.417546  
   458     0.041020     0.417524  
   459     0.040835     0.417474  
   460     0.040630     0.417449  
   461     0.040460     0.417477  
   462     0.040292     0.417480  
   463     0.040127     0.417446  
   464     0.039925     0.417538  
   465     0.039747     0.417534  
   466     0.039564     0.417586  
   467     0.039393     0.417552  
   468     0.039193     0.417588  
   469     0.039024     0.417396  
   470     0.038860     0.417353  
   471     0.038683     0.417433  
   472     0.038512     0.417557  
   473     0.038334     0.417629  
   474     0.038158     0.417672  
   475     0.037966     0.417607  
   476     0.037806     0.417661  
   477     0.037636     0.417693  
   478     0.037468     0.417843  
   479     0.037288     0.417856  
   480     0.037124     0.417924  
   481     0.036964     0.417983  
   482     0.036784     0.417916  
   483     0.036616     0.417822  
   484     0.036439     0.417662  
   485     0.036270     0.417613  
   486     0.036098     0.417519  
   487     0.035926     0.417355  
   488     0.035760     0.417480  
   489     0.035600     0.417408  
   490     0.035442     0.417422  
   491     0.035295     0.417400  
   492     0.035134     0.417437  
   493     0.034984     0.417367  
   494     0.034830     0.417318  
   495     0.034689     0.417350  
   496     0.034529     0.417224  
   497     0.034380     0.417091  
   498     0.034231     0.417127  
   499     0.034080     0.417152  
   500     0.033931     0.417105  
   501     0.033773     0.417076  
   502     0.033621     0.417066  
   503     0.033465     0.417057  
   504     0.033310     0.417089  
   505     0.033160     0.417048  
   506     0.032999     0.417121  
   507     0.032849     0.417136  
   508     0.032698     0.417073  
   509     0.032561     0.417062  
   510     0.032408     0.417060  
   511     0.032276     0.416933  
   512     0.032122     0.416925  
   513     0.031969     0.416947  
   514     0.031815     0.416796  
   515     0.031652     0.416696  
   516     0.031507     0.416608  
   517     0.031354     0.416587  
   518     0.031221     0.416532  
   519     0.031075     0.416604  
   520     0.030931     0.416567  
   521     0.030770     0.416525  
   522     0.030627     0.416464  
   523     0.030494     0.416477  
   524     0.030360     0.416461  
   525     0.030226     0.416416  
   526     0.030104     0.416448  
   527     0.029977     0.416453  
   528     0.029848     0.416376  
   529     0.029722     0.416307  
   530     0.029592     0.416294  
   531     0.029455     0.416296  
   532     0.029328     0.416349  
   533     0.029208     0.416373  
   534     0.029078     0.416349  
   535     0.028941     0.416241  
   536     0.028811     0.416126  
   537     0.028688     0.416140  
   538     0.028556     0.416013  
   539     0.028448     0.415999  
   540     0.028326     0.416013  
   541     0.028197     0.416011  
   542     0.028066     0.415948  
   543     0.027940     0.415891  
   544     0.027811     0.415887  
   545     0.027689     0.415790  
   546     0.027571     0.415894  
   547     0.027458     0.415803  
   548     0.027342     0.415743  
   549     0.027214     0.415742  
   550     0.027102     0.415792  
   551     0.026995     0.415769  
   552     0.026873     0.415748  
   553     0.026749     0.415701  
   554     0.026631     0.415687  
   555     0.026519     0.415834  
   556     0.026390     0.415846  
   557     0.026281     0.415844  
   558     0.026158     0.415779  
   559     0.026049     0.415722  
   560     0.025939     0.415750  
   561     0.025829     0.415668  
   562     0.025730     0.415635  
   563     0.025622     0.415612  
   564     0.025498     0.415563  
   565     0.025384     0.415623  
   566     0.025277     0.415662  
   567     0.025162     0.415622  
   568     0.025058     0.415626  
   569     0.024947     0.415602  
   570     0.024835     0.415583  
   571     0.024745     0.415682  
   572     0.024644     0.415670  
   573     0.024524     0.415644  
   574     0.024413     0.415624  
   575     0.024318     0.415572  
   576     0.024216     0.415572  
   577     0.024113     0.415539  
   578     0.024003     0.415541  
   579     0.023899     0.415415  
   580     0.023805     0.415362  
   581     0.023691     0.415268  
   582     0.023573     0.415153  
   583     0.023471     0.415173  
   584     0.023363     0.415147  
   585     0.023259     0.415084  
   586     0.023167     0.415065  
   587     0.023059     0.415012  
   588     0.022963     0.415018  
   589     0.022862     0.414979  
   590     0.022760     0.415011  
   591     0.022660     0.414958  
   592     0.022557     0.414981  
   593     0.022456     0.414887  
   594     0.022356     0.414922  
   595     0.022260     0.414889  
   596     0.022161     0.414894  
   597     0.022074     0.414989  
   598     0.021987     0.414925  
   599     0.021880     0.414973  
   600     0.021781     0.414930  
   601     0.021682     0.414812  
   602     0.021589     0.414792  
   603     0.021504     0.414814  
   604     0.021404     0.414932  
   605     0.021321     0.414926  
   606     0.021223     0.414917  
   607     0.021136     0.414883  
   608     0.021033     0.414769  
   609     0.020951     0.414748  
   610     0.020854     0.414714  
   611     0.020764     0.414657  
   612     0.020677     0.414612  
   613     0.020582     0.414552  
   614     0.020490     0.414593  
   615     0.020406     0.414495  
   616     0.020318     0.414436  
   617     0.020236     0.414378  
   618     0.020151     0.414389  
   619     0.020069     0.414404  
   620     0.019982     0.414423  
   621     0.019891     0.414416  
   622     0.019790     0.414351  
   623     0.019706     0.414386  
   624     0.019620     0.414347  
   625     0.019538     0.414330  
   626     0.019449     0.414310  
   627     0.019365     0.414277  
   628     0.019292     0.414330  
   629     0.019205     0.414351  
   630     0.019116     0.414325  
   631     0.019033     0.414339  
   632     0.018952     0.414334  
   633     0.018871     0.414292  
   634     0.018793     0.414275  
   635     0.018713     0.414254  
   636     0.018632     0.414288  
   637     0.018557     0.414226  
   638     0.018472     0.414170  
   639     0.018390     0.414140  
   640     0.018312     0.414136  
   641     0.018232     0.414138  
   642     0.018144     0.414128  
   643     0.018066     0.414023  
   644     0.017988     0.413955  
   645     0.017907     0.413944  
   646     0.017830     0.414027  
   647     0.017757     0.413988  
   648     0.017675     0.413995  
   649     0.017603     0.414019  
   650     0.017532     0.413887  
   651     0.017454     0.413848  
   652     0.017384     0.413778  
   653     0.017316     0.413791  
   654     0.017235     0.413792  
   655     0.017158     0.413800  
   656     0.017076     0.413817  
   657     0.017002     0.413878  
   658     0.016925     0.413816  
   659     0.016851     0.413848  
   660     0.016780     0.413871  
   661     0.016706     0.413893  
   662     0.016642     0.413855  
   663     0.016570     0.413835  
   664     0.016500     0.413795  
   665     0.016426     0.413737  
   666     0.016358     0.413760  
   667     0.016287     0.413702  
   668     0.016219     0.413682  
   669     0.016150     0.413590  
   670     0.016087     0.413573  
   671     0.016014     0.413477  
   672     0.015949     0.413490  
   673     0.015882     0.413453  
   674     0.015817     0.413466  
   675     0.015746     0.413429  
   676     0.015677     0.413379  
   677     0.015613     0.413354  
   678     0.015540     0.413339  
   679     0.015469     0.413341  
   680     0.015407     0.413296  
   681     0.015342     0.413173  
   682     0.015275     0.413152  
   683     0.015207     0.413196  
   684     0.015138     0.413106  
   685     0.015074     0.413120  
   686     0.015007     0.413119  
   687     0.014947     0.413109  
   688     0.014887     0.413078  
   689     0.014819     0.413069  
   690     0.014753     0.413007  
   691     0.014690     0.412959  
   692     0.014624     0.412960  
   693     0.014566     0.412894  
   694     0.014500     0.412899  
   695     0.014439     0.412899  
   696     0.014382     0.412883  
   697     0.014318     0.412914  
   698     0.014263     0.412890  
   699     0.014198     0.412899  
   700     0.014132     0.412818  
   701     0.014074     0.412807  
   702     0.014011     0.412874  
   703     0.013949     0.412808  
   704     0.013885     0.412780  
   705     0.013824     0.412785  
   706     0.013760     0.412787  
   707     0.013699     0.412722  
   708     0.013647     0.412711  
   709     0.013587     0.412645  
   710     0.013527     0.412599  
   711     0.013468     0.412607  
   712     0.013406     0.412546  
   713     0.013345     0.412517  
   714     0.013285     0.412554  
   715     0.013227     0.412610  
   716     0.013164     0.412561  
   717     0.013110     0.412619  
   718     0.013053     0.412537  
   719     0.012998     0.412490  
   720     0.012942     0.412442  
   721     0.012884     0.412441  
   722     0.012833     0.412409  
   723     0.012777     0.412422  
   724     0.012725     0.412396  
   725     0.012676     0.412398  
   726     0.012620     0.412372  
   727     0.012566     0.412345  
   728     0.012516     0.412323  
   729     0.012456     0.412262  
   730     0.012401     0.412221  
   731     0.012347     0.412209  
   732     0.012296     0.412161  
   733     0.012241     0.412144  
   734     0.012190     0.412144  
   735     0.012136     0.412142  
   736     0.012085     0.412185  
   737     0.012031     0.412170  
   738     0.011978     0.412125  
   739     0.011922     0.412153  
   740     0.011876     0.412099  
   741     0.011826     0.412058  
   742     0.011774     0.412024  
   743     0.011719     0.412041  
   744     0.011668     0.411974  
   745     0.011618     0.411989  
   746     0.011564     0.411945  
   747     0.011514     0.411881  
   748     0.011464     0.411908  
   749     0.011420     0.411834  
   750     0.011369     0.411785  
   751     0.011326     0.411854  
   752     0.011284     0.411913  
   753     0.011242     0.411870  
   754     0.011199     0.411882  
   755     0.011150     0.411917  
   756     0.011104     0.411884  
   757     0.011059     0.411884  
   758     0.011015     0.411827  
   759     0.010968     0.411754  
   760     0.010918     0.411758  
   761     0.010876     0.411761  
   762     0.010836     0.411742  
   763     0.010792     0.411750  
   764     0.010748     0.411746  
   765     0.010704     0.411767  
   766     0.010663     0.411793  
   767     0.010621     0.411721  
   768     0.010579     0.411694  
   769     0.010533     0.411691  
   770     0.010493     0.411647  
   771     0.010451     0.411595  
   772     0.010408     0.411527  
   773     0.010367     0.411534  
   774     0.010322     0.411552  
   775     0.010283     0.411597  
   776     0.010243     0.411586  
   777     0.010201     0.411635  
   778     0.010158     0.411586  
   779     0.010114     0.411529  
   780     0.010069     0.411542  
   781     0.010026     0.411521  
   782     0.009985     0.411544  
   783     0.009941     0.411531  
   784     0.009900     0.411525  
   785     0.009857     0.411642  
   786     0.009816     0.411614  
   787     0.009770     0.411593  
   788     0.009727     0.411569  
   789     0.009686     0.411535  
   790     0.009644     0.411512  
   791     0.009604     0.411451  
   792     0.009561     0.411407  
   793     0.009522     0.411436  
   794     0.009487     0.411439  
   795     0.009444     0.411402  
   796     0.009405     0.411408  
   797     0.009365     0.411365  
   798     0.009324     0.411367  
   799     0.009286     0.411334  
   800     0.009244     0.411332  
   801     0.009205     0.411320  
   802     0.009167     0.411288  
   803     0.009127     0.411292  
   804     0.009087     0.411281  
   805     0.009050     0.411315  
   806     0.009015     0.411287  
   807     0.008977     0.411285  
   808     0.008944     0.411273  
   809     0.008908     0.411246  
   810     0.008868     0.411187  
   811     0.008830     0.411168  
   812     0.008791     0.411192  
   813     0.008755     0.411225  
   814     0.008715     0.411200  
   815     0.008680     0.411160  
   816     0.008644     0.411146  
   817     0.008609     0.411124  
   818     0.008571     0.411137  
   819     0.008537     0.411197  
   820     0.008502     0.411241  
   821     0.008467     0.411255  
   822     0.008428     0.411258  
   823     0.008390     0.411282  
   824     0.008356     0.411267  
   825     0.008320     0.411261  
   826     0.008282     0.411215  
   827     0.008247     0.411221  
   828     0.008212     0.411260  
   829     0.008176     0.411249  
   830     0.008144     0.411238  
   831     0.008113     0.411243  
   832     0.008081     0.411225  
   833     0.008050     0.411217  
   834     0.008020     0.411206  
   835     0.007982     0.411168  
   836     0.007947     0.411171  
   837     0.007914     0.411157  
   838     0.007885     0.411123  
   839     0.007853     0.411085  
   840     0.007816     0.411072  
   841     0.007784     0.411046  
   842     0.007755     0.411048  
   843     0.007725     0.411017  
   844     0.007693     0.410994  
   845     0.007658     0.411056  
   846     0.007629     0.411070  
   847     0.007603     0.411055  
   848     0.007571     0.411080  
   849     0.007538     0.411044  
   850     0.007510     0.411030  
   851     0.007477     0.410999  
   852     0.007449     0.411061  
   853     0.007416     0.411048  
   854     0.007381     0.411090  
   855     0.007351     0.411108  
   856     0.007321     0.411069  
   857     0.007295     0.411062  
   858     0.007263     0.411085  
   859     0.007232     0.411079  
   860     0.007203     0.411089  
   861     0.007174     0.411132  
   862     0.007145     0.411109  
   863     0.007113     0.411131  
   864     0.007084     0.411111  
   865     0.007052     0.411119  
   866     0.007020     0.411139  
   867     0.006991     0.411127  
   868     0.006963     0.411100  
   869     0.006934     0.411123  
   870     0.006906     0.411153  
   871     0.006882     0.411186  
   872     0.006851     0.411188  
   873     0.006822     0.411183  
   874     0.006794     0.411185  
   875     0.006765     0.411188  
   876     0.006741     0.411178  
   877     0.006711     0.411221  
   878     0.006684     0.411224  
   879     0.006657     0.411198  
   880     0.006626     0.411149  
   881     0.006601     0.411123  
   882     0.006576     0.411162  
   883     0.006548     0.411175  
   884     0.006521     0.411195  
   885     0.006490     0.411162  
   886     0.006466     0.411155  
   887     0.006439     0.411127  
   888     0.006411     0.411120  
   889     0.006386     0.411087  
   890     0.006360     0.411018  
   891     0.006334     0.410989  
   892     0.006306     0.410972  
   893     0.006279     0.410974  
   894     0.006255     0.410984  
   895     0.006228     0.411003  
   896     0.006202     0.410995  
   897     0.006173     0.410992  
   898     0.006147     0.410957  
   899     0.006123     0.410947  
   900     0.006097     0.410969  
   901     0.006069     0.410970  
   902     0.006043     0.410991  
   903     0.006016     0.410964  
   904     0.005993     0.411005  
   905     0.005969     0.410981  
   906     0.005948     0.410967  
   907     0.005923     0.411018  
   908     0.005897     0.411049  
   909     0.005873     0.411043  
   910     0.005851     0.411036  
   911     0.005827     0.411016  
   912     0.005806     0.411020  
   913     0.005781     0.411051  
   914     0.005757     0.411036  
   915     0.005736     0.410991  
   916     0.005715     0.410982  
   917     0.005693     0.410985  
   918     0.005670     0.410980  
   919     0.005646     0.410996  
   920     0.005623     0.411044  
   921     0.005598     0.411043  
   922     0.005575     0.411051  
   923     0.005552     0.411024  
   924     0.005530     0.410945  
   925     0.005505     0.410966  
   926     0.005486     0.410959  
   927     0.005463     0.410937  
   928     0.005438     0.410893  
   929     0.005415     0.410924  
   930     0.005390     0.410872  
   931     0.005369     0.410931  
   932     0.005347     0.410865  
   933     0.005325     0.410859  
   934     0.005305     0.410885  
   935     0.005284     0.410911  
   936     0.005263     0.410851  
   937     0.005241     0.410886  
   938     0.005217     0.410877  
   939     0.005195     0.410831  
   940     0.005174     0.410780  
   941     0.005154     0.410779  
   942     0.005134     0.410751  
   943     0.005113     0.410779  
   944     0.005092     0.410795  
   945     0.005070     0.410808  
   946     0.005049     0.410808  
   947     0.005029     0.410820  
   948     0.005008     0.410793  
   949     0.004988     0.410828  
   950     0.004969     0.410788  
   951     0.004949     0.410788  
   952     0.004929     0.410804  
   953     0.004908     0.410788  
   954     0.004887     0.410788  
   955     0.004865     0.410784  
   956     0.004845     0.410779  
   957     0.004826     0.410768  
   958     0.004807     0.410763  
   959     0.004786     0.410730  
   960     0.004768     0.410724  
   961     0.004746     0.410747  
   962     0.004728     0.410713  
   963     0.004709     0.410738  
   964     0.004689     0.410670  
   965     0.004668     0.410667  
   966     0.004650     0.410655  
   967     0.004633     0.410691  
   968     0.004612     0.410715  
   969     0.004593     0.410692  
   970     0.004573     0.410712  
   971     0.004555     0.410697  
   972     0.004537     0.410688  
   973     0.004520     0.410688  
   974     0.004499     0.410747  
   975     0.004482     0.410740  
   976     0.004462     0.410674  
   977     0.004444     0.410689  
   978     0.004423     0.410692  
   979     0.004406     0.410685  
   980     0.004387     0.410680  
   981     0.004371     0.410689  
   982     0.004351     0.410674  
   983     0.004336     0.410713  
   984     0.004316     0.410690  
   985     0.004297     0.410694  
   986     0.004278     0.410666  
   987     0.004258     0.410678  
   988     0.004241     0.410648  
   989     0.004225     0.410669  
   990     0.004209     0.410650  
   991     0.004191     0.410641  
   992     0.004175     0.410657  
   993     0.004160     0.410656  
   994     0.004143     0.410644  
   995     0.004126     0.410648  
   996     0.004110     0.410658  
   997     0.004092     0.410620  
   998     0.004077     0.410646  
   999     0.004061     0.410657  
  1000     0.004046     0.410678  
  1001     0.004030     0.410671  
  1002     0.004014     0.410685  
  1003     0.003997     0.410701  
  1004     0.003981     0.410671  
  1005     0.003966     0.410666  
  1006     0.003953     0.410617  
  1007     0.003936     0.410590  
  1008     0.003921     0.410594  
  1009     0.003905     0.410585  
  1010     0.003888     0.410550  
  1011     0.003873     0.410562  
  1012     0.003859     0.410546  
  1013     0.003844     0.410564  
  1014     0.003827     0.410559  
  1015     0.003812     0.410538  
  1016     0.003797     0.410538  
  1017     0.003781     0.410536  
  1018     0.003766     0.410568  
  1019     0.003750     0.410550  
  1020     0.003733     0.410569  
  1021     0.003719     0.410587  
  1022     0.003704     0.410581  
  1023     0.003689     0.410631  
  1024     0.003673     0.410597  
  1025     0.003657     0.410596  
  1026     0.003641     0.410591  
  1027     0.003625     0.410584  
  1028     0.003610     0.410591  
  1029     0.003596     0.410596  
  1030     0.003581     0.410586  
  1031     0.003565     0.410615  
  1032     0.003551     0.410597  
  1033     0.003539     0.410582  
  1034     0.003525     0.410607  
  1035     0.003510     0.410594  
  1036     0.003497     0.410584  
  1037     0.003484     0.410595  
  1038     0.003471     0.410598  
  1039     0.003457     0.410591  
  1040     0.003444     0.410552  
  1041     0.003428     0.410556  
  1042     0.003415     0.410559  
  1043     0.003403     0.410596  
  1044     0.003390     0.410593  
  1045     0.003377     0.410573  
  1046     0.003364     0.410581  
  1047     0.003349     0.410566  
  1048     0.003336     0.410560  
  1049     0.003322     0.410578  
  1050     0.003309     0.410570  
  1051     0.003294     0.410566  
  1052     0.003280     0.410582  
  1053     0.003265     0.410560  
  1054     0.003252     0.410591  
  1055     0.003240     0.410583  
  1056     0.003227     0.410586  
  1057     0.003214     0.410562  
  1058     0.003200     0.410550  
  1059     0.003186     0.410532  
  1060     0.003174     0.410521  
  1061     0.003161     0.410562  
  1062     0.003149     0.410591  
  1063     0.003137     0.410601  
  1064     0.003123     0.410596  
  1065     0.003112     0.410571  
  1066     0.003101     0.410604  
  1067     0.003088     0.410592  
  1068     0.003076     0.410601  
  1069     0.003064     0.410618  
  1070     0.003051     0.410598  
  1071     0.003038     0.410604  
  1072     0.003025     0.410568  
  1073     0.003013     0.410570  
  1074     0.003001     0.410538  
  1075     0.002989     0.410520  
  1076     0.002976     0.410566  
  1077     0.002964     0.410558  
  1078     0.002952     0.410552  
  1079     0.002941     0.410539  
  1080     0.002930     0.410519  
  1081     0.002919     0.410526  
  1082     0.002908     0.410485  
  1083     0.002896     0.410484  
  1084     0.002885     0.410482  
  1085     0.002874     0.410488  
  1086     0.002865     0.410481  
  1087     0.002854     0.410472  
  1088     0.002842     0.410493  
  1089     0.002830     0.410482  
  1090     0.002819     0.410481  
  1091     0.002809     0.410474  
  1092     0.002798     0.410486  
  1093     0.002786     0.410502  
  1094     0.002775     0.410479  
  1095     0.002765     0.410469  
  1096     0.002754     0.410465  
  1097     0.002743     0.410431  
  1098     0.002733     0.410433  
  1099     0.002722     0.410449  
  1100     0.002711     0.410452  
  1101     0.002699     0.410425  
  1102     0.002687     0.410399  
  1103     0.002675     0.410391  
  1104     0.002665     0.410377  
  1105     0.002654     0.410373  
  1106     0.002644     0.410378  
  1107     0.002634     0.410381  
  1108     0.002625     0.410376  
  1109     0.002616     0.410383  
  1110     0.002605     0.410406  
  1111     0.002596     0.410411  
  1112     0.002585     0.410402  
  1113     0.002572     0.410425  
  1114     0.002562     0.410424  
  1115     0.002552     0.410429  
  1116     0.002541     0.410422  
  1117     0.002531     0.410408  
  1118     0.002520     0.410454  
  1119     0.002509     0.410461  
  1120     0.002500     0.410458  
  1121     0.002489     0.410483  
  1122     0.002479     0.410493  
  1123     0.002468     0.410526  
  1124     0.002458     0.410496  
  1125     0.002446     0.410503  
  1126     0.002437     0.410478  
  1127     0.002428     0.410478  
  1128     0.002418     0.410470  
  1129     0.002407     0.410462  
  1130     0.002397     0.410469  
  1131     0.002387     0.410473  
  1132     0.002377     0.410450  
  1133     0.002368     0.410444  
  1134     0.002359     0.410427  
  1135     0.002349     0.410463  
  1136     0.002338     0.410513  
  1137     0.002329     0.410520  
  1138     0.002318     0.410538  
  1139     0.002310     0.410514  
  1140     0.002299     0.410533  
  1141     0.002291     0.410540  
  1142     0.002281     0.410497  
  1143     0.002273     0.410486  
  1144     0.002265     0.410482  
  1145     0.002255     0.410501  
  1146     0.002246     0.410498  
  1147     0.002236     0.410478  
  1148     0.002228     0.410488  
  1149     0.002219     0.410480  
  1150     0.002209     0.410506  
  1151     0.002202     0.410519  
  1152     0.002193     0.410516  
  1153     0.002184     0.410536  
  1154     0.002175     0.410527  
  1155     0.002166     0.410538  
  1156     0.002157     0.410550  
  1157     0.002149     0.410546  
  1158     0.002140     0.410548  
  1159     0.002132     0.410547  
  1160     0.002123     0.410550  
  1161     0.002113     0.410545  
  1162     0.002105     0.410531  
  1163     0.002096     0.410539  
  1164     0.002089     0.410514  
  1165     0.002080     0.410513  
  1166     0.002072     0.410545  
  1167     0.002063     0.410539  
  1168     0.002055     0.410522  
  1169     0.002045     0.410513  
  1170     0.002037     0.410500  
  1171     0.002028     0.410500  
  1172     0.002020     0.410515  
  1173     0.002011     0.410521  
  1174     0.002004     0.410510  
  1175     0.001995     0.410510  
  1176     0.001987     0.410524  
  1177     0.001979     0.410488  
  1178     0.001970     0.410470  
  1179     0.001963     0.410471  
  1180     0.001956     0.410447  
  1181     0.001947     0.410468  
  1182     0.001940     0.410445  
  1183     0.001932     0.410437  
  1184     0.001924     0.410436  
  1185     0.001916     0.410426  
  1186     0.001909     0.410403  
  1187     0.001900     0.410393  
  1188     0.001893     0.410397  
  1189     0.001885     0.410399  
  1190     0.001877     0.410377  
  1191     0.001870     0.410354  
  1192     0.001863     0.410340  
  1193     0.001855     0.410371  
  1194     0.001848     0.410376  
  1195     0.001840     0.410384  
  1196     0.001833     0.410376  
  1197     0.001824     0.410388  
  1198     0.001818     0.410367  
  1199     0.001810     0.410349  
  1200     0.001804     0.410350  
  1201     0.001796     0.410363  
  1202     0.001788     0.410345  
  1203     0.001781     0.410352  
  1204     0.001773     0.410323  
  1205     0.001765     0.410300  
  1206     0.001758     0.410295  
  1207     0.001752     0.410270  
  1208     0.001745     0.410240  
  1209     0.001738     0.410244  
  1210     0.001732     0.410242  
  1211     0.001725     0.410237  
  1212     0.001718     0.410260  
  1213     0.001711     0.410255  
  1214     0.001705     0.410251  
  1215     0.001698     0.410244  
  1216     0.001691     0.410222  
  1217     0.001684     0.410239  
  1218     0.001677     0.410228  
  1219     0.001670     0.410232  
  1220     0.001663     0.410240  
  1221     0.001657     0.410220  
  1222     0.001650     0.410226  
  1223     0.001643     0.410245  
  1224     0.001636     0.410264  
  1225     0.001631     0.410271  
  1226     0.001625     0.410277  
  1227     0.001617     0.410284  
  1228     0.001611     0.410282  
  1229     0.001605     0.410278  
  1230     0.001599     0.410284  
  1231     0.001593     0.410275  
  1232     0.001587     0.410277  
  1233     0.001581     0.410265  
  1234     0.001574     0.410262  
  1235     0.001568     0.410251  
  1236     0.001561     0.410232  
  1237     0.001554     0.410211  
  1238     0.001548     0.410216  
  1239     0.001541     0.410193  
  1240     0.001535     0.410194  
  1241     0.001530     0.410185  
  1242     0.001524     0.410205  
  1243     0.001518     0.410175  
  1244     0.001512     0.410185  
  1245     0.001505     0.410200  
  1246     0.001499     0.410196  
  1247     0.001494     0.410206  
  1248     0.001487     0.410209  
  1249     0.001481     0.410215  
  1250     0.001476     0.410233  
  1251     0.001471     0.410207  
  1252     0.001465     0.410190  
  1253     0.001459     0.410206  
  1254     0.001453     0.410212  
  1255     0.001448     0.410204  
  1256     0.001443     0.410191  
  1257     0.001437     0.410189  
  1258     0.001431     0.410192  
  1259     0.001426     0.410201  
  1260     0.001420     0.410202  
  1261     0.001415     0.410208  
  1262     0.001410     0.410197  
  1263     0.001404     0.410175  
  1264     0.001398     0.410162  
  1265     0.001393     0.410146  
  1266     0.001387     0.410151  
  1267     0.001382     0.410139  
  1268     0.001376     0.410131  
  1269     0.001371     0.410111  
  1270     0.001365     0.410124  
  1271     0.001360     0.410127  
  1272     0.001355     0.410127  
  1273     0.001349     0.410123  
  1274     0.001343     0.410109  
  1275     0.001338     0.410110  
  1276     0.001332     0.410110  
  1277     0.001327     0.410103  
  1278     0.001321     0.410106  
  1279     0.001316     0.410102  
  1280     0.001311     0.410093  
  1281     0.001306     0.410082  
  1282     0.001300     0.410066  
  1283     0.001296     0.410066  
  1284     0.001290     0.410064  
  1285     0.001285     0.410054  
  1286     0.001279     0.410046  
  1287     0.001275     0.410043  
  1288     0.001270     0.410051  
  1289     0.001265     0.410020  
  1290     0.001260     0.410039  
  1291     0.001255     0.410021  
  1292     0.001250     0.410008  
  1293     0.001245     0.410027  
  1294     0.001241     0.410012  
  1295     0.001236     0.410014  
  1296     0.001231     0.410028  
  1297     0.001226     0.410019  
  1298     0.001222     0.410027  
  1299     0.001217     0.410009  
  1300     0.001212     0.409994  
  1301     0.001207     0.409993  
  1302     0.001203     0.409976  
  1303     0.001199     0.409957  
  1304     0.001194     0.409939  
  1305     0.001189     0.409921  
  1306     0.001184     0.409930  
  1307     0.001180     0.409929  
  1308     0.001174     0.409947  
  1309     0.001170     0.409944  
  1310     0.001165     0.409935  
  1311     0.001161     0.409933  
  1312     0.001156     0.409929  
  1313     0.001152     0.409922  
  1314     0.001147     0.409925  
  1315     0.001142     0.409921  
  1316     0.001138     0.409910  
  1317     0.001134     0.409905  
  1318     0.001129     0.409893  
  1319     0.001125     0.409902  
  1320     0.001120     0.409906  
  1321     0.001115     0.409904  
  1322     0.001111     0.409898  
  1323     0.001106     0.409910  
  1324     0.001102     0.409911  
  1325     0.001098     0.409912  
  1326     0.001093     0.409904  
  1327     0.001090     0.409905  
  1328     0.001085     0.409924  
  1329     0.001081     0.409939  
  1330     0.001076     0.409929  
  1331     0.001072     0.409929  
  1332     0.001067     0.409929  
  1333     0.001063     0.409933  
  1334     0.001059     0.409936  
  1335     0.001055     0.409940  
  1336     0.001051     0.409947  
  1337     0.001047     0.409943  
  1338     0.001044     0.409948  
  1339     0.001039     0.409935  
  1340     0.001036     0.409941  
  1341     0.001031     0.409928  
  1342     0.001027     0.409928  
  1343     0.001023     0.409929  
  1344     0.001019     0.409929  
  1345     0.001015     0.409908  
  1346     0.001011     0.409910  
  1347     0.001008     0.409910  
  1348     0.001004     0.409907  
  1349     0.001000     0.409906  
  1350     0.000996     0.409905  
  1351     0.000992     0.409912  
  1352     0.000988     0.409890  
  1353     0.000984     0.409880  
  1354     0.000980     0.409876  
  1355     0.000976     0.409855  
  1356     0.000972     0.409859  
  1357     0.000968     0.409861  
  1358     0.000964     0.409864  
  1359     0.000961     0.409874  
  1360     0.000956     0.409895  
  1361     0.000952     0.409894  
  1362     0.000948     0.409905  
  1363     0.000945     0.409903  
  1364     0.000941     0.409893  
  1365     0.000937     0.409878  
  1366     0.000934     0.409874  
  1367     0.000930     0.409858  
  1368     0.000926     0.409868  
  1369     0.000923     0.409844  
  1370     0.000919     0.409862  
  1371     0.000916     0.409873  
  1372     0.000912     0.409863  
  1373     0.000908     0.409878  
  1374     0.000905     0.409880  
  1375     0.000901     0.409886  
  1376     0.000898     0.409887  
  1377     0.000894     0.409865  
  1378     0.000891     0.409891  
  1379     0.000887     0.409894  
  1380     0.000883     0.409906  
  1381     0.000880     0.409890  
  1382     0.000876     0.409894  
  1383     0.000872     0.409898  
  1384     0.000869     0.409898  
  1385     0.000866     0.409908  
  1386     0.000862     0.409900  
  1387     0.000859     0.409894  
  1388     0.000856     0.409877  
  1389     0.000853     0.409881  
  1390     0.000850     0.409881  
  1391     0.000847     0.409869  
  1392     0.000843     0.409877  
  1393     0.000840     0.409854  
  1394     0.000837     0.409854  
  1395     0.000833     0.409844  
  1396     0.000830     0.409860  
  1397     0.000826     0.409841  
  1398     0.000823     0.409840  
  1399     0.000820     0.409832  
  1400     0.000816     0.409833  
  1401     0.000813     0.409839  
  1402     0.000809     0.409838  
  1403     0.000806     0.409832  
  1404     0.000803     0.409827  
  1405     0.000800     0.409835  
  1406     0.000797     0.409850  
  1407     0.000794     0.409843  
  1408     0.000791     0.409820  
  1409     0.000788     0.409816  
  1410     0.000784     0.409805  
  1411     0.000781     0.409813  
  1412     0.000778     0.409799  
  1413     0.000775     0.409799  
  1414     0.000772     0.409782  
  1415     0.000769     0.409779  
  1416     0.000766     0.409777  
  1417     0.000763     0.409774  
  1418     0.000760     0.409772  
  1419     0.000757     0.409771  
  1420     0.000754     0.409763  
  1421     0.000751     0.409754  
  1422     0.000748     0.409758  
  1423     0.000745     0.409760  
  1424     0.000742     0.409760  
  1425     0.000739     0.409768  
  1426     0.000736     0.409754  
  1427     0.000733     0.409758  
  1428     0.000730     0.409747  
  1429     0.000728     0.409744  
  1430     0.000725     0.409740  
  1431     0.000722     0.409733  
  1432     0.000719     0.409725  
  1433     0.000717     0.409724  
  1434     0.000714     0.409717  
  1435     0.000711     0.409734  
  1436     0.000708     0.409726  
  1437     0.000705     0.409730  
  1438     0.000702     0.409724  
  1439     0.000700     0.409725  
  1440     0.000697     0.409730  
  1441     0.000694     0.409724  
  1442     0.000692     0.409741  
  1443     0.000689     0.409729  
  1444     0.000686     0.409723  
  1445     0.000684     0.409724  
  1446     0.000681     0.409716  
  1447     0.000679     0.409722  
  1448     0.000676     0.409718  
  1449     0.000673     0.409721  
  1450     0.000671     0.409711  
  1451     0.000668     0.409694  
  1452     0.000665     0.409692  
  1453     0.000663     0.409685  
  1454     0.000660     0.409686  
  1455     0.000658     0.409687  
  1456     0.000655     0.409690  
  1457     0.000653     0.409685  
  1458     0.000650     0.409680  
  1459     0.000648     0.409679  
  1460     0.000645     0.409682  
  1461     0.000643     0.409679  
  1462     0.000640     0.409687  
  1463     0.000638     0.409674  
  1464     0.000635     0.409677  
  1465     0.000633     0.409677  
  1466     0.000630     0.409686  
  1467     0.000627     0.409689  
  1468     0.000625     0.409680  
  1469     0.000622     0.409675  
  1470     0.000620     0.409665  
  1471     0.000618     0.409663  
  1472     0.000615     0.409665  
  1473     0.000613     0.409668  
  1474     0.000611     0.409666  
  1475     0.000609     0.409672  
  1476     0.000607     0.409675  
  1477     0.000605     0.409680  
  1478     0.000603     0.409672  
  1479     0.000600     0.409669  
  1480     0.000598     0.409673  
  1481     0.000596     0.409672  
  1482     0.000593     0.409669  
  1483     0.000591     0.409676  
  1484     0.000588     0.409653  
  1485     0.000586     0.409632  
  1486     0.000584     0.409632  
  1487     0.000582     0.409632  
  1488     0.000579     0.409638  
  1489     0.000577     0.409648  
  1490     0.000574     0.409651  
  1491     0.000572     0.409660  
  1492     0.000570     0.409657  
  1493     0.000568     0.409653  
  1494     0.000566     0.409649  
  1495     0.000564     0.409654  
  1496     0.000561     0.409657  
  1497     0.000559     0.409656  
  1498     0.000557     0.409664  
  1499     0.000555     0.409667  
  1500     0.000553     0.409673  
  1501     0.000551     0.409670  
  1502     0.000549     0.409658  
  1503     0.000547     0.409644  
  1504     0.000545     0.409651  
  1505     0.000543     0.409644  
  1506     0.000541     0.409639  
  1507     0.000539     0.409635  
  1508     0.000537     0.409611  
  1509     0.000535     0.409608  
  1510     0.000533     0.409611  
  1511     0.000531     0.409610  
  1512     0.000529     0.409610  
  1513     0.000527     0.409612  
  1514     0.000525     0.409604  
  1515     0.000522     0.409597  
  1516     0.000520     0.409590  
  1517     0.000519     0.409596  
  1518     0.000516     0.409596  
  1519     0.000514     0.409607  
  1520     0.000512     0.409608  
  1521     0.000510     0.409586  
  1522     0.000508     0.409592  
  1523     0.000506     0.409581  
  1524     0.000504     0.409586  
  1525     0.000503     0.409584  
  1526     0.000501     0.409570  
  1527     0.000499     0.409564  
  1528     0.000497     0.409566  
  1529     0.000495     0.409576  
  1530     0.000493     0.409578  
  1531     0.000491     0.409569  
  1532     0.000489     0.409575  
  1533     0.000487     0.409574  
  1534     0.000485     0.409574  
  1535     0.000483     0.409579  
  1536     0.000481     0.409573  
  1537     0.000480     0.409567  
  1538     0.000478     0.409573  
  1539     0.000476     0.409563  
  1540     0.000474     0.409571  
  1541     0.000472     0.409565  
  1542     0.000471     0.409558  
  1543     0.000469     0.409551  
  1544     0.000467     0.409552  
  1545     0.000465     0.409547  
  1546     0.000463     0.409552  
  1547     0.000461     0.409542  
  1548     0.000460     0.409547  
  1549     0.000458     0.409550  
  1550     0.000456     0.409549  
  1551     0.000454     0.409546  
  1552     0.000453     0.409535  
  1553     0.000451     0.409539  
  1554     0.000449     0.409535  
  1555     0.000447     0.409533  
  1556     0.000445     0.409539  
  1557     0.000444     0.409544  
  1558     0.000442     0.409538  
  1559     0.000440     0.409534  
  1560     0.000439     0.409528  
  1561     0.000437     0.409526  
  1562     0.000435     0.409540  
  1563     0.000434     0.409544  
  1564     0.000432     0.409547  
  1565     0.000430     0.409536  
  1566     0.000428     0.409533  
  1567     0.000427     0.409522  
  1568     0.000425     0.409528  
  1569     0.000424     0.409543  
  1570     0.000422     0.409533  
  1571     0.000420     0.409527  
  1572     0.000419     0.409528  
  1573     0.000417     0.409525  
  1574     0.000415     0.409530  
  1575     0.000414     0.409523  
  1576     0.000412     0.409522  
  1577     0.000411     0.409531  
  1578     0.000409     0.409536  
  1579     0.000407     0.409524  
  1580     0.000406     0.409527  
  1581     0.000404     0.409539  
  1582     0.000402     0.409549  
  1583     0.000401     0.409559  
  1584     0.000399     0.409566  
  1585     0.000398     0.409558  
  1586     0.000396     0.409550  
  1587     0.000395     0.409544  
  1588     0.000394     0.409542  
  1589     0.000392     0.409547  
  1590     0.000390     0.409549  
  1591     0.000389     0.409546  
  1592     0.000387     0.409531  
  1593     0.000386     0.409520  
  1594     0.000385     0.409522  
  1595     0.000383     0.409523  
  1596     0.000382     0.409524  
  1597     0.000380     0.409524  
  1598     0.000379     0.409513  
  1599     0.000377     0.409503  
  1600     0.000376     0.409494  
  1601     0.000374     0.409496  
  1602     0.000373     0.409504  
  1603     0.000371     0.409509  
  1604     0.000370     0.409501  
  1605     0.000368     0.409494  
  1606     0.000367     0.409493  
  1607     0.000365     0.409495  
  1608     0.000364     0.409491  
  1609     0.000363     0.409497  
  1610     0.000361     0.409492  
  1611     0.000360     0.409490  
  1612     0.000358     0.409481  
  1613     0.000357     0.409475  
  1614     0.000356     0.409482  
  1615     0.000354     0.409474  
  1616     0.000353     0.409472  
  1617     0.000352     0.409472  
  1618     0.000350     0.409475  
  1619     0.000349     0.409479  
  1620     0.000347     0.409489  
  1621     0.000346     0.409497  
  1622     0.000345     0.409504  
  1623     0.000344     0.409493  
  1624     0.000342     0.409483  
  1625     0.000341     0.409487  
  1626     0.000340     0.409485  
  1627     0.000338     0.409475  
  1628     0.000337     0.409476  
  1629     0.000335     0.409471  
  1630     0.000334     0.409458  
  1631     0.000333     0.409456  
  1632     0.000331     0.409465  
  1633     0.000330     0.409461  
  1634     0.000329     0.409468  
  1635     0.000328     0.409468  
  1636     0.000326     0.409463  
  1637     0.000325     0.409460  
  1638     0.000324     0.409465  
  1639     0.000323     0.409469  
  1640     0.000321     0.409473  
  1641     0.000320     0.409478  
  1642     0.000319     0.409483  
  1643     0.000318     0.409479  
  1644     0.000317     0.409475  
  1645     0.000315     0.409488  
  1646     0.000314     0.409494  
  1647     0.000313     0.409494  
  1648     0.000312     0.409501  
  1649     0.000311     0.409498  
  1650     0.000310     0.409501  
  1651     0.000308     0.409501  
  1652     0.000307     0.409499  
  1653     0.000306     0.409486  
  1654     0.000305     0.409479  
  1655     0.000304     0.409477  
  1656     0.000302     0.409469  
  1657     0.000301     0.409474  
  1658     0.000300     0.409470  
  1659     0.000299     0.409472  
  1660     0.000298     0.409481  
  1661     0.000297     0.409484  
  1662     0.000296     0.409480  
  1663     0.000294     0.409483  
  1664     0.000293     0.409485  
  1665     0.000292     0.409477  
  1666     0.000291     0.409483  
  1667     0.000290     0.409474  
  1668     0.000289     0.409476  
  1669     0.000288     0.409464  
  1670     0.000287     0.409450  
  1671     0.000285     0.409450  
  1672     0.000284     0.409458  
  1673     0.000283     0.409451  
  1674     0.000282     0.409456  
  1675     0.000281     0.409459  
  1676     0.000280     0.409461  
  1677     0.000279     0.409456  
  1678     0.000278     0.409449  
  1679     0.000277     0.409448  
  1680     0.000276     0.409444  
  1681     0.000275     0.409439  
  1682     0.000274     0.409449  
  1683     0.000273     0.409451  
  1684     0.000271     0.409455  
  1685     0.000270     0.409452  
  1686     0.000269     0.409451  
  1687     0.000268     0.409464  
  1688     0.000267     0.409460  
  1689     0.000266     0.409451  
  1690     0.000265     0.409435  
  1691     0.000264     0.409431  
  1692     0.000263     0.409437  
  1693     0.000262     0.409434  
  1694     0.000261     0.409433  
  1695     0.000260     0.409431  
  1696     0.000259     0.409429  
  1697     0.000258     0.409423  
  1698     0.000257     0.409424  
  1699     0.000256     0.409429  
  1700     0.000255     0.409429  
  1701     0.000254     0.409420  
  1702     0.000253     0.409408  
  1703     0.000252     0.409419  
  1704     0.000251     0.409411  
  1705     0.000251     0.409408  
  1706     0.000249     0.409402  
  1707     0.000248     0.409402  
  1708     0.000248     0.409401  
  1709     0.000247     0.409403  
  1710     0.000246     0.409399  
  1711     0.000245     0.409394  
  1712     0.000244     0.409391  
  1713     0.000243     0.409390  
  1714     0.000242     0.409394  
  1715     0.000241     0.409402  
  1716     0.000240     0.409406  
  1717     0.000239     0.409402  
  1718     0.000239     0.409400  
  1719     0.000238     0.409399  
  1720     0.000237     0.409395  
  1721     0.000236     0.409395  
  1722     0.000235     0.409399  
  1723     0.000234     0.409396  
  1724     0.000233     0.409401  
  1725     0.000233     0.409404  
  1726     0.000232     0.409403  
  1727     0.000231     0.409406  
  1728     0.000230     0.409410  
  1729     0.000229     0.409407  
  1730     0.000228     0.409406  
  1731     0.000228     0.409402  
  1732     0.000227     0.409402  
  1733     0.000226     0.409404  
  1734     0.000225     0.409398  
  1735     0.000224     0.409396  
  1736     0.000223     0.409388  
  1737     0.000222     0.409388  
  1738     0.000221     0.409389  
  1739     0.000220     0.409387  
  1740     0.000220     0.409387  
  1741     0.000219     0.409391  
  1742     0.000218     0.409389  
  1743     0.000217     0.409391  
  1744     0.000216     0.409391  
  1745     0.000215     0.409387  
  1746     0.000215     0.409384  
  1747     0.000214     0.409388  
  1748     0.000213     0.409373  
  1749     0.000212     0.409371  
  1750     0.000211     0.409378  
  1751     0.000211     0.409373  
  1752     0.000210     0.409375  
  1753     0.000209     0.409374  
  1754     0.000208     0.409369  
  1755     0.000207     0.409375  
  1756     0.000207     0.409371  
  1757     0.000206     0.409370  
  1758     0.000205     0.409365  
  1759     0.000204     0.409367  
  1760     0.000203     0.409361  
  1761     0.000203     0.409362  
  1762     0.000202     0.409355  
  1763     0.000201     0.409352  
  1764     0.000200     0.409347  
  1765     0.000199     0.409343  
  1766     0.000199     0.409345  
  1767     0.000198     0.409338  
  1768     0.000197     0.409333  
  1769     0.000197     0.409338  
  1770     0.000196     0.409336  
  1771     0.000195     0.409334  
  1772     0.000194     0.409330  
  1773     0.000194     0.409329  
  1774     0.000193     0.409330  
  1775     0.000192     0.409336  
  1776     0.000191     0.409335  
  1777     0.000191     0.409336  
  1778     0.000190     0.409342  
  1779     0.000189     0.409332  
  1780     0.000188     0.409327  
  1781     0.000188     0.409330  
  1782     0.000187     0.409326  
  1783     0.000186     0.409329  
  1784     0.000185     0.409333  
  1785     0.000185     0.409334  
  1786     0.000184     0.409333  
  1787     0.000183     0.409330  
  1788     0.000183     0.409328  
  1789     0.000182     0.409333  
  1790     0.000181     0.409329  
  1791     0.000180     0.409318  
  1792     0.000180     0.409316  
  1793     0.000179     0.409320  
  1794     0.000178     0.409323  
  1795     0.000178     0.409330  
  1796     0.000177     0.409326  
  1797     0.000177     0.409323  
  1798     0.000176     0.409317  
  1799     0.000175     0.409310  
  1800     0.000175     0.409310  
  1801     0.000174     0.409313  
  1802     0.000173     0.409312  
  1803     0.000173     0.409318  
  1804     0.000172     0.409318  
  1805     0.000171     0.409315  
  1806     0.000171     0.409318  
  1807     0.000170     0.409317  
  1808     0.000169     0.409315  
  1809     0.000169     0.409323  
  1810     0.000168     0.409319  
  1811     0.000168     0.409318  
  1812     0.000167     0.409312  
  1813     0.000166     0.409310  
  1814     0.000166     0.409311  
  1815     0.000165     0.409314  
  1816     0.000164     0.409315  
  1817     0.000164     0.409319  
  1818     0.000163     0.409317  
  1819     0.000163     0.409312  
  1820     0.000162     0.409303  
  1821     0.000161     0.409311  
  1822     0.000161     0.409317  
  1823     0.000160     0.409320  
  1824     0.000159     0.409318  
  1825     0.000159     0.409310  
  1826     0.000158     0.409305  
  1827     0.000158     0.409308  
  1828     0.000157     0.409297  
  1829     0.000156     0.409294  
  1830     0.000156     0.409292  
  1831     0.000155     0.409291  
  1832     0.000155     0.409295  
  1833     0.000154     0.409299  
  1834     0.000153     0.409298  
  1835     0.000153     0.409291  
  1836     0.000152     0.409294  
  1837     0.000152     0.409297  
  1838     0.000151     0.409294  
  1839     0.000150     0.409299  
  1840     0.000150     0.409297  
  1841     0.000149     0.409298  
  1842     0.000149     0.409300  
  1843     0.000148     0.409300  
  1844     0.000147     0.409301  
  1845     0.000147     0.409301  
  1846     0.000146     0.409306  
  1847     0.000146     0.409311  
  1848     0.000145     0.409312  
  1849     0.000145     0.409314  
  1850     0.000144     0.409310  
  1851     0.000144     0.409310  
  1852     0.000143     0.409308  
  1853     0.000143     0.409311  
  1854     0.000142     0.409313  
  1855     0.000142     0.409309  
  1856     0.000141     0.409303  
  1857     0.000140     0.409302  
  1858     0.000140     0.409303  
  1859     0.000139     0.409299  
  1860     0.000139     0.409299  
  1861     0.000138     0.409302  
  1862     0.000138     0.409299  
  1863     0.000137     0.409299  
  1864     0.000137     0.409298  
  1865     0.000136     0.409297  
  1866     0.000136     0.409303  
  1867     0.000135     0.409303  
  1868     0.000135     0.409301  
  1869     0.000134     0.409303  
  1870     0.000134     0.409301  
  1871     0.000133     0.409302  
  1872     0.000133     0.409302  
  1873     0.000132     0.409298  
  1874     0.000132     0.409293  
  1875     0.000131     0.409291  * best
  1876     0.000131     0.409296  
  1877     0.000130     0.409302  
  1878     0.000130     0.409307  
  1879     0.000129     0.409311  
  1880     0.000129     0.409309  
  1881     0.000128     0.409310  
  1882     0.000128     0.409312  
  1883     0.000127     0.409309  
  1884     0.000127     0.409311  
  1885     0.000126     0.409308  
  1886     0.000126     0.409306  
  1887     0.000125     0.409305  
  1888     0.000125     0.409299  
  1889     0.000124     0.409299  
  1890     0.000124     0.409305  
  1891     0.000123     0.409299  
  1892     0.000123     0.409300  
  1893     0.000122     0.409302  
  1894     0.000122     0.409297  
  1895     0.000121     0.409298  
  1896     0.000121     0.409302  
  1897     0.000121     0.409300  
  1898     0.000120     0.409297  
  1899     0.000120     0.409301  
  1900     0.000119     0.409303  
  1901     0.000119     0.409304  
  1902     0.000118     0.409307  
  1903     0.000118     0.409307  
  1904     0.000117     0.409308  
  1905     0.000117     0.409308  
  1906     0.000117     0.409308  
  1907     0.000116     0.409305  
  1908     0.000116     0.409305  
  1909     0.000115     0.409309  
  1910     0.000115     0.409311  
  1911     0.000114     0.409312  
  1912     0.000114     0.409310  
  1913     0.000114     0.409311  
  1914     0.000113     0.409306  
  1915     0.000113     0.409299  
  1916     0.000112     0.409302  
  1917     0.000112     0.409308  
  1918     0.000111     0.409310  
  1919     0.000111     0.409308  
  1920     0.000111     0.409311  
  1921     0.000110     0.409309  
  1922     0.000110     0.409316  
  1923     0.000109     0.409313  
  1924     0.000109     0.409313  
  1925     0.000108     0.409314  
  1926     0.000108     0.409318  
  1927     0.000108     0.409317  
  1928     0.000107     0.409320  
  1929     0.000107     0.409317  
  1930     0.000106     0.409314  
  1931     0.000106     0.409312  
  1932     0.000106     0.409307  
  1933     0.000105     0.409303  
  1934     0.000105     0.409304  
  1935     0.000105     0.409305  
  1936     0.000104     0.409308  
  1937     0.000104     0.409310  
  1938     0.000103     0.409314  
  1939     0.000103     0.409316  
  1940     0.000102     0.409314  
  1941     0.000102     0.409311  
  1942     0.000102     0.409312  
  1943     0.000101     0.409313  
  1944     0.000101     0.409309  
  1945     0.000100     0.409313  
  1946     0.000100     0.409314  
  1947     0.000100     0.409313  
  1948     0.000099     0.409317  
  1949     0.000099     0.409318  
  1950     0.000099     0.409317  
  1951     0.000098     0.409312  
  1952     0.000098     0.409313  
  1953     0.000097     0.409316  
  1954     0.000097     0.409316  
  1955     0.000097     0.409316  
  1956     0.000096     0.409319  
  1957     0.000096     0.409319  
  1958     0.000096     0.409319  
  1959     0.000095     0.409320  
  1960     0.000095     0.409316  
  1961     0.000095     0.409318  
  1962     0.000094     0.409315  
  1963     0.000094     0.409318  
  1964     0.000093     0.409319  
  1965     0.000093     0.409318  
  1966     0.000093     0.409319  
  1967     0.000092     0.409315  
  1968     0.000092     0.409311  
  1969     0.000092     0.409309  
  1970     0.000091     0.409308  
  1971     0.000091     0.409302  
  1972     0.000091     0.409301  
  1973     0.000090     0.409304  
  1974     0.000090     0.409312  
  1975     0.000090     0.409310  
# best iteration 1875 (val l2 0.409291)
# Spearman  train +0.9951  val +0.7754  test +0.7861
