# gbm_seq+boltz+node+edge seed 1
# boosted trees on seq+boltz+node+edge
# inputs 28377, 2,487 trees
# LightGBM gradient-boosted trees, objective l2, lr 0.05, num_leaves 31, min_data_in_leaf 20, feature_fraction 0.3, bagging 0.8, lambda_l2 1.0, up to 3000 rounds, early stopping 100 on validation l2
# loss = l2 on standardised log10 half-life
#
 round        train          val  note
     1     0.964373     0.975662  
     2     0.930079     0.944540  
     3     0.899320     0.916779  
     4     0.869365     0.889134  
     5     0.842111     0.864512  
     6     0.816524     0.842444  
     7     0.792481     0.821334  
     8     0.769309     0.801738  
     9     0.748609     0.783728  
    10     0.729513     0.767402  
    11     0.710747     0.752213  
    12     0.692642     0.735749  
    13     0.677174     0.724026  
    14     0.661298     0.710342  
    15     0.647412     0.698470  
    16     0.633586     0.686945  
    17     0.620697     0.676394  
    18     0.608158     0.667763  
    19     0.595402     0.658165  
    20     0.584126     0.649568  
    21     0.573485     0.640846  
    22     0.562607     0.632821  
    23     0.552610     0.625231  
    24     0.543663     0.618478  
    25     0.534601     0.612237  
    26     0.525828     0.605844  
    27     0.517746     0.600177  
    28     0.509646     0.594743  
    29     0.502264     0.590075  
    30     0.494644     0.583849  
    31     0.487553     0.579025  
    32     0.480869     0.574480  
    33     0.474191     0.570674  
    34     0.468196     0.566851  
    35     0.462545     0.562804  
    36     0.456235     0.558716  
    37     0.450624     0.555144  
    38     0.445323     0.551592  
    39     0.440304     0.548535  
    40     0.435336     0.545745  
    41     0.430545     0.543345  
    42     0.426147     0.541355  
    43     0.421545     0.538915  
    44     0.416853     0.536386  
    45     0.412238     0.533850  
    46     0.408196     0.532093  
    47     0.404226     0.530404  
    48     0.400200     0.528169  
    49     0.395847     0.525943  
    50     0.391389     0.522700  
    51     0.387167     0.520544  
    52     0.383497     0.519246  
    53     0.379810     0.517710  
    54     0.375978     0.516056  
    55     0.372457     0.513902  
    56     0.368762     0.512449  
    57     0.365312     0.510544  
    58     0.361713     0.508482  
    59     0.358472     0.506981  
    60     0.355359     0.505673  
    61     0.352147     0.504027  
    62     0.348740     0.502246  
    63     0.345578     0.500850  
    64     0.342785     0.499568  
    65     0.339776     0.498438  
    66     0.336673     0.496654  
    67     0.333799     0.495492  
    68     0.331091     0.494186  
    69     0.328230     0.493152  
    70     0.325701     0.492332  
    71     0.323137     0.490836  
    72     0.320648     0.489954  
    73     0.317972     0.488658  
    74     0.315141     0.486687  
    75     0.312602     0.485581  
    76     0.310055     0.485031  
    77     0.307547     0.484037  
    78     0.305126     0.482929  
    79     0.302651     0.481885  
    80     0.300132     0.480710  
    81     0.297954     0.480491  
    82     0.295761     0.479027  
    83     0.293392     0.477794  
    84     0.291107     0.476909  
    85     0.288715     0.475998  
    86     0.286490     0.474869  
    87     0.284217     0.473691  
    88     0.282036     0.472525  
    89     0.279873     0.471688  
    90     0.277796     0.470917  
    91     0.275718     0.470006  
    92     0.273723     0.469097  
    93     0.271772     0.468590  
    94     0.269773     0.468079  
    95     0.267722     0.467791  
    96     0.265692     0.467216  
    97     0.263692     0.466338  
    98     0.261713     0.466065  
    99     0.259811     0.465340  
   100     0.257769     0.464861  
   101     0.255997     0.463840  
   102     0.254154     0.462530  
   103     0.252188     0.461556  
   104     0.250375     0.460770  
   105     0.248716     0.460090  
   106     0.247033     0.459463  
   107     0.245286     0.458972  
   108     0.243628     0.457418  
   109     0.242020     0.457106  
   110     0.240374     0.456540  
   111     0.238669     0.455997  
   112     0.236991     0.454865  
   113     0.235235     0.454197  
   114     0.233593     0.453221  
   115     0.231936     0.452547  
   116     0.230201     0.451668  
   117     0.228630     0.450902  
   118     0.226951     0.450599  
   119     0.225324     0.449777  
   120     0.223717     0.449377  
   121     0.222133     0.448911  
   122     0.220607     0.448013  
   123     0.219191     0.447536  
   124     0.217815     0.447069  
   125     0.216311     0.446677  
   126     0.214806     0.445858  
   127     0.213311     0.445579  
   128     0.211838     0.445563  
   129     0.210412     0.444621  
   130     0.208998     0.444268  
   131     0.207652     0.443941  
   132     0.206197     0.443644  
   133     0.204849     0.443238  
   134     0.203498     0.442843  
   135     0.202166     0.442383  
   136     0.200946     0.441801  
   137     0.199580     0.441116  
   138     0.198259     0.440862  
   139     0.196968     0.440666  
   140     0.195766     0.440110  
   141     0.194525     0.440061  
   142     0.193283     0.439732  
   143     0.191910     0.438875  
   144     0.190683     0.438307  
   145     0.189388     0.438070  
   146     0.188258     0.437861  
   147     0.187137     0.437561  
   148     0.185868     0.436958  
   149     0.184704     0.436478  
   150     0.183543     0.435887  
   151     0.182412     0.435356  
   152     0.181345     0.435405  
   153     0.180236     0.434929  
   154     0.179022     0.434261  
   155     0.177856     0.433906  
   156     0.176709     0.433360  
   157     0.175586     0.433102  
   158     0.174485     0.432857  
   159     0.173430     0.432822  
   160     0.172310     0.432388  
   161     0.171235     0.432218  
   162     0.170122     0.432161  
   163     0.169022     0.432112  
   164     0.168053     0.432009  
   165     0.166975     0.431554  
   166     0.165954     0.431547  
   167     0.164973     0.431382  
   168     0.164060     0.431519  
   169     0.163107     0.431440  
   170     0.162156     0.431557  
   171     0.161197     0.431362  
   172     0.160256     0.431008  
   173     0.159293     0.430485  
   174     0.158341     0.430259  
   175     0.157374     0.430216  
   176     0.156434     0.429917  
   177     0.155490     0.429785  
   178     0.154516     0.429515  
   179     0.153553     0.429495  
   180     0.152631     0.429082  
   181     0.151743     0.428757  
   182     0.150909     0.428464  
   183     0.150001     0.428011  
   184     0.149095     0.427686  
   185     0.148235     0.427321  
   186     0.147278     0.426902  
   187     0.146392     0.426377  
   188     0.145554     0.426364  
   189     0.144669     0.426077  
   190     0.143787     0.426064  
   191     0.142896     0.425959  
   192     0.142080     0.425724  
   193     0.141271     0.425684  
   194     0.140398     0.425382  
   195     0.139577     0.425449  
   196     0.138770     0.425328  
   197     0.137958     0.425088  
   198     0.137138     0.424924  
   199     0.136369     0.424437  
   200     0.135583     0.424190  
   201     0.134791     0.423915  
   202     0.134047     0.423705  
   203     0.133302     0.423443  
   204     0.132519     0.423379  
   205     0.131763     0.423073  
   206     0.130977     0.422865  
   207     0.130214     0.422653  
   208     0.129489     0.422495  
   209     0.128802     0.422386  
   210     0.128112     0.421714  
   211     0.127359     0.421395  
   212     0.126630     0.421280  
   213     0.125915     0.420968  
   214     0.125191     0.420898  
   215     0.124495     0.420808  
   216     0.123778     0.420923  
   217     0.122986     0.420864  
   218     0.122277     0.420705  
   219     0.121567     0.420490  
   220     0.120826     0.420339  
   221     0.120174     0.420335  
   222     0.119556     0.420201  
   223     0.118858     0.420027  
   224     0.118234     0.419588  
   225     0.117588     0.419253  
   226     0.116926     0.419121  
   227     0.116279     0.419079  
   228     0.115566     0.418671  
   229     0.114915     0.418534  
   230     0.114225     0.418468  
   231     0.113588     0.418373  
   232     0.112976     0.418081  
   233     0.112365     0.417996  
   234     0.111721     0.417675  
   235     0.111114     0.417746  
   236     0.110533     0.417733  
   237     0.109876     0.417413  
   238     0.109286     0.417364  
   239     0.108686     0.417333  
   240     0.108128     0.417283  
   241     0.107557     0.417171  
   242     0.106970     0.417092  
   243     0.106308     0.416991  
   244     0.105719     0.416628  
   245     0.105109     0.416147  
   246     0.104557     0.416147  
   247     0.103982     0.416056  
   248     0.103451     0.415819  
   249     0.102887     0.415692  
   250     0.102328     0.415744  
   251     0.101732     0.415603  
   252     0.101149     0.415048  
   253     0.100589     0.414700  
   254     0.100012     0.414534  
   255     0.099472     0.414442  
   256     0.098949     0.414414  
   257     0.098392     0.414303  
   258     0.097845     0.414022  
   259     0.097329     0.413967  
   260     0.096793     0.414120  
   261     0.096307     0.414080  
   262     0.095783     0.413999  
   263     0.095284     0.413846  
   264     0.094705     0.413751  
   265     0.094182     0.413518  
   266     0.093678     0.413449  
   267     0.093167     0.413422  
   268     0.092662     0.413306  
   269     0.092178     0.413211  
   270     0.091700     0.412911  
   271     0.091245     0.413116  
   272     0.090773     0.412789  
   273     0.090249     0.412566  
   274     0.089734     0.412239  
   275     0.089284     0.412265  
   276     0.088774     0.412147  
   277     0.088283     0.412267  
   278     0.087810     0.412269  
   279     0.087341     0.412213  
   280     0.086871     0.412320  
   281     0.086424     0.412119  
   282     0.085981     0.411888  
   283     0.085524     0.411722  
   284     0.085056     0.411711  
   285     0.084570     0.411468  
   286     0.084123     0.411351  
   287     0.083679     0.411217  
   288     0.083231     0.411171  
   289     0.082787     0.411176  
   290     0.082329     0.411052  
   291     0.081916     0.410957  
   292     0.081483     0.410604  
   293     0.081046     0.410335  
   294     0.080656     0.410214  
   295     0.080226     0.410216  
   296     0.079792     0.410005  
   297     0.079360     0.409842  
   298     0.078973     0.409704  
   299     0.078555     0.409612  
   300     0.078122     0.409465  
   301     0.077710     0.409432  
   302     0.077285     0.409491  
   303     0.076919     0.409514  
   304     0.076491     0.409334  
   305     0.076118     0.409293  
   306     0.075704     0.409297  
   307     0.075299     0.409097  
   308     0.074910     0.409032  
   309     0.074507     0.409006  
   310     0.074115     0.408944  
   311     0.073748     0.408913  
   312     0.073365     0.408806  
   313     0.073007     0.408753  
   314     0.072624     0.408637  
   315     0.072241     0.408593  
   316     0.071852     0.408536  
   317     0.071467     0.408456  
   318     0.071115     0.408552  
   319     0.070785     0.408334  
   320     0.070411     0.407989  
   321     0.070041     0.408082  
   322     0.069673     0.408036  
   323     0.069336     0.407984  
   324     0.068972     0.408066  
   325     0.068623     0.407978  
   326     0.068243     0.408052  
   327     0.067876     0.408034  
   328     0.067541     0.408108  
   329     0.067156     0.407953  
   330     0.066808     0.407700  
   331     0.066454     0.407601  
   332     0.066097     0.407601  
   333     0.065744     0.407484  
   334     0.065425     0.407390  
   335     0.065104     0.407285  
   336     0.064776     0.407327  
   337     0.064432     0.407587  
   338     0.064114     0.407723  
   339     0.063806     0.407752  
   340     0.063477     0.407566  
   341     0.063156     0.407402  
   342     0.062843     0.407408  
   343     0.062515     0.407296  
   344     0.062206     0.407206  
   345     0.061908     0.407141  
   346     0.061601     0.407271  
   347     0.061269     0.407176  
   348     0.060945     0.407212  
   349     0.060640     0.407390  
   350     0.060348     0.407412  
   351     0.060032     0.407328  
   352     0.059729     0.407292  
   353     0.059396     0.407192  
   354     0.059131     0.407198  
   355     0.058817     0.407151  
   356     0.058531     0.407036  
   357     0.058238     0.406981  
   358     0.057947     0.406858  
   359     0.057625     0.406877  
   360     0.057314     0.406827  
   361     0.056999     0.406859  
   362     0.056691     0.407007  
   363     0.056401     0.407005  
   364     0.056141     0.406947  
   365     0.055847     0.406924  
   366     0.055586     0.406855  
   367     0.055281     0.406933  
   368     0.055020     0.406830  
   369     0.054738     0.406677  
   370     0.054445     0.406631  
   371     0.054169     0.406560  
   372     0.053888     0.406567  
   373     0.053606     0.406592  
   374     0.053344     0.406510  
   375     0.053097     0.406489  
   376     0.052822     0.406311  
   377     0.052588     0.406329  
   378     0.052336     0.406073  
   379     0.052095     0.406010  
   380     0.051832     0.405914  
   381     0.051579     0.405903  
   382     0.051337     0.405993  
   383     0.051099     0.405930  
   384     0.050848     0.405921  
   385     0.050592     0.405780  
   386     0.050347     0.405659  
   387     0.050103     0.405698  
   388     0.049858     0.405553  
   389     0.049604     0.405695  
   390     0.049342     0.405457  
   391     0.049095     0.405333  
   392     0.048829     0.405255  
   393     0.048580     0.405169  
   394     0.048335     0.405169  
   395     0.048085     0.405030  
   396     0.047841     0.404877  
   397     0.047608     0.404787  
   398     0.047377     0.404867  
   399     0.047135     0.404945  
   400     0.046891     0.404904  
   401     0.046660     0.404923  
   402     0.046417     0.404862  
   403     0.046171     0.404860  
   404     0.045957     0.404703  
   405     0.045733     0.404762  
   406     0.045509     0.404843  
   407     0.045255     0.404742  
   408     0.045025     0.404708  
   409     0.044805     0.404685  
   410     0.044599     0.404725  
   411     0.044387     0.404679  
   412     0.044157     0.404376  
   413     0.043922     0.404369  
   414     0.043695     0.404268  
   415     0.043475     0.404273  
   416     0.043267     0.404323  
   417     0.043065     0.404421  
   418     0.042852     0.404351  
   419     0.042641     0.404369  
   420     0.042427     0.404351  
   421     0.042235     0.404362  
   422     0.042023     0.404165  
   423     0.041810     0.404184  
   424     0.041607     0.404154  
   425     0.041404     0.404261  
   426     0.041194     0.404182  
   427     0.041008     0.404062  
   428     0.040801     0.404022  
   429     0.040619     0.403961  
   430     0.040428     0.403977  
   431     0.040224     0.403847  
   432     0.040032     0.403760  
   433     0.039834     0.403736  
   434     0.039621     0.403668  
   435     0.039423     0.403700  
   436     0.039232     0.403680  
   437     0.039052     0.403651  
   438     0.038865     0.403539  
   439     0.038684     0.403689  
   440     0.038511     0.403690  
   441     0.038317     0.403689  
   442     0.038129     0.403721  
   443     0.037946     0.403637  
   444     0.037759     0.403675  
   445     0.037592     0.403616  
   446     0.037411     0.403647  
   447     0.037239     0.403665  
   448     0.037061     0.403508  
   449     0.036885     0.403565  
   450     0.036698     0.403556  
   451     0.036533     0.403599  
   452     0.036333     0.403466  
   453     0.036154     0.403373  
   454     0.035975     0.403260  
   455     0.035804     0.403216  
   456     0.035628     0.403238  
   457     0.035447     0.403023  
   458     0.035291     0.402972  
   459     0.035109     0.402864  
   460     0.034937     0.402838  
   461     0.034770     0.402750  
   462     0.034592     0.402800  
   463     0.034430     0.402744  
   464     0.034274     0.402577  
   465     0.034111     0.402542  
   466     0.033936     0.402420  
   467     0.033771     0.402366  
   468     0.033606     0.402373  
   469     0.033443     0.402314  
   470     0.033289     0.402193  
   471     0.033119     0.402216  
   472     0.032961     0.402209  
   473     0.032793     0.402237  
   474     0.032654     0.402278  
   475     0.032478     0.402218  
   476     0.032319     0.402187  
   477     0.032146     0.402068  
   478     0.031976     0.402094  
   479     0.031808     0.402123  
   480     0.031643     0.402196  
   481     0.031480     0.402220  
   482     0.031334     0.402239  
   483     0.031179     0.402321  
   484     0.031032     0.402374  
   485     0.030869     0.402421  
   486     0.030709     0.402325  
   487     0.030561     0.402326  
   488     0.030416     0.402229  
   489     0.030276     0.402161  
   490     0.030137     0.402142  
   491     0.029976     0.402058  
   492     0.029840     0.401912  
   493     0.029695     0.401856  
   494     0.029553     0.401819  
   495     0.029410     0.401737  
   496     0.029284     0.401744  
   497     0.029144     0.401856  
   498     0.029003     0.401733  
   499     0.028871     0.401734  
   500     0.028720     0.401626  
   501     0.028595     0.401654  
   502     0.028462     0.401533  
   503     0.028330     0.401560  
   504     0.028213     0.401559  
   505     0.028082     0.401568  
   506     0.027946     0.401579  
   507     0.027807     0.401605  
   508     0.027672     0.401568  
   509     0.027541     0.401496  
   510     0.027399     0.401432  
   511     0.027281     0.401468  
   512     0.027148     0.401413  
   513     0.027024     0.401448  
   514     0.026898     0.401495  
   515     0.026769     0.401389  
   516     0.026635     0.401418  
   517     0.026510     0.401483  
   518     0.026384     0.401436  
   519     0.026253     0.401486  
   520     0.026108     0.401385  
   521     0.025976     0.401427  
   522     0.025845     0.401443  
   523     0.025717     0.401420  
   524     0.025596     0.401324  
   525     0.025472     0.401296  
   526     0.025350     0.401230  
   527     0.025227     0.401276  
   528     0.025109     0.401133  
   529     0.024993     0.401100  
   530     0.024878     0.401092  
   531     0.024761     0.401022  
   532     0.024644     0.401049  
   533     0.024536     0.401062  
   534     0.024431     0.401061  
   535     0.024324     0.401027  
   536     0.024226     0.400927  
   537     0.024110     0.400842  
   538     0.023989     0.400832  
   539     0.023885     0.400754  
   540     0.023768     0.400634  
   541     0.023658     0.400637  
   542     0.023544     0.400643  
   543     0.023437     0.400577  
   544     0.023338     0.400581  
   545     0.023231     0.400444  
   546     0.023117     0.400455  
   547     0.023006     0.400514  
   548     0.022904     0.400599  
   549     0.022795     0.400533  
   550     0.022692     0.400527  
   551     0.022594     0.400486  
   552     0.022488     0.400394  
   553     0.022389     0.400387  
   554     0.022273     0.400399  
   555     0.022166     0.400410  
   556     0.022064     0.400333  
   557     0.021964     0.400298  
   558     0.021870     0.400308  
   559     0.021773     0.400401  
   560     0.021677     0.400353  
   561     0.021573     0.400430  
   562     0.021462     0.400242  
   563     0.021359     0.400238  
   564     0.021250     0.400289  
   565     0.021152     0.400247  
   566     0.021056     0.400182  
   567     0.020967     0.400134  
   568     0.020869     0.400165  
   569     0.020768     0.400121  
   570     0.020671     0.400238  
   571     0.020571     0.400198  
   572     0.020478     0.400112  
   573     0.020380     0.400157  
   574     0.020282     0.400167  
   575     0.020193     0.400152  
   576     0.020097     0.400089  
   577     0.020004     0.400070  
   578     0.019908     0.400077  
   579     0.019807     0.400043  
   580     0.019722     0.400012  
   581     0.019622     0.400072  
   582     0.019525     0.400122  
   583     0.019441     0.400097  
   584     0.019342     0.400040  
   585     0.019257     0.399955  
   586     0.019174     0.399958  
   587     0.019079     0.399967  
   588     0.018993     0.399990  
   589     0.018913     0.399923  
   590     0.018818     0.399876  
   591     0.018731     0.399810  
   592     0.018649     0.399738  
   593     0.018568     0.399753  
   594     0.018479     0.399835  
   595     0.018401     0.399757  
   596     0.018313     0.399800  
   597     0.018220     0.399785  
   598     0.018140     0.399778  
   599     0.018053     0.399737  
   600     0.017974     0.399730  
   601     0.017888     0.399751  
   602     0.017806     0.399692  
   603     0.017723     0.399715  
   604     0.017644     0.399760  
   605     0.017549     0.399707  
   606     0.017474     0.399719  
   607     0.017397     0.399685  
   608     0.017313     0.399688  
   609     0.017238     0.399691  
   610     0.017162     0.399699  
   611     0.017080     0.399710  
   612     0.017005     0.399680  
   613     0.016925     0.399640  
   614     0.016848     0.399609  
   615     0.016770     0.399609  
   616     0.016696     0.399595  
   617     0.016616     0.399594  
   618     0.016539     0.399600  
   619     0.016458     0.399477  
   620     0.016375     0.399414  
   621     0.016299     0.399369  
   622     0.016221     0.399282  
   623     0.016150     0.399242  
   624     0.016084     0.399252  
   625     0.016008     0.399233  
   626     0.015929     0.399168  
   627     0.015845     0.399102  
   628     0.015774     0.399246  
   629     0.015703     0.399277  
   630     0.015627     0.399304  
   631     0.015557     0.399327  
   632     0.015489     0.399278  
   633     0.015417     0.399305  
   634     0.015353     0.399311  
   635     0.015288     0.399306  
   636     0.015213     0.399267  
   637     0.015140     0.399251  
   638     0.015068     0.399218  
   639     0.015007     0.399142  
   640     0.014942     0.399160  
   641     0.014876     0.399194  
   642     0.014803     0.399189  
   643     0.014739     0.399182  
   644     0.014672     0.399218  
   645     0.014604     0.399201  
   646     0.014534     0.399266  
   647     0.014467     0.399166  
   648     0.014394     0.399074  
   649     0.014330     0.398982  
   650     0.014266     0.398993  
   651     0.014207     0.399002  
   652     0.014139     0.398947  
   653     0.014077     0.398903  
   654     0.014020     0.398945  
   655     0.013961     0.398936  
   656     0.013891     0.398943  
   657     0.013829     0.398987  
   658     0.013771     0.398968  
   659     0.013710     0.398927  
   660     0.013640     0.398819  
   661     0.013575     0.398802  
   662     0.013512     0.398838  
   663     0.013451     0.398841  
   664     0.013390     0.398834  
   665     0.013328     0.398791  
   666     0.013271     0.398814  
   667     0.013208     0.398845  
   668     0.013150     0.398902  
   669     0.013086     0.398919  
   670     0.013032     0.398927  
   671     0.012977     0.398937  
   672     0.012922     0.398850  
   673     0.012866     0.398899  
   674     0.012812     0.398923  
   675     0.012752     0.399023  
   676     0.012693     0.398989  
   677     0.012633     0.398962  
   678     0.012577     0.398961  
   679     0.012523     0.398813  
   680     0.012470     0.398791  
   681     0.012416     0.398782  
   682     0.012366     0.398773  
   683     0.012312     0.398789  
   684     0.012254     0.398836  
   685     0.012201     0.398819  
   686     0.012150     0.398728  
   687     0.012099     0.398681  
   688     0.012046     0.398716  
   689     0.011987     0.398735  
   690     0.011936     0.398733  
   691     0.011883     0.398798  
   692     0.011830     0.398813  
   693     0.011778     0.398791  
   694     0.011731     0.398731  
   695     0.011680     0.398708  
   696     0.011627     0.398653  
   697     0.011576     0.398562  
   698     0.011525     0.398564  
   699     0.011473     0.398509  
   700     0.011428     0.398430  
   701     0.011381     0.398440  
   702     0.011336     0.398452  
   703     0.011281     0.398485  
   704     0.011232     0.398446  
   705     0.011186     0.398432  
   706     0.011132     0.398450  
   707     0.011081     0.398460  
   708     0.011028     0.398468  
   709     0.010978     0.398358  
   710     0.010924     0.398242  
   711     0.010870     0.398218  
   712     0.010820     0.398190  
   713     0.010765     0.398127  
   714     0.010717     0.398070  
   715     0.010667     0.397963  
   716     0.010625     0.397957  
   717     0.010577     0.397935  
   718     0.010536     0.397894  
   719     0.010491     0.397893  
   720     0.010440     0.397890  
   721     0.010396     0.397891  
   722     0.010354     0.397903  
   723     0.010303     0.397909  
   724     0.010255     0.397914  
   725     0.010210     0.397839  
   726     0.010164     0.397933  
   727     0.010120     0.397961  
   728     0.010079     0.397963  
   729     0.010036     0.397989  
   730     0.009993     0.397995  
   731     0.009954     0.397979  
   732     0.009911     0.397975  
   733     0.009870     0.397974  
   734     0.009827     0.397908  
   735     0.009783     0.397881  
   736     0.009737     0.397880  
   737     0.009692     0.397937  
   738     0.009650     0.397917  
   739     0.009610     0.397913  
   740     0.009566     0.397912  
   741     0.009521     0.397854  
   742     0.009480     0.397853  
   743     0.009438     0.397814  
   744     0.009395     0.397833  
   745     0.009351     0.397811  
   746     0.009305     0.397776  
   747     0.009261     0.397801  
   748     0.009222     0.397716  
   749     0.009178     0.397705  
   750     0.009133     0.397670  
   751     0.009094     0.397655  
   752     0.009054     0.397651  
   753     0.009008     0.397601  
   754     0.008971     0.397592  
   755     0.008928     0.397632  
   756     0.008889     0.397637  
   757     0.008849     0.397622  
   758     0.008810     0.397594  
   759     0.008770     0.397579  
   760     0.008736     0.397542  
   761     0.008695     0.397551  
   762     0.008655     0.397473  
   763     0.008615     0.397499  
   764     0.008576     0.397506  
   765     0.008539     0.397479  
   766     0.008502     0.397473  
   767     0.008463     0.397443  
   768     0.008420     0.397439  
   769     0.008382     0.397426  
   770     0.008349     0.397411  
   771     0.008311     0.397473  
   772     0.008273     0.397396  
   773     0.008237     0.397393  
   774     0.008200     0.397395  
   775     0.008165     0.397354  
   776     0.008127     0.397300  
   777     0.008092     0.397240  
   778     0.008053     0.397246  
   779     0.008020     0.397238  
   780     0.007983     0.397206  
   781     0.007950     0.397198  
   782     0.007919     0.397183  
   783     0.007883     0.397166  
   784     0.007845     0.397150  
   785     0.007810     0.397094  
   786     0.007777     0.397093  
   787     0.007743     0.397016  
   788     0.007711     0.396991  
   789     0.007681     0.396994  
   790     0.007642     0.396970  
   791     0.007610     0.396962  
   792     0.007576     0.396967  
   793     0.007543     0.396941  
   794     0.007507     0.396972  
   795     0.007473     0.396976  
   796     0.007440     0.397056  
   797     0.007406     0.397090  
   798     0.007370     0.397074  
   799     0.007337     0.397127  
   800     0.007304     0.397135  
   801     0.007275     0.397110  
   802     0.007240     0.397106  
   803     0.007211     0.397056  
   804     0.007176     0.397029  
   805     0.007147     0.397030  
   806     0.007119     0.397016  
   807     0.007086     0.397009  
   808     0.007054     0.397026  
   809     0.007023     0.397019  
   810     0.006993     0.397028  
   811     0.006966     0.397007  
   812     0.006939     0.396981  
   813     0.006912     0.396975  
   814     0.006881     0.396940  
   815     0.006850     0.396956  
   816     0.006819     0.396914  
   817     0.006790     0.396848  
   818     0.006759     0.396824  
   819     0.006728     0.396844  
   820     0.006699     0.396827  
   821     0.006667     0.396803  
   822     0.006638     0.396806  
   823     0.006610     0.396735  
   824     0.006580     0.396777  
   825     0.006552     0.396743  
   826     0.006525     0.396715  
   827     0.006498     0.396674  
   828     0.006472     0.396679  
   829     0.006442     0.396740  
   830     0.006416     0.396716  
   831     0.006388     0.396716  
   832     0.006360     0.396780  
   833     0.006334     0.396760  
   834     0.006309     0.396765  
   835     0.006285     0.396798  
   836     0.006259     0.396766  
   837     0.006233     0.396741  
   838     0.006210     0.396712  
   839     0.006184     0.396673  
   840     0.006157     0.396624  
   841     0.006131     0.396623  
   842     0.006103     0.396572  
   843     0.006075     0.396575  
   844     0.006046     0.396580  
   845     0.006018     0.396592  
   846     0.005994     0.396557  
   847     0.005968     0.396570  
   848     0.005942     0.396564  
   849     0.005916     0.396594  
   850     0.005889     0.396583  
   851     0.005861     0.396546  
   852     0.005835     0.396530  
   853     0.005809     0.396513  
   854     0.005784     0.396485  
   855     0.005758     0.396492  
   856     0.005734     0.396479  
   857     0.005710     0.396504  
   858     0.005684     0.396476  
   859     0.005657     0.396478  
   860     0.005630     0.396480  
   861     0.005610     0.396472  
   862     0.005582     0.396418  
   863     0.005559     0.396395  
   864     0.005533     0.396369  
   865     0.005509     0.396383  
   866     0.005484     0.396415  
   867     0.005461     0.396426  
   868     0.005435     0.396438  
   869     0.005412     0.396479  
   870     0.005389     0.396468  
   871     0.005366     0.396456  
   872     0.005342     0.396512  
   873     0.005319     0.396535  
   874     0.005296     0.396533  
   875     0.005274     0.396548  
   876     0.005251     0.396569  
   877     0.005230     0.396549  
   878     0.005210     0.396551  
   879     0.005188     0.396544  
   880     0.005165     0.396483  
   881     0.005142     0.396473  
   882     0.005119     0.396458  
   883     0.005095     0.396463  
   884     0.005071     0.396481  
   885     0.005050     0.396483  
   886     0.005028     0.396513  
   887     0.005007     0.396513  
   888     0.004984     0.396531  
   889     0.004961     0.396498  
   890     0.004939     0.396485  
   891     0.004920     0.396498  
   892     0.004898     0.396498  
   893     0.004875     0.396483  
   894     0.004856     0.396483  
   895     0.004836     0.396484  
   896     0.004816     0.396498  
   897     0.004797     0.396520  
   898     0.004778     0.396506  
   899     0.004757     0.396512  
   900     0.004736     0.396510  
   901     0.004715     0.396501  
   902     0.004693     0.396504  
   903     0.004674     0.396537  
   904     0.004651     0.396508  
   905     0.004632     0.396536  
   906     0.004612     0.396501  
   907     0.004593     0.396514  
   908     0.004574     0.396487  
   909     0.004554     0.396476  
   910     0.004534     0.396481  
   911     0.004517     0.396473  
   912     0.004498     0.396475  
   913     0.004480     0.396456  
   914     0.004460     0.396446  
   915     0.004441     0.396406  
   916     0.004420     0.396422  
   917     0.004402     0.396413  
   918     0.004384     0.396367  
   919     0.004362     0.396357  
   920     0.004344     0.396344  
   921     0.004326     0.396354  
   922     0.004307     0.396379  
   923     0.004288     0.396355  
   924     0.004270     0.396375  
   925     0.004251     0.396382  
   926     0.004234     0.396396  
   927     0.004217     0.396402  
   928     0.004202     0.396407  
   929     0.004185     0.396410  
   930     0.004166     0.396385  
   931     0.004147     0.396376  
   932     0.004132     0.396371  
   933     0.004116     0.396374  
   934     0.004099     0.396366  
   935     0.004083     0.396354  
   936     0.004065     0.396349  
   937     0.004047     0.396327  
   938     0.004029     0.396356  
   939     0.004013     0.396345  
   940     0.003995     0.396345  
   941     0.003978     0.396334  
   942     0.003959     0.396307  
   943     0.003944     0.396303  
   944     0.003927     0.396267  
   945     0.003909     0.396234  
   946     0.003893     0.396214  
   947     0.003876     0.396233  
   948     0.003859     0.396211  
   949     0.003845     0.396196  
   950     0.003828     0.396176  
   951     0.003811     0.396193  
   952     0.003796     0.396171  
   953     0.003779     0.396166  
   954     0.003763     0.396143  
   955     0.003747     0.396130  
   956     0.003731     0.396116  
   957     0.003715     0.396130  
   958     0.003701     0.396121  
   959     0.003685     0.396096  
   960     0.003668     0.396087  
   961     0.003652     0.396055  
   962     0.003634     0.396035  
   963     0.003619     0.396004  
   964     0.003605     0.396000  
   965     0.003590     0.395994  
   966     0.003576     0.396013  
   967     0.003560     0.396014  
   968     0.003545     0.396021  
   969     0.003528     0.396040  
   970     0.003514     0.396055  
   971     0.003498     0.396050  
   972     0.003483     0.396048  
   973     0.003467     0.396030  
   974     0.003451     0.396058  
   975     0.003436     0.396067  
   976     0.003421     0.396078  
   977     0.003407     0.396071  
   978     0.003392     0.396053  
   979     0.003378     0.396091  
   980     0.003365     0.396065  
   981     0.003350     0.396069  
   982     0.003335     0.396082  
   983     0.003319     0.396108  
   984     0.003304     0.396113  
   985     0.003290     0.396117  
   986     0.003277     0.396090  
   987     0.003261     0.396117  
   988     0.003246     0.396107  
   989     0.003234     0.396092  
   990     0.003221     0.396084  
   991     0.003207     0.396099  
   992     0.003194     0.396102  
   993     0.003181     0.396106  
   994     0.003167     0.396068  
   995     0.003153     0.396065  
   996     0.003138     0.396085  
   997     0.003125     0.396063  
   998     0.003111     0.396046  
   999     0.003098     0.396003  
  1000     0.003085     0.395985  
  1001     0.003072     0.395962  
  1002     0.003059     0.395970  
  1003     0.003046     0.395953  
  1004     0.003033     0.395912  
  1005     0.003020     0.395908  
  1006     0.003008     0.395895  
  1007     0.002995     0.395893  
  1008     0.002982     0.395884  
  1009     0.002969     0.395870  
  1010     0.002956     0.395867  
  1011     0.002944     0.395851  
  1012     0.002931     0.395830  
  1013     0.002919     0.395824  
  1014     0.002907     0.395800  
  1015     0.002894     0.395808  
  1016     0.002882     0.395773  
  1017     0.002869     0.395786  
  1018     0.002857     0.395771  
  1019     0.002847     0.395777  
  1020     0.002836     0.395757  
  1021     0.002824     0.395751  
  1022     0.002813     0.395778  
  1023     0.002801     0.395785  
  1024     0.002790     0.395759  
  1025     0.002777     0.395762  
  1026     0.002766     0.395737  
  1027     0.002755     0.395746  
  1028     0.002743     0.395743  
  1029     0.002732     0.395727  
  1030     0.002721     0.395734  
  1031     0.002710     0.395712  
  1032     0.002699     0.395696  
  1033     0.002688     0.395706  
  1034     0.002677     0.395715  
  1035     0.002666     0.395710  
  1036     0.002656     0.395710  
  1037     0.002646     0.395724  
  1038     0.002635     0.395700  
  1039     0.002624     0.395689  
  1040     0.002611     0.395650  
  1041     0.002601     0.395655  
  1042     0.002590     0.395624  
  1043     0.002579     0.395639  
  1044     0.002567     0.395639  
  1045     0.002556     0.395659  
  1046     0.002546     0.395668  
  1047     0.002535     0.395666  
  1048     0.002525     0.395665  
  1049     0.002515     0.395665  
  1050     0.002504     0.395669  
  1051     0.002493     0.395646  
  1052     0.002482     0.395625  
  1053     0.002472     0.395607  
  1054     0.002460     0.395604  
  1055     0.002448     0.395635  
  1056     0.002439     0.395645  
  1057     0.002430     0.395665  
  1058     0.002418     0.395661  
  1059     0.002409     0.395650  
  1060     0.002398     0.395667  
  1061     0.002387     0.395667  
  1062     0.002376     0.395694  
  1063     0.002365     0.395709  
  1064     0.002354     0.395678  
  1065     0.002344     0.395684  
  1066     0.002335     0.395647  
  1067     0.002325     0.395650  
  1068     0.002316     0.395641  
  1069     0.002306     0.395651  
  1070     0.002296     0.395618  
  1071     0.002286     0.395601  
  1072     0.002276     0.395568  
  1073     0.002265     0.395571  
  1074     0.002256     0.395572  
  1075     0.002245     0.395569  
  1076     0.002235     0.395577  
  1077     0.002227     0.395598  
  1078     0.002217     0.395582  
  1079     0.002208     0.395589  
  1080     0.002197     0.395568  
  1081     0.002188     0.395593  
  1082     0.002178     0.395582  
  1083     0.002168     0.395600  
  1084     0.002159     0.395597  
  1085     0.002149     0.395581  
  1086     0.002140     0.395581  
  1087     0.002132     0.395585  
  1088     0.002123     0.395584  
  1089     0.002113     0.395549  
  1090     0.002104     0.395537  
  1091     0.002095     0.395546  
  1092     0.002086     0.395539  
  1093     0.002076     0.395542  
  1094     0.002067     0.395550  
  1095     0.002057     0.395566  
  1096     0.002049     0.395560  
  1097     0.002040     0.395562  
  1098     0.002030     0.395546  
  1099     0.002020     0.395533  
  1100     0.002012     0.395523  
  1101     0.002004     0.395516  
  1102     0.001996     0.395523  
  1103     0.001988     0.395532  
  1104     0.001979     0.395540  
  1105     0.001971     0.395548  
  1106     0.001963     0.395535  
  1107     0.001955     0.395534  
  1108     0.001947     0.395531  
  1109     0.001938     0.395512  
  1110     0.001930     0.395502  
  1111     0.001921     0.395532  
  1112     0.001913     0.395533  
  1113     0.001905     0.395535  
  1114     0.001897     0.395524  
  1115     0.001889     0.395503  
  1116     0.001882     0.395481  
  1117     0.001874     0.395459  
  1118     0.001867     0.395459  
  1119     0.001858     0.395467  
  1120     0.001850     0.395477  
  1121     0.001842     0.395479  
  1122     0.001834     0.395484  
  1123     0.001825     0.395482  
  1124     0.001818     0.395491  
  1125     0.001810     0.395495  
  1126     0.001803     0.395475  
  1127     0.001794     0.395484  
  1128     0.001788     0.395477  
  1129     0.001780     0.395484  
  1130     0.001772     0.395485  
  1131     0.001764     0.395502  
  1132     0.001757     0.395500  
  1133     0.001751     0.395487  
  1134     0.001744     0.395482  
  1135     0.001735     0.395460  
  1136     0.001727     0.395468  
  1137     0.001719     0.395431  
  1138     0.001711     0.395446  
  1139     0.001704     0.395442  
  1140     0.001696     0.395402  
  1141     0.001688     0.395386  
  1142     0.001681     0.395388  
  1143     0.001674     0.395390  
  1144     0.001668     0.395395  
  1145     0.001661     0.395396  
  1146     0.001654     0.395410  
  1147     0.001647     0.395414  
  1148     0.001640     0.395414  
  1149     0.001634     0.395398  
  1150     0.001627     0.395376  
  1151     0.001620     0.395358  
  1152     0.001613     0.395361  
  1153     0.001606     0.395354  
  1154     0.001599     0.395368  
  1155     0.001593     0.395367  
  1156     0.001587     0.395359  
  1157     0.001580     0.395364  
  1158     0.001574     0.395365  
  1159     0.001567     0.395364  
  1160     0.001561     0.395341  
  1161     0.001553     0.395332  
  1162     0.001547     0.395350  
  1163     0.001540     0.395350  
  1164     0.001533     0.395341  
  1165     0.001527     0.395344  
  1166     0.001521     0.395365  
  1167     0.001516     0.395376  
  1168     0.001509     0.395389  
  1169     0.001503     0.395384  
  1170     0.001497     0.395399  
  1171     0.001491     0.395395  
  1172     0.001485     0.395409  
  1173     0.001479     0.395390  
  1174     0.001472     0.395382  
  1175     0.001466     0.395388  
  1176     0.001460     0.395394  
  1177     0.001454     0.395376  
  1178     0.001447     0.395386  
  1179     0.001441     0.395397  
  1180     0.001435     0.395381  
  1181     0.001429     0.395382  
  1182     0.001423     0.395367  
  1183     0.001417     0.395370  
  1184     0.001411     0.395363  
  1185     0.001406     0.395341  
  1186     0.001399     0.395350  
  1187     0.001394     0.395344  
  1188     0.001388     0.395345  
  1189     0.001382     0.395312  
  1190     0.001377     0.395303  
  1191     0.001371     0.395307  
  1192     0.001365     0.395272  
  1193     0.001359     0.395286  
  1194     0.001354     0.395295  
  1195     0.001348     0.395304  
  1196     0.001341     0.395293  
  1197     0.001336     0.395284  
  1198     0.001331     0.395277  
  1199     0.001325     0.395257  
  1200     0.001319     0.395243  
  1201     0.001314     0.395235  
  1202     0.001309     0.395231  
  1203     0.001304     0.395246  
  1204     0.001299     0.395238  
  1205     0.001294     0.395244  
  1206     0.001288     0.395242  
  1207     0.001283     0.395239  
  1208     0.001277     0.395257  
  1209     0.001271     0.395259  
  1210     0.001267     0.395262  
  1211     0.001261     0.395259  
  1212     0.001256     0.395236  
  1213     0.001251     0.395213  
  1214     0.001246     0.395216  
  1215     0.001240     0.395216  
  1216     0.001236     0.395226  
  1217     0.001230     0.395222  
  1218     0.001224     0.395216  
  1219     0.001220     0.395208  
  1220     0.001215     0.395211  
  1221     0.001211     0.395200  
  1222     0.001205     0.395201  
  1223     0.001200     0.395216  
  1224     0.001195     0.395201  
  1225     0.001190     0.395202  
  1226     0.001185     0.395200  
  1227     0.001180     0.395191  
  1228     0.001175     0.395179  
  1229     0.001170     0.395182  
  1230     0.001165     0.395168  
  1231     0.001160     0.395171  
  1232     0.001156     0.395171  
  1233     0.001151     0.395167  
  1234     0.001146     0.395163  
  1235     0.001142     0.395153  
  1236     0.001137     0.395132  
  1237     0.001132     0.395140  
  1238     0.001128     0.395145  
  1239     0.001123     0.395155  
  1240     0.001119     0.395161  
  1241     0.001114     0.395164  
  1242     0.001110     0.395142  
  1243     0.001106     0.395148  
  1244     0.001100     0.395135  
  1245     0.001096     0.395155  
  1246     0.001091     0.395154  
  1247     0.001087     0.395159  
  1248     0.001082     0.395159  
  1249     0.001078     0.395154  
  1250     0.001073     0.395153  
  1251     0.001069     0.395157  
  1252     0.001064     0.395169  
  1253     0.001060     0.395178  
  1254     0.001056     0.395187  
  1255     0.001051     0.395183  
  1256     0.001047     0.395184  
  1257     0.001042     0.395160  
  1258     0.001038     0.395162  
  1259     0.001034     0.395172  
  1260     0.001030     0.395173  
  1261     0.001025     0.395173  
  1262     0.001020     0.395159  
  1263     0.001016     0.395174  
  1264     0.001012     0.395162  
  1265     0.001008     0.395157  
  1266     0.001004     0.395159  
  1267     0.001000     0.395170  
  1268     0.000996     0.395158  
  1269     0.000993     0.395158  
  1270     0.000988     0.395152  
  1271     0.000984     0.395145  
  1272     0.000981     0.395143  
  1273     0.000976     0.395138  
  1274     0.000971     0.395124  
  1275     0.000967     0.395127  
  1276     0.000963     0.395124  
  1277     0.000960     0.395114  
  1278     0.000956     0.395095  
  1279     0.000951     0.395081  
  1280     0.000948     0.395077  
  1281     0.000944     0.395070  
  1282     0.000939     0.395065  
  1283     0.000935     0.395056  
  1284     0.000931     0.395065  
  1285     0.000927     0.395077  
  1286     0.000922     0.395064  
  1287     0.000919     0.395057  
  1288     0.000915     0.395054  
  1289     0.000911     0.395048  
  1290     0.000907     0.395054  
  1291     0.000903     0.395048  
  1292     0.000899     0.395047  
  1293     0.000896     0.395058  
  1294     0.000892     0.395069  
  1295     0.000888     0.395076  
  1296     0.000884     0.395067  
  1297     0.000881     0.395060  
  1298     0.000877     0.395039  
  1299     0.000873     0.395023  
  1300     0.000869     0.395020  
  1301     0.000866     0.395019  
  1302     0.000862     0.395020  
  1303     0.000858     0.395024  
  1304     0.000855     0.395015  
  1305     0.000851     0.395012  
  1306     0.000848     0.395008  
  1307     0.000845     0.395003  
  1308     0.000841     0.394994  
  1309     0.000838     0.394986  
  1310     0.000835     0.394978  
  1311     0.000831     0.394972  
  1312     0.000827     0.394997  
  1313     0.000824     0.394990  
  1314     0.000821     0.394975  
  1315     0.000817     0.394981  
  1316     0.000813     0.394986  
  1317     0.000810     0.394983  
  1318     0.000807     0.394983  
  1319     0.000803     0.394977  
  1320     0.000800     0.394967  
  1321     0.000796     0.394974  
  1322     0.000793     0.394983  
  1323     0.000790     0.394980  
  1324     0.000786     0.394987  
  1325     0.000783     0.395003  
  1326     0.000780     0.394996  
  1327     0.000777     0.395009  
  1328     0.000774     0.395019  
  1329     0.000770     0.395024  
  1330     0.000767     0.395025  
  1331     0.000764     0.395029  
  1332     0.000760     0.395027  
  1333     0.000757     0.395019  
  1334     0.000754     0.395006  
  1335     0.000751     0.395013  
  1336     0.000748     0.395015  
  1337     0.000745     0.395008  
  1338     0.000742     0.395014  
  1339     0.000739     0.395013  
  1340     0.000736     0.395005  
  1341     0.000733     0.395001  
  1342     0.000730     0.395006  
  1343     0.000727     0.395017  
  1344     0.000724     0.395019  
  1345     0.000721     0.395020  
  1346     0.000718     0.395021  
  1347     0.000715     0.395013  
  1348     0.000712     0.394999  
  1349     0.000710     0.395004  
  1350     0.000707     0.394997  
  1351     0.000704     0.395008  
  1352     0.000702     0.394999  
  1353     0.000698     0.395004  
  1354     0.000696     0.395000  
  1355     0.000693     0.395013  
  1356     0.000690     0.395006  
  1357     0.000687     0.395005  
  1358     0.000684     0.395005  
  1359     0.000681     0.394998  
  1360     0.000678     0.394987  
  1361     0.000676     0.394965  
  1362     0.000673     0.394968  
  1363     0.000671     0.394982  
  1364     0.000668     0.394967  
  1365     0.000665     0.394978  
  1366     0.000661     0.394983  
  1367     0.000659     0.394982  
  1368     0.000657     0.394968  
  1369     0.000654     0.394970  
  1370     0.000651     0.394966  
  1371     0.000649     0.394964  
  1372     0.000646     0.394964  
  1373     0.000643     0.394958  
  1374     0.000641     0.394960  
  1375     0.000638     0.394960  
  1376     0.000636     0.394949  
  1377     0.000633     0.394954  
  1378     0.000630     0.394966  
  1379     0.000627     0.394977  
  1380     0.000625     0.394987  
  1381     0.000622     0.394992  
  1382     0.000619     0.394984  
  1383     0.000617     0.394984  
  1384     0.000614     0.394995  
  1385     0.000612     0.395001  
  1386     0.000609     0.395005  
  1387     0.000606     0.395014  
  1388     0.000604     0.395014  
  1389     0.000601     0.394999  
  1390     0.000599     0.395000  
  1391     0.000596     0.394995  
  1392     0.000594     0.394989  
  1393     0.000591     0.394977  
  1394     0.000589     0.394984  
  1395     0.000587     0.394992  
  1396     0.000584     0.395002  
  1397     0.000582     0.395013  
  1398     0.000580     0.395016  
  1399     0.000578     0.395022  
  1400     0.000575     0.395023  
  1401     0.000573     0.395006  
  1402     0.000570     0.395001  
  1403     0.000568     0.394998  
  1404     0.000565     0.394991  
  1405     0.000563     0.394985  
  1406     0.000561     0.394973  
  1407     0.000558     0.394952  
  1408     0.000556     0.394956  
  1409     0.000553     0.394946  
  1410     0.000551     0.394947  
  1411     0.000549     0.394955  
  1412     0.000546     0.394964  
  1413     0.000544     0.394957  
  1414     0.000542     0.394952  
  1415     0.000539     0.394942  
  1416     0.000537     0.394938  
  1417     0.000535     0.394934  
  1418     0.000533     0.394933  
  1419     0.000531     0.394943  
  1420     0.000528     0.394939  
  1421     0.000526     0.394935  
  1422     0.000524     0.394943  
  1423     0.000522     0.394943  
  1424     0.000520     0.394951  
  1425     0.000517     0.394943  
  1426     0.000516     0.394942  
  1427     0.000513     0.394931  
  1428     0.000511     0.394939  
  1429     0.000509     0.394938  
  1430     0.000507     0.394931  
  1431     0.000505     0.394924  
  1432     0.000502     0.394925  
  1433     0.000500     0.394924  
  1434     0.000499     0.394924  
  1435     0.000497     0.394929  
  1436     0.000495     0.394933  
  1437     0.000493     0.394920  
  1438     0.000491     0.394915  
  1439     0.000489     0.394906  
  1440     0.000487     0.394896  
  1441     0.000485     0.394897  
  1442     0.000483     0.394900  
  1443     0.000480     0.394890  
  1444     0.000478     0.394888  
  1445     0.000476     0.394887  
  1446     0.000474     0.394893  
  1447     0.000472     0.394896  
  1448     0.000470     0.394890  
  1449     0.000468     0.394890  
  1450     0.000466     0.394901  
  1451     0.000464     0.394909  
  1452     0.000462     0.394892  
  1453     0.000460     0.394878  
  1454     0.000458     0.394872  
  1455     0.000456     0.394873  
  1456     0.000455     0.394866  
  1457     0.000452     0.394873  
  1458     0.000451     0.394873  
  1459     0.000449     0.394868  
  1460     0.000447     0.394868  
  1461     0.000445     0.394874  
  1462     0.000444     0.394860  
  1463     0.000442     0.394860  
  1464     0.000440     0.394853  
  1465     0.000438     0.394851  
  1466     0.000436     0.394858  
  1467     0.000435     0.394856  
  1468     0.000433     0.394847  
  1469     0.000431     0.394844  
  1470     0.000430     0.394841  
  1471     0.000428     0.394851  
  1472     0.000426     0.394842  
  1473     0.000424     0.394848  
  1474     0.000423     0.394846  
  1475     0.000421     0.394846  
  1476     0.000419     0.394857  
  1477     0.000417     0.394853  
  1478     0.000416     0.394846  
  1479     0.000414     0.394854  
  1480     0.000412     0.394851  
  1481     0.000411     0.394833  
  1482     0.000409     0.394833  
  1483     0.000407     0.394831  
  1484     0.000405     0.394818  
  1485     0.000404     0.394812  
  1486     0.000402     0.394809  
  1487     0.000401     0.394814  
  1488     0.000399     0.394809  
  1489     0.000398     0.394809  
  1490     0.000396     0.394806  
  1491     0.000394     0.394813  
  1492     0.000393     0.394808  
  1493     0.000391     0.394816  
  1494     0.000390     0.394815  
  1495     0.000388     0.394825  
  1496     0.000387     0.394823  
  1497     0.000385     0.394817  
  1498     0.000383     0.394815  
  1499     0.000382     0.394818  
  1500     0.000380     0.394794  
  1501     0.000379     0.394791  
  1502     0.000377     0.394788  
  1503     0.000376     0.394784  
  1504     0.000374     0.394781  
  1505     0.000373     0.394785  
  1506     0.000371     0.394776  
  1507     0.000370     0.394774  
  1508     0.000368     0.394766  
  1509     0.000367     0.394771  
  1510     0.000365     0.394772  
  1511     0.000364     0.394761  
  1512     0.000362     0.394751  
  1513     0.000361     0.394736  
  1514     0.000360     0.394742  
  1515     0.000358     0.394739  
  1516     0.000357     0.394727  
  1517     0.000355     0.394725  
  1518     0.000354     0.394728  
  1519     0.000352     0.394736  
  1520     0.000351     0.394731  
  1521     0.000349     0.394722  
  1522     0.000348     0.394721  
  1523     0.000347     0.394718  
  1524     0.000345     0.394724  
  1525     0.000344     0.394716  
  1526     0.000342     0.394718  
  1527     0.000341     0.394717  
  1528     0.000339     0.394709  
  1529     0.000338     0.394700  
  1530     0.000337     0.394693  
  1531     0.000335     0.394691  
  1532     0.000334     0.394687  
  1533     0.000332     0.394686  
  1534     0.000331     0.394690  
  1535     0.000330     0.394684  
  1536     0.000328     0.394693  
  1537     0.000327     0.394694  
  1538     0.000326     0.394695  
  1539     0.000324     0.394706  
  1540     0.000323     0.394705  
  1541     0.000322     0.394693  
  1542     0.000320     0.394699  
  1543     0.000319     0.394695  
  1544     0.000318     0.394702  
  1545     0.000316     0.394692  
  1546     0.000315     0.394693  
  1547     0.000314     0.394691  
  1548     0.000313     0.394686  
  1549     0.000311     0.394670  
  1550     0.000310     0.394676  
  1551     0.000309     0.394674  
  1552     0.000307     0.394658  
  1553     0.000306     0.394660  
  1554     0.000305     0.394657  
  1555     0.000303     0.394662  
  1556     0.000302     0.394658  
  1557     0.000301     0.394656  
  1558     0.000300     0.394648  
  1559     0.000298     0.394655  
  1560     0.000297     0.394652  
  1561     0.000296     0.394647  
  1562     0.000295     0.394652  
  1563     0.000293     0.394658  
  1564     0.000292     0.394669  
  1565     0.000291     0.394661  
  1566     0.000290     0.394658  
  1567     0.000289     0.394660  
  1568     0.000287     0.394656  
  1569     0.000286     0.394654  
  1570     0.000285     0.394654  
  1571     0.000284     0.394651  
  1572     0.000283     0.394656  
  1573     0.000281     0.394656  
  1574     0.000280     0.394652  
  1575     0.000279     0.394652  
  1576     0.000278     0.394656  
  1577     0.000277     0.394665  
  1578     0.000276     0.394666  
  1579     0.000275     0.394669  
  1580     0.000273     0.394667  
  1581     0.000272     0.394668  
  1582     0.000271     0.394673  
  1583     0.000270     0.394683  
  1584     0.000269     0.394686  
  1585     0.000268     0.394686  
  1586     0.000267     0.394688  
  1587     0.000266     0.394683  
  1588     0.000265     0.394692  
  1589     0.000264     0.394690  
  1590     0.000263     0.394688  
  1591     0.000262     0.394691  
  1592     0.000261     0.394688  
  1593     0.000259     0.394685  
  1594     0.000258     0.394675  
  1595     0.000257     0.394675  
  1596     0.000256     0.394672  
  1597     0.000255     0.394676  
  1598     0.000254     0.394675  
  1599     0.000253     0.394674  
  1600     0.000252     0.394674  
  1601     0.000251     0.394668  
  1602     0.000250     0.394666  
  1603     0.000249     0.394667  
  1604     0.000248     0.394672  
  1605     0.000247     0.394674  
  1606     0.000246     0.394670  
  1607     0.000245     0.394662  
  1608     0.000244     0.394656  
  1609     0.000243     0.394659  
  1610     0.000242     0.394662  
  1611     0.000241     0.394661  
  1612     0.000240     0.394659  
  1613     0.000239     0.394663  
  1614     0.000238     0.394661  
  1615     0.000237     0.394653  
  1616     0.000236     0.394659  
  1617     0.000235     0.394659  
  1618     0.000234     0.394655  
  1619     0.000233     0.394651  
  1620     0.000232     0.394652  
  1621     0.000231     0.394662  
  1622     0.000230     0.394655  
  1623     0.000229     0.394655  
  1624     0.000229     0.394664  
  1625     0.000228     0.394660  
  1626     0.000227     0.394661  
  1627     0.000226     0.394656  
  1628     0.000225     0.394655  
  1629     0.000224     0.394657  
  1630     0.000223     0.394653  
  1631     0.000222     0.394656  
  1632     0.000221     0.394653  
  1633     0.000220     0.394655  
  1634     0.000219     0.394654  
  1635     0.000218     0.394659  
  1636     0.000218     0.394668  
  1637     0.000217     0.394660  
  1638     0.000216     0.394662  
  1639     0.000215     0.394662  
  1640     0.000214     0.394662  
  1641     0.000213     0.394653  
  1642     0.000212     0.394651  
  1643     0.000212     0.394642  
  1644     0.000211     0.394638  
  1645     0.000210     0.394623  
  1646     0.000209     0.394623  
  1647     0.000208     0.394616  
  1648     0.000207     0.394617  
  1649     0.000207     0.394612  
  1650     0.000206     0.394626  
  1651     0.000205     0.394620  
  1652     0.000204     0.394621  
  1653     0.000203     0.394623  
  1654     0.000202     0.394616  
  1655     0.000201     0.394615  
  1656     0.000201     0.394614  
  1657     0.000200     0.394606  
  1658     0.000199     0.394596  
  1659     0.000198     0.394587  
  1660     0.000198     0.394588  
  1661     0.000197     0.394588  
  1662     0.000196     0.394584  
  1663     0.000195     0.394592  
  1664     0.000195     0.394600  
  1665     0.000194     0.394606  
  1666     0.000193     0.394601  
  1667     0.000192     0.394604  
  1668     0.000191     0.394602  
  1669     0.000190     0.394602  
  1670     0.000190     0.394601  
  1671     0.000189     0.394598  
  1672     0.000188     0.394599  
  1673     0.000187     0.394594  
  1674     0.000187     0.394595  
  1675     0.000186     0.394606  
  1676     0.000185     0.394611  
  1677     0.000185     0.394610  
  1678     0.000184     0.394616  
  1679     0.000183     0.394619  
  1680     0.000182     0.394618  
  1681     0.000181     0.394622  
  1682     0.000181     0.394634  
  1683     0.000180     0.394633  
  1684     0.000179     0.394635  
  1685     0.000179     0.394638  
  1686     0.000178     0.394638  
  1687     0.000177     0.394640  
  1688     0.000176     0.394633  
  1689     0.000176     0.394634  
  1690     0.000175     0.394630  
  1691     0.000174     0.394631  
  1692     0.000174     0.394631  
  1693     0.000173     0.394631  
  1694     0.000172     0.394637  
  1695     0.000171     0.394640  
  1696     0.000171     0.394638  
  1697     0.000170     0.394638  
  1698     0.000169     0.394642  
  1699     0.000168     0.394638  
  1700     0.000168     0.394641  
  1701     0.000167     0.394638  
  1702     0.000166     0.394634  
  1703     0.000166     0.394630  
  1704     0.000165     0.394637  
  1705     0.000164     0.394632  
  1706     0.000163     0.394638  
  1707     0.000163     0.394645  
  1708     0.000162     0.394642  
  1709     0.000162     0.394637  
  1710     0.000161     0.394633  
  1711     0.000160     0.394631  
  1712     0.000160     0.394626  
  1713     0.000159     0.394625  
  1714     0.000158     0.394625  
  1715     0.000158     0.394620  
  1716     0.000157     0.394625  
  1717     0.000157     0.394620  
  1718     0.000156     0.394620  
  1719     0.000155     0.394620  
  1720     0.000155     0.394621  
  1721     0.000154     0.394618  
  1722     0.000153     0.394613  
  1723     0.000153     0.394608  
  1724     0.000152     0.394607  
  1725     0.000151     0.394609  
  1726     0.000151     0.394608  
  1727     0.000150     0.394608  
  1728     0.000150     0.394614  
  1729     0.000149     0.394614  
  1730     0.000148     0.394613  
  1731     0.000148     0.394614  
  1732     0.000147     0.394613  
  1733     0.000147     0.394614  
  1734     0.000146     0.394613  
  1735     0.000146     0.394616  
  1736     0.000145     0.394607  
  1737     0.000144     0.394607  
  1738     0.000144     0.394604  
  1739     0.000143     0.394607  
  1740     0.000143     0.394603  
  1741     0.000142     0.394600  
  1742     0.000141     0.394593  
  1743     0.000141     0.394593  
  1744     0.000140     0.394593  
  1745     0.000140     0.394595  
  1746     0.000139     0.394594  
  1747     0.000139     0.394589  
  1748     0.000138     0.394587  
  1749     0.000138     0.394587  
  1750     0.000137     0.394581  
  1751     0.000136     0.394583  
  1752     0.000136     0.394580  
  1753     0.000135     0.394574  
  1754     0.000135     0.394579  
  1755     0.000134     0.394575  
  1756     0.000134     0.394579  
  1757     0.000133     0.394574  
  1758     0.000133     0.394569  
  1759     0.000132     0.394569  
  1760     0.000132     0.394571  
  1761     0.000131     0.394573  
  1762     0.000130     0.394570  
  1763     0.000130     0.394565  
  1764     0.000129     0.394568  
  1765     0.000129     0.394571  
  1766     0.000128     0.394576  
  1767     0.000128     0.394580  
  1768     0.000127     0.394578  
  1769     0.000127     0.394576  
  1770     0.000126     0.394578  
  1771     0.000126     0.394582  
  1772     0.000125     0.394579  
  1773     0.000125     0.394576  
  1774     0.000124     0.394580  
  1775     0.000124     0.394577  
  1776     0.000123     0.394574  
  1777     0.000123     0.394580  
  1778     0.000122     0.394585  
  1779     0.000122     0.394588  
  1780     0.000121     0.394588  
  1781     0.000121     0.394586  
  1782     0.000120     0.394585  
  1783     0.000120     0.394587  
  1784     0.000119     0.394588  
  1785     0.000119     0.394582  
  1786     0.000118     0.394581  
  1787     0.000118     0.394582  
  1788     0.000117     0.394575  
  1789     0.000117     0.394576  
  1790     0.000116     0.394573  
  1791     0.000116     0.394571  
  1792     0.000115     0.394571  
  1793     0.000115     0.394574  
  1794     0.000114     0.394573  
  1795     0.000114     0.394577  
  1796     0.000114     0.394577  
  1797     0.000113     0.394572  
  1798     0.000113     0.394569  
  1799     0.000112     0.394568  
  1800     0.000112     0.394571  
  1801     0.000111     0.394574  
  1802     0.000111     0.394576  
  1803     0.000111     0.394576  
  1804     0.000110     0.394576  
  1805     0.000110     0.394573  
  1806     0.000109     0.394566  
  1807     0.000109     0.394565  
  1808     0.000108     0.394565  
  1809     0.000108     0.394563  
  1810     0.000107     0.394567  
  1811     0.000107     0.394568  
  1812     0.000107     0.394568  
  1813     0.000106     0.394568  
  1814     0.000106     0.394570  
  1815     0.000105     0.394567  
  1816     0.000105     0.394567  
  1817     0.000104     0.394565  
  1818     0.000104     0.394567  
  1819     0.000103     0.394568  
  1820     0.000103     0.394567  
  1821     0.000103     0.394571  
  1822     0.000102     0.394573  
  1823     0.000102     0.394564  
  1824     0.000101     0.394550  
  1825     0.000101     0.394551  
  1826     0.000101     0.394550  
  1827     0.000100     0.394551  
  1828     0.000100     0.394556  
  1829     0.000099     0.394554  
  1830     0.000099     0.394558  
  1831     0.000099     0.394557  
  1832     0.000098     0.394556  
  1833     0.000098     0.394555  
  1834     0.000098     0.394549  
  1835     0.000097     0.394549  
  1836     0.000097     0.394553  
  1837     0.000096     0.394557  
  1838     0.000096     0.394556  
  1839     0.000096     0.394562  
  1840     0.000095     0.394556  
  1841     0.000095     0.394557  
  1842     0.000094     0.394562  
  1843     0.000094     0.394561  
  1844     0.000094     0.394564  
  1845     0.000093     0.394568  
  1846     0.000093     0.394569  
  1847     0.000093     0.394560  
  1848     0.000092     0.394556  
  1849     0.000092     0.394550  
  1850     0.000092     0.394550  
  1851     0.000091     0.394547  
  1852     0.000091     0.394544  
  1853     0.000091     0.394537  
  1854     0.000090     0.394536  
  1855     0.000090     0.394533  
  1856     0.000090     0.394538  
  1857     0.000089     0.394540  
  1858     0.000089     0.394535  
  1859     0.000088     0.394533  
  1860     0.000088     0.394533  
  1861     0.000088     0.394531  
  1862     0.000087     0.394534  
  1863     0.000087     0.394530  
  1864     0.000087     0.394529  
  1865     0.000086     0.394530  
  1866     0.000086     0.394527  
  1867     0.000086     0.394528  
  1868     0.000085     0.394527  
  1869     0.000085     0.394525  
  1870     0.000085     0.394522  
  1871     0.000084     0.394521  
  1872     0.000084     0.394521  
  1873     0.000084     0.394522  
  1874     0.000083     0.394515  
  1875     0.000083     0.394520  
  1876     0.000083     0.394516  
  1877     0.000082     0.394513  
  1878     0.000082     0.394515  
  1879     0.000082     0.394511  
  1880     0.000081     0.394516  
  1881     0.000081     0.394517  
  1882     0.000081     0.394517  
  1883     0.000080     0.394517  
  1884     0.000080     0.394514  
  1885     0.000080     0.394508  
  1886     0.000079     0.394513  
  1887     0.000079     0.394514  
  1888     0.000079     0.394517  
  1889     0.000079     0.394517  
  1890     0.000078     0.394514  
  1891     0.000078     0.394513  
  1892     0.000078     0.394517  
  1893     0.000077     0.394518  
  1894     0.000077     0.394519  
  1895     0.000077     0.394519  
  1896     0.000076     0.394525  
  1897     0.000076     0.394524  
  1898     0.000076     0.394518  
  1899     0.000075     0.394522  
  1900     0.000075     0.394521  
  1901     0.000075     0.394518  
  1902     0.000075     0.394518  
  1903     0.000074     0.394517  
  1904     0.000074     0.394514  
  1905     0.000074     0.394514  
  1906     0.000073     0.394515  
  1907     0.000073     0.394509  
  1908     0.000073     0.394506  
  1909     0.000073     0.394506  
  1910     0.000072     0.394505  
  1911     0.000072     0.394507  
  1912     0.000072     0.394505  
  1913     0.000071     0.394501  
  1914     0.000071     0.394503  
  1915     0.000071     0.394498  
  1916     0.000071     0.394503  
  1917     0.000070     0.394503  
  1918     0.000070     0.394503  
  1919     0.000070     0.394504  
  1920     0.000069     0.394502  
  1921     0.000069     0.394500  
  1922     0.000069     0.394496  
  1923     0.000069     0.394499  
  1924     0.000068     0.394504  
  1925     0.000068     0.394504  
  1926     0.000068     0.394502  
  1927     0.000068     0.394507  
  1928     0.000067     0.394509  
  1929     0.000067     0.394508  
  1930     0.000067     0.394506  
  1931     0.000066     0.394502  
  1932     0.000066     0.394503  
  1933     0.000066     0.394500  
  1934     0.000066     0.394501  
  1935     0.000065     0.394497  
  1936     0.000065     0.394498  
  1937     0.000065     0.394499  
  1938     0.000065     0.394502  
  1939     0.000064     0.394502  
  1940     0.000064     0.394502  
  1941     0.000064     0.394494  
  1942     0.000064     0.394496  
  1943     0.000063     0.394499  
  1944     0.000063     0.394499  
  1945     0.000063     0.394498  
  1946     0.000063     0.394500  
  1947     0.000062     0.394501  
  1948     0.000062     0.394499  
  1949     0.000062     0.394499  
  1950     0.000062     0.394497  
  1951     0.000061     0.394496  
  1952     0.000061     0.394501  
  1953     0.000061     0.394502  
  1954     0.000061     0.394504  
  1955     0.000060     0.394499  
  1956     0.000060     0.394498  
  1957     0.000060     0.394500  
  1958     0.000060     0.394503  
  1959     0.000059     0.394503  
  1960     0.000059     0.394503  
  1961     0.000059     0.394501  
  1962     0.000059     0.394504  
  1963     0.000058     0.394502  
  1964     0.000058     0.394500  
  1965     0.000058     0.394497  
  1966     0.000058     0.394499  
  1967     0.000058     0.394501  
  1968     0.000057     0.394502  
  1969     0.000057     0.394503  
  1970     0.000057     0.394500  
  1971     0.000057     0.394503  
  1972     0.000056     0.394500  
  1973     0.000056     0.394501  
  1974     0.000056     0.394505  
  1975     0.000056     0.394507  
  1976     0.000055     0.394508  
  1977     0.000055     0.394509  
  1978     0.000055     0.394513  
  1979     0.000055     0.394515  
  1980     0.000055     0.394518  
  1981     0.000054     0.394516  
  1982     0.000054     0.394518  
  1983     0.000054     0.394518  
  1984     0.000054     0.394517  
  1985     0.000054     0.394515  
  1986     0.000053     0.394516  
  1987     0.000053     0.394516  
  1988     0.000053     0.394513  
  1989     0.000053     0.394512  
  1990     0.000052     0.394515  
  1991     0.000052     0.394514  
  1992     0.000052     0.394512  
  1993     0.000052     0.394514  
  1994     0.000052     0.394516  
  1995     0.000051     0.394516  
  1996     0.000051     0.394517  
  1997     0.000051     0.394515  
  1998     0.000051     0.394514  
  1999     0.000051     0.394513  
  2000     0.000050     0.394513  
  2001     0.000050     0.394512  
  2002     0.000050     0.394515  
  2003     0.000050     0.394512  
  2004     0.000050     0.394511  
  2005     0.000049     0.394512  
  2006     0.000049     0.394512  
  2007     0.000049     0.394509  
  2008     0.000049     0.394512  
  2009     0.000049     0.394515  
  2010     0.000048     0.394513  
  2011     0.000048     0.394513  
  2012     0.000048     0.394514  
  2013     0.000048     0.394513  
  2014     0.000048     0.394515  
  2015     0.000048     0.394512  
  2016     0.000047     0.394511  
  2017     0.000047     0.394511  
  2018     0.000047     0.394507  
  2019     0.000047     0.394509  
  2020     0.000047     0.394508  
  2021     0.000046     0.394510  
  2022     0.000046     0.394509  
  2023     0.000046     0.394511  
  2024     0.000046     0.394514  
  2025     0.000046     0.394513  
  2026     0.000046     0.394512  
  2027     0.000045     0.394512  
  2028     0.000045     0.394508  
  2029     0.000045     0.394504  
  2030     0.000045     0.394503  
  2031     0.000045     0.394502  
  2032     0.000044     0.394497  
  2033     0.000044     0.394496  
  2034     0.000044     0.394498  
  2035     0.000044     0.394499  
  2036     0.000044     0.394497  
  2037     0.000044     0.394497  
  2038     0.000043     0.394496  
  2039     0.000043     0.394497  
  2040     0.000043     0.394494  
  2041     0.000043     0.394495  
  2042     0.000043     0.394495  
  2043     0.000043     0.394497  
  2044     0.000042     0.394498  
  2045     0.000042     0.394500  
  2046     0.000042     0.394500  
  2047     0.000042     0.394498  
  2048     0.000042     0.394502  
  2049     0.000042     0.394502  
  2050     0.000041     0.394503  
  2051     0.000041     0.394504  
  2052     0.000041     0.394504  
  2053     0.000041     0.394501  
  2054     0.000041     0.394500  
  2055     0.000041     0.394499  
  2056     0.000040     0.394496  
  2057     0.000040     0.394494  
  2058     0.000040     0.394490  
  2059     0.000040     0.394487  
  2060     0.000040     0.394488  
  2061     0.000040     0.394486  
  2062     0.000040     0.394486  
  2063     0.000039     0.394484  
  2064     0.000039     0.394485  
  2065     0.000039     0.394481  
  2066     0.000039     0.394481  
  2067     0.000039     0.394482  
  2068     0.000039     0.394483  
  2069     0.000039     0.394481  
  2070     0.000038     0.394479  
  2071     0.000038     0.394473  
  2072     0.000038     0.394473  
  2073     0.000038     0.394476  
  2074     0.000038     0.394480  
  2075     0.000038     0.394482  
  2076     0.000037     0.394483  
  2077     0.000037     0.394484  
  2078     0.000037     0.394481  
  2079     0.000037     0.394482  
  2080     0.000037     0.394483  
  2081     0.000037     0.394484  
  2082     0.000037     0.394482  
  2083     0.000036     0.394482  
  2084     0.000036     0.394484  
  2085     0.000036     0.394480  
  2086     0.000036     0.394481  
  2087     0.000036     0.394481  
  2088     0.000036     0.394483  
  2089     0.000036     0.394484  
  2090     0.000035     0.394483  
  2091     0.000035     0.394483  
  2092     0.000035     0.394478  
  2093     0.000035     0.394479  
  2094     0.000035     0.394478  
  2095     0.000035     0.394478  
  2096     0.000035     0.394477  
  2097     0.000034     0.394479  
  2098     0.000034     0.394478  
  2099     0.000034     0.394480  
  2100     0.000034     0.394481  
  2101     0.000034     0.394481  
  2102     0.000034     0.394484  
  2103     0.000034     0.394484  
  2104     0.000034     0.394483  
  2105     0.000033     0.394480  
  2106     0.000033     0.394479  
  2107     0.000033     0.394478  
  2108     0.000033     0.394477  
  2109     0.000033     0.394476  
  2110     0.000033     0.394476  
  2111     0.000033     0.394475  
  2112     0.000033     0.394473  
  2113     0.000032     0.394473  
  2114     0.000032     0.394473  
  2115     0.000032     0.394471  
  2116     0.000032     0.394471  
  2117     0.000032     0.394472  
  2118     0.000032     0.394472  
  2119     0.000032     0.394470  
  2120     0.000032     0.394471  
  2121     0.000031     0.394467  
  2122     0.000031     0.394465  
  2123     0.000031     0.394466  
  2124     0.000031     0.394465  
  2125     0.000031     0.394467  
  2126     0.000031     0.394466  
  2127     0.000031     0.394467  
  2128     0.000031     0.394469  
  2129     0.000030     0.394468  
  2130     0.000030     0.394468  
  2131     0.000030     0.394470  
  2132     0.000030     0.394468  
  2133     0.000030     0.394467  
  2134     0.000030     0.394466  
  2135     0.000030     0.394466  
  2136     0.000030     0.394465  
  2137     0.000029     0.394464  
  2138     0.000029     0.394463  
  2139     0.000029     0.394463  
  2140     0.000029     0.394464  
  2141     0.000029     0.394464  
  2142     0.000029     0.394466  
  2143     0.000029     0.394469  
  2144     0.000029     0.394467  
  2145     0.000029     0.394464  
  2146     0.000028     0.394467  
  2147     0.000028     0.394467  
  2148     0.000028     0.394467  
  2149     0.000028     0.394464  
  2150     0.000028     0.394463  
  2151     0.000028     0.394464  
  2152     0.000028     0.394468  
  2153     0.000028     0.394466  
  2154     0.000027     0.394461  
  2155     0.000027     0.394459  
  2156     0.000027     0.394459  
  2157     0.000027     0.394460  
  2158     0.000027     0.394458  
  2159     0.000027     0.394461  
  2160     0.000027     0.394463  
  2161     0.000027     0.394465  
  2162     0.000027     0.394465  
  2163     0.000027     0.394464  
  2164     0.000026     0.394466  
  2165     0.000026     0.394467  
  2166     0.000026     0.394467  
  2167     0.000026     0.394467  
  2168     0.000026     0.394470  
  2169     0.000026     0.394472  
  2170     0.000026     0.394473  
  2171     0.000026     0.394472  
  2172     0.000026     0.394472  
  2173     0.000026     0.394472  
  2174     0.000025     0.394474  
  2175     0.000025     0.394473  
  2176     0.000025     0.394476  
  2177     0.000025     0.394475  
  2178     0.000025     0.394475  
  2179     0.000025     0.394476  
  2180     0.000025     0.394474  
  2181     0.000025     0.394476  
  2182     0.000025     0.394476  
  2183     0.000025     0.394473  
  2184     0.000024     0.394472  
  2185     0.000024     0.394474  
  2186     0.000024     0.394473  
  2187     0.000024     0.394474  
  2188     0.000024     0.394474  
  2189     0.000024     0.394475  
  2190     0.000024     0.394471  
  2191     0.000024     0.394471  
  2192     0.000024     0.394470  
  2193     0.000024     0.394470  
  2194     0.000024     0.394470  
  2195     0.000023     0.394473  
  2196     0.000023     0.394476  
  2197     0.000023     0.394474  
  2198     0.000023     0.394474  
  2199     0.000023     0.394473  
  2200     0.000023     0.394475  
  2201     0.000023     0.394475  
  2202     0.000023     0.394477  
  2203     0.000023     0.394476  
  2204     0.000023     0.394476  
  2205     0.000023     0.394473  
  2206     0.000022     0.394470  
  2207     0.000022     0.394469  
  2208     0.000022     0.394469  
  2209     0.000022     0.394470  
  2210     0.000022     0.394471  
  2211     0.000022     0.394470  
  2212     0.000022     0.394467  
  2213     0.000022     0.394465  
  2214     0.000022     0.394461  
  2215     0.000022     0.394461  
  2216     0.000022     0.394461  
  2217     0.000021     0.394460  
  2218     0.000021     0.394457  
  2219     0.000021     0.394457  
  2220     0.000021     0.394453  
  2221     0.000021     0.394452  
  2222     0.000021     0.394450  
  2223     0.000021     0.394449  
  2224     0.000021     0.394451  
  2225     0.000021     0.394449  
  2226     0.000021     0.394452  
  2227     0.000021     0.394449  
  2228     0.000021     0.394451  
  2229     0.000020     0.394453  
  2230     0.000020     0.394452  
  2231     0.000020     0.394452  
  2232     0.000020     0.394452  
  2233     0.000020     0.394451  
  2234     0.000020     0.394447  
  2235     0.000020     0.394446  
  2236     0.000020     0.394447  
  2237     0.000020     0.394447  
  2238     0.000020     0.394449  
  2239     0.000020     0.394448  
  2240     0.000020     0.394449  
  2241     0.000019     0.394451  
  2242     0.000019     0.394451  
  2243     0.000019     0.394452  
  2244     0.000019     0.394451  
  2245     0.000019     0.394451  
  2246     0.000019     0.394450  
  2247     0.000019     0.394450  
  2248     0.000019     0.394449  
  2249     0.000019     0.394450  
  2250     0.000019     0.394450  
  2251     0.000019     0.394451  
  2252     0.000019     0.394449  
  2253     0.000019     0.394449  
  2254     0.000019     0.394447  
  2255     0.000018     0.394448  
  2256     0.000018     0.394448  
  2257     0.000018     0.394448  
  2258     0.000018     0.394446  
  2259     0.000018     0.394446  
  2260     0.000018     0.394444  
  2261     0.000018     0.394444  
  2262     0.000018     0.394443  
  2263     0.000018     0.394444  
  2264     0.000018     0.394444  
  2265     0.000018     0.394445  
  2266     0.000018     0.394445  
  2267     0.000018     0.394445  
  2268     0.000018     0.394449  
  2269     0.000017     0.394449  
  2270     0.000017     0.394449  
  2271     0.000017     0.394446  
  2272     0.000017     0.394447  
  2273     0.000017     0.394442  
  2274     0.000017     0.394442  
  2275     0.000017     0.394442  
  2276     0.000017     0.394440  
  2277     0.000017     0.394440  
  2278     0.000017     0.394439  
  2279     0.000017     0.394439  
  2280     0.000017     0.394437  
  2281     0.000017     0.394439  
  2282     0.000017     0.394439  
  2283     0.000017     0.394437  
  2284     0.000017     0.394438  
  2285     0.000016     0.394439  
  2286     0.000016     0.394440  
  2287     0.000016     0.394437  
  2288     0.000016     0.394439  
  2289     0.000016     0.394438  
  2290     0.000016     0.394437  
  2291     0.000016     0.394436  
  2292     0.000016     0.394435  
  2293     0.000016     0.394433  
  2294     0.000016     0.394432  
  2295     0.000016     0.394431  
  2296     0.000016     0.394431  
  2297     0.000016     0.394433  
  2298     0.000016     0.394430  
  2299     0.000016     0.394429  
  2300     0.000016     0.394429  
  2301     0.000015     0.394429  
  2302     0.000015     0.394431  
  2303     0.000015     0.394430  
  2304     0.000015     0.394429  
  2305     0.000015     0.394427  
  2306     0.000015     0.394426  
  2307     0.000015     0.394424  
  2308     0.000015     0.394424  
  2309     0.000015     0.394422  
  2310     0.000015     0.394423  
  2311     0.000015     0.394422  
  2312     0.000015     0.394421  
  2313     0.000015     0.394422  
  2314     0.000015     0.394423  
  2315     0.000015     0.394422  
  2316     0.000015     0.394423  
  2317     0.000014     0.394422  
  2318     0.000014     0.394421  
  2319     0.000014     0.394422  
  2320     0.000014     0.394423  
  2321     0.000014     0.394422  
  2322     0.000014     0.394422  
  2323     0.000014     0.394422  
  2324     0.000014     0.394421  
  2325     0.000014     0.394423  
  2326     0.000014     0.394420  
  2327     0.000014     0.394422  
  2328     0.000014     0.394423  
  2329     0.000014     0.394422  
  2330     0.000014     0.394423  
  2331     0.000014     0.394422  
  2332     0.000014     0.394421  
  2333     0.000014     0.394421  
  2334     0.000014     0.394422  
  2335     0.000014     0.394424  
  2336     0.000013     0.394424  
  2337     0.000013     0.394424  
  2338     0.000013     0.394423  
  2339     0.000013     0.394424  
  2340     0.000013     0.394422  
  2341     0.000013     0.394420  
  2342     0.000013     0.394419  
  2343     0.000013     0.394418  
  2344     0.000013     0.394419  
  2345     0.000013     0.394415  
  2346     0.000013     0.394414  
  2347     0.000013     0.394414  
  2348     0.000013     0.394412  
  2349     0.000013     0.394413  
  2350     0.000013     0.394414  
  2351     0.000013     0.394415  
  2352     0.000013     0.394415  
  2353     0.000013     0.394413  
  2354     0.000013     0.394413  
  2355     0.000013     0.394413  
  2356     0.000012     0.394414  
  2357     0.000012     0.394414  
  2358     0.000012     0.394415  
  2359     0.000012     0.394416  
  2360     0.000012     0.394416  
  2361     0.000012     0.394416  
  2362     0.000012     0.394416  
  2363     0.000012     0.394417  
  2364     0.000012     0.394416  
  2365     0.000012     0.394417  
  2366     0.000012     0.394417  
  2367     0.000012     0.394416  
  2368     0.000012     0.394417  
  2369     0.000012     0.394418  
  2370     0.000012     0.394418  
  2371     0.000012     0.394418  
  2372     0.000012     0.394419  
  2373     0.000012     0.394420  
  2374     0.000012     0.394419  
  2375     0.000012     0.394418  
  2376     0.000012     0.394418  
  2377     0.000012     0.394417  
  2378     0.000011     0.394417  
  2379     0.000011     0.394417  
  2380     0.000011     0.394417  
  2381     0.000011     0.394417  
  2382     0.000011     0.394419  
  2383     0.000011     0.394418  
  2384     0.000011     0.394418  
  2385     0.000011     0.394418  
  2386     0.000011     0.394417  
  2387     0.000011     0.394416  
  2388     0.000011     0.394416  
  2389     0.000011     0.394416  
  2390     0.000011     0.394415  
  2391     0.000011     0.394415  
  2392     0.000011     0.394415  
  2393     0.000011     0.394415  
  2394     0.000011     0.394415  
  2395     0.000011     0.394416  
  2396     0.000011     0.394416  
  2397     0.000011     0.394417  
  2398     0.000011     0.394418  
  2399     0.000011     0.394417  
  2400     0.000011     0.394418  
  2401     0.000010     0.394417  
  2402     0.000010     0.394416  
  2403     0.000010     0.394416  
  2404     0.000010     0.394417  
  2405     0.000010     0.394417  
  2406     0.000010     0.394417  
  2407     0.000010     0.394417  
  2408     0.000010     0.394418  
  2409     0.000010     0.394418  
  2410     0.000010     0.394419  
  2411     0.000010     0.394419  
  2412     0.000010     0.394418  
  2413     0.000010     0.394418  
  2414     0.000010     0.394416  
  2415     0.000010     0.394415  
  2416     0.000010     0.394412  
  2417     0.000010     0.394413  
  2418     0.000010     0.394415  
  2419     0.000010     0.394415  
  2420     0.000010     0.394416  
  2421     0.000010     0.394415  
  2422     0.000010     0.394415  
  2423     0.000010     0.394415  
  2424     0.000010     0.394415  
  2425     0.000010     0.394417  
  2426     0.000010     0.394415  
  2427     0.000009     0.394416  
  2428     0.000009     0.394416  
  2429     0.000009     0.394416  
  2430     0.000009     0.394415  
  2431     0.000009     0.394415  
  2432     0.000009     0.394416  
  2433     0.000009     0.394416  
  2434     0.000009     0.394415  
  2435     0.000009     0.394416  
  2436     0.000009     0.394414  
  2437     0.000009     0.394416  
  2438     0.000009     0.394416  
  2439     0.000009     0.394414  
  2440     0.000009     0.394415  
  2441     0.000009     0.394415  
  2442     0.000009     0.394414  
  2443     0.000009     0.394413  
  2444     0.000009     0.394414  
  2445     0.000009     0.394413  
  2446     0.000009     0.394413  
  2447     0.000009     0.394412  
  2448     0.000009     0.394413  
  2449     0.000009     0.394411  
  2450     0.000009     0.394412  
  2451     0.000009     0.394411  
  2452     0.000009     0.394411  
  2453     0.000009     0.394412  
  2454     0.000009     0.394411  
  2455     0.000008     0.394412  
  2456     0.000008     0.394412  
  2457     0.000008     0.394411  
  2458     0.000008     0.394411  
  2459     0.000008     0.394411  
  2460     0.000008     0.394412  
  2461     0.000008     0.394412  
  2462     0.000008     0.394411  
  2463     0.000008     0.394411  
  2464     0.000008     0.394410  
  2465     0.000008     0.394411  
  2466     0.000008     0.394410  
  2467     0.000008     0.394410  
  2468     0.000008     0.394409  
  2469     0.000008     0.394409  
  2470     0.000008     0.394410  
  2471     0.000008     0.394410  
  2472     0.000008     0.394410  
  2473     0.000008     0.394410  
  2474     0.000008     0.394409  
  2475     0.000008     0.394409  
  2476     0.000008     0.394409  
  2477     0.000008     0.394409  
  2478     0.000008     0.394408  
  2479     0.000008     0.394408  
  2480     0.000008     0.394408  
  2481     0.000008     0.394406  
  2482     0.000008     0.394406  
  2483     0.000008     0.394406  
  2484     0.000008     0.394406  
  2485     0.000008     0.394406  
  2486     0.000008     0.394405  
  2487     0.000007     0.394405  * best
  2488     0.000007     0.394406  
  2489     0.000007     0.394405  
  2490     0.000007     0.394407  
  2491     0.000007     0.394408  
  2492     0.000007     0.394407  
  2493     0.000007     0.394408  
  2494     0.000007     0.394409  
  2495     0.000007     0.394410  
  2496     0.000007     0.394411  
  2497     0.000007     0.394411  
  2498     0.000007     0.394412  
  2499     0.000007     0.394410  
  2500     0.000007     0.394410  
  2501     0.000007     0.394410  
  2502     0.000007     0.394410  
  2503     0.000007     0.394410  
  2504     0.000007     0.394410  
  2505     0.000007     0.394409  
  2506     0.000007     0.394410  
  2507     0.000007     0.394409  
  2508     0.000007     0.394411  
  2509     0.000007     0.394412  
  2510     0.000007     0.394412  
  2511     0.000007     0.394411  
  2512     0.000007     0.394412  
  2513     0.000007     0.394411  
  2514     0.000007     0.394411  
  2515     0.000007     0.394410  
  2516     0.000007     0.394409  
  2517     0.000007     0.394410  
  2518     0.000007     0.394410  
  2519     0.000007     0.394410  
  2520     0.000007     0.394410  
  2521     0.000007     0.394411  
  2522     0.000007     0.394411  
  2523     0.000007     0.394411  
  2524     0.000007     0.394411  
  2525     0.000006     0.394410  
  2526     0.000006     0.394411  
  2527     0.000006     0.394410  
  2528     0.000006     0.394410  
  2529     0.000006     0.394410  
  2530     0.000006     0.394409  
  2531     0.000006     0.394408  
  2532     0.000006     0.394408  
  2533     0.000006     0.394407  
  2534     0.000006     0.394406  
  2535     0.000006     0.394407  
  2536     0.000006     0.394407  
  2537     0.000006     0.394407  
  2538     0.000006     0.394406  
  2539     0.000006     0.394407  
  2540     0.000006     0.394407  
  2541     0.000006     0.394408  
  2542     0.000006     0.394407  
  2543     0.000006     0.394408  
  2544     0.000006     0.394409  
  2545     0.000006     0.394408  
  2546     0.000006     0.394407  
  2547     0.000006     0.394407  
  2548     0.000006     0.394408  
  2549     0.000006     0.394408  
  2550     0.000006     0.394407  
  2551     0.000006     0.394408  
  2552     0.000006     0.394408  
  2553     0.000006     0.394408  
  2554     0.000006     0.394408  
  2555     0.000006     0.394407  
  2556     0.000006     0.394408  
  2557     0.000006     0.394407  
  2558     0.000006     0.394408  
  2559     0.000006     0.394407  
  2560     0.000006     0.394407  
  2561     0.000006     0.394407  
  2562     0.000006     0.394407  
  2563     0.000006     0.394406  
  2564     0.000006     0.394405  
  2565     0.000006     0.394405  
  2566     0.000006     0.394406  
  2567     0.000006     0.394408  
  2568     0.000005     0.394407  
  2569     0.000005     0.394407  
  2570     0.000005     0.394408  
  2571     0.000005     0.394407  
  2572     0.000005     0.394407  
  2573     0.000005     0.394408  
  2574     0.000005     0.394408  
  2575     0.000005     0.394408  
  2576     0.000005     0.394408  
  2577     0.000005     0.394407  
  2578     0.000005     0.394407  
  2579     0.000005     0.394407  
  2580     0.000005     0.394408  
  2581     0.000005     0.394408  
  2582     0.000005     0.394408  
  2583     0.000005     0.394409  
  2584     0.000005     0.394410  
  2585     0.000005     0.394410  
  2586     0.000005     0.394410  
  2587     0.000005     0.394409  
# best iteration 2487 (val l2 0.394405)
# Spearman  train +0.9950  val +0.7850  test +0.7915
