# gbm_boltz+node seed 2
# boosted trees on boltz+node
# inputs 13067, 1,617 trees
# LightGBM gradient-boosted trees, objective l2, lr 0.05, num_leaves 31, min_data_in_leaf 20, feature_fraction 0.3, bagging 0.8, lambda_l2 1.0, up to 3000 rounds, early stopping 100 on validation l2
# loss = l2 on standardised log10 half-life
#
 round        train          val  note
     1     0.965308     0.977280  
     2     0.933991     0.949854  
     3     0.904160     0.923492  
     4     0.876953     0.899247  
     5     0.850138     0.874677  
     6     0.826500     0.854112  
     7     0.803390     0.832862  
     8     0.782401     0.815646  
     9     0.762594     0.797871  
    10     0.744106     0.784003  
    11     0.727202     0.770416  
    12     0.710518     0.756106  
    13     0.695482     0.744641  
    14     0.680538     0.732340  
    15     0.665921     0.721219  
    16     0.652281     0.708899  
    17     0.640257     0.699851  
    18     0.629331     0.691019  
    19     0.617583     0.681128  
    20     0.607170     0.673647  
    21     0.596192     0.664973  
    22     0.585919     0.656727  
    23     0.576702     0.650883  
    24     0.567666     0.644798  
    25     0.559560     0.639141  
    26     0.551761     0.633152  
    27     0.543584     0.627277  
    28     0.536361     0.622138  
    29     0.528644     0.617409  
    30     0.521834     0.611873  
    31     0.515674     0.607270  
    32     0.508809     0.602484  
    33     0.502558     0.598712  
    34     0.495980     0.595098  
    35     0.489558     0.590892  
    36     0.483785     0.587579  
    37     0.477806     0.583368  
    38     0.471907     0.579762  
    39     0.466309     0.576104  
    40     0.461411     0.573291  
    41     0.456564     0.570534  
    42     0.451280     0.567902  
    43     0.446168     0.564838  
    44     0.441222     0.561664  
    45     0.436694     0.558816  
    46     0.431996     0.555911  
    47     0.427356     0.552434  
    48     0.423409     0.549665  
    49     0.419317     0.548106  
    50     0.415367     0.546050  
    51     0.411612     0.544256  
    52     0.407825     0.542388  
    53     0.404241     0.541084  
    54     0.399988     0.537704  
    55     0.396048     0.534683  
    56     0.392182     0.532736  
    57     0.388870     0.531795  
    58     0.385635     0.530182  
    59     0.382464     0.528979  
    60     0.379362     0.528283  
    61     0.376129     0.526477  
    62     0.373008     0.524430  
    63     0.369675     0.523298  
    64     0.366693     0.521745  
    65     0.363571     0.520307  
    66     0.360627     0.518911  
    67     0.357835     0.517444  
    68     0.355169     0.516820  
    69     0.352441     0.515708  
    70     0.349572     0.514388  
    71     0.346698     0.512805  
    72     0.343974     0.511468  
    73     0.341226     0.510324  
    74     0.338630     0.509349  
    75     0.335935     0.508166  
    76     0.333401     0.507059  
    77     0.330746     0.505681  
    78     0.328354     0.504813  
    79     0.326041     0.504220  
    80     0.323733     0.503465  
    81     0.321505     0.502400  
    82     0.319251     0.502117  
    83     0.316849     0.501190  
    84     0.314350     0.499404  
    85     0.311999     0.498504  
    86     0.309666     0.497406  
    87     0.307363     0.496079  
    88     0.304968     0.495114  
    89     0.302875     0.494208  
    90     0.300611     0.492737  
    91     0.298618     0.491898  
    92     0.296406     0.490422  
    93     0.294248     0.490271  
    94     0.292180     0.489515  
    95     0.290164     0.488618  
    96     0.288097     0.487950  
    97     0.286121     0.487445  
    98     0.284196     0.486484  
    99     0.282175     0.485963  
   100     0.280184     0.485341  
   101     0.278335     0.484615  
   102     0.276342     0.484185  
   103     0.274342     0.483765  
   104     0.272502     0.483344  
   105     0.270622     0.482444  
   106     0.268732     0.481773  
   107     0.266911     0.481714  
   108     0.265081     0.480827  
   109     0.263360     0.480030  
   110     0.261731     0.479801  
   111     0.259932     0.478875  
   112     0.258021     0.478304  
   113     0.256335     0.478046  
   114     0.254659     0.476842  
   115     0.253062     0.476694  
   116     0.251414     0.476140  
   117     0.249803     0.475405  
   118     0.248204     0.474843  
   119     0.246588     0.474206  
   120     0.245022     0.474236  
   121     0.243589     0.473893  
   122     0.242051     0.473253  
   123     0.240554     0.472917  
   124     0.239072     0.472797  
   125     0.237537     0.472027  
   126     0.236061     0.471330  
   127     0.234700     0.470939  
   128     0.233163     0.470544  
   129     0.231729     0.470522  
   130     0.230326     0.470534  
   131     0.228911     0.470248  
   132     0.227429     0.469815  
   133     0.226055     0.469645  
   134     0.224644     0.469479  
   135     0.223334     0.469288  
   136     0.221968     0.469212  
   137     0.220611     0.468977  
   138     0.219180     0.468451  
   139     0.217709     0.467961  
   140     0.216410     0.467500  
   141     0.215024     0.466821  
   142     0.213664     0.466325  
   143     0.212401     0.465679  
   144     0.211099     0.464939  
   145     0.209897     0.464766  
   146     0.208671     0.464524  
   147     0.207330     0.464414  
   148     0.205979     0.463750  
   149     0.204691     0.463418  
   150     0.203502     0.462901  
   151     0.202145     0.463047  
   152     0.201010     0.462714  
   153     0.199853     0.462621  
   154     0.198604     0.462265  
   155     0.197432     0.462380  
   156     0.196264     0.462068  
   157     0.195105     0.462069  
   158     0.193985     0.461570  
   159     0.192792     0.461083  
   160     0.191596     0.460393  
   161     0.190461     0.459920  
   162     0.189345     0.459709  
   163     0.188207     0.459788  
   164     0.187129     0.459588  
   165     0.186064     0.459044  
   166     0.185088     0.459057  
   167     0.184101     0.459198  
   168     0.182995     0.459100  
   169     0.181931     0.458998  
   170     0.180892     0.458939  
   171     0.179817     0.458707  
   172     0.178793     0.458741  
   173     0.177758     0.458431  
   174     0.176783     0.458139  
   175     0.175754     0.458004  
   176     0.174816     0.457923  
   177     0.173798     0.457428  
   178     0.172835     0.457478  
   179     0.171869     0.457349  
   180     0.170865     0.457077  
   181     0.169942     0.456605  
   182     0.169014     0.456411  
   183     0.168079     0.456169  
   184     0.167092     0.456009  
   185     0.166118     0.455764  
   186     0.165217     0.456099  
   187     0.164318     0.455868  
   188     0.163411     0.455936  
   189     0.162466     0.455622  
   190     0.161528     0.455419  
   191     0.160650     0.455389  
   192     0.159783     0.455157  
   193     0.158980     0.454993  
   194     0.158032     0.454659  
   195     0.157197     0.454395  
   196     0.156381     0.454488  
   197     0.155507     0.454507  
   198     0.154688     0.454202  
   199     0.153862     0.454005  
   200     0.152945     0.453865  
   201     0.152076     0.453613  
   202     0.151257     0.453322  
   203     0.150396     0.452914  
   204     0.149553     0.452606  
   205     0.148750     0.452704  
   206     0.147929     0.452738  
   207     0.147110     0.452450  
   208     0.146323     0.452329  
   209     0.145525     0.452205  
   210     0.144774     0.452281  
   211     0.143990     0.452232  
   212     0.143318     0.452157  
   213     0.142559     0.452135  
   214     0.141769     0.451964  
   215     0.140971     0.451641  
   216     0.140226     0.451367  
   217     0.139459     0.451350  
   218     0.138710     0.450902  
   219     0.137901     0.450728  
   220     0.137153     0.450603  
   221     0.136449     0.450758  
   222     0.135687     0.450613  
   223     0.134952     0.450309  
   224     0.134190     0.450338  
   225     0.133501     0.450003  
   226     0.132764     0.450024  
   227     0.132060     0.449862  
   228     0.131340     0.449743  
   229     0.130642     0.449679  
   230     0.129897     0.449470  
   231     0.129144     0.449410  
   232     0.128489     0.449259  
   233     0.127770     0.449011  
   234     0.127068     0.448811  
   235     0.126386     0.448909  
   236     0.125694     0.448877  
   237     0.125007     0.448988  
   238     0.124376     0.448767  
   239     0.123740     0.448559  
   240     0.123129     0.448293  
   241     0.122488     0.448498  
   242     0.121883     0.448363  
   243     0.121228     0.448220  
   244     0.120647     0.447992  
   245     0.119996     0.447889  
   246     0.119340     0.447861  
   247     0.118771     0.447752  
   248     0.118204     0.447397  
   249     0.117594     0.447255  
   250     0.116998     0.447157  
   251     0.116365     0.446887  
   252     0.115766     0.446677  
   253     0.115084     0.446342  
   254     0.114517     0.446215  
   255     0.113923     0.445991  
   256     0.113312     0.445955  
   257     0.112739     0.445996  
   258     0.112151     0.445970  
   259     0.111557     0.445599  
   260     0.110988     0.445686  
   261     0.110364     0.445532  
   262     0.109796     0.445343  
   263     0.109232     0.445291  
   264     0.108691     0.445379  
   265     0.108138     0.445112  
   266     0.107542     0.444853  
   267     0.106992     0.444695  
   268     0.106420     0.444580  
   269     0.105859     0.444284  
   270     0.105341     0.444205  
   271     0.104747     0.444204  
   272     0.104149     0.443799  
   273     0.103631     0.443671  
   274     0.103142     0.443670  
   275     0.102664     0.443511  
   276     0.102177     0.443695  
   277     0.101663     0.443439  
   278     0.101155     0.443416  
   279     0.100652     0.443399  
   280     0.100125     0.443425  
   281     0.099612     0.443434  
   282     0.099086     0.443330  
   283     0.098574     0.443120  
   284     0.098103     0.442899  
   285     0.097609     0.442867  
   286     0.097079     0.442884  
   287     0.096581     0.442794  
   288     0.096097     0.442705  
   289     0.095597     0.442444  
   290     0.095096     0.442307  
   291     0.094671     0.442426  
   292     0.094175     0.442305  
   293     0.093727     0.442275  
   294     0.093274     0.442237  
   295     0.092821     0.442335  
   296     0.092316     0.442494  
   297     0.091851     0.442434  
   298     0.091399     0.442626  
   299     0.090940     0.442531  
   300     0.090496     0.442299  
   301     0.090038     0.442204  
   302     0.089602     0.442168  
   303     0.089151     0.442031  
   304     0.088738     0.442134  
   305     0.088308     0.442241  
   306     0.087887     0.442073  
   307     0.087538     0.441927  
   308     0.087097     0.441822  
   309     0.086640     0.441657  
   310     0.086270     0.441689  
   311     0.085861     0.441464  
   312     0.085472     0.441332  
   313     0.085067     0.441426  
   314     0.084683     0.441566  
   315     0.084268     0.441486  
   316     0.083823     0.441616  
   317     0.083425     0.441783  
   318     0.083031     0.441703  
   319     0.082601     0.441587  
   320     0.082226     0.441535  
   321     0.081819     0.441513  
   322     0.081418     0.441485  
   323     0.081021     0.441651  
   324     0.080638     0.441638  
   325     0.080258     0.441546  
   326     0.079824     0.441517  
   327     0.079415     0.441257  
   328     0.079043     0.441106  
   329     0.078622     0.440986  
   330     0.078271     0.440818  
   331     0.077868     0.440814  
   332     0.077451     0.440711  
   333     0.077093     0.440465  
   334     0.076696     0.440362  
   335     0.076308     0.440342  
   336     0.075929     0.440154  
   337     0.075541     0.440248  
   338     0.075154     0.440063  
   339     0.074796     0.440096  
   340     0.074435     0.440027  
   341     0.074007     0.439908  
   342     0.073620     0.439912  
   343     0.073249     0.439801  
   344     0.072899     0.439603  
   345     0.072561     0.439705  
   346     0.072199     0.439528  
   347     0.071879     0.439487  
   348     0.071563     0.439532  
   349     0.071203     0.439556  
   350     0.070841     0.439630  
   351     0.070531     0.439435  
   352     0.070165     0.439313  
   353     0.069836     0.439300  
   354     0.069542     0.439247  
   355     0.069195     0.438889  
   356     0.068869     0.438910  
   357     0.068533     0.438929  
   358     0.068226     0.438912  
   359     0.067886     0.438991  
   360     0.067578     0.438804  
   361     0.067249     0.438809  
   362     0.066934     0.438770  
   363     0.066648     0.438790  
   364     0.066361     0.438695  
   365     0.066031     0.438726  
   366     0.065722     0.438513  
   367     0.065440     0.438483  
   368     0.065127     0.438504  
   369     0.064796     0.438481  
   370     0.064460     0.438390  
   371     0.064180     0.438462  
   372     0.063883     0.438166  
   373     0.063585     0.438084  
   374     0.063264     0.438121  
   375     0.062938     0.438219  
   376     0.062644     0.437948  
   377     0.062345     0.437960  
   378     0.062059     0.438005  
   379     0.061757     0.438088  
   380     0.061472     0.438075  
   381     0.061163     0.438102  
   382     0.060874     0.438156  
   383     0.060582     0.438079  
   384     0.060302     0.438183  
   385     0.059991     0.438220  
   386     0.059733     0.438180  
   387     0.059444     0.438036  
   388     0.059166     0.437950  
   389     0.058884     0.437690  
   390     0.058630     0.437627  
   391     0.058338     0.437507  
   392     0.058068     0.437459  
   393     0.057798     0.437474  
   394     0.057532     0.437530  
   395     0.057267     0.437463  
   396     0.056989     0.437413  
   397     0.056716     0.437393  
   398     0.056458     0.437343  
   399     0.056211     0.437420  
   400     0.055959     0.437388  
   401     0.055720     0.437385  
   402     0.055460     0.437467  
   403     0.055188     0.437486  
   404     0.054925     0.437435  
   405     0.054662     0.437437  
   406     0.054386     0.437291  
   407     0.054136     0.437335  
   408     0.053879     0.437328  
   409     0.053611     0.437452  
   410     0.053357     0.437369  
   411     0.053110     0.437201  
   412     0.052856     0.437077  
   413     0.052631     0.436991  
   414     0.052381     0.436969  
   415     0.052118     0.436856  
   416     0.051891     0.436735  
   417     0.051639     0.436601  
   418     0.051392     0.436608  
   419     0.051166     0.436560  
   420     0.050948     0.436593  
   421     0.050720     0.436735  
   422     0.050485     0.436607  
   423     0.050243     0.436519  
   424     0.050025     0.436526  
   425     0.049814     0.436326  
   426     0.049588     0.436191  
   427     0.049348     0.436106  
   428     0.049136     0.435955  
   429     0.048913     0.436006  
   430     0.048705     0.436027  
   431     0.048491     0.436066  
   432     0.048278     0.436004  
   433     0.048066     0.435874  
   434     0.047834     0.435805  
   435     0.047626     0.435743  
   436     0.047421     0.435604  
   437     0.047201     0.435677  
   438     0.046984     0.435650  
   439     0.046772     0.435701  
   440     0.046565     0.435574  
   441     0.046344     0.435731  
   442     0.046130     0.435664  
   443     0.045933     0.435678  
   444     0.045732     0.435802  
   445     0.045526     0.435712  
   446     0.045341     0.435750  
   447     0.045156     0.435746  
   448     0.044954     0.435629  
   449     0.044754     0.435619  
   450     0.044553     0.435564  
   451     0.044361     0.435522  
   452     0.044170     0.435437  
   453     0.043946     0.435427  
   454     0.043727     0.435404  
   455     0.043554     0.435390  
   456     0.043374     0.435384  
   457     0.043180     0.435269  
   458     0.042976     0.435067  
   459     0.042759     0.435138  
   460     0.042577     0.435086  
   461     0.042385     0.435183  
   462     0.042197     0.435213  
   463     0.042005     0.435143  
   464     0.041808     0.435161  
   465     0.041628     0.435255  
   466     0.041429     0.435200  
   467     0.041233     0.434932  
   468     0.041045     0.434855  
   469     0.040884     0.434762  
   470     0.040718     0.434720  
   471     0.040520     0.434713  
   472     0.040336     0.434725  
   473     0.040176     0.434742  
   474     0.039994     0.434763  
   475     0.039811     0.434661  
   476     0.039617     0.434555  
   477     0.039438     0.434572  
   478     0.039263     0.434592  
   479     0.039078     0.434640  
   480     0.038898     0.434600  
   481     0.038733     0.434669  
   482     0.038569     0.434629  
   483     0.038382     0.434516  
   484     0.038212     0.434526  
   485     0.038034     0.434556  
   486     0.037851     0.434601  
   487     0.037711     0.434498  
   488     0.037560     0.434426  
   489     0.037398     0.434304  
   490     0.037244     0.434355  
   491     0.037088     0.434416  
   492     0.036910     0.434302  
   493     0.036739     0.434366  
   494     0.036571     0.434258  
   495     0.036433     0.434249  
   496     0.036274     0.434231  
   497     0.036123     0.434248  
   498     0.035965     0.434329  
   499     0.035800     0.434346  
   500     0.035636     0.434284  
   501     0.035474     0.434273  
   502     0.035320     0.434240  
   503     0.035147     0.434265  
   504     0.034987     0.434259  
   505     0.034829     0.434199  
   506     0.034671     0.434192  
   507     0.034512     0.434250  
   508     0.034366     0.434319  
   509     0.034217     0.434453  
   510     0.034051     0.434387  
   511     0.033894     0.434521  
   512     0.033750     0.434523  
   513     0.033612     0.434653  
   514     0.033451     0.434669  
   515     0.033318     0.434597  
   516     0.033172     0.434554  
   517     0.033012     0.434444  
   518     0.032853     0.434352  
   519     0.032713     0.434408  
   520     0.032590     0.434522  
   521     0.032455     0.434423  
   522     0.032301     0.434471  
   523     0.032166     0.434445  
   524     0.032018     0.434552  
   525     0.031870     0.434439  
   526     0.031738     0.434420  
   527     0.031597     0.434500  
   528     0.031463     0.434508  
   529     0.031328     0.434528  
   530     0.031184     0.434494  
   531     0.031047     0.434551  
   532     0.030901     0.434554  
   533     0.030773     0.434503  
   534     0.030626     0.434464  
   535     0.030489     0.434453  
   536     0.030340     0.434428  
   537     0.030218     0.434432  
   538     0.030083     0.434383  
   539     0.029954     0.434370  
   540     0.029829     0.434435  
   541     0.029687     0.434407  
   542     0.029553     0.434267  
   543     0.029413     0.434254  
   544     0.029289     0.434332  
   545     0.029159     0.434382  
   546     0.029033     0.434363  
   547     0.028899     0.434263  
   548     0.028778     0.434198  
   549     0.028645     0.434101  
   550     0.028509     0.434168  
   551     0.028367     0.434079  
   552     0.028234     0.434182  
   553     0.028110     0.434208  
   554     0.027987     0.434280  
   555     0.027846     0.434156  
   556     0.027716     0.434032  
   557     0.027587     0.434027  
   558     0.027465     0.433990  
   559     0.027341     0.434011  
   560     0.027210     0.434032  
   561     0.027100     0.434117  
   562     0.026968     0.434073  
   563     0.026862     0.434065  
   564     0.026737     0.434116  
   565     0.026619     0.434131  
   566     0.026489     0.434196  
   567     0.026372     0.434181  
   568     0.026254     0.434128  
   569     0.026144     0.434106  
   570     0.026027     0.434048  
   571     0.025909     0.434062  
   572     0.025800     0.433907  
   573     0.025690     0.433891  
   574     0.025569     0.433842  
   575     0.025459     0.433775  
   576     0.025341     0.433776  
   577     0.025233     0.433731  
   578     0.025112     0.433764  
   579     0.024996     0.433781  
   580     0.024894     0.433700  
   581     0.024790     0.433634  
   582     0.024672     0.433604  
   583     0.024566     0.433577  
   584     0.024451     0.433692  
   585     0.024354     0.433631  
   586     0.024245     0.433654  
   587     0.024129     0.433702  
   588     0.024029     0.433690  
   589     0.023931     0.433685  
   590     0.023822     0.433678  
   591     0.023712     0.433692  
   592     0.023615     0.433578  
   593     0.023518     0.433590  
   594     0.023421     0.433618  
   595     0.023330     0.433615  
   596     0.023230     0.433704  
   597     0.023133     0.433812  
   598     0.023023     0.433803  
   599     0.022921     0.433786  
   600     0.022821     0.433758  
   601     0.022708     0.433648  
   602     0.022616     0.433574  
   603     0.022523     0.433514  
   604     0.022424     0.433468  
   605     0.022335     0.433513  
   606     0.022235     0.433480  
   607     0.022139     0.433539  
   608     0.022047     0.433565  
   609     0.021947     0.433557  
   610     0.021846     0.433525  
   611     0.021753     0.433441  
   612     0.021657     0.433448  
   613     0.021572     0.433541  
   614     0.021474     0.433547  
   615     0.021383     0.433402  
   616     0.021281     0.433394  
   617     0.021202     0.433345  
   618     0.021113     0.433249  
   619     0.021010     0.433231  
   620     0.020926     0.433294  
   621     0.020835     0.433288  
   622     0.020737     0.433286  
   623     0.020652     0.433255  
   624     0.020561     0.433276  
   625     0.020468     0.433419  
   626     0.020367     0.433440  
   627     0.020287     0.433381  
   628     0.020203     0.433425  
   629     0.020126     0.433422  
   630     0.020044     0.433396  
   631     0.019956     0.433441  
   632     0.019873     0.433387  
   633     0.019776     0.433401  
   634     0.019701     0.433340  
   635     0.019621     0.433282  
   636     0.019536     0.433199  
   637     0.019457     0.433188  
   638     0.019364     0.433119  
   639     0.019278     0.433128  
   640     0.019192     0.433218  
   641     0.019117     0.433278  
   642     0.019034     0.433194  
   643     0.018956     0.433254  
   644     0.018873     0.433194  
   645     0.018793     0.433172  
   646     0.018713     0.433243  
   647     0.018630     0.433184  
   648     0.018537     0.433191  
   649     0.018468     0.433221  
   650     0.018388     0.433240  
   651     0.018313     0.433267  
   652     0.018233     0.433303  
   653     0.018158     0.433273  
   654     0.018073     0.433242  
   655     0.017991     0.433259  
   656     0.017907     0.433210  
   657     0.017830     0.433144  
   658     0.017749     0.433168  
   659     0.017669     0.433189  
   660     0.017593     0.433202  
   661     0.017520     0.433164  
   662     0.017446     0.433179  
   663     0.017366     0.433132  
   664     0.017301     0.433077  
   665     0.017229     0.433102  
   666     0.017154     0.433065  
   667     0.017088     0.433073  
   668     0.017016     0.433031  
   669     0.016941     0.433005  
   670     0.016876     0.432942  
   671     0.016806     0.432909  
   672     0.016726     0.432916  
   673     0.016657     0.432852  
   674     0.016590     0.432830  
   675     0.016520     0.432779  
   676     0.016451     0.432820  
   677     0.016384     0.432880  
   678     0.016313     0.432809  
   679     0.016244     0.432744  
   680     0.016175     0.432711  
   681     0.016106     0.432710  
   682     0.016037     0.432661  
   683     0.015968     0.432723  
   684     0.015899     0.432717  
   685     0.015831     0.432684  
   686     0.015761     0.432663  
   687     0.015684     0.432650  
   688     0.015624     0.432568  
   689     0.015554     0.432618  
   690     0.015494     0.432584  
   691     0.015434     0.432579  
   692     0.015374     0.432556  
   693     0.015305     0.432586  
   694     0.015246     0.432534  
   695     0.015181     0.432448  
   696     0.015119     0.432414  
   697     0.015056     0.432397  
   698     0.014998     0.432329  
   699     0.014933     0.432361  
   700     0.014862     0.432338  
   701     0.014804     0.432236  
   702     0.014736     0.432205  
   703     0.014676     0.432187  
   704     0.014612     0.432192  
   705     0.014553     0.432130  
   706     0.014492     0.432117  
   707     0.014429     0.432083  
   708     0.014358     0.432049  
   709     0.014296     0.432075  
   710     0.014240     0.432071  
   711     0.014174     0.432095  
   712     0.014120     0.432104  
   713     0.014059     0.432158  
   714     0.013996     0.432152  
   715     0.013934     0.432019  
   716     0.013881     0.431983  
   717     0.013814     0.431946  
   718     0.013752     0.431939  
   719     0.013691     0.431997  
   720     0.013625     0.431943  
   721     0.013572     0.431892  
   722     0.013512     0.431900  
   723     0.013460     0.431909  
   724     0.013406     0.431903  
   725     0.013347     0.431917  
   726     0.013285     0.431852  
   727     0.013221     0.431797  
   728     0.013163     0.431800  
   729     0.013104     0.431826  
   730     0.013050     0.431774  
   731     0.012997     0.431774  
   732     0.012944     0.431717  
   733     0.012886     0.431716  
   734     0.012837     0.431697  
   735     0.012779     0.431678  
   736     0.012728     0.431657  
   737     0.012669     0.431654  
   738     0.012608     0.431648  
   739     0.012557     0.431686  
   740     0.012507     0.431629  
   741     0.012449     0.431627  
   742     0.012401     0.431620  
   743     0.012349     0.431670  
   744     0.012295     0.431661  
   745     0.012247     0.431674  
   746     0.012192     0.431657  
   747     0.012145     0.431675  
   748     0.012094     0.431642  
   749     0.012045     0.431669  
   750     0.011995     0.431612  
   751     0.011946     0.431593  
   752     0.011900     0.431595  
   753     0.011847     0.431591  
   754     0.011795     0.431617  
   755     0.011746     0.431515  
   756     0.011703     0.431497  
   757     0.011651     0.431432  
   758     0.011607     0.431438  
   759     0.011556     0.431475  
   760     0.011513     0.431497  
   761     0.011462     0.431457  
   762     0.011417     0.431399  
   763     0.011370     0.431315  
   764     0.011319     0.431313  
   765     0.011272     0.431225  
   766     0.011224     0.431244  
   767     0.011179     0.431264  
   768     0.011132     0.431250  
   769     0.011079     0.431279  
   770     0.011035     0.431232  
   771     0.010989     0.431262  
   772     0.010941     0.431267  
   773     0.010891     0.431226  
   774     0.010850     0.431221  
   775     0.010805     0.431148  
   776     0.010762     0.431060  
   777     0.010712     0.431076  
   778     0.010669     0.431054  
   779     0.010627     0.431056  
   780     0.010581     0.431037  
   781     0.010531     0.431006  
   782     0.010490     0.430972  
   783     0.010445     0.430968  
   784     0.010406     0.430950  
   785     0.010360     0.431004  
   786     0.010317     0.430936  
   787     0.010275     0.430932  
   788     0.010231     0.430931  
   789     0.010192     0.430992  
   790     0.010149     0.430966  
   791     0.010109     0.430906  
   792     0.010063     0.430900  
   793     0.010020     0.430910  
   794     0.009973     0.430907  
   795     0.009932     0.430907  
   796     0.009888     0.430863  
   797     0.009846     0.430820  
   798     0.009809     0.430811  
   799     0.009765     0.430772  
   800     0.009726     0.430762  
   801     0.009685     0.430710  
   802     0.009643     0.430704  
   803     0.009602     0.430763  
   804     0.009559     0.430750  
   805     0.009521     0.430756  
   806     0.009479     0.430758  
   807     0.009440     0.430715  
   808     0.009396     0.430665  
   809     0.009357     0.430637  
   810     0.009320     0.430701  
   811     0.009280     0.430655  
   812     0.009238     0.430663  
   813     0.009203     0.430664  
   814     0.009159     0.430628  
   815     0.009119     0.430617  
   816     0.009084     0.430602  
   817     0.009043     0.430597  
   818     0.009008     0.430529  
   819     0.008967     0.430501  
   820     0.008931     0.430498  
   821     0.008892     0.430413  
   822     0.008854     0.430414  
   823     0.008811     0.430403  
   824     0.008771     0.430341  
   825     0.008731     0.430336  
   826     0.008697     0.430290  
   827     0.008666     0.430317  
   828     0.008632     0.430324  
   829     0.008598     0.430302  
   830     0.008563     0.430299  
   831     0.008530     0.430280  
   832     0.008498     0.430282  
   833     0.008460     0.430264  
   834     0.008428     0.430216  
   835     0.008393     0.430215  
   836     0.008358     0.430184  
   837     0.008326     0.430152  
   838     0.008292     0.430130  
   839     0.008257     0.430164  
   840     0.008219     0.430166  
   841     0.008192     0.430209  
   842     0.008155     0.430247  
   843     0.008123     0.430259  
   844     0.008090     0.430228  
   845     0.008058     0.430216  
   846     0.008023     0.430275  
   847     0.007988     0.430203  
   848     0.007954     0.430209  
   849     0.007918     0.430219  
   850     0.007884     0.430254  
   851     0.007849     0.430231  
   852     0.007815     0.430260  
   853     0.007786     0.430237  
   854     0.007754     0.430300  
   855     0.007721     0.430278  
   856     0.007686     0.430251  
   857     0.007659     0.430185  
   858     0.007627     0.430205  
   859     0.007594     0.430163  
   860     0.007561     0.430097  
   861     0.007530     0.430104  
   862     0.007498     0.430089  
   863     0.007467     0.430061  
   864     0.007433     0.430045  
   865     0.007402     0.430014  
   866     0.007375     0.429984  
   867     0.007345     0.429997  
   868     0.007312     0.429992  
   869     0.007280     0.430023  
   870     0.007251     0.429973  
   871     0.007223     0.429947  
   872     0.007191     0.429949  
   873     0.007163     0.429957  
   874     0.007137     0.429980  
   875     0.007110     0.429966  
   876     0.007079     0.429979  
   877     0.007050     0.429981  
   878     0.007022     0.429952  
   879     0.006987     0.429960  
   880     0.006959     0.429928  
   881     0.006931     0.429936  
   882     0.006903     0.429899  
   883     0.006877     0.429898  
   884     0.006849     0.429866  
   885     0.006821     0.429840  
   886     0.006793     0.429849  
   887     0.006762     0.429865  
   888     0.006736     0.429877  
   889     0.006710     0.429873  
   890     0.006686     0.429879  
   891     0.006657     0.429829  
   892     0.006629     0.429827  
   893     0.006604     0.429839  
   894     0.006574     0.429779  
   895     0.006546     0.429756  
   896     0.006518     0.429712  
   897     0.006493     0.429730  
   898     0.006465     0.429720  
   899     0.006437     0.429691  
   900     0.006407     0.429657  
   901     0.006385     0.429651  
   902     0.006361     0.429648  
   903     0.006336     0.429637  
   904     0.006309     0.429643  
   905     0.006284     0.429632  
   906     0.006260     0.429683  
   907     0.006234     0.429692  
   908     0.006205     0.429695  
   909     0.006185     0.429664  
   910     0.006161     0.429652  
   911     0.006136     0.429671  
   912     0.006110     0.429674  
   913     0.006085     0.429667  
   914     0.006062     0.429640  
   915     0.006035     0.429598  
   916     0.006013     0.429594  
   917     0.005990     0.429622  
   918     0.005966     0.429618  
   919     0.005944     0.429630  
   920     0.005920     0.429636  
   921     0.005897     0.429631  
   922     0.005877     0.429631  
   923     0.005857     0.429643  
   924     0.005834     0.429579  
   925     0.005809     0.429538  
   926     0.005787     0.429551  
   927     0.005761     0.429504  
   928     0.005738     0.429529  
   929     0.005715     0.429484  
   930     0.005695     0.429486  
   931     0.005672     0.429500  
   932     0.005645     0.429500  
   933     0.005622     0.429491  
   934     0.005600     0.429432  
   935     0.005575     0.429485  
   936     0.005552     0.429510  
   937     0.005529     0.429517  
   938     0.005507     0.429559  
   939     0.005483     0.429586  
   940     0.005462     0.429624  
   941     0.005438     0.429631  
   942     0.005417     0.429606  
   943     0.005395     0.429618  
   944     0.005374     0.429636  
   945     0.005353     0.429633  
   946     0.005331     0.429553  
   947     0.005307     0.429548  
   948     0.005284     0.429558  
   949     0.005264     0.429631  
   950     0.005241     0.429599  
   951     0.005218     0.429577  
   952     0.005198     0.429575  
   953     0.005176     0.429579  
   954     0.005154     0.429651  
   955     0.005132     0.429634  
   956     0.005109     0.429665  
   957     0.005087     0.429651  
   958     0.005066     0.429637  
   959     0.005043     0.429648  
   960     0.005022     0.429640  
   961     0.005004     0.429646  
   962     0.004984     0.429662  
   963     0.004965     0.429628  
   964     0.004946     0.429661  
   965     0.004924     0.429670  
   966     0.004906     0.429663  
   967     0.004887     0.429627  
   968     0.004869     0.429612  
   969     0.004848     0.429581  
   970     0.004829     0.429571  
   971     0.004810     0.429578  
   972     0.004790     0.429567  
   973     0.004772     0.429570  
   974     0.004752     0.429582  
   975     0.004731     0.429568  
   976     0.004712     0.429541  
   977     0.004691     0.429556  
   978     0.004672     0.429553  
   979     0.004654     0.429540  
   980     0.004633     0.429533  
   981     0.004615     0.429502  
   982     0.004597     0.429506  
   983     0.004577     0.429483  
   984     0.004556     0.429518  
   985     0.004537     0.429525  
   986     0.004517     0.429512  
   987     0.004497     0.429482  
   988     0.004481     0.429488  
   989     0.004463     0.429502  
   990     0.004444     0.429528  
   991     0.004425     0.429562  
   992     0.004405     0.429587  
   993     0.004386     0.429587  
   994     0.004369     0.429614  
   995     0.004349     0.429593  
   996     0.004332     0.429572  
   997     0.004315     0.429582  
   998     0.004299     0.429592  
   999     0.004280     0.429604  
  1000     0.004263     0.429603  
  1001     0.004247     0.429585  
  1002     0.004228     0.429571  
  1003     0.004210     0.429555  
  1004     0.004192     0.429615  
  1005     0.004175     0.429633  
  1006     0.004158     0.429629  
  1007     0.004142     0.429614  
  1008     0.004127     0.429634  
  1009     0.004109     0.429610  
  1010     0.004093     0.429593  
  1011     0.004077     0.429573  
  1012     0.004062     0.429545  
  1013     0.004046     0.429546  
  1014     0.004029     0.429545  
  1015     0.004013     0.429525  
  1016     0.003995     0.429511  
  1017     0.003980     0.429483  
  1018     0.003962     0.429486  
  1019     0.003948     0.429488  
  1020     0.003931     0.429471  
  1021     0.003914     0.429501  
  1022     0.003899     0.429488  
  1023     0.003882     0.429491  
  1024     0.003866     0.429456  
  1025     0.003852     0.429449  
  1026     0.003837     0.429439  
  1027     0.003821     0.429444  
  1028     0.003804     0.429447  
  1029     0.003788     0.429402  
  1030     0.003773     0.429395  
  1031     0.003760     0.429402  
  1032     0.003744     0.429447  
  1033     0.003729     0.429445  
  1034     0.003717     0.429454  
  1035     0.003701     0.429446  
  1036     0.003685     0.429458  
  1037     0.003671     0.429469  
  1038     0.003657     0.429459  
  1039     0.003643     0.429441  
  1040     0.003629     0.429416  
  1041     0.003614     0.429435  
  1042     0.003601     0.429455  
  1043     0.003589     0.429468  
  1044     0.003574     0.429459  
  1045     0.003559     0.429452  
  1046     0.003545     0.429467  
  1047     0.003532     0.429443  
  1048     0.003520     0.429463  
  1049     0.003505     0.429461  
  1050     0.003491     0.429455  
  1051     0.003477     0.429467  
  1052     0.003461     0.429477  
  1053     0.003448     0.429476  
  1054     0.003433     0.429448  
  1055     0.003422     0.429470  
  1056     0.003410     0.429447  
  1057     0.003396     0.429431  
  1058     0.003383     0.429419  
  1059     0.003372     0.429424  
  1060     0.003359     0.429409  
  1061     0.003344     0.429408  
  1062     0.003331     0.429420  
  1063     0.003318     0.429399  
  1064     0.003306     0.429444  
  1065     0.003293     0.429479  
  1066     0.003280     0.429487  
  1067     0.003268     0.429468  
  1068     0.003254     0.429460  
  1069     0.003242     0.429430  
  1070     0.003227     0.429458  
  1071     0.003213     0.429449  
  1072     0.003201     0.429465  
  1073     0.003187     0.429456  
  1074     0.003174     0.429449  
  1075     0.003162     0.429456  
  1076     0.003148     0.429471  
  1077     0.003135     0.429444  
  1078     0.003123     0.429435  
  1079     0.003110     0.429419  
  1080     0.003097     0.429406  
  1081     0.003084     0.429449  
  1082     0.003072     0.429440  
  1083     0.003059     0.429486  
  1084     0.003047     0.429453  
  1085     0.003035     0.429445  
  1086     0.003024     0.429453  
  1087     0.003011     0.429429  
  1088     0.002998     0.429433  
  1089     0.002987     0.429422  
  1090     0.002974     0.429414  
  1091     0.002961     0.429406  
  1092     0.002947     0.429427  
  1093     0.002936     0.429403  
  1094     0.002924     0.429404  
  1095     0.002914     0.429401  
  1096     0.002903     0.429423  
  1097     0.002891     0.429402  
  1098     0.002880     0.429389  
  1099     0.002869     0.429389  
  1100     0.002856     0.429370  
  1101     0.002844     0.429380  
  1102     0.002832     0.429362  
  1103     0.002820     0.429387  
  1104     0.002809     0.429378  
  1105     0.002797     0.429372  
  1106     0.002786     0.429398  
  1107     0.002775     0.429375  
  1108     0.002765     0.429397  
  1109     0.002754     0.429366  
  1110     0.002743     0.429388  
  1111     0.002731     0.429386  
  1112     0.002721     0.429389  
  1113     0.002711     0.429431  
  1114     0.002700     0.429430  
  1115     0.002689     0.429454  
  1116     0.002678     0.429457  
  1117     0.002667     0.429428  
  1118     0.002656     0.429425  
  1119     0.002646     0.429418  
  1120     0.002636     0.429403  
  1121     0.002625     0.429422  
  1122     0.002614     0.429437  
  1123     0.002604     0.429421  
  1124     0.002594     0.429442  
  1125     0.002583     0.429450  
  1126     0.002574     0.429424  
  1127     0.002564     0.429386  
  1128     0.002554     0.429401  
  1129     0.002543     0.429399  
  1130     0.002532     0.429400  
  1131     0.002521     0.429440  
  1132     0.002512     0.429464  
  1133     0.002501     0.429428  
  1134     0.002491     0.429406  
  1135     0.002481     0.429405  
  1136     0.002472     0.429399  
  1137     0.002462     0.429411  
  1138     0.002451     0.429424  
  1139     0.002441     0.429436  
  1140     0.002431     0.429440  
  1141     0.002420     0.429437  
  1142     0.002410     0.429456  
  1143     0.002401     0.429454  
  1144     0.002390     0.429450  
  1145     0.002382     0.429455  
  1146     0.002371     0.429446  
  1147     0.002362     0.429445  
  1148     0.002353     0.429450  
  1149     0.002343     0.429484  
  1150     0.002335     0.429474  
  1151     0.002326     0.429461  
  1152     0.002317     0.429491  
  1153     0.002308     0.429500  
  1154     0.002299     0.429461  
  1155     0.002289     0.429457  
  1156     0.002280     0.429469  
  1157     0.002271     0.429439  
  1158     0.002263     0.429430  
  1159     0.002254     0.429447  
  1160     0.002244     0.429435  
  1161     0.002234     0.429438  
  1162     0.002225     0.429415  
  1163     0.002217     0.429398  
  1164     0.002208     0.429394  
  1165     0.002201     0.429394  
  1166     0.002192     0.429386  
  1167     0.002184     0.429369  
  1168     0.002175     0.429362  
  1169     0.002167     0.429380  
  1170     0.002158     0.429403  
  1171     0.002149     0.429378  
  1172     0.002139     0.429382  
  1173     0.002130     0.429355  
  1174     0.002122     0.429355  
  1175     0.002113     0.429360  
  1176     0.002105     0.429359  
  1177     0.002098     0.429371  
  1178     0.002090     0.429374  
  1179     0.002081     0.429371  
  1180     0.002073     0.429373  
  1181     0.002065     0.429356  
  1182     0.002056     0.429380  
  1183     0.002048     0.429360  
  1184     0.002040     0.429335  
  1185     0.002031     0.429357  
  1186     0.002023     0.429340  
  1187     0.002014     0.429332  
  1188     0.002007     0.429313  
  1189     0.001999     0.429317  
  1190     0.001991     0.429281  
  1191     0.001982     0.429289  
  1192     0.001975     0.429289  
  1193     0.001968     0.429296  
  1194     0.001960     0.429268  
  1195     0.001952     0.429261  
  1196     0.001945     0.429258  
  1197     0.001937     0.429244  
  1198     0.001929     0.429257  
  1199     0.001922     0.429244  
  1200     0.001915     0.429237  
  1201     0.001908     0.429253  
  1202     0.001900     0.429266  
  1203     0.001892     0.429288  
  1204     0.001885     0.429315  
  1205     0.001878     0.429297  
  1206     0.001870     0.429312  
  1207     0.001864     0.429315  
  1208     0.001856     0.429305  
  1209     0.001849     0.429283  
  1210     0.001841     0.429264  
  1211     0.001833     0.429276  
  1212     0.001826     0.429268  
  1213     0.001819     0.429266  
  1214     0.001813     0.429264  
  1215     0.001805     0.429276  
  1216     0.001799     0.429270  
  1217     0.001791     0.429268  
  1218     0.001783     0.429237  
  1219     0.001776     0.429230  
  1220     0.001769     0.429219  
  1221     0.001762     0.429227  
  1222     0.001756     0.429222  
  1223     0.001749     0.429221  
  1224     0.001741     0.429237  
  1225     0.001734     0.429252  
  1226     0.001728     0.429252  
  1227     0.001721     0.429253  
  1228     0.001714     0.429289  
  1229     0.001707     0.429273  
  1230     0.001701     0.429260  
  1231     0.001693     0.429248  
  1232     0.001687     0.429227  
  1233     0.001680     0.429227  
  1234     0.001673     0.429262  
  1235     0.001667     0.429287  
  1236     0.001660     0.429284  
  1237     0.001654     0.429307  
  1238     0.001648     0.429319  
  1239     0.001642     0.429315  
  1240     0.001635     0.429318  
  1241     0.001628     0.429299  
  1242     0.001622     0.429291  
  1243     0.001616     0.429302  
  1244     0.001610     0.429304  
  1245     0.001604     0.429303  
  1246     0.001598     0.429274  
  1247     0.001591     0.429278  
  1248     0.001585     0.429290  
  1249     0.001579     0.429266  
  1250     0.001573     0.429281  
  1251     0.001567     0.429277  
  1252     0.001562     0.429268  
  1253     0.001556     0.429259  
  1254     0.001550     0.429255  
  1255     0.001544     0.429251  
  1256     0.001538     0.429221  
  1257     0.001532     0.429226  
  1258     0.001525     0.429231  
  1259     0.001520     0.429226  
  1260     0.001513     0.429211  
  1261     0.001507     0.429201  
  1262     0.001501     0.429201  
  1263     0.001495     0.429210  
  1264     0.001489     0.429195  
  1265     0.001483     0.429202  
  1266     0.001477     0.429195  
  1267     0.001471     0.429206  
  1268     0.001465     0.429200  
  1269     0.001459     0.429197  
  1270     0.001453     0.429208  
  1271     0.001448     0.429199  
  1272     0.001442     0.429189  
  1273     0.001436     0.429177  
  1274     0.001431     0.429175  
  1275     0.001424     0.429179  
  1276     0.001419     0.429164  
  1277     0.001414     0.429148  
  1278     0.001408     0.429148  
  1279     0.001403     0.429147  
  1280     0.001397     0.429140  
  1281     0.001392     0.429123  
  1282     0.001388     0.429122  
  1283     0.001382     0.429122  
  1284     0.001376     0.429124  
  1285     0.001370     0.429124  
  1286     0.001365     0.429106  
  1287     0.001359     0.429123  
  1288     0.001354     0.429096  
  1289     0.001348     0.429101  
  1290     0.001344     0.429103  
  1291     0.001338     0.429108  
  1292     0.001334     0.429124  
  1293     0.001328     0.429119  
  1294     0.001323     0.429103  
  1295     0.001318     0.429105  
  1296     0.001313     0.429088  
  1297     0.001307     0.429102  
  1298     0.001301     0.429113  
  1299     0.001296     0.429094  
  1300     0.001290     0.429101  
  1301     0.001284     0.429100  
  1302     0.001279     0.429103  
  1303     0.001274     0.429098  
  1304     0.001269     0.429096  
  1305     0.001264     0.429080  
  1306     0.001260     0.429074  
  1307     0.001255     0.429062  
  1308     0.001250     0.429038  
  1309     0.001245     0.429047  
  1310     0.001241     0.429033  
  1311     0.001236     0.429036  
  1312     0.001231     0.429014  
  1313     0.001227     0.429002  
  1314     0.001221     0.428981  
  1315     0.001216     0.428972  
  1316     0.001212     0.428975  
  1317     0.001207     0.428976  
  1318     0.001202     0.428968  
  1319     0.001198     0.428962  
  1320     0.001193     0.428978  
  1321     0.001189     0.428976  
  1322     0.001184     0.428979  
  1323     0.001180     0.428984  
  1324     0.001175     0.429005  
  1325     0.001170     0.428995  
  1326     0.001166     0.428986  
  1327     0.001161     0.428981  
  1328     0.001157     0.428968  
  1329     0.001152     0.428950  
  1330     0.001148     0.428942  
  1331     0.001144     0.428930  
  1332     0.001140     0.428929  
  1333     0.001135     0.428916  
  1334     0.001130     0.428910  
  1335     0.001127     0.428933  
  1336     0.001122     0.428923  
  1337     0.001118     0.428920  
  1338     0.001114     0.428925  
  1339     0.001109     0.428911  
  1340     0.001104     0.428890  
  1341     0.001100     0.428900  
  1342     0.001096     0.428899  
  1343     0.001092     0.428907  
  1344     0.001088     0.428887  
  1345     0.001084     0.428880  
  1346     0.001080     0.428883  
  1347     0.001075     0.428891  
  1348     0.001071     0.428903  
  1349     0.001067     0.428905  
  1350     0.001063     0.428891  
  1351     0.001058     0.428899  
  1352     0.001055     0.428888  
  1353     0.001051     0.428879  
  1354     0.001047     0.428872  
  1355     0.001043     0.428881  
  1356     0.001039     0.428881  
  1357     0.001034     0.428895  
  1358     0.001030     0.428898  
  1359     0.001026     0.428904  
  1360     0.001022     0.428902  
  1361     0.001018     0.428892  
  1362     0.001014     0.428883  
  1363     0.001010     0.428887  
  1364     0.001006     0.428858  
  1365     0.001002     0.428841  
  1366     0.000998     0.428847  
  1367     0.000994     0.428858  
  1368     0.000990     0.428859  
  1369     0.000986     0.428876  
  1370     0.000983     0.428884  
  1371     0.000979     0.428898  
  1372     0.000975     0.428913  
  1373     0.000971     0.428891  
  1374     0.000968     0.428893  
  1375     0.000964     0.428889  
  1376     0.000960     0.428895  
  1377     0.000956     0.428895  
  1378     0.000952     0.428896  
  1379     0.000948     0.428891  
  1380     0.000944     0.428882  
  1381     0.000941     0.428873  
  1382     0.000937     0.428862  
  1383     0.000934     0.428861  
  1384     0.000931     0.428844  
  1385     0.000927     0.428858  
  1386     0.000923     0.428850  
  1387     0.000919     0.428846  
  1388     0.000916     0.428836  
  1389     0.000912     0.428847  
  1390     0.000908     0.428833  
  1391     0.000905     0.428843  
  1392     0.000901     0.428854  
  1393     0.000897     0.428835  
  1394     0.000893     0.428843  
  1395     0.000890     0.428836  
  1396     0.000887     0.428840  
  1397     0.000884     0.428847  
  1398     0.000881     0.428831  
  1399     0.000878     0.428837  
  1400     0.000874     0.428849  
  1401     0.000871     0.428838  
  1402     0.000868     0.428834  
  1403     0.000864     0.428844  
  1404     0.000861     0.428847  
  1405     0.000858     0.428864  
  1406     0.000855     0.428865  
  1407     0.000851     0.428871  
  1408     0.000848     0.428862  
  1409     0.000845     0.428863  
  1410     0.000842     0.428887  
  1411     0.000838     0.428875  
  1412     0.000834     0.428876  
  1413     0.000831     0.428871  
  1414     0.000828     0.428879  
  1415     0.000825     0.428876  
  1416     0.000822     0.428877  
  1417     0.000818     0.428875  
  1418     0.000815     0.428877  
  1419     0.000812     0.428889  
  1420     0.000809     0.428873  
  1421     0.000806     0.428868  
  1422     0.000802     0.428872  
  1423     0.000799     0.428852  
  1424     0.000796     0.428852  
  1425     0.000793     0.428857  
  1426     0.000790     0.428852  
  1427     0.000787     0.428863  
  1428     0.000784     0.428866  
  1429     0.000781     0.428869  
  1430     0.000777     0.428871  
  1431     0.000775     0.428864  
  1432     0.000772     0.428858  
  1433     0.000769     0.428869  
  1434     0.000765     0.428867  
  1435     0.000762     0.428856  
  1436     0.000759     0.428857  
  1437     0.000756     0.428867  
  1438     0.000753     0.428861  
  1439     0.000750     0.428858  
  1440     0.000747     0.428877  
  1441     0.000744     0.428864  
  1442     0.000741     0.428852  
  1443     0.000738     0.428862  
  1444     0.000735     0.428852  
  1445     0.000732     0.428851  
  1446     0.000730     0.428836  
  1447     0.000727     0.428822  
  1448     0.000724     0.428829  
  1449     0.000721     0.428826  
  1450     0.000718     0.428812  
  1451     0.000715     0.428791  
  1452     0.000713     0.428785  
  1453     0.000710     0.428778  
  1454     0.000707     0.428780  
  1455     0.000704     0.428783  
  1456     0.000702     0.428788  
  1457     0.000699     0.428788  
  1458     0.000696     0.428792  
  1459     0.000694     0.428797  
  1460     0.000692     0.428798  
  1461     0.000689     0.428787  
  1462     0.000687     0.428778  
  1463     0.000684     0.428781  
  1464     0.000681     0.428785  
  1465     0.000678     0.428784  
  1466     0.000676     0.428770  
  1467     0.000673     0.428767  
  1468     0.000671     0.428769  
  1469     0.000668     0.428774  
  1470     0.000665     0.428770  
  1471     0.000663     0.428765  
  1472     0.000660     0.428776  
  1473     0.000657     0.428776  
  1474     0.000654     0.428767  
  1475     0.000652     0.428754  
  1476     0.000649     0.428748  
  1477     0.000646     0.428746  
  1478     0.000644     0.428749  
  1479     0.000641     0.428756  
  1480     0.000639     0.428769  
  1481     0.000636     0.428771  
  1482     0.000634     0.428783  
  1483     0.000632     0.428799  
  1484     0.000630     0.428783  
  1485     0.000627     0.428789  
  1486     0.000625     0.428785  
  1487     0.000622     0.428788  
  1488     0.000620     0.428800  
  1489     0.000617     0.428792  
  1490     0.000615     0.428794  
  1491     0.000613     0.428812  
  1492     0.000610     0.428819  
  1493     0.000608     0.428812  
  1494     0.000605     0.428810  
  1495     0.000603     0.428781  
  1496     0.000601     0.428767  
  1497     0.000598     0.428752  
  1498     0.000596     0.428759  
  1499     0.000594     0.428755  
  1500     0.000592     0.428750  
  1501     0.000589     0.428745  
  1502     0.000587     0.428750  
  1503     0.000585     0.428759  
  1504     0.000583     0.428763  
  1505     0.000580     0.428758  
  1506     0.000578     0.428753  
  1507     0.000576     0.428745  
  1508     0.000574     0.428753  
  1509     0.000572     0.428754  
  1510     0.000569     0.428740  
  1511     0.000567     0.428736  
  1512     0.000565     0.428728  
  1513     0.000562     0.428728  
  1514     0.000560     0.428732  
  1515     0.000558     0.428724  
  1516     0.000556     0.428714  
  1517     0.000554     0.428727  
  1518     0.000551     0.428728  
  1519     0.000549     0.428712  
  1520     0.000547     0.428722  
  1521     0.000545     0.428741  
  1522     0.000542     0.428734  
  1523     0.000540     0.428713  
  1524     0.000538     0.428715  
  1525     0.000536     0.428708  
  1526     0.000534     0.428709  
  1527     0.000532     0.428717  
  1528     0.000530     0.428713  
  1529     0.000528     0.428711  
  1530     0.000526     0.428702  
  1531     0.000524     0.428696  
  1532     0.000522     0.428684  
  1533     0.000520     0.428690  
  1534     0.000517     0.428691  
  1535     0.000516     0.428691  
  1536     0.000514     0.428700  
  1537     0.000512     0.428699  
  1538     0.000510     0.428711  
  1539     0.000508     0.428723  
  1540     0.000506     0.428716  
  1541     0.000505     0.428706  
  1542     0.000503     0.428699  
  1543     0.000501     0.428695  
  1544     0.000499     0.428685  
  1545     0.000497     0.428691  
  1546     0.000495     0.428683  
  1547     0.000494     0.428680  
  1548     0.000492     0.428688  
  1549     0.000490     0.428685  
  1550     0.000488     0.428688  
  1551     0.000486     0.428696  
  1552     0.000484     0.428692  
  1553     0.000482     0.428695  
  1554     0.000480     0.428676  
  1555     0.000478     0.428687  
  1556     0.000476     0.428691  
  1557     0.000475     0.428698  
  1558     0.000473     0.428706  
  1559     0.000471     0.428702  
  1560     0.000469     0.428691  
  1561     0.000468     0.428696  
  1562     0.000466     0.428693  
  1563     0.000464     0.428690  
  1564     0.000462     0.428690  
  1565     0.000461     0.428709  
  1566     0.000459     0.428700  
  1567     0.000457     0.428696  
  1568     0.000456     0.428691  
  1569     0.000454     0.428691  
  1570     0.000452     0.428698  
  1571     0.000450     0.428698  
  1572     0.000448     0.428702  
  1573     0.000446     0.428693  
  1574     0.000445     0.428687  
  1575     0.000443     0.428676  
  1576     0.000442     0.428674  
  1577     0.000440     0.428665  
  1578     0.000438     0.428665  
  1579     0.000436     0.428671  
  1580     0.000434     0.428672  
  1581     0.000433     0.428678  
  1582     0.000431     0.428680  
  1583     0.000430     0.428678  
  1584     0.000428     0.428667  
  1585     0.000426     0.428667  
  1586     0.000424     0.428656  
  1587     0.000423     0.428660  
  1588     0.000421     0.428672  
  1589     0.000419     0.428665  
  1590     0.000418     0.428670  
  1591     0.000416     0.428672  
  1592     0.000414     0.428665  
  1593     0.000413     0.428667  
  1594     0.000412     0.428667  
  1595     0.000410     0.428667  
  1596     0.000408     0.428669  
  1597     0.000407     0.428663  
  1598     0.000405     0.428667  
  1599     0.000404     0.428657  
  1600     0.000402     0.428655  
  1601     0.000400     0.428650  
  1602     0.000399     0.428652  
  1603     0.000397     0.428647  
  1604     0.000396     0.428640  
  1605     0.000394     0.428642  
  1606     0.000393     0.428645  
  1607     0.000391     0.428646  
  1608     0.000389     0.428643  
  1609     0.000388     0.428638  
  1610     0.000386     0.428640  
  1611     0.000385     0.428644  
  1612     0.000383     0.428635  
  1613     0.000382     0.428645  
  1614     0.000380     0.428631  
  1615     0.000379     0.428623  
  1616     0.000377     0.428620  
  1617     0.000376     0.428614  * best
  1618     0.000374     0.428622  
  1619     0.000373     0.428621  
  1620     0.000371     0.428621  
  1621     0.000370     0.428623  
  1622     0.000369     0.428637  
  1623     0.000367     0.428645  
  1624     0.000366     0.428645  
  1625     0.000364     0.428652  
  1626     0.000363     0.428642  
  1627     0.000362     0.428643  
  1628     0.000360     0.428647  
  1629     0.000359     0.428635  
  1630     0.000357     0.428645  
  1631     0.000356     0.428645  
  1632     0.000355     0.428637  
  1633     0.000353     0.428638  
  1634     0.000352     0.428636  
  1635     0.000351     0.428633  
  1636     0.000349     0.428630  
  1637     0.000348     0.428623  
  1638     0.000347     0.428629  
  1639     0.000346     0.428623  
  1640     0.000344     0.428634  
  1641     0.000343     0.428641  
  1642     0.000342     0.428634  
  1643     0.000340     0.428633  
  1644     0.000339     0.428638  
  1645     0.000338     0.428643  
  1646     0.000337     0.428645  
  1647     0.000335     0.428646  
  1648     0.000334     0.428639  
  1649     0.000333     0.428636  
  1650     0.000331     0.428636  
  1651     0.000330     0.428643  
  1652     0.000329     0.428647  
  1653     0.000328     0.428643  
  1654     0.000326     0.428647  
  1655     0.000325     0.428649  
  1656     0.000324     0.428653  
  1657     0.000323     0.428654  
  1658     0.000321     0.428650  
  1659     0.000320     0.428654  
  1660     0.000319     0.428656  
  1661     0.000318     0.428652  
  1662     0.000316     0.428649  
  1663     0.000315     0.428650  
  1664     0.000314     0.428647  
  1665     0.000313     0.428643  
  1666     0.000311     0.428646  
  1667     0.000310     0.428646  
  1668     0.000309     0.428654  
  1669     0.000308     0.428654  
  1670     0.000307     0.428648  
  1671     0.000306     0.428652  
  1672     0.000304     0.428647  
  1673     0.000303     0.428641  
  1674     0.000302     0.428638  
  1675     0.000301     0.428637  
  1676     0.000300     0.428646  
  1677     0.000299     0.428667  
  1678     0.000297     0.428666  
  1679     0.000296     0.428662  
  1680     0.000295     0.428660  
  1681     0.000294     0.428653  
  1682     0.000293     0.428644  
  1683     0.000292     0.428650  
  1684     0.000291     0.428649  
  1685     0.000289     0.428648  
  1686     0.000288     0.428661  
  1687     0.000287     0.428669  
  1688     0.000286     0.428664  
  1689     0.000285     0.428667  
  1690     0.000284     0.428668  
  1691     0.000283     0.428667  
  1692     0.000282     0.428672  
  1693     0.000281     0.428675  
  1694     0.000280     0.428682  
  1695     0.000279     0.428670  
  1696     0.000278     0.428663  
  1697     0.000277     0.428670  
  1698     0.000276     0.428666  
  1699     0.000275     0.428660  
  1700     0.000274     0.428652  
  1701     0.000273     0.428652  
  1702     0.000272     0.428662  
  1703     0.000271     0.428656  
  1704     0.000270     0.428653  
  1705     0.000269     0.428648  
  1706     0.000268     0.428642  
  1707     0.000267     0.428644  
  1708     0.000266     0.428637  
  1709     0.000265     0.428630  
  1710     0.000264     0.428630  
  1711     0.000263     0.428635  
  1712     0.000262     0.428634  
  1713     0.000261     0.428631  
  1714     0.000260     0.428635  
  1715     0.000259     0.428629  
  1716     0.000258     0.428627  
  1717     0.000257     0.428635  
# best iteration 1617 (val l2 0.428614)
# Spearman  train +0.9951  val +0.7617  test +0.7742
