# gbm_seq+boltz+energy seed 0
# boosted trees on seq+boltz+energy
# inputs 2837, 246 trees
# LightGBM gradient-boosted trees, objective l2, lr 0.05, num_leaves 31, min_data_in_leaf 20, feature_fraction 0.3, bagging 0.8, lambda_l2 1.0, up to 3000 rounds, early stopping 100 on validation l2
# loss = l2 on standardised log10 half-life
#
 round        train          val  note
     1     0.961604     0.812182  
     2     0.923734     0.804683  
     3     0.887665     0.796807  
     4     0.854727     0.786004  
     5     0.824591     0.780705  
     6     0.796526     0.767447  
     7     0.770632     0.765999  
     8     0.748078     0.755328  
     9     0.726866     0.750944  
    10     0.705102     0.748909  
    11     0.686313     0.742830  
    12     0.668006     0.737275  
    13     0.650813     0.736001  
    14     0.635200     0.734874  
    15     0.619923     0.731894  
    16     0.605573     0.726943  
    17     0.591901     0.722570  
    18     0.579296     0.717417  
    19     0.566972     0.710895  
    20     0.555750     0.709262  
    21     0.545558     0.705064  
    22     0.535654     0.704184  
    23     0.525797     0.700521  
    24     0.517824     0.699721  
    25     0.509246     0.695118  
    26     0.500647     0.693743  
    27     0.492272     0.691742  
    28     0.484887     0.688924  
    29     0.477886     0.685809  
    30     0.471153     0.682055  
    31     0.464211     0.680548  
    32     0.457772     0.677552  
    33     0.451362     0.674202  
    34     0.445620     0.674395  
    35     0.440393     0.673604  
    36     0.435171     0.673741  
    37     0.430426     0.672738  
    38     0.425726     0.672294  
    39     0.420693     0.671605  
    40     0.416476     0.668182  
    41     0.411826     0.667360  
    42     0.407240     0.664951  
    43     0.402821     0.662051  
    44     0.398443     0.661153  
    45     0.393990     0.656867  
    46     0.390049     0.655840  
    47     0.385991     0.653941  
    48     0.382555     0.652532  
    49     0.378570     0.649984  
    50     0.375490     0.648986  
    51     0.371660     0.646179  
    52     0.368393     0.644552  
    53     0.365155     0.644627  
    54     0.361682     0.644022  
    55     0.358405     0.642281  
    56     0.354365     0.643826  
    57     0.351472     0.643017  
    58     0.348406     0.640933  
    59     0.345068     0.635583  
    60     0.341865     0.633779  
    61     0.339134     0.631978  
    62     0.335933     0.629654  
    63     0.333173     0.629721  
    64     0.330668     0.628862  
    65     0.328361     0.628009  
    66     0.325860     0.626078  
    67     0.323423     0.623533  
    68     0.321191     0.623521  
    69     0.318824     0.624162  
    70     0.316519     0.625143  
    71     0.314078     0.622825  
    72     0.311795     0.621796  
    73     0.309384     0.619264  
    74     0.307216     0.619874  
    75     0.305008     0.617903  
    76     0.303085     0.617234  
    77     0.300795     0.617311  
    78     0.298415     0.616494  
    79     0.296515     0.616281  
    80     0.294202     0.615298  
    81     0.292221     0.614672  
    82     0.290217     0.613822  
    83     0.288216     0.614368  
    84     0.286468     0.615096  
    85     0.284539     0.614844  
    86     0.282378     0.614112  
    87     0.280416     0.614516  
    88     0.278444     0.613642  
    89     0.276462     0.612406  
    90     0.274671     0.611532  
    91     0.272838     0.610900  
    92     0.271061     0.610979  
    93     0.269328     0.611191  
    94     0.267584     0.610847  
    95     0.265976     0.610227  
    96     0.264252     0.610504  
    97     0.262490     0.609610  
    98     0.260758     0.610108  
    99     0.258949     0.608535  
   100     0.257293     0.608606  
   101     0.255676     0.608093  
   102     0.253817     0.607937  
   103     0.252102     0.607864  
   104     0.250410     0.607511  
   105     0.248953     0.606802  
   106     0.247325     0.606575  
   107     0.245810     0.607372  
   108     0.244251     0.608276  
   109     0.242782     0.608787  
   110     0.241343     0.608539  
   111     0.239809     0.607590  
   112     0.238366     0.607504  
   113     0.236938     0.607139  
   114     0.235509     0.606826  
   115     0.234108     0.606440  
   116     0.232435     0.609421  
   117     0.230966     0.609078  
   118     0.229634     0.608717  
   119     0.228293     0.608749  
   120     0.226978     0.609758  
   121     0.225640     0.609428  
   122     0.224250     0.609543  
   123     0.222895     0.609030  
   124     0.221587     0.608251  
   125     0.220280     0.607706  
   126     0.219021     0.607461  
   127     0.217694     0.607651  
   128     0.216517     0.608604  
   129     0.215329     0.608841  
   130     0.214124     0.608235  
   131     0.212915     0.608219  
   132     0.211663     0.607304  
   133     0.210462     0.606739  
   134     0.209201     0.606149  
   135     0.208036     0.605914  
   136     0.206836     0.605559  
   137     0.205650     0.605280  
   138     0.204459     0.604374  
   139     0.203257     0.604304  
   140     0.202045     0.604373  
   141     0.201015     0.604435  
   142     0.199949     0.604008  
   143     0.198836     0.603828  
   144     0.197718     0.604630  
   145     0.196494     0.605313  
   146     0.195416     0.605125  
   147     0.194297     0.604473  
   148     0.193166     0.604659  
   149     0.192135     0.603514  
   150     0.191059     0.603397  
   151     0.189966     0.602889  
   152     0.188956     0.602663  
   153     0.187930     0.602388  
   154     0.186947     0.602222  
   155     0.185882     0.603136  
   156     0.184859     0.603560  
   157     0.183799     0.602513  
   158     0.182750     0.603076  
   159     0.181800     0.603199  
   160     0.180819     0.603361  
   161     0.179842     0.603107  
   162     0.178896     0.603646  
   163     0.177930     0.602937  
   164     0.176972     0.603229  
   165     0.176092     0.602908  
   166     0.175153     0.602557  
   167     0.174210     0.602413  
   168     0.173212     0.602004  
   169     0.172296     0.602285  
   170     0.171414     0.601833  
   171     0.170569     0.601387  
   172     0.169650     0.601583  
   173     0.168764     0.601542  
   174     0.167898     0.602075  
   175     0.166947     0.601480  
   176     0.166028     0.601164  
   177     0.165086     0.602063  
   178     0.164231     0.601725  
   179     0.163347     0.602306  
   180     0.162482     0.602077  
   181     0.161597     0.602183  
   182     0.160779     0.601641  
   183     0.159925     0.601643  
   184     0.159176     0.601993  
   185     0.158360     0.601359  
   186     0.157539     0.601626  
   187     0.156721     0.601965  
   188     0.155929     0.602097  
   189     0.155114     0.601868  
   190     0.154291     0.602714  
   191     0.153495     0.602765  
   192     0.152726     0.602512  
   193     0.151942     0.602405  
   194     0.151187     0.602687  
   195     0.150412     0.603106  
   196     0.149618     0.602574  
   197     0.148897     0.602782  
   198     0.148189     0.602765  
   199     0.147476     0.603030  
   200     0.146705     0.603147  
   201     0.145973     0.602548  
   202     0.145219     0.603157  
   203     0.144470     0.603360  
   204     0.143692     0.604045  
   205     0.142943     0.604150  
   206     0.142149     0.604409  
   207     0.141375     0.604266  
   208     0.140633     0.604033  
   209     0.139900     0.604182  
   210     0.139232     0.603736  
   211     0.138501     0.602588  
   212     0.137763     0.602608  
   213     0.137111     0.602552  
   214     0.136403     0.603190  
   215     0.135704     0.602979  
   216     0.135024     0.603539  
   217     0.134358     0.602780  
   218     0.133674     0.602019  
   219     0.133034     0.602728  
   220     0.132354     0.602780  
   221     0.131740     0.602766  
   222     0.131030     0.602831  
   223     0.130402     0.602878  
   224     0.129755     0.601984  
   225     0.129083     0.601781  
   226     0.128432     0.601890  
   227     0.127808     0.601534  
   228     0.127152     0.600997  
   229     0.126511     0.601156  
   230     0.125869     0.600859  
   231     0.125281     0.600965  
   232     0.124671     0.600756  
   233     0.124025     0.600751  
   234     0.123437     0.600677  
   235     0.122867     0.600908  
   236     0.122281     0.601181  
   237     0.121661     0.601020  
   238     0.121105     0.600897  
   239     0.120535     0.600941  
   240     0.119996     0.600977  
   241     0.119429     0.600945  
   242     0.118859     0.601232  
   243     0.118246     0.600448  
   244     0.117664     0.600306  
   245     0.117120     0.600250  
   246     0.116612     0.600055  * best
   247     0.116045     0.600174  
   248     0.115465     0.600136  
   249     0.114980     0.600206  
   250     0.114391     0.600526  
   251     0.113922     0.600467  
   252     0.113391     0.600532  
   253     0.112873     0.600543  
   254     0.112332     0.600819  
   255     0.111825     0.601095  
   256     0.111306     0.601549  
   257     0.110802     0.601887  
   258     0.110307     0.602296  
   259     0.109785     0.602172  
   260     0.109268     0.602279  
   261     0.108742     0.602012  
   262     0.108289     0.602263  
   263     0.107788     0.601986  
   264     0.107261     0.601858  
   265     0.106741     0.601751  
   266     0.106266     0.601854  
   267     0.105752     0.601603  
   268     0.105279     0.601477  
   269     0.104810     0.601273  
   270     0.104304     0.601667  
   271     0.103821     0.601502  
   272     0.103327     0.601309  
   273     0.102823     0.601136  
   274     0.102363     0.601056  
   275     0.101912     0.600954  
   276     0.101436     0.601290  
   277     0.100949     0.601291  
   278     0.100483     0.601747  
   279     0.100053     0.601996  
   280     0.099595     0.602529  
   281     0.099144     0.602635  
   282     0.098705     0.602771  
   283     0.098235     0.603170  
   284     0.097764     0.603059  
   285     0.097325     0.603056  
   286     0.096878     0.603424  
   287     0.096436     0.603362  
   288     0.096039     0.603297  
   289     0.095610     0.603157  
   290     0.095139     0.603153  
   291     0.094716     0.602907  
   292     0.094263     0.602862  
   293     0.093838     0.602815  
   294     0.093402     0.602554  
   295     0.093022     0.602147  
   296     0.092634     0.602393  
   297     0.092186     0.602190  
   298     0.091803     0.601912  
   299     0.091364     0.601933  
   300     0.090992     0.601935  
   301     0.090577     0.601748  
   302     0.090142     0.602068  
   303     0.089736     0.602083  
   304     0.089305     0.601744  
   305     0.088942     0.601502  
   306     0.088553     0.601602  
   307     0.088131     0.601655  
   308     0.087709     0.601552  
   309     0.087358     0.601757  
   310     0.086998     0.601744  
   311     0.086588     0.601225  
   312     0.086196     0.601208  
   313     0.085802     0.601107  
   314     0.085392     0.601093  
   315     0.085035     0.600734  
   316     0.084694     0.600533  
   317     0.084314     0.600532  
   318     0.083956     0.600633  
   319     0.083625     0.600529  
   320     0.083323     0.600429  
   321     0.082917     0.600925  
   322     0.082553     0.601243  
   323     0.082209     0.601297  
   324     0.081846     0.601138  
   325     0.081467     0.601168  
   326     0.081113     0.600809  
   327     0.080803     0.600897  
   328     0.080406     0.600900  
   329     0.080040     0.600361  
   330     0.079708     0.600405  
   331     0.079320     0.600507  
   332     0.078968     0.600543  
   333     0.078633     0.600532  
   334     0.078290     0.600797  
   335     0.077906     0.600588  
   336     0.077591     0.600775  
   337     0.077246     0.601025  
   338     0.076940     0.601145  
   339     0.076606     0.601221  
   340     0.076264     0.601078  
   341     0.075909     0.601174  
   342     0.075544     0.601425  
   343     0.075229     0.601136  
   344     0.074862     0.601133  
   345     0.074560     0.601122  
   346     0.074199     0.600867  
# best iteration 246 (val l2 0.600055)
# Spearman  train +0.9492  val +0.4416  test +0.6149
