# mlp_seq+node+energy+edge seed 2
# perceptron on seq+node+energy+edge
# inputs [(27260,)], 3,493,569 parameters
# Linear(n_in,128) -> GELU -> Dropout(0.3) -> Linear(128,32) -> GELU -> Dropout(0.3) -> Linear(32,1)
# Adam lr=0.001 weight_decay=0.0001 batch=32 dropout=0.3
# loss = MSE on standardised log10 half-life
# early stopping on validation loss, patience 40, max 300 epochs
#
 epoch  train_batch        train          val  note
     1    11.074604    65.289749     0.959448  * best
     2   125.541010    84.186218     0.814065  * best
     3    88.657907    33.035236     0.793068  * best
     4    39.588789    19.021605     0.794252  
     5    14.074793     7.079963     0.809623  
     6    10.697847    11.277084     0.798679  
     7    18.562252     0.775732     0.807741  
     8     0.929718     0.620556     0.792604  * best
     9     0.862082     0.595700     0.780975  * best
    10     0.721033     0.561437     0.760737  * best
    11     0.668983     0.532166     0.759572  * best
    12     0.624750     0.515052     0.767492  
    13     0.632487     0.488107     0.779753  
    14     0.624705     0.459795     0.774607  
    15     0.590561     0.449978     0.758792  * best
    16     0.628592     0.456139     0.748247  * best
    17     0.636520     0.440371     0.742155  * best
    18     0.623811     0.698085     0.829391  
    19     0.599675     0.423401     0.749797  
    20     0.525448     0.374954     0.781311  
    21     0.524167     0.362601     0.790861  
    22     0.489371     0.353846     0.816161  
    23     0.467543     0.329237     0.746401  
    24     0.616837     0.363316     0.793609  
    25     0.496939     0.324201     0.759435  
    26     0.477585     0.390833     0.712236  * best
    27     0.461049     0.285585     0.792763  
    28     0.565286     0.351230     0.740442  
    29     0.487458     0.322665     0.721214  
    30     0.465077     0.302043     0.816362  
    31     0.461656     0.332602     0.746054  
    32     0.440837     0.301496     0.745141  
    33     0.911421     0.384957     0.767940  
    34     0.565140     0.326459     0.783435  
    35     0.762616     0.578147     0.777042  
    36     0.610442     0.392629     0.727943  
    37     0.538126     0.385274     0.723129  
    38     0.628295     0.354097     0.745791  
    39     0.542188     0.336044     0.784756  
    40     0.514524     0.377651     0.699935  * best
    41     0.548617     0.350443     0.739669  
    42     0.569263     0.412336     0.739448  
    43     0.535915     0.364809     0.722940  
    44     0.545723     0.335884     0.728057  
    45     0.670392     0.373317     0.727154  
    46     0.518429     0.348245     0.786434  
    47     0.518698     0.327163     0.761178  
    48     0.633316     0.315688     0.795704  
    49     0.536815     0.345443     0.831094  
    50     0.547107     0.299574     0.742152  
    51     0.514430     0.389101     0.713126  
    52     0.502658     0.321047     0.715211  
    53     0.492872     0.308426     0.738701  
    54     0.489232     0.313251     0.769521  
    55     0.546247     0.327081     0.732408  
    56     0.508941     0.307489     0.743406  
    57     0.522472     0.343716     0.767852  
    58     0.494272     0.331326     0.722960  
    59     0.482906     0.300785     0.723162  
    60     0.471865     0.272150     0.750914  
    61     0.479328     0.359964     0.731546  
    62     0.474885     0.292140     0.756445  
    63     0.511524     0.332193     0.741219  
    64     0.526331     0.303306     0.741751  
    65     0.463703     0.286403     0.754582  
    66     0.473139     0.337901     0.738729  
    67     0.471452     0.326151     0.761517  
    68     0.477083     0.277091     0.764915  
    69     0.451074     0.355240     0.771303  
    70     0.580218     0.468542     0.740683  
    71     0.508908     0.309763     0.754970  
    72     0.475628     0.335797     0.694627  * best
    73     0.489395     0.290507     0.759007  
    74     0.484323     0.289233     0.768061  
    75     0.481426     0.341884     0.750826  
    76     0.449463     0.316629     0.763065  
    77     0.437714     0.334335     0.731008  
    78     0.628422     0.377813     0.775324  
    79     0.500748     0.430069     0.708813  
    80     0.461834     0.293344     0.745754  
    81     0.521006     0.302925     0.750323  
    82     0.451513     0.263051     0.769206  
    83     0.442196     0.289181     0.749896  
    84     0.479407     0.286357     0.812783  
    85     0.464106     0.321114     0.801954  
    86     0.440474     0.303492     0.711359  
    87     0.446878     0.301995     0.739939  
    88     0.449734     0.267553     0.795442  
    89     0.437411     0.274444     0.757188  
    90     0.436483     0.277322     0.723764  
    91     0.435327     0.289440     0.777021  
    92     0.438698     0.244174     0.775245  
    93     0.428970     0.237095     0.804465  
    94     0.441738     0.240260     0.797361  
    95     0.454503     0.283397     0.791084  
    96     0.445850     0.249237     0.793149  
    97     0.435757     0.283648     0.780483  
    98     0.568963     0.262075     0.752512  
    99     0.435328     0.253232     0.793545  
   100     0.434795     0.263552     0.732659  
   101     0.562558     0.346336     0.718024  
   102     0.524990     0.304487     0.733135  
   103     0.482291     0.246201     0.769613  
   104     0.464421     0.323043     0.830208  
   105     0.498755     0.289335     0.770537  
   106     0.461901     0.297750     0.756610  
   107     0.518792     0.308521     0.719233  
   108     0.450261     0.335019     0.722366  
   109     0.425495     0.261634     0.798396  
   110     0.490408     0.272080     0.809541  
   111     0.523620     0.301521     0.743311  
   112     0.453476     0.302689     0.751855  
# stopped at epoch 112: no improvement for 40 epochs
# restored epoch 72 (val MSE 0.694627)
# Spearman  train +0.8904  val +0.2657  test +0.2037
