# gbm_seq+boltz+node+energy seed 2
# boosted trees on seq+boltz+node+energy
# inputs 14357, 1,438 trees
# LightGBM gradient-boosted trees, objective l2, lr 0.05, num_leaves 31, min_data_in_leaf 20, feature_fraction 0.3, bagging 0.8, lambda_l2 1.0, up to 3000 rounds, early stopping 100 on validation l2
# loss = l2 on standardised log10 half-life
#
 round        train          val  note
     1     0.964225     0.975900  
     2     0.931710     0.946400  
     3     0.899861     0.918139  
     4     0.870945     0.892603  
     5     0.843170     0.867766  
     6     0.816543     0.844115  
     7     0.793550     0.824362  
     8     0.771227     0.805057  
     9     0.750766     0.787418  
    10     0.731594     0.771491  
    11     0.712490     0.756086  
    12     0.694821     0.740836  
    13     0.679259     0.727445  
    14     0.663799     0.714797  
    15     0.649802     0.703597  
    16     0.635735     0.692219  
    17     0.622392     0.680962  
    18     0.609859     0.671471  
    19     0.598209     0.662042  
    20     0.586463     0.652542  
    21     0.575755     0.645183  
    22     0.565729     0.637752  
    23     0.555846     0.629370  
    24     0.546577     0.622073  
    25     0.538290     0.615445  
    26     0.529883     0.609691  
    27     0.522082     0.603592  
    28     0.513870     0.597687  
    29     0.506635     0.592122  
    30     0.499738     0.587416  
    31     0.493302     0.583261  
    32     0.487111     0.579857  
    33     0.480387     0.574442  
    34     0.474089     0.569811  
    35     0.468060     0.566217  
    36     0.462415     0.562145  
    37     0.456952     0.558419  
    38     0.452007     0.554974  
    39     0.447257     0.552051  
    40     0.442372     0.548639  
    41     0.437562     0.546407  
    42     0.432815     0.543453  
    43     0.428455     0.541006  
    44     0.424108     0.538874  
    45     0.420007     0.536650  
    46     0.415749     0.534407  
    47     0.411567     0.532343  
    48     0.407250     0.529741  
    49     0.403408     0.527655  
    50     0.399213     0.525662  
    51     0.395604     0.523599  
    52     0.391686     0.521578  
    53     0.388216     0.519532  
    54     0.384398     0.518024  
    55     0.381055     0.516464  
    56     0.377866     0.514789  
    57     0.374546     0.513850  
    58     0.371275     0.512037  
    59     0.367910     0.510084  
    60     0.364755     0.508953  
    61     0.361663     0.507235  
    62     0.358848     0.505620  
    63     0.355757     0.504595  
    64     0.352868     0.503278  
    65     0.350004     0.501856  
    66     0.347219     0.500487  
    67     0.344373     0.499757  
    68     0.341648     0.498748  
    69     0.338784     0.498114  
    70     0.336023     0.496428  
    71     0.333059     0.494870  
    72     0.330425     0.494134  
    73     0.328027     0.493429  
    74     0.325531     0.492118  
    75     0.323040     0.491139  
    76     0.320608     0.490046  
    77     0.318218     0.489026  
    78     0.315758     0.488947  
    79     0.313297     0.487379  
    80     0.310928     0.486386  
    81     0.308753     0.486116  
    82     0.306390     0.484700  
    83     0.304181     0.483843  
    84     0.302048     0.482765  
    85     0.299837     0.482298  
    86     0.297600     0.480911  
    87     0.295381     0.480206  
    88     0.293445     0.479643  
    89     0.291421     0.478843  
    90     0.289512     0.477963  
    91     0.287506     0.477251  
    92     0.285578     0.476732  
    93     0.283654     0.476422  
    94     0.281554     0.475465  
    95     0.279659     0.474614  
    96     0.277758     0.473294  
    97     0.275787     0.472385  
    98     0.273897     0.471872  
    99     0.272062     0.471184  
   100     0.270225     0.470638  
   101     0.268395     0.469907  
   102     0.266575     0.469450  
   103     0.264777     0.469318  
   104     0.262962     0.468949  
   105     0.261089     0.468110  
   106     0.259233     0.467218  
   107     0.257437     0.466656  
   108     0.255681     0.466145  
   109     0.254054     0.465885  
   110     0.252393     0.465709  
   111     0.250661     0.465108  
   112     0.249046     0.465065  
   113     0.247414     0.464250  
   114     0.245705     0.464077  
   115     0.244139     0.463735  
   116     0.242602     0.463022  
   117     0.241137     0.462589  
   118     0.239481     0.462409  
   119     0.237705     0.461964  
   120     0.236267     0.461729  
   121     0.234742     0.461529  
   122     0.233151     0.460625  
   123     0.231739     0.460193  
   124     0.230360     0.459803  
   125     0.228945     0.459023  
   126     0.227598     0.458564  
   127     0.226204     0.458088  
   128     0.224826     0.457560  
   129     0.223400     0.457326  
   130     0.221990     0.456941  
   131     0.220686     0.456572  
   132     0.219236     0.455782  
   133     0.217977     0.455194  
   134     0.216684     0.454830  
   135     0.215366     0.454708  
   136     0.214005     0.454385  
   137     0.212758     0.454183  
   138     0.211456     0.453999  
   139     0.210172     0.453742  
   140     0.208850     0.453394  
   141     0.207611     0.452689  
   142     0.206492     0.452327  
   143     0.205237     0.451998  
   144     0.204037     0.451539  
   145     0.202848     0.451617  
   146     0.201656     0.451171  
   147     0.200387     0.450359  
   148     0.199198     0.450424  
   149     0.198065     0.450226  
   150     0.196866     0.449904  
   151     0.195733     0.449742  
   152     0.194544     0.449420  
   153     0.193349     0.449324  
   154     0.192244     0.449278  
   155     0.191083     0.448670  
   156     0.190007     0.448624  
   157     0.188861     0.448461  
   158     0.187769     0.448535  
   159     0.186655     0.448627  
   160     0.185592     0.448418  
   161     0.184529     0.448294  
   162     0.183436     0.448094  
   163     0.182307     0.448051  
   164     0.181193     0.447640  
   165     0.180114     0.447344  
   166     0.179063     0.446899  
   167     0.178104     0.446841  
   168     0.177023     0.446462  
   169     0.175983     0.446039  
   170     0.174976     0.445734  
   171     0.173909     0.445478  
   172     0.172957     0.445282  
   173     0.171929     0.445203  
   174     0.171001     0.444817  
   175     0.170004     0.444409  
   176     0.169016     0.444258  
   177     0.168079     0.443814  
   178     0.167152     0.443489  
   179     0.166223     0.443285  
   180     0.165254     0.443152  
   181     0.164348     0.443008  
   182     0.163397     0.442934  
   183     0.162506     0.442834  
   184     0.161561     0.442598  
   185     0.160623     0.442574  
   186     0.159701     0.442264  
   187     0.158829     0.441930  
   188     0.157896     0.441694  
   189     0.156969     0.441420  
   190     0.156069     0.441419  
   191     0.155196     0.441363  
   192     0.154379     0.441268  
   193     0.153502     0.441265  
   194     0.152607     0.441272  
   195     0.151794     0.441505  
   196     0.150892     0.441150  
   197     0.150111     0.440748  
   198     0.149328     0.440594  
   199     0.148523     0.440165  
   200     0.147727     0.440139  
   201     0.146874     0.440186  
   202     0.146043     0.439802  
   203     0.145254     0.439574  
   204     0.144469     0.439380  
   205     0.143676     0.439178  
   206     0.142934     0.439088  
   207     0.142142     0.439005  
   208     0.141387     0.439031  
   209     0.140587     0.438951  
   210     0.139854     0.438847  
   211     0.139078     0.438696  
   212     0.138317     0.438644  
   213     0.137565     0.438253  
   214     0.136828     0.438219  
   215     0.136083     0.438259  
   216     0.135333     0.437917  
   217     0.134556     0.437618  
   218     0.133796     0.437425  
   219     0.133033     0.437212  
   220     0.132304     0.437326  
   221     0.131612     0.437369  
   222     0.130873     0.437204  
   223     0.130197     0.437025  
   224     0.129502     0.436866  
   225     0.128747     0.436622  
   226     0.127984     0.436506  
   227     0.127279     0.436348  
   228     0.126632     0.436291  
   229     0.125995     0.436320  
   230     0.125322     0.436024  
   231     0.124627     0.435671  
   232     0.123983     0.435529  
   233     0.123330     0.435439  
   234     0.122692     0.435398  
   235     0.122038     0.435095  
   236     0.121379     0.434886  
   237     0.120779     0.434970  
   238     0.120128     0.434809  
   239     0.119500     0.434583  
   240     0.118904     0.434553  
   241     0.118274     0.434236  
   242     0.117628     0.433833  
   243     0.116995     0.433536  
   244     0.116344     0.433208  
   245     0.115661     0.433164  
   246     0.115048     0.432933  
   247     0.114454     0.432824  
   248     0.113876     0.432757  
   249     0.113304     0.432454  
   250     0.112782     0.432192  
   251     0.112203     0.431924  
   252     0.111657     0.431755  
   253     0.111089     0.431655  
   254     0.110488     0.431422  
   255     0.109933     0.431250  
   256     0.109348     0.430752  
   257     0.108789     0.430667  
   258     0.108191     0.430767  
   259     0.107620     0.430600  
   260     0.107086     0.430545  
   261     0.106565     0.430360  
   262     0.106027     0.430097  
   263     0.105462     0.429912  
   264     0.104948     0.429862  
   265     0.104403     0.429574  
   266     0.103891     0.429819  
   267     0.103416     0.429797  
   268     0.102913     0.429801  
   269     0.102417     0.429870  
   270     0.101862     0.429636  
   271     0.101324     0.429413  
   272     0.100810     0.429238  
   273     0.100300     0.429296  
   274     0.099777     0.429294  
   275     0.099257     0.429283  
   276     0.098745     0.429194  
   277     0.098205     0.429038  
   278     0.097720     0.428941  
   279     0.097229     0.428975  
   280     0.096742     0.429024  
   281     0.096275     0.428874  
   282     0.095781     0.428707  
   283     0.095270     0.428757  
   284     0.094826     0.428638  
   285     0.094356     0.428630  
   286     0.093869     0.428340  
   287     0.093435     0.428430  
   288     0.093019     0.428406  
   289     0.092570     0.428318  
   290     0.092096     0.428362  
   291     0.091645     0.428321  
   292     0.091180     0.428324  
   293     0.090714     0.428119  
   294     0.090298     0.427908  
   295     0.089887     0.427804  
   296     0.089490     0.427714  
   297     0.089043     0.427604  
   298     0.088626     0.427538  
   299     0.088183     0.427313  
   300     0.087770     0.427350  
   301     0.087329     0.427226  
   302     0.086902     0.427162  
   303     0.086438     0.427091  
   304     0.086019     0.427092  
   305     0.085553     0.427070  
   306     0.085132     0.427025  
   307     0.084708     0.426868  
   308     0.084298     0.426854  
   309     0.083870     0.426667  
   310     0.083447     0.426540  
   311     0.083031     0.426578  
   312     0.082635     0.426572  
   313     0.082255     0.426742  
   314     0.081837     0.426695  
   315     0.081441     0.426806  
   316     0.081034     0.426642  
   317     0.080640     0.426653  
   318     0.080280     0.426514  
   319     0.079855     0.426544  
   320     0.079479     0.426405  
   321     0.079112     0.426341  
   322     0.078738     0.426296  
   323     0.078365     0.426232  
   324     0.077989     0.426114  
   325     0.077623     0.425975  
   326     0.077257     0.425981  
   327     0.076892     0.425849  
   328     0.076521     0.425748  
   329     0.076156     0.425688  
   330     0.075766     0.425641  
   331     0.075412     0.425587  
   332     0.075012     0.425583  
   333     0.074659     0.425595  
   334     0.074302     0.425537  
   335     0.073956     0.425483  
   336     0.073594     0.425396  
   337     0.073233     0.425363  
   338     0.072903     0.425375  
   339     0.072549     0.425474  
   340     0.072241     0.425567  
   341     0.071890     0.425585  
   342     0.071530     0.425298  
   343     0.071178     0.425224  
   344     0.070861     0.425304  
   345     0.070490     0.425308  
   346     0.070095     0.425289  
   347     0.069740     0.425267  
   348     0.069415     0.425184  
   349     0.069093     0.425151  
   350     0.068769     0.425011  
   351     0.068430     0.424983  
   352     0.068081     0.424894  
   353     0.067781     0.424847  
   354     0.067459     0.424786  
   355     0.067134     0.424594  
   356     0.066801     0.424392  
   357     0.066462     0.424462  
   358     0.066143     0.424473  
   359     0.065827     0.424594  
   360     0.065492     0.424553  
   361     0.065169     0.424597  
   362     0.064883     0.424650  
   363     0.064546     0.424445  
   364     0.064234     0.424222  
   365     0.063894     0.424221  
   366     0.063604     0.424099  
   367     0.063273     0.424122  
   368     0.062961     0.424021  
   369     0.062667     0.424052  
   370     0.062361     0.424005  
   371     0.062085     0.423922  
   372     0.061750     0.423935  
   373     0.061467     0.423852  
   374     0.061160     0.423643  
   375     0.060862     0.423401  
   376     0.060575     0.423395  
   377     0.060306     0.423352  
   378     0.060013     0.423324  
   379     0.059720     0.423347  
   380     0.059417     0.423248  
   381     0.059118     0.423291  
   382     0.058829     0.423147  
   383     0.058553     0.423101  
   384     0.058266     0.423101  
   385     0.057975     0.422958  
   386     0.057703     0.422939  
   387     0.057431     0.423098  
   388     0.057163     0.423036  
   389     0.056897     0.422927  
   390     0.056643     0.422907  
   391     0.056350     0.422785  
   392     0.056089     0.422672  
   393     0.055849     0.422704  
   394     0.055599     0.422674  
   395     0.055347     0.422672  
   396     0.055092     0.422788  
   397     0.054838     0.422712  
   398     0.054575     0.422709  
   399     0.054281     0.422725  
   400     0.054020     0.422819  
   401     0.053788     0.422741  
   402     0.053529     0.422851  
   403     0.053270     0.422967  
   404     0.053030     0.422968  
   405     0.052773     0.422763  
   406     0.052498     0.422651  
   407     0.052262     0.422676  
   408     0.052039     0.422693  
   409     0.051796     0.422735  
   410     0.051554     0.422873  
   411     0.051312     0.422853  
   412     0.051084     0.422760  
   413     0.050846     0.422683  
   414     0.050607     0.422626  
   415     0.050349     0.422673  
   416     0.050149     0.422683  
   417     0.049931     0.422779  
   418     0.049702     0.422799  
   419     0.049466     0.422853  
   420     0.049227     0.422904  
   421     0.048980     0.422889  
   422     0.048766     0.422814  
   423     0.048548     0.422842  
   424     0.048321     0.422892  
   425     0.048069     0.422863  
   426     0.047844     0.422903  
   427     0.047608     0.422729  
   428     0.047391     0.422622  
   429     0.047163     0.422555  
   430     0.046969     0.422589  
   431     0.046745     0.422589  
   432     0.046517     0.422530  
   433     0.046299     0.422454  
   434     0.046091     0.422496  
   435     0.045862     0.422566  
   436     0.045657     0.422533  
   437     0.045426     0.422401  
   438     0.045216     0.422468  
   439     0.045006     0.422431  
   440     0.044795     0.422491  
   441     0.044582     0.422371  
   442     0.044372     0.422395  
   443     0.044163     0.422393  
   444     0.043971     0.422338  
   445     0.043739     0.422366  
   446     0.043508     0.422297  
   447     0.043310     0.422289  
   448     0.043117     0.422329  
   449     0.042930     0.422270  
   450     0.042738     0.422171  
   451     0.042516     0.422139  
   452     0.042302     0.422113  
   453     0.042091     0.422027  
   454     0.041907     0.421984  
   455     0.041704     0.421911  
   456     0.041504     0.421931  
   457     0.041310     0.421879  
   458     0.041141     0.421892  
   459     0.040949     0.421793  
   460     0.040772     0.421782  
   461     0.040577     0.421750  
   462     0.040394     0.421800  
   463     0.040207     0.421647  
   464     0.040023     0.421532  
   465     0.039844     0.421494  
   466     0.039661     0.421425  
   467     0.039505     0.421359  
   468     0.039333     0.421418  
   469     0.039162     0.421436  
   470     0.038966     0.421451  
   471     0.038783     0.421390  
   472     0.038615     0.421504  
   473     0.038441     0.421565  
   474     0.038268     0.421592  
   475     0.038099     0.421636  
   476     0.037922     0.421563  
   477     0.037749     0.421527  
   478     0.037573     0.421414  
   479     0.037399     0.421392  
   480     0.037235     0.421342  
   481     0.037059     0.421345  
   482     0.036878     0.421295  
   483     0.036707     0.421320  
   484     0.036526     0.421150  
   485     0.036360     0.421157  
   486     0.036188     0.421148  
   487     0.036016     0.421194  
   488     0.035860     0.421345  
   489     0.035688     0.421279  
   490     0.035530     0.421251  
   491     0.035366     0.421218  
   492     0.035205     0.421187  
   493     0.035047     0.421168  
   494     0.034899     0.421280  
   495     0.034758     0.421358  
   496     0.034597     0.421338  
   497     0.034448     0.421322  
   498     0.034301     0.421250  
   499     0.034152     0.421170  
   500     0.033996     0.421039  
   501     0.033844     0.420981  
   502     0.033694     0.420919  
   503     0.033527     0.420870  
   504     0.033375     0.420844  
   505     0.033229     0.420839  
   506     0.033085     0.420922  
   507     0.032936     0.420848  
   508     0.032792     0.420793  
   509     0.032645     0.420917  
   510     0.032477     0.420787  
   511     0.032340     0.420702  
   512     0.032188     0.420665  
   513     0.032036     0.420730  
   514     0.031885     0.420621  
   515     0.031748     0.420764  
   516     0.031614     0.420780  
   517     0.031478     0.420764  
   518     0.031329     0.420817  
   519     0.031182     0.420747  
   520     0.031026     0.420700  
   521     0.030873     0.420655  
   522     0.030750     0.420675  
   523     0.030617     0.420746  
   524     0.030464     0.420734  
   525     0.030337     0.420597  
   526     0.030192     0.420660  
   527     0.030059     0.420606  
   528     0.029910     0.420554  
   529     0.029777     0.420612  
   530     0.029633     0.420670  
   531     0.029506     0.420674  
   532     0.029369     0.420619  
   533     0.029254     0.420582  
   534     0.029128     0.420537  
   535     0.029001     0.420510  
   536     0.028875     0.420505  
   537     0.028759     0.420523  
   538     0.028633     0.420517  
   539     0.028498     0.420459  
   540     0.028361     0.420497  
   541     0.028218     0.420445  
   542     0.028096     0.420452  
   543     0.027969     0.420344  
   544     0.027851     0.420339  
   545     0.027731     0.420387  
   546     0.027602     0.420391  
   547     0.027478     0.420309  
   548     0.027351     0.420273  
   549     0.027228     0.420205  
   550     0.027095     0.420185  
   551     0.026974     0.420150  
   552     0.026846     0.420091  
   553     0.026718     0.420183  
   554     0.026599     0.420152  
   555     0.026486     0.420151  
   556     0.026361     0.420243  
   557     0.026241     0.420273  
   558     0.026127     0.420269  
   559     0.026006     0.420197  
   560     0.025892     0.420139  
   561     0.025778     0.420102  
   562     0.025665     0.420028  
   563     0.025556     0.420048  
   564     0.025440     0.420113  
   565     0.025325     0.420174  
   566     0.025206     0.420195  
   567     0.025081     0.420120  
   568     0.024973     0.420208  
   569     0.024866     0.420130  
   570     0.024759     0.420079  
   571     0.024638     0.420045  
   572     0.024519     0.420086  
   573     0.024422     0.420055  
   574     0.024318     0.419973  
   575     0.024218     0.419996  
   576     0.024106     0.419910  
   577     0.024004     0.419922  
   578     0.023892     0.420005  
   579     0.023795     0.420107  
   580     0.023695     0.420060  
   581     0.023586     0.420055  
   582     0.023488     0.420062  
   583     0.023393     0.420192  
   584     0.023279     0.420164  
   585     0.023173     0.420144  
   586     0.023075     0.420140  
   587     0.022973     0.420141  
   588     0.022869     0.420131  
   589     0.022773     0.420100  
   590     0.022667     0.420110  
   591     0.022565     0.420100  
   592     0.022477     0.420185  
   593     0.022376     0.420262  
   594     0.022289     0.420286  
   595     0.022195     0.420222  
   596     0.022097     0.420195  
   597     0.021996     0.420193  
   598     0.021895     0.420067  
   599     0.021807     0.420026  
   600     0.021717     0.420027  
   601     0.021629     0.419999  
   602     0.021541     0.419985  
   603     0.021444     0.420052  
   604     0.021353     0.420104  
   605     0.021263     0.420130  
   606     0.021170     0.420056  
   607     0.021077     0.420106  
   608     0.020988     0.420017  
   609     0.020902     0.420028  
   610     0.020807     0.420041  
   611     0.020725     0.420024  
   612     0.020628     0.419994  
   613     0.020540     0.420029  
   614     0.020449     0.420011  
   615     0.020360     0.420032  
   616     0.020262     0.420028  
   617     0.020160     0.420031  
   618     0.020076     0.420095  
   619     0.019986     0.420026  
   620     0.019893     0.420110  
   621     0.019816     0.420072  
   622     0.019722     0.420018  
   623     0.019629     0.419962  
   624     0.019534     0.419932  
   625     0.019451     0.419894  
   626     0.019348     0.419773  
   627     0.019268     0.419722  
   628     0.019187     0.419697  
   629     0.019103     0.419707  
   630     0.019018     0.419703  
   631     0.018935     0.419790  
   632     0.018855     0.419699  
   633     0.018773     0.419728  
   634     0.018684     0.419707  
   635     0.018595     0.419687  
   636     0.018505     0.419649  
   637     0.018426     0.419615  
   638     0.018348     0.419509  
   639     0.018275     0.419533  
   640     0.018195     0.419529  
   641     0.018127     0.419506  
   642     0.018047     0.419563  
   643     0.017968     0.419524  
   644     0.017892     0.419499  
   645     0.017810     0.419519  
   646     0.017741     0.419606  
   647     0.017666     0.419545  
   648     0.017582     0.419453  
   649     0.017500     0.419323  
   650     0.017433     0.419303  
   651     0.017353     0.419359  
   652     0.017273     0.419418  
   653     0.017199     0.419436  
   654     0.017130     0.419428  
   655     0.017052     0.419411  
   656     0.016977     0.419335  
   657     0.016904     0.419291  
   658     0.016837     0.419221  
   659     0.016763     0.419131  
   660     0.016691     0.419108  
   661     0.016618     0.419127  
   662     0.016548     0.419055  
   663     0.016463     0.419015  
   664     0.016396     0.418979  
   665     0.016327     0.418949  
   666     0.016256     0.418924  
   667     0.016181     0.418931  
   668     0.016121     0.418972  
   669     0.016047     0.418993  
   670     0.015982     0.418964  
   671     0.015919     0.418913  
   672     0.015851     0.418946  
   673     0.015787     0.418957  
   674     0.015717     0.418954  
   675     0.015649     0.418929  
   676     0.015590     0.418895  
   677     0.015528     0.418924  
   678     0.015450     0.418996  
   679     0.015391     0.419023  
   680     0.015325     0.419044  
   681     0.015252     0.419004  
   682     0.015186     0.419014  
   683     0.015114     0.419021  
   684     0.015045     0.419056  
   685     0.014976     0.419089  
   686     0.014907     0.419048  
   687     0.014841     0.419023  
   688     0.014781     0.418999  
   689     0.014720     0.418987  
   690     0.014657     0.418948  
   691     0.014590     0.418936  
   692     0.014526     0.418976  
   693     0.014459     0.418944  
   694     0.014404     0.418916  
   695     0.014341     0.418910  
   696     0.014281     0.418869  
   697     0.014231     0.418820  
   698     0.014173     0.418783  
   699     0.014112     0.418803  
   700     0.014051     0.418792  
   701     0.013988     0.418866  
   702     0.013929     0.418816  
   703     0.013867     0.418807  
   704     0.013806     0.418784  
   705     0.013748     0.418817  
   706     0.013690     0.418765  
   707     0.013635     0.418757  
   708     0.013579     0.418768  
   709     0.013526     0.418795  
   710     0.013458     0.418753  
   711     0.013404     0.418701  
   712     0.013348     0.418693  
   713     0.013292     0.418721  
   714     0.013234     0.418684  
   715     0.013176     0.418640  
   716     0.013125     0.418649  
   717     0.013072     0.418655  
   718     0.013019     0.418620  
   719     0.012960     0.418536  
   720     0.012905     0.418505  
   721     0.012850     0.418487  
   722     0.012794     0.418440  
   723     0.012734     0.418352  
   724     0.012679     0.418463  
   725     0.012623     0.418470  
   726     0.012571     0.418410  
   727     0.012514     0.418429  
   728     0.012461     0.418443  
   729     0.012409     0.418430  
   730     0.012358     0.418470  
   731     0.012303     0.418404  
   732     0.012254     0.418363  
   733     0.012203     0.418371  
   734     0.012150     0.418396  
   735     0.012095     0.418416  
   736     0.012045     0.418496  
   737     0.011992     0.418454  
   738     0.011937     0.418483  
   739     0.011881     0.418504  
   740     0.011830     0.418487  
   741     0.011777     0.418420  
   742     0.011730     0.418418  
   743     0.011683     0.418427  
   744     0.011632     0.418394  
   745     0.011582     0.418283  
   746     0.011529     0.418344  
   747     0.011480     0.418310  
   748     0.011429     0.418299  
   749     0.011384     0.418273  
   750     0.011339     0.418282  
   751     0.011293     0.418253  
   752     0.011247     0.418260  
   753     0.011199     0.418218  
   754     0.011147     0.418252  
   755     0.011097     0.418214  
   756     0.011049     0.418145  
   757     0.011007     0.418124  
   758     0.010960     0.418110  
   759     0.010909     0.418242  
   760     0.010861     0.418142  
   761     0.010817     0.418125  
   762     0.010776     0.418164  
   763     0.010729     0.418154  
   764     0.010685     0.418236  
   765     0.010636     0.418221  
   766     0.010595     0.418188  
   767     0.010551     0.418163  
   768     0.010501     0.418128  
   769     0.010455     0.418091  
   770     0.010413     0.418108  
   771     0.010367     0.418092  
   772     0.010326     0.418009  
   773     0.010280     0.417999  
   774     0.010234     0.417993  
   775     0.010189     0.417970  
   776     0.010141     0.417945  
   777     0.010094     0.417972  
   778     0.010047     0.417977  
   779     0.010008     0.417992  
   780     0.009961     0.417999  
   781     0.009918     0.418040  
   782     0.009878     0.418073  
   783     0.009837     0.418018  
   784     0.009796     0.418041  
   785     0.009754     0.418028  
   786     0.009713     0.418047  
   787     0.009671     0.418041  
   788     0.009626     0.418025  
   789     0.009587     0.418038  
   790     0.009549     0.418001  
   791     0.009507     0.417970  
   792     0.009467     0.417980  
   793     0.009429     0.417960  
   794     0.009390     0.418006  
   795     0.009348     0.417976  
   796     0.009308     0.417979  
   797     0.009265     0.417976  
   798     0.009228     0.417925  
   799     0.009184     0.417889  
   800     0.009146     0.417905  
   801     0.009108     0.417894  
   802     0.009068     0.417883  
   803     0.009025     0.417894  
   804     0.008985     0.417881  
   805     0.008947     0.417845  
   806     0.008912     0.417844  
   807     0.008877     0.417841  
   808     0.008838     0.417867  
   809     0.008799     0.417823  
   810     0.008762     0.417793  
   811     0.008724     0.417798  
   812     0.008691     0.417790  
   813     0.008655     0.417778  
   814     0.008622     0.417726  
   815     0.008583     0.417697  
   816     0.008547     0.417673  
   817     0.008515     0.417604  
   818     0.008483     0.417585  
   819     0.008445     0.417565  
   820     0.008413     0.417571  
   821     0.008377     0.417501  
   822     0.008346     0.417515  
   823     0.008312     0.417500  
   824     0.008275     0.417481  
   825     0.008240     0.417478  
   826     0.008213     0.417490  
   827     0.008178     0.417455  
   828     0.008146     0.417440  
   829     0.008108     0.417514  
   830     0.008072     0.417501  
   831     0.008039     0.417466  
   832     0.008007     0.417459  
   833     0.007973     0.417455  
   834     0.007941     0.417451  
   835     0.007913     0.417427  
   836     0.007875     0.417431  
   837     0.007848     0.417429  
   838     0.007814     0.417431  
   839     0.007782     0.417432  
   840     0.007750     0.417423  
   841     0.007719     0.417428  
   842     0.007689     0.417439  
   843     0.007658     0.417451  
   844     0.007629     0.417480  
   845     0.007597     0.417492  
   846     0.007568     0.417448  
   847     0.007533     0.417461  
   848     0.007505     0.417473  
   849     0.007470     0.417497  
   850     0.007441     0.417467  
   851     0.007410     0.417454  
   852     0.007377     0.417470  
   853     0.007344     0.417493  
   854     0.007309     0.417474  
   855     0.007279     0.417435  
   856     0.007247     0.417453  
   857     0.007215     0.417407  
   858     0.007186     0.417422  
   859     0.007156     0.417430  
   860     0.007129     0.417491  
   861     0.007102     0.417504  
   862     0.007073     0.417460  
   863     0.007043     0.417435  
   864     0.007014     0.417426  
   865     0.006981     0.417447  
   866     0.006953     0.417443  
   867     0.006926     0.417414  
   868     0.006896     0.417388  
   869     0.006866     0.417417  
   870     0.006838     0.417396  
   871     0.006811     0.417453  
   872     0.006785     0.417439  
   873     0.006758     0.417393  
   874     0.006730     0.417352  
   875     0.006703     0.417389  
   876     0.006678     0.417366  
   877     0.006647     0.417405  
   878     0.006623     0.417446  
   879     0.006597     0.417449  
   880     0.006571     0.417469  
   881     0.006546     0.417471  
   882     0.006521     0.417407  
   883     0.006497     0.417373  
   884     0.006467     0.417382  
   885     0.006438     0.417409  
   886     0.006411     0.417419  
   887     0.006382     0.417414  
   888     0.006359     0.417409  
   889     0.006335     0.417395  
   890     0.006308     0.417386  
   891     0.006282     0.417366  
   892     0.006253     0.417366  
   893     0.006230     0.417385  
   894     0.006203     0.417418  
   895     0.006177     0.417423  
   896     0.006152     0.417457  
   897     0.006123     0.417452  
   898     0.006097     0.417420  
   899     0.006070     0.417487  
   900     0.006047     0.417436  
   901     0.006022     0.417433  
   902     0.005999     0.417449  
   903     0.005974     0.417456  
   904     0.005950     0.417476  
   905     0.005929     0.417433  
   906     0.005905     0.417450  
   907     0.005880     0.417420  
   908     0.005853     0.417465  
   909     0.005829     0.417513  
   910     0.005804     0.417536  
   911     0.005784     0.417529  
   912     0.005761     0.417507  
   913     0.005735     0.417544  
   914     0.005711     0.417551  
   915     0.005688     0.417540  
   916     0.005668     0.417540  
   917     0.005643     0.417499  
   918     0.005620     0.417472  
   919     0.005598     0.417498  
   920     0.005575     0.417485  
   921     0.005552     0.417518  
   922     0.005526     0.417486  
   923     0.005501     0.417503  
   924     0.005478     0.417476  
   925     0.005455     0.417426  
   926     0.005432     0.417417  
   927     0.005408     0.417393  
   928     0.005389     0.417399  
   929     0.005369     0.417382  
   930     0.005345     0.417321  
   931     0.005324     0.417300  
   932     0.005301     0.417277  
   933     0.005278     0.417222  
   934     0.005255     0.417195  
   935     0.005235     0.417170  
   936     0.005213     0.417139  
   937     0.005193     0.417159  
   938     0.005172     0.417134  
   939     0.005152     0.417100  
   940     0.005131     0.417110  
   941     0.005111     0.417135  
   942     0.005089     0.417118  
   943     0.005071     0.417096  
   944     0.005049     0.417130  
   945     0.005030     0.417114  
   946     0.005010     0.417152  
   947     0.004991     0.417168  
   948     0.004971     0.417202  
   949     0.004953     0.417205  
   950     0.004931     0.417177  
   951     0.004912     0.417163  
   952     0.004892     0.417162  
   953     0.004872     0.417189  
   954     0.004855     0.417210  
   955     0.004836     0.417207  
   956     0.004816     0.417223  
   957     0.004796     0.417182  
   958     0.004777     0.417200  
   959     0.004758     0.417179  
   960     0.004734     0.417200  
   961     0.004714     0.417143  
   962     0.004695     0.417137  
   963     0.004678     0.417114  
   964     0.004658     0.417083  
   965     0.004638     0.417103  
   966     0.004619     0.417100  
   967     0.004600     0.417062  
   968     0.004583     0.417081  
   969     0.004564     0.417060  
   970     0.004546     0.417064  
   971     0.004529     0.417080  
   972     0.004512     0.417081  
   973     0.004494     0.417110  
   974     0.004474     0.417081  
   975     0.004456     0.417088  
   976     0.004437     0.417085  
   977     0.004418     0.417130  
   978     0.004396     0.417080  
   979     0.004377     0.417051  
   980     0.004359     0.417074  
   981     0.004340     0.417077  
   982     0.004322     0.417058  
   983     0.004303     0.417079  
   984     0.004285     0.417076  
   985     0.004267     0.417058  
   986     0.004250     0.417091  
   987     0.004231     0.417084  
   988     0.004213     0.417083  
   989     0.004197     0.417095  
   990     0.004180     0.417125  
   991     0.004163     0.417143  
   992     0.004145     0.417142  
   993     0.004129     0.417134  
   994     0.004112     0.417140  
   995     0.004096     0.417153  
   996     0.004077     0.417110  
   997     0.004060     0.417142  
   998     0.004043     0.417156  
   999     0.004025     0.417112  
  1000     0.004008     0.417114  
  1001     0.003993     0.417098  
  1002     0.003978     0.417079  
  1003     0.003964     0.417067  
  1004     0.003948     0.417075  
  1005     0.003932     0.417083  
  1006     0.003914     0.417032  
  1007     0.003898     0.417047  
  1008     0.003881     0.417068  
  1009     0.003864     0.417074  
  1010     0.003848     0.417046  
  1011     0.003832     0.417029  
  1012     0.003816     0.416982  
  1013     0.003800     0.416947  
  1014     0.003784     0.416935  
  1015     0.003769     0.416971  
  1016     0.003753     0.416992  
  1017     0.003738     0.416958  
  1018     0.003723     0.416943  
  1019     0.003708     0.416947  
  1020     0.003694     0.416952  
  1021     0.003677     0.416961  
  1022     0.003663     0.416945  
  1023     0.003647     0.416962  
  1024     0.003632     0.416947  
  1025     0.003617     0.416977  
  1026     0.003602     0.417030  
  1027     0.003587     0.417006  
  1028     0.003573     0.416997  
  1029     0.003559     0.416980  
  1030     0.003545     0.416989  
  1031     0.003531     0.416974  
  1032     0.003519     0.416960  
  1033     0.003503     0.416959  
  1034     0.003489     0.416933  
  1035     0.003474     0.416936  
  1036     0.003460     0.416938  
  1037     0.003446     0.416908  
  1038     0.003435     0.416904  
  1039     0.003422     0.416910  
  1040     0.003408     0.416903  
  1041     0.003394     0.416870  
  1042     0.003380     0.416864  
  1043     0.003365     0.416875  
  1044     0.003349     0.416882  
  1045     0.003335     0.416916  
  1046     0.003321     0.416904  
  1047     0.003308     0.416876  
  1048     0.003293     0.416911  
  1049     0.003281     0.416890  
  1050     0.003269     0.416881  
  1051     0.003256     0.416888  
  1052     0.003243     0.416876  
  1053     0.003230     0.416853  
  1054     0.003217     0.416844  
  1055     0.003204     0.416836  
  1056     0.003192     0.416824  
  1057     0.003178     0.416841  
  1058     0.003164     0.416805  
  1059     0.003150     0.416816  
  1060     0.003137     0.416836  
  1061     0.003124     0.416848  
  1062     0.003111     0.416866  
  1063     0.003100     0.416881  
  1064     0.003088     0.416876  
  1065     0.003076     0.416863  
  1066     0.003063     0.416898  
  1067     0.003050     0.416846  
  1068     0.003037     0.416848  
  1069     0.003025     0.416844  
  1070     0.003012     0.416804  
  1071     0.002999     0.416806  
  1072     0.002987     0.416814  
  1073     0.002974     0.416805  
  1074     0.002963     0.416789  
  1075     0.002951     0.416794  
  1076     0.002940     0.416802  
  1077     0.002930     0.416809  
  1078     0.002918     0.416792  
  1079     0.002909     0.416781  
  1080     0.002897     0.416792  
  1081     0.002884     0.416784  
  1082     0.002871     0.416764  
  1083     0.002861     0.416768  
  1084     0.002848     0.416794  
  1085     0.002836     0.416784  
  1086     0.002825     0.416810  
  1087     0.002814     0.416789  
  1088     0.002802     0.416791  
  1089     0.002790     0.416758  
  1090     0.002778     0.416734  
  1091     0.002768     0.416704  
  1092     0.002757     0.416705  
  1093     0.002746     0.416683  
  1094     0.002737     0.416671  
  1095     0.002726     0.416682  
  1096     0.002715     0.416685  
  1097     0.002703     0.416708  
  1098     0.002691     0.416688  
  1099     0.002680     0.416700  
  1100     0.002670     0.416698  
  1101     0.002661     0.416744  
  1102     0.002650     0.416750  
  1103     0.002638     0.416764  
  1104     0.002627     0.416785  
  1105     0.002617     0.416782  
  1106     0.002605     0.416783  
  1107     0.002595     0.416783  
  1108     0.002584     0.416760  
  1109     0.002573     0.416758  
  1110     0.002563     0.416742  
  1111     0.002553     0.416737  
  1112     0.002542     0.416733  
  1113     0.002532     0.416733  
  1114     0.002522     0.416752  
  1115     0.002512     0.416742  
  1116     0.002502     0.416714  
  1117     0.002492     0.416715  
  1118     0.002482     0.416716  
  1119     0.002472     0.416693  
  1120     0.002462     0.416695  
  1121     0.002451     0.416716  
  1122     0.002440     0.416729  
  1123     0.002430     0.416742  
  1124     0.002421     0.416741  
  1125     0.002411     0.416716  
  1126     0.002401     0.416706  
  1127     0.002392     0.416656  
  1128     0.002381     0.416651  
  1129     0.002373     0.416621  
  1130     0.002363     0.416637  
  1131     0.002352     0.416627  
  1132     0.002341     0.416624  
  1133     0.002331     0.416613  
  1134     0.002323     0.416578  
  1135     0.002314     0.416588  
  1136     0.002305     0.416589  
  1137     0.002295     0.416572  
  1138     0.002285     0.416562  
  1139     0.002276     0.416535  
  1140     0.002268     0.416516  
  1141     0.002258     0.416501  
  1142     0.002249     0.416501  
  1143     0.002239     0.416500  
  1144     0.002229     0.416492  
  1145     0.002220     0.416493  
  1146     0.002211     0.416505  
  1147     0.002203     0.416487  
  1148     0.002194     0.416515  
  1149     0.002186     0.416515  
  1150     0.002178     0.416491  
  1151     0.002170     0.416488  
  1152     0.002162     0.416483  
  1153     0.002154     0.416453  
  1154     0.002145     0.416487  
  1155     0.002135     0.416477  
  1156     0.002128     0.416470  
  1157     0.002119     0.416464  
  1158     0.002109     0.416487  
  1159     0.002100     0.416519  
  1160     0.002092     0.416514  
  1161     0.002083     0.416513  
  1162     0.002074     0.416534  
  1163     0.002065     0.416536  
  1164     0.002056     0.416514  
  1165     0.002048     0.416507  
  1166     0.002041     0.416510  
  1167     0.002034     0.416495  
  1168     0.002026     0.416488  
  1169     0.002018     0.416469  
  1170     0.002010     0.416457  
  1171     0.002001     0.416444  
  1172     0.001993     0.416441  
  1173     0.001985     0.416423  
  1174     0.001977     0.416420  
  1175     0.001969     0.416394  
  1176     0.001961     0.416380  
  1177     0.001955     0.416381  
  1178     0.001947     0.416386  
  1179     0.001940     0.416370  
  1180     0.001932     0.416352  
  1181     0.001925     0.416378  
  1182     0.001917     0.416374  
  1183     0.001910     0.416368  
  1184     0.001902     0.416346  
  1185     0.001894     0.416339  
  1186     0.001885     0.416335  
  1187     0.001876     0.416354  
  1188     0.001868     0.416371  
  1189     0.001861     0.416367  
  1190     0.001852     0.416372  
  1191     0.001844     0.416336  
  1192     0.001836     0.416309  
  1193     0.001829     0.416309  
  1194     0.001821     0.416313  
  1195     0.001813     0.416314  
  1196     0.001806     0.416330  
  1197     0.001799     0.416349  
  1198     0.001791     0.416330  
  1199     0.001783     0.416316  
  1200     0.001777     0.416327  
  1201     0.001770     0.416288  
  1202     0.001763     0.416273  
  1203     0.001756     0.416274  
  1204     0.001750     0.416257  
  1205     0.001743     0.416275  
  1206     0.001736     0.416259  
  1207     0.001729     0.416261  
  1208     0.001722     0.416255  
  1209     0.001716     0.416259  
  1210     0.001709     0.416260  
  1211     0.001701     0.416276  
  1212     0.001693     0.416285  
  1213     0.001686     0.416290  
  1214     0.001679     0.416292  
  1215     0.001673     0.416291  
  1216     0.001666     0.416297  
  1217     0.001660     0.416304  
  1218     0.001653     0.416282  
  1219     0.001645     0.416262  
  1220     0.001639     0.416265  
  1221     0.001633     0.416279  
  1222     0.001627     0.416291  
  1223     0.001621     0.416279  
  1224     0.001614     0.416258  
  1225     0.001608     0.416250  
  1226     0.001602     0.416262  
  1227     0.001596     0.416255  
  1228     0.001590     0.416263  
  1229     0.001584     0.416245  
  1230     0.001578     0.416243  
  1231     0.001571     0.416248  
  1232     0.001565     0.416235  
  1233     0.001559     0.416232  
  1234     0.001552     0.416225  
  1235     0.001545     0.416235  
  1236     0.001540     0.416225  
  1237     0.001533     0.416211  
  1238     0.001528     0.416220  
  1239     0.001521     0.416226  
  1240     0.001515     0.416204  
  1241     0.001510     0.416196  
  1242     0.001503     0.416200  
  1243     0.001498     0.416199  
  1244     0.001492     0.416221  
  1245     0.001487     0.416241  
  1246     0.001481     0.416236  
  1247     0.001476     0.416243  
  1248     0.001470     0.416250  
  1249     0.001464     0.416246  
  1250     0.001460     0.416234  
  1251     0.001455     0.416224  
  1252     0.001449     0.416223  
  1253     0.001443     0.416211  
  1254     0.001438     0.416196  
  1255     0.001433     0.416185  
  1256     0.001427     0.416204  
  1257     0.001421     0.416203  
  1258     0.001415     0.416218  
  1259     0.001410     0.416215  
  1260     0.001405     0.416229  
  1261     0.001399     0.416208  
  1262     0.001393     0.416211  
  1263     0.001388     0.416204  
  1264     0.001381     0.416202  
  1265     0.001376     0.416202  
  1266     0.001370     0.416199  
  1267     0.001365     0.416206  
  1268     0.001360     0.416231  
  1269     0.001354     0.416213  
  1270     0.001349     0.416237  
  1271     0.001343     0.416228  
  1272     0.001338     0.416259  
  1273     0.001332     0.416254  
  1274     0.001327     0.416254  
  1275     0.001322     0.416250  
  1276     0.001316     0.416244  
  1277     0.001311     0.416217  
  1278     0.001305     0.416207  
  1279     0.001301     0.416183  
  1280     0.001295     0.416186  
  1281     0.001290     0.416180  
  1282     0.001285     0.416177  
  1283     0.001280     0.416173  
  1284     0.001275     0.416177  
  1285     0.001269     0.416157  
  1286     0.001264     0.416188  
  1287     0.001260     0.416183  
  1288     0.001255     0.416193  
  1289     0.001250     0.416189  
  1290     0.001246     0.416176  
  1291     0.001241     0.416171  
  1292     0.001237     0.416169  
  1293     0.001232     0.416194  
  1294     0.001227     0.416197  
  1295     0.001222     0.416179  
  1296     0.001217     0.416190  
  1297     0.001212     0.416181  
  1298     0.001207     0.416161  
  1299     0.001202     0.416164  
  1300     0.001197     0.416169  
  1301     0.001193     0.416147  
  1302     0.001188     0.416144  
  1303     0.001183     0.416137  
  1304     0.001178     0.416117  
  1305     0.001173     0.416130  
  1306     0.001169     0.416143  
  1307     0.001164     0.416144  
  1308     0.001159     0.416139  
  1309     0.001154     0.416152  
  1310     0.001149     0.416140  
  1311     0.001145     0.416138  
  1312     0.001141     0.416120  
  1313     0.001136     0.416124  
  1314     0.001131     0.416124  
  1315     0.001127     0.416115  
  1316     0.001122     0.416096  
  1317     0.001118     0.416085  
  1318     0.001114     0.416078  
  1319     0.001109     0.416095  
  1320     0.001105     0.416107  
  1321     0.001100     0.416124  
  1322     0.001096     0.416126  
  1323     0.001092     0.416111  
  1324     0.001087     0.416114  
  1325     0.001083     0.416118  
  1326     0.001078     0.416126  
  1327     0.001074     0.416123  
  1328     0.001070     0.416121  
  1329     0.001066     0.416102  
  1330     0.001062     0.416089  
  1331     0.001058     0.416085  
  1332     0.001053     0.416109  
  1333     0.001049     0.416106  
  1334     0.001045     0.416100  
  1335     0.001041     0.416093  
  1336     0.001036     0.416099  
  1337     0.001032     0.416088  
  1338     0.001028     0.416095  
  1339     0.001024     0.416086  
  1340     0.001020     0.416082  
  1341     0.001016     0.416079  
  1342     0.001012     0.416077  
  1343     0.001007     0.416056  
  1344     0.001003     0.416046  
  1345     0.001000     0.416073  
  1346     0.000996     0.416060  
  1347     0.000992     0.416050  
  1348     0.000988     0.416048  
  1349     0.000984     0.416048  
  1350     0.000980     0.416051  
  1351     0.000976     0.416043  
  1352     0.000973     0.416043  
  1353     0.000969     0.416031  
  1354     0.000966     0.416036  
  1355     0.000962     0.416028  
  1356     0.000958     0.416034  
  1357     0.000954     0.416027  
  1358     0.000950     0.416033  
  1359     0.000947     0.416032  
  1360     0.000943     0.416033  
  1361     0.000939     0.416042  
  1362     0.000935     0.416028  
  1363     0.000931     0.416030  
  1364     0.000928     0.416028  
  1365     0.000924     0.416033  
  1366     0.000920     0.416037  
  1367     0.000917     0.416029  
  1368     0.000914     0.416038  
  1369     0.000910     0.416030  
  1370     0.000906     0.416038  
  1371     0.000903     0.416034  
  1372     0.000899     0.416029  
  1373     0.000895     0.416033  
  1374     0.000891     0.416030  
  1375     0.000888     0.416041  
  1376     0.000884     0.416036  
  1377     0.000881     0.416032  
  1378     0.000878     0.416026  
  1379     0.000874     0.416010  
  1380     0.000871     0.415993  
  1381     0.000868     0.415998  
  1382     0.000864     0.416004  
  1383     0.000860     0.415996  
  1384     0.000858     0.416011  
  1385     0.000854     0.416006  
  1386     0.000851     0.415981  
  1387     0.000847     0.415981  
  1388     0.000844     0.415986  
  1389     0.000841     0.415985  
  1390     0.000837     0.415970  
  1391     0.000834     0.415973  
  1392     0.000831     0.415979  
  1393     0.000827     0.415979  
  1394     0.000824     0.415998  
  1395     0.000821     0.415990  
  1396     0.000818     0.415968  
  1397     0.000815     0.415965  
  1398     0.000811     0.415961  
  1399     0.000808     0.415963  
  1400     0.000805     0.415956  
  1401     0.000802     0.415960  
  1402     0.000799     0.415951  
  1403     0.000795     0.415949  
  1404     0.000792     0.415938  
  1405     0.000789     0.415953  
  1406     0.000786     0.415954  
  1407     0.000783     0.415952  
  1408     0.000780     0.415946  
  1409     0.000777     0.415947  
  1410     0.000773     0.415958  
  1411     0.000771     0.415944  
  1412     0.000768     0.415932  
  1413     0.000765     0.415907  
  1414     0.000762     0.415908  
  1415     0.000759     0.415882  
  1416     0.000756     0.415888  
  1417     0.000753     0.415890  
  1418     0.000750     0.415882  
  1419     0.000747     0.415882  
  1420     0.000744     0.415874  
  1421     0.000741     0.415867  
  1422     0.000738     0.415869  
  1423     0.000735     0.415861  
  1424     0.000733     0.415871  
  1425     0.000730     0.415858  
  1426     0.000727     0.415873  
  1427     0.000724     0.415869  
  1428     0.000722     0.415866  
  1429     0.000719     0.415854  
  1430     0.000716     0.415860  
  1431     0.000713     0.415865  
  1432     0.000711     0.415856  
  1433     0.000708     0.415849  
  1434     0.000706     0.415862  
  1435     0.000703     0.415858  
  1436     0.000700     0.415851  
  1437     0.000698     0.415846  
  1438     0.000695     0.415840  * best
  1439     0.000693     0.415860  
  1440     0.000690     0.415870  
  1441     0.000687     0.415856  
  1442     0.000685     0.415851  
  1443     0.000682     0.415868  
  1444     0.000680     0.415877  
  1445     0.000677     0.415877  
  1446     0.000674     0.415872  
  1447     0.000671     0.415854  
  1448     0.000669     0.415859  
  1449     0.000666     0.415882  
  1450     0.000663     0.415874  
  1451     0.000660     0.415880  
  1452     0.000657     0.415883  
  1453     0.000654     0.415876  
  1454     0.000652     0.415872  
  1455     0.000649     0.415871  
  1456     0.000647     0.415884  
  1457     0.000644     0.415884  
  1458     0.000642     0.415878  
  1459     0.000639     0.415887  
  1460     0.000636     0.415898  
  1461     0.000634     0.415879  
  1462     0.000632     0.415877  
  1463     0.000629     0.415882  
  1464     0.000626     0.415888  
  1465     0.000624     0.415883  
  1466     0.000621     0.415890  
  1467     0.000619     0.415904  
  1468     0.000617     0.415905  
  1469     0.000615     0.415909  
  1470     0.000612     0.415908  
  1471     0.000610     0.415923  
  1472     0.000608     0.415925  
  1473     0.000605     0.415912  
  1474     0.000602     0.415910  
  1475     0.000600     0.415902  
  1476     0.000598     0.415901  
  1477     0.000596     0.415902  
  1478     0.000594     0.415913  
  1479     0.000592     0.415921  
  1480     0.000589     0.415926  
  1481     0.000587     0.415914  
  1482     0.000584     0.415914  
  1483     0.000582     0.415921  
  1484     0.000580     0.415917  
  1485     0.000578     0.415912  
  1486     0.000575     0.415914  
  1487     0.000573     0.415916  
  1488     0.000571     0.415917  
  1489     0.000568     0.415920  
  1490     0.000566     0.415926  
  1491     0.000563     0.415925  
  1492     0.000561     0.415913  
  1493     0.000559     0.415903  
  1494     0.000557     0.415917  
  1495     0.000555     0.415918  
  1496     0.000552     0.415909  
  1497     0.000551     0.415912  
  1498     0.000548     0.415900  
  1499     0.000546     0.415897  
  1500     0.000544     0.415897  
  1501     0.000542     0.415884  
  1502     0.000540     0.415878  
  1503     0.000538     0.415873  
  1504     0.000536     0.415863  
  1505     0.000534     0.415866  
  1506     0.000532     0.415866  
  1507     0.000530     0.415858  
  1508     0.000528     0.415864  
  1509     0.000526     0.415871  
  1510     0.000524     0.415882  
  1511     0.000522     0.415874  
  1512     0.000520     0.415865  
  1513     0.000518     0.415869  
  1514     0.000516     0.415874  
  1515     0.000514     0.415879  
  1516     0.000512     0.415869  
  1517     0.000510     0.415886  
  1518     0.000508     0.415889  
  1519     0.000506     0.415882  
  1520     0.000504     0.415873  
  1521     0.000502     0.415870  
  1522     0.000500     0.415878  
  1523     0.000498     0.415880  
  1524     0.000496     0.415878  
  1525     0.000494     0.415875  
  1526     0.000493     0.415863  
  1527     0.000491     0.415859  
  1528     0.000489     0.415853  
  1529     0.000487     0.415858  
  1530     0.000485     0.415861  
  1531     0.000483     0.415862  
  1532     0.000481     0.415860  
  1533     0.000479     0.415850  
  1534     0.000477     0.415857  
  1535     0.000476     0.415858  
  1536     0.000474     0.415856  
  1537     0.000472     0.415842  
  1538     0.000470     0.415843  
# best iteration 1438 (val l2 0.415840)
# Spearman  train +0.9950  val +0.7702  test +0.7842
