# seq+charge seed 2
# sequence baseline plus both charge blocks: does charge add to sequence?
# input dim 939, 124,481 parameters
# Linear(n_in,128) -> GELU -> Dropout(0.3) -> Linear(128,32) -> GELU -> Dropout(0.3) -> Linear(32,1)
# Adam lr=0.001 weight_decay=0.0001 batch=32 dropout=0.3
# loss = MSE on standardised log10 half-life
# early stopping on validation loss, patience 40, max 300 epochs
#
 epoch  train_batch        train          val  note
     1     0.737225     0.555691     0.648989  * best
     2     0.567211     0.467188     0.585540  * best
     3     0.484048     0.384890     0.534463  * best
     4     0.442684     0.347598     0.516186  * best
     5     0.403483     0.308525     0.517024  
     6     0.375605     0.278398     0.515138  * best
     7     0.349239     0.251087     0.509242  * best
     8     0.333000     0.237331     0.506706  * best
     9     0.318344     0.205674     0.485209  * best
    10     0.300749     0.197968     0.466116  * best
    11     0.280354     0.190838     0.469397  
    12     0.269883     0.176092     0.456414  * best
    13     0.261529     0.167552     0.475148  
    14     0.253232     0.163861     0.467250  
    15     0.245968     0.146191     0.472050  
    16     0.236818     0.150650     0.488573  
    17     0.231828     0.145069     0.473042  
    18     0.226726     0.135712     0.486818  
    19     0.219264     0.131310     0.464060  
    20     0.210815     0.126039     0.476285  
    21     0.207992     0.118959     0.469171  
    22     0.200837     0.122542     0.456369  * best
    23     0.202264     0.113461     0.476454  
    24     0.200028     0.099685     0.464030  
    25     0.187668     0.101803     0.464651  
    26     0.182114     0.106189     0.475992  
    27     0.184775     0.100582     0.461862  
    28     0.183227     0.097646     0.483241  
    29     0.177667     0.099898     0.465797  
    30     0.178971     0.093536     0.475741  
    31     0.173624     0.087956     0.455620  * best
    32     0.169005     0.079221     0.447396  * best
    33     0.170592     0.087318     0.467298  
    34     0.171547     0.080725     0.468804  
    35     0.164072     0.078207     0.469932  
    36     0.165304     0.086294     0.486245  
    37     0.162070     0.087775     0.495929  
    38     0.161727     0.081460     0.499240  
    39     0.160219     0.080377     0.469597  
    40     0.157668     0.080990     0.475704  
    41     0.155899     0.072232     0.478442  
    42     0.153060     0.075047     0.486950  
    43     0.155877     0.067623     0.493143  
    44     0.155137     0.079099     0.490194  
    45     0.150435     0.077064     0.507709  
    46     0.147104     0.071112     0.486052  
    47     0.149583     0.070552     0.487915  
    48     0.140648     0.066212     0.489360  
    49     0.144529     0.071028     0.483211  
    50     0.139123     0.069726     0.489337  
    51     0.135447     0.065730     0.486255  
    52     0.143790     0.062460     0.477589  
    53     0.142519     0.063914     0.479324  
    54     0.140372     0.058048     0.489843  
    55     0.134492     0.058815     0.478730  
    56     0.135887     0.058095     0.495041  
    57     0.138359     0.061741     0.484985  
    58     0.135723     0.055340     0.491670  
    59     0.136023     0.060445     0.485695  
    60     0.134731     0.060603     0.490848  
    61     0.131529     0.055601     0.486702  
    62     0.129911     0.057795     0.487808  
    63     0.130479     0.058217     0.491128  
    64     0.128557     0.061538     0.501506  
    65     0.131343     0.057370     0.489061  
    66     0.131907     0.060269     0.481806  
    67     0.127064     0.056016     0.483985  
    68     0.132726     0.058917     0.508434  
    69     0.127690     0.056877     0.506292  
    70     0.125649     0.051524     0.479472  
    71     0.127177     0.058213     0.493295  
    72     0.123913     0.053168     0.476556  
# stopped at epoch 72: no improvement for 40 epochs
# restored epoch 32 (val MSE 0.447396)
# Spearman  train +0.9605  val +0.7585  test +0.7356
