# gbm_edge seed 1
# boosted trees on edge
# inputs 14450, 1,587 trees
# LightGBM gradient-boosted trees, objective l2, lr 0.05, num_leaves 31, min_data_in_leaf 20, feature_fraction 0.3, bagging 0.8, lambda_l2 1.0, up to 3000 rounds, early stopping 100 on validation l2
# loss = l2 on standardised log10 half-life
#
 round        train          val  note
     1     0.964820     0.978172  
     2     0.933482     0.952138  
     3     0.904488     0.926553  
     4     0.877945     0.904230  
     5     0.853850     0.884139  
     6     0.830575     0.864654  
     7     0.808040     0.845418  
     8     0.787108     0.827959  
     9     0.769078     0.813386  
    10     0.750126     0.796297  
    11     0.732787     0.782153  
    12     0.717461     0.769927  
    13     0.702806     0.758094  
    14     0.689072     0.746683  
    15     0.675834     0.736173  
    16     0.664106     0.727473  
    17     0.652611     0.718066  
    18     0.641195     0.709518  
    19     0.630445     0.700409  
    20     0.621158     0.693930  
    21     0.611206     0.686603  
    22     0.601454     0.679487  
    23     0.593021     0.674100  
    24     0.585185     0.668697  
    25     0.577121     0.662735  
    26     0.570171     0.657734  
    27     0.562674     0.652809  
    28     0.555501     0.647681  
    29     0.548003     0.642433  
    30     0.541317     0.637509  
    31     0.535365     0.634286  
    32     0.528899     0.629949  
    33     0.522317     0.625358  
    34     0.516502     0.621356  
    35     0.510919     0.617934  
    36     0.505782     0.615604  
    37     0.500414     0.612354  
    38     0.495332     0.609399  
    39     0.490123     0.605118  
    40     0.485547     0.602315  
    41     0.480979     0.599444  
    42     0.476294     0.596349  
    43     0.472012     0.594259  
    44     0.467731     0.591721  
    45     0.463324     0.588820  
    46     0.459172     0.586855  
    47     0.454907     0.584818  
    48     0.451126     0.583014  
    49     0.447054     0.580840  
    50     0.443296     0.578446  
    51     0.439549     0.577547  
    52     0.435579     0.575660  
    53     0.431988     0.574410  
    54     0.428176     0.572301  
    55     0.424755     0.570779  
    56     0.421233     0.568880  
    57     0.417828     0.567647  
    58     0.414747     0.565828  
    59     0.411667     0.564126  
    60     0.408513     0.563013  
    61     0.405185     0.561240  
    62     0.402130     0.559904  
    63     0.399052     0.558280  
    64     0.396198     0.557291  
    65     0.393139     0.556251  
    66     0.390109     0.555038  
    67     0.387101     0.553526  
    68     0.384375     0.552953  
    69     0.381568     0.552015  
    70     0.378801     0.550913  
    71     0.375865     0.548997  
    72     0.373155     0.547836  
    73     0.370672     0.547316  
    74     0.367901     0.546217  
    75     0.365053     0.544255  
    76     0.362096     0.542614  
    77     0.359561     0.541575  
    78     0.356921     0.540620  
    79     0.354468     0.539670  
    80     0.351944     0.538347  
    81     0.349287     0.537969  
    82     0.346883     0.537209  
    83     0.344481     0.536226  
    84     0.342075     0.535379  
    85     0.339741     0.533868  
    86     0.337448     0.532876  
    87     0.335008     0.531754  
    88     0.332865     0.531462  
    89     0.330571     0.530516  
    90     0.328284     0.529515  
    91     0.326114     0.528954  
    92     0.323803     0.528196  
    93     0.321604     0.527403  
    94     0.319331     0.525697  
    95     0.317048     0.524720  
    96     0.314968     0.523797  
    97     0.312813     0.523429  
    98     0.310669     0.522561  
    99     0.308754     0.521672  
   100     0.306705     0.521220  
   101     0.304765     0.520420  
   102     0.302734     0.519723  
   103     0.300703     0.519456  
   104     0.298783     0.518476  
   105     0.296578     0.517522  
   106     0.294592     0.517027  
   107     0.292707     0.516416  
   108     0.290900     0.515617  
   109     0.289097     0.514944  
   110     0.287237     0.514961  
   111     0.285426     0.514619  
   112     0.283610     0.514481  
   113     0.281900     0.514306  
   114     0.280054     0.513804  
   115     0.278396     0.513387  
   116     0.276570     0.512940  
   117     0.274830     0.512582  
   118     0.273223     0.511875  
   119     0.271614     0.511181  
   120     0.269982     0.510459  
   121     0.268303     0.510020  
   122     0.266638     0.509141  
   123     0.264840     0.508499  
   124     0.263151     0.508422  
   125     0.261555     0.508130  
   126     0.259987     0.507944  
   127     0.258274     0.507258  
   128     0.256603     0.506280  
   129     0.255122     0.505753  
   130     0.253570     0.505435  
   131     0.252052     0.504769  
   132     0.250561     0.504505  
   133     0.249082     0.504007  
   134     0.247661     0.503663  
   135     0.246216     0.503396  
   136     0.244703     0.503129  
   137     0.243262     0.502878  
   138     0.241849     0.502394  
   139     0.240385     0.501935  
   140     0.238993     0.501492  
   141     0.237500     0.500751  
   142     0.236000     0.500590  
   143     0.234725     0.500287  
   144     0.233359     0.499814  
   145     0.231984     0.499593  
   146     0.230599     0.499206  
   147     0.229181     0.498546  
   148     0.227812     0.498271  
   149     0.226474     0.497678  
   150     0.225313     0.497110  
   151     0.224044     0.496732  
   152     0.222780     0.496419  
   153     0.221543     0.496214  
   154     0.220321     0.495958  
   155     0.219034     0.495800  
   156     0.217886     0.495607  
   157     0.216624     0.495584  
   158     0.215413     0.495512  
   159     0.214119     0.495440  
   160     0.212872     0.495063  
   161     0.211603     0.494446  
   162     0.210437     0.494046  
   163     0.209155     0.493654  
   164     0.208057     0.493595  
   165     0.206875     0.493274  
   166     0.205712     0.493039  
   167     0.204552     0.492974  
   168     0.203494     0.492939  
   169     0.202416     0.492635  
   170     0.201222     0.492354  
   171     0.200106     0.492148  
   172     0.198969     0.491675  
   173     0.197841     0.490888  
   174     0.196754     0.490522  
   175     0.195632     0.490232  
   176     0.194532     0.489637  
   177     0.193567     0.489539  
   178     0.192436     0.489346  
   179     0.191404     0.489263  
   180     0.190368     0.488579  
   181     0.189274     0.488258  
   182     0.188181     0.487958  
   183     0.187141     0.487647  
   184     0.186166     0.487351  
   185     0.185160     0.487309  
   186     0.184134     0.487023  
   187     0.183254     0.486626  
   188     0.182326     0.486442  
   189     0.181386     0.486186  
   190     0.180414     0.485797  
   191     0.179420     0.485733  
   192     0.178470     0.485142  
   193     0.177521     0.485349  
   194     0.176581     0.485319  
   195     0.175625     0.485092  
   196     0.174655     0.484666  
   197     0.173742     0.484230  
   198     0.172760     0.484082  
   199     0.171917     0.484183  
   200     0.171045     0.484120  
   201     0.170156     0.483817  
   202     0.169260     0.483661  
   203     0.168370     0.483626  
   204     0.167505     0.483363  
   205     0.166623     0.483226  
   206     0.165740     0.483052  
   207     0.164864     0.482740  
   208     0.163983     0.482412  
   209     0.163102     0.482154  
   210     0.162170     0.481738  
   211     0.161309     0.481981  
   212     0.160486     0.481906  
   213     0.159625     0.481769  
   214     0.158741     0.481476  
   215     0.157938     0.481490  
   216     0.157092     0.481519  
   217     0.156225     0.480966  
   218     0.155423     0.480944  
   219     0.154516     0.480816  
   220     0.153592     0.480318  
   221     0.152823     0.479821  
   222     0.152006     0.479681  
   223     0.151282     0.479405  
   224     0.150494     0.479244  
   225     0.149627     0.478949  
   226     0.148854     0.478870  
   227     0.148043     0.478675  
   228     0.147307     0.478627  
   229     0.146525     0.478272  
   230     0.145820     0.478019  
   231     0.145044     0.477372  
   232     0.144240     0.476996  
   233     0.143549     0.476988  
   234     0.142754     0.476738  
   235     0.142117     0.476439  
   236     0.141346     0.475911  
   237     0.140604     0.475870  
   238     0.139904     0.475341  
   239     0.139205     0.475503  
   240     0.138463     0.474982  
   241     0.137757     0.474800  
   242     0.137073     0.474628  
   243     0.136467     0.474623  
   244     0.135795     0.474775  
   245     0.135107     0.474630  
   246     0.134437     0.474603  
   247     0.133728     0.474510  
   248     0.133073     0.474365  
   249     0.132375     0.474285  
   250     0.131713     0.474218  
   251     0.131038     0.474207  
   252     0.130422     0.473925  
   253     0.129793     0.473691  
   254     0.129181     0.473507  
   255     0.128494     0.473381  
   256     0.127857     0.473352  
   257     0.127227     0.473078  
   258     0.126599     0.473052  
   259     0.125953     0.473073  
   260     0.125331     0.472955  
   261     0.124741     0.473031  
   262     0.124164     0.472777  
   263     0.123507     0.472720  
   264     0.122835     0.472435  
   265     0.122246     0.472208  
   266     0.121670     0.472121  
   267     0.121063     0.472160  
   268     0.120411     0.471994  
   269     0.119820     0.471806  
   270     0.119265     0.471343  
   271     0.118680     0.471245  
   272     0.118077     0.471010  
   273     0.117450     0.470862  
   274     0.116859     0.470641  
   275     0.116364     0.470566  
   276     0.115804     0.470830  
   277     0.115251     0.470493  
   278     0.114750     0.470476  
   279     0.114178     0.470611  
   280     0.113630     0.470283  
   281     0.113033     0.469924  
   282     0.112432     0.469922  
   283     0.111888     0.470124  
   284     0.111330     0.470130  
   285     0.110767     0.469872  
   286     0.110231     0.469787  
   287     0.109694     0.469763  
   288     0.109166     0.469652  
   289     0.108566     0.469759  
   290     0.108080     0.469663  
   291     0.107531     0.469356  
   292     0.106955     0.469195  
   293     0.106472     0.469065  
   294     0.105951     0.469122  
   295     0.105476     0.469020  
   296     0.104997     0.468912  
   297     0.104537     0.468925  
   298     0.104084     0.468708  
   299     0.103561     0.468781  
   300     0.103030     0.468687  
   301     0.102556     0.468900  
   302     0.102068     0.469070  
   303     0.101588     0.469017  
   304     0.101076     0.468950  
   305     0.100566     0.468970  
   306     0.099994     0.468813  
   307     0.099516     0.468692  
   308     0.099030     0.468691  
   309     0.098558     0.468662  
   310     0.098063     0.468417  
   311     0.097630     0.468330  
   312     0.097174     0.468298  
   313     0.096758     0.468258  
   314     0.096279     0.467943  
   315     0.095834     0.467882  
   316     0.095402     0.467640  
   317     0.094979     0.467506  
   318     0.094555     0.467448  
   319     0.094089     0.467454  
   320     0.093673     0.467479  
   321     0.093242     0.467558  
   322     0.092804     0.467310  
   323     0.092350     0.467490  
   324     0.091885     0.467323  
   325     0.091459     0.467176  
   326     0.091062     0.467180  
   327     0.090628     0.467221  
   328     0.090207     0.467239  
   329     0.089819     0.467361  
   330     0.089393     0.467516  
   331     0.088995     0.467700  
   332     0.088558     0.467601  
   333     0.088109     0.467588  
   334     0.087664     0.467354  
   335     0.087273     0.467240  
   336     0.086832     0.467140  
   337     0.086390     0.466863  
   338     0.085969     0.466987  
   339     0.085584     0.466996  
   340     0.085182     0.466762  
   341     0.084759     0.466734  
   342     0.084394     0.466621  
   343     0.083957     0.466516  
   344     0.083578     0.466532  
   345     0.083204     0.466574  
   346     0.082763     0.466271  
   347     0.082357     0.466151  
   348     0.082009     0.466027  
   349     0.081645     0.465995  
   350     0.081276     0.466066  
   351     0.080869     0.466172  
   352     0.080510     0.465925  
   353     0.080104     0.465730  
   354     0.079751     0.465819  
   355     0.079375     0.465896  
   356     0.078954     0.465840  
   357     0.078584     0.465597  
   358     0.078210     0.465544  
   359     0.077834     0.465530  
   360     0.077460     0.465515  
   361     0.077081     0.465449  
   362     0.076701     0.465302  
   363     0.076356     0.465278  
   364     0.075980     0.465100  
   365     0.075651     0.465180  
   366     0.075284     0.464965  
   367     0.074957     0.464778  
   368     0.074564     0.464788  
   369     0.074238     0.464449  
   370     0.073913     0.464319  
   371     0.073552     0.464130  
   372     0.073195     0.464225  
   373     0.072878     0.464271  
   374     0.072497     0.464012  
   375     0.072179     0.464081  
   376     0.071836     0.463995  
   377     0.071507     0.463869  
   378     0.071175     0.463959  
   379     0.070844     0.463755  
   380     0.070515     0.463717  
   381     0.070156     0.463527  
   382     0.069809     0.463473  
   383     0.069473     0.463349  
   384     0.069139     0.463359  
   385     0.068789     0.463323  
   386     0.068461     0.463025  
   387     0.068142     0.462874  
   388     0.067820     0.462704  
   389     0.067535     0.462694  
   390     0.067217     0.462608  
   391     0.066903     0.462584  
   392     0.066607     0.462505  
   393     0.066301     0.462532  
   394     0.065992     0.462412  
   395     0.065693     0.462405  
   396     0.065404     0.462399  
   397     0.065105     0.462409  
   398     0.064806     0.462403  
   399     0.064510     0.462313  
   400     0.064206     0.462192  
   401     0.063931     0.462235  
   402     0.063625     0.462263  
   403     0.063310     0.462228  
   404     0.063018     0.462186  
   405     0.062721     0.462061  
   406     0.062417     0.462143  
   407     0.062151     0.461821  
   408     0.061895     0.461918  
   409     0.061601     0.461617  
   410     0.061338     0.461509  
   411     0.061054     0.461390  
   412     0.060754     0.461376  
   413     0.060461     0.461423  
   414     0.060162     0.461289  
   415     0.059885     0.461401  
   416     0.059641     0.461241  
   417     0.059353     0.461340  
   418     0.059083     0.461403  
   419     0.058820     0.461337  
   420     0.058548     0.461195  
   421     0.058320     0.461079  
   422     0.058070     0.461092  
   423     0.057796     0.460930  
   424     0.057529     0.460979  
   425     0.057275     0.461017  
   426     0.057031     0.460915  
   427     0.056783     0.460898  
   428     0.056544     0.460960  
   429     0.056307     0.461003  
   430     0.056065     0.460897  
   431     0.055810     0.460936  
   432     0.055568     0.461106  
   433     0.055297     0.461077  
   434     0.055044     0.460997  
   435     0.054789     0.460942  
   436     0.054567     0.460820  
   437     0.054315     0.460706  
   438     0.054071     0.460650  
   439     0.053817     0.460757  
   440     0.053570     0.460765  
   441     0.053327     0.460780  
   442     0.053092     0.460800  
   443     0.052844     0.460773  
   444     0.052595     0.460655  
   445     0.052367     0.460666  
   446     0.052150     0.460597  
   447     0.051921     0.460621  
   448     0.051677     0.460650  
   449     0.051423     0.460472  
   450     0.051189     0.460481  
   451     0.050954     0.460306  
   452     0.050734     0.460335  
   453     0.050491     0.460289  
   454     0.050259     0.460216  
   455     0.050020     0.460206  
   456     0.049795     0.460097  
   457     0.049560     0.460065  
   458     0.049355     0.460121  
   459     0.049140     0.460103  
   460     0.048898     0.460072  
   461     0.048685     0.460014  
   462     0.048474     0.459786  
   463     0.048256     0.459658  
   464     0.048049     0.459697  
   465     0.047878     0.459738  
   466     0.047647     0.459787  
   467     0.047436     0.459715  
   468     0.047234     0.459734  
   469     0.047023     0.459691  
   470     0.046843     0.459532  
   471     0.046623     0.459464  
   472     0.046437     0.459414  
   473     0.046218     0.459338  
   474     0.046012     0.459260  
   475     0.045814     0.459241  
   476     0.045616     0.459277  
   477     0.045421     0.459076  
   478     0.045223     0.459213  
   479     0.045046     0.459161  
   480     0.044829     0.459136  
   481     0.044643     0.459169  
   482     0.044444     0.459210  
   483     0.044258     0.459005  
   484     0.044057     0.458877  
   485     0.043875     0.458938  
   486     0.043688     0.458816  
   487     0.043485     0.458844  
   488     0.043317     0.458779  
   489     0.043124     0.458654  
   490     0.042926     0.458558  
   491     0.042717     0.458509  
   492     0.042519     0.458529  
   493     0.042315     0.458472  
   494     0.042122     0.458591  
   495     0.041948     0.458550  
   496     0.041767     0.458584  
   497     0.041577     0.458594  
   498     0.041384     0.458560  
   499     0.041206     0.458556  
   500     0.041036     0.458433  
   501     0.040864     0.458330  
   502     0.040686     0.458307  
   503     0.040511     0.458493  
   504     0.040343     0.458450  
   505     0.040154     0.458349  
   506     0.039968     0.458290  
   507     0.039786     0.458207  
   508     0.039594     0.458173  
   509     0.039419     0.458218  
   510     0.039231     0.458244  
   511     0.039069     0.458163  
   512     0.038900     0.458013  
   513     0.038738     0.457910  
   514     0.038554     0.457726  
   515     0.038390     0.457721  
   516     0.038225     0.457783  
   517     0.038054     0.457584  
   518     0.037899     0.457530  
   519     0.037746     0.457519  
   520     0.037590     0.457448  
   521     0.037421     0.457353  
   522     0.037257     0.457430  
   523     0.037083     0.457144  
   524     0.036922     0.457055  
   525     0.036756     0.457030  
   526     0.036596     0.457107  
   527     0.036447     0.457073  
   528     0.036299     0.457038  
   529     0.036138     0.457023  
   530     0.035996     0.456840  
   531     0.035835     0.456905  
   532     0.035687     0.456858  
   533     0.035537     0.456882  
   534     0.035373     0.456757  
   535     0.035231     0.456693  
   536     0.035085     0.456674  
   537     0.034935     0.456560  
   538     0.034763     0.456514  
   539     0.034609     0.456475  
   540     0.034455     0.456485  
   541     0.034316     0.456527  
   542     0.034173     0.456448  
   543     0.034013     0.456390  
   544     0.033870     0.456445  
   545     0.033727     0.456464  
   546     0.033577     0.456524  
   547     0.033426     0.456408  
   548     0.033297     0.456403  
   549     0.033151     0.456308  
   550     0.033000     0.456374  
   551     0.032867     0.456355  
   552     0.032729     0.456396  
   553     0.032593     0.456265  
   554     0.032462     0.456322  
   555     0.032330     0.456336  
   556     0.032188     0.456288  
   557     0.032038     0.456139  
   558     0.031902     0.456170  
   559     0.031767     0.456211  
   560     0.031618     0.456225  
   561     0.031475     0.456123  
   562     0.031339     0.456087  
   563     0.031208     0.455976  
   564     0.031076     0.455908  
   565     0.030938     0.455845  
   566     0.030808     0.455708  
   567     0.030681     0.455725  
   568     0.030549     0.455735  
   569     0.030407     0.455697  
   570     0.030277     0.455751  
   571     0.030146     0.455716  
   572     0.030020     0.455566  
   573     0.029879     0.455535  
   574     0.029753     0.455571  
   575     0.029627     0.455528  
   576     0.029502     0.455596  
   577     0.029392     0.455589  
   578     0.029259     0.455532  
   579     0.029146     0.455592  
   580     0.029027     0.455518  
   581     0.028899     0.455536  
   582     0.028774     0.455567  
   583     0.028641     0.455500  
   584     0.028517     0.455392  
   585     0.028390     0.455340  
   586     0.028269     0.455385  
   587     0.028156     0.455334  
   588     0.028030     0.455302  
   589     0.027909     0.455207  
   590     0.027813     0.455017  
   591     0.027702     0.454865  
   592     0.027574     0.454754  
   593     0.027452     0.454854  
   594     0.027343     0.454891  
   595     0.027223     0.454727  
   596     0.027111     0.454660  
   597     0.027012     0.454647  
   598     0.026899     0.454614  
   599     0.026780     0.454693  
   600     0.026672     0.454661  
   601     0.026558     0.454686  
   602     0.026450     0.454780  
   603     0.026331     0.454751  
   604     0.026220     0.454781  
   605     0.026111     0.454716  
   606     0.026006     0.454724  
   607     0.025898     0.454764  
   608     0.025794     0.454720  
   609     0.025678     0.454621  
   610     0.025576     0.454695  
   611     0.025487     0.454656  
   612     0.025374     0.454567  
   613     0.025258     0.454595  
   614     0.025151     0.454526  
   615     0.025043     0.454479  
   616     0.024940     0.454462  
   617     0.024833     0.454471  
   618     0.024737     0.454371  
   619     0.024641     0.454399  
   620     0.024526     0.454332  
   621     0.024419     0.454375  
   622     0.024317     0.454363  
   623     0.024220     0.454282  
   624     0.024105     0.454401  
   625     0.024005     0.454311  
   626     0.023909     0.454337  
   627     0.023800     0.454274  
   628     0.023691     0.454257  
   629     0.023599     0.454261  
   630     0.023511     0.454177  
   631     0.023405     0.454196  
   632     0.023316     0.454197  
   633     0.023222     0.454157  
   634     0.023130     0.454223  
   635     0.023045     0.454266  
   636     0.022959     0.454253  
   637     0.022870     0.454297  
   638     0.022771     0.454258  
   639     0.022677     0.454187  
   640     0.022590     0.454223  
   641     0.022497     0.454298  
   642     0.022407     0.454315  
   643     0.022306     0.454254  
   644     0.022202     0.454249  
   645     0.022114     0.454286  
   646     0.022021     0.454358  
   647     0.021926     0.454270  
   648     0.021833     0.454340  
   649     0.021732     0.454310  
   650     0.021646     0.454363  
   651     0.021544     0.454295  
   652     0.021454     0.454332  
   653     0.021359     0.454423  
   654     0.021278     0.454399  
   655     0.021187     0.454381  
   656     0.021094     0.454363  
   657     0.021002     0.454320  
   658     0.020913     0.454245  
   659     0.020825     0.454344  
   660     0.020724     0.454397  
   661     0.020629     0.454454  
   662     0.020549     0.454467  
   663     0.020454     0.454348  
   664     0.020370     0.454346  
   665     0.020291     0.454345  
   666     0.020208     0.454357  
   667     0.020128     0.454381  
   668     0.020029     0.454379  
   669     0.019956     0.454388  
   670     0.019871     0.454272  
   671     0.019783     0.454367  
   672     0.019703     0.454385  
   673     0.019616     0.454288  
   674     0.019538     0.454279  
   675     0.019455     0.454191  
   676     0.019373     0.454150  
   677     0.019297     0.454202  
   678     0.019223     0.454149  
   679     0.019156     0.454137  
   680     0.019074     0.454107  
   681     0.018989     0.454142  
   682     0.018923     0.454156  
   683     0.018845     0.454113  
   684     0.018767     0.454153  
   685     0.018688     0.454166  
   686     0.018613     0.454141  
   687     0.018536     0.454065  
   688     0.018456     0.454108  
   689     0.018380     0.454113  
   690     0.018310     0.454096  
   691     0.018242     0.454127  
   692     0.018174     0.454079  
   693     0.018095     0.454099  
   694     0.018030     0.454079  
   695     0.017945     0.454026  
   696     0.017869     0.454013  
   697     0.017794     0.454083  
   698     0.017733     0.454063  
   699     0.017664     0.454045  
   700     0.017580     0.454083  
   701     0.017502     0.454136  
   702     0.017424     0.454114  
   703     0.017350     0.454106  
   704     0.017282     0.454094  
   705     0.017218     0.454172  
   706     0.017138     0.454127  
   707     0.017079     0.454079  
   708     0.017005     0.454029  
   709     0.016932     0.454001  
   710     0.016864     0.453991  
   711     0.016794     0.454005  
   712     0.016730     0.453979  
   713     0.016663     0.453965  
   714     0.016589     0.453947  
   715     0.016506     0.453955  
   716     0.016439     0.453985  
   717     0.016369     0.453884  
   718     0.016308     0.453759  
   719     0.016244     0.453835  
   720     0.016179     0.453869  
   721     0.016105     0.453872  
   722     0.016041     0.453865  
   723     0.015966     0.453843  
   724     0.015904     0.453879  
   725     0.015842     0.453899  
   726     0.015777     0.453931  
   727     0.015710     0.453931  
   728     0.015652     0.453851  
   729     0.015577     0.453817  
   730     0.015513     0.453789  
   731     0.015448     0.453829  
   732     0.015385     0.453839  
   733     0.015323     0.453843  
   734     0.015257     0.453814  
   735     0.015187     0.453801  
   736     0.015122     0.453771  
   737     0.015060     0.453685  
   738     0.015004     0.453698  
   739     0.014933     0.453625  
   740     0.014865     0.453548  
   741     0.014799     0.453540  
   742     0.014746     0.453559  
   743     0.014674     0.453468  
   744     0.014618     0.453501  
   745     0.014555     0.453441  
   746     0.014497     0.453471  
   747     0.014432     0.453436  
   748     0.014379     0.453453  
   749     0.014320     0.453459  
   750     0.014249     0.453445  
   751     0.014195     0.453428  
   752     0.014138     0.453452  
   753     0.014078     0.453387  
   754     0.014026     0.453376  
   755     0.013964     0.453393  
   756     0.013906     0.453389  
   757     0.013850     0.453386  
   758     0.013800     0.453485  
   759     0.013747     0.453518  
   760     0.013686     0.453570  
   761     0.013628     0.453619  
   762     0.013575     0.453594  
   763     0.013521     0.453558  
   764     0.013466     0.453618  
   765     0.013406     0.453599  
   766     0.013355     0.453572  
   767     0.013293     0.453501  
   768     0.013248     0.453473  
   769     0.013196     0.453498  
   770     0.013145     0.453421  
   771     0.013087     0.453457  
   772     0.013037     0.453481  
   773     0.012980     0.453483  
   774     0.012921     0.453439  
   775     0.012872     0.453459  
   776     0.012820     0.453458  
   777     0.012768     0.453419  
   778     0.012711     0.453337  
   779     0.012657     0.453356  
   780     0.012603     0.453410  
   781     0.012550     0.453390  
   782     0.012499     0.453448  
   783     0.012454     0.453418  
   784     0.012407     0.453459  
   785     0.012356     0.453487  
   786     0.012304     0.453454  
   787     0.012260     0.453461  
   788     0.012211     0.453477  
   789     0.012163     0.453397  
   790     0.012114     0.453418  
   791     0.012064     0.453394  
   792     0.012012     0.453452  
   793     0.011963     0.453526  
   794     0.011916     0.453533  
   795     0.011866     0.453510  
   796     0.011817     0.453520  
   797     0.011765     0.453485  
   798     0.011722     0.453473  
   799     0.011675     0.453477  
   800     0.011623     0.453459  
   801     0.011570     0.453425  
   802     0.011528     0.453509  
   803     0.011484     0.453505  
   804     0.011434     0.453514  
   805     0.011384     0.453491  
   806     0.011335     0.453466  
   807     0.011295     0.453421  
   808     0.011248     0.453392  
   809     0.011201     0.453395  
   810     0.011161     0.453392  
   811     0.011117     0.453321  
   812     0.011069     0.453359  
   813     0.011031     0.453265  
   814     0.010982     0.453250  
   815     0.010939     0.453268  
   816     0.010900     0.453262  
   817     0.010857     0.453280  
   818     0.010814     0.453334  
   819     0.010765     0.453242  
   820     0.010726     0.453233  
   821     0.010686     0.453241  
   822     0.010646     0.453252  
   823     0.010607     0.453264  
   824     0.010568     0.453315  
   825     0.010525     0.453270  
   826     0.010483     0.453223  
   827     0.010442     0.453247  
   828     0.010401     0.453234  
   829     0.010364     0.453231  
   830     0.010323     0.453277  
   831     0.010285     0.453244  
   832     0.010245     0.453208  
   833     0.010198     0.453210  
   834     0.010155     0.453195  
   835     0.010114     0.453215  
   836     0.010075     0.453232  
   837     0.010029     0.453247  
   838     0.009989     0.453241  
   839     0.009953     0.453278  
   840     0.009909     0.453258  
   841     0.009866     0.453263  
   842     0.009826     0.453309  
   843     0.009782     0.453223  
   844     0.009743     0.453225  
   845     0.009701     0.453284  
   846     0.009664     0.453259  
   847     0.009625     0.453237  
   848     0.009590     0.453283  
   849     0.009552     0.453270  
   850     0.009510     0.453244  
   851     0.009467     0.453241  
   852     0.009429     0.453255  
   853     0.009392     0.453281  
   854     0.009355     0.453296  
   855     0.009318     0.453299  
   856     0.009276     0.453251  
   857     0.009241     0.453194  
   858     0.009201     0.453222  
   859     0.009164     0.453214  
   860     0.009129     0.453227  
   861     0.009096     0.453236  
   862     0.009062     0.453267  
   863     0.009022     0.453266  
   864     0.008985     0.453220  
   865     0.008947     0.453188  
   866     0.008910     0.453227  
   867     0.008874     0.453271  
   868     0.008840     0.453225  
   869     0.008805     0.453177  
   870     0.008767     0.453168  
   871     0.008731     0.453136  
   872     0.008693     0.453143  
   873     0.008655     0.453086  
   874     0.008623     0.453089  
   875     0.008589     0.453067  
   876     0.008553     0.453064  
   877     0.008519     0.453067  
   878     0.008490     0.453081  
   879     0.008455     0.453057  
   880     0.008423     0.453006  
   881     0.008391     0.453032  
   882     0.008359     0.453032  
   883     0.008323     0.453044  
   884     0.008287     0.452963  
   885     0.008258     0.452930  
   886     0.008220     0.452957  
   887     0.008190     0.452944  
   888     0.008154     0.452985  
   889     0.008126     0.453003  
   890     0.008092     0.452982  
   891     0.008057     0.452947  
   892     0.008027     0.452911  
   893     0.007993     0.452953  
   894     0.007962     0.452953  
   895     0.007930     0.452996  
   896     0.007901     0.452971  
   897     0.007869     0.452970  
   898     0.007834     0.452945  
   899     0.007804     0.452983  
   900     0.007777     0.452973  
   901     0.007747     0.452950  
   902     0.007716     0.452952  
   903     0.007684     0.452969  
   904     0.007652     0.452969  
   905     0.007621     0.452973  
   906     0.007587     0.452934  
   907     0.007556     0.452886  
   908     0.007526     0.452846  
   909     0.007494     0.452858  
   910     0.007464     0.452831  
   911     0.007433     0.452825  
   912     0.007402     0.452845  
   913     0.007373     0.452901  
   914     0.007344     0.452846  
   915     0.007316     0.452853  
   916     0.007285     0.452818  
   917     0.007254     0.452783  
   918     0.007223     0.452719  
   919     0.007192     0.452728  
   920     0.007161     0.452765  
   921     0.007132     0.452739  
   922     0.007105     0.452675  
   923     0.007072     0.452639  
   924     0.007044     0.452601  
   925     0.007017     0.452591  
   926     0.006990     0.452587  
   927     0.006959     0.452601  
   928     0.006936     0.452603  
   929     0.006907     0.452632  
   930     0.006881     0.452634  
   931     0.006852     0.452639  
   932     0.006827     0.452575  
   933     0.006801     0.452570  
   934     0.006774     0.452558  
   935     0.006744     0.452568  
   936     0.006716     0.452562  
   937     0.006691     0.452648  
   938     0.006662     0.452659  
   939     0.006637     0.452656  
   940     0.006610     0.452623  
   941     0.006583     0.452652  
   942     0.006555     0.452649  
   943     0.006531     0.452670  
   944     0.006505     0.452636  
   945     0.006482     0.452627  
   946     0.006456     0.452618  
   947     0.006433     0.452603  
   948     0.006409     0.452551  
   949     0.006385     0.452509  
   950     0.006359     0.452526  
   951     0.006333     0.452500  
   952     0.006309     0.452525  
   953     0.006287     0.452529  
   954     0.006261     0.452496  
   955     0.006237     0.452465  
   956     0.006211     0.452414  
   957     0.006183     0.452397  
   958     0.006160     0.452382  
   959     0.006134     0.452395  
   960     0.006109     0.452382  
   961     0.006085     0.452380  
   962     0.006062     0.452382  
   963     0.006034     0.452414  
   964     0.006013     0.452417  
   965     0.005990     0.452407  
   966     0.005966     0.452424  
   967     0.005942     0.452429  
   968     0.005918     0.452393  
   969     0.005897     0.452441  
   970     0.005873     0.452480  
   971     0.005850     0.452483  
   972     0.005828     0.452486  
   973     0.005805     0.452452  
   974     0.005784     0.452476  
   975     0.005759     0.452452  
   976     0.005734     0.452409  
   977     0.005712     0.452425  
   978     0.005691     0.452361  
   979     0.005669     0.452308  
   980     0.005646     0.452318  
   981     0.005626     0.452269  
   982     0.005603     0.452277  
   983     0.005580     0.452255  
   984     0.005556     0.452235  
   985     0.005532     0.452217  
   986     0.005512     0.452215  
   987     0.005489     0.452172  
   988     0.005467     0.452161  
   989     0.005447     0.452131  
   990     0.005428     0.452133  
   991     0.005406     0.452142  
   992     0.005382     0.452148  
   993     0.005359     0.452116  
   994     0.005337     0.452127  
   995     0.005316     0.452113  
   996     0.005294     0.452079  
   997     0.005274     0.452063  
   998     0.005255     0.452037  
   999     0.005235     0.451998  
  1000     0.005213     0.451971  
  1001     0.005190     0.451952  
  1002     0.005169     0.451940  
  1003     0.005148     0.451953  
  1004     0.005128     0.451899  
  1005     0.005107     0.451877  
  1006     0.005084     0.451864  
  1007     0.005064     0.451865  
  1008     0.005046     0.451878  
  1009     0.005028     0.451854  
  1010     0.005009     0.451840  
  1011     0.004990     0.451822  
  1012     0.004967     0.451818  
  1013     0.004949     0.451810  
  1014     0.004930     0.451793  
  1015     0.004910     0.451748  
  1016     0.004891     0.451792  
  1017     0.004874     0.451791  
  1018     0.004852     0.451782  
  1019     0.004834     0.451742  
  1020     0.004814     0.451724  
  1021     0.004796     0.451730  
  1022     0.004777     0.451760  
  1023     0.004759     0.451741  
  1024     0.004738     0.451714  
  1025     0.004719     0.451729  
  1026     0.004701     0.451706  
  1027     0.004682     0.451733  
  1028     0.004665     0.451753  
  1029     0.004647     0.451725  
  1030     0.004626     0.451746  
  1031     0.004608     0.451758  
  1032     0.004591     0.451763  
  1033     0.004574     0.451741  
  1034     0.004556     0.451772  
  1035     0.004540     0.451779  
  1036     0.004523     0.451789  
  1037     0.004504     0.451774  
  1038     0.004485     0.451796  
  1039     0.004467     0.451823  
  1040     0.004451     0.451830  
  1041     0.004431     0.451797  
  1042     0.004415     0.451800  
  1043     0.004400     0.451826  
  1044     0.004384     0.451792  
  1045     0.004365     0.451759  
  1046     0.004346     0.451750  
  1047     0.004329     0.451776  
  1048     0.004310     0.451802  
  1049     0.004291     0.451790  
  1050     0.004272     0.451809  
  1051     0.004255     0.451804  
  1052     0.004241     0.451815  
  1053     0.004222     0.451849  
  1054     0.004208     0.451849  
  1055     0.004190     0.451810  
  1056     0.004174     0.451808  
  1057     0.004157     0.451737  
  1058     0.004142     0.451741  
  1059     0.004123     0.451696  
  1060     0.004107     0.451695  
  1061     0.004089     0.451705  
  1062     0.004075     0.451735  
  1063     0.004057     0.451739  
  1064     0.004043     0.451735  
  1065     0.004028     0.451727  
  1066     0.004011     0.451723  
  1067     0.003995     0.451760  
  1068     0.003979     0.451771  
  1069     0.003965     0.451789  
  1070     0.003950     0.451818  
  1071     0.003935     0.451820  
  1072     0.003920     0.451813  
  1073     0.003904     0.451813  
  1074     0.003889     0.451798  
  1075     0.003874     0.451788  
  1076     0.003859     0.451759  
  1077     0.003845     0.451737  
  1078     0.003828     0.451688  
  1079     0.003815     0.451691  
  1080     0.003798     0.451671  
  1081     0.003784     0.451686  
  1082     0.003770     0.451691  
  1083     0.003754     0.451703  
  1084     0.003739     0.451715  
  1085     0.003724     0.451704  
  1086     0.003709     0.451708  
  1087     0.003695     0.451710  
  1088     0.003681     0.451666  
  1089     0.003667     0.451631  
  1090     0.003654     0.451609  
  1091     0.003640     0.451605  
  1092     0.003625     0.451584  
  1093     0.003612     0.451582  
  1094     0.003597     0.451585  
  1095     0.003584     0.451561  
  1096     0.003570     0.451574  
  1097     0.003558     0.451556  
  1098     0.003542     0.451533  
  1099     0.003529     0.451506  
  1100     0.003515     0.451495  
  1101     0.003502     0.451507  
  1102     0.003487     0.451491  
  1103     0.003472     0.451494  
  1104     0.003458     0.451470  
  1105     0.003445     0.451438  
  1106     0.003430     0.451431  
  1107     0.003416     0.451419  
  1108     0.003402     0.451400  
  1109     0.003389     0.451406  
  1110     0.003375     0.451416  
  1111     0.003362     0.451408  
  1112     0.003350     0.451433  
  1113     0.003337     0.451430  
  1114     0.003323     0.451434  
  1115     0.003312     0.451439  
  1116     0.003300     0.451464  
  1117     0.003287     0.451482  
  1118     0.003273     0.451480  
  1119     0.003262     0.451452  
  1120     0.003248     0.451434  
  1121     0.003234     0.451437  
  1122     0.003222     0.451423  
  1123     0.003210     0.451436  
  1124     0.003199     0.451427  
  1125     0.003187     0.451408  
  1126     0.003176     0.451415  
  1127     0.003163     0.451397  
  1128     0.003149     0.451409  
  1129     0.003137     0.451431  
  1130     0.003125     0.451411  
  1131     0.003114     0.451407  
  1132     0.003101     0.451386  
  1133     0.003091     0.451371  
  1134     0.003078     0.451376  
  1135     0.003066     0.451370  
  1136     0.003053     0.451371  
  1137     0.003042     0.451368  
  1138     0.003030     0.451361  
  1139     0.003020     0.451381  
  1140     0.003008     0.451389  
  1141     0.002996     0.451361  
  1142     0.002984     0.451376  
  1143     0.002973     0.451353  
  1144     0.002962     0.451350  
  1145     0.002952     0.451374  
  1146     0.002941     0.451376  
  1147     0.002929     0.451422  
  1148     0.002918     0.451445  
  1149     0.002907     0.451422  
  1150     0.002897     0.451439  
  1151     0.002886     0.451424  
  1152     0.002874     0.451424  
  1153     0.002862     0.451399  
  1154     0.002850     0.451396  
  1155     0.002839     0.451377  
  1156     0.002827     0.451393  
  1157     0.002816     0.451392  
  1158     0.002806     0.451387  
  1159     0.002796     0.451411  
  1160     0.002786     0.451414  
  1161     0.002775     0.451379  
  1162     0.002763     0.451389  
  1163     0.002753     0.451415  
  1164     0.002742     0.451388  
  1165     0.002730     0.451396  
  1166     0.002719     0.451396  
  1167     0.002710     0.451409  
  1168     0.002700     0.451403  
  1169     0.002689     0.451404  
  1170     0.002678     0.451363  
  1171     0.002668     0.451351  
  1172     0.002657     0.451320  
  1173     0.002646     0.451307  
  1174     0.002636     0.451286  
  1175     0.002626     0.451280  
  1176     0.002616     0.451285  
  1177     0.002607     0.451291  
  1178     0.002597     0.451305  
  1179     0.002588     0.451312  
  1180     0.002578     0.451328  
  1181     0.002569     0.451343  
  1182     0.002559     0.451335  
  1183     0.002549     0.451358  
  1184     0.002539     0.451368  
  1185     0.002528     0.451358  
  1186     0.002519     0.451365  
  1187     0.002508     0.451354  
  1188     0.002499     0.451346  
  1189     0.002489     0.451310  
  1190     0.002480     0.451320  
  1191     0.002470     0.451310  
  1192     0.002460     0.451267  
  1193     0.002449     0.451288  
  1194     0.002440     0.451275  
  1195     0.002430     0.451256  
  1196     0.002421     0.451256  
  1197     0.002412     0.451266  
  1198     0.002403     0.451269  
  1199     0.002395     0.451259  
  1200     0.002383     0.451242  
  1201     0.002375     0.451235  
  1202     0.002366     0.451264  
  1203     0.002357     0.451224  
  1204     0.002347     0.451245  
  1205     0.002337     0.451242  
  1206     0.002329     0.451246  
  1207     0.002319     0.451213  
  1208     0.002310     0.451233  
  1209     0.002301     0.451203  
  1210     0.002292     0.451236  
  1211     0.002283     0.451224  
  1212     0.002273     0.451235  
  1213     0.002265     0.451241  
  1214     0.002256     0.451223  
  1215     0.002246     0.451204  
  1216     0.002238     0.451220  
  1217     0.002230     0.451227  
  1218     0.002222     0.451218  
  1219     0.002214     0.451209  
  1220     0.002204     0.451209  
  1221     0.002196     0.451215  
  1222     0.002186     0.451206  
  1223     0.002179     0.451201  
  1224     0.002169     0.451195  
  1225     0.002158     0.451184  
  1226     0.002149     0.451192  
  1227     0.002141     0.451196  
  1228     0.002133     0.451207  
  1229     0.002125     0.451216  
  1230     0.002117     0.451180  
  1231     0.002109     0.451217  
  1232     0.002100     0.451213  
  1233     0.002091     0.451197  
  1234     0.002083     0.451206  
  1235     0.002074     0.451200  
  1236     0.002067     0.451198  
  1237     0.002058     0.451200  
  1238     0.002050     0.451185  
  1239     0.002042     0.451212  
  1240     0.002035     0.451206  
  1241     0.002027     0.451181  
  1242     0.002020     0.451191  
  1243     0.002013     0.451172  
  1244     0.002006     0.451167  
  1245     0.001997     0.451161  
  1246     0.001990     0.451159  
  1247     0.001982     0.451146  
  1248     0.001974     0.451156  
  1249     0.001966     0.451162  
  1250     0.001959     0.451135  
  1251     0.001951     0.451113  
  1252     0.001943     0.451128  
  1253     0.001935     0.451135  
  1254     0.001929     0.451151  
  1255     0.001922     0.451148  
  1256     0.001915     0.451144  
  1257     0.001908     0.451149  
  1258     0.001900     0.451165  
  1259     0.001892     0.451151  
  1260     0.001884     0.451145  
  1261     0.001876     0.451124  
  1262     0.001869     0.451119  
  1263     0.001862     0.451127  
  1264     0.001855     0.451115  
  1265     0.001849     0.451122  
  1266     0.001841     0.451120  
  1267     0.001834     0.451126  
  1268     0.001827     0.451136  
  1269     0.001820     0.451169  
  1270     0.001814     0.451156  
  1271     0.001807     0.451163  
  1272     0.001800     0.451141  
  1273     0.001793     0.451119  
  1274     0.001786     0.451098  
  1275     0.001778     0.451118  
  1276     0.001772     0.451147  
  1277     0.001766     0.451146  
  1278     0.001759     0.451148  
  1279     0.001754     0.451136  
  1280     0.001746     0.451114  
  1281     0.001740     0.451109  
  1282     0.001734     0.451078  
  1283     0.001727     0.451079  
  1284     0.001720     0.451073  
  1285     0.001713     0.451093  
  1286     0.001706     0.451088  
  1287     0.001701     0.451088  
  1288     0.001695     0.451102  
  1289     0.001688     0.451109  
  1290     0.001683     0.451125  
  1291     0.001676     0.451097  
  1292     0.001669     0.451101  
  1293     0.001661     0.451112  
  1294     0.001654     0.451101  
  1295     0.001648     0.451102  
  1296     0.001642     0.451118  
  1297     0.001636     0.451110  
  1298     0.001630     0.451116  
  1299     0.001625     0.451106  
  1300     0.001619     0.451101  
  1301     0.001613     0.451100  
  1302     0.001607     0.451087  
  1303     0.001601     0.451091  
  1304     0.001595     0.451100  
  1305     0.001590     0.451112  
  1306     0.001583     0.451092  
  1307     0.001577     0.451093  
  1308     0.001570     0.451070  
  1309     0.001564     0.451059  
  1310     0.001558     0.451039  
  1311     0.001552     0.451040  
  1312     0.001547     0.451037  
  1313     0.001541     0.451023  
  1314     0.001536     0.451018  
  1315     0.001530     0.451016  
  1316     0.001525     0.451035  
  1317     0.001519     0.451020  
  1318     0.001513     0.450999  
  1319     0.001507     0.451000  
  1320     0.001502     0.451001  
  1321     0.001497     0.450981  
  1322     0.001492     0.450974  
  1323     0.001487     0.450976  
  1324     0.001482     0.450940  
  1325     0.001476     0.450930  
  1326     0.001470     0.450923  
  1327     0.001464     0.450890  
  1328     0.001459     0.450894  
  1329     0.001454     0.450896  
  1330     0.001448     0.450889  
  1331     0.001442     0.450888  
  1332     0.001437     0.450879  
  1333     0.001431     0.450868  
  1334     0.001426     0.450865  
  1335     0.001420     0.450891  
  1336     0.001415     0.450891  
  1337     0.001410     0.450895  
  1338     0.001404     0.450918  
  1339     0.001400     0.450899  
  1340     0.001394     0.450918  
  1341     0.001389     0.450916  
  1342     0.001384     0.450903  
  1343     0.001379     0.450899  
  1344     0.001374     0.450883  
  1345     0.001369     0.450896  
  1346     0.001364     0.450902  
  1347     0.001359     0.450917  
  1348     0.001352     0.450914  
  1349     0.001347     0.450893  
  1350     0.001343     0.450887  
  1351     0.001337     0.450851  
  1352     0.001332     0.450864  
  1353     0.001328     0.450847  
  1354     0.001323     0.450850  
  1355     0.001319     0.450832  
  1356     0.001314     0.450793  
  1357     0.001308     0.450803  
  1358     0.001303     0.450776  
  1359     0.001299     0.450752  
  1360     0.001294     0.450746  
  1361     0.001288     0.450763  
  1362     0.001283     0.450756  
  1363     0.001278     0.450749  
  1364     0.001273     0.450761  
  1365     0.001268     0.450788  
  1366     0.001263     0.450783  
  1367     0.001258     0.450793  
  1368     0.001253     0.450764  
  1369     0.001248     0.450781  
  1370     0.001244     0.450778  
  1371     0.001238     0.450789  
  1372     0.001234     0.450782  
  1373     0.001229     0.450779  
  1374     0.001224     0.450800  
  1375     0.001220     0.450801  
  1376     0.001215     0.450788  
  1377     0.001210     0.450771  
  1378     0.001205     0.450786  
  1379     0.001201     0.450803  
  1380     0.001196     0.450809  
  1381     0.001191     0.450807  
  1382     0.001187     0.450794  
  1383     0.001182     0.450794  
  1384     0.001177     0.450795  
  1385     0.001173     0.450786  
  1386     0.001168     0.450783  
  1387     0.001164     0.450779  
  1388     0.001159     0.450772  
  1389     0.001155     0.450753  
  1390     0.001151     0.450755  
  1391     0.001146     0.450741  
  1392     0.001142     0.450726  
  1393     0.001138     0.450721  
  1394     0.001134     0.450723  
  1395     0.001130     0.450722  
  1396     0.001126     0.450723  
  1397     0.001122     0.450721  
  1398     0.001118     0.450725  
  1399     0.001113     0.450732  
  1400     0.001109     0.450743  
  1401     0.001105     0.450735  
  1402     0.001101     0.450720  
  1403     0.001097     0.450714  
  1404     0.001093     0.450703  
  1405     0.001088     0.450677  
  1406     0.001084     0.450674  
  1407     0.001080     0.450673  
  1408     0.001076     0.450654  
  1409     0.001071     0.450676  
  1410     0.001067     0.450686  
  1411     0.001063     0.450721  
  1412     0.001059     0.450737  
  1413     0.001056     0.450732  
  1414     0.001051     0.450738  
  1415     0.001047     0.450727  
  1416     0.001043     0.450734  
  1417     0.001039     0.450748  
  1418     0.001035     0.450744  
  1419     0.001031     0.450738  
  1420     0.001027     0.450734  
  1421     0.001023     0.450755  
  1422     0.001019     0.450755  
  1423     0.001015     0.450741  
  1424     0.001011     0.450725  
  1425     0.001007     0.450727  
  1426     0.001004     0.450738  
  1427     0.001000     0.450743  
  1428     0.000996     0.450741  
  1429     0.000992     0.450725  
  1430     0.000988     0.450720  
  1431     0.000985     0.450713  
  1432     0.000982     0.450715  
  1433     0.000978     0.450721  
  1434     0.000974     0.450705  
  1435     0.000970     0.450686  
  1436     0.000967     0.450671  
  1437     0.000963     0.450682  
  1438     0.000960     0.450663  
  1439     0.000956     0.450666  
  1440     0.000952     0.450674  
  1441     0.000948     0.450657  
  1442     0.000944     0.450676  
  1443     0.000941     0.450676  
  1444     0.000938     0.450654  
  1445     0.000934     0.450647  
  1446     0.000930     0.450646  
  1447     0.000927     0.450656  
  1448     0.000923     0.450650  
  1449     0.000920     0.450649  
  1450     0.000917     0.450654  
  1451     0.000914     0.450663  
  1452     0.000910     0.450633  
  1453     0.000907     0.450647  
  1454     0.000904     0.450665  
  1455     0.000900     0.450656  
  1456     0.000897     0.450659  
  1457     0.000894     0.450672  
  1458     0.000890     0.450677  
  1459     0.000887     0.450689  
  1460     0.000884     0.450696  
  1461     0.000880     0.450688  
  1462     0.000877     0.450676  
  1463     0.000874     0.450658  
  1464     0.000870     0.450657  
  1465     0.000867     0.450667  
  1466     0.000864     0.450665  
  1467     0.000861     0.450657  
  1468     0.000858     0.450643  
  1469     0.000854     0.450632  
  1470     0.000851     0.450642  
  1471     0.000848     0.450641  
  1472     0.000845     0.450650  
  1473     0.000842     0.450655  
  1474     0.000839     0.450646  
  1475     0.000836     0.450628  
  1476     0.000832     0.450629  
  1477     0.000829     0.450644  
  1478     0.000826     0.450647  
  1479     0.000823     0.450649  
  1480     0.000819     0.450652  
  1481     0.000816     0.450640  
  1482     0.000813     0.450638  
  1483     0.000810     0.450631  
  1484     0.000807     0.450639  
  1485     0.000804     0.450635  
  1486     0.000801     0.450620  
  1487     0.000798     0.450597  
  1488     0.000795     0.450606  
  1489     0.000792     0.450593  
  1490     0.000789     0.450582  
  1491     0.000786     0.450587  
  1492     0.000783     0.450572  
  1493     0.000780     0.450562  
  1494     0.000778     0.450558  
  1495     0.000774     0.450554  
  1496     0.000772     0.450565  
  1497     0.000769     0.450571  
  1498     0.000766     0.450573  
  1499     0.000763     0.450580  
  1500     0.000760     0.450578  
  1501     0.000757     0.450583  
  1502     0.000754     0.450578  
  1503     0.000751     0.450584  
  1504     0.000748     0.450568  
  1505     0.000746     0.450580  
  1506     0.000743     0.450578  
  1507     0.000740     0.450572  
  1508     0.000738     0.450568  
  1509     0.000735     0.450559  
  1510     0.000732     0.450551  
  1511     0.000730     0.450534  
  1512     0.000727     0.450528  
  1513     0.000724     0.450540  
  1514     0.000722     0.450541  
  1515     0.000719     0.450550  
  1516     0.000716     0.450537  
  1517     0.000714     0.450546  
  1518     0.000711     0.450554  
  1519     0.000708     0.450561  
  1520     0.000705     0.450555  
  1521     0.000703     0.450550  
  1522     0.000700     0.450549  
  1523     0.000698     0.450559  
  1524     0.000695     0.450564  
  1525     0.000692     0.450559  
  1526     0.000690     0.450548  
  1527     0.000687     0.450538  
  1528     0.000685     0.450529  
  1529     0.000682     0.450535  
  1530     0.000680     0.450543  
  1531     0.000677     0.450529  
  1532     0.000675     0.450518  
  1533     0.000672     0.450511  
  1534     0.000670     0.450516  
  1535     0.000667     0.450521  
  1536     0.000665     0.450515  
  1537     0.000663     0.450506  
  1538     0.000660     0.450503  
  1539     0.000657     0.450493  
  1540     0.000655     0.450483  
  1541     0.000653     0.450485  
  1542     0.000650     0.450485  
  1543     0.000648     0.450461  
  1544     0.000646     0.450468  
  1545     0.000643     0.450470  
  1546     0.000641     0.450461  
  1547     0.000638     0.450468  
  1548     0.000636     0.450475  
  1549     0.000633     0.450486  
  1550     0.000631     0.450488  
  1551     0.000629     0.450496  
  1552     0.000626     0.450498  
  1553     0.000624     0.450477  
  1554     0.000621     0.450475  
  1555     0.000619     0.450466  
  1556     0.000617     0.450467  
  1557     0.000614     0.450468  
  1558     0.000612     0.450465  
  1559     0.000610     0.450462  
  1560     0.000608     0.450458  
  1561     0.000605     0.450469  
  1562     0.000603     0.450474  
  1563     0.000601     0.450473  
  1564     0.000599     0.450466  
  1565     0.000596     0.450454  
  1566     0.000594     0.450457  
  1567     0.000592     0.450466  
  1568     0.000590     0.450453  
  1569     0.000588     0.450441  
  1570     0.000585     0.450421  
  1571     0.000583     0.450430  
  1572     0.000581     0.450428  
  1573     0.000579     0.450436  
  1574     0.000576     0.450438  
  1575     0.000574     0.450434  
  1576     0.000572     0.450433  
  1577     0.000570     0.450432  
  1578     0.000568     0.450422  
  1579     0.000567     0.450422  
  1580     0.000565     0.450420  
  1581     0.000562     0.450419  
  1582     0.000560     0.450417  
  1583     0.000558     0.450422  
  1584     0.000556     0.450418  
  1585     0.000554     0.450424  
  1586     0.000552     0.450419  
  1587     0.000550     0.450413  * best
  1588     0.000547     0.450433  
  1589     0.000546     0.450449  
  1590     0.000544     0.450451  
  1591     0.000542     0.450445  
  1592     0.000540     0.450447  
  1593     0.000538     0.450451  
  1594     0.000536     0.450454  
  1595     0.000534     0.450465  
  1596     0.000532     0.450456  
  1597     0.000530     0.450457  
  1598     0.000528     0.450458  
  1599     0.000526     0.450463  
  1600     0.000524     0.450462  
  1601     0.000522     0.450465  
  1602     0.000520     0.450438  
  1603     0.000518     0.450435  
  1604     0.000516     0.450433  
  1605     0.000514     0.450419  
  1606     0.000512     0.450430  
  1607     0.000510     0.450430  
  1608     0.000508     0.450442  
  1609     0.000506     0.450442  
  1610     0.000504     0.450439  
  1611     0.000502     0.450437  
  1612     0.000500     0.450433  
  1613     0.000498     0.450435  
  1614     0.000496     0.450439  
  1615     0.000495     0.450439  
  1616     0.000493     0.450443  
  1617     0.000491     0.450428  
  1618     0.000489     0.450438  
  1619     0.000487     0.450438  
  1620     0.000485     0.450440  
  1621     0.000484     0.450435  
  1622     0.000482     0.450433  
  1623     0.000480     0.450426  
  1624     0.000478     0.450426  
  1625     0.000476     0.450419  
  1626     0.000474     0.450418  
  1627     0.000473     0.450416  
  1628     0.000471     0.450415  
  1629     0.000469     0.450420  
  1630     0.000468     0.450421  
  1631     0.000466     0.450419  
  1632     0.000464     0.450416  
  1633     0.000463     0.450416  
  1634     0.000461     0.450423  
  1635     0.000460     0.450428  
  1636     0.000458     0.450427  
  1637     0.000456     0.450425  
  1638     0.000455     0.450422  
  1639     0.000453     0.450435  
  1640     0.000451     0.450428  
  1641     0.000450     0.450430  
  1642     0.000448     0.450429  
  1643     0.000446     0.450432  
  1644     0.000445     0.450434  
  1645     0.000443     0.450437  
  1646     0.000441     0.450438  
  1647     0.000440     0.450443  
  1648     0.000438     0.450451  
  1649     0.000436     0.450437  
  1650     0.000435     0.450441  
  1651     0.000433     0.450437  
  1652     0.000432     0.450441  
  1653     0.000430     0.450457  
  1654     0.000428     0.450452  
  1655     0.000427     0.450442  
  1656     0.000425     0.450429  
  1657     0.000424     0.450427  
  1658     0.000422     0.450441  
  1659     0.000421     0.450445  
  1660     0.000419     0.450456  
  1661     0.000417     0.450453  
  1662     0.000416     0.450461  
  1663     0.000414     0.450460  
  1664     0.000413     0.450455  
  1665     0.000411     0.450450  
  1666     0.000409     0.450459  
  1667     0.000408     0.450448  
  1668     0.000406     0.450447  
  1669     0.000405     0.450453  
  1670     0.000403     0.450442  
  1671     0.000402     0.450448  
  1672     0.000400     0.450445  
  1673     0.000398     0.450441  
  1674     0.000397     0.450446  
  1675     0.000396     0.450443  
  1676     0.000394     0.450446  
  1677     0.000393     0.450449  
  1678     0.000391     0.450456  
  1679     0.000390     0.450460  
  1680     0.000388     0.450462  
  1681     0.000387     0.450463  
  1682     0.000385     0.450460  
  1683     0.000384     0.450469  
  1684     0.000382     0.450466  
  1685     0.000381     0.450472  
  1686     0.000379     0.450465  
  1687     0.000378     0.450452  
# best iteration 1587 (val l2 0.450413)
# Spearman  train +0.9950  val +0.7477  test +0.7429
