# gbm_seq+node+energy seed 2
# boosted trees on seq+node+energy
# inputs 12810, 199 trees
# LightGBM gradient-boosted trees, objective l2, lr 0.05, num_leaves 31, min_data_in_leaf 20, feature_fraction 0.3, bagging 0.8, lambda_l2 1.0, up to 3000 rounds, early stopping 100 on validation l2
# loss = l2 on standardised log10 half-life
#
 round        train          val  note
     1     0.960773     0.816689  
     2     0.923739     0.817285  
     3     0.889368     0.820671  
     4     0.859236     0.818250  
     5     0.829827     0.811032  
     6     0.803089     0.805680  
     7     0.779518     0.804368  
     8     0.757075     0.812497  
     9     0.735464     0.814806  
    10     0.717173     0.811676  
    11     0.699006     0.800357  
    12     0.682503     0.801416  
    13     0.665978     0.802431  
    14     0.651314     0.800060  
    15     0.637611     0.800834  
    16     0.624141     0.799678  
    17     0.612381     0.804315  
    18     0.600631     0.800588  
    19     0.589203     0.798235  
    20     0.578853     0.793566  
    21     0.568813     0.790587  
    22     0.559525     0.789330  
    23     0.550140     0.785801  
    24     0.541600     0.785320  
    25     0.532986     0.784588  
    26     0.525973     0.782768  
    27     0.518818     0.780774  
    28     0.511525     0.781684  
    29     0.505156     0.784108  
    30     0.499130     0.781345  
    31     0.492963     0.780684  
    32     0.486626     0.779055  
    33     0.480859     0.779045  
    34     0.475310     0.778375  
    35     0.470408     0.777680  
    36     0.464892     0.776258  
    37     0.460116     0.775047  
    38     0.455276     0.775316  
    39     0.450770     0.774897  
    40     0.446043     0.774678  
    41     0.441150     0.773543  
    42     0.436569     0.770741  
    43     0.432540     0.771133  
    44     0.428646     0.771525  
    45     0.424216     0.769064  
    46     0.420214     0.769500  
    47     0.416485     0.768291  
    48     0.412225     0.767304  
    49     0.408875     0.766879  
    50     0.405502     0.765889  
    51     0.401707     0.766521  
    52     0.398394     0.768466  
    53     0.395051     0.768994  
    54     0.391499     0.768306  
    55     0.388395     0.767281  
    56     0.384911     0.765570  
    57     0.381697     0.765346  
    58     0.378227     0.764575  
    59     0.375525     0.764350  
    60     0.372359     0.763811  
    61     0.369136     0.762834  
    62     0.366403     0.762095  
    63     0.363393     0.763182  
    64     0.360453     0.762035  
    65     0.357571     0.761654  
    66     0.354703     0.763111  
    67     0.352107     0.761951  
    68     0.349207     0.761805  
    69     0.346563     0.760931  
    70     0.343903     0.760061  
    71     0.341384     0.759733  
    72     0.338848     0.760517  
    73     0.336375     0.760575  
    74     0.334082     0.760082  
    75     0.331583     0.760329  
    76     0.328953     0.757784  
    77     0.326548     0.758363  
    78     0.324063     0.758808  
    79     0.321676     0.758679  
    80     0.319297     0.758360  
    81     0.317124     0.757775  
    82     0.314786     0.758579  
    83     0.312647     0.758067  
    84     0.310482     0.758005  
    85     0.308326     0.758156  
    86     0.306323     0.757693  
    87     0.304041     0.758413  
    88     0.301995     0.759374  
    89     0.299904     0.759007  
    90     0.297964     0.759337  
    91     0.295804     0.757664  
    92     0.293730     0.757454  
    93     0.291839     0.757119  
    94     0.289830     0.757299  
    95     0.287924     0.757431  
    96     0.285858     0.756676  
    97     0.283819     0.756756  
    98     0.281896     0.756645  
    99     0.280124     0.757161  
   100     0.278364     0.757508  
   101     0.276589     0.757627  
   102     0.274792     0.758000  
   103     0.272949     0.756998  
   104     0.271194     0.757656  
   105     0.269387     0.757313  
   106     0.267657     0.756569  
   107     0.265838     0.756990  
   108     0.264135     0.757454  
   109     0.262249     0.758037  
   110     0.260457     0.758037  
   111     0.258563     0.758790  
   112     0.256856     0.757933  
   113     0.255262     0.757663  
   114     0.253617     0.757696  
   115     0.251952     0.757747  
   116     0.250284     0.758026  
   117     0.248664     0.758068  
   118     0.247176     0.757819  
   119     0.245692     0.756521  
   120     0.244160     0.756685  
   121     0.242656     0.756416  
   122     0.241127     0.756414  
   123     0.239602     0.756217  
   124     0.238161     0.755559  
   125     0.236695     0.754898  
   126     0.235159     0.754870  
   127     0.233792     0.754879  
   128     0.232325     0.755218  
   129     0.230757     0.755324  
   130     0.229278     0.755852  
   131     0.227883     0.756737  
   132     0.226538     0.757144  
   133     0.225024     0.756774  
   134     0.223594     0.757186  
   135     0.222205     0.756426  
   136     0.220829     0.756790  
   137     0.219405     0.758322  
   138     0.217984     0.758081  
   139     0.216533     0.757943  
   140     0.215113     0.757275  
   141     0.213709     0.756406  
   142     0.212454     0.755807  
   143     0.211184     0.755913  
   144     0.210007     0.755952  
   145     0.208745     0.756115  
   146     0.207532     0.755845  
   147     0.206345     0.755340  
   148     0.205115     0.755012  
   149     0.203919     0.754746  
   150     0.202737     0.754767  
   151     0.201496     0.755506  
   152     0.200264     0.755423  
   153     0.199036     0.755186  
   154     0.197721     0.754822  
   155     0.196587     0.754499  
   156     0.195422     0.754764  
   157     0.194343     0.754015  
   158     0.193187     0.754613  
   159     0.192062     0.755237  
   160     0.190971     0.755153  
   161     0.189761     0.755679  
   162     0.188537     0.755574  
   163     0.187452     0.754920  
   164     0.186349     0.754497  
   165     0.185275     0.754322  
   166     0.184154     0.755546  
   167     0.183051     0.755134  
   168     0.181935     0.754761  
   169     0.180830     0.755074  
   170     0.179896     0.754494  
   171     0.178851     0.754812  
   172     0.177783     0.754431  
   173     0.176764     0.754817  
   174     0.175738     0.754388  
   175     0.174796     0.754575  
   176     0.173683     0.754554  
   177     0.172694     0.754360  
   178     0.171716     0.754362  
   179     0.170713     0.753724  
   180     0.169702     0.753337  
   181     0.168742     0.753196  
   182     0.167748     0.752988  
   183     0.166776     0.752961  
   184     0.165976     0.753013  
   185     0.165029     0.752779  
   186     0.164094     0.753323  
   187     0.163195     0.753934  
   188     0.162320     0.753309  
   189     0.161433     0.753281  
   190     0.160477     0.754056  
   191     0.159564     0.754266  
   192     0.158611     0.753735  
   193     0.157775     0.753635  
   194     0.156844     0.752708  
   195     0.155925     0.752855  
   196     0.155089     0.753423  
   197     0.154223     0.753293  
   198     0.153285     0.752889  
   199     0.152411     0.752578  * best
   200     0.151508     0.753031  
   201     0.150674     0.753125  
   202     0.149871     0.753058  
   203     0.149072     0.753262  
   204     0.148253     0.753569  
   205     0.147412     0.753612  
   206     0.146489     0.754583  
   207     0.145680     0.754170  
   208     0.144867     0.754506  
   209     0.144084     0.754143  
   210     0.143258     0.754035  
   211     0.142384     0.755199  
   212     0.141586     0.754740  
   213     0.140835     0.754460  
   214     0.140044     0.754427  
   215     0.139302     0.754742  
   216     0.138546     0.754589  
   217     0.137781     0.754411  
   218     0.137047     0.754552  
   219     0.136357     0.754526  
   220     0.135702     0.754638  
   221     0.134970     0.754749  
   222     0.134164     0.754864  
   223     0.133352     0.754488  
   224     0.132636     0.754576  
   225     0.131906     0.754992  
   226     0.131110     0.754991  
   227     0.130489     0.754686  
   228     0.129731     0.755486  
   229     0.129010     0.755130  
   230     0.128332     0.755616  
   231     0.127643     0.755835  
   232     0.126979     0.755973  
   233     0.126350     0.756165  
   234     0.125605     0.755860  
   235     0.124966     0.755908  
   236     0.124249     0.755800  
   237     0.123599     0.755592  
   238     0.122990     0.755697  
   239     0.122315     0.756137  
   240     0.121634     0.755891  
   241     0.120948     0.756077  
   242     0.120295     0.756151  
   243     0.119704     0.756158  
   244     0.119018     0.756441  
   245     0.118426     0.756161  
   246     0.117838     0.756101  
   247     0.117254     0.755704  
   248     0.116574     0.755546  
   249     0.115947     0.755731  
   250     0.115325     0.755651  
   251     0.114679     0.755541  
   252     0.114077     0.755549  
   253     0.113525     0.755671  
   254     0.112973     0.756018  
   255     0.112315     0.755803  
   256     0.111736     0.755799  
   257     0.111164     0.755501  
   258     0.110558     0.755576  
   259     0.109979     0.755665  
   260     0.109408     0.755775  
   261     0.108861     0.755673  
   262     0.108260     0.755765  
   263     0.107739     0.755908  
   264     0.107166     0.756023  
   265     0.106620     0.755831  
   266     0.106113     0.756145  
   267     0.105582     0.756074  
   268     0.105019     0.756144  
   269     0.104494     0.756122  
   270     0.103970     0.756000  
   271     0.103447     0.755869  
   272     0.102891     0.756395  
   273     0.102361     0.756167  
   274     0.101874     0.756344  
   275     0.101386     0.756148  
   276     0.100886     0.755871  
   277     0.100437     0.756260  
   278     0.099923     0.756560  
   279     0.099398     0.756476  
   280     0.098889     0.756372  
   281     0.098401     0.756991  
   282     0.097940     0.757815  
   283     0.097453     0.758123  
   284     0.096916     0.758500  
   285     0.096444     0.758252  
   286     0.095904     0.758186  
   287     0.095424     0.758307  
   288     0.094939     0.758221  
   289     0.094441     0.758374  
   290     0.093963     0.758835  
   291     0.093510     0.757911  
   292     0.093053     0.757554  
   293     0.092575     0.757533  
   294     0.092142     0.757230  
   295     0.091725     0.757059  
   296     0.091253     0.757266  
   297     0.090765     0.757214  
   298     0.090328     0.757225  
   299     0.089861     0.756558  
# best iteration 199 (val l2 0.752578)
# Spearman  train +0.9367  val +0.1557  test +0.0192
