# gbm_seq+energy seed 2
# boosted trees on seq+energy
# inputs 1290, 1,314 trees
# LightGBM gradient-boosted trees, objective l2, lr 0.05, num_leaves 31, min_data_in_leaf 20, feature_fraction 0.3, bagging 0.8, lambda_l2 1.0, up to 3000 rounds, early stopping 100 on validation l2
# loss = l2 on standardised log10 half-life
#
 round        train          val  note
     1     0.969859     0.981150  
     2     0.939201     0.951780  
     3     0.913605     0.929188  
     4     0.888980     0.908522  
     5     0.865690     0.886304  
     6     0.845914     0.869209  
     7     0.826507     0.851410  
     8     0.808416     0.835146  
     9     0.791081     0.819928  
    10     0.775900     0.806333  
    11     0.762323     0.794239  
    12     0.748589     0.781170  
    13     0.734625     0.768417  
    14     0.721341     0.756874  
    15     0.710627     0.747154  
    16     0.698951     0.736660  
    17     0.688367     0.727352  
    18     0.679024     0.719297  
    19     0.670769     0.712041  
    20     0.661671     0.704953  
    21     0.653494     0.698177  
    22     0.646092     0.691963  
    23     0.638561     0.686115  
    24     0.632253     0.682783  
    25     0.625959     0.678464  
    26     0.618916     0.672825  
    27     0.613773     0.668948  
    28     0.607887     0.664556  
    29     0.602495     0.660956  
    30     0.597467     0.657350  
    31     0.591679     0.653000  
    32     0.586952     0.649494  
    33     0.582876     0.646984  
    34     0.578645     0.643594  
    35     0.574145     0.641493  
    36     0.569733     0.639039  
    37     0.566228     0.637148  
    38     0.562970     0.636401  
    39     0.559588     0.634367  
    40     0.555959     0.632067  
    41     0.552282     0.629723  
    42     0.549049     0.629188  
    43     0.545680     0.627764  
    44     0.542206     0.626062  
    45     0.538734     0.624555  
    46     0.535419     0.623021  
    47     0.532098     0.620658  
    48     0.528959     0.619430  
    49     0.525798     0.617862  
    50     0.522691     0.616341  
    51     0.519858     0.615226  
    52     0.516501     0.612698  
    53     0.513302     0.611413  
    54     0.510533     0.609951  
    55     0.507715     0.609243  
    56     0.504701     0.608277  
    57     0.502011     0.607243  
    58     0.499633     0.606156  
    59     0.496659     0.604758  
    60     0.493971     0.603747  
    61     0.491375     0.602710  
    62     0.488662     0.601799  
    63     0.486225     0.600948  
    64     0.483868     0.599883  
    65     0.481758     0.598813  
    66     0.479534     0.597583  
    67     0.476978     0.596445  
    68     0.474605     0.596499  
    69     0.472174     0.595665  
    70     0.469582     0.594351  
    71     0.466907     0.592759  
    72     0.464468     0.591565  
    73     0.462220     0.589697  
    74     0.460211     0.588998  
    75     0.458026     0.587886  
    76     0.456030     0.586978  
    77     0.454088     0.586034  
    78     0.452051     0.585387  
    79     0.449550     0.584129  
    80     0.447248     0.583311  
    81     0.445135     0.582311  
    82     0.443407     0.582268  
    83     0.441128     0.580937  
    84     0.438789     0.580342  
    85     0.436886     0.579419  
    86     0.434893     0.579094  
    87     0.433059     0.578660  
    88     0.431113     0.578727  
    89     0.429301     0.578637  
    90     0.427209     0.577819  
    91     0.425362     0.577186  
    92     0.423530     0.576815  
    93     0.421822     0.576364  
    94     0.420182     0.576029  
    95     0.418291     0.575618  
    96     0.416328     0.574805  
    97     0.414372     0.574263  
    98     0.412568     0.573724  
    99     0.410734     0.572966  
   100     0.408754     0.572597  
   101     0.407118     0.572154  
   102     0.405416     0.571656  
   103     0.403642     0.571487  
   104     0.402177     0.571380  
   105     0.400582     0.571748  
   106     0.398732     0.571278  
   107     0.396969     0.570965  
   108     0.395308     0.570838  
   109     0.393729     0.570558  
   110     0.392132     0.570131  
   111     0.390641     0.569791  
   112     0.389133     0.570127  
   113     0.387487     0.569268  
   114     0.385872     0.569240  
   115     0.384195     0.568588  
   116     0.382486     0.568190  
   117     0.380987     0.567255  
   118     0.379507     0.567000  
   119     0.378159     0.566938  
   120     0.376529     0.566562  
   121     0.375080     0.566044  
   122     0.373563     0.565601  
   123     0.372105     0.565611  
   124     0.370533     0.565330  
   125     0.369253     0.565309  
   126     0.367716     0.565029  
   127     0.365965     0.564848  
   128     0.364552     0.564558  
   129     0.363039     0.563911  
   130     0.361311     0.563287  
   131     0.359745     0.562811  
   132     0.358331     0.561964  
   133     0.356937     0.561465  
   134     0.355421     0.560638  
   135     0.354037     0.560215  
   136     0.352556     0.560147  
   137     0.351175     0.559774  
   138     0.349707     0.559471  
   139     0.348385     0.559215  
   140     0.346946     0.558638  
   141     0.345435     0.557716  
   142     0.343985     0.557485  
   143     0.342773     0.557117  
   144     0.341229     0.557167  
   145     0.340138     0.557179  
   146     0.338896     0.556714  
   147     0.337451     0.556546  
   148     0.336116     0.555827  
   149     0.334962     0.555647  
   150     0.333644     0.555427  
   151     0.332204     0.555340  
   152     0.330948     0.554905  
   153     0.329864     0.554837  
   154     0.328639     0.554681  
   155     0.327551     0.554730  
   156     0.326229     0.554454  
   157     0.325181     0.554256  
   158     0.323718     0.553929  
   159     0.322466     0.553720  
   160     0.321290     0.553583  
   161     0.320136     0.553235  
   162     0.319079     0.552799  
   163     0.317837     0.552461  
   164     0.316602     0.552566  
   165     0.315441     0.552206  
   166     0.314268     0.552237  
   167     0.313186     0.551972  
   168     0.312205     0.552210  
   169     0.311049     0.552188  
   170     0.309965     0.551805  
   171     0.308597     0.551180  
   172     0.307416     0.550920  
   173     0.306168     0.550261  
   174     0.304971     0.550408  
   175     0.303729     0.550173  
   176     0.302659     0.550160  
   177     0.301562     0.550188  
   178     0.300373     0.549992  
   179     0.299184     0.549753  
   180     0.298156     0.549725  
   181     0.297266     0.550002  
   182     0.296152     0.549928  
   183     0.295194     0.549560  
   184     0.294268     0.549064  
   185     0.293053     0.548357  
   186     0.291923     0.548192  
   187     0.290855     0.548097  
   188     0.289947     0.548394  
   189     0.288841     0.548269  
   190     0.287735     0.547870  
   191     0.286681     0.547697  
   192     0.285653     0.547196  
   193     0.284481     0.546916  
   194     0.283581     0.546813  
   195     0.282551     0.547042  
   196     0.281346     0.547084  
   197     0.280375     0.546849  
   198     0.279395     0.546829  
   199     0.278541     0.546908  
   200     0.277495     0.546483  
   201     0.276680     0.546508  
   202     0.275689     0.545938  
   203     0.274560     0.545939  
   204     0.273699     0.545794  
   205     0.272862     0.545539  
   206     0.271944     0.545467  
   207     0.270871     0.545434  
   208     0.270023     0.545204  
   209     0.269167     0.544822  
   210     0.268183     0.544450  
   211     0.267343     0.544427  
   212     0.266395     0.544297  
   213     0.265459     0.543860  
   214     0.264615     0.543922  
   215     0.263706     0.543638  
   216     0.262540     0.543096  
   217     0.261631     0.542905  
   218     0.260759     0.542857  
   219     0.259788     0.542561  
   220     0.258840     0.542383  
   221     0.257940     0.542059  
   222     0.257145     0.542369  
   223     0.256274     0.542439  
   224     0.255370     0.542549  
   225     0.254445     0.542238  
   226     0.253533     0.542007  
   227     0.252685     0.542115  
   228     0.251809     0.541959  
   229     0.250916     0.541329  
   230     0.250025     0.541508  
   231     0.249383     0.541686  
   232     0.248487     0.541655  
   233     0.247678     0.541486  
   234     0.246772     0.541258  
   235     0.245871     0.541352  
   236     0.245007     0.541230  
   237     0.244134     0.540894  
   238     0.243330     0.541149  
   239     0.242233     0.540635  
   240     0.241489     0.540687  
   241     0.240802     0.540526  
   242     0.239937     0.540544  
   243     0.239089     0.540447  
   244     0.238280     0.540540  
   245     0.237468     0.540491  
   246     0.236616     0.540753  
   247     0.235862     0.540949  
   248     0.235041     0.540752  
   249     0.234209     0.540685  
   250     0.233491     0.540692  
   251     0.232660     0.540261  
   252     0.231857     0.540320  
   253     0.231256     0.540571  
   254     0.230473     0.540529  
   255     0.229701     0.540612  
   256     0.228869     0.540606  
   257     0.228095     0.540426  
   258     0.227386     0.540503  
   259     0.226649     0.540395  
   260     0.225914     0.540167  
   261     0.225059     0.540036  
   262     0.224353     0.540032  
   263     0.223653     0.539876  
   264     0.222811     0.539792  
   265     0.222142     0.539774  
   266     0.221425     0.539790  
   267     0.220676     0.539475  
   268     0.220048     0.539626  
   269     0.219338     0.539449  
   270     0.218617     0.539132  
   271     0.217990     0.539080  
   272     0.217273     0.538981  
   273     0.216627     0.538791  
   274     0.215984     0.538643  
   275     0.215207     0.538199  
   276     0.214470     0.537994  
   277     0.213706     0.537671  
   278     0.212909     0.537581  
   279     0.212178     0.537197  
   280     0.211538     0.537012  
   281     0.210885     0.536850  
   282     0.210233     0.536554  
   283     0.209611     0.536484  
   284     0.209017     0.536197  
   285     0.208249     0.535822  
   286     0.207547     0.535752  
   287     0.206918     0.535799  
   288     0.206253     0.535622  
   289     0.205567     0.535627  
   290     0.204905     0.535780  
   291     0.204187     0.535621  
   292     0.203556     0.535905  
   293     0.202866     0.535601  
   294     0.202253     0.535416  
   295     0.201744     0.535133  
   296     0.201053     0.534896  
   297     0.200441     0.534692  
   298     0.199751     0.534336  
   299     0.199159     0.534316  
   300     0.198525     0.534100  
   301     0.197900     0.534039  
   302     0.197196     0.533728  
   303     0.196627     0.533584  
   304     0.195995     0.533096  
   305     0.195440     0.533112  
   306     0.194768     0.533282  
   307     0.194164     0.533247  
   308     0.193582     0.533020  
   309     0.192958     0.532889  
   310     0.192388     0.532995  
   311     0.191794     0.533036  
   312     0.191128     0.532595  
   313     0.190503     0.532263  
   314     0.189908     0.532131  
   315     0.189299     0.531893  
   316     0.188795     0.531801  
   317     0.188217     0.531606  
   318     0.187587     0.531301  
   319     0.187023     0.530943  
   320     0.186402     0.531067  
   321     0.185866     0.530947  
   322     0.185376     0.531085  
   323     0.184754     0.530916  
   324     0.184203     0.530974  
   325     0.183661     0.531010  
   326     0.183130     0.531059  
   327     0.182434     0.530821  
   328     0.181805     0.530712  
   329     0.181224     0.530748  
   330     0.180620     0.530641  
   331     0.180074     0.530472  
   332     0.179542     0.530513  
   333     0.179042     0.530741  
   334     0.178557     0.530727  
   335     0.177991     0.530191  
   336     0.177473     0.530337  
   337     0.176910     0.530036  
   338     0.176405     0.530107  
   339     0.175875     0.530050  
   340     0.175357     0.530064  
   341     0.174824     0.529944  
   342     0.174243     0.529943  
   343     0.173720     0.530009  
   344     0.173175     0.530162  
   345     0.172624     0.529999  
   346     0.172066     0.530048  
   347     0.171590     0.529782  
   348     0.171090     0.529682  
   349     0.170589     0.529700  
   350     0.170035     0.529788  
   351     0.169551     0.529777  
   352     0.168976     0.529767  
   353     0.168444     0.529615  
   354     0.168027     0.529698  
   355     0.167457     0.529690  
   356     0.166952     0.529455  
   357     0.166346     0.529327  
   358     0.165882     0.529261  
   359     0.165388     0.528973  
   360     0.164902     0.528822  
   361     0.164478     0.528686  
   362     0.163974     0.528626  
   363     0.163426     0.528512  
   364     0.162943     0.528272  
   365     0.162507     0.528465  
   366     0.162040     0.528023  
   367     0.161582     0.527925  
   368     0.160982     0.527950  
   369     0.160381     0.527945  
   370     0.159942     0.527947  
   371     0.159440     0.527992  
   372     0.158841     0.528023  
   373     0.158351     0.528163  
   374     0.157947     0.528211  
   375     0.157522     0.528306  
   376     0.157095     0.528310  
   377     0.156579     0.528169  
   378     0.156179     0.528215  
   379     0.155636     0.528168  
   380     0.155127     0.528103  
   381     0.154682     0.528066  
   382     0.154228     0.527946  
   383     0.153742     0.527877  
   384     0.153333     0.527782  
   385     0.152835     0.527472  
   386     0.152287     0.527249  
   387     0.151893     0.527235  
   388     0.151465     0.527194  
   389     0.150966     0.527104  
   390     0.150499     0.526873  
   391     0.150114     0.527065  
   392     0.149669     0.527157  
   393     0.149235     0.527111  
   394     0.148837     0.527215  
   395     0.148276     0.526728  
   396     0.147762     0.526448  
   397     0.147294     0.526442  
   398     0.146831     0.526530  
   399     0.146364     0.526364  
   400     0.145971     0.526363  
   401     0.145491     0.526139  
   402     0.144985     0.525906  
   403     0.144584     0.525936  
   404     0.144205     0.525845  
   405     0.143760     0.525649  
   406     0.143344     0.525490  
   407     0.142914     0.525531  
   408     0.142473     0.525329  
   409     0.142002     0.525554  
   410     0.141594     0.525280  
   411     0.141172     0.524894  
   412     0.140736     0.524759  
   413     0.140271     0.524494  
   414     0.139797     0.524362  
   415     0.139343     0.524354  
   416     0.138945     0.524409  
   417     0.138548     0.524387  
   418     0.138078     0.524209  
   419     0.137714     0.524199  
   420     0.137264     0.524410  
   421     0.136891     0.524337  
   422     0.136426     0.524253  
   423     0.136065     0.524035  
   424     0.135686     0.523988  
   425     0.135298     0.524003  
   426     0.134913     0.524052  
   427     0.134568     0.523929  
   428     0.134175     0.523790  
   429     0.133748     0.523921  
   430     0.133373     0.523960  
   431     0.133002     0.523720  
   432     0.132576     0.523658  
   433     0.132146     0.523679  
   434     0.131746     0.523706  
   435     0.131299     0.523727  
   436     0.130948     0.523697  
   437     0.130608     0.523694  
   438     0.130277     0.523493  
   439     0.129876     0.523435  
   440     0.129554     0.523497  
   441     0.129184     0.523277  
   442     0.128840     0.523239  
   443     0.128485     0.523199  
   444     0.128146     0.523081  
   445     0.127739     0.522925  
   446     0.127352     0.522979  
   447     0.127048     0.522951  
   448     0.126752     0.522855  
   449     0.126380     0.522906  
   450     0.126019     0.523003  
   451     0.125714     0.522789  
   452     0.125303     0.522617  
   453     0.124922     0.522478  
   454     0.124587     0.522353  
   455     0.124212     0.522302  
   456     0.123869     0.522537  
   457     0.123513     0.522540  
   458     0.123114     0.522441  
   459     0.122785     0.522436  
   460     0.122421     0.522321  
   461     0.122050     0.522467  
   462     0.121655     0.522344  
   463     0.121317     0.522294  
   464     0.120932     0.522162  
   465     0.120622     0.522203  
   466     0.120296     0.522208  
   467     0.119939     0.522341  
   468     0.119527     0.522300  
   469     0.119167     0.522328  
   470     0.118811     0.522363  
   471     0.118433     0.522328  
   472     0.118114     0.522397  
   473     0.117789     0.522501  
   474     0.117517     0.522303  
   475     0.117217     0.522289  
   476     0.116813     0.522242  
   477     0.116437     0.522052  
   478     0.116057     0.521949  
   479     0.115702     0.521896  
   480     0.115389     0.522021  
   481     0.115078     0.522181  
   482     0.114748     0.522176  
   483     0.114454     0.522104  
   484     0.114065     0.522114  
   485     0.113694     0.522087  
   486     0.113341     0.522127  
   487     0.112996     0.522157  
   488     0.112693     0.522028  
   489     0.112336     0.521958  
   490     0.112078     0.521961  
   491     0.111695     0.521897  
   492     0.111357     0.522001  
   493     0.111030     0.522128  
   494     0.110676     0.522047  
   495     0.110397     0.521978  
   496     0.110081     0.521960  
   497     0.109772     0.521781  
   498     0.109468     0.521701  
   499     0.109122     0.521659  
   500     0.108777     0.521741  
   501     0.108497     0.521601  
   502     0.108162     0.521694  
   503     0.107872     0.521476  
   504     0.107583     0.521296  
   505     0.107326     0.521224  
   506     0.106986     0.521084  
   507     0.106706     0.521061  
   508     0.106447     0.521012  
   509     0.106142     0.520746  
   510     0.105875     0.520649  
   511     0.105605     0.520620  
   512     0.105331     0.520604  
   513     0.105050     0.520615  
   514     0.104762     0.520575  
   515     0.104441     0.520404  
   516     0.104139     0.520434  
   517     0.103779     0.520431  
   518     0.103501     0.520360  
   519     0.103227     0.520340  
   520     0.102884     0.520377  
   521     0.102628     0.520335  
   522     0.102355     0.520445  
   523     0.101982     0.520326  
   524     0.101670     0.520267  
   525     0.101351     0.520196  
   526     0.101056     0.519944  
   527     0.100715     0.519812  
   528     0.100365     0.519883  
   529     0.100100     0.519978  
   530     0.099831     0.519965  
   531     0.099561     0.519879  
   532     0.099327     0.519851  
   533     0.099017     0.519884  
   534     0.098730     0.519773  
   535     0.098440     0.519681  
   536     0.098181     0.519690  
   537     0.097931     0.519717  
   538     0.097661     0.519787  
   539     0.097337     0.519715  
   540     0.097041     0.519629  
   541     0.096761     0.519713  
   542     0.096469     0.519585  
   543     0.096235     0.519560  
   544     0.095945     0.519399  
   545     0.095668     0.519444  
   546     0.095393     0.519566  
   547     0.095113     0.519486  
   548     0.094880     0.519373  
   549     0.094603     0.519214  
   550     0.094366     0.519241  
   551     0.094071     0.519278  
   552     0.093829     0.519273  
   553     0.093594     0.519253  
   554     0.093349     0.519411  
   555     0.093084     0.519314  
   556     0.092826     0.519240  
   557     0.092567     0.519206  
   558     0.092283     0.519210  
   559     0.092054     0.519144  
   560     0.091803     0.518803  
   561     0.091562     0.518819  
   562     0.091311     0.518734  
   563     0.091053     0.518789  
   564     0.090823     0.518874  
   565     0.090541     0.518888  
   566     0.090258     0.518883  
   567     0.090002     0.518823  
   568     0.089771     0.518785  
   569     0.089577     0.518874  
   570     0.089323     0.518762  
   571     0.089071     0.518553  
   572     0.088830     0.518581  
   573     0.088610     0.518556  
   574     0.088348     0.518437  
   575     0.088135     0.518434  
   576     0.087896     0.518373  
   577     0.087671     0.518323  
   578     0.087379     0.518323  
   579     0.087111     0.518352  
   580     0.086886     0.518242  
   581     0.086618     0.518224  
   582     0.086369     0.518368  
   583     0.086103     0.518408  
   584     0.085866     0.518215  
   585     0.085601     0.518279  
   586     0.085344     0.518254  
   587     0.085107     0.518171  
   588     0.084875     0.518225  
   589     0.084669     0.518244  
   590     0.084422     0.518308  
   591     0.084188     0.518191  
   592     0.083936     0.517874  
   593     0.083678     0.517909  
   594     0.083434     0.517690  
   595     0.083204     0.517766  
   596     0.082945     0.517871  
   597     0.082730     0.517979  
   598     0.082449     0.517985  
   599     0.082218     0.517933  
   600     0.081948     0.517993  
   601     0.081735     0.518069  
   602     0.081464     0.518092  
   603     0.081229     0.518208  
   604     0.081003     0.518238  
   605     0.080790     0.518256  
   606     0.080548     0.518047  
   607     0.080313     0.517984  
   608     0.080071     0.517909  
   609     0.079838     0.517896  
   610     0.079646     0.517980  
   611     0.079474     0.518060  
   612     0.079261     0.518048  
   613     0.079009     0.518077  
   614     0.078828     0.517945  
   615     0.078614     0.518052  
   616     0.078382     0.518097  
   617     0.078159     0.518016  
   618     0.077917     0.518006  
   619     0.077698     0.517898  
   620     0.077465     0.517937  
   621     0.077238     0.517966  
   622     0.076992     0.517761  
   623     0.076777     0.517779  
   624     0.076610     0.517803  
   625     0.076401     0.517730  
   626     0.076185     0.517677  
   627     0.075994     0.517554  
   628     0.075796     0.517652  
   629     0.075581     0.517562  
   630     0.075391     0.517567  
   631     0.075179     0.517575  
   632     0.074965     0.517570  
   633     0.074792     0.517493  
   634     0.074590     0.517722  
   635     0.074405     0.517774  
   636     0.074213     0.517744  
   637     0.074013     0.517719  
   638     0.073787     0.517750  
   639     0.073580     0.517608  
   640     0.073359     0.517563  
   641     0.073157     0.517539  
   642     0.072938     0.517489  
   643     0.072699     0.517367  
   644     0.072499     0.517389  
   645     0.072258     0.517373  
   646     0.072044     0.517148  
   647     0.071870     0.517295  
   648     0.071649     0.517265  
   649     0.071460     0.517284  
   650     0.071297     0.517345  
   651     0.071089     0.517219  
   652     0.070904     0.517245  
   653     0.070729     0.517167  
   654     0.070558     0.517088  
   655     0.070365     0.517017  
   656     0.070142     0.516956  
   657     0.069968     0.516980  
   658     0.069776     0.516883  
   659     0.069573     0.516893  
   660     0.069386     0.516862  
   661     0.069202     0.516926  
   662     0.068978     0.516919  
   663     0.068788     0.516772  
   664     0.068595     0.516790  
   665     0.068371     0.516859  
   666     0.068177     0.516963  
   667     0.067994     0.516947  
   668     0.067809     0.516999  
   669     0.067643     0.516902  
   670     0.067432     0.516900  
   671     0.067265     0.516820  
   672     0.067078     0.516665  
   673     0.066913     0.516709  
   674     0.066712     0.516646  
   675     0.066567     0.516611  
   676     0.066360     0.516596  
   677     0.066187     0.516466  
   678     0.066037     0.516457  
   679     0.065833     0.516321  
   680     0.065639     0.516335  
   681     0.065476     0.516414  
   682     0.065262     0.516386  
   683     0.065081     0.516525  
   684     0.064891     0.516515  
   685     0.064741     0.516605  
   686     0.064565     0.516595  
   687     0.064401     0.516652  
   688     0.064188     0.516607  
   689     0.063991     0.516686  
   690     0.063805     0.516697  
   691     0.063631     0.516578  
   692     0.063442     0.516619  
   693     0.063252     0.516492  
   694     0.063078     0.516567  
   695     0.062891     0.516569  
   696     0.062726     0.516547  
   697     0.062532     0.516567  
   698     0.062345     0.516516  
   699     0.062180     0.516504  
   700     0.061982     0.516425  
   701     0.061821     0.516570  
   702     0.061663     0.516474  
   703     0.061463     0.516294  
   704     0.061326     0.516140  
   705     0.061141     0.516218  
   706     0.060976     0.516423  
   707     0.060819     0.516245  
   708     0.060698     0.516155  
   709     0.060535     0.516266  
   710     0.060350     0.516216  
   711     0.060181     0.516216  
   712     0.060031     0.516273  
   713     0.059868     0.516331  
   714     0.059716     0.516269  
   715     0.059563     0.516238  
   716     0.059422     0.516194  
   717     0.059254     0.516171  
   718     0.059079     0.516203  
   719     0.058915     0.516192  
   720     0.058743     0.516249  
   721     0.058607     0.516176  
   722     0.058436     0.516189  
   723     0.058280     0.516156  
   724     0.058091     0.516219  
   725     0.057923     0.516339  
   726     0.057761     0.516366  
   727     0.057616     0.516265  
   728     0.057482     0.516197  
   729     0.057336     0.516217  
   730     0.057161     0.516201  
   731     0.056988     0.516064  
   732     0.056828     0.515930  
   733     0.056651     0.515755  
   734     0.056441     0.515785  
   735     0.056286     0.515786  
   736     0.056131     0.515779  
   737     0.055974     0.515635  
   738     0.055813     0.515560  
   739     0.055668     0.515575  
   740     0.055506     0.515536  
   741     0.055343     0.515596  
   742     0.055182     0.515498  
   743     0.055020     0.515401  
   744     0.054890     0.515546  
   745     0.054740     0.515533  
   746     0.054592     0.515576  
   747     0.054464     0.515547  
   748     0.054331     0.515549  
   749     0.054193     0.515658  
   750     0.054077     0.515677  
   751     0.053903     0.515736  
   752     0.053747     0.515763  
   753     0.053575     0.515699  
   754     0.053403     0.515604  
   755     0.053259     0.515618  
   756     0.053100     0.515607  
   757     0.052930     0.515480  
   758     0.052765     0.515478  
   759     0.052595     0.515548  
   760     0.052460     0.515429  
   761     0.052307     0.515533  
   762     0.052186     0.515490  
   763     0.052045     0.515433  
   764     0.051899     0.515392  
   765     0.051761     0.515408  
   766     0.051601     0.515385  
   767     0.051470     0.515436  
   768     0.051353     0.515386  
   769     0.051199     0.515468  
   770     0.051068     0.515407  
   771     0.050905     0.515521  
   772     0.050758     0.515481  
   773     0.050603     0.515511  
   774     0.050464     0.515421  
   775     0.050347     0.515389  
   776     0.050216     0.515400  
   777     0.050097     0.515259  
   778     0.049950     0.515279  
   779     0.049830     0.515136  
   780     0.049696     0.515094  
   781     0.049558     0.515081  
   782     0.049398     0.515145  
   783     0.049252     0.515074  
   784     0.049115     0.515120  
   785     0.048973     0.515099  
   786     0.048819     0.515122  
   787     0.048681     0.515039  
   788     0.048536     0.515123  
   789     0.048411     0.515115  
   790     0.048291     0.515138  
   791     0.048174     0.515216  
   792     0.048029     0.515093  
   793     0.047902     0.515140  
   794     0.047786     0.515120  
   795     0.047641     0.515130  
   796     0.047523     0.515094  
   797     0.047401     0.515038  
   798     0.047300     0.515013  
   799     0.047181     0.514941  
   800     0.047037     0.514967  
   801     0.046903     0.515034  
   802     0.046778     0.515047  
   803     0.046648     0.514992  
   804     0.046549     0.515069  
   805     0.046399     0.515090  
   806     0.046292     0.515037  
   807     0.046156     0.514940  
   808     0.046035     0.514901  
   809     0.045903     0.514855  
   810     0.045783     0.514912  
   811     0.045664     0.515030  
   812     0.045539     0.515076  
   813     0.045417     0.515150  
   814     0.045286     0.515083  
   815     0.045169     0.515017  
   816     0.045050     0.515000  
   817     0.044940     0.515008  
   818     0.044794     0.515021  
   819     0.044660     0.515029  
   820     0.044547     0.515015  
   821     0.044440     0.514950  
   822     0.044324     0.514996  
   823     0.044218     0.515123  
   824     0.044103     0.515080  
   825     0.043972     0.515028  
   826     0.043849     0.515023  
   827     0.043745     0.514976  
   828     0.043604     0.514992  
   829     0.043483     0.514976  
   830     0.043365     0.514894  
   831     0.043240     0.514852  
   832     0.043119     0.514831  
   833     0.043006     0.514934  
   834     0.042888     0.514991  
   835     0.042742     0.515007  
   836     0.042625     0.514998  
   837     0.042505     0.514932  
   838     0.042387     0.514881  
   839     0.042246     0.514929  
   840     0.042126     0.515004  
   841     0.042029     0.515068  
   842     0.041921     0.515011  
   843     0.041796     0.515024  
   844     0.041682     0.515091  
   845     0.041582     0.515089  
   846     0.041471     0.515107  
   847     0.041353     0.515033  
   848     0.041265     0.515069  
   849     0.041163     0.515059  
   850     0.041033     0.514947  
   851     0.040926     0.514938  
   852     0.040822     0.515131  
   853     0.040706     0.515122  
   854     0.040608     0.515078  
   855     0.040479     0.515050  
   856     0.040378     0.515023  
   857     0.040271     0.515017  
   858     0.040185     0.515012  
   859     0.040081     0.514983  
   860     0.039950     0.514894  
   861     0.039845     0.514940  
   862     0.039737     0.514966  
   863     0.039635     0.514929  
   864     0.039532     0.514861  
   865     0.039432     0.514926  
   866     0.039323     0.514876  
   867     0.039207     0.514966  
   868     0.039099     0.514914  
   869     0.038979     0.514837  
   870     0.038877     0.514876  
   871     0.038780     0.514916  
   872     0.038688     0.514899  
   873     0.038600     0.514857  
   874     0.038486     0.514837  
   875     0.038361     0.514818  
   876     0.038261     0.514785  
   877     0.038147     0.514747  
   878     0.038053     0.514645  
   879     0.037932     0.514550  
   880     0.037813     0.514525  
   881     0.037735     0.514515  
   882     0.037625     0.514487  
   883     0.037523     0.514474  
   884     0.037419     0.514565  
   885     0.037321     0.514637  
   886     0.037216     0.514636  
   887     0.037104     0.514695  
   888     0.036999     0.514720  
   889     0.036881     0.514675  
   890     0.036777     0.514764  
   891     0.036682     0.514664  
   892     0.036604     0.514585  
   893     0.036519     0.514534  
   894     0.036419     0.514447  
   895     0.036327     0.514450  
   896     0.036226     0.514498  
   897     0.036131     0.514508  
   898     0.036030     0.514598  
   899     0.035908     0.514634  
   900     0.035796     0.514566  
   901     0.035693     0.514573  
   902     0.035596     0.514591  
   903     0.035495     0.514529  
   904     0.035379     0.514489  
   905     0.035258     0.514435  
   906     0.035162     0.514465  
   907     0.035077     0.514498  
   908     0.034995     0.514517  
   909     0.034905     0.514523  
   910     0.034814     0.514436  
   911     0.034738     0.514299  
   912     0.034657     0.514365  
   913     0.034565     0.514364  
   914     0.034479     0.514386  
   915     0.034391     0.514369  
   916     0.034282     0.514280  
   917     0.034198     0.514336  
   918     0.034117     0.514307  
   919     0.034032     0.514251  
   920     0.033933     0.514211  
   921     0.033843     0.514236  
   922     0.033751     0.514206  
   923     0.033677     0.514175  
   924     0.033601     0.514232  
   925     0.033511     0.514271  
   926     0.033426     0.514261  
   927     0.033334     0.514222  
   928     0.033237     0.514223  
   929     0.033151     0.514246  
   930     0.033074     0.514277  
   931     0.032984     0.514232  
   932     0.032882     0.514285  
   933     0.032799     0.514346  
   934     0.032703     0.514413  
   935     0.032622     0.514445  
   936     0.032541     0.514481  
   937     0.032447     0.514474  
   938     0.032348     0.514498  
   939     0.032243     0.514439  
   940     0.032146     0.514506  
   941     0.032048     0.514552  
   942     0.031965     0.514589  
   943     0.031871     0.514623  
   944     0.031796     0.514542  
   945     0.031717     0.514595  
   946     0.031642     0.514585  
   947     0.031545     0.514557  
   948     0.031476     0.514485  
   949     0.031399     0.514467  
   950     0.031316     0.514419  
   951     0.031222     0.514361  
   952     0.031138     0.514441  
   953     0.031064     0.514363  
   954     0.030986     0.514215  
   955     0.030909     0.514221  
   956     0.030827     0.514208  
   957     0.030752     0.514139  
   958     0.030681     0.514147  
   959     0.030602     0.514206  
   960     0.030522     0.514191  
   961     0.030438     0.514158  
   962     0.030367     0.514150  
   963     0.030293     0.514196  
   964     0.030208     0.514163  
   965     0.030136     0.514213  
   966     0.030046     0.514282  
   967     0.029974     0.514258  
   968     0.029885     0.514310  
   969     0.029813     0.514306  
   970     0.029741     0.514298  
   971     0.029660     0.514283  
   972     0.029575     0.514300  
   973     0.029509     0.514274  
   974     0.029448     0.514386  
   975     0.029361     0.514330  
   976     0.029279     0.514326  
   977     0.029203     0.514283  
   978     0.029137     0.514324  
   979     0.029059     0.514191  
   980     0.028973     0.514171  
   981     0.028896     0.514180  
   982     0.028808     0.514165  
   983     0.028732     0.514179  
   984     0.028648     0.514179  
   985     0.028557     0.514210  
   986     0.028482     0.514172  
   987     0.028395     0.514193  
   988     0.028317     0.514154  
   989     0.028219     0.514094  
   990     0.028147     0.514187  
   991     0.028075     0.514230  
   992     0.027993     0.514151  
   993     0.027905     0.514095  
   994     0.027832     0.514142  
   995     0.027747     0.514076  
   996     0.027660     0.514070  
   997     0.027602     0.514064  
   998     0.027531     0.514046  
   999     0.027457     0.514038  
  1000     0.027400     0.513959  
  1001     0.027316     0.513962  
  1002     0.027245     0.513945  
  1003     0.027175     0.513851  
  1004     0.027097     0.513860  
  1005     0.027015     0.513781  
  1006     0.026937     0.513856  
  1007     0.026859     0.513779  
  1008     0.026780     0.513811  
  1009     0.026703     0.513788  
  1010     0.026624     0.513752  
  1011     0.026549     0.513776  
  1012     0.026482     0.513825  
  1013     0.026421     0.513852  
  1014     0.026341     0.513835  
  1015     0.026260     0.513802  
  1016     0.026196     0.513854  
  1017     0.026117     0.513892  
  1018     0.026042     0.513823  
  1019     0.025964     0.513842  
  1020     0.025892     0.513750  
  1021     0.025824     0.513800  
  1022     0.025765     0.513748  
  1023     0.025688     0.513739  
  1024     0.025617     0.513743  
  1025     0.025537     0.513742  
  1026     0.025467     0.513651  
  1027     0.025393     0.513666  
  1028     0.025320     0.513564  
  1029     0.025243     0.513639  
  1030     0.025175     0.513571  
  1031     0.025118     0.513544  
  1032     0.025050     0.513551  
  1033     0.024982     0.513546  
  1034     0.024912     0.513593  
  1035     0.024847     0.513561  
  1036     0.024784     0.513535  
  1037     0.024730     0.513522  
  1038     0.024686     0.513505  
  1039     0.024620     0.513633  
  1040     0.024537     0.513685  
  1041     0.024478     0.513692  
  1042     0.024406     0.513644  
  1043     0.024339     0.513583  
  1044     0.024265     0.513557  
  1045     0.024191     0.513598  
  1046     0.024129     0.513550  
  1047     0.024069     0.513513  
  1048     0.024008     0.513450  
  1049     0.023935     0.513497  
  1050     0.023883     0.513420  
  1051     0.023812     0.513436  
  1052     0.023737     0.513423  
  1053     0.023664     0.513382  
  1054     0.023588     0.513411  
  1055     0.023531     0.513462  
  1056     0.023469     0.513442  
  1057     0.023418     0.513480  
  1058     0.023351     0.513428  
  1059     0.023284     0.513443  
  1060     0.023224     0.513468  
  1061     0.023158     0.513441  
  1062     0.023093     0.513487  
  1063     0.023026     0.513473  
  1064     0.022961     0.513395  
  1065     0.022909     0.513346  
  1066     0.022848     0.513294  
  1067     0.022790     0.513184  
  1068     0.022740     0.513184  
  1069     0.022671     0.513179  
  1070     0.022617     0.513230  
  1071     0.022548     0.513191  
  1072     0.022497     0.513142  
  1073     0.022436     0.513105  
  1074     0.022361     0.513035  
  1075     0.022303     0.513015  
  1076     0.022253     0.513049  
  1077     0.022207     0.513042  
  1078     0.022147     0.512948  
  1079     0.022096     0.512934  
  1080     0.022029     0.512953  
  1081     0.021972     0.512932  
  1082     0.021914     0.512891  
  1083     0.021853     0.512919  
  1084     0.021792     0.512942  
  1085     0.021728     0.512917  
  1086     0.021662     0.512912  
  1087     0.021596     0.512958  
  1088     0.021539     0.512939  
  1089     0.021486     0.512856  
  1090     0.021424     0.512825  
  1091     0.021376     0.512782  
  1092     0.021326     0.512802  
  1093     0.021273     0.512790  
  1094     0.021212     0.512820  
  1095     0.021151     0.512884  
  1096     0.021102     0.512991  
  1097     0.021044     0.512846  
  1098     0.020999     0.512823  
  1099     0.020937     0.512728  
  1100     0.020884     0.512645  
  1101     0.020830     0.512550  
  1102     0.020773     0.512475  
  1103     0.020727     0.512433  
  1104     0.020677     0.512419  
  1105     0.020618     0.512377  
  1106     0.020568     0.512338  
  1107     0.020512     0.512318  
  1108     0.020458     0.512317  
  1109     0.020406     0.512363  
  1110     0.020347     0.512353  
  1111     0.020287     0.512323  
  1112     0.020238     0.512359  
  1113     0.020174     0.512282  
  1114     0.020123     0.512289  
  1115     0.020071     0.512247  
  1116     0.020010     0.512127  
  1117     0.019953     0.512200  
  1118     0.019896     0.512204  
  1119     0.019838     0.512196  
  1120     0.019785     0.512161  
  1121     0.019737     0.512198  
  1122     0.019684     0.512260  
  1123     0.019621     0.512262  
  1124     0.019568     0.512221  
  1125     0.019520     0.512220  
  1126     0.019469     0.512227  
  1127     0.019415     0.512240  
  1128     0.019361     0.512127  
  1129     0.019309     0.512064  
  1130     0.019250     0.512118  
  1131     0.019205     0.512105  
  1132     0.019146     0.512074  
  1133     0.019095     0.512087  
  1134     0.019035     0.512067  
  1135     0.018986     0.512012  
  1136     0.018941     0.512023  
  1137     0.018896     0.512057  
  1138     0.018840     0.511964  
  1139     0.018786     0.511925  
  1140     0.018733     0.511857  
  1141     0.018680     0.511953  
  1142     0.018629     0.511973  
  1143     0.018581     0.512038  
  1144     0.018532     0.512038  
  1145     0.018484     0.512058  
  1146     0.018426     0.511992  
  1147     0.018376     0.512011  
  1148     0.018322     0.511995  
  1149     0.018279     0.512031  
  1150     0.018226     0.512034  
  1151     0.018183     0.512025  
  1152     0.018132     0.512008  
  1153     0.018088     0.512029  
  1154     0.018040     0.511988  
  1155     0.017982     0.512016  
  1156     0.017935     0.512040  
  1157     0.017884     0.512007  
  1158     0.017841     0.512057  
  1159     0.017792     0.512102  
  1160     0.017741     0.512071  
  1161     0.017693     0.512111  
  1162     0.017646     0.512052  
  1163     0.017609     0.512065  
  1164     0.017565     0.512089  
  1165     0.017519     0.512097  
  1166     0.017477     0.512074  
  1167     0.017430     0.512075  
  1168     0.017384     0.512025  
  1169     0.017335     0.511963  
  1170     0.017290     0.511949  
  1171     0.017249     0.511911  
  1172     0.017205     0.511893  
  1173     0.017160     0.511821  
  1174     0.017116     0.511826  
  1175     0.017078     0.511896  
  1176     0.017029     0.511800  
  1177     0.016984     0.511785  
  1178     0.016939     0.511796  
  1179     0.016899     0.511763  
  1180     0.016861     0.511710  
  1181     0.016822     0.511744  
  1182     0.016788     0.511769  
  1183     0.016746     0.511762  
  1184     0.016700     0.511725  
  1185     0.016658     0.511686  
  1186     0.016607     0.511647  
  1187     0.016568     0.511629  
  1188     0.016517     0.511704  
  1189     0.016475     0.511768  
  1190     0.016429     0.511789  
  1191     0.016388     0.511778  
  1192     0.016346     0.511785  
  1193     0.016306     0.511823  
  1194     0.016261     0.511806  
  1195     0.016216     0.511769  
  1196     0.016170     0.511772  
  1197     0.016123     0.511782  
  1198     0.016076     0.511756  
  1199     0.016029     0.511816  
  1200     0.015988     0.511811  
  1201     0.015947     0.511898  
  1202     0.015906     0.511857  
  1203     0.015869     0.511846  
  1204     0.015828     0.511844  
  1205     0.015784     0.511903  
  1206     0.015735     0.511910  
  1207     0.015695     0.511851  
  1208     0.015657     0.511806  
  1209     0.015622     0.511776  
  1210     0.015585     0.511722  
  1211     0.015542     0.511634  
  1212     0.015501     0.511612  
  1213     0.015459     0.511619  
  1214     0.015415     0.511594  
  1215     0.015380     0.511579  
  1216     0.015347     0.511615  
  1217     0.015309     0.511609  
  1218     0.015267     0.511660  
  1219     0.015230     0.511686  
  1220     0.015188     0.511664  
  1221     0.015151     0.511708  
  1222     0.015116     0.511726  
  1223     0.015089     0.511742  
  1224     0.015045     0.511683  
  1225     0.015006     0.511736  
  1226     0.014970     0.511695  
  1227     0.014934     0.511699  
  1228     0.014896     0.511681  
  1229     0.014858     0.511689  
  1230     0.014818     0.511673  
  1231     0.014775     0.511712  
  1232     0.014734     0.511679  
  1233     0.014706     0.511733  
  1234     0.014665     0.511788  
  1235     0.014629     0.511770  
  1236     0.014586     0.511740  
  1237     0.014551     0.511715  
  1238     0.014511     0.511704  
  1239     0.014473     0.511753  
  1240     0.014442     0.511739  
  1241     0.014402     0.511700  
  1242     0.014367     0.511692  
  1243     0.014328     0.511702  
  1244     0.014291     0.511610  
  1245     0.014249     0.511655  
  1246     0.014205     0.511649  
  1247     0.014166     0.511582  
  1248     0.014123     0.511533  
  1249     0.014094     0.511464  
  1250     0.014065     0.511499  
  1251     0.014037     0.511455  
  1252     0.014004     0.511381  
  1253     0.013964     0.511334  
  1254     0.013922     0.511388  
  1255     0.013892     0.511377  
  1256     0.013852     0.511360  
  1257     0.013824     0.511365  
  1258     0.013790     0.511374  
  1259     0.013762     0.511306  
  1260     0.013723     0.511320  
  1261     0.013690     0.511289  
  1262     0.013650     0.511225  
  1263     0.013611     0.511263  
  1264     0.013577     0.511295  
  1265     0.013536     0.511336  
  1266     0.013498     0.511385  
  1267     0.013465     0.511376  
  1268     0.013430     0.511405  
  1269     0.013392     0.511338  
  1270     0.013354     0.511348  
  1271     0.013322     0.511372  
  1272     0.013289     0.511363  
  1273     0.013258     0.511409  
  1274     0.013227     0.511390  
  1275     0.013187     0.511428  
  1276     0.013144     0.511395  
  1277     0.013106     0.511333  
  1278     0.013067     0.511325  
  1279     0.013035     0.511343  
  1280     0.012999     0.511374  
  1281     0.012966     0.511380  
  1282     0.012931     0.511373  
  1283     0.012892     0.511364  
  1284     0.012857     0.511296  
  1285     0.012827     0.511278  
  1286     0.012792     0.511208  
  1287     0.012762     0.511239  
  1288     0.012735     0.511233  
  1289     0.012700     0.511202  
  1290     0.012665     0.511211  
  1291     0.012627     0.511206  
  1292     0.012590     0.511260  
  1293     0.012556     0.511231  
  1294     0.012528     0.511272  
  1295     0.012502     0.511219  
  1296     0.012467     0.511221  
  1297     0.012435     0.511224  
  1298     0.012408     0.511260  
  1299     0.012373     0.511299  
  1300     0.012340     0.511269  
  1301     0.012307     0.511298  
  1302     0.012268     0.511273  
  1303     0.012237     0.511204  
  1304     0.012206     0.511217  
  1305     0.012173     0.511236  
  1306     0.012139     0.511237  
  1307     0.012104     0.511228  
  1308     0.012070     0.511178  
  1309     0.012036     0.511191  
  1310     0.012003     0.511145  
  1311     0.011975     0.511133  
  1312     0.011948     0.511164  
  1313     0.011914     0.511142  
  1314     0.011879     0.511080  * best
  1315     0.011848     0.511099  
  1316     0.011813     0.511209  
  1317     0.011785     0.511222  
  1318     0.011755     0.511231  
  1319     0.011723     0.511224  
  1320     0.011689     0.511200  
  1321     0.011667     0.511230  
  1322     0.011638     0.511207  
  1323     0.011603     0.511185  
  1324     0.011575     0.511204  
  1325     0.011545     0.511198  
  1326     0.011510     0.511223  
  1327     0.011480     0.511215  
  1328     0.011455     0.511209  
  1329     0.011427     0.511156  
  1330     0.011396     0.511187  
  1331     0.011366     0.511190  
  1332     0.011341     0.511230  
  1333     0.011308     0.511313  
  1334     0.011283     0.511345  
  1335     0.011248     0.511280  
  1336     0.011216     0.511195  
  1337     0.011186     0.511201  
  1338     0.011161     0.511240  
  1339     0.011131     0.511279  
  1340     0.011102     0.511243  
  1341     0.011076     0.511213  
  1342     0.011046     0.511251  
  1343     0.011014     0.511237  
  1344     0.010984     0.511179  
  1345     0.010955     0.511213  
  1346     0.010928     0.511183  
  1347     0.010896     0.511144  
  1348     0.010867     0.511173  
  1349     0.010843     0.511174  
  1350     0.010813     0.511155  
  1351     0.010792     0.511135  
  1352     0.010768     0.511200  
  1353     0.010742     0.511171  
  1354     0.010717     0.511171  
  1355     0.010688     0.511159  
  1356     0.010666     0.511171  
  1357     0.010640     0.511114  
  1358     0.010615     0.511098  
  1359     0.010584     0.511117  
  1360     0.010554     0.511145  
  1361     0.010529     0.511099  
  1362     0.010504     0.511107  
  1363     0.010478     0.511152  
  1364     0.010448     0.511224  
  1365     0.010423     0.511229  
  1366     0.010396     0.511226  
  1367     0.010370     0.511234  
  1368     0.010341     0.511180  
  1369     0.010317     0.511170  
  1370     0.010294     0.511176  
  1371     0.010266     0.511165  
  1372     0.010238     0.511228  
  1373     0.010209     0.511206  
  1374     0.010185     0.511168  
  1375     0.010161     0.511198  
  1376     0.010136     0.511197  
  1377     0.010114     0.511162  
  1378     0.010087     0.511136  
  1379     0.010056     0.511109  
  1380     0.010029     0.511137  
  1381     0.010001     0.511180  
  1382     0.009976     0.511143  
  1383     0.009953     0.511194  
  1384     0.009932     0.511268  
  1385     0.009903     0.511293  
  1386     0.009880     0.511260  
  1387     0.009855     0.511231  
  1388     0.009831     0.511252  
  1389     0.009806     0.511280  
  1390     0.009784     0.511279  
  1391     0.009759     0.511263  
  1392     0.009735     0.511247  
  1393     0.009707     0.511252  
  1394     0.009684     0.511264  
  1395     0.009659     0.511276  
  1396     0.009634     0.511299  
  1397     0.009605     0.511262  
  1398     0.009582     0.511222  
  1399     0.009558     0.511252  
  1400     0.009537     0.511222  
  1401     0.009511     0.511218  
  1402     0.009487     0.511221  
  1403     0.009462     0.511220  
  1404     0.009437     0.511228  
  1405     0.009416     0.511244  
  1406     0.009391     0.511245  
  1407     0.009369     0.511166  
  1408     0.009341     0.511213  
  1409     0.009313     0.511224  
  1410     0.009290     0.511237  
  1411     0.009264     0.511193  
  1412     0.009238     0.511176  
  1413     0.009214     0.511194  
  1414     0.009191     0.511177  
# best iteration 1314 (val l2 0.511080)
# Spearman  train +0.9919  val +0.7033  test +0.7183
