# mlp_seq+boltz_pooled seed 0
# sequence baseline concatenated with the Boltz pooled blocks
# inputs [(2407,)], 312,385 parameters
# Linear(n_in,128) -> GELU -> Dropout(0.3) -> Linear(128,32) -> GELU -> Dropout(0.3) -> Linear(32,1)
# Adam lr=0.001 weight_decay=0.0001 batch=32 dropout=0.3
# loss = MSE on standardised log10 half-life
# early stopping on validation loss, patience 40, max 300 epochs
#
 epoch  train_batch        train          val  note
     1     0.574183     0.360691     0.588257  * best
     2     0.429649     0.317212     0.621818  
     3     0.354362     0.237917     0.595735  
     4     0.323472     0.213061     0.637007  
     5     0.291759     0.181192     0.588261  
     6     0.264414     0.170526     0.622826  
     7     0.254716     0.154612     0.632439  
     8     0.241181     0.144445     0.598253  
     9     0.222721     0.144932     0.636852  
    10     0.211603     0.128290     0.651149  
    11     0.206787     0.128069     0.640535  
    12     0.198722     0.131281     0.644465  
    13     0.192739     0.098608     0.654811  
    14     0.185112     0.091314     0.637955  
    15     0.179694     0.090584     0.627153  
    16     0.176382     0.097774     0.703427  
    17     0.174219     0.091674     0.669579  
    18     0.167122     0.100149     0.647248  
    19     0.165222     0.083641     0.648148  
    20     0.160878     0.085049     0.648880  
    21     0.161529     0.087101     0.671326  
    22     0.157573     0.080134     0.701819  
    23     0.154931     0.080272     0.639749  
    24     0.154784     0.082068     0.644405  
    25     0.150347     0.082467     0.615805  
    26     0.148273     0.073163     0.647511  
    27     0.146686     0.073486     0.655667  
    28     0.143936     0.074216     0.635834  
    29     0.143572     0.078435     0.649785  
    30     0.146074     0.067541     0.635886  
    31     0.139313     0.072390     0.627340  
    32     0.142971     0.065622     0.634782  
    33     0.137595     0.074618     0.632063  
    34     0.138676     0.065427     0.634050  
    35     0.133900     0.064843     0.634012  
    36     0.137183     0.067721     0.642151  
    37     0.132640     0.070693     0.662068  
    38     0.131452     0.062566     0.655661  
    39     0.132730     0.063776     0.653113  
    40     0.133770     0.061971     0.644298  
    41     0.126319     0.059465     0.660403  
# stopped at epoch 41: no improvement for 40 epochs
# restored epoch 1 (val MSE 0.588257)
# Spearman  train +0.8095  val +0.4644  test +0.5380
