# mlp_boltz_pooled seed 2
# Boltz pooled blocks
# inputs [(1547,)], 202,305 parameters
# Linear(n_in,128) -> GELU -> Dropout(0.3) -> Linear(128,32) -> GELU -> Dropout(0.3) -> Linear(32,1)
# Adam lr=0.001 weight_decay=0.0001 batch=32 dropout=0.3
# loss = MSE on standardised log10 half-life
# early stopping on validation loss, patience 40, max 300 epochs
#
 epoch  train_batch        train          val  note
     1     0.625978     0.390216     0.516796  * best
     2     0.462034     0.313557     0.479030  * best
     3     0.385364     0.263813     0.462832  * best
     4     0.344372     0.223934     0.471218  
     5     0.310092     0.204358     0.455005  * best
     6     0.281472     0.203312     0.472721  
     7     0.259001     0.144532     0.461728  
     8     0.245688     0.145586     0.471165  
     9     0.240824     0.171220     0.474451  
    10     0.223248     0.146658     0.469323  
    11     0.207902     0.121115     0.466563  
    12     0.201379     0.102885     0.459577  
    13     0.193552     0.094731     0.456345  
    14     0.186683     0.086247     0.462442  
    15     0.183004     0.098074     0.461893  
    16     0.169556     0.077504     0.458308  
    17     0.166477     0.100926     0.471269  
    18     0.164574     0.082366     0.474831  
    19     0.158431     0.081496     0.465082  
    20     0.156853     0.087008     0.477077  
    21     0.153338     0.089242     0.478176  
    22     0.151326     0.079679     0.469257  
    23     0.145093     0.068218     0.468557  
    24     0.144558     0.066980     0.482953  
    25     0.142539     0.076160     0.445533  * best
    26     0.138051     0.056895     0.464138  
    27     0.140553     0.071973     0.476130  
    28     0.133246     0.060606     0.459991  
    29     0.131540     0.066848     0.468858  
    30     0.137604     0.069356     0.465526  
    31     0.130162     0.059453     0.462257  
    32     0.125877     0.064597     0.472942  
    33     0.130216     0.065044     0.479626  
    34     0.126155     0.054154     0.458932  
    35     0.126763     0.060923     0.466682  
    36     0.123948     0.056571     0.460676  
    37     0.127105     0.055279     0.470803  
    38     0.121168     0.061837     0.471739  
    39     0.130185     0.064317     0.469887  
    40     0.122019     0.075759     0.477526  
    41     0.118176     0.048205     0.470757  
    42     0.118692     0.058747     0.458753  
    43     0.124082     0.070924     0.488698  
    44     0.126101     0.063871     0.461103  
    45     0.120766     0.057589     0.476931  
    46     0.116622     0.055284     0.465690  
    47     0.118475     0.058834     0.472777  
    48     0.119035     0.058138     0.465945  
    49     0.116038     0.051060     0.459441  
    50     0.116490     0.049905     0.458845  
    51     0.113878     0.044676     0.456389  
    52     0.114697     0.043534     0.473909  
    53     0.110004     0.042692     0.448656  
    54     0.108628     0.045474     0.469676  
    55     0.110119     0.059305     0.457290  
    56     0.113568     0.043862     0.455581  
    57     0.113456     0.044225     0.461167  
    58     0.110817     0.042895     0.475713  
    59     0.109385     0.050372     0.466274  
    60     0.113453     0.047827     0.479789  
    61     0.107917     0.043049     0.449353  
    62     0.109767     0.049247     0.459979  
    63     0.106027     0.047172     0.467780  
    64     0.103363     0.046690     0.459028  
    65     0.105961     0.045327     0.464997  
# stopped at epoch 65: no improvement for 40 epochs
# restored epoch 25 (val MSE 0.445533)
# Spearman  train +0.9668  val +0.7609  test +0.7453
