# gbm_boltz_pooled seed 4
# Boltz pooled blocks
# inputs 1547, 204 trees
# LightGBM gradient-boosted trees, objective l2, lr 0.05, num_leaves 31, min_data_in_leaf 20, feature_fraction 0.3, bagging 0.8, lambda_l2 1.0, up to 3000 rounds, early stopping 100 on validation l2
# loss = l2 on standardised log10 half-life
#
 round        train          val  note
     1     0.963987     0.803395  
     2     0.930242     0.794019  
     3     0.900431     0.783025  
     4     0.871463     0.774766  
     5     0.845221     0.767205  
     6     0.819833     0.760816  
     7     0.796782     0.752812  
     8     0.774412     0.747656  
     9     0.753411     0.743104  
    10     0.733892     0.735913  
    11     0.716352     0.733340  
    12     0.698445     0.725775  
    13     0.683413     0.722457  
    14     0.668201     0.717879  
    15     0.653644     0.712842  
    16     0.639269     0.708307  
    17     0.627087     0.703814  
    18     0.615265     0.699872  
    19     0.603884     0.696635  
    20     0.593319     0.694140  
    21     0.583159     0.692035  
    22     0.573804     0.690310  
    23     0.564730     0.689413  
    24     0.556364     0.687718  
    25     0.548031     0.686176  
    26     0.539885     0.683409  
    27     0.532288     0.680122  
    28     0.525026     0.677699  
    29     0.518029     0.676419  
    30     0.510913     0.672361  
    31     0.504479     0.671579  
    32     0.497825     0.669472  
    33     0.491408     0.668298  
    34     0.485347     0.664758  
    35     0.479573     0.664935  
    36     0.473652     0.663434  
    37     0.468238     0.660394  
    38     0.462873     0.659778  
    39     0.457736     0.658419  
    40     0.452723     0.656048  
    41     0.447485     0.654645  
    42     0.442411     0.653075  
    43     0.437695     0.650983  
    44     0.433568     0.651415  
    45     0.428801     0.650194  
    46     0.424481     0.649877  
    47     0.420399     0.648191  
    48     0.416450     0.647612  
    49     0.412465     0.648165  
    50     0.408405     0.645884  
    51     0.404833     0.645601  
    52     0.401048     0.644222  
    53     0.397408     0.642962  
    54     0.393726     0.641990  
    55     0.390300     0.640896  
    56     0.386729     0.639283  
    57     0.383490     0.638426  
    58     0.380152     0.640128  
    59     0.376901     0.640455  
    60     0.373495     0.639033  
    61     0.370660     0.638667  
    62     0.367405     0.639868  
    63     0.364497     0.639867  
    64     0.361550     0.639168  
    65     0.358641     0.638672  
    66     0.355611     0.637343  
    67     0.353075     0.636294  
    68     0.350287     0.635717  
    69     0.347646     0.634866  
    70     0.344994     0.634834  
    71     0.341554     0.633142  
    72     0.338760     0.633195  
    73     0.336110     0.631407  
    74     0.333442     0.631213  
    75     0.330742     0.631017  
    76     0.328252     0.630914  
    77     0.325749     0.631127  
    78     0.323341     0.631113  
    79     0.320957     0.629157  
    80     0.318732     0.629077  
    81     0.316244     0.628110  
    82     0.314052     0.628426  
    83     0.311674     0.628926  
    84     0.309687     0.628342  
    85     0.307758     0.628000  
    86     0.305731     0.628787  
    87     0.303433     0.628393  
    88     0.301328     0.629083  
    89     0.299277     0.629346  
    90     0.297341     0.628745  
    91     0.295334     0.628391  
    92     0.293482     0.628068  
    93     0.291303     0.627014  
    94     0.289457     0.627177  
    95     0.287483     0.626914  
    96     0.285461     0.627706  
    97     0.283425     0.626981  
    98     0.281603     0.626917  
    99     0.279664     0.626525  
   100     0.277952     0.626397  
   101     0.276149     0.626489  
   102     0.274267     0.626566  
   103     0.272488     0.626214  
   104     0.270654     0.625081  
   105     0.269152     0.624979  
   106     0.267496     0.624408  
   107     0.265943     0.624658  
   108     0.264352     0.624907  
   109     0.262649     0.623901  
   110     0.261112     0.624110  
   111     0.259570     0.623608  
   112     0.257972     0.623396  
   113     0.256416     0.622927  
   114     0.254954     0.623593  
   115     0.253261     0.623007  
   116     0.251713     0.622539  
   117     0.250181     0.622618  
   118     0.248683     0.623316  
   119     0.247178     0.622945  
   120     0.245624     0.623082  
   121     0.244072     0.623410  
   122     0.242608     0.623379  
   123     0.241212     0.622425  
   124     0.239856     0.621046  
   125     0.238482     0.621866  
   126     0.237123     0.621447  
   127     0.235894     0.621200  
   128     0.234512     0.621443  
   129     0.233249     0.621160  
   130     0.231951     0.620830  
   131     0.230566     0.620666  
   132     0.229165     0.621578  
   133     0.227867     0.621326  
   134     0.226456     0.621308  
   135     0.225191     0.621951  
   136     0.223858     0.623066  
   137     0.222576     0.622613  
   138     0.221324     0.622048  
   139     0.220034     0.621691  
   140     0.218745     0.621263  
   141     0.217516     0.621249  
   142     0.216263     0.621137  
   143     0.215065     0.620434  
   144     0.214022     0.620250  
   145     0.212662     0.620452  
   146     0.211528     0.620865  
   147     0.210228     0.621060  
   148     0.209047     0.621454  
   149     0.207947     0.621742  
   150     0.206829     0.621465  
   151     0.205702     0.620928  
   152     0.204517     0.621139  
   153     0.203378     0.620771  
   154     0.202347     0.620376  
   155     0.201246     0.619991  
   156     0.200208     0.619771  
   157     0.199171     0.619570  
   158     0.198121     0.619912  
   159     0.197059     0.619673  
   160     0.196016     0.618733  
   161     0.194878     0.619203  
   162     0.193797     0.619441  
   163     0.192809     0.619666  
   164     0.191739     0.618728  
   165     0.190680     0.618746  
   166     0.189625     0.619510  
   167     0.188623     0.619277  
   168     0.187631     0.618693  
   169     0.186662     0.618486  
   170     0.185572     0.619368  
   171     0.184629     0.619511  
   172     0.183634     0.618679  
   173     0.182687     0.618463  
   174     0.181685     0.619034  
   175     0.180738     0.618518  
   176     0.179831     0.618782  
   177     0.178891     0.618965  
   178     0.177967     0.618915  
   179     0.177086     0.618715  
   180     0.176216     0.618770  
   181     0.175298     0.618658  
   182     0.174395     0.619699  
   183     0.173438     0.619454  
   184     0.172491     0.619947  
   185     0.171677     0.619804  
   186     0.170730     0.619924  
   187     0.169807     0.620336  
   188     0.168914     0.620227  
   189     0.168096     0.620185  
   190     0.167223     0.619720  
   191     0.166342     0.620059  
   192     0.165446     0.619339  
   193     0.164572     0.619566  
   194     0.163696     0.619405  
   195     0.162852     0.619442  
   196     0.162093     0.619464  
   197     0.161349     0.618950  
   198     0.160531     0.618836  
   199     0.159777     0.618770  
   200     0.159009     0.618514  
   201     0.158169     0.618641  
   202     0.157355     0.617706  
   203     0.156563     0.617271  
   204     0.155887     0.616785  * best
   205     0.155084     0.617095  
   206     0.154311     0.617014  
   207     0.153630     0.617242  
   208     0.152892     0.617384  
   209     0.152158     0.617985  
   210     0.151387     0.618723  
   211     0.150657     0.618703  
   212     0.149895     0.619003  
   213     0.149130     0.619242  
   214     0.148421     0.618975  
   215     0.147705     0.618908  
   216     0.146948     0.618510  
   217     0.146261     0.618672  
   218     0.145519     0.619093  
   219     0.144862     0.619971  
   220     0.144160     0.620347  
   221     0.143502     0.620514  
   222     0.142750     0.620667  
   223     0.142056     0.620261  
   224     0.141301     0.620506  
   225     0.140623     0.620027  
   226     0.139955     0.619801  
   227     0.139284     0.619960  
   228     0.138587     0.619827  
   229     0.137943     0.619817  
   230     0.137293     0.619757  
   231     0.136717     0.619979  
   232     0.136117     0.619997  
   233     0.135441     0.619729  
   234     0.134764     0.619622  
   235     0.134187     0.619584  
   236     0.133575     0.619313  
   237     0.132973     0.619070  
   238     0.132308     0.619172  
   239     0.131721     0.619636  
   240     0.131076     0.619976  
   241     0.130368     0.619117  
   242     0.129742     0.619208  
   243     0.129107     0.619122  
   244     0.128457     0.618811  
   245     0.127841     0.618857  
   246     0.127312     0.618746  
   247     0.126748     0.618650  
   248     0.126122     0.619188  
   249     0.125521     0.619193  
   250     0.124919     0.619175  
   251     0.124370     0.619201  
   252     0.123791     0.619331  
   253     0.123206     0.619117  
   254     0.122632     0.619611  
   255     0.122019     0.619195  
   256     0.121441     0.619352  
   257     0.120870     0.619362  
   258     0.120249     0.619117  
   259     0.119709     0.619022  
   260     0.119176     0.619096  
   261     0.118584     0.619087  
   262     0.118039     0.618830  
   263     0.117503     0.618851  
   264     0.116923     0.619152  
   265     0.116401     0.619362  
   266     0.115894     0.619273  
   267     0.115418     0.619514  
   268     0.114854     0.619511  
   269     0.114313     0.620193  
   270     0.113811     0.619362  
   271     0.113358     0.619326  
   272     0.112809     0.619882  
   273     0.112322     0.619154  
   274     0.111851     0.619338  
   275     0.111378     0.619347  
   276     0.110835     0.619334  
   277     0.110372     0.619204  
   278     0.109885     0.619096  
   279     0.109408     0.619305  
   280     0.108939     0.619705  
   281     0.108478     0.619769  
   282     0.107981     0.619782  
   283     0.107508     0.619885  
   284     0.106996     0.619950  
   285     0.106528     0.621041  
   286     0.106044     0.621224  
   287     0.105584     0.620982  
   288     0.105124     0.620692  
   289     0.104645     0.620819  
   290     0.104162     0.620634  
   291     0.103705     0.620496  
   292     0.103291     0.620517  
   293     0.102813     0.620491  
   294     0.102374     0.620417  
   295     0.101926     0.620071  
   296     0.101427     0.620310  
   297     0.100991     0.620524  
   298     0.100537     0.619731  
   299     0.100107     0.620500  
   300     0.099623     0.620732  
   301     0.099144     0.620430  
   302     0.098716     0.620619  
   303     0.098241     0.621184  
   304     0.097783     0.620895  
# best iteration 204 (val l2 0.616785)
# Spearman  train +0.9324  val +0.3982  test +0.5965
