# gbm_energy+edge seed 2
# boosted trees on energy+edge
# inputs 14880, 78 trees
# LightGBM gradient-boosted trees, objective l2, lr 0.05, num_leaves 31, min_data_in_leaf 20, feature_fraction 0.3, bagging 0.8, lambda_l2 1.0, up to 3000 rounds, early stopping 100 on validation l2
# loss = l2 on standardised log10 half-life
#
 round        train          val  note
     1     0.958402     0.803925  
     2     0.921499     0.795946  
     3     0.886837     0.790539  
     4     0.854976     0.794719  
     5     0.826690     0.791071  
     6     0.798885     0.784359  
     7     0.773482     0.784505  
     8     0.749731     0.776652  
     9     0.727255     0.777597  
    10     0.706945     0.777840  
    11     0.688132     0.773123  
    12     0.670530     0.776244  
    13     0.653864     0.774706  
    14     0.638130     0.769256  
    15     0.624445     0.768098  
    16     0.611588     0.765452  
    17     0.599499     0.762585  
    18     0.587783     0.763668  
    19     0.576806     0.759541  
    20     0.566476     0.757484  
    21     0.556127     0.760389  
    22     0.546422     0.760494  
    23     0.537169     0.759471  
    24     0.528138     0.757896  
    25     0.519784     0.755937  
    26     0.512249     0.754433  
    27     0.504802     0.753612  
    28     0.498218     0.753167  
    29     0.490771     0.749504  
    30     0.483749     0.747256  
    31     0.477193     0.746387  
    32     0.470998     0.744415  
    33     0.464795     0.743604  
    34     0.459007     0.742904  
    35     0.453422     0.742246  
    36     0.448293     0.742039  
    37     0.442740     0.740371  
    38     0.437493     0.738019  
    39     0.432641     0.739179  
    40     0.428330     0.739964  
    41     0.423475     0.739717  
    42     0.419102     0.740307  
    43     0.414694     0.741354  
    44     0.410749     0.741631  
    45     0.406806     0.740950  
    46     0.402832     0.741177  
    47     0.398866     0.741216  
    48     0.395111     0.739554  
    49     0.391264     0.739072  
    50     0.387243     0.739696  
    51     0.383526     0.739587  
    52     0.379874     0.739977  
    53     0.376304     0.739619  
    54     0.372933     0.740338  
    55     0.369544     0.740227  
    56     0.366428     0.739790  
    57     0.363189     0.739401  
    58     0.359924     0.738671  
    59     0.356923     0.738936  
    60     0.353876     0.739236  
    61     0.350832     0.739166  
    62     0.347891     0.738310  
    63     0.345029     0.737939  
    64     0.342065     0.738165  
    65     0.339262     0.737623  
    66     0.336486     0.737888  
    67     0.333754     0.739525  
    68     0.331102     0.739345  
    69     0.328251     0.738538  
    70     0.325757     0.738237  
    71     0.323104     0.738350  
    72     0.320380     0.738617  
    73     0.317903     0.739896  
    74     0.315452     0.738459  
    75     0.312749     0.738553  
    76     0.310271     0.737833  
    77     0.307892     0.737798  
    78     0.305388     0.737134  * best
    79     0.302877     0.738035  
    80     0.300421     0.738522  
    81     0.298075     0.738043  
    82     0.295634     0.738585  
    83     0.293390     0.739504  
    84     0.291170     0.740486  
    85     0.289028     0.740356  
    86     0.286699     0.741363  
    87     0.284565     0.740976  
    88     0.282307     0.741387  
    89     0.280072     0.740981  
    90     0.278074     0.740633  
    91     0.275945     0.741174  
    92     0.273833     0.740958  
    93     0.271920     0.741157  
    94     0.269901     0.740044  
    95     0.267784     0.739280  
    96     0.265822     0.738073  
    97     0.263742     0.738763  
    98     0.261944     0.737759  
    99     0.260110     0.737457  
   100     0.258417     0.738771  
   101     0.256721     0.738336  
   102     0.254956     0.737938  
   103     0.253190     0.737965  
   104     0.251428     0.737611  
   105     0.249601     0.737506  
   106     0.247918     0.737746  
   107     0.246199     0.738769  
   108     0.244451     0.741147  
   109     0.242748     0.740472  
   110     0.240959     0.742902  
   111     0.239313     0.742870  
   112     0.237711     0.743014  
   113     0.236117     0.742726  
   114     0.234434     0.742463  
   115     0.232906     0.743264  
   116     0.231393     0.743252  
   117     0.229913     0.741798  
   118     0.228298     0.742412  
   119     0.226691     0.740969  
   120     0.225131     0.740872  
   121     0.223669     0.740247  
   122     0.222225     0.740182  
   123     0.220849     0.739698  
   124     0.219391     0.739763  
   125     0.217857     0.739328  
   126     0.216440     0.740622  
   127     0.214929     0.741310  
   128     0.213538     0.741390  
   129     0.212090     0.741198  
   130     0.210702     0.741373  
   131     0.209238     0.740559  
   132     0.207933     0.740495  
   133     0.206580     0.742159  
   134     0.205228     0.741683  
   135     0.203890     0.742197  
   136     0.202613     0.742338  
   137     0.201385     0.742479  
   138     0.200082     0.741228  
   139     0.198807     0.740541  
   140     0.197515     0.740840  
   141     0.196198     0.741225  
   142     0.194948     0.742082  
   143     0.193741     0.742225  
   144     0.192517     0.743538  
   145     0.191323     0.744214  
   146     0.190156     0.743945  
   147     0.188915     0.744679  
   148     0.187740     0.745013  
   149     0.186615     0.745353  
   150     0.185466     0.746046  
   151     0.184268     0.745729  
   152     0.183108     0.746542  
   153     0.181994     0.746596  
   154     0.180919     0.746637  
   155     0.179776     0.746239  
   156     0.178738     0.746348  
   157     0.177699     0.745970  
   158     0.176693     0.745869  
   159     0.175561     0.746216  
   160     0.174535     0.746637  
   161     0.173505     0.746537  
   162     0.172553     0.747643  
   163     0.171417     0.747763  
   164     0.170318     0.744194  
   165     0.169317     0.744057  
   166     0.168273     0.744569  
   167     0.167233     0.745061  
   168     0.166184     0.745092  
   169     0.165158     0.744627  
   170     0.164076     0.743423  
   171     0.163084     0.743960  
   172     0.162144     0.744065  
   173     0.161205     0.744441  
   174     0.160314     0.745918  
   175     0.159355     0.745952  
   176     0.158377     0.745663  
   177     0.157465     0.745800  
   178     0.156529     0.746505  
# best iteration 78 (val l2 0.737134)
# Spearman  train +0.8572  val +0.1504  test -0.0757
