# seq_hla_pseudo seed 1
# NetMHCpan pseudosequence one-hot, 34 x 20
# input dim 680, 91,329 parameters
# Linear(n_in,128) -> GELU -> Dropout(0.3) -> Linear(128,32) -> GELU -> Dropout(0.3) -> Linear(32,1)
# Adam lr=0.001 weight_decay=0.0001 batch=32 dropout=0.3
# loss = MSE on standardised log10 half-life
# early stopping on validation loss, patience 40, max 300 epochs
#
 epoch  train_batch        train          val  note
     1     0.774774     0.704976     0.759438  * best
     2     0.723587     0.697612     0.739174  * best
     3     0.717904     0.689563     0.722771  * best
     4     0.709526     0.687287     0.751795  
     5     0.709293     0.685126     0.741708  
     6     0.705539     0.687013     0.733281  
     7     0.700240     0.690725     0.737893  
     8     0.701672     0.681734     0.726248  
     9     0.704737     0.679394     0.729791  
    10     0.700210     0.679633     0.718837  * best
    11     0.699255     0.682629     0.728390  
    12     0.697283     0.681489     0.718287  * best
    13     0.698629     0.683708     0.733070  
    14     0.696585     0.683670     0.735552  
    15     0.697947     0.683334     0.727615  
    16     0.694184     0.681069     0.728049  
    17     0.696959     0.678854     0.717618  * best
    18     0.695597     0.683595     0.729875  
    19     0.697029     0.682572     0.726490  
    20     0.696370     0.677197     0.725588  
    21     0.695415     0.679235     0.722881  
    22     0.692006     0.683835     0.732282  
    23     0.694640     0.681063     0.726615  
    24     0.694244     0.682521     0.726095  
    25     0.697072     0.678852     0.717281  * best
    26     0.697640     0.676705     0.724609  
    27     0.694567     0.678073     0.725179  
    28     0.697180     0.680874     0.723476  
    29     0.694353     0.677620     0.722067  
    30     0.695594     0.677700     0.715543  * best
    31     0.694724     0.679714     0.723925  
    32     0.696051     0.679560     0.723113  
    33     0.694198     0.675558     0.721385  
    34     0.695409     0.676670     0.721134  
    35     0.693946     0.680923     0.729086  
    36     0.697198     0.675112     0.719737  
    37     0.697690     0.678068     0.726922  
    38     0.698018     0.678158     0.722740  
    39     0.690953     0.681090     0.723037  
    40     0.691533     0.679421     0.720627  
    41     0.693474     0.679455     0.725275  
    42     0.694355     0.676928     0.723794  
    43     0.689411     0.678124     0.717925  
    44     0.691904     0.682283     0.733123  
    45     0.693265     0.679847     0.720161  
    46     0.695964     0.678123     0.727900  
    47     0.694565     0.677037     0.719674  
    48     0.695494     0.677550     0.720005  
    49     0.692449     0.676100     0.722469  
    50     0.694674     0.677207     0.719198  
    51     0.695461     0.677043     0.720161  
    52     0.694301     0.675420     0.720450  
    53     0.687760     0.677075     0.718973  
    54     0.690351     0.676784     0.715986  
    55     0.695215     0.683411     0.727625  
    56     0.693554     0.677592     0.715600  
    57     0.692029     0.679973     0.717235  
    58     0.692471     0.679791     0.725996  
    59     0.690689     0.679825     0.723744  
    60     0.693006     0.677734     0.725550  
    61     0.691057     0.676264     0.720122  
    62     0.696491     0.676939     0.721217  
    63     0.690397     0.678834     0.725270  
    64     0.691826     0.673815     0.717961  
    65     0.695688     0.680779     0.722733  
    66     0.694889     0.676125     0.723502  
    67     0.696668     0.676544     0.722308  
    68     0.695256     0.674980     0.720216  
    69     0.695408     0.676347     0.722715  
    70     0.694939     0.676501     0.724238  
# stopped at epoch 70: no improvement for 40 epochs
# restored epoch 30 (val MSE 0.715543)
# Spearman  train +0.5601  val +0.5375  test +0.5385
