# boltz_pep_mean seed 2
# Boltz trunk single rep, mean over peptide tokens
# input dim 384, 53,441 parameters
# Linear(n_in,128) -> GELU -> Dropout(0.3) -> Linear(128,32) -> GELU -> Dropout(0.3) -> Linear(32,1)
# Adam lr=0.001 weight_decay=0.0001 batch=32 dropout=0.3
# loss = MSE on standardised log10 half-life
# early stopping on validation loss, patience 40, max 300 epochs
#
 epoch  train_batch        train          val  note
     1     0.774539     0.600475     0.696131  * best
     2     0.639335     0.516032     0.659184  * best
     3     0.567803     0.461669     0.665900  
     4     0.518551     0.393604     0.669362  
     5     0.484683     0.355043     0.656603  * best
     6     0.443701     0.347469     0.699207  
     7     0.410170     0.292146     0.645824  * best
     8     0.389096     0.269386     0.663151  
     9     0.364116     0.252136     0.667717  
    10     0.347952     0.243521     0.660695  
    11     0.334631     0.224563     0.677723  
    12     0.320566     0.212502     0.671238  
    13     0.302705     0.189546     0.689195  
    14     0.293709     0.178678     0.677448  
    15     0.286620     0.176008     0.688681  
    16     0.276463     0.168346     0.688675  
    17     0.266795     0.156106     0.669830  
    18     0.261798     0.165721     0.704563  
    19     0.250206     0.167267     0.681705  
    20     0.247843     0.131539     0.676123  
    21     0.238735     0.130311     0.676993  
    22     0.231973     0.130093     0.682323  
    23     0.231037     0.124327     0.700730  
    24     0.222965     0.121235     0.699748  
    25     0.229577     0.121463     0.694467  
    26     0.214507     0.123336     0.702436  
    27     0.218413     0.119319     0.700454  
    28     0.202863     0.110866     0.677828  
    29     0.204307     0.126112     0.679302  
    30     0.201139     0.109904     0.698351  
    31     0.194707     0.102405     0.687051  
    32     0.197131     0.107736     0.692158  
    33     0.195382     0.106511     0.689198  
    34     0.189156     0.101688     0.696619  
    35     0.182006     0.102276     0.685146  
    36     0.190349     0.099149     0.694709  
    37     0.188970     0.091765     0.699702  
    38     0.183583     0.095180     0.701787  
    39     0.182660     0.090093     0.691295  
    40     0.176594     0.089841     0.714801  
    41     0.171691     0.091037     0.714520  
    42     0.171561     0.083183     0.715204  
    43     0.165946     0.078499     0.712577  
    44     0.172228     0.085632     0.705447  
    45     0.166647     0.086606     0.690753  
    46     0.166318     0.084184     0.689345  
    47     0.160103     0.076003     0.700957  
# stopped at epoch 47: no improvement for 40 epochs
# restored epoch 7 (val MSE 0.645824)
# Spearman  train +0.8516  val +0.6126  test +0.5898
