# mlp_boltz_pooled seed 4
# Boltz pooled blocks
# inputs [(1547,)], 202,305 parameters
# Linear(n_in,128) -> GELU -> Dropout(0.3) -> Linear(128,32) -> GELU -> Dropout(0.3) -> Linear(32,1)
# Adam lr=0.001 weight_decay=0.0001 batch=32 dropout=0.3
# loss = MSE on standardised log10 half-life
# early stopping on validation loss, patience 40, max 300 epochs
#
 epoch  train_batch        train          val  note
     1     0.574496     0.388309     0.671595  * best
     2     0.437935     0.310623     0.613604  * best
     3     0.385415     0.265291     0.617033  
     4     0.340708     0.219453     0.592816  * best
     5     0.304553     0.205746     0.613909  
     6     0.292315     0.204481     0.617750  
     7     0.267263     0.162582     0.649415  
     8     0.254130     0.157159     0.584144  * best
     9     0.236473     0.149406     0.638951  
    10     0.229826     0.126456     0.653331  
    11     0.220045     0.135532     0.647363  
    12     0.209714     0.135032     0.634516  
    13     0.203416     0.113192     0.666168  
    14     0.190660     0.108682     0.645199  
    15     0.191420     0.106759     0.617787  
    16     0.185435     0.113052     0.633611  
    17     0.177235     0.099543     0.628214  
    18     0.177186     0.090178     0.622000  
    19     0.175144     0.086132     0.659812  
    20     0.173097     0.086766     0.657335  
    21     0.165944     0.095437     0.633071  
    22     0.159733     0.081308     0.663982  
    23     0.160796     0.087033     0.627712  
    24     0.159810     0.086317     0.653457  
    25     0.157540     0.089371     0.631254  
    26     0.161071     0.080081     0.629891  
    27     0.151242     0.083043     0.669557  
    28     0.149785     0.072850     0.644748  
    29     0.149227     0.091808     0.651000  
    30     0.147468     0.066167     0.649298  
    31     0.145407     0.085575     0.632191  
    32     0.142601     0.062716     0.675471  
    33     0.141386     0.074983     0.661241  
    34     0.139870     0.061897     0.657568  
    35     0.143170     0.074174     0.671933  
    36     0.139375     0.061506     0.638677  
    37     0.135945     0.075150     0.638299  
    38     0.137947     0.065744     0.661304  
    39     0.139034     0.079322     0.647665  
    40     0.131684     0.069089     0.666114  
    41     0.135495     0.064767     0.656994  
    42     0.136740     0.061080     0.638751  
    43     0.131959     0.062842     0.644373  
    44     0.131192     0.062048     0.661147  
    45     0.132230     0.059040     0.654514  
    46     0.130825     0.060540     0.657969  
    47     0.130432     0.057158     0.648492  
    48     0.130748     0.067541     0.668513  
# stopped at epoch 48: no improvement for 40 epochs
# restored epoch 8 (val MSE 0.584144)
# Spearman  train +0.9256  val +0.4666  test +0.4608
