# mlp_node+energy+edge seed 0
# perceptron on node+energy+edge
# inputs [(26400,)], 3,383,489 parameters
# Linear(n_in,128) -> GELU -> Dropout(0.3) -> Linear(128,32) -> GELU -> Dropout(0.3) -> Linear(32,1)
# Adam lr=0.001 weight_decay=0.0001 batch=32 dropout=0.3
# loss = MSE on standardised log10 half-life
# early stopping on validation loss, patience 40, max 300 epochs
#
 epoch  train_batch        train          val  note
     1    41.863609    64.262688     0.918105  * best
     2    29.397003   200.514114     0.884584  * best
     3   307.104019     6.928257     0.938816  
     4    17.469747    18.630991     0.925467  
     5    19.681667     4.046243     0.922533  
     6     2.654492     4.297022     0.928549  
     7     3.305532     1.342953     0.934480  
     8     7.626932     2.414561     0.905012  
     9     2.675760     1.717040     0.910478  
    10     1.056350     0.950765     0.911794  
    11     1.247856     0.771988     0.922531  
    12     0.893484     0.785089     0.951104  
    13     1.026189     0.783585     0.953178  
    14     0.823712     0.768507     0.912492  
    15     0.787214     0.686629     0.873152  * best
    16     0.766287     0.659757     0.842168  * best
    17     0.740769     0.629595     0.852997  
    18     0.726812     0.606681     0.790386  * best
    19     0.710199     0.589380     0.783613  * best
    20     0.693762     0.553844     0.773548  * best
    21     0.683780     0.556546     0.833693  
    22     0.658751     0.518072     0.797919  
    23     0.637997     0.480940     0.781267  
    24     0.619206     0.467202     0.765913  * best
    25     0.610711     0.471605     0.738386  * best
    26     0.573646     0.474763     0.745027  
    27     1.175989     0.552336     0.746723  
    28     0.809096     0.586567     0.805379  
    29     0.646944     0.531992     0.753694  
    30     0.617501     0.448008     0.862950  
    31     0.614024     0.478922     0.783375  
    32     0.571105     0.425143     0.831268  
    33     0.590593     0.425169     0.810376  
    34     0.546287     0.474806     0.761248  
    35     0.541444     0.393964     0.823365  
    36     0.530170     0.407026     0.788770  
    37     0.534834     0.495898     0.759573  
    38     0.608416     0.386280     0.795515  
    39     0.552783     0.423276     0.770826  
    40     0.505454     0.332788     0.861120  
    41     0.494897     0.389116     0.776748  
    42     0.484029     0.334623     0.880273  
    43     0.490340     0.324973     1.040599  
    44     0.531721     0.347759     0.774684  
    45     0.482589     0.307478     0.915841  
    46     0.479935     0.319265     0.785542  
    47     0.581508     0.435490     0.887817  
    48     0.728654     0.451182     0.790572  
    49     0.548214     0.383208     0.843618  
    50     0.537691     0.371250     0.846388  
    51     0.539052     0.372099     0.860288  
    52     0.537470     0.330858     0.873747  
    53     0.522305     0.330242     0.916315  
    54     0.521923     0.474526     0.810584  
    55     0.571166     0.366314     0.871875  
    56     0.542371     0.373308     0.841253  
    57     0.522282     0.389271     0.848439  
    58     0.524790     0.350020     0.880638  
    59     0.529745     0.358924     0.809463  
    60     0.529378     0.358259     0.844787  
    61     0.526168     0.340628     0.846326  
    62     0.517360     0.353288     0.761981  
    63     0.532368     0.360111     0.755002  
    64     0.512371     0.369678     0.813649  
    65     0.497803     0.309474     0.818857  
# stopped at epoch 65: no improvement for 40 epochs
# restored epoch 25 (val MSE 0.738386)
# Spearman  train +0.8110  val +0.2180  test +0.1128
