# mlp_seq+boltz+node+energy+edge seed 2
# perceptron on seq+boltz+node+energy+edge
# inputs [(28807,)], 3,691,585 parameters
# Linear(n_in,128) -> GELU -> Dropout(0.3) -> Linear(128,32) -> GELU -> Dropout(0.3) -> Linear(32,1)
# Adam lr=0.001 weight_decay=0.0001 batch=32 dropout=0.3
# loss = MSE on standardised log10 half-life
# early stopping on validation loss, patience 40, max 300 epochs
#
 epoch  train_batch        train          val  note
     1     7.077875    73.785095     0.804141  * best
     2    71.170211    14.042541     0.858897  
     3    23.238368    11.041612     0.871612  
     4    33.193058     7.001145     0.818828  
     5     7.754123     2.764522     0.780969  * best
     6     1.219432     1.896544     0.762770  * best
     7     0.751309     1.643653     0.746981  * best
     8     6.788315     1.178322     0.815084  
     9     1.128090     0.690428     0.785898  
    10     0.754224     0.572915     0.779175  
    11     0.689770     0.502526     0.758671  
    12     0.651956     0.495612     0.750437  
    13     0.624510     0.446418     0.724317  * best
    14     0.587956     0.422141     0.725795  
    15     0.553854     0.384351     0.711167  * best
    16     0.539946     0.367178     0.672713  * best
    17     0.527206     0.321181     0.679749  
    18     0.495965     0.319042     0.675580  
    19     0.482374     0.315076     0.670901  * best
    20     0.483210     0.281399     0.646795  * best
    21     0.452278     0.274295     0.646849  
    22     0.456642     0.298012     0.627221  * best
    23     0.437744     0.300582     0.617762  * best
    24     0.435893     0.278030     0.656413  
    25     0.422411     0.261573     0.635952  
    26     0.417389     0.269134     0.615069  * best
    27     0.410360     0.241514     0.642226  
    28     0.398774     0.238356     0.633052  
    29     0.396887     0.266651     0.607763  * best
    30     0.419173     0.305117     0.632768  
    31     0.516342     0.282274     0.645437  
    32     0.445250     0.250187     0.628424  
    33     0.424789     0.228104     0.625005  
    34     0.453864     0.292663     0.630946  
    35     0.450756     0.255214     0.664154  
    36     0.863167     0.316869     0.616852  
    37     0.441486     0.272860     0.648849  
    38     0.440984     0.233354     0.625015  
    39     0.441528     0.287703     0.642984  
    40     0.407580     0.239047     0.603311  * best
    41     0.387204     0.203667     0.600747  * best
    42     0.386602     0.216686     0.625522  
    43     0.391949     0.236298     0.612955  
    44     0.379563     0.255313     0.621624  
    45     0.447758     0.261699     0.619510  
    46     0.469070     0.240576     0.629769  
    47     0.640759     0.535523     0.626870  
    48     0.558961     0.296284     0.612592  
    49     0.525733     0.365447     0.646037  
    50     0.453606     0.285541     0.663060  
    51     0.420460     0.242933     0.599256  * best
    52     0.637715     0.305950     0.584815  * best
    53     0.430063     0.249277     0.609201  
    54     0.383620     0.211875     0.662525  
    55     0.405314     0.265598     0.623415  
    56     0.401711     0.255938     0.594630  
    57     0.391446     0.213677     0.627143  
    58     0.381237     0.234558     0.588615  
    59     0.386076     0.215851     0.590685  
    60     0.373070     0.240307     0.611933  
    61     0.383245     0.267721     0.614488  
    62     0.382941     0.203414     0.723815  
    63     0.370910     0.208439     0.645841  
    64     0.379471     0.229335     0.679495  
    65     0.544956     0.436180     0.670520  
    66     0.506465     0.362264     0.601187  
    67     0.481843     0.390552     0.617350  
    68     0.523891     0.337276     0.633747  
    69     0.483347     0.259859     0.597895  
    70     0.429957     0.245127     0.649874  
    71     0.510510     0.279250     0.622660  
    72     0.499021     0.287147     0.592056  
    73     0.727675     0.569809     0.620639  
    74     0.680931     0.485018     0.645654  
    75     0.633979     0.361421     0.611638  
    76     0.532354     0.307090     0.578640  * best
    77     0.654488     0.488710     0.647857  
    78     0.549099     0.328156     0.634366  
    79     0.517032     0.338351     0.606968  
    80     0.506322     0.344189     0.606440  
    81     0.508710     0.322089     0.594450  
    82     0.510365     0.276915     0.615695  
    83     0.504547     0.341299     0.619124  
    84     0.503536     0.323173     0.587595  
    85     0.466647     0.269585     0.667286  
    86     0.455189     0.251785     0.600548  
    87     0.439707     0.268157     0.625413  
    88     0.453348     0.237914     0.644012  
    89     0.447794     0.224512     0.629189  
    90     0.439161     0.235804     0.598403  
    91     0.436009     0.234730     0.617623  
    92     0.552332     0.435701     0.616415  
    93     0.555988     0.521585     0.843575  
    94     0.617448     0.406693     0.639743  
    95     0.528276     0.356921     0.670868  
    96     0.507425     0.246974     0.659708  
    97     0.437898     0.282077     0.621546  
    98     0.440383     0.378047     0.644885  
    99     0.445470     0.258575     0.625866  
   100     0.444170     0.232706     0.651131  
   101     0.430705     0.236911     0.595760  
   102     0.444894     0.247564     0.611749  
   103     0.462934     0.252924     0.612384  
   104     0.735510     0.487437     0.669406  
   105     0.620218     0.410033     0.659283  
   106     0.577893     0.324874     0.617706  
   107     0.484851     0.263725     0.605214  
   108     0.478214     0.354977     0.658936  
   109     0.429494     0.256809     0.612150  
   110     0.400350     0.247319     0.614641  
   111     0.424159     0.257414     0.587789  
   112     0.407815     0.289599     0.607772  
   113     0.397271     0.219552     0.615076  
   114     0.392290     0.227576     0.625192  
   115     0.392792     0.226612     0.603504  
   116     0.396019     0.205913     0.571978  * best
   117     0.391633     0.208323     0.619643  
   118     0.460461     0.223638     0.617266  
   119     0.395403     0.227047     0.629604  
   120     0.381980     0.227552     0.608465  
   121     0.390177     0.218488     0.593667  
   122     0.357250     0.200934     0.675518  
   123     0.348992     0.209777     0.612086  
   124     0.354364     0.181186     0.633164  
   125     0.344372     0.212942     0.711119  
   126     0.421857     0.231680     0.629610  
   127     0.370579     0.206886     0.629272  
   128     0.336678     0.190930     0.584099  
   129     0.340297     0.170131     0.685153  
   130     0.468673     0.220398     0.636991  
   131     0.444154     0.240305     0.596617  
   132     0.403622     0.227856     0.585875  
   133     0.382245     0.267377     0.600438  
   134     0.373473     0.245093     0.633487  
   135     0.455265     0.276726     0.621497  
   136     0.416652     0.248817     0.583665  
   137     0.422580     0.222647     0.631009  
   138     0.420433     0.240645     0.641450  
   139     0.403772     0.235326     0.649968  
   140     0.391754     0.253607     0.634260  
   141     0.407020     0.231221     0.638550  
   142     0.411470     0.226475     0.683493  
   143     0.375593     0.204388     0.624234  
   144     0.379969     0.209743     0.624493  
   145     0.372931     0.210569     0.669187  
   146     0.370498     0.227105     0.614802  
   147     0.365522     0.233397     0.621301  
   148     0.362531     0.218493     0.615636  
   149     0.536095     0.335446     0.612498  
   150     0.470845     0.231687     0.604588  
   151     0.416780     0.213415     0.596303  
   152     0.475427     0.322271     0.598546  
   153     0.412149     0.228471     0.628393  
   154     0.402779     0.218703     0.629484  
   155     0.367558     0.212269     0.619155  
   156     0.373449     0.198764     0.609154  
# stopped at epoch 156: no improvement for 40 epochs
# restored epoch 116 (val MSE 0.571978)
# Spearman  train +0.9130  val +0.4655  test +0.4382
