# mlp_seq+boltz+node+edge seed 1
# perceptron on seq+boltz+node+edge
# inputs [(28377,)], 3,636,545 parameters
# Linear(n_in,128) -> GELU -> Dropout(0.3) -> Linear(128,32) -> GELU -> Dropout(0.3) -> Linear(32,1)
# Adam lr=0.001 weight_decay=0.0001 batch=32 dropout=0.3
# loss = MSE on standardised log10 half-life
# early stopping on validation loss, patience 40, max 300 epochs
#
 epoch  train_batch        train          val  note
     1   103.819890   105.540833     0.945566  * best
     2    74.734984    22.043503     1.652531  
     3    94.237770    18.056553     0.767307  * best
     4    11.463358    70.090912     0.767984  
     5    48.126508    32.551025     0.786827  
     6   226.743047    10.346479     0.770585  
     7    12.566898     3.687748     0.779920  
     8     5.985809     1.241670     0.772256  
     9     1.200092     0.746728     0.747453  * best
    10     4.724672     0.690778     0.730217  * best
    11     0.811663     0.646468     0.729316  * best
    12     1.247127     0.616357     0.716979  * best
    13     2.162760     0.657224     0.702546  * best
    14     0.738534     0.607831     0.705187  
    15     0.716833     0.567184     0.687532  * best
    16     0.688888     0.536678     0.675115  * best
    17     0.657811     0.485082     0.662600  * best
    18     0.657316     0.534957     0.667072  
    19     0.607561     0.449995     0.659159  * best
    20     0.589952     0.417690     0.661398  
    21     0.608016     0.424157     0.663838  
    22     0.544992     0.392394     0.643651  * best
    23     0.538833     0.393317     0.648493  
    24     0.511560     0.349184     0.658033  
    25     0.494190     0.349878     0.654162  
    26     0.487459     0.343386     0.660822  
    27     0.478583     0.295507     0.647361  
    28     0.452425     0.285358     0.643087  * best
    29     0.438813     0.311373     0.639204  * best
    30     0.425685     0.270011     0.629926  * best
    31     0.421080     0.267418     0.614855  * best
    32     0.476758     0.310325     0.646220  
    33     0.418144     0.260596     0.634500  
    34     0.423859     0.261785     0.622845  
    35     0.395997     0.296568     0.619354  
    36     0.374317     0.238702     0.630266  
    37     0.393426     0.240009     0.618615  
    38     0.390130     0.237217     0.662461  
    39     0.366146     0.224803     0.613532  * best
    40     0.353149     0.200708     0.614215  
    41     0.351605     0.251343     0.614113  
    42     0.459785     0.269148     0.637497  
    43     0.499672     0.283209     0.628037  
    44     0.434348     0.260016     0.609414  * best
    45     0.419220     0.221076     0.620997  
    46     0.416793     0.247968     0.593227  * best
    47     0.430969     0.807184     0.968266  
    48     0.479059     0.255276     0.611926  
    49     0.392904     0.278513     0.588764  * best
    50     0.404005     0.268921     0.601694  
    51     0.506543     0.244935     0.612311  
    52     0.411111     0.234561     0.607302  
    53     0.418313     0.208504     0.667882  
    54     0.411514     0.271615     0.621924  
    55     0.629338     0.454245     0.648042  
    56     0.577538     0.417330     0.640270  
    57     0.539523     0.341546     0.636309  
    58     0.520300     0.320097     0.612770  
    59     0.508701     0.317161     0.639489  
    60     0.508209     0.308470     0.630925  
    61     0.517897     0.354102     0.642425  
    62     0.502479     0.341628     0.640772  
    63     0.488193     0.302394     0.658383  
    64     0.486514     0.271865     0.645769  
    65     0.479338     0.351214     0.628145  
    66     0.609155     0.461777     0.669047  
    67     0.552880     0.324325     0.595087  
    68     0.537382     0.296963     0.605015  
    69     0.511491     0.309427     0.590156  
    70     0.509911     0.318123     0.622755  
    71     0.499401     0.296039     0.594932  
    72     0.512371     0.284187     0.625299  
    73     0.505563     0.284588     0.582099  * best
    74     0.562797     0.306677     0.586379  
    75     0.494911     0.386365     0.602192  
    76     0.505177     0.358841     0.639689  
    77     1.033311     0.515860     0.675647  
    78     0.687404     0.497434     0.657065  
    79     0.642399     0.514742     0.634511  
    80     0.638050     0.429881     0.623163  
    81     0.585939     0.396638     0.634087  
    82     0.556275     0.380682     0.648235  
    83     0.531440     0.362189     0.621973  
    84     0.488553     0.256313     0.654914  
    85     0.523254     0.311243     0.597848  
    86     0.485963     0.271394     0.663152  
    87     0.437639     0.280451     0.630786  
    88     0.426291     0.279209     0.609634  
    89     0.418880     0.261008     0.625212  
    90     0.412003     0.271987     0.617758  
    91     0.407745     0.241483     0.629108  
    92     0.467287     0.245490     0.609902  
    93     0.416786     0.231043     0.631196  
    94     0.423653     0.234806     0.653506  
    95     0.430968     0.286846     0.659062  
    96     0.413188     0.283374     0.662175  
    97     0.394010     0.230085     0.588996  
    98     0.399191     0.238754     0.632184  
    99     0.391914     0.251901     0.631008  
   100     0.387938     0.253569     0.628715  
   101     0.413007     0.213589     0.646627  
   102     0.656338     0.289551     0.637548  
   103     0.651699     0.532932     0.689131  
   104     0.623206     0.419548     0.632053  
   105     0.526087     0.367425     0.611422  
   106     0.501351     0.354174     0.630995  
   107     0.478857     0.376850     0.648248  
   108     0.474738     0.307952     0.633515  
   109     0.543183     0.321704     0.649367  
   110     0.471738     0.299245     0.620237  
   111     0.468646     0.283606     0.648058  
   112     0.458004     0.307546     0.641020  
   113     0.456186     0.283524     0.619112  
# stopped at epoch 113: no improvement for 40 epochs
# restored epoch 73 (val MSE 0.582099)
# Spearman  train +0.9002  val +0.4383  test +0.5101
