# gbm_boltz+edge seed 0
# boosted trees on boltz+edge
# inputs 15997, 2,017 trees
# LightGBM gradient-boosted trees, objective l2, lr 0.05, num_leaves 31, min_data_in_leaf 20, feature_fraction 0.3, bagging 0.8, lambda_l2 1.0, up to 3000 rounds, early stopping 100 on validation l2
# loss = l2 on standardised log10 half-life
#
 round        train          val  note
     1     0.963719     0.975152  
     2     0.930589     0.945479  
     3     0.898906     0.917052  
     4     0.869237     0.889949  
     5     0.841872     0.866264  
     6     0.815747     0.843590  
     7     0.791949     0.822739  
     8     0.770349     0.804521  
     9     0.749894     0.786933  
    10     0.730406     0.770361  
    11     0.712658     0.755350  
    12     0.694754     0.739961  
    13     0.678247     0.727085  
    14     0.662172     0.713823  
    15     0.647606     0.700719  
    16     0.634170     0.689214  
    17     0.621498     0.678967  
    18     0.609321     0.668398  
    19     0.597347     0.658692  
    20     0.586309     0.649690  
    21     0.575058     0.640990  
    22     0.565293     0.633495  
    23     0.555175     0.625745  
    24     0.546023     0.618600  
    25     0.537168     0.611315  
    26     0.528753     0.604992  
    27     0.520834     0.599484  
    28     0.513015     0.594158  
    29     0.506009     0.589547  
    30     0.498793     0.584831  
    31     0.492056     0.580662  
    32     0.485312     0.576638  
    33     0.478924     0.572049  
    34     0.473039     0.568100  
    35     0.467024     0.564241  
    36     0.461169     0.560282  
    37     0.455601     0.556693  
    38     0.450152     0.552631  
    39     0.445062     0.549387  
    40     0.439393     0.546354  
    41     0.434585     0.544065  
    42     0.429429     0.540585  
    43     0.424771     0.538154  
    44     0.420002     0.535528  
    45     0.415078     0.531994  
    46     0.410904     0.529830  
    47     0.406958     0.527624  
    48     0.402890     0.525602  
    49     0.398975     0.523512  
    50     0.394835     0.521032  
    51     0.390909     0.518311  
    52     0.387517     0.516629  
    53     0.383530     0.513957  
    54     0.379885     0.511445  
    55     0.376244     0.509026  
    56     0.372648     0.507197  
    57     0.369478     0.505841  
    58     0.366164     0.504496  
    59     0.363088     0.503218  
    60     0.360038     0.502165  
    61     0.356906     0.500721  
    62     0.353618     0.498662  
    63     0.350579     0.497210  
    64     0.347351     0.495667  
    65     0.344259     0.493898  
    66     0.341593     0.492592  
    67     0.338661     0.490882  
    68     0.335757     0.489016  
    69     0.333078     0.487619  
    70     0.330229     0.486274  
    71     0.327415     0.485161  
    72     0.324840     0.484004  
    73     0.322180     0.482705  
    74     0.319664     0.481641  
    75     0.317090     0.480670  
    76     0.314379     0.479081  
    77     0.311899     0.477746  
    78     0.309394     0.476961  
    79     0.306983     0.476065  
    80     0.304675     0.474776  
    81     0.302288     0.473245  
    82     0.300067     0.472429  
    83     0.297596     0.471105  
    84     0.295167     0.469698  
    85     0.292907     0.468598  
    86     0.290585     0.468223  
    87     0.288495     0.467105  
    88     0.286394     0.466377  
    89     0.284316     0.465830  
    90     0.282158     0.464363  
    91     0.279966     0.463641  
    92     0.277898     0.462821  
    93     0.275843     0.461657  
    94     0.273910     0.461019  
    95     0.272082     0.460454  
    96     0.270165     0.459622  
    97     0.268197     0.458811  
    98     0.266498     0.458588  
    99     0.264606     0.457666  
   100     0.262693     0.457520  
   101     0.260850     0.456804  
   102     0.259003     0.456553  
   103     0.257054     0.456100  
   104     0.255302     0.455723  
   105     0.253557     0.454741  
   106     0.251777     0.453751  
   107     0.249994     0.453089  
   108     0.248201     0.452331  
   109     0.246560     0.451664  
   110     0.245053     0.450974  
   111     0.243498     0.450646  
   112     0.241856     0.450239  
   113     0.240184     0.449499  
   114     0.238553     0.448951  
   115     0.236983     0.448504  
   116     0.235446     0.448061  
   117     0.233889     0.447570  
   118     0.232338     0.447431  
   119     0.230846     0.447156  
   120     0.229322     0.446382  
   121     0.227810     0.445640  
   122     0.226262     0.445111  
   123     0.224936     0.444844  
   124     0.223468     0.444379  
   125     0.222095     0.444246  
   126     0.220506     0.443804  
   127     0.219077     0.443413  
   128     0.217771     0.442899  
   129     0.216421     0.442509  
   130     0.215057     0.442140  
   131     0.213639     0.441770  
   132     0.212342     0.441614  
   133     0.210990     0.441262  
   134     0.209613     0.440635  
   135     0.208373     0.440207  
   136     0.207033     0.439723  
   137     0.205697     0.439142  
   138     0.204485     0.438740  
   139     0.203260     0.437853  
   140     0.202041     0.437425  
   141     0.200757     0.437097  
   142     0.199576     0.436369  
   143     0.198361     0.436083  
   144     0.197214     0.435781  
   145     0.195991     0.435510  
   146     0.194809     0.435154  
   147     0.193634     0.434600  
   148     0.192451     0.434377  
   149     0.191329     0.434284  
   150     0.190071     0.433992  
   151     0.188929     0.433538  
   152     0.187784     0.432965  
   153     0.186598     0.432168  
   154     0.185384     0.431723  
   155     0.184252     0.431484  
   156     0.183184     0.431263  
   157     0.182131     0.431231  
   158     0.181040     0.430499  
   159     0.179969     0.430012  
   160     0.178888     0.429682  
   161     0.177822     0.429426  
   162     0.176802     0.429238  
   163     0.175785     0.428819  
   164     0.174737     0.428320  
   165     0.173728     0.428097  
   166     0.172776     0.427956  
   167     0.171679     0.427574  
   168     0.170671     0.427693  
   169     0.169719     0.427316  
   170     0.168725     0.426986  
   171     0.167724     0.426641  
   172     0.166678     0.426545  
   173     0.165799     0.426284  
   174     0.164782     0.425811  
   175     0.163821     0.425519  
   176     0.162805     0.424763  
   177     0.161835     0.424452  
   178     0.160874     0.424375  
   179     0.159949     0.424358  
   180     0.159059     0.424161  
   181     0.158212     0.424106  
   182     0.157281     0.423608  
   183     0.156375     0.423347  
   184     0.155454     0.423062  
   185     0.154610     0.423009  
   186     0.153725     0.422779  
   187     0.152840     0.422510  
   188     0.151990     0.422077  
   189     0.151125     0.421772  
   190     0.150311     0.421552  
   191     0.149461     0.421675  
   192     0.148647     0.421457  
   193     0.147837     0.421359  
   194     0.146980     0.420930  
   195     0.146157     0.420511  
   196     0.145358     0.420261  
   197     0.144567     0.420085  
   198     0.143784     0.419866  
   199     0.142988     0.419477  
   200     0.142245     0.419490  
   201     0.141500     0.419115  
   202     0.140702     0.418813  
   203     0.139911     0.418416  
   204     0.139093     0.418504  
   205     0.138319     0.418408  
   206     0.137523     0.418295  
   207     0.136757     0.417880  
   208     0.136006     0.417904  
   209     0.135212     0.417618  
   210     0.134412     0.417623  
   211     0.133620     0.417410  
   212     0.132844     0.417231  
   213     0.132131     0.417148  
   214     0.131482     0.417032  
   215     0.130774     0.416984  
   216     0.130047     0.416795  
   217     0.129290     0.416614  
   218     0.128610     0.416351  
   219     0.127911     0.415880  
   220     0.127187     0.415673  
   221     0.126480     0.415474  
   222     0.125804     0.415292  
   223     0.125099     0.415248  
   224     0.124365     0.415267  
   225     0.123703     0.414968  
   226     0.123018     0.414764  
   227     0.122381     0.414568  
   228     0.121726     0.414369  
   229     0.121114     0.414124  
   230     0.120446     0.413939  
   231     0.119784     0.413610  
   232     0.119158     0.413528  
   233     0.118516     0.413289  
   234     0.117883     0.413065  
   235     0.117253     0.413081  
   236     0.116634     0.412900  
   237     0.115969     0.412647  
   238     0.115323     0.412304  
   239     0.114777     0.412199  
   240     0.114159     0.412197  
   241     0.113583     0.412055  
   242     0.112991     0.412044  
   243     0.112382     0.412103  
   244     0.111800     0.412030  
   245     0.111193     0.411809  
   246     0.110642     0.411737  
   247     0.110081     0.411604  
   248     0.109500     0.411411  
   249     0.108921     0.411175  
   250     0.108384     0.411223  
   251     0.107834     0.411117  
   252     0.107278     0.411140  
   253     0.106735     0.410885  
   254     0.106175     0.410606  
   255     0.105582     0.410728  
   256     0.105038     0.410565  
   257     0.104532     0.410491  
   258     0.103930     0.410472  
   259     0.103415     0.410069  
   260     0.102821     0.409774  
   261     0.102248     0.409485  
   262     0.101707     0.409350  
   263     0.101173     0.409202  
   264     0.100708     0.409136  
   265     0.100175     0.409055  
   266     0.099624     0.408787  
   267     0.099098     0.408849  
   268     0.098572     0.408613  
   269     0.098006     0.408381  
   270     0.097459     0.408086  
   271     0.096941     0.407921  
   272     0.096455     0.407887  
   273     0.095930     0.407978  
   274     0.095415     0.407948  
   275     0.094882     0.407729  
   276     0.094432     0.407626  
   277     0.093952     0.407576  
   278     0.093503     0.407581  
   279     0.093034     0.407641  
   280     0.092579     0.407690  
   281     0.092108     0.407565  
   282     0.091601     0.407617  
   283     0.091115     0.407527  
   284     0.090648     0.407507  
   285     0.090221     0.407501  
   286     0.089764     0.407354  
   287     0.089294     0.407191  
   288     0.088825     0.407129  
   289     0.088372     0.406970  
   290     0.087902     0.406656  
   291     0.087445     0.406659  
   292     0.087015     0.406423  
   293     0.086612     0.406265  
   294     0.086189     0.406182  
   295     0.085755     0.406037  
   296     0.085314     0.406173  
   297     0.084883     0.405978  
   298     0.084455     0.405834  
   299     0.083987     0.405896  
   300     0.083572     0.405912  
   301     0.083165     0.405828  
   302     0.082742     0.405738  
   303     0.082326     0.405643  
   304     0.081856     0.405505  
   305     0.081433     0.405444  
   306     0.081022     0.405292  
   307     0.080599     0.405247  
   308     0.080207     0.405181  
   309     0.079800     0.405110  
   310     0.079377     0.405041  
   311     0.078952     0.405034  
   312     0.078577     0.405072  
   313     0.078186     0.404823  
   314     0.077816     0.404847  
   315     0.077448     0.404821  
   316     0.077056     0.404811  
   317     0.076658     0.404601  
   318     0.076284     0.404460  
   319     0.075889     0.404378  
   320     0.075490     0.404259  
   321     0.075114     0.404280  
   322     0.074758     0.404215  
   323     0.074410     0.404312  
   324     0.074029     0.404317  
   325     0.073673     0.404233  
   326     0.073337     0.404009  
   327     0.072967     0.403994  
   328     0.072619     0.403953  
   329     0.072279     0.403814  
   330     0.071892     0.403911  
   331     0.071534     0.403817  
   332     0.071165     0.403782  
   333     0.070809     0.403601  
   334     0.070476     0.403655  
   335     0.070159     0.403588  
   336     0.069794     0.403343  
   337     0.069425     0.403368  
   338     0.069105     0.403246  
   339     0.068751     0.403370  
   340     0.068424     0.403252  
   341     0.068086     0.403100  
   342     0.067759     0.403162  
   343     0.067439     0.403151  
   344     0.067099     0.402913  
   345     0.066774     0.402915  
   346     0.066472     0.402795  
   347     0.066163     0.402744  
   348     0.065855     0.402687  
   349     0.065519     0.402594  
   350     0.065207     0.402499  
   351     0.064903     0.402442  
   352     0.064605     0.402314  
   353     0.064288     0.402383  
   354     0.063981     0.402188  
   355     0.063715     0.402369  
   356     0.063401     0.402418  
   357     0.063115     0.401935  
   358     0.062822     0.401906  
   359     0.062546     0.401760  
   360     0.062268     0.401642  
   361     0.061968     0.401473  
   362     0.061666     0.401271  
   363     0.061376     0.401267  
   364     0.061090     0.401331  
   365     0.060808     0.401337  
   366     0.060499     0.401160  
   367     0.060217     0.401031  
   368     0.059935     0.401013  
   369     0.059651     0.401001  
   370     0.059357     0.400919  
   371     0.059074     0.400856  
   372     0.058797     0.400888  
   373     0.058519     0.400829  
   374     0.058225     0.400871  
   375     0.057930     0.400681  
   376     0.057653     0.400695  
   377     0.057359     0.400757  
   378     0.057099     0.400717  
   379     0.056828     0.400615  
   380     0.056581     0.400613  
   381     0.056310     0.400666  
   382     0.056041     0.400768  
   383     0.055759     0.400799  
   384     0.055489     0.400784  
   385     0.055230     0.400691  
   386     0.054936     0.400549  
   387     0.054686     0.400478  
   388     0.054422     0.400439  
   389     0.054168     0.400100  
   390     0.053903     0.400079  
   391     0.053654     0.400018  
   392     0.053394     0.399988  
   393     0.053124     0.399758  
   394     0.052886     0.399800  
   395     0.052641     0.399667  
   396     0.052365     0.399464  
   397     0.052117     0.399396  
   398     0.051850     0.399377  
   399     0.051633     0.399368  
   400     0.051383     0.399257  
   401     0.051133     0.399217  
   402     0.050910     0.399271  
   403     0.050685     0.399290  
   404     0.050461     0.399284  
   405     0.050231     0.399272  
   406     0.049995     0.399285  
   407     0.049765     0.399209  
   408     0.049552     0.399098  
   409     0.049334     0.399028  
   410     0.049134     0.399026  
   411     0.048894     0.398881  
   412     0.048651     0.398759  
   413     0.048421     0.398793  
   414     0.048192     0.398775  
   415     0.047948     0.398747  
   416     0.047725     0.398707  
   417     0.047488     0.398638  
   418     0.047274     0.398653  
   419     0.047058     0.398696  
   420     0.046850     0.398700  
   421     0.046624     0.398443  
   422     0.046419     0.398405  
   423     0.046212     0.398327  
   424     0.046008     0.398277  
   425     0.045792     0.398337  
   426     0.045564     0.398363  
   427     0.045357     0.398314  
   428     0.045151     0.398252  
   429     0.044963     0.398061  
   430     0.044741     0.398029  
   431     0.044533     0.398082  
   432     0.044331     0.397956  
   433     0.044123     0.398005  
   434     0.043918     0.398003  
   435     0.043714     0.398059  
   436     0.043509     0.397970  
   437     0.043320     0.398012  
   438     0.043138     0.398068  
   439     0.042929     0.398072  
   440     0.042723     0.397966  
   441     0.042510     0.397879  
   442     0.042328     0.397783  
   443     0.042142     0.397624  
   444     0.041955     0.397636  
   445     0.041760     0.397567  
   446     0.041584     0.397539  
   447     0.041397     0.397346  
   448     0.041205     0.397270  
   449     0.041030     0.397084  
   450     0.040835     0.397124  
   451     0.040658     0.397117  
   452     0.040465     0.397063  
   453     0.040263     0.396929  
   454     0.040072     0.396963  
   455     0.039885     0.396807  
   456     0.039711     0.396815  
   457     0.039527     0.396743  
   458     0.039344     0.396702  
   459     0.039164     0.396722  
   460     0.038989     0.396594  
   461     0.038815     0.396617  
   462     0.038636     0.396504  
   463     0.038446     0.396614  
   464     0.038282     0.396490  
   465     0.038095     0.396411  
   466     0.037918     0.396428  
   467     0.037737     0.396367  
   468     0.037545     0.396380  
   469     0.037374     0.396321  
   470     0.037192     0.396361  
   471     0.037019     0.396316  
   472     0.036852     0.396231  
   473     0.036694     0.396110  
   474     0.036526     0.396156  
   475     0.036358     0.396097  
   476     0.036175     0.396136  
   477     0.036029     0.396121  
   478     0.035860     0.396044  
   479     0.035711     0.395985  
   480     0.035555     0.395947  
   481     0.035396     0.395817  
   482     0.035235     0.395781  
   483     0.035069     0.395734  
   484     0.034909     0.395662  
   485     0.034733     0.395554  
   486     0.034581     0.395553  
   487     0.034418     0.395467  
   488     0.034251     0.395550  
   489     0.034107     0.395511  
   490     0.033975     0.395448  
   491     0.033822     0.395382  
   492     0.033666     0.395229  
   493     0.033520     0.395066  
   494     0.033354     0.395122  
   495     0.033213     0.395113  
   496     0.033054     0.395080  
   497     0.032909     0.395061  
   498     0.032755     0.395001  
   499     0.032599     0.395071  
   500     0.032454     0.395109  
   501     0.032307     0.395083  
   502     0.032169     0.395141  
   503     0.032020     0.395024  
   504     0.031881     0.395095  
   505     0.031738     0.394997  
   506     0.031589     0.394978  
   507     0.031442     0.394906  
   508     0.031293     0.394853  
   509     0.031163     0.394777  
   510     0.031016     0.394736  
   511     0.030901     0.394797  
   512     0.030765     0.394656  
   513     0.030628     0.394746  
   514     0.030497     0.394666  
   515     0.030378     0.394610  
   516     0.030244     0.394660  
   517     0.030100     0.394623  
   518     0.029957     0.394670  
   519     0.029833     0.394740  
   520     0.029689     0.394701  
   521     0.029559     0.394596  
   522     0.029431     0.394567  
   523     0.029298     0.394580  
   524     0.029156     0.394528  
   525     0.029025     0.394624  
   526     0.028903     0.394665  
   527     0.028774     0.394627  
   528     0.028645     0.394624  
   529     0.028522     0.394650  
   530     0.028399     0.394600  
   531     0.028278     0.394469  
   532     0.028147     0.394431  
   533     0.028015     0.394293  
   534     0.027894     0.394205  
   535     0.027757     0.394144  
   536     0.027634     0.394148  
   537     0.027501     0.394198  
   538     0.027372     0.394190  
   539     0.027242     0.394189  
   540     0.027123     0.394162  
   541     0.027001     0.394062  
   542     0.026866     0.394072  
   543     0.026735     0.394022  
   544     0.026616     0.394033  
   545     0.026507     0.393947  
   546     0.026387     0.393923  
   547     0.026268     0.393942  
   548     0.026138     0.393947  
   549     0.026026     0.393925  
   550     0.025907     0.393968  
   551     0.025789     0.393902  
   552     0.025680     0.393951  
   553     0.025574     0.393913  
   554     0.025450     0.393933  
   555     0.025346     0.393949  
   556     0.025241     0.393969  
   557     0.025136     0.393929  
   558     0.025023     0.393793  
   559     0.024916     0.393737  
   560     0.024809     0.393588  
   561     0.024686     0.393559  
   562     0.024566     0.393572  
   563     0.024465     0.393564  
   564     0.024362     0.393554  
   565     0.024255     0.393459  
   566     0.024162     0.393347  
   567     0.024061     0.393418  
   568     0.023943     0.393344  
   569     0.023852     0.393329  
   570     0.023749     0.393323  
   571     0.023649     0.393349  
   572     0.023552     0.393283  
   573     0.023456     0.393227  
   574     0.023349     0.393229  
   575     0.023246     0.393237  
   576     0.023144     0.393174  
   577     0.023038     0.393027  
   578     0.022928     0.393106  
   579     0.022836     0.393094  
   580     0.022740     0.392950  
   581     0.022650     0.392975  
   582     0.022542     0.392899  
   583     0.022445     0.392908  
   584     0.022339     0.392847  
   585     0.022234     0.392920  
   586     0.022137     0.392909  
   587     0.022043     0.392946  
   588     0.021943     0.392913  
   589     0.021848     0.392949  
   590     0.021749     0.392990  
   591     0.021656     0.393035  
   592     0.021551     0.392993  
   593     0.021460     0.392878  
   594     0.021363     0.392776  
   595     0.021270     0.392748  
   596     0.021174     0.392745  
   597     0.021087     0.392732  
   598     0.020988     0.392780  
   599     0.020893     0.392788  
   600     0.020792     0.392728  
   601     0.020704     0.392709  
   602     0.020610     0.392626  
   603     0.020518     0.392676  
   604     0.020426     0.392657  
   605     0.020337     0.392655  
   606     0.020243     0.392652  
   607     0.020155     0.392669  
   608     0.020069     0.392673  
   609     0.019976     0.392686  
   610     0.019895     0.392643  
   611     0.019798     0.392633  
   612     0.019711     0.392604  
   613     0.019627     0.392541  
   614     0.019549     0.392523  
   615     0.019465     0.392564  
   616     0.019378     0.392513  
   617     0.019292     0.392548  
   618     0.019201     0.392493  
   619     0.019104     0.392494  
   620     0.019022     0.392434  
   621     0.018945     0.392447  
   622     0.018860     0.392440  
   623     0.018771     0.392457  
   624     0.018689     0.392390  
   625     0.018600     0.392434  
   626     0.018524     0.392458  
   627     0.018447     0.392375  
   628     0.018362     0.392330  
   629     0.018289     0.392336  
   630     0.018205     0.392378  
   631     0.018136     0.392378  
   632     0.018063     0.392440  
   633     0.017986     0.392391  
   634     0.017910     0.392376  
   635     0.017830     0.392297  
   636     0.017753     0.392259  
   637     0.017684     0.392324  
   638     0.017611     0.392290  
   639     0.017533     0.392239  
   640     0.017459     0.392210  
   641     0.017380     0.392250  
   642     0.017305     0.392174  
   643     0.017232     0.392146  
   644     0.017152     0.392117  
   645     0.017079     0.392112  
   646     0.017008     0.392062  
   647     0.016938     0.392101  
   648     0.016864     0.392076  
   649     0.016795     0.392015  
   650     0.016724     0.391974  
   651     0.016651     0.391987  
   652     0.016580     0.391969  
   653     0.016508     0.391961  
   654     0.016429     0.391893  
   655     0.016358     0.391866  
   656     0.016286     0.391857  
   657     0.016213     0.391838  
   658     0.016141     0.391847  
   659     0.016075     0.391853  
   660     0.016013     0.391814  
   661     0.015955     0.391742  
   662     0.015888     0.391703  
   663     0.015822     0.391763  
   664     0.015758     0.391733  
   665     0.015691     0.391679  
   666     0.015628     0.391693  
   667     0.015561     0.391667  
   668     0.015505     0.391659  
   669     0.015442     0.391628  
   670     0.015384     0.391572  
   671     0.015323     0.391574  
   672     0.015258     0.391639  
   673     0.015193     0.391681  
   674     0.015132     0.391714  
   675     0.015067     0.391706  
   676     0.014998     0.391778  
   677     0.014931     0.391786  
   678     0.014866     0.391762  
   679     0.014802     0.391717  
   680     0.014742     0.391673  
   681     0.014682     0.391622  
   682     0.014614     0.391658  
   683     0.014548     0.391656  
   684     0.014476     0.391661  
   685     0.014414     0.391670  
   686     0.014356     0.391680  
   687     0.014295     0.391698  
   688     0.014233     0.391718  
   689     0.014181     0.391765  
   690     0.014121     0.391731  
   691     0.014061     0.391656  
   692     0.014006     0.391649  
   693     0.013942     0.391668  
   694     0.013884     0.391635  
   695     0.013825     0.391579  
   696     0.013768     0.391588  
   697     0.013710     0.391549  
   698     0.013657     0.391488  
   699     0.013600     0.391485  
   700     0.013541     0.391500  
   701     0.013490     0.391536  
   702     0.013427     0.391550  
   703     0.013373     0.391599  
   704     0.013321     0.391617  
   705     0.013272     0.391601  
   706     0.013215     0.391553  
   707     0.013156     0.391543  
   708     0.013093     0.391534  
   709     0.013036     0.391575  
   710     0.012985     0.391569  
   711     0.012931     0.391585  
   712     0.012875     0.391532  
   713     0.012820     0.391570  
   714     0.012770     0.391548  
   715     0.012716     0.391529  
   716     0.012662     0.391484  
   717     0.012604     0.391460  
   718     0.012547     0.391437  
   719     0.012498     0.391472  
   720     0.012448     0.391402  
   721     0.012387     0.391392  
   722     0.012337     0.391369  
   723     0.012279     0.391357  
   724     0.012224     0.391316  
   725     0.012174     0.391265  
   726     0.012114     0.391269  
   727     0.012061     0.391246  
   728     0.012014     0.391224  
   729     0.011965     0.391152  
   730     0.011912     0.391153  
   731     0.011868     0.391177  
   732     0.011822     0.391157  
   733     0.011771     0.391130  
   734     0.011721     0.391179  
   735     0.011669     0.391238  
   736     0.011622     0.391243  
   737     0.011575     0.391290  
   738     0.011523     0.391302  
   739     0.011466     0.391274  
   740     0.011422     0.391192  
   741     0.011371     0.391138  
   742     0.011324     0.391092  
   743     0.011280     0.391068  
   744     0.011237     0.391051  
   745     0.011187     0.391004  
   746     0.011136     0.391000  
   747     0.011087     0.390954  
   748     0.011044     0.390925  
   749     0.010998     0.390887  
   750     0.010950     0.390926  
   751     0.010906     0.390936  
   752     0.010858     0.390909  
   753     0.010810     0.390929  
   754     0.010766     0.390863  
   755     0.010722     0.390813  
   756     0.010679     0.390871  
   757     0.010637     0.390845  
   758     0.010590     0.390805  
   759     0.010552     0.390781  
   760     0.010512     0.390769  
   761     0.010466     0.390737  
   762     0.010424     0.390759  
   763     0.010378     0.390725  
   764     0.010331     0.390731  
   765     0.010289     0.390693  
   766     0.010244     0.390696  
   767     0.010196     0.390680  
   768     0.010151     0.390613  
   769     0.010112     0.390616  
   770     0.010072     0.390577  
   771     0.010031     0.390597  
   772     0.009985     0.390644  
   773     0.009947     0.390640  
   774     0.009904     0.390647  
   775     0.009860     0.390645  
   776     0.009820     0.390685  
   777     0.009778     0.390637  
   778     0.009736     0.390672  
   779     0.009699     0.390660  
   780     0.009660     0.390631  
   781     0.009618     0.390648  
   782     0.009580     0.390653  
   783     0.009537     0.390662  
   784     0.009499     0.390689  
   785     0.009460     0.390659  
   786     0.009421     0.390663  
   787     0.009381     0.390687  
   788     0.009342     0.390746  
   789     0.009297     0.390670  
   790     0.009261     0.390686  
   791     0.009224     0.390681  
   792     0.009181     0.390609  
   793     0.009140     0.390570  
   794     0.009102     0.390518  
   795     0.009064     0.390483  
   796     0.009029     0.390474  
   797     0.008989     0.390435  
   798     0.008954     0.390418  
   799     0.008916     0.390416  
   800     0.008875     0.390415  
   801     0.008838     0.390385  
   802     0.008800     0.390403  
   803     0.008764     0.390431  
   804     0.008726     0.390392  
   805     0.008688     0.390348  
   806     0.008652     0.390359  
   807     0.008613     0.390342  
   808     0.008583     0.390373  
   809     0.008546     0.390402  
   810     0.008510     0.390414  
   811     0.008479     0.390423  
   812     0.008443     0.390422  
   813     0.008407     0.390428  
   814     0.008372     0.390371  
   815     0.008337     0.390346  
   816     0.008302     0.390364  
   817     0.008264     0.390379  
   818     0.008232     0.390389  
   819     0.008198     0.390351  
   820     0.008169     0.390366  
   821     0.008136     0.390309  
   822     0.008104     0.390285  
   823     0.008071     0.390346  
   824     0.008034     0.390389  
   825     0.008001     0.390400  
   826     0.007968     0.390400  
   827     0.007933     0.390374  
   828     0.007904     0.390349  
   829     0.007871     0.390291  
   830     0.007836     0.390332  
   831     0.007799     0.390283  
   832     0.007766     0.390260  
   833     0.007734     0.390293  
   834     0.007706     0.390247  
   835     0.007674     0.390183  
   836     0.007643     0.390200  
   837     0.007611     0.390171  
   838     0.007582     0.390148  
   839     0.007548     0.390167  
   840     0.007517     0.390139  
   841     0.007484     0.390161  
   842     0.007450     0.390141  
   843     0.007418     0.390127  
   844     0.007384     0.390114  
   845     0.007356     0.390075  
   846     0.007324     0.390085  
   847     0.007292     0.390070  
   848     0.007267     0.390049  
   849     0.007237     0.390010  
   850     0.007204     0.390027  
   851     0.007176     0.390049  
   852     0.007146     0.390070  
   853     0.007116     0.390027  
   854     0.007088     0.390042  
   855     0.007058     0.390012  
   856     0.007032     0.390012  
   857     0.007005     0.390003  
   858     0.006976     0.389968  
   859     0.006946     0.389941  
   860     0.006915     0.389962  
   861     0.006887     0.389958  
   862     0.006859     0.389982  
   863     0.006832     0.389980  
   864     0.006804     0.389914  
   865     0.006775     0.389929  
   866     0.006742     0.389877  
   867     0.006713     0.389819  
   868     0.006683     0.389816  
   869     0.006654     0.389874  
   870     0.006625     0.389895  
   871     0.006602     0.389896  
   872     0.006572     0.389903  
   873     0.006545     0.389918  
   874     0.006516     0.389903  
   875     0.006491     0.389918  
   876     0.006465     0.389900  
   877     0.006438     0.389950  
   878     0.006414     0.389968  
   879     0.006387     0.389981  
   880     0.006359     0.389973  
   881     0.006332     0.389961  
   882     0.006307     0.389965  
   883     0.006277     0.389971  
   884     0.006254     0.389968  
   885     0.006227     0.389901  
   886     0.006200     0.389877  
   887     0.006172     0.389884  
   888     0.006147     0.389922  
   889     0.006122     0.389935  
   890     0.006097     0.389947  
   891     0.006069     0.389982  
   892     0.006048     0.389932  
   893     0.006025     0.389931  
   894     0.006002     0.389908  
   895     0.005977     0.389908  
   896     0.005953     0.389915  
   897     0.005932     0.389908  
   898     0.005910     0.389866  
   899     0.005885     0.389873  
   900     0.005859     0.389898  
   901     0.005838     0.389892  
   902     0.005818     0.389860  
   903     0.005792     0.389827  
   904     0.005768     0.389800  
   905     0.005743     0.389795  
   906     0.005716     0.389829  
   907     0.005691     0.389831  
   908     0.005670     0.389816  
   909     0.005650     0.389843  
   910     0.005624     0.389815  
   911     0.005601     0.389818  
   912     0.005579     0.389806  
   913     0.005557     0.389804  
   914     0.005535     0.389825  
   915     0.005514     0.389833  
   916     0.005492     0.389829  
   917     0.005469     0.389821  
   918     0.005445     0.389811  
   919     0.005422     0.389799  
   920     0.005396     0.389781  
   921     0.005373     0.389754  
   922     0.005350     0.389696  
   923     0.005329     0.389656  
   924     0.005311     0.389647  
   925     0.005289     0.389621  
   926     0.005270     0.389627  
   927     0.005246     0.389622  
   928     0.005226     0.389603  
   929     0.005206     0.389584  
   930     0.005185     0.389602  
   931     0.005165     0.389560  
   932     0.005143     0.389546  
   933     0.005122     0.389521  
   934     0.005104     0.389527  
   935     0.005083     0.389485  
   936     0.005062     0.389450  
   937     0.005039     0.389442  
   938     0.005016     0.389403  
   939     0.004995     0.389397  
   940     0.004972     0.389396  
   941     0.004951     0.389343  
   942     0.004934     0.389340  
   943     0.004913     0.389364  
   944     0.004894     0.389365  
   945     0.004874     0.389352  
   946     0.004854     0.389356  
   947     0.004835     0.389359  
   948     0.004816     0.389366  
   949     0.004794     0.389369  
   950     0.004774     0.389374  
   951     0.004755     0.389380  
   952     0.004737     0.389385  
   953     0.004718     0.389353  
   954     0.004699     0.389355  
   955     0.004681     0.389371  
   956     0.004661     0.389403  
   957     0.004642     0.389393  
   958     0.004624     0.389427  
   959     0.004604     0.389426  
   960     0.004585     0.389380  
   961     0.004565     0.389381  
   962     0.004547     0.389356  
   963     0.004529     0.389334  
   964     0.004511     0.389321  
   965     0.004493     0.389318  
   966     0.004473     0.389324  
   967     0.004456     0.389318  
   968     0.004438     0.389308  
   969     0.004418     0.389298  
   970     0.004401     0.389321  
   971     0.004383     0.389304  
   972     0.004365     0.389290  
   973     0.004348     0.389299  
   974     0.004329     0.389333  
   975     0.004311     0.389348  
   976     0.004294     0.389361  
   977     0.004275     0.389332  
   978     0.004255     0.389340  
   979     0.004237     0.389339  
   980     0.004221     0.389333  
   981     0.004204     0.389353  
   982     0.004188     0.389320  
   983     0.004171     0.389292  
   984     0.004152     0.389264  
   985     0.004136     0.389306  
   986     0.004119     0.389343  
   987     0.004103     0.389339  
   988     0.004087     0.389372  
   989     0.004070     0.389396  
   990     0.004054     0.389381  
   991     0.004037     0.389395  
   992     0.004021     0.389366  
   993     0.004005     0.389396  
   994     0.003988     0.389372  
   995     0.003971     0.389338  
   996     0.003955     0.389331  
   997     0.003942     0.389339  
   998     0.003925     0.389344  
   999     0.003912     0.389325  
  1000     0.003898     0.389305  
  1001     0.003884     0.389332  
  1002     0.003867     0.389331  
  1003     0.003852     0.389329  
  1004     0.003835     0.389320  
  1005     0.003819     0.389316  
  1006     0.003803     0.389296  
  1007     0.003786     0.389257  
  1008     0.003772     0.389259  
  1009     0.003757     0.389259  
  1010     0.003742     0.389235  
  1011     0.003726     0.389254  
  1012     0.003710     0.389254  
  1013     0.003695     0.389242  
  1014     0.003681     0.389232  
  1015     0.003665     0.389225  
  1016     0.003651     0.389234  
  1017     0.003636     0.389186  
  1018     0.003621     0.389229  
  1019     0.003606     0.389237  
  1020     0.003590     0.389235  
  1021     0.003575     0.389242  
  1022     0.003562     0.389211  
  1023     0.003550     0.389172  
  1024     0.003534     0.389180  
  1025     0.003522     0.389181  
  1026     0.003506     0.389171  
  1027     0.003491     0.389188  
  1028     0.003478     0.389165  
  1029     0.003465     0.389145  
  1030     0.003452     0.389133  
  1031     0.003436     0.389098  
  1032     0.003422     0.389061  
  1033     0.003408     0.389047  
  1034     0.003395     0.389029  
  1035     0.003379     0.389022  
  1036     0.003367     0.388985  
  1037     0.003353     0.388993  
  1038     0.003338     0.389008  
  1039     0.003326     0.388975  
  1040     0.003314     0.388945  
  1041     0.003301     0.388933  
  1042     0.003287     0.388908  
  1043     0.003273     0.388890  
  1044     0.003260     0.388881  
  1045     0.003247     0.388857  
  1046     0.003233     0.388832  
  1047     0.003220     0.388810  
  1048     0.003207     0.388809  
  1049     0.003196     0.388803  
  1050     0.003183     0.388786  
  1051     0.003170     0.388783  
  1052     0.003157     0.388780  
  1053     0.003144     0.388771  
  1054     0.003130     0.388742  
  1055     0.003118     0.388727  
  1056     0.003105     0.388731  
  1057     0.003092     0.388726  
  1058     0.003078     0.388719  
  1059     0.003067     0.388747  
  1060     0.003055     0.388781  
  1061     0.003040     0.388759  
  1062     0.003030     0.388721  
  1063     0.003018     0.388745  
  1064     0.003004     0.388745  
  1065     0.002992     0.388735  
  1066     0.002980     0.388749  
  1067     0.002968     0.388789  
  1068     0.002957     0.388803  
  1069     0.002945     0.388822  
  1070     0.002934     0.388808  
  1071     0.002922     0.388816  
  1072     0.002910     0.388830  
  1073     0.002898     0.388843  
  1074     0.002887     0.388819  
  1075     0.002875     0.388786  
  1076     0.002864     0.388783  
  1077     0.002854     0.388793  
  1078     0.002843     0.388815  
  1079     0.002831     0.388821  
  1080     0.002818     0.388817  
  1081     0.002806     0.388810  
  1082     0.002797     0.388807  
  1083     0.002786     0.388778  
  1084     0.002776     0.388781  
  1085     0.002764     0.388770  
  1086     0.002752     0.388762  
  1087     0.002743     0.388780  
  1088     0.002730     0.388779  
  1089     0.002719     0.388770  
  1090     0.002708     0.388794  
  1091     0.002699     0.388770  
  1092     0.002688     0.388764  
  1093     0.002678     0.388770  
  1094     0.002669     0.388771  
  1095     0.002659     0.388789  
  1096     0.002648     0.388788  
  1097     0.002637     0.388792  
  1098     0.002627     0.388804  
  1099     0.002616     0.388830  
  1100     0.002608     0.388845  
  1101     0.002597     0.388829  
  1102     0.002586     0.388838  
  1103     0.002575     0.388809  
  1104     0.002566     0.388844  
  1105     0.002555     0.388813  
  1106     0.002544     0.388805  
  1107     0.002533     0.388807  
  1108     0.002522     0.388803  
  1109     0.002512     0.388814  
  1110     0.002502     0.388827  
  1111     0.002492     0.388797  
  1112     0.002481     0.388822  
  1113     0.002472     0.388802  
  1114     0.002462     0.388802  
  1115     0.002452     0.388799  
  1116     0.002443     0.388803  
  1117     0.002433     0.388792  
  1118     0.002424     0.388734  
  1119     0.002413     0.388735  
  1120     0.002403     0.388729  
  1121     0.002393     0.388723  
  1122     0.002384     0.388765  
  1123     0.002374     0.388723  
  1124     0.002365     0.388731  
  1125     0.002356     0.388745  
  1126     0.002345     0.388730  
  1127     0.002336     0.388702  
  1128     0.002327     0.388726  
  1129     0.002317     0.388718  
  1130     0.002308     0.388703  
  1131     0.002298     0.388687  
  1132     0.002288     0.388699  
  1133     0.002279     0.388705  
  1134     0.002272     0.388695  
  1135     0.002262     0.388675  
  1136     0.002254     0.388672  
  1137     0.002244     0.388675  
  1138     0.002235     0.388653  
  1139     0.002227     0.388620  
  1140     0.002219     0.388627  
  1141     0.002210     0.388614  
  1142     0.002202     0.388612  
  1143     0.002193     0.388638  
  1144     0.002184     0.388649  
  1145     0.002175     0.388677  
  1146     0.002167     0.388667  
  1147     0.002158     0.388635  
  1148     0.002148     0.388639  
  1149     0.002139     0.388646  
  1150     0.002129     0.388623  
  1151     0.002122     0.388638  
  1152     0.002113     0.388648  
  1153     0.002105     0.388628  
  1154     0.002098     0.388617  
  1155     0.002091     0.388613  
  1156     0.002081     0.388596  
  1157     0.002072     0.388599  
  1158     0.002064     0.388605  
  1159     0.002056     0.388594  
  1160     0.002048     0.388591  
  1161     0.002039     0.388568  
  1162     0.002030     0.388573  
  1163     0.002022     0.388583  
  1164     0.002013     0.388602  
  1165     0.002005     0.388613  
  1166     0.001996     0.388598  
  1167     0.001989     0.388582  
  1168     0.001981     0.388576  
  1169     0.001973     0.388598  
  1170     0.001965     0.388583  
  1171     0.001957     0.388571  
  1172     0.001950     0.388563  
  1173     0.001942     0.388535  
  1174     0.001933     0.388539  
  1175     0.001925     0.388534  
  1176     0.001918     0.388541  
  1177     0.001910     0.388534  
  1178     0.001902     0.388544  
  1179     0.001894     0.388550  
  1180     0.001887     0.388545  
  1181     0.001880     0.388546  
  1182     0.001872     0.388537  
  1183     0.001864     0.388552  
  1184     0.001857     0.388540  
  1185     0.001851     0.388513  
  1186     0.001843     0.388519  
  1187     0.001836     0.388511  
  1188     0.001829     0.388502  
  1189     0.001822     0.388466  
  1190     0.001814     0.388452  
  1191     0.001808     0.388457  
  1192     0.001800     0.388466  
  1193     0.001793     0.388443  
  1194     0.001786     0.388452  
  1195     0.001779     0.388453  
  1196     0.001771     0.388469  
  1197     0.001764     0.388478  
  1198     0.001757     0.388461  
  1199     0.001751     0.388468  
  1200     0.001744     0.388475  
  1201     0.001738     0.388451  
  1202     0.001731     0.388444  
  1203     0.001725     0.388458  
  1204     0.001718     0.388463  
  1205     0.001712     0.388433  
  1206     0.001705     0.388425  
  1207     0.001700     0.388414  
  1208     0.001694     0.388408  
  1209     0.001689     0.388400  
  1210     0.001681     0.388388  
  1211     0.001675     0.388399  
  1212     0.001668     0.388391  
  1213     0.001661     0.388404  
  1214     0.001655     0.388406  
  1215     0.001649     0.388412  
  1216     0.001642     0.388423  
  1217     0.001637     0.388452  
  1218     0.001630     0.388458  
  1219     0.001624     0.388424  
  1220     0.001618     0.388416  
  1221     0.001612     0.388385  
  1222     0.001605     0.388379  
  1223     0.001598     0.388361  
  1224     0.001593     0.388353  
  1225     0.001587     0.388331  
  1226     0.001579     0.388320  
  1227     0.001573     0.388313  
  1228     0.001566     0.388310  
  1229     0.001560     0.388302  
  1230     0.001554     0.388301  
  1231     0.001548     0.388300  
  1232     0.001543     0.388303  
  1233     0.001538     0.388289  
  1234     0.001532     0.388282  
  1235     0.001526     0.388266  
  1236     0.001520     0.388258  
  1237     0.001514     0.388270  
  1238     0.001508     0.388256  
  1239     0.001502     0.388284  
  1240     0.001496     0.388279  
  1241     0.001490     0.388272  
  1242     0.001484     0.388289  
  1243     0.001478     0.388295  
  1244     0.001473     0.388308  
  1245     0.001468     0.388303  
  1246     0.001461     0.388292  
  1247     0.001455     0.388279  
  1248     0.001449     0.388291  
  1249     0.001444     0.388295  
  1250     0.001439     0.388326  
  1251     0.001434     0.388300  
  1252     0.001428     0.388282  
  1253     0.001422     0.388266  
  1254     0.001417     0.388249  
  1255     0.001410     0.388253  
  1256     0.001405     0.388261  
  1257     0.001399     0.388246  
  1258     0.001394     0.388263  
  1259     0.001388     0.388260  
  1260     0.001382     0.388254  
  1261     0.001377     0.388229  
  1262     0.001371     0.388248  
  1263     0.001366     0.388229  
  1264     0.001360     0.388251  
  1265     0.001355     0.388238  
  1266     0.001350     0.388239  
  1267     0.001346     0.388257  
  1268     0.001339     0.388271  
  1269     0.001334     0.388280  
  1270     0.001329     0.388280  
  1271     0.001324     0.388285  
  1272     0.001319     0.388266  
  1273     0.001313     0.388250  
  1274     0.001309     0.388269  
  1275     0.001303     0.388267  
  1276     0.001298     0.388258  
  1277     0.001294     0.388247  
  1278     0.001289     0.388246  
  1279     0.001284     0.388237  
  1280     0.001279     0.388240  
  1281     0.001274     0.388239  
  1282     0.001268     0.388228  
  1283     0.001264     0.388221  
  1284     0.001259     0.388226  
  1285     0.001254     0.388224  
  1286     0.001250     0.388230  
  1287     0.001245     0.388224  
  1288     0.001241     0.388220  
  1289     0.001236     0.388221  
  1290     0.001231     0.388207  
  1291     0.001226     0.388228  
  1292     0.001221     0.388227  
  1293     0.001217     0.388223  
  1294     0.001213     0.388225  
  1295     0.001208     0.388219  
  1296     0.001203     0.388233  
  1297     0.001199     0.388243  
  1298     0.001194     0.388243  
  1299     0.001190     0.388252  
  1300     0.001185     0.388270  
  1301     0.001180     0.388253  
  1302     0.001176     0.388263  
  1303     0.001172     0.388262  
  1304     0.001167     0.388277  
  1305     0.001163     0.388288  
  1306     0.001159     0.388284  
  1307     0.001154     0.388275  
  1308     0.001150     0.388262  
  1309     0.001146     0.388250  
  1310     0.001141     0.388247  
  1311     0.001136     0.388247  
  1312     0.001131     0.388241  
  1313     0.001127     0.388237  
  1314     0.001123     0.388231  
  1315     0.001118     0.388240  
  1316     0.001114     0.388223  
  1317     0.001109     0.388222  
  1318     0.001104     0.388214  
  1319     0.001100     0.388222  
  1320     0.001096     0.388213  
  1321     0.001092     0.388206  
  1322     0.001088     0.388210  
  1323     0.001083     0.388223  
  1324     0.001079     0.388230  
  1325     0.001075     0.388225  
  1326     0.001071     0.388222  
  1327     0.001066     0.388213  
  1328     0.001062     0.388209  
  1329     0.001059     0.388185  
  1330     0.001055     0.388184  
  1331     0.001051     0.388193  
  1332     0.001046     0.388184  
  1333     0.001042     0.388193  
  1334     0.001038     0.388187  
  1335     0.001034     0.388195  
  1336     0.001029     0.388175  
  1337     0.001025     0.388152  
  1338     0.001021     0.388158  
  1339     0.001017     0.388165  
  1340     0.001013     0.388182  
  1341     0.001008     0.388192  
  1342     0.001004     0.388178  
  1343     0.001000     0.388181  
  1344     0.000997     0.388179  
  1345     0.000992     0.388173  
  1346     0.000988     0.388178  
  1347     0.000984     0.388160  
  1348     0.000981     0.388165  
  1349     0.000977     0.388153  
  1350     0.000973     0.388146  
  1351     0.000970     0.388144  
  1352     0.000965     0.388136  
  1353     0.000962     0.388140  
  1354     0.000958     0.388141  
  1355     0.000954     0.388144  
  1356     0.000950     0.388155  
  1357     0.000947     0.388148  
  1358     0.000943     0.388150  
  1359     0.000940     0.388116  
  1360     0.000936     0.388120  
  1361     0.000933     0.388120  
  1362     0.000929     0.388120  
  1363     0.000925     0.388107  
  1364     0.000922     0.388101  
  1365     0.000919     0.388096  
  1366     0.000915     0.388081  
  1367     0.000912     0.388094  
  1368     0.000908     0.388088  
  1369     0.000905     0.388087  
  1370     0.000901     0.388094  
  1371     0.000898     0.388090  
  1372     0.000894     0.388079  
  1373     0.000891     0.388069  
  1374     0.000887     0.388063  
  1375     0.000883     0.388068  
  1376     0.000880     0.388061  
  1377     0.000877     0.388049  
  1378     0.000873     0.388032  
  1379     0.000870     0.388029  
  1380     0.000867     0.388032  
  1381     0.000863     0.388024  
  1382     0.000860     0.388031  
  1383     0.000857     0.388004  
  1384     0.000854     0.388002  
  1385     0.000850     0.388005  
  1386     0.000847     0.388002  
  1387     0.000844     0.388006  
  1388     0.000840     0.388023  
  1389     0.000837     0.388008  
  1390     0.000834     0.388001  
  1391     0.000831     0.388002  
  1392     0.000828     0.388006  
  1393     0.000824     0.388015  
  1394     0.000821     0.388020  
  1395     0.000818     0.388008  
  1396     0.000814     0.388016  
  1397     0.000811     0.388040  
  1398     0.000808     0.388057  
  1399     0.000804     0.388060  
  1400     0.000801     0.388074  
  1401     0.000798     0.388092  
  1402     0.000795     0.388090  
  1403     0.000792     0.388095  
  1404     0.000789     0.388085  
  1405     0.000786     0.388073  
  1406     0.000783     0.388079  
  1407     0.000780     0.388086  
  1408     0.000777     0.388078  
  1409     0.000775     0.388071  
  1410     0.000772     0.388059  
  1411     0.000769     0.388056  
  1412     0.000766     0.388057  
  1413     0.000763     0.388061  
  1414     0.000760     0.388065  
  1415     0.000757     0.388075  
  1416     0.000754     0.388053  
  1417     0.000752     0.388055  
  1418     0.000748     0.388043  
  1419     0.000745     0.388064  
  1420     0.000743     0.388049  
  1421     0.000740     0.388060  
  1422     0.000737     0.388043  
  1423     0.000734     0.388040  
  1424     0.000731     0.388035  
  1425     0.000728     0.388034  
  1426     0.000725     0.388045  
  1427     0.000722     0.388047  
  1428     0.000719     0.388050  
  1429     0.000717     0.388058  
  1430     0.000714     0.388049  
  1431     0.000712     0.388053  
  1432     0.000709     0.388054  
  1433     0.000706     0.388046  
  1434     0.000703     0.388037  
  1435     0.000700     0.388031  
  1436     0.000698     0.388028  
  1437     0.000695     0.388040  
  1438     0.000692     0.388038  
  1439     0.000689     0.388034  
  1440     0.000686     0.388045  
  1441     0.000684     0.388051  
  1442     0.000681     0.388036  
  1443     0.000678     0.388027  
  1444     0.000676     0.388022  
  1445     0.000673     0.388017  
  1446     0.000670     0.388009  
  1447     0.000667     0.388009  
  1448     0.000664     0.388014  
  1449     0.000662     0.388018  
  1450     0.000659     0.388019  
  1451     0.000657     0.388024  
  1452     0.000654     0.388028  
  1453     0.000651     0.388009  
  1454     0.000649     0.387994  
  1455     0.000647     0.387993  
  1456     0.000645     0.388000  
  1457     0.000642     0.387997  
  1458     0.000639     0.387990  
  1459     0.000636     0.387995  
  1460     0.000634     0.387995  
  1461     0.000632     0.387980  
  1462     0.000629     0.387973  
  1463     0.000627     0.387981  
  1464     0.000624     0.387982  
  1465     0.000622     0.387979  
  1466     0.000620     0.387994  
  1467     0.000617     0.388003  
  1468     0.000615     0.387993  
  1469     0.000613     0.387983  
  1470     0.000610     0.387975  
  1471     0.000608     0.387977  
  1472     0.000605     0.387975  
  1473     0.000603     0.387966  
  1474     0.000600     0.387970  
  1475     0.000598     0.387961  
  1476     0.000595     0.387956  
  1477     0.000593     0.387955  
  1478     0.000591     0.387953  
  1479     0.000588     0.387948  
  1480     0.000586     0.387944  
  1481     0.000584     0.387953  
  1482     0.000581     0.387958  
  1483     0.000579     0.387963  
  1484     0.000577     0.387963  
  1485     0.000575     0.387973  
  1486     0.000573     0.387980  
  1487     0.000571     0.387987  
  1488     0.000568     0.387980  
  1489     0.000566     0.387993  
  1490     0.000564     0.387997  
  1491     0.000562     0.387996  
  1492     0.000560     0.388010  
  1493     0.000557     0.388006  
  1494     0.000556     0.387996  
  1495     0.000553     0.387994  
  1496     0.000551     0.387997  
  1497     0.000549     0.387983  
  1498     0.000547     0.387972  
  1499     0.000545     0.387969  
  1500     0.000542     0.387985  
  1501     0.000540     0.387976  
  1502     0.000539     0.387985  
  1503     0.000536     0.387976  
  1504     0.000534     0.387983  
  1505     0.000532     0.387994  
  1506     0.000530     0.388003  
  1507     0.000528     0.388001  
  1508     0.000526     0.388003  
  1509     0.000524     0.388003  
  1510     0.000522     0.388000  
  1511     0.000520     0.388007  
  1512     0.000518     0.388008  
  1513     0.000516     0.388007  
  1514     0.000514     0.388007  
  1515     0.000513     0.388013  
  1516     0.000511     0.388024  
  1517     0.000508     0.388022  
  1518     0.000507     0.388016  
  1519     0.000505     0.388011  
  1520     0.000503     0.388005  
  1521     0.000501     0.388004  
  1522     0.000499     0.388008  
  1523     0.000497     0.388005  
  1524     0.000495     0.388004  
  1525     0.000493     0.388007  
  1526     0.000492     0.388000  
  1527     0.000490     0.387994  
  1528     0.000488     0.388000  
  1529     0.000486     0.387991  
  1530     0.000484     0.387974  
  1531     0.000482     0.387979  
  1532     0.000480     0.387978  
  1533     0.000478     0.387971  
  1534     0.000476     0.387970  
  1535     0.000474     0.387980  
  1536     0.000472     0.387969  
  1537     0.000471     0.387958  
  1538     0.000469     0.387966  
  1539     0.000467     0.387964  
  1540     0.000465     0.387957  
  1541     0.000463     0.387956  
  1542     0.000462     0.387963  
  1543     0.000460     0.387955  
  1544     0.000458     0.387956  
  1545     0.000456     0.387960  
  1546     0.000454     0.387961  
  1547     0.000453     0.387961  
  1548     0.000451     0.387965  
  1549     0.000449     0.387961  
  1550     0.000448     0.387941  
  1551     0.000446     0.387942  
  1552     0.000444     0.387950  
  1553     0.000442     0.387946  
  1554     0.000441     0.387951  
  1555     0.000439     0.387950  
  1556     0.000438     0.387944  
  1557     0.000436     0.387951  
  1558     0.000434     0.387935  
  1559     0.000433     0.387940  
  1560     0.000431     0.387934  
  1561     0.000429     0.387932  
  1562     0.000427     0.387948  
  1563     0.000426     0.387939  
  1564     0.000424     0.387932  
  1565     0.000422     0.387932  
  1566     0.000421     0.387938  
  1567     0.000420     0.387942  
  1568     0.000418     0.387942  
  1569     0.000416     0.387941  
  1570     0.000414     0.387931  
  1571     0.000413     0.387928  
  1572     0.000411     0.387929  
  1573     0.000410     0.387928  
  1574     0.000408     0.387938  
  1575     0.000407     0.387928  
  1576     0.000405     0.387937  
  1577     0.000404     0.387930  
  1578     0.000402     0.387934  
  1579     0.000400     0.387938  
  1580     0.000399     0.387931  
  1581     0.000397     0.387923  
  1582     0.000396     0.387919  
  1583     0.000395     0.387915  
  1584     0.000393     0.387915  
  1585     0.000392     0.387907  
  1586     0.000390     0.387907  
  1587     0.000389     0.387912  
  1588     0.000387     0.387906  
  1589     0.000386     0.387911  
  1590     0.000384     0.387901  
  1591     0.000383     0.387896  
  1592     0.000382     0.387899  
  1593     0.000380     0.387905  
  1594     0.000379     0.387894  
  1595     0.000378     0.387892  
  1596     0.000376     0.387889  
  1597     0.000375     0.387897  
  1598     0.000373     0.387913  
  1599     0.000372     0.387906  
  1600     0.000370     0.387902  
  1601     0.000369     0.387896  
  1602     0.000367     0.387891  
  1603     0.000366     0.387888  
  1604     0.000365     0.387888  
  1605     0.000363     0.387895  
  1606     0.000362     0.387901  
  1607     0.000360     0.387896  
  1608     0.000359     0.387890  
  1609     0.000358     0.387888  
  1610     0.000356     0.387888  
  1611     0.000355     0.387885  
  1612     0.000353     0.387895  
  1613     0.000352     0.387884  
  1614     0.000351     0.387880  
  1615     0.000349     0.387886  
  1616     0.000348     0.387890  
  1617     0.000346     0.387893  
  1618     0.000345     0.387893  
  1619     0.000344     0.387898  
  1620     0.000342     0.387903  
  1621     0.000341     0.387913  
  1622     0.000340     0.387914  
  1623     0.000339     0.387919  
  1624     0.000337     0.387931  
  1625     0.000336     0.387919  
  1626     0.000334     0.387913  
  1627     0.000333     0.387916  
  1628     0.000332     0.387922  
  1629     0.000331     0.387922  
  1630     0.000329     0.387918  
  1631     0.000328     0.387921  
  1632     0.000326     0.387922  
  1633     0.000325     0.387918  
  1634     0.000324     0.387922  
  1635     0.000322     0.387924  
  1636     0.000321     0.387924  
  1637     0.000320     0.387924  
  1638     0.000319     0.387929  
  1639     0.000318     0.387926  
  1640     0.000316     0.387926  
  1641     0.000315     0.387918  
  1642     0.000314     0.387915  
  1643     0.000313     0.387912  
  1644     0.000312     0.387915  
  1645     0.000311     0.387908  
  1646     0.000309     0.387902  
  1647     0.000308     0.387907  
  1648     0.000307     0.387906  
  1649     0.000306     0.387907  
  1650     0.000305     0.387902  
  1651     0.000303     0.387902  
  1652     0.000302     0.387902  
  1653     0.000301     0.387897  
  1654     0.000300     0.387894  
  1655     0.000299     0.387889  
  1656     0.000298     0.387886  
  1657     0.000297     0.387886  
  1658     0.000295     0.387880  
  1659     0.000294     0.387875  
  1660     0.000293     0.387878  
  1661     0.000292     0.387877  
  1662     0.000291     0.387879  
  1663     0.000290     0.387882  
  1664     0.000289     0.387890  
  1665     0.000288     0.387882  
  1666     0.000287     0.387883  
  1667     0.000286     0.387876  
  1668     0.000285     0.387880  
  1669     0.000283     0.387882  
  1670     0.000282     0.387880  
  1671     0.000281     0.387873  
  1672     0.000280     0.387877  
  1673     0.000279     0.387874  
  1674     0.000278     0.387866  
  1675     0.000277     0.387861  
  1676     0.000276     0.387863  
  1677     0.000275     0.387869  
  1678     0.000274     0.387872  
  1679     0.000272     0.387871  
  1680     0.000271     0.387866  
  1681     0.000270     0.387875  
  1682     0.000270     0.387879  
  1683     0.000269     0.387876  
  1684     0.000268     0.387869  
  1685     0.000267     0.387867  
  1686     0.000266     0.387859  
  1687     0.000265     0.387850  
  1688     0.000264     0.387846  
  1689     0.000262     0.387841  
  1690     0.000262     0.387843  
  1691     0.000261     0.387842  
  1692     0.000260     0.387846  
  1693     0.000259     0.387843  
  1694     0.000258     0.387838  
  1695     0.000257     0.387836  
  1696     0.000256     0.387832  
  1697     0.000255     0.387832  
  1698     0.000254     0.387826  
  1699     0.000253     0.387826  
  1700     0.000252     0.387823  
  1701     0.000251     0.387823  
  1702     0.000250     0.387823  
  1703     0.000249     0.387820  
  1704     0.000248     0.387816  
  1705     0.000247     0.387814  
  1706     0.000246     0.387817  
  1707     0.000245     0.387812  
  1708     0.000244     0.387810  
  1709     0.000243     0.387808  
  1710     0.000243     0.387797  
  1711     0.000242     0.387800  
  1712     0.000241     0.387811  
  1713     0.000240     0.387811  
  1714     0.000239     0.387817  
  1715     0.000238     0.387824  
  1716     0.000237     0.387825  
  1717     0.000236     0.387831  
  1718     0.000235     0.387830  
  1719     0.000234     0.387835  
  1720     0.000233     0.387829  
  1721     0.000233     0.387831  
  1722     0.000232     0.387835  
  1723     0.000231     0.387836  
  1724     0.000230     0.387836  
  1725     0.000229     0.387828  
  1726     0.000228     0.387831  
  1727     0.000227     0.387827  
  1728     0.000226     0.387827  
  1729     0.000225     0.387820  
  1730     0.000225     0.387815  
  1731     0.000224     0.387819  
  1732     0.000223     0.387816  
  1733     0.000222     0.387809  
  1734     0.000221     0.387812  
  1735     0.000221     0.387809  
  1736     0.000220     0.387808  
  1737     0.000219     0.387814  
  1738     0.000218     0.387819  
  1739     0.000217     0.387822  
  1740     0.000217     0.387816  
  1741     0.000216     0.387814  
  1742     0.000215     0.387817  
  1743     0.000214     0.387820  
  1744     0.000213     0.387816  
  1745     0.000212     0.387812  
  1746     0.000212     0.387812  
  1747     0.000211     0.387814  
  1748     0.000210     0.387813  
  1749     0.000209     0.387817  
  1750     0.000208     0.387814  
  1751     0.000208     0.387815  
  1752     0.000207     0.387810  
  1753     0.000206     0.387806  
  1754     0.000205     0.387805  
  1755     0.000204     0.387809  
  1756     0.000203     0.387811  
  1757     0.000203     0.387811  
  1758     0.000202     0.387810  
  1759     0.000201     0.387797  
  1760     0.000200     0.387801  
  1761     0.000200     0.387797  
  1762     0.000199     0.387799  
  1763     0.000198     0.387795  
  1764     0.000198     0.387786  
  1765     0.000197     0.387778  
  1766     0.000196     0.387777  
  1767     0.000196     0.387782  
  1768     0.000195     0.387782  
  1769     0.000194     0.387783  
  1770     0.000193     0.387784  
  1771     0.000193     0.387782  
  1772     0.000192     0.387787  
  1773     0.000191     0.387782  
  1774     0.000190     0.387775  
  1775     0.000190     0.387783  
  1776     0.000189     0.387776  
  1777     0.000188     0.387773  
  1778     0.000188     0.387772  
  1779     0.000187     0.387775  
  1780     0.000186     0.387771  
  1781     0.000186     0.387773  
  1782     0.000185     0.387774  
  1783     0.000184     0.387774  
  1784     0.000184     0.387783  
  1785     0.000183     0.387781  
  1786     0.000182     0.387784  
  1787     0.000182     0.387784  
  1788     0.000181     0.387782  
  1789     0.000180     0.387780  
  1790     0.000180     0.387776  
  1791     0.000179     0.387779  
  1792     0.000178     0.387779  
  1793     0.000178     0.387781  
  1794     0.000177     0.387782  
  1795     0.000176     0.387782  
  1796     0.000175     0.387776  
  1797     0.000175     0.387768  
  1798     0.000174     0.387769  
  1799     0.000174     0.387783  
  1800     0.000173     0.387781  
  1801     0.000172     0.387787  
  1802     0.000172     0.387786  
  1803     0.000171     0.387792  
  1804     0.000170     0.387783  
  1805     0.000170     0.387778  
  1806     0.000169     0.387775  
  1807     0.000168     0.387766  
  1808     0.000168     0.387767  
  1809     0.000167     0.387763  
  1810     0.000166     0.387764  
  1811     0.000166     0.387756  
  1812     0.000165     0.387753  
  1813     0.000165     0.387745  
  1814     0.000164     0.387746  
  1815     0.000163     0.387746  
  1816     0.000163     0.387744  
  1817     0.000162     0.387739  
  1818     0.000161     0.387734  
  1819     0.000161     0.387733  
  1820     0.000160     0.387734  
  1821     0.000160     0.387731  
  1822     0.000159     0.387729  
  1823     0.000158     0.387728  
  1824     0.000158     0.387728  
  1825     0.000157     0.387732  
  1826     0.000157     0.387730  
  1827     0.000156     0.387729  
  1828     0.000156     0.387730  
  1829     0.000155     0.387723  
  1830     0.000154     0.387723  
  1831     0.000154     0.387725  
  1832     0.000153     0.387728  
  1833     0.000153     0.387726  
  1834     0.000152     0.387728  
  1835     0.000152     0.387724  
  1836     0.000151     0.387721  
  1837     0.000151     0.387716  
  1838     0.000150     0.387718  
  1839     0.000150     0.387715  
  1840     0.000149     0.387723  
  1841     0.000148     0.387721  
  1842     0.000148     0.387721  
  1843     0.000147     0.387722  
  1844     0.000147     0.387723  
  1845     0.000146     0.387724  
  1846     0.000146     0.387725  
  1847     0.000145     0.387727  
  1848     0.000145     0.387728  
  1849     0.000144     0.387728  
  1850     0.000143     0.387729  
  1851     0.000143     0.387729  
  1852     0.000142     0.387720  
  1853     0.000142     0.387724  
  1854     0.000141     0.387728  
  1855     0.000141     0.387726  
  1856     0.000140     0.387723  
  1857     0.000140     0.387725  
  1858     0.000139     0.387721  
  1859     0.000139     0.387724  
  1860     0.000138     0.387724  
  1861     0.000138     0.387714  
  1862     0.000137     0.387712  
  1863     0.000137     0.387712  
  1864     0.000136     0.387709  
  1865     0.000136     0.387706  
  1866     0.000135     0.387708  
  1867     0.000135     0.387699  
  1868     0.000134     0.387693  
  1869     0.000134     0.387696  
  1870     0.000133     0.387695  
  1871     0.000133     0.387696  
  1872     0.000132     0.387701  
  1873     0.000132     0.387700  
  1874     0.000131     0.387696  
  1875     0.000131     0.387692  
  1876     0.000130     0.387690  
  1877     0.000130     0.387691  
  1878     0.000129     0.387685  
  1879     0.000129     0.387686  
  1880     0.000128     0.387684  
  1881     0.000128     0.387686  
  1882     0.000127     0.387691  
  1883     0.000127     0.387696  
  1884     0.000126     0.387698  
  1885     0.000126     0.387700  
  1886     0.000125     0.387697  
  1887     0.000125     0.387694  
  1888     0.000124     0.387698  
  1889     0.000124     0.387690  
  1890     0.000123     0.387693  
  1891     0.000123     0.387691  
  1892     0.000122     0.387694  
  1893     0.000122     0.387695  
  1894     0.000122     0.387694  
  1895     0.000121     0.387696  
  1896     0.000121     0.387701  
  1897     0.000120     0.387703  
  1898     0.000120     0.387699  
  1899     0.000119     0.387701  
  1900     0.000119     0.387700  
  1901     0.000118     0.387699  
  1902     0.000118     0.387690  
  1903     0.000118     0.387696  
  1904     0.000117     0.387700  
  1905     0.000117     0.387697  
  1906     0.000116     0.387696  
  1907     0.000116     0.387698  
  1908     0.000115     0.387696  
  1909     0.000115     0.387698  
  1910     0.000114     0.387695  
  1911     0.000114     0.387697  
  1912     0.000114     0.387694  
  1913     0.000113     0.387694  
  1914     0.000113     0.387694  
  1915     0.000112     0.387695  
  1916     0.000112     0.387697  
  1917     0.000112     0.387701  
  1918     0.000111     0.387704  
  1919     0.000111     0.387702  
  1920     0.000110     0.387698  
  1921     0.000110     0.387696  
  1922     0.000109     0.387695  
  1923     0.000109     0.387689  
  1924     0.000109     0.387687  
  1925     0.000108     0.387689  
  1926     0.000108     0.387689  
  1927     0.000107     0.387683  
  1928     0.000107     0.387682  
  1929     0.000107     0.387676  
  1930     0.000106     0.387673  
  1931     0.000106     0.387680  
  1932     0.000105     0.387683  
  1933     0.000105     0.387682  
  1934     0.000105     0.387677  
  1935     0.000104     0.387674  
  1936     0.000104     0.387678  
  1937     0.000104     0.387680  
  1938     0.000103     0.387681  
  1939     0.000103     0.387682  
  1940     0.000102     0.387680  
  1941     0.000102     0.387681  
  1942     0.000102     0.387680  
  1943     0.000101     0.387681  
  1944     0.000101     0.387672  
  1945     0.000101     0.387671  
  1946     0.000100     0.387670  
  1947     0.000100     0.387668  
  1948     0.000099     0.387670  
  1949     0.000099     0.387667  
  1950     0.000099     0.387664  
  1951     0.000098     0.387658  
  1952     0.000098     0.387657  
  1953     0.000098     0.387656  
  1954     0.000097     0.387656  
  1955     0.000097     0.387654  
  1956     0.000096     0.387656  
  1957     0.000096     0.387651  
  1958     0.000096     0.387651  
  1959     0.000095     0.387651  
  1960     0.000095     0.387648  
  1961     0.000095     0.387642  
  1962     0.000094     0.387638  
  1963     0.000094     0.387639  
  1964     0.000094     0.387639  
  1965     0.000093     0.387634  
  1966     0.000093     0.387636  
  1967     0.000093     0.387633  
  1968     0.000092     0.387625  
  1969     0.000092     0.387625  
  1970     0.000092     0.387627  
  1971     0.000091     0.387627  
  1972     0.000091     0.387624  
  1973     0.000091     0.387620  
  1974     0.000090     0.387620  
  1975     0.000090     0.387621  
  1976     0.000090     0.387623  
  1977     0.000089     0.387620  
  1978     0.000089     0.387623  
  1979     0.000089     0.387619  
  1980     0.000088     0.387622  
  1981     0.000088     0.387620  
  1982     0.000088     0.387619  
  1983     0.000087     0.387615  
  1984     0.000087     0.387616  
  1985     0.000087     0.387626  
  1986     0.000087     0.387626  
  1987     0.000086     0.387626  
  1988     0.000086     0.387624  
  1989     0.000086     0.387619  
  1990     0.000085     0.387618  
  1991     0.000085     0.387611  
  1992     0.000085     0.387610  
  1993     0.000084     0.387609  
  1994     0.000084     0.387608  
  1995     0.000084     0.387613  
  1996     0.000083     0.387614  
  1997     0.000083     0.387609  
  1998     0.000083     0.387610  
  1999     0.000082     0.387611  
  2000     0.000082     0.387612  
  2001     0.000082     0.387611  
  2002     0.000081     0.387613  
  2003     0.000081     0.387609  
  2004     0.000081     0.387608  
  2005     0.000081     0.387607  
  2006     0.000080     0.387608  
  2007     0.000080     0.387612  
  2008     0.000080     0.387610  
  2009     0.000079     0.387601  
  2010     0.000079     0.387603  
  2011     0.000079     0.387604  
  2012     0.000078     0.387600  
  2013     0.000078     0.387601  
  2014     0.000078     0.387597  
  2015     0.000078     0.387598  
  2016     0.000077     0.387595  
  2017     0.000077     0.387594  * best
  2018     0.000077     0.387597  
  2019     0.000076     0.387597  
  2020     0.000076     0.387603  
  2021     0.000076     0.387603  
  2022     0.000076     0.387600  
  2023     0.000075     0.387599  
  2024     0.000075     0.387600  
  2025     0.000075     0.387602  
  2026     0.000074     0.387600  
  2027     0.000074     0.387597  
  2028     0.000074     0.387598  
  2029     0.000074     0.387602  
  2030     0.000073     0.387606  
  2031     0.000073     0.387610  
  2032     0.000073     0.387614  
  2033     0.000073     0.387615  
  2034     0.000072     0.387618  
  2035     0.000072     0.387613  
  2036     0.000072     0.387614  
  2037     0.000072     0.387616  
  2038     0.000071     0.387616  
  2039     0.000071     0.387616  
  2040     0.000071     0.387618  
  2041     0.000071     0.387616  
  2042     0.000070     0.387619  
  2043     0.000070     0.387618  
  2044     0.000070     0.387622  
  2045     0.000070     0.387618  
  2046     0.000069     0.387620  
  2047     0.000069     0.387615  
  2048     0.000069     0.387614  
  2049     0.000069     0.387614  
  2050     0.000068     0.387613  
  2051     0.000068     0.387614  
  2052     0.000068     0.387617  
  2053     0.000067     0.387619  
  2054     0.000067     0.387619  
  2055     0.000067     0.387622  
  2056     0.000067     0.387622  
  2057     0.000067     0.387616  
  2058     0.000066     0.387614  
  2059     0.000066     0.387609  
  2060     0.000066     0.387611  
  2061     0.000066     0.387607  
  2062     0.000065     0.387610  
  2063     0.000065     0.387610  
  2064     0.000065     0.387611  
  2065     0.000065     0.387612  
  2066     0.000064     0.387611  
  2067     0.000064     0.387611  
  2068     0.000064     0.387603  
  2069     0.000064     0.387603  
  2070     0.000063     0.387600  
  2071     0.000063     0.387602  
  2072     0.000063     0.387603  
  2073     0.000063     0.387605  
  2074     0.000062     0.387605  
  2075     0.000062     0.387605  
  2076     0.000062     0.387607  
  2077     0.000062     0.387603  
  2078     0.000062     0.387601  
  2079     0.000061     0.387603  
  2080     0.000061     0.387605  
  2081     0.000061     0.387604  
  2082     0.000061     0.387603  
  2083     0.000060     0.387604  
  2084     0.000060     0.387603  
  2085     0.000060     0.387605  
  2086     0.000060     0.387604  
  2087     0.000060     0.387607  
  2088     0.000059     0.387608  
  2089     0.000059     0.387604  
  2090     0.000059     0.387604  
  2091     0.000059     0.387604  
  2092     0.000058     0.387604  
  2093     0.000058     0.387605  
  2094     0.000058     0.387604  
  2095     0.000058     0.387605  
  2096     0.000058     0.387607  
  2097     0.000057     0.387605  
  2098     0.000057     0.387608  
  2099     0.000057     0.387606  
  2100     0.000057     0.387603  
  2101     0.000057     0.387605  
  2102     0.000056     0.387607  
  2103     0.000056     0.387610  
  2104     0.000056     0.387607  
  2105     0.000056     0.387607  
  2106     0.000056     0.387605  
  2107     0.000055     0.387608  
  2108     0.000055     0.387606  
  2109     0.000055     0.387607  
  2110     0.000055     0.387608  
  2111     0.000055     0.387605  
  2112     0.000054     0.387607  
  2113     0.000054     0.387612  
  2114     0.000054     0.387610  
  2115     0.000054     0.387612  
  2116     0.000054     0.387610  
  2117     0.000053     0.387612  
# best iteration 2017 (val l2 0.387594)
# Spearman  train +0.9951  val +0.7888  test +0.7925
