# seq_hla_pseudo seed 4
# NetMHCpan pseudosequence one-hot, 34 x 20
# input dim 680, 91,329 parameters
# Linear(n_in,128) -> GELU -> Dropout(0.3) -> Linear(128,32) -> GELU -> Dropout(0.3) -> Linear(32,1)
# Adam lr=0.001 weight_decay=0.0001 batch=32 dropout=0.3
# loss = MSE on standardised log10 half-life
# early stopping on validation loss, patience 40, max 300 epochs
#
 epoch  train_batch        train          val  note
     1     0.785528     0.721380     0.697422  * best
     2     0.727151     0.706344     0.691001  * best
     3     0.719266     0.700587     0.680127  * best
     4     0.714983     0.686135     0.667699  * best
     5     0.710506     0.686401     0.665994  * best
     6     0.708854     0.689392     0.675723  
     7     0.708673     0.690708     0.675586  
     8     0.705376     0.686989     0.668423  
     9     0.708411     0.683213     0.658233  * best
    10     0.707289     0.688196     0.668825  
    11     0.706384     0.692455     0.680574  
    12     0.704539     0.686112     0.659400  
    13     0.703989     0.688953     0.677544  
    14     0.704637     0.691576     0.677475  
    15     0.700582     0.683663     0.665984  
    16     0.700292     0.684325     0.663779  
    17     0.700435     0.687416     0.666916  
    18     0.705340     0.683745     0.664411  
    19     0.702672     0.682582     0.660272  
    20     0.698020     0.680640     0.661952  
    21     0.701478     0.695415     0.679488  
    22     0.704711     0.685392     0.667214  
    23     0.704482     0.685261     0.668825  
    24     0.701246     0.683588     0.667128  
    25     0.701300     0.684246     0.664906  
    26     0.704257     0.685724     0.670793  
    27     0.702898     0.684594     0.668250  
    28     0.700170     0.684283     0.672065  
    29     0.702700     0.683709     0.662936  
    30     0.697643     0.680955     0.666217  
    31     0.705187     0.683321     0.669808  
    32     0.698574     0.687949     0.675434  
    33     0.699594     0.688309     0.670723  
    34     0.700495     0.688287     0.664285  
    35     0.700232     0.684451     0.667805  
    36     0.699287     0.682429     0.670575  
    37     0.701019     0.685758     0.665373  
    38     0.700142     0.683265     0.660505  
    39     0.701840     0.685060     0.667217  
    40     0.703643     0.684177     0.663300  
    41     0.698291     0.686660     0.675002  
    42     0.701521     0.684593     0.664803  
    43     0.699671     0.684297     0.663837  
    44     0.696165     0.683878     0.661976  
    45     0.701250     0.687023     0.671672  
    46     0.696213     0.683254     0.661868  
    47     0.697215     0.684304     0.661823  
    48     0.699840     0.682326     0.659939  
    49     0.700492     0.682801     0.668055  
# stopped at epoch 49: no improvement for 40 epochs
# restored epoch 9 (val MSE 0.658233)
# Spearman  train +0.5557  val +0.5586  test +0.5249
