# seq_hla_pseudo seed 2
# NetMHCpan pseudosequence one-hot, 34 x 20
# input dim 680, 91,329 parameters
# Linear(n_in,128) -> GELU -> Dropout(0.3) -> Linear(128,32) -> GELU -> Dropout(0.3) -> Linear(32,1)
# Adam lr=0.001 weight_decay=0.0001 batch=32 dropout=0.3
# loss = MSE on standardised log10 half-life
# early stopping on validation loss, patience 40, max 300 epochs
#
 epoch  train_batch        train          val  note
     1     0.781923     0.709353     0.752748  * best
     2     0.723598     0.703545     0.749605  * best
     3     0.718399     0.687299     0.736265  * best
     4     0.710447     0.687997     0.741130  
     5     0.701635     0.687359     0.725966  * best
     6     0.703806     0.683420     0.732479  
     7     0.698899     0.690967     0.732881  
     8     0.700449     0.701045     0.746254  
     9     0.701579     0.693105     0.727533  
    10     0.698967     0.679770     0.722795  * best
    11     0.697931     0.685242     0.721875  * best
    12     0.697219     0.683347     0.723222  
    13     0.699492     0.682290     0.725462  
    14     0.692851     0.686995     0.737664  
    15     0.701720     0.678255     0.723211  
    16     0.699083     0.678147     0.724773  
    17     0.696344     0.679409     0.719706  * best
    18     0.696543     0.679038     0.721588  
    19     0.692302     0.680522     0.721049  
    20     0.698427     0.687531     0.721357  
    21     0.694558     0.680269     0.727702  
    22     0.693811     0.677296     0.724336  
    23     0.697698     0.682038     0.731267  
    24     0.692540     0.678367     0.724571  
    25     0.700318     0.678232     0.722131  
    26     0.692554     0.680466     0.725543  
    27     0.697267     0.678568     0.723503  
    28     0.698119     0.675100     0.721083  
    29     0.693124     0.679925     0.724585  
    30     0.692143     0.674501     0.720228  
    31     0.696966     0.679426     0.723685  
    32     0.693031     0.677732     0.720517  
    33     0.695176     0.678262     0.718807  * best
    34     0.703012     0.675860     0.720085  
    35     0.694511     0.686523     0.725989  
    36     0.694583     0.678266     0.720760  
    37     0.691047     0.676656     0.726612  
    38     0.699314     0.687202     0.727493  
    39     0.696285     0.676450     0.715169  * best
    40     0.691699     0.674292     0.717762  
    41     0.689656     0.675791     0.720899  
    42     0.697369     0.681468     0.731095  
    43     0.693334     0.677744     0.722477  
    44     0.697138     0.675675     0.717964  
    45     0.694149     0.674405     0.718527  
    46     0.693359     0.677737     0.715084  * best
    47     0.695212     0.680421     0.720731  
    48     0.695204     0.677264     0.720837  
    49     0.695192     0.676278     0.718461  
    50     0.693981     0.677217     0.724863  
    51     0.694489     0.678012     0.719650  
    52     0.691850     0.675033     0.720906  
    53     0.692864     0.676890     0.722462  
    54     0.694192     0.679224     0.723668  
    55     0.695546     0.677197     0.721270  
    56     0.690860     0.675578     0.720158  
    57     0.693837     0.675425     0.718348  
    58     0.690393     0.676485     0.727825  
    59     0.695634     0.679612     0.720899  
    60     0.693467     0.678186     0.713116  * best
    61     0.693777     0.678529     0.721246  
    62     0.693866     0.682641     0.728865  
    63     0.686254     0.675379     0.717702  
    64     0.694859     0.676931     0.718262  
    65     0.689819     0.677435     0.724880  
    66     0.692882     0.675876     0.715541  
    67     0.689604     0.677688     0.723992  
    68     0.695505     0.674272     0.714997  
    69     0.694077     0.675444     0.720155  
    70     0.692419     0.678923     0.723726  
    71     0.694930     0.678170     0.720242  
    72     0.692492     0.681663     0.724168  
    73     0.693550     0.676632     0.726247  
    74     0.694202     0.676351     0.719528  
    75     0.695292     0.676810     0.720461  
    76     0.690684     0.681634     0.723324  
    77     0.693778     0.677271     0.724760  
    78     0.692887     0.678447     0.725784  
    79     0.692523     0.674666     0.719564  
    80     0.691656     0.677475     0.724709  
    81     0.694381     0.678321     0.722765  
    82     0.691678     0.676618     0.716046  
    83     0.694775     0.676813     0.721562  
    84     0.692804     0.679952     0.720186  
    85     0.693928     0.677915     0.724839  
    86     0.693969     0.673861     0.718079  
    87     0.692542     0.677551     0.727215  
    88     0.693864     0.674807     0.719612  
    89     0.692402     0.683349     0.731917  
    90     0.692453     0.675670     0.720698  
    91     0.694501     0.680506     0.725788  
    92     0.691504     0.683583     0.722609  
    93     0.692776     0.676338     0.723970  
    94     0.693603     0.676426     0.716106  
    95     0.692478     0.674567     0.721451  
    96     0.692005     0.679927     0.725285  
    97     0.689020     0.679170     0.721560  
    98     0.692261     0.680439     0.723243  
    99     0.692668     0.679576     0.720224  
   100     0.691881     0.677638     0.721757  
# stopped at epoch 100: no improvement for 40 epochs
# restored epoch 60 (val MSE 0.713116)
# Spearman  train +0.5586  val +0.5337  test +0.5352
