# mlp_edge seed 2
# perceptron on edge
# inputs [(14450,)], 1,853,889 parameters
# Linear(n_in,128) -> GELU -> Dropout(0.3) -> Linear(128,32) -> GELU -> Dropout(0.3) -> Linear(32,1)
# Adam lr=0.001 weight_decay=0.0001 batch=32 dropout=0.3
# loss = MSE on standardised log10 half-life
# early stopping on validation loss, patience 40, max 300 epochs
#
 epoch  train_batch        train          val  note
     1    48.285340    24.912983     0.854059  * best
     2   133.431353    57.745922     0.877362  
     3    39.394109    19.530128     0.858997  
     4   105.240864    20.864855     0.792369  * best
     5    21.096164    20.419493     0.817135  
     6     5.057975     4.934833     0.756029  * best
     7    13.650049     2.070914     0.765617  
     8     8.718803     0.776134     0.744445  * best
     9     1.136390     0.624688     0.761820  
    10     0.960010     0.569734     0.744021  * best
    11     0.720242     0.569966     0.738072  * best
    12     0.727393     0.514227     0.739207  
    13     0.760963     0.482605     0.736740  * best
    14     0.591743     0.494984     0.741095  
    15     0.568270     0.444932     0.739170  
    16     0.584843     0.419715     0.746454  
    17     0.533019     0.407486     0.745545  
    18     0.525977     0.574471     0.794985  
    19     0.561519     0.405513     0.742813  
    20     0.509025     0.380442     0.760987  
    21     0.557023     0.361169     0.790033  
    22     0.524914     0.367814     0.743595  
    23     0.487114     0.330303     0.790944  
    24     0.474140     0.324917     0.773468  
    25     0.460092     0.320579     0.802448  
    26     0.462050     0.328588     0.775182  
    27     0.444891     0.302973     0.815793  
    28     0.534639     0.338533     0.793647  
    29     0.450922     0.324799     0.770464  
    30     0.443548     0.295414     0.811846  
    31     0.445611     0.319418     0.836001  
    32     0.478360     0.337934     0.824460  
    33     0.455807     0.309044     0.751262  
    34     0.602074     0.971079     1.331374  
    35     0.644661     0.389226     0.768551  
    36     0.504440     0.361016     0.734324  * best
    37     0.592288     0.542114     0.715697  * best
    38     0.511537     0.301851     0.769287  
    39     0.455603     0.318131     0.811597  
    40     0.470774     0.308485     0.738519  
    41     0.570403     0.334723     0.728585  
    42     0.665907     0.379840     0.722121  
    43     0.576852     0.359447     0.722978  
    44     0.493319     0.311339     0.764550  
    45     0.481337     0.277943     0.774832  
    46     0.476827     0.310821     0.758865  
    47     0.473966     0.305296     0.752950  
    48     0.472568     0.289648     0.759668  
    49     0.491258     0.291241     0.776309  
    50     0.487045     0.297047     0.799955  
    51     0.517511     0.316752     0.737231  
    52     0.476155     0.296512     0.755533  
    53     0.474056     0.293649     0.734225  
    54     0.489995     0.272595     0.784422  
    55     0.470550     0.292003     0.734302  
    56     0.473694     0.278932     0.762033  
    57     0.589175     0.299920     0.729310  
    58     0.496127     0.352907     0.709447  * best
    59     0.826033     0.578156     0.725570  
    60     0.573201     0.313921     0.800054  
    61     0.541213     0.347993     0.750400  
    62     0.436436     0.359502     0.871777  
    63     0.535703     0.299861     0.800846  
    64     0.497039     0.322069     0.785905  
    65     0.525664     0.381479     0.704120  * best
    66     0.652448     0.785658     0.764983  
    67     0.696659     0.360910     0.803211  
    68     0.511942     0.325606     0.816407  
    69     0.482180     0.296616     0.756482  
    70     0.612568     0.291706     0.753437  
    71     0.510764     0.337712     0.756057  
    72     0.516669     0.322745     0.739455  
    73     0.503049     0.315227     0.739607  
    74     0.513038     0.328945     0.818947  
    75     0.506572     0.328610     0.742101  
    76     0.510888     0.288143     0.824439  
    77     0.512788     0.300193     0.747181  
    78     0.530476     0.309455     0.769535  
    79     0.506018     0.346072     0.744086  
    80     0.510050     0.307489     0.756436  
    81     0.505683     0.290640     0.778412  
    82     0.602137     0.311597     0.740869  
    83     0.538267     0.363252     0.773595  
    84     0.523712     0.329816     0.729489  
    85     0.510127     0.304791     0.739348  
    86     0.508893     0.332756     0.726327  
    87     0.513394     0.296893     0.796020  
    88     0.516052     0.281875     0.764444  
    89     0.510881     0.334623     0.772065  
    90     0.512752     0.331028     0.727781  
    91     0.489683     0.270265     0.757637  
    92     0.458929     0.264115     0.794244  
    93     0.461479     0.301840     0.825958  
    94     0.460838     0.286583     0.781800  
    95     0.526737     0.630645     0.735320  
    96     0.518078     0.326132     0.741851  
    97     0.426911     0.303521     0.761745  
    98     0.409563     0.237526     0.858853  
    99     0.396926     0.249985     0.881758  
   100     0.617522     0.538143     0.770338  
   101     0.605763     0.447246     0.758053  
   102     0.548245     0.425209     0.726992  
   103     0.531622     0.283523     0.776591  
   104     0.460995     0.312753     0.904119  
   105     0.528989     0.396482     0.797476  
# stopped at epoch 105: no improvement for 40 epochs
# restored epoch 65 (val MSE 0.704120)
# Spearman  train +0.8763  val +0.1948  test +0.2593
