# gbm_node+energy seed 2
# boosted trees on node+energy
# inputs 11950, 2,224 trees
# LightGBM gradient-boosted trees, objective l2, lr 0.05, num_leaves 31, min_data_in_leaf 20, feature_fraction 0.3, bagging 0.8, lambda_l2 1.0, up to 3000 rounds, early stopping 100 on validation l2
# loss = l2 on standardised log10 half-life
#
 round        train          val  note
     1     0.968604     0.977781  
     2     0.939413     0.950709  
     3     0.911248     0.926989  
     4     0.882823     0.902189  
     5     0.857411     0.878971  
     6     0.833895     0.859278  
     7     0.812837     0.842154  
     8     0.792299     0.823460  
     9     0.772456     0.806136  
    10     0.756399     0.792063  
    11     0.741372     0.777668  
    12     0.725426     0.763664  
    13     0.710737     0.751179  
    14     0.697459     0.740670  
    15     0.683847     0.729238  
    16     0.672381     0.720740  
    17     0.660524     0.711942  
    18     0.649865     0.703763  
    19     0.639108     0.695974  
    20     0.628999     0.688234  
    21     0.620166     0.682362  
    22     0.612009     0.675954  
    23     0.603511     0.670348  
    24     0.595305     0.664790  
    25     0.586635     0.659237  
    26     0.578870     0.653916  
    27     0.571983     0.649317  
    28     0.564007     0.644070  
    29     0.557275     0.639858  
    30     0.551019     0.635409  
    31     0.544558     0.631686  
    32     0.538558     0.626448  
    33     0.532730     0.623161  
    34     0.527310     0.619598  
    35     0.521386     0.615900  
    36     0.516929     0.614243  
    37     0.511596     0.610817  
    38     0.506642     0.607770  
    39     0.502209     0.605555  
    40     0.497568     0.603209  
    41     0.493519     0.601697  
    42     0.489283     0.600128  
    43     0.484759     0.597868  
    44     0.480247     0.594575  
    45     0.476358     0.592472  
    46     0.471917     0.589890  
    47     0.467631     0.587187  
    48     0.463908     0.586397  
    49     0.459898     0.583689  
    50     0.455777     0.580918  
    51     0.452277     0.580160  
    52     0.448520     0.578549  
    53     0.444689     0.576693  
    54     0.441386     0.575346  
    55     0.438129     0.574792  
    56     0.434958     0.573617  
    57     0.431630     0.572751  
    58     0.428578     0.571210  
    59     0.425330     0.569373  
    60     0.422457     0.569005  
    61     0.419274     0.568101  
    62     0.416226     0.566582  
    63     0.412864     0.564572  
    64     0.409730     0.563128  
    65     0.406809     0.562379  
    66     0.404026     0.560926  
    67     0.400866     0.559263  
    68     0.397899     0.557877  
    69     0.394923     0.555700  
    70     0.392137     0.554868  
    71     0.389292     0.553385  
    72     0.386481     0.552147  
    73     0.383728     0.551457  
    74     0.381009     0.550279  
    75     0.378211     0.549103  
    76     0.375491     0.548105  
    77     0.372755     0.546998  
    78     0.370342     0.546189  
    79     0.367965     0.545539  
    80     0.365567     0.543949  
    81     0.363189     0.543467  
    82     0.360694     0.543157  
    83     0.358396     0.542360  
    84     0.356098     0.542180  
    85     0.353727     0.541723  
    86     0.351283     0.541534  
    87     0.349026     0.540989  
    88     0.346687     0.540348  
    89     0.344444     0.540933  
    90     0.342344     0.540483  
    91     0.340209     0.539459  
    92     0.338217     0.538935  
    93     0.336151     0.538143  
    94     0.334131     0.538192  
    95     0.332124     0.537527  
    96     0.330033     0.537322  
    97     0.327898     0.536909  
    98     0.325814     0.536335  
    99     0.323880     0.535846  
   100     0.321868     0.535322  
   101     0.319767     0.534338  
   102     0.317755     0.533948  
   103     0.315591     0.533083  
   104     0.313622     0.532748  
   105     0.311524     0.531826  
   106     0.309533     0.531450  
   107     0.307685     0.530998  
   108     0.305741     0.531106  
   109     0.303928     0.531016  
   110     0.302190     0.530893  
   111     0.300271     0.530182  
   112     0.298411     0.529506  
   113     0.296503     0.528920  
   114     0.294568     0.527949  
   115     0.292830     0.527727  
   116     0.291132     0.527493  
   117     0.289316     0.527457  
   118     0.287489     0.526919  
   119     0.285624     0.526770  
   120     0.283885     0.526082  
   121     0.282131     0.525665  
   122     0.280384     0.525340  
   123     0.278760     0.525008  
   124     0.277134     0.524823  
   125     0.275506     0.524092  
   126     0.273755     0.524022  
   127     0.272041     0.523734  
   128     0.270444     0.523100  
   129     0.268939     0.523043  
   130     0.267453     0.523077  
   131     0.265926     0.523169  
   132     0.264305     0.522913  
   133     0.262792     0.522533  
   134     0.261260     0.522041  
   135     0.259733     0.521529  
   136     0.258261     0.521634  
   137     0.256734     0.521381  
   138     0.255324     0.521662  
   139     0.253899     0.520984  
   140     0.252493     0.520642  
   141     0.250938     0.520531  
   142     0.249465     0.519869  
   143     0.248032     0.519615  
   144     0.246691     0.519558  
   145     0.245329     0.519031  
   146     0.243936     0.518607  
   147     0.242574     0.518251  
   148     0.241300     0.517942  
   149     0.239864     0.517493  
   150     0.238388     0.517448  
   151     0.237086     0.517389  
   152     0.235774     0.517242  
   153     0.234550     0.516899  
   154     0.233287     0.517013  
   155     0.232021     0.516769  
   156     0.230726     0.516835  
   157     0.229424     0.516860  
   158     0.228112     0.516923  
   159     0.226983     0.517066  
   160     0.225756     0.516702  
   161     0.224525     0.516547  
   162     0.223392     0.516436  
   163     0.222034     0.515586  
   164     0.220807     0.515539  
   165     0.219566     0.515000  
   166     0.218321     0.514853  
   167     0.217136     0.514598  
   168     0.215908     0.514039  
   169     0.214709     0.514242  
   170     0.213623     0.514546  
   171     0.212420     0.514177  
   172     0.211319     0.513986  
   173     0.210213     0.513549  
   174     0.209081     0.513347  
   175     0.208079     0.513102  
   176     0.206986     0.512874  
   177     0.205860     0.512491  
   178     0.204735     0.512301  
   179     0.203629     0.512212  
   180     0.202497     0.511590  
   181     0.201378     0.511451  
   182     0.200364     0.511251  
   183     0.199245     0.511181  
   184     0.198155     0.510947  
   185     0.197144     0.510813  
   186     0.196136     0.510561  
   187     0.195040     0.510359  
   188     0.193974     0.509881  
   189     0.192989     0.509862  
   190     0.191889     0.509897  
   191     0.190795     0.509591  
   192     0.189749     0.509333  
   193     0.188728     0.509192  
   194     0.187767     0.509212  
   195     0.186831     0.509062  
   196     0.185890     0.508955  
   197     0.184908     0.508750  
   198     0.183915     0.508489  
   199     0.182963     0.508025  
   200     0.181955     0.507675  
   201     0.180995     0.507239  
   202     0.179996     0.507339  
   203     0.179080     0.507141  
   204     0.178200     0.506746  
   205     0.177264     0.506603  
   206     0.176339     0.506873  
   207     0.175499     0.506613  
   208     0.174640     0.506248  
   209     0.173704     0.506173  
   210     0.172854     0.506021  
   211     0.171830     0.505513  
   212     0.170942     0.505413  
   213     0.170023     0.505161  
   214     0.169153     0.504719  
   215     0.168354     0.504678  
   216     0.167443     0.504280  
   217     0.166641     0.504035  
   218     0.165781     0.503621  
   219     0.164912     0.503606  
   220     0.164025     0.503068  
   221     0.163134     0.502961  
   222     0.162340     0.502782  
   223     0.161577     0.502506  
   224     0.160725     0.502253  
   225     0.159893     0.502222  
   226     0.158995     0.502237  
   227     0.158192     0.502005  
   228     0.157342     0.501981  
   229     0.156585     0.501843  
   230     0.155813     0.501630  
   231     0.154993     0.501390  
   232     0.154262     0.501328  
   233     0.153457     0.501123  
   234     0.152696     0.500942  
   235     0.151995     0.500811  
   236     0.151221     0.500573  
   237     0.150487     0.500530  
   238     0.149717     0.500024  
   239     0.148957     0.500076  
   240     0.148202     0.499962  
   241     0.147444     0.499574  
   242     0.146748     0.499310  
   243     0.146054     0.499183  
   244     0.145387     0.499347  
   245     0.144673     0.499275  
   246     0.143927     0.499154  
   247     0.143188     0.499154  
   248     0.142477     0.499356  
   249     0.141758     0.499272  
   250     0.141065     0.499510  
   251     0.140374     0.499467  
   252     0.139659     0.499622  
   253     0.138971     0.499500  
   254     0.138307     0.499431  
   255     0.137654     0.498999  
   256     0.136997     0.498984  
   257     0.136341     0.499100  
   258     0.135659     0.498956  
   259     0.134957     0.498804  
   260     0.134271     0.498777  
   261     0.133587     0.498583  
   262     0.132937     0.498567  
   263     0.132280     0.498626  
   264     0.131613     0.498538  
   265     0.130938     0.498564  
   266     0.130262     0.498619  
   267     0.129677     0.498604  
   268     0.129061     0.498378  
   269     0.128484     0.498236  
   270     0.127860     0.498057  
   271     0.127188     0.498009  
   272     0.126512     0.497643  
   273     0.125840     0.497213  
   274     0.125205     0.497076  
   275     0.124581     0.497071  
   276     0.123957     0.496957  
   277     0.123301     0.496848  
   278     0.122678     0.496551  
   279     0.122004     0.496393  
   280     0.121416     0.496383  
   281     0.120858     0.496301  
   282     0.120287     0.496225  
   283     0.119733     0.496009  
   284     0.119183     0.495905  
   285     0.118615     0.495852  
   286     0.118003     0.495683  
   287     0.117481     0.495719  
   288     0.116882     0.495697  
   289     0.116273     0.495887  
   290     0.115660     0.496060  
   291     0.115113     0.496019  
   292     0.114543     0.496001  
   293     0.114028     0.495901  
   294     0.113434     0.495842  
   295     0.112949     0.495751  
   296     0.112438     0.495702  
   297     0.111871     0.495425  
   298     0.111363     0.495431  
   299     0.110816     0.495395  
   300     0.110325     0.495587  
   301     0.109786     0.495564  
   302     0.109275     0.495589  
   303     0.108693     0.495582  
   304     0.108203     0.495623  
   305     0.107743     0.495427  
   306     0.107267     0.495452  
   307     0.106784     0.495131  
   308     0.106266     0.495362  
   309     0.105735     0.495265  
   310     0.105265     0.495227  
   311     0.104743     0.495085  
   312     0.104241     0.495021  
   313     0.103780     0.495085  
   314     0.103337     0.495107  
   315     0.102838     0.495263  
   316     0.102333     0.495272  
   317     0.101847     0.495127  
   318     0.101396     0.495160  
   319     0.100921     0.495107  
   320     0.100484     0.495209  
   321     0.099992     0.495190  
   322     0.099546     0.495203  
   323     0.099075     0.494930  
   324     0.098603     0.494795  
   325     0.098113     0.494683  
   326     0.097590     0.494464  
   327     0.097123     0.494248  
   328     0.096668     0.494243  
   329     0.096246     0.494056  
   330     0.095824     0.493940  
   331     0.095316     0.493973  
   332     0.094855     0.494002  
   333     0.094406     0.493957  
   334     0.093983     0.493981  
   335     0.093552     0.493831  
   336     0.093066     0.493765  
   337     0.092649     0.493593  
   338     0.092234     0.493637  
   339     0.091793     0.493552  
   340     0.091415     0.493487  
   341     0.090957     0.493271  
   342     0.090503     0.493274  
   343     0.090121     0.493032  
   344     0.089690     0.492965  
   345     0.089283     0.492730  
   346     0.088909     0.492536  
   347     0.088489     0.492365  
   348     0.088059     0.492248  
   349     0.087642     0.492091  
   350     0.087238     0.492069  
   351     0.086829     0.492055  
   352     0.086468     0.492130  
   353     0.086068     0.492248  
   354     0.085671     0.492175  
   355     0.085255     0.492245  
   356     0.084871     0.492318  
   357     0.084453     0.492246  
   358     0.084033     0.492213  
   359     0.083623     0.492273  
   360     0.083219     0.492057  
   361     0.082821     0.492009  
   362     0.082432     0.491878  
   363     0.082032     0.491773  
   364     0.081619     0.491671  
   365     0.081271     0.491668  
   366     0.080886     0.491704  
   367     0.080521     0.491756  
   368     0.080172     0.491840  
   369     0.079779     0.491852  
   370     0.079419     0.491875  
   371     0.079002     0.491862  
   372     0.078625     0.491801  
   373     0.078285     0.491738  
   374     0.077936     0.491877  
   375     0.077571     0.491933  
   376     0.077242     0.492066  
   377     0.076900     0.491941  
   378     0.076476     0.491724  
   379     0.076163     0.491744  
   380     0.075831     0.491787  
   381     0.075433     0.491771  
   382     0.075071     0.491677  
   383     0.074737     0.491734  
   384     0.074381     0.491502  
   385     0.074037     0.491467  
   386     0.073713     0.491352  
   387     0.073395     0.491381  
   388     0.073082     0.491328  
   389     0.072731     0.491184  
   390     0.072411     0.490875  
   391     0.072109     0.490928  
   392     0.071757     0.490946  
   393     0.071426     0.490835  
   394     0.071096     0.490738  
   395     0.070787     0.490762  
   396     0.070477     0.490512  
   397     0.070176     0.490346  
   398     0.069847     0.490434  
   399     0.069531     0.490335  
   400     0.069231     0.490436  
   401     0.068910     0.490267  
   402     0.068588     0.490236  
   403     0.068297     0.490131  
   404     0.068003     0.489942  
   405     0.067677     0.489795  
   406     0.067343     0.489614  
   407     0.067046     0.489694  
   408     0.066722     0.489536  
   409     0.066436     0.489426  
   410     0.066155     0.489347  
   411     0.065842     0.489219  
   412     0.065518     0.489274  
   413     0.065199     0.489140  
   414     0.064900     0.489037  
   415     0.064633     0.488936  
   416     0.064368     0.488908  
   417     0.064097     0.489098  
   418     0.063796     0.488924  
   419     0.063538     0.488955  
   420     0.063227     0.489039  
   421     0.062945     0.488879  
   422     0.062663     0.488828  
   423     0.062381     0.488707  
   424     0.062139     0.488674  
   425     0.061836     0.488350  
   426     0.061552     0.488358  
   427     0.061249     0.488392  
   428     0.060944     0.488196  
   429     0.060699     0.488245  
   430     0.060426     0.488257  
   431     0.060163     0.488359  
   432     0.059909     0.488347  
   433     0.059626     0.488199  
   434     0.059352     0.488113  
   435     0.059076     0.488083  
   436     0.058825     0.488088  
   437     0.058572     0.487918  
   438     0.058323     0.487901  
   439     0.058060     0.487767  
   440     0.057793     0.487722  
   441     0.057563     0.487767  
   442     0.057312     0.487544  
   443     0.057062     0.487491  
   444     0.056804     0.487548  
   445     0.056523     0.487722  
   446     0.056282     0.487659  
   447     0.056028     0.487581  
   448     0.055752     0.487485  
   449     0.055498     0.487445  
   450     0.055282     0.487402  
   451     0.055022     0.487314  
   452     0.054778     0.487340  
   453     0.054506     0.487270  
   454     0.054219     0.487240  
   455     0.053975     0.487283  
   456     0.053730     0.487225  
   457     0.053480     0.487206  
   458     0.053258     0.487275  
   459     0.053018     0.487282  
   460     0.052772     0.487019  
   461     0.052524     0.487048  
   462     0.052299     0.487054  
   463     0.052056     0.486997  
   464     0.051835     0.486879  
   465     0.051596     0.486832  
   466     0.051364     0.486852  
   467     0.051116     0.486905  
   468     0.050898     0.486992  
   469     0.050652     0.487020  
   470     0.050418     0.486997  
   471     0.050193     0.486849  
   472     0.049965     0.486910  
   473     0.049737     0.486959  
   474     0.049538     0.486950  
   475     0.049321     0.486888  
   476     0.049086     0.486791  
   477     0.048877     0.486846  
   478     0.048657     0.486777  
   479     0.048450     0.486652  
   480     0.048244     0.486657  
   481     0.048036     0.486497  
   482     0.047842     0.486369  
   483     0.047644     0.486480  
   484     0.047447     0.486432  
   485     0.047256     0.486436  
   486     0.047029     0.486495  
   487     0.046834     0.486390  
   488     0.046627     0.486477  
   489     0.046435     0.486624  
   490     0.046231     0.486526  
   491     0.046029     0.486465  
   492     0.045833     0.486446  
   493     0.045647     0.486267  
   494     0.045429     0.486217  
   495     0.045236     0.486136  
   496     0.045036     0.486014  
   497     0.044830     0.486039  
   498     0.044646     0.485938  
   499     0.044459     0.485998  
   500     0.044267     0.485914  
   501     0.044088     0.485858  
   502     0.043885     0.485816  
   503     0.043681     0.485739  
   504     0.043487     0.485731  
   505     0.043313     0.485803  
   506     0.043136     0.485767  
   507     0.042952     0.485695  
   508     0.042776     0.485714  
   509     0.042566     0.485629  
   510     0.042357     0.485662  
   511     0.042183     0.485785  
   512     0.041992     0.485730  
   513     0.041811     0.485632  
   514     0.041633     0.485554  
   515     0.041459     0.485541  
   516     0.041277     0.485541  
   517     0.041114     0.485633  
   518     0.040934     0.485546  
   519     0.040753     0.485555  
   520     0.040581     0.485510  
   521     0.040392     0.485473  
   522     0.040218     0.485529  
   523     0.040040     0.485482  
   524     0.039861     0.485501  
   525     0.039674     0.485529  
   526     0.039497     0.485437  
   527     0.039321     0.485487  
   528     0.039145     0.485512  
   529     0.038994     0.485489  
   530     0.038821     0.485478  
   531     0.038658     0.485432  
   532     0.038492     0.485391  
   533     0.038334     0.485364  
   534     0.038163     0.485320  
   535     0.038011     0.485388  
   536     0.037853     0.485394  
   537     0.037688     0.485268  
   538     0.037542     0.485340  
   539     0.037388     0.485327  
   540     0.037229     0.485273  
   541     0.037065     0.485267  
   542     0.036883     0.485213  
   543     0.036707     0.485264  
   544     0.036568     0.485281  
   545     0.036421     0.485291  
   546     0.036256     0.485268  
   547     0.036100     0.485327  
   548     0.035946     0.485421  
   549     0.035799     0.485542  
   550     0.035625     0.485388  
   551     0.035475     0.485341  
   552     0.035338     0.485334  
   553     0.035180     0.485262  
   554     0.035042     0.485244  
   555     0.034884     0.485328  
   556     0.034724     0.485378  
   557     0.034589     0.485303  
   558     0.034436     0.485221  
   559     0.034283     0.485143  
   560     0.034125     0.485084  
   561     0.033986     0.484998  
   562     0.033847     0.484955  
   563     0.033690     0.484891  
   564     0.033534     0.484932  
   565     0.033387     0.484870  
   566     0.033245     0.484793  
   567     0.033096     0.484753  
   568     0.032946     0.484772  
   569     0.032816     0.484797  
   570     0.032675     0.484784  
   571     0.032534     0.484773  
   572     0.032393     0.484717  
   573     0.032258     0.484711  
   574     0.032119     0.484601  
   575     0.031967     0.484672  
   576     0.031837     0.484547  
   577     0.031701     0.484562  
   578     0.031586     0.484564  
   579     0.031467     0.484572  
   580     0.031326     0.484400  
   581     0.031193     0.484453  
   582     0.031067     0.484370  
   583     0.030928     0.484387  
   584     0.030806     0.484407  
   585     0.030677     0.484468  
   586     0.030562     0.484379  
   587     0.030441     0.484306  
   588     0.030310     0.484470  
   589     0.030167     0.484469  
   590     0.030046     0.484477  
   591     0.029918     0.484469  
   592     0.029799     0.484317  
   593     0.029657     0.484297  
   594     0.029540     0.484324  
   595     0.029409     0.484245  
   596     0.029285     0.484147  
   597     0.029166     0.484075  
   598     0.029043     0.484059  
   599     0.028926     0.484191  
   600     0.028810     0.484220  
   601     0.028689     0.484199  
   602     0.028568     0.484178  
   603     0.028449     0.484233  
   604     0.028313     0.484279  
   605     0.028184     0.484291  
   606     0.028056     0.484266  
   607     0.027926     0.484218  
   608     0.027807     0.484250  
   609     0.027675     0.484207  
   610     0.027548     0.484173  
   611     0.027430     0.484068  
   612     0.027320     0.483998  
   613     0.027197     0.484046  
   614     0.027083     0.484075  
   615     0.026970     0.484145  
   616     0.026856     0.484056  
   617     0.026736     0.483955  
   618     0.026618     0.483848  
   619     0.026516     0.483816  
   620     0.026400     0.483671  
   621     0.026279     0.483681  
   622     0.026154     0.483680  
   623     0.026032     0.483663  
   624     0.025932     0.483691  
   625     0.025829     0.483827  
   626     0.025728     0.483765  
   627     0.025623     0.483785  
   628     0.025523     0.483803  
   629     0.025426     0.483755  
   630     0.025332     0.483770  
   631     0.025239     0.483674  
   632     0.025132     0.483589  
   633     0.025028     0.483534  
   634     0.024923     0.483577  
   635     0.024821     0.483583  
   636     0.024728     0.483563  
   637     0.024617     0.483473  
   638     0.024516     0.483407  
   639     0.024410     0.483430  
   640     0.024315     0.483411  
   641     0.024219     0.483389  
   642     0.024129     0.483284  
   643     0.024022     0.483357  
   644     0.023921     0.483360  
   645     0.023818     0.483330  
   646     0.023717     0.483356  
   647     0.023614     0.483232  
   648     0.023506     0.483231  
   649     0.023404     0.483146  
   650     0.023302     0.483023  
   651     0.023209     0.482975  
   652     0.023121     0.482991  
   653     0.023020     0.483079  
   654     0.022925     0.483104  
   655     0.022828     0.483073  
   656     0.022729     0.483067  
   657     0.022641     0.483010  
   658     0.022552     0.483054  
   659     0.022452     0.483031  
   660     0.022359     0.483144  
   661     0.022260     0.483164  
   662     0.022167     0.483231  
   663     0.022072     0.483206  
   664     0.021974     0.483158  
   665     0.021890     0.483193  
   666     0.021798     0.483234  
   667     0.021694     0.483227  
   668     0.021604     0.483219  
   669     0.021517     0.483130  
   670     0.021430     0.483183  
   671     0.021336     0.483169  
   672     0.021252     0.483093  
   673     0.021160     0.483112  
   674     0.021072     0.483113  
   675     0.020981     0.483101  
   676     0.020895     0.483037  
   677     0.020802     0.483047  
   678     0.020708     0.483032  
   679     0.020626     0.483066  
   680     0.020529     0.483090  
   681     0.020447     0.483096  
   682     0.020353     0.483111  
   683     0.020270     0.483162  
   684     0.020191     0.483145  
   685     0.020101     0.483174  
   686     0.020030     0.483154  
   687     0.019948     0.483210  
   688     0.019864     0.483089  
   689     0.019788     0.483042  
   690     0.019701     0.483070  
   691     0.019621     0.483017  
   692     0.019533     0.482914  
   693     0.019448     0.482968  
   694     0.019368     0.482961  
   695     0.019286     0.482919  
   696     0.019214     0.482925  
   697     0.019144     0.482872  
   698     0.019055     0.482862  
   699     0.018983     0.482815  
   700     0.018911     0.482712  
   701     0.018820     0.482655  
   702     0.018750     0.482594  
   703     0.018663     0.482579  
   704     0.018595     0.482565  
   705     0.018515     0.482517  
   706     0.018445     0.482501  
   707     0.018365     0.482440  
   708     0.018293     0.482462  
   709     0.018222     0.482485  
   710     0.018156     0.482455  
   711     0.018077     0.482390  
   712     0.018010     0.482384  
   713     0.017924     0.482362  
   714     0.017844     0.482329  
   715     0.017770     0.482293  
   716     0.017698     0.482211  
   717     0.017621     0.482146  
   718     0.017543     0.482174  
   719     0.017478     0.482198  
   720     0.017414     0.482183  
   721     0.017352     0.482190  
   722     0.017287     0.482175  
   723     0.017216     0.482091  
   724     0.017148     0.482184  
   725     0.017082     0.482251  
   726     0.017017     0.482271  
   727     0.016946     0.482321  
   728     0.016882     0.482205  
   729     0.016814     0.482202  
   730     0.016750     0.482133  
   731     0.016675     0.482043  
   732     0.016605     0.482030  
   733     0.016528     0.482030  
   734     0.016457     0.482051  
   735     0.016384     0.482002  
   736     0.016318     0.482016  
   737     0.016245     0.481887  
   738     0.016172     0.481803  
   739     0.016107     0.481784  
   740     0.016045     0.481815  
   741     0.015980     0.481773  
   742     0.015908     0.481703  
   743     0.015848     0.481827  
   744     0.015789     0.481881  
   745     0.015723     0.481877  
   746     0.015667     0.481854  
   747     0.015603     0.481771  
   748     0.015532     0.481694  
   749     0.015461     0.481662  
   750     0.015401     0.481613  
   751     0.015338     0.481633  
   752     0.015267     0.481643  
   753     0.015203     0.481551  
   754     0.015134     0.481542  
   755     0.015066     0.481571  
   756     0.015005     0.481639  
   757     0.014940     0.481663  
   758     0.014878     0.481599  
   759     0.014819     0.481527  
   760     0.014763     0.481557  
   761     0.014712     0.481511  
   762     0.014646     0.481377  
   763     0.014584     0.481324  
   764     0.014525     0.481387  
   765     0.014467     0.481343  
   766     0.014414     0.481267  
   767     0.014353     0.481243  
   768     0.014293     0.481285  
   769     0.014230     0.481212  
   770     0.014176     0.481128  
   771     0.014114     0.481105  
   772     0.014062     0.481116  
   773     0.013997     0.481124  
   774     0.013940     0.481133  
   775     0.013883     0.481134  
   776     0.013828     0.481089  
   777     0.013771     0.481114  
   778     0.013709     0.481035  
   779     0.013652     0.481053  
   780     0.013598     0.481037  
   781     0.013536     0.480957  
   782     0.013488     0.480927  
   783     0.013430     0.480937  
   784     0.013374     0.481005  
   785     0.013322     0.481003  
   786     0.013273     0.480964  
   787     0.013217     0.480954  
   788     0.013163     0.480944  
   789     0.013112     0.480925  
   790     0.013055     0.480862  
   791     0.012995     0.480819  
   792     0.012941     0.480815  
   793     0.012890     0.480842  
   794     0.012834     0.480768  
   795     0.012775     0.480791  
   796     0.012716     0.480846  
   797     0.012664     0.480833  
   798     0.012620     0.480867  
   799     0.012567     0.480920  
   800     0.012517     0.480934  
   801     0.012470     0.480955  
   802     0.012422     0.480911  
   803     0.012378     0.480913  
   804     0.012325     0.480948  
   805     0.012276     0.480933  
   806     0.012227     0.480930  
   807     0.012178     0.480849  
   808     0.012123     0.480777  
   809     0.012075     0.480763  
   810     0.012027     0.480784  
   811     0.011977     0.480766  
   812     0.011927     0.480788  
   813     0.011872     0.480778  
   814     0.011824     0.480829  
   815     0.011775     0.480840  
   816     0.011729     0.480805  
   817     0.011678     0.480837  
   818     0.011629     0.480827  
   819     0.011576     0.480859  
   820     0.011529     0.480831  
   821     0.011480     0.480780  
   822     0.011435     0.480801  
   823     0.011393     0.480808  
   824     0.011344     0.480829  
   825     0.011296     0.480826  
   826     0.011248     0.480905  
   827     0.011208     0.480895  
   828     0.011162     0.480884  
   829     0.011114     0.480944  
   830     0.011070     0.480939  
   831     0.011028     0.480961  
   832     0.010986     0.480958  
   833     0.010940     0.480928  
   834     0.010893     0.480871  
   835     0.010847     0.480813  
   836     0.010802     0.480769  
   837     0.010760     0.480806  
   838     0.010715     0.480705  
   839     0.010668     0.480685  
   840     0.010619     0.480705  
   841     0.010572     0.480609  
   842     0.010534     0.480556  
   843     0.010491     0.480543  
   844     0.010447     0.480445  
   845     0.010401     0.480425  
   846     0.010361     0.480419  
   847     0.010318     0.480461  
   848     0.010274     0.480498  
   849     0.010237     0.480474  
   850     0.010197     0.480486  
   851     0.010153     0.480576  
   852     0.010115     0.480607  
   853     0.010080     0.480598  
   854     0.010038     0.480528  
   855     0.009996     0.480561  
   856     0.009953     0.480610  
   857     0.009911     0.480534  
   858     0.009873     0.480485  
   859     0.009826     0.480422  
   860     0.009787     0.480343  
   861     0.009753     0.480337  
   862     0.009713     0.480305  
   863     0.009677     0.480334  
   864     0.009639     0.480235  
   865     0.009599     0.480230  
   866     0.009562     0.480171  
   867     0.009519     0.480178  
   868     0.009482     0.480260  
   869     0.009449     0.480293  
   870     0.009416     0.480355  
   871     0.009377     0.480327  
   872     0.009334     0.480312  
   873     0.009300     0.480372  
   874     0.009266     0.480377  
   875     0.009230     0.480349  
   876     0.009194     0.480360  
   877     0.009160     0.480382  
   878     0.009126     0.480331  
   879     0.009090     0.480334  
   880     0.009056     0.480282  
   881     0.009021     0.480198  
   882     0.008983     0.480163  
   883     0.008942     0.480179  
   884     0.008908     0.480167  
   885     0.008871     0.480152  
   886     0.008838     0.480148  
   887     0.008804     0.480158  
   888     0.008774     0.480195  
   889     0.008741     0.480172  
   890     0.008703     0.480195  
   891     0.008668     0.480144  
   892     0.008635     0.480135  
   893     0.008596     0.480114  
   894     0.008559     0.480129  
   895     0.008523     0.480164  
   896     0.008480     0.480105  
   897     0.008448     0.480111  
   898     0.008415     0.480092  
   899     0.008381     0.480041  
   900     0.008346     0.480037  
   901     0.008309     0.480085  
   902     0.008278     0.480122  
   903     0.008245     0.480080  
   904     0.008211     0.480038  
   905     0.008176     0.480013  
   906     0.008144     0.479998  
   907     0.008114     0.480024  
   908     0.008081     0.480050  
   909     0.008047     0.480038  
   910     0.008015     0.479948  
   911     0.007979     0.479895  
   912     0.007950     0.479909  
   913     0.007918     0.479918  
   914     0.007885     0.479962  
   915     0.007852     0.479925  
   916     0.007816     0.479864  
   917     0.007788     0.479893  
   918     0.007753     0.479878  
   919     0.007726     0.479876  
   920     0.007691     0.479823  
   921     0.007661     0.479768  
   922     0.007634     0.479771  
   923     0.007608     0.479712  
   924     0.007581     0.479711  
   925     0.007546     0.479669  
   926     0.007516     0.479649  
   927     0.007485     0.479591  
   928     0.007457     0.479602  
   929     0.007427     0.479602  
   930     0.007395     0.479618  
   931     0.007361     0.479591  
   932     0.007330     0.479660  
   933     0.007296     0.479643  
   934     0.007266     0.479630  
   935     0.007238     0.479600  
   936     0.007207     0.479648  
   937     0.007178     0.479625  
   938     0.007151     0.479652  
   939     0.007119     0.479659  
   940     0.007092     0.479674  
   941     0.007062     0.479651  
   942     0.007033     0.479618  
   943     0.007006     0.479592  
   944     0.006977     0.479597  
   945     0.006950     0.479583  
   946     0.006920     0.479518  
   947     0.006892     0.479516  
   948     0.006865     0.479521  
   949     0.006835     0.479535  
   950     0.006811     0.479516  
   951     0.006786     0.479497  
   952     0.006754     0.479565  
   953     0.006730     0.479541  
   954     0.006701     0.479540  
   955     0.006673     0.479526  
   956     0.006648     0.479514  
   957     0.006621     0.479485  
   958     0.006597     0.479480  
   959     0.006568     0.479472  
   960     0.006540     0.479489  
   961     0.006512     0.479438  
   962     0.006488     0.479438  
   963     0.006462     0.479413  
   964     0.006437     0.479406  
   965     0.006413     0.479393  
   966     0.006386     0.479464  
   967     0.006362     0.479437  
   968     0.006339     0.479458  
   969     0.006314     0.479485  
   970     0.006290     0.479488  
   971     0.006267     0.479503  
   972     0.006241     0.479442  
   973     0.006215     0.479462  
   974     0.006192     0.479469  
   975     0.006170     0.479442  
   976     0.006148     0.479394  
   977     0.006126     0.479414  
   978     0.006104     0.479449  
   979     0.006083     0.479430  
   980     0.006055     0.479443  
   981     0.006030     0.479469  
   982     0.006006     0.479454  
   983     0.005984     0.479457  
   984     0.005961     0.479428  
   985     0.005931     0.479408  
   986     0.005904     0.479453  
   987     0.005881     0.479442  
   988     0.005856     0.479441  
   989     0.005833     0.479420  
   990     0.005809     0.479378  
   991     0.005787     0.479332  
   992     0.005764     0.479279  
   993     0.005745     0.479267  
   994     0.005722     0.479224  
   995     0.005699     0.479226  
   996     0.005676     0.479197  
   997     0.005651     0.479188  
   998     0.005629     0.479198  
   999     0.005608     0.479196  
  1000     0.005589     0.479200  
  1001     0.005565     0.479159  
  1002     0.005542     0.479154  
  1003     0.005520     0.479105  
  1004     0.005497     0.479127  
  1005     0.005474     0.479102  
  1006     0.005455     0.479116  
  1007     0.005434     0.479102  
  1008     0.005414     0.479087  
  1009     0.005393     0.479062  
  1010     0.005371     0.479039  
  1011     0.005348     0.479040  
  1012     0.005327     0.479009  
  1013     0.005304     0.479003  
  1014     0.005282     0.478985  
  1015     0.005262     0.478961  
  1016     0.005240     0.478943  
  1017     0.005218     0.478978  
  1018     0.005198     0.478973  
  1019     0.005179     0.478965  
  1020     0.005157     0.478963  
  1021     0.005136     0.478969  
  1022     0.005117     0.478969  
  1023     0.005096     0.479035  
  1024     0.005076     0.479000  
  1025     0.005056     0.479016  
  1026     0.005039     0.478958  
  1027     0.005018     0.478944  
  1028     0.004998     0.478915  
  1029     0.004978     0.478909  
  1030     0.004955     0.478883  
  1031     0.004934     0.478836  
  1032     0.004916     0.478822  
  1033     0.004895     0.478791  
  1034     0.004876     0.478787  
  1035     0.004861     0.478777  
  1036     0.004842     0.478794  
  1037     0.004825     0.478769  
  1038     0.004807     0.478763  
  1039     0.004789     0.478747  
  1040     0.004768     0.478799  
  1041     0.004751     0.478806  
  1042     0.004735     0.478806  
  1043     0.004716     0.478846  
  1044     0.004696     0.478838  
  1045     0.004679     0.478848  
  1046     0.004661     0.478855  
  1047     0.004643     0.478845  
  1048     0.004626     0.478856  
  1049     0.004609     0.478848  
  1050     0.004592     0.478837  
  1051     0.004574     0.478839  
  1052     0.004558     0.478856  
  1053     0.004540     0.478845  
  1054     0.004523     0.478867  
  1055     0.004506     0.478893  
  1056     0.004486     0.478913  
  1057     0.004469     0.478891  
  1058     0.004448     0.478871  
  1059     0.004431     0.478836  
  1060     0.004411     0.478882  
  1061     0.004394     0.478858  
  1062     0.004376     0.478871  
  1063     0.004359     0.478833  
  1064     0.004340     0.478819  
  1065     0.004326     0.478810  
  1066     0.004311     0.478836  
  1067     0.004294     0.478887  
  1068     0.004275     0.478840  
  1069     0.004262     0.478849  
  1070     0.004246     0.478887  
  1071     0.004230     0.478876  
  1072     0.004212     0.478828  
  1073     0.004194     0.478825  
  1074     0.004177     0.478815  
  1075     0.004158     0.478785  
  1076     0.004143     0.478816  
  1077     0.004125     0.478846  
  1078     0.004108     0.478817  
  1079     0.004092     0.478819  
  1080     0.004077     0.478786  
  1081     0.004062     0.478762  
  1082     0.004046     0.478740  
  1083     0.004030     0.478720  
  1084     0.004012     0.478711  
  1085     0.003997     0.478733  
  1086     0.003983     0.478734  
  1087     0.003967     0.478752  
  1088     0.003950     0.478738  
  1089     0.003934     0.478695  
  1090     0.003918     0.478657  
  1091     0.003903     0.478660  
  1092     0.003886     0.478665  
  1093     0.003869     0.478610  
  1094     0.003853     0.478557  
  1095     0.003839     0.478550  
  1096     0.003823     0.478533  
  1097     0.003808     0.478581  
  1098     0.003791     0.478570  
  1099     0.003776     0.478542  
  1100     0.003762     0.478550  
  1101     0.003747     0.478566  
  1102     0.003732     0.478579  
  1103     0.003716     0.478610  
  1104     0.003701     0.478595  
  1105     0.003687     0.478580  
  1106     0.003674     0.478610  
  1107     0.003658     0.478578  
  1108     0.003642     0.478552  
  1109     0.003627     0.478576  
  1110     0.003612     0.478598  
  1111     0.003598     0.478617  
  1112     0.003585     0.478635  
  1113     0.003571     0.478635  
  1114     0.003559     0.478640  
  1115     0.003545     0.478664  
  1116     0.003529     0.478654  
  1117     0.003514     0.478587  
  1118     0.003499     0.478607  
  1119     0.003484     0.478609  
  1120     0.003470     0.478611  
  1121     0.003457     0.478586  
  1122     0.003443     0.478595  
  1123     0.003429     0.478603  
  1124     0.003418     0.478572  
  1125     0.003403     0.478576  
  1126     0.003391     0.478586  
  1127     0.003376     0.478587  
  1128     0.003361     0.478569  
  1129     0.003348     0.478562  
  1130     0.003334     0.478523  
  1131     0.003320     0.478516  
  1132     0.003308     0.478542  
  1133     0.003292     0.478537  
  1134     0.003280     0.478516  
  1135     0.003268     0.478523  
  1136     0.003256     0.478520  
  1137     0.003242     0.478509  
  1138     0.003230     0.478465  
  1139     0.003217     0.478443  
  1140     0.003205     0.478435  
  1141     0.003191     0.478440  
  1142     0.003177     0.478443  
  1143     0.003164     0.478417  
  1144     0.003151     0.478401  
  1145     0.003139     0.478390  
  1146     0.003128     0.478424  
  1147     0.003115     0.478406  
  1148     0.003104     0.478402  
  1149     0.003093     0.478405  
  1150     0.003080     0.478412  
  1151     0.003068     0.478405  
  1152     0.003056     0.478418  
  1153     0.003042     0.478422  
  1154     0.003030     0.478422  
  1155     0.003019     0.478410  
  1156     0.003007     0.478414  
  1157     0.002996     0.478409  
  1158     0.002982     0.478392  
  1159     0.002972     0.478402  
  1160     0.002961     0.478403  
  1161     0.002948     0.478384  
  1162     0.002936     0.478406  
  1163     0.002924     0.478413  
  1164     0.002912     0.478407  
  1165     0.002900     0.478351  
  1166     0.002888     0.478379  
  1167     0.002878     0.478375  
  1168     0.002867     0.478378  
  1169     0.002857     0.478374  
  1170     0.002846     0.478378  
  1171     0.002834     0.478395  
  1172     0.002823     0.478382  
  1173     0.002814     0.478399  
  1174     0.002803     0.478394  
  1175     0.002792     0.478387  
  1176     0.002781     0.478393  
  1177     0.002771     0.478374  
  1178     0.002761     0.478360  
  1179     0.002750     0.478344  
  1180     0.002739     0.478376  
  1181     0.002729     0.478368  
  1182     0.002717     0.478377  
  1183     0.002707     0.478367  
  1184     0.002698     0.478391  
  1185     0.002687     0.478395  
  1186     0.002676     0.478393  
  1187     0.002665     0.478410  
  1188     0.002655     0.478422  
  1189     0.002644     0.478418  
  1190     0.002633     0.478427  
  1191     0.002623     0.478439  
  1192     0.002612     0.478429  
  1193     0.002602     0.478458  
  1194     0.002593     0.478467  
  1195     0.002583     0.478448  
  1196     0.002573     0.478440  
  1197     0.002564     0.478413  
  1198     0.002553     0.478434  
  1199     0.002544     0.478436  
  1200     0.002534     0.478436  
  1201     0.002524     0.478441  
  1202     0.002514     0.478457  
  1203     0.002504     0.478446  
  1204     0.002494     0.478428  
  1205     0.002484     0.478423  
  1206     0.002473     0.478452  
  1207     0.002463     0.478464  
  1208     0.002453     0.478442  
  1209     0.002443     0.478444  
  1210     0.002433     0.478417  
  1211     0.002424     0.478403  
  1212     0.002414     0.478418  
  1213     0.002405     0.478410  
  1214     0.002396     0.478386  
  1215     0.002387     0.478370  
  1216     0.002377     0.478384  
  1217     0.002368     0.478380  
  1218     0.002360     0.478346  
  1219     0.002351     0.478349  
  1220     0.002342     0.478349  
  1221     0.002334     0.478344  
  1222     0.002324     0.478322  
  1223     0.002315     0.478320  
  1224     0.002306     0.478329  
  1225     0.002297     0.478333  
  1226     0.002288     0.478324  
  1227     0.002281     0.478338  
  1228     0.002271     0.478339  
  1229     0.002261     0.478335  
  1230     0.002252     0.478338  
  1231     0.002243     0.478325  
  1232     0.002234     0.478341  
  1233     0.002227     0.478311  
  1234     0.002219     0.478301  
  1235     0.002211     0.478294  
  1236     0.002202     0.478304  
  1237     0.002195     0.478305  
  1238     0.002186     0.478299  
  1239     0.002177     0.478305  
  1240     0.002169     0.478329  
  1241     0.002159     0.478333  
  1242     0.002151     0.478353  
  1243     0.002143     0.478357  
  1244     0.002135     0.478363  
  1245     0.002126     0.478389  
  1246     0.002116     0.478365  
  1247     0.002106     0.478368  
  1248     0.002098     0.478378  
  1249     0.002090     0.478377  
  1250     0.002082     0.478405  
  1251     0.002073     0.478410  
  1252     0.002064     0.478434  
  1253     0.002055     0.478416  
  1254     0.002047     0.478400  
  1255     0.002040     0.478390  
  1256     0.002033     0.478399  
  1257     0.002025     0.478395  
  1258     0.002017     0.478395  
  1259     0.002010     0.478392  
  1260     0.002002     0.478399  
  1261     0.001994     0.478399  
  1262     0.001986     0.478374  
  1263     0.001977     0.478376  
  1264     0.001969     0.478363  
  1265     0.001961     0.478385  
  1266     0.001953     0.478376  
  1267     0.001945     0.478365  
  1268     0.001938     0.478357  
  1269     0.001929     0.478356  
  1270     0.001922     0.478362  
  1271     0.001916     0.478371  
  1272     0.001908     0.478394  
  1273     0.001900     0.478401  
  1274     0.001892     0.478418  
  1275     0.001884     0.478437  
  1276     0.001878     0.478428  
  1277     0.001869     0.478444  
  1278     0.001861     0.478445  
  1279     0.001854     0.478445  
  1280     0.001846     0.478420  
  1281     0.001839     0.478409  
  1282     0.001831     0.478367  
  1283     0.001823     0.478363  
  1284     0.001816     0.478336  
  1285     0.001809     0.478336  
  1286     0.001803     0.478330  
  1287     0.001796     0.478311  
  1288     0.001789     0.478303  
  1289     0.001781     0.478325  
  1290     0.001775     0.478314  
  1291     0.001768     0.478322  
  1292     0.001762     0.478321  
  1293     0.001755     0.478336  
  1294     0.001748     0.478329  
  1295     0.001742     0.478317  
  1296     0.001736     0.478323  
  1297     0.001729     0.478314  
  1298     0.001721     0.478290  
  1299     0.001715     0.478257  
  1300     0.001708     0.478248  
  1301     0.001702     0.478245  
  1302     0.001696     0.478231  
  1303     0.001689     0.478223  
  1304     0.001683     0.478221  
  1305     0.001676     0.478228  
  1306     0.001669     0.478218  
  1307     0.001662     0.478212  
  1308     0.001657     0.478183  
  1309     0.001651     0.478193  
  1310     0.001644     0.478229  
  1311     0.001638     0.478232  
  1312     0.001632     0.478232  
  1313     0.001626     0.478223  
  1314     0.001618     0.478246  
  1315     0.001612     0.478212  
  1316     0.001607     0.478193  
  1317     0.001600     0.478163  
  1318     0.001594     0.478153  
  1319     0.001587     0.478134  
  1320     0.001581     0.478110  
  1321     0.001574     0.478105  
  1322     0.001568     0.478112  
  1323     0.001561     0.478093  
  1324     0.001556     0.478092  
  1325     0.001550     0.478122  
  1326     0.001544     0.478102  
  1327     0.001537     0.478117  
  1328     0.001532     0.478126  
  1329     0.001525     0.478112  
  1330     0.001520     0.478105  
  1331     0.001514     0.478128  
  1332     0.001508     0.478111  
  1333     0.001502     0.478105  
  1334     0.001497     0.478094  
  1335     0.001491     0.478073  
  1336     0.001485     0.478075  
  1337     0.001478     0.478073  
  1338     0.001473     0.478084  
  1339     0.001468     0.478097  
  1340     0.001463     0.478107  
  1341     0.001457     0.478113  
  1342     0.001451     0.478110  
  1343     0.001446     0.478122  
  1344     0.001440     0.478127  
  1345     0.001435     0.478133  
  1346     0.001430     0.478137  
  1347     0.001424     0.478128  
  1348     0.001418     0.478102  
  1349     0.001413     0.478104  
  1350     0.001407     0.478104  
  1351     0.001401     0.478117  
  1352     0.001396     0.478090  
  1353     0.001391     0.478084  
  1354     0.001386     0.478064  
  1355     0.001381     0.478071  
  1356     0.001375     0.478076  
  1357     0.001370     0.478059  
  1358     0.001364     0.478044  
  1359     0.001358     0.478046  
  1360     0.001353     0.478042  
  1361     0.001348     0.478029  
  1362     0.001343     0.478013  
  1363     0.001339     0.478006  
  1364     0.001333     0.478024  
  1365     0.001328     0.478030  
  1366     0.001323     0.478042  
  1367     0.001319     0.478051  
  1368     0.001314     0.478054  
  1369     0.001309     0.478053  
  1370     0.001303     0.478073  
  1371     0.001298     0.478080  
  1372     0.001292     0.478058  
  1373     0.001287     0.478081  
  1374     0.001283     0.478109  
  1375     0.001278     0.478105  
  1376     0.001273     0.478098  
  1377     0.001269     0.478100  
  1378     0.001263     0.478091  
  1379     0.001259     0.478089  
  1380     0.001255     0.478078  
  1381     0.001250     0.478096  
  1382     0.001245     0.478101  
  1383     0.001241     0.478113  
  1384     0.001236     0.478096  
  1385     0.001231     0.478088  
  1386     0.001226     0.478077  
  1387     0.001221     0.478067  
  1388     0.001216     0.478063  
  1389     0.001211     0.478082  
  1390     0.001207     0.478080  
  1391     0.001202     0.478048  
  1392     0.001197     0.478072  
  1393     0.001191     0.478058  
  1394     0.001187     0.478075  
  1395     0.001182     0.478065  
  1396     0.001178     0.478061  
  1397     0.001173     0.478088  
  1398     0.001169     0.478079  
  1399     0.001164     0.478075  
  1400     0.001160     0.478085  
  1401     0.001155     0.478078  
  1402     0.001151     0.478062  
  1403     0.001146     0.478045  
  1404     0.001142     0.478039  
  1405     0.001137     0.478048  
  1406     0.001133     0.478058  
  1407     0.001128     0.478062  
  1408     0.001124     0.478064  
  1409     0.001120     0.478067  
  1410     0.001115     0.478059  
  1411     0.001111     0.478037  
  1412     0.001107     0.478046  
  1413     0.001103     0.478039  
  1414     0.001098     0.478034  
  1415     0.001094     0.478045  
  1416     0.001090     0.478036  
  1417     0.001086     0.478051  
  1418     0.001082     0.478064  
  1419     0.001078     0.478043  
  1420     0.001074     0.478053  
  1421     0.001070     0.478047  
  1422     0.001066     0.478029  
  1423     0.001061     0.478020  
  1424     0.001057     0.478016  
  1425     0.001053     0.478010  
  1426     0.001049     0.478010  
  1427     0.001046     0.477988  
  1428     0.001041     0.477980  
  1429     0.001037     0.477975  
  1430     0.001033     0.477992  
  1431     0.001030     0.477976  
  1432     0.001026     0.477958  
  1433     0.001022     0.477943  
  1434     0.001018     0.477951  
  1435     0.001014     0.477960  
  1436     0.001010     0.477957  
  1437     0.001006     0.477954  
  1438     0.001003     0.477947  
  1439     0.000999     0.477927  
  1440     0.000995     0.477934  
  1441     0.000991     0.477909  
  1442     0.000988     0.477909  
  1443     0.000984     0.477897  
  1444     0.000980     0.477905  
  1445     0.000975     0.477920  
  1446     0.000972     0.477927  
  1447     0.000968     0.477934  
  1448     0.000964     0.477927  
  1449     0.000960     0.477947  
  1450     0.000957     0.477940  
  1451     0.000953     0.477918  
  1452     0.000950     0.477926  
  1453     0.000947     0.477931  
  1454     0.000943     0.477936  
  1455     0.000939     0.477932  
  1456     0.000936     0.477929  
  1457     0.000933     0.477921  
  1458     0.000929     0.477925  
  1459     0.000926     0.477913  
  1460     0.000923     0.477899  
  1461     0.000919     0.477897  
  1462     0.000916     0.477896  
  1463     0.000913     0.477894  
  1464     0.000909     0.477891  
  1465     0.000905     0.477877  
  1466     0.000902     0.477882  
  1467     0.000899     0.477888  
  1468     0.000895     0.477901  
  1469     0.000893     0.477902  
  1470     0.000889     0.477895  
  1471     0.000886     0.477898  
  1472     0.000883     0.477896  
  1473     0.000879     0.477882  
  1474     0.000875     0.477901  
  1475     0.000872     0.477907  
  1476     0.000868     0.477915  
  1477     0.000865     0.477908  
  1478     0.000862     0.477930  
  1479     0.000858     0.477926  
  1480     0.000855     0.477902  
  1481     0.000852     0.477920  
  1482     0.000849     0.477917  
  1483     0.000846     0.477913  
  1484     0.000842     0.477900  
  1485     0.000839     0.477904  
  1486     0.000836     0.477903  
  1487     0.000833     0.477907  
  1488     0.000830     0.477900  
  1489     0.000827     0.477912  
  1490     0.000824     0.477917  
  1491     0.000821     0.477921  
  1492     0.000818     0.477937  
  1493     0.000815     0.477956  
  1494     0.000811     0.477955  
  1495     0.000808     0.477935  
  1496     0.000805     0.477942  
  1497     0.000802     0.477935  
  1498     0.000799     0.477939  
  1499     0.000796     0.477959  
  1500     0.000793     0.477954  
  1501     0.000790     0.477951  
  1502     0.000787     0.477959  
  1503     0.000784     0.477959  
  1504     0.000781     0.477972  
  1505     0.000778     0.477959  
  1506     0.000775     0.477944  
  1507     0.000772     0.477945  
  1508     0.000769     0.477955  
  1509     0.000766     0.477966  
  1510     0.000763     0.477957  
  1511     0.000759     0.477950  
  1512     0.000756     0.477941  
  1513     0.000754     0.477939  
  1514     0.000751     0.477937  
  1515     0.000748     0.477925  
  1516     0.000745     0.477930  
  1517     0.000742     0.477933  
  1518     0.000740     0.477932  
  1519     0.000737     0.477936  
  1520     0.000734     0.477929  
  1521     0.000731     0.477919  
  1522     0.000729     0.477915  
  1523     0.000726     0.477910  
  1524     0.000723     0.477914  
  1525     0.000720     0.477906  
  1526     0.000718     0.477892  
  1527     0.000715     0.477873  
  1528     0.000712     0.477874  
  1529     0.000710     0.477868  
  1530     0.000707     0.477873  
  1531     0.000704     0.477885  
  1532     0.000701     0.477886  
  1533     0.000698     0.477882  
  1534     0.000695     0.477877  
  1535     0.000693     0.477879  
  1536     0.000690     0.477884  
  1537     0.000688     0.477896  
  1538     0.000685     0.477894  
  1539     0.000683     0.477892  
  1540     0.000680     0.477905  
  1541     0.000678     0.477923  
  1542     0.000675     0.477914  
  1543     0.000672     0.477925  
  1544     0.000670     0.477932  
  1545     0.000667     0.477915  
  1546     0.000664     0.477924  
  1547     0.000662     0.477945  
  1548     0.000660     0.477951  
  1549     0.000657     0.477941  
  1550     0.000654     0.477947  
  1551     0.000652     0.477942  
  1552     0.000649     0.477939  
  1553     0.000647     0.477940  
  1554     0.000644     0.477954  
  1555     0.000642     0.477962  
  1556     0.000640     0.477958  
  1557     0.000637     0.477967  
  1558     0.000635     0.477952  
  1559     0.000633     0.477956  
  1560     0.000630     0.477964  
  1561     0.000628     0.477969  
  1562     0.000626     0.477963  
  1563     0.000623     0.477971  
  1564     0.000621     0.477959  
  1565     0.000619     0.477952  
  1566     0.000616     0.477963  
  1567     0.000614     0.477960  
  1568     0.000612     0.477968  
  1569     0.000609     0.477957  
  1570     0.000607     0.477948  
  1571     0.000605     0.477955  
  1572     0.000602     0.477933  
  1573     0.000600     0.477925  
  1574     0.000598     0.477922  
  1575     0.000596     0.477913  
  1576     0.000594     0.477919  
  1577     0.000591     0.477911  
  1578     0.000589     0.477897  
  1579     0.000587     0.477905  
  1580     0.000584     0.477904  
  1581     0.000582     0.477907  
  1582     0.000580     0.477911  
  1583     0.000578     0.477908  
  1584     0.000576     0.477904  
  1585     0.000574     0.477896  
  1586     0.000572     0.477895  
  1587     0.000570     0.477897  
  1588     0.000567     0.477906  
  1589     0.000565     0.477897  
  1590     0.000563     0.477888  
  1591     0.000561     0.477884  
  1592     0.000559     0.477885  
  1593     0.000557     0.477880  
  1594     0.000554     0.477873  
  1595     0.000552     0.477874  
  1596     0.000550     0.477863  
  1597     0.000548     0.477861  
  1598     0.000545     0.477855  
  1599     0.000544     0.477849  
  1600     0.000542     0.477857  
  1601     0.000540     0.477858  
  1602     0.000538     0.477842  
  1603     0.000535     0.477849  
  1604     0.000533     0.477850  
  1605     0.000531     0.477853  
  1606     0.000529     0.477853  
  1607     0.000527     0.477842  
  1608     0.000525     0.477839  
  1609     0.000523     0.477840  
  1610     0.000522     0.477842  
  1611     0.000519     0.477826  
  1612     0.000517     0.477827  
  1613     0.000515     0.477832  
  1614     0.000513     0.477832  
  1615     0.000511     0.477837  
  1616     0.000509     0.477824  
  1617     0.000507     0.477823  
  1618     0.000505     0.477826  
  1619     0.000503     0.477822  
  1620     0.000501     0.477822  
  1621     0.000499     0.477821  
  1622     0.000497     0.477824  
  1623     0.000495     0.477815  
  1624     0.000494     0.477814  
  1625     0.000492     0.477819  
  1626     0.000490     0.477829  
  1627     0.000488     0.477836  
  1628     0.000487     0.477833  
  1629     0.000485     0.477825  
  1630     0.000483     0.477841  
  1631     0.000481     0.477844  
  1632     0.000479     0.477860  
  1633     0.000477     0.477841  
  1634     0.000476     0.477844  
  1635     0.000474     0.477836  
  1636     0.000472     0.477836  
  1637     0.000471     0.477827  
  1638     0.000469     0.477818  
  1639     0.000467     0.477807  
  1640     0.000465     0.477807  
  1641     0.000464     0.477800  
  1642     0.000462     0.477811  
  1643     0.000461     0.477798  
  1644     0.000459     0.477797  
  1645     0.000457     0.477796  
  1646     0.000456     0.477791  
  1647     0.000454     0.477784  
  1648     0.000452     0.477781  
  1649     0.000451     0.477781  
  1650     0.000449     0.477788  
  1651     0.000447     0.477771  
  1652     0.000445     0.477778  
  1653     0.000444     0.477781  
  1654     0.000442     0.477769  
  1655     0.000440     0.477777  
  1656     0.000439     0.477775  
  1657     0.000437     0.477776  
  1658     0.000436     0.477769  
  1659     0.000434     0.477752  
  1660     0.000433     0.477748  
  1661     0.000431     0.477732  
  1662     0.000430     0.477735  
  1663     0.000428     0.477739  
  1664     0.000426     0.477731  
  1665     0.000425     0.477733  
  1666     0.000423     0.477737  
  1667     0.000422     0.477738  
  1668     0.000420     0.477730  
  1669     0.000418     0.477725  
  1670     0.000417     0.477721  
  1671     0.000415     0.477716  
  1672     0.000414     0.477698  
  1673     0.000412     0.477681  
  1674     0.000411     0.477681  
  1675     0.000409     0.477676  
  1676     0.000407     0.477675  
  1677     0.000406     0.477674  
  1678     0.000404     0.477678  
  1679     0.000402     0.477674  
  1680     0.000401     0.477685  
  1681     0.000399     0.477685  
  1682     0.000398     0.477682  
  1683     0.000396     0.477685  
  1684     0.000395     0.477688  
  1685     0.000393     0.477695  
  1686     0.000392     0.477700  
  1687     0.000390     0.477705  
  1688     0.000389     0.477701  
  1689     0.000387     0.477713  
  1690     0.000386     0.477710  
  1691     0.000384     0.477710  
  1692     0.000383     0.477707  
  1693     0.000382     0.477689  
  1694     0.000380     0.477681  
  1695     0.000379     0.477677  
  1696     0.000378     0.477678  
  1697     0.000376     0.477672  
  1698     0.000375     0.477659  
  1699     0.000373     0.477672  
  1700     0.000372     0.477675  
  1701     0.000371     0.477666  
  1702     0.000369     0.477658  
  1703     0.000368     0.477661  
  1704     0.000366     0.477668  
  1705     0.000365     0.477665  
  1706     0.000363     0.477661  
  1707     0.000362     0.477652  
  1708     0.000361     0.477646  
  1709     0.000360     0.477636  
  1710     0.000358     0.477636  
  1711     0.000357     0.477640  
  1712     0.000356     0.477649  
  1713     0.000354     0.477638  
  1714     0.000353     0.477637  
  1715     0.000352     0.477627  
  1716     0.000351     0.477620  
  1717     0.000349     0.477615  
  1718     0.000348     0.477621  
  1719     0.000347     0.477621  
  1720     0.000346     0.477617  
  1721     0.000344     0.477619  
  1722     0.000343     0.477627  
  1723     0.000342     0.477631  
  1724     0.000341     0.477619  
  1725     0.000339     0.477617  
  1726     0.000338     0.477623  
  1727     0.000337     0.477612  
  1728     0.000336     0.477615  
  1729     0.000334     0.477613  
  1730     0.000333     0.477612  
  1731     0.000332     0.477627  
  1732     0.000331     0.477634  
  1733     0.000329     0.477639  
  1734     0.000328     0.477639  
  1735     0.000327     0.477634  
  1736     0.000326     0.477632  
  1737     0.000325     0.477624  
  1738     0.000324     0.477629  
  1739     0.000322     0.477627  
  1740     0.000321     0.477626  
  1741     0.000320     0.477633  
  1742     0.000319     0.477628  
  1743     0.000318     0.477621  
  1744     0.000317     0.477616  
  1745     0.000315     0.477606  
  1746     0.000314     0.477609  
  1747     0.000313     0.477610  
  1748     0.000312     0.477614  
  1749     0.000311     0.477609  
  1750     0.000310     0.477608  
  1751     0.000309     0.477609  
  1752     0.000307     0.477610  
  1753     0.000306     0.477598  
  1754     0.000305     0.477602  
  1755     0.000304     0.477613  
  1756     0.000303     0.477617  
  1757     0.000302     0.477618  
  1758     0.000300     0.477619  
  1759     0.000299     0.477619  
  1760     0.000298     0.477622  
  1761     0.000297     0.477621  
  1762     0.000296     0.477625  
  1763     0.000295     0.477626  
  1764     0.000294     0.477630  
  1765     0.000293     0.477635  
  1766     0.000291     0.477640  
  1767     0.000290     0.477636  
  1768     0.000289     0.477639  
  1769     0.000288     0.477638  
  1770     0.000287     0.477630  
  1771     0.000286     0.477629  
  1772     0.000285     0.477632  
  1773     0.000284     0.477638  
  1774     0.000283     0.477637  
  1775     0.000282     0.477632  
  1776     0.000281     0.477620  
  1777     0.000279     0.477613  
  1778     0.000278     0.477617  
  1779     0.000277     0.477609  
  1780     0.000276     0.477603  
  1781     0.000275     0.477603  
  1782     0.000274     0.477598  
  1783     0.000273     0.477592  
  1784     0.000272     0.477596  
  1785     0.000271     0.477591  
  1786     0.000270     0.477594  
  1787     0.000269     0.477592  
  1788     0.000268     0.477588  
  1789     0.000267     0.477598  
  1790     0.000266     0.477593  
  1791     0.000265     0.477594  
  1792     0.000264     0.477586  
  1793     0.000263     0.477591  
  1794     0.000262     0.477595  
  1795     0.000261     0.477588  
  1796     0.000260     0.477585  
  1797     0.000259     0.477594  
  1798     0.000258     0.477599  
  1799     0.000257     0.477602  
  1800     0.000256     0.477604  
  1801     0.000255     0.477611  
  1802     0.000254     0.477603  
  1803     0.000254     0.477604  
  1804     0.000253     0.477603  
  1805     0.000252     0.477601  
  1806     0.000251     0.477595  
  1807     0.000250     0.477597  
  1808     0.000249     0.477594  
  1809     0.000248     0.477605  
  1810     0.000247     0.477610  
  1811     0.000246     0.477609  
  1812     0.000245     0.477599  
  1813     0.000244     0.477599  
  1814     0.000243     0.477603  
  1815     0.000243     0.477602  
  1816     0.000242     0.477598  
  1817     0.000241     0.477591  
  1818     0.000240     0.477589  
  1819     0.000239     0.477591  
  1820     0.000238     0.477600  
  1821     0.000237     0.477606  
  1822     0.000237     0.477607  
  1823     0.000236     0.477602  
  1824     0.000235     0.477595  
  1825     0.000234     0.477591  
  1826     0.000233     0.477594  
  1827     0.000232     0.477596  
  1828     0.000231     0.477598  
  1829     0.000230     0.477600  
  1830     0.000229     0.477595  
  1831     0.000228     0.477588  
  1832     0.000227     0.477586  
  1833     0.000227     0.477581  
  1834     0.000226     0.477576  
  1835     0.000225     0.477576  
  1836     0.000224     0.477577  
  1837     0.000223     0.477581  
  1838     0.000222     0.477571  
  1839     0.000221     0.477570  
  1840     0.000220     0.477573  
  1841     0.000220     0.477576  
  1842     0.000219     0.477574  
  1843     0.000218     0.477575  
  1844     0.000217     0.477566  
  1845     0.000216     0.477564  
  1846     0.000216     0.477554  
  1847     0.000215     0.477559  
  1848     0.000214     0.477561  
  1849     0.000213     0.477559  
  1850     0.000213     0.477555  
  1851     0.000212     0.477553  
  1852     0.000211     0.477555  
  1853     0.000210     0.477556  
  1854     0.000209     0.477554  
  1855     0.000209     0.477557  
  1856     0.000208     0.477554  
  1857     0.000207     0.477548  
  1858     0.000206     0.477548  
  1859     0.000205     0.477549  
  1860     0.000205     0.477546  
  1861     0.000204     0.477541  
  1862     0.000203     0.477544  
  1863     0.000202     0.477540  
  1864     0.000202     0.477534  
  1865     0.000201     0.477527  
  1866     0.000200     0.477534  
  1867     0.000199     0.477528  
  1868     0.000199     0.477527  
  1869     0.000198     0.477524  
  1870     0.000197     0.477523  
  1871     0.000196     0.477516  
  1872     0.000196     0.477513  
  1873     0.000195     0.477514  
  1874     0.000194     0.477514  
  1875     0.000193     0.477513  
  1876     0.000193     0.477511  
  1877     0.000192     0.477513  
  1878     0.000191     0.477503  
  1879     0.000191     0.477495  
  1880     0.000190     0.477500  
  1881     0.000189     0.477492  
  1882     0.000188     0.477498  
  1883     0.000188     0.477493  
  1884     0.000187     0.477492  
  1885     0.000186     0.477495  
  1886     0.000185     0.477495  
  1887     0.000185     0.477492  
  1888     0.000184     0.477497  
  1889     0.000183     0.477496  
  1890     0.000183     0.477494  
  1891     0.000182     0.477491  
  1892     0.000181     0.477493  
  1893     0.000181     0.477489  
  1894     0.000180     0.477486  
  1895     0.000179     0.477488  
  1896     0.000179     0.477482  
  1897     0.000178     0.477485  
  1898     0.000177     0.477489  
  1899     0.000177     0.477489  
  1900     0.000176     0.477490  
  1901     0.000175     0.477486  
  1902     0.000175     0.477478  
  1903     0.000174     0.477470  
  1904     0.000173     0.477466  
  1905     0.000173     0.477456  
  1906     0.000172     0.477456  
  1907     0.000172     0.477459  
  1908     0.000171     0.477465  
  1909     0.000170     0.477467  
  1910     0.000170     0.477456  
  1911     0.000169     0.477453  
  1912     0.000168     0.477458  
  1913     0.000168     0.477457  
  1914     0.000167     0.477451  
  1915     0.000166     0.477456  
  1916     0.000166     0.477455  
  1917     0.000165     0.477452  
  1918     0.000165     0.477456  
  1919     0.000164     0.477450  
  1920     0.000164     0.477452  
  1921     0.000163     0.477442  
  1922     0.000162     0.477437  
  1923     0.000162     0.477435  
  1924     0.000161     0.477433  
  1925     0.000160     0.477434  
  1926     0.000160     0.477439  
  1927     0.000159     0.477438  
  1928     0.000159     0.477443  
  1929     0.000158     0.477449  
  1930     0.000158     0.477459  
  1931     0.000157     0.477446  
  1932     0.000156     0.477443  
  1933     0.000156     0.477448  
  1934     0.000155     0.477451  
  1935     0.000155     0.477447  
  1936     0.000154     0.477445  
  1937     0.000154     0.477445  
  1938     0.000153     0.477445  
  1939     0.000152     0.477449  
  1940     0.000152     0.477448  
  1941     0.000151     0.477445  
  1942     0.000151     0.477453  
  1943     0.000150     0.477455  
  1944     0.000150     0.477449  
  1945     0.000149     0.477447  
  1946     0.000149     0.477446  
  1947     0.000148     0.477438  
  1948     0.000148     0.477443  
  1949     0.000147     0.477443  
  1950     0.000146     0.477448  
  1951     0.000146     0.477448  
  1952     0.000145     0.477445  
  1953     0.000145     0.477449  
  1954     0.000144     0.477453  
  1955     0.000143     0.477447  
  1956     0.000143     0.477447  
  1957     0.000142     0.477451  
  1958     0.000142     0.477454  
  1959     0.000141     0.477449  
  1960     0.000141     0.477456  
  1961     0.000140     0.477458  
  1962     0.000140     0.477457  
  1963     0.000139     0.477458  
  1964     0.000138     0.477453  
  1965     0.000138     0.477448  
  1966     0.000137     0.477450  
  1967     0.000137     0.477447  
  1968     0.000136     0.477449  
  1969     0.000136     0.477448  
  1970     0.000135     0.477446  
  1971     0.000135     0.477451  
  1972     0.000134     0.477447  
  1973     0.000134     0.477442  
  1974     0.000133     0.477435  
  1975     0.000133     0.477437  
  1976     0.000132     0.477435  
  1977     0.000132     0.477435  
  1978     0.000131     0.477436  
  1979     0.000131     0.477436  
  1980     0.000130     0.477434  
  1981     0.000130     0.477434  
  1982     0.000130     0.477430  
  1983     0.000129     0.477429  
  1984     0.000129     0.477428  
  1985     0.000128     0.477423  
  1986     0.000128     0.477426  
  1987     0.000127     0.477420  
  1988     0.000127     0.477419  
  1989     0.000126     0.477420  
  1990     0.000126     0.477427  
  1991     0.000125     0.477436  
  1992     0.000125     0.477446  
  1993     0.000124     0.477445  
  1994     0.000124     0.477442  
  1995     0.000123     0.477445  
  1996     0.000123     0.477443  
  1997     0.000122     0.477440  
  1998     0.000122     0.477438  
  1999     0.000122     0.477439  
  2000     0.000121     0.477439  
  2001     0.000121     0.477439  
  2002     0.000120     0.477442  
  2003     0.000120     0.477435  
  2004     0.000119     0.477437  
  2005     0.000119     0.477434  
  2006     0.000118     0.477436  
  2007     0.000118     0.477442  
  2008     0.000117     0.477441  
  2009     0.000117     0.477448  
  2010     0.000117     0.477448  
  2011     0.000116     0.477447  
  2012     0.000116     0.477446  
  2013     0.000115     0.477446  
  2014     0.000115     0.477441  
  2015     0.000114     0.477436  
  2016     0.000114     0.477436  
  2017     0.000114     0.477438  
  2018     0.000113     0.477437  
  2019     0.000113     0.477441  
  2020     0.000112     0.477439  
  2021     0.000112     0.477443  
  2022     0.000112     0.477445  
  2023     0.000111     0.477445  
  2024     0.000111     0.477444  
  2025     0.000110     0.477439  
  2026     0.000110     0.477438  
  2027     0.000109     0.477433  
  2028     0.000109     0.477432  
  2029     0.000109     0.477431  
  2030     0.000108     0.477429  
  2031     0.000108     0.477429  
  2032     0.000107     0.477434  
  2033     0.000107     0.477427  
  2034     0.000106     0.477433  
  2035     0.000106     0.477430  
  2036     0.000106     0.477434  
  2037     0.000105     0.477440  
  2038     0.000105     0.477438  
  2039     0.000105     0.477433  
  2040     0.000104     0.477435  
  2041     0.000104     0.477428  
  2042     0.000103     0.477424  
  2043     0.000103     0.477423  
  2044     0.000103     0.477419  
  2045     0.000102     0.477422  
  2046     0.000102     0.477421  
  2047     0.000102     0.477423  
  2048     0.000101     0.477423  
  2049     0.000101     0.477425  
  2050     0.000101     0.477426  
  2051     0.000100     0.477427  
  2052     0.000100     0.477424  
  2053     0.000099     0.477420  
  2054     0.000099     0.477418  
  2055     0.000099     0.477421  
  2056     0.000098     0.477418  
  2057     0.000098     0.477415  
  2058     0.000098     0.477409  
  2059     0.000097     0.477403  
  2060     0.000097     0.477410  
  2061     0.000097     0.477408  
  2062     0.000096     0.477409  
  2063     0.000096     0.477415  
  2064     0.000096     0.477415  
  2065     0.000095     0.477419  
  2066     0.000095     0.477416  
  2067     0.000094     0.477414  
  2068     0.000094     0.477410  
  2069     0.000094     0.477405  
  2070     0.000093     0.477408  
  2071     0.000093     0.477408  
  2072     0.000093     0.477405  
  2073     0.000092     0.477408  
  2074     0.000092     0.477412  
  2075     0.000092     0.477414  
  2076     0.000091     0.477414  
  2077     0.000091     0.477417  
  2078     0.000091     0.477413  
  2079     0.000090     0.477408  
  2080     0.000090     0.477405  
  2081     0.000090     0.477406  
  2082     0.000089     0.477406  
  2083     0.000089     0.477406  
  2084     0.000089     0.477412  
  2085     0.000088     0.477416  
  2086     0.000088     0.477413  
  2087     0.000088     0.477417  
  2088     0.000087     0.477413  
  2089     0.000087     0.477412  
  2090     0.000087     0.477414  
  2091     0.000086     0.477411  
  2092     0.000086     0.477412  
  2093     0.000086     0.477411  
  2094     0.000086     0.477412  
  2095     0.000085     0.477414  
  2096     0.000085     0.477415  
  2097     0.000085     0.477416  
  2098     0.000084     0.477414  
  2099     0.000084     0.477415  
  2100     0.000084     0.477414  
  2101     0.000083     0.477414  
  2102     0.000083     0.477415  
  2103     0.000083     0.477415  
  2104     0.000082     0.477416  
  2105     0.000082     0.477414  
  2106     0.000082     0.477409  
  2107     0.000081     0.477409  
  2108     0.000081     0.477410  
  2109     0.000081     0.477414  
  2110     0.000080     0.477419  
  2111     0.000080     0.477420  
  2112     0.000080     0.477416  
  2113     0.000080     0.477412  
  2114     0.000079     0.477412  
  2115     0.000079     0.477412  
  2116     0.000079     0.477412  
  2117     0.000078     0.477413  
  2118     0.000078     0.477412  
  2119     0.000078     0.477410  
  2120     0.000077     0.477408  
  2121     0.000077     0.477411  
  2122     0.000077     0.477405  
  2123     0.000077     0.477402  
  2124     0.000076     0.477399  
  2125     0.000076     0.477400  
  2126     0.000076     0.477402  
  2127     0.000076     0.477407  
  2128     0.000075     0.477408  
  2129     0.000075     0.477413  
  2130     0.000075     0.477410  
  2131     0.000074     0.477413  
  2132     0.000074     0.477410  
  2133     0.000074     0.477411  
  2134     0.000074     0.477414  
  2135     0.000073     0.477415  
  2136     0.000073     0.477414  
  2137     0.000073     0.477417  
  2138     0.000073     0.477414  
  2139     0.000072     0.477412  
  2140     0.000072     0.477412  
  2141     0.000072     0.477410  
  2142     0.000071     0.477411  
  2143     0.000071     0.477408  
  2144     0.000071     0.477405  
  2145     0.000071     0.477409  
  2146     0.000070     0.477403  
  2147     0.000070     0.477400  
  2148     0.000070     0.477401  
  2149     0.000070     0.477399  
  2150     0.000069     0.477395  
  2151     0.000069     0.477396  
  2152     0.000069     0.477394  
  2153     0.000069     0.477398  
  2154     0.000068     0.477395  
  2155     0.000068     0.477398  
  2156     0.000068     0.477399  
  2157     0.000068     0.477402  
  2158     0.000067     0.477408  
  2159     0.000067     0.477405  
  2160     0.000067     0.477404  
  2161     0.000067     0.477404  
  2162     0.000066     0.477408  
  2163     0.000066     0.477404  
  2164     0.000066     0.477404  
  2165     0.000066     0.477410  
  2166     0.000065     0.477409  
  2167     0.000065     0.477411  
  2168     0.000065     0.477409  
  2169     0.000065     0.477411  
  2170     0.000064     0.477410  
  2171     0.000064     0.477409  
  2172     0.000064     0.477409  
  2173     0.000064     0.477409  
  2174     0.000064     0.477414  
  2175     0.000063     0.477417  
  2176     0.000063     0.477419  
  2177     0.000063     0.477421  
  2178     0.000063     0.477423  
  2179     0.000062     0.477422  
  2180     0.000062     0.477426  
  2181     0.000062     0.477424  
  2182     0.000062     0.477424  
  2183     0.000061     0.477422  
  2184     0.000061     0.477419  
  2185     0.000061     0.477419  
  2186     0.000061     0.477422  
  2187     0.000060     0.477417  
  2188     0.000060     0.477420  
  2189     0.000060     0.477421  
  2190     0.000060     0.477424  
  2191     0.000060     0.477424  
  2192     0.000059     0.477427  
  2193     0.000059     0.477423  
  2194     0.000059     0.477425  
  2195     0.000059     0.477425  
  2196     0.000058     0.477424  
  2197     0.000058     0.477425  
  2198     0.000058     0.477428  
  2199     0.000058     0.477430  
  2200     0.000058     0.477424  
  2201     0.000058     0.477421  
  2202     0.000057     0.477418  
  2203     0.000057     0.477418  
  2204     0.000057     0.477415  
  2205     0.000057     0.477415  
  2206     0.000056     0.477412  
  2207     0.000056     0.477411  
  2208     0.000056     0.477412  
  2209     0.000056     0.477412  
  2210     0.000056     0.477410  
  2211     0.000055     0.477410  
  2212     0.000055     0.477413  
  2213     0.000055     0.477415  
  2214     0.000055     0.477410  
  2215     0.000055     0.477408  
  2216     0.000054     0.477406  
  2217     0.000054     0.477405  
  2218     0.000054     0.477405  
  2219     0.000054     0.477398  
  2220     0.000054     0.477396  
  2221     0.000053     0.477392  
  2222     0.000053     0.477391  
  2223     0.000053     0.477391  
  2224     0.000053     0.477390  * best
  2225     0.000053     0.477393  
  2226     0.000052     0.477392  
  2227     0.000052     0.477394  
  2228     0.000052     0.477393  
  2229     0.000052     0.477396  
  2230     0.000052     0.477395  
  2231     0.000051     0.477395  
  2232     0.000051     0.477394  
  2233     0.000051     0.477396  
  2234     0.000051     0.477399  
  2235     0.000051     0.477401  
  2236     0.000051     0.477401  
  2237     0.000050     0.477404  
  2238     0.000050     0.477406  
  2239     0.000050     0.477403  
  2240     0.000050     0.477402  
  2241     0.000050     0.477402  
  2242     0.000049     0.477404  
  2243     0.000049     0.477409  
  2244     0.000049     0.477406  
  2245     0.000049     0.477403  
  2246     0.000049     0.477402  
  2247     0.000049     0.477400  
  2248     0.000048     0.477396  
  2249     0.000048     0.477399  
  2250     0.000048     0.477402  
  2251     0.000048     0.477401  
  2252     0.000048     0.477406  
  2253     0.000047     0.477406  
  2254     0.000047     0.477405  
  2255     0.000047     0.477408  
  2256     0.000047     0.477407  
  2257     0.000047     0.477408  
  2258     0.000047     0.477407  
  2259     0.000046     0.477409  
  2260     0.000046     0.477407  
  2261     0.000046     0.477406  
  2262     0.000046     0.477404  
  2263     0.000046     0.477401  
  2264     0.000046     0.477402  
  2265     0.000045     0.477399  
  2266     0.000045     0.477403  
  2267     0.000045     0.477406  
  2268     0.000045     0.477402  
  2269     0.000045     0.477401  
  2270     0.000045     0.477407  
  2271     0.000045     0.477404  
  2272     0.000044     0.477406  
  2273     0.000044     0.477407  
  2274     0.000044     0.477409  
  2275     0.000044     0.477413  
  2276     0.000044     0.477416  
  2277     0.000044     0.477416  
  2278     0.000043     0.477418  
  2279     0.000043     0.477420  
  2280     0.000043     0.477420  
  2281     0.000043     0.477420  
  2282     0.000043     0.477415  
  2283     0.000043     0.477413  
  2284     0.000042     0.477409  
  2285     0.000042     0.477410  
  2286     0.000042     0.477412  
  2287     0.000042     0.477417  
  2288     0.000042     0.477417  
  2289     0.000042     0.477422  
  2290     0.000042     0.477423  
  2291     0.000041     0.477423  
  2292     0.000041     0.477422  
  2293     0.000041     0.477424  
  2294     0.000041     0.477422  
  2295     0.000041     0.477423  
  2296     0.000041     0.477425  
  2297     0.000040     0.477424  
  2298     0.000040     0.477422  
  2299     0.000040     0.477422  
  2300     0.000040     0.477423  
  2301     0.000040     0.477418  
  2302     0.000040     0.477419  
  2303     0.000040     0.477418  
  2304     0.000039     0.477419  
  2305     0.000039     0.477417  
  2306     0.000039     0.477417  
  2307     0.000039     0.477413  
  2308     0.000039     0.477407  
  2309     0.000039     0.477406  
  2310     0.000039     0.477406  
  2311     0.000038     0.477403  
  2312     0.000038     0.477403  
  2313     0.000038     0.477404  
  2314     0.000038     0.477402  
  2315     0.000038     0.477397  
  2316     0.000038     0.477395  
  2317     0.000038     0.477393  
  2318     0.000038     0.477395  
  2319     0.000037     0.477396  
  2320     0.000037     0.477395  
  2321     0.000037     0.477391  
  2322     0.000037     0.477390  
  2323     0.000037     0.477392  
  2324     0.000037     0.477390  
# best iteration 2224 (val l2 0.477390)
# Spearman  train +0.9951  val +0.7309  test +0.7324
