# gbm_edge seed 0
# boosted trees on edge
# inputs 14450, 28 trees
# LightGBM gradient-boosted trees, objective l2, lr 0.05, num_leaves 31, min_data_in_leaf 20, feature_fraction 0.3, bagging 0.8, lambda_l2 1.0, up to 3000 rounds, early stopping 100 on validation l2
# loss = l2 on standardised log10 half-life
#
 round        train          val  note
     1     0.961627     0.807160  
     2     0.927269     0.799238  
     3     0.892335     0.790667  
     4     0.862916     0.781399  
     5     0.833079     0.774429  
     6     0.805683     0.761561  
     7     0.780991     0.752637  
     8     0.758228     0.748657  
     9     0.735391     0.740437  
    10     0.714938     0.738200  
    11     0.697321     0.735555  
    12     0.679595     0.732583  
    13     0.663420     0.729630  
    14     0.648871     0.728994  
    15     0.634200     0.726659  
    16     0.620992     0.722450  
    17     0.607036     0.722283  
    18     0.594707     0.721419  
    19     0.583610     0.720476  
    20     0.572894     0.719115  
    21     0.562601     0.720837  
    22     0.552968     0.721561  
    23     0.543344     0.722230  
    24     0.534583     0.719031  
    25     0.526453     0.719048  
    26     0.518583     0.719797  
    27     0.511509     0.718826  
    28     0.504308     0.718037  * best
    29     0.497425     0.719777  
    30     0.490619     0.721336  
    31     0.484178     0.722051  
    32     0.478309     0.720491  
    33     0.472474     0.722169  
    34     0.467099     0.722439  
    35     0.461252     0.723376  
    36     0.455879     0.724491  
    37     0.450757     0.724809  
    38     0.445941     0.726349  
    39     0.440868     0.726295  
    40     0.436321     0.726616  
    41     0.431404     0.728584  
    42     0.426901     0.730424  
    43     0.422408     0.731315  
    44     0.418110     0.731162  
    45     0.414077     0.730322  
    46     0.410108     0.731613  
    47     0.406105     0.734131  
    48     0.402200     0.735008  
    49     0.398583     0.736129  
    50     0.394941     0.736690  
    51     0.391231     0.738151  
    52     0.387587     0.739400  
    53     0.384198     0.739139  
    54     0.380559     0.741293  
    55     0.377000     0.740623  
    56     0.373652     0.741150  
    57     0.370280     0.739966  
    58     0.367031     0.740209  
    59     0.363880     0.740049  
    60     0.360969     0.741673  
    61     0.357991     0.743179  
    62     0.354884     0.744006  
    63     0.352000     0.744331  
    64     0.349028     0.745470  
    65     0.346087     0.746891  
    66     0.343409     0.747116  
    67     0.340711     0.748263  
    68     0.337802     0.748428  
    69     0.335014     0.749415  
    70     0.332394     0.749300  
    71     0.329826     0.748854  
    72     0.327159     0.749401  
    73     0.324344     0.750734  
    74     0.321640     0.751956  
    75     0.319108     0.753374  
    76     0.316688     0.754174  
    77     0.314108     0.754227  
    78     0.311600     0.753264  
    79     0.309229     0.753613  
    80     0.306899     0.754438  
    81     0.304569     0.754526  
    82     0.302290     0.754888  
    83     0.300099     0.755135  
    84     0.297758     0.754444  
    85     0.295513     0.756188  
    86     0.293449     0.756387  
    87     0.291230     0.758357  
    88     0.288910     0.757569  
    89     0.286723     0.757412  
    90     0.284633     0.756290  
    91     0.282539     0.756723  
    92     0.280487     0.758635  
    93     0.278550     0.758947  
    94     0.276615     0.760035  
    95     0.274615     0.760653  
    96     0.272629     0.760105  
    97     0.270783     0.761457  
    98     0.268841     0.761474  
    99     0.267067     0.761891  
   100     0.265287     0.761650  
   101     0.263446     0.760620  
   102     0.261511     0.760214  
   103     0.259578     0.760680  
   104     0.257757     0.761304  
   105     0.256014     0.763813  
   106     0.254247     0.762253  
   107     0.252534     0.763086  
   108     0.250756     0.762660  
   109     0.248963     0.762526  
   110     0.247242     0.763997  
   111     0.245678     0.765372  
   112     0.243950     0.765021  
   113     0.242364     0.764992  
   114     0.240771     0.764691  
   115     0.239222     0.764901  
   116     0.237654     0.765147  
   117     0.236135     0.765534  
   118     0.234560     0.764825  
   119     0.232972     0.765464  
   120     0.231569     0.766377  
   121     0.229954     0.765585  
   122     0.228368     0.766646  
   123     0.226808     0.768649  
   124     0.225296     0.768943  
   125     0.223879     0.770120  
   126     0.222402     0.770613  
   127     0.221028     0.770030  
   128     0.219459     0.768346  
# best iteration 28 (val l2 0.718037)
# Spearman  train +0.7718  val +0.1525  test +0.0055
