# boltz_conf seed 0
# Boltz confidence metrics (ipTM, pTM, pLDDT, ...)
# input dim 9, 5,441 parameters
# Linear(n_in,128) -> GELU -> Dropout(0.3) -> Linear(128,32) -> GELU -> Dropout(0.3) -> Linear(32,1)
# Adam lr=0.001 weight_decay=0.0001 batch=32 dropout=0.3
# loss = MSE on standardised log10 half-life
# early stopping on validation loss, patience 40, max 300 epochs
#
 epoch  train_batch        train          val  note
     1     0.876446     0.831211     0.873283  * best
     2     0.850260     0.838389     0.852674  * best
     3     0.831932     0.816231     0.852018  * best
     4     0.829520     0.814400     0.858412  
     5     0.826924     0.807791     0.848020  * best
     6     0.825094     0.808043     0.850703  
     7     0.823659     0.806310     0.835353  * best
     8     0.816663     0.800984     0.847509  
     9     0.814901     0.803653     0.847319  
    10     0.816518     0.797919     0.848575  
    11     0.811594     0.796402     0.833771  * best
    12     0.809269     0.793929     0.835269  
    13     0.810211     0.792648     0.833946  
    14     0.802282     0.787951     0.836907  
    15     0.803930     0.786886     0.831345  * best
    16     0.806694     0.786139     0.835976  
    17     0.802953     0.785343     0.836285  
    18     0.804454     0.785728     0.828307  * best
    19     0.803245     0.783936     0.835139  
    20     0.800266     0.782186     0.828101  * best
    21     0.802121     0.780234     0.830968  
    22     0.801165     0.782036     0.817033  * best
    23     0.800147     0.779535     0.825543  
    24     0.794866     0.777821     0.821525  
    25     0.792879     0.775453     0.826094  
    26     0.793506     0.778396     0.815663  * best
    27     0.789896     0.775267     0.831907  
    28     0.792796     0.775226     0.821108  
    29     0.795106     0.777107     0.815172  * best
    30     0.794370     0.772046     0.823699  
    31     0.792603     0.780144     0.832916  
    32     0.788817     0.775982     0.815718  
    33     0.792945     0.772009     0.821202  
    34     0.788195     0.770738     0.822958  
    35     0.787875     0.769764     0.822458  
    36     0.787524     0.771994     0.819095  
    37     0.794596     0.769011     0.821819  
    38     0.788602     0.778347     0.837231  
    39     0.788810     0.771034     0.824096  
    40     0.789437     0.769601     0.821490  
    41     0.788076     0.767400     0.822477  
    42     0.788116     0.771783     0.833889  
    43     0.787762     0.771058     0.822663  
    44     0.789100     0.765818     0.822625  
    45     0.783465     0.768884     0.825936  
    46     0.789482     0.770122     0.817467  
    47     0.786895     0.765857     0.816648  
    48     0.789223     0.766554     0.819710  
    49     0.784446     0.766565     0.815350  
    50     0.787643     0.765644     0.821721  
    51     0.785103     0.764154     0.816754  
    52     0.787719     0.765302     0.825940  
    53     0.781654     0.764002     0.815314  
    54     0.781157     0.763643     0.816969  
    55     0.779999     0.763146     0.817333  
    56     0.787068     0.769357     0.813456  * best
    57     0.783564     0.762463     0.821770  
    58     0.786348     0.765015     0.814541  
    59     0.782353     0.767874     0.814042  
    60     0.783840     0.763058     0.820942  
    61     0.783546     0.761591     0.812371  * best
    62     0.780548     0.769967     0.821211  
    63     0.784486     0.760257     0.817541  
    64     0.784058     0.760456     0.818527  
    65     0.780282     0.760505     0.813986  
    66     0.785213     0.763580     0.822056  
    67     0.782118     0.764237     0.821546  
    68     0.780399     0.759023     0.819909  
    69     0.782902     0.759068     0.816464  
    70     0.779600     0.757384     0.816676  
    71     0.779907     0.759883     0.819180  
    72     0.778132     0.758770     0.821553  
    73     0.777939     0.763120     0.829334  
    74     0.780231     0.758859     0.824814  
    75     0.775166     0.757456     0.811736  * best
    76     0.783584     0.760778     0.818667  
    77     0.783462     0.757643     0.816401  
    78     0.780437     0.759403     0.819655  
    79     0.779049     0.759864     0.822844  
    80     0.778322     0.756562     0.816098  
    81     0.778599     0.755841     0.817939  
    82     0.778529     0.756850     0.821736  
    83     0.779625     0.756468     0.812021  
    84     0.776164     0.754316     0.811567  * best
    85     0.774093     0.757020     0.823568  
    86     0.780435     0.757462     0.821408  
    87     0.777698     0.757877     0.817862  
    88     0.779682     0.753003     0.816667  
    89     0.770279     0.756650     0.824628  
    90     0.776587     0.753612     0.817437  
    91     0.774205     0.757036     0.815432  
    92     0.771299     0.758134     0.822662  
    93     0.778563     0.756546     0.814258  
    94     0.775001     0.758300     0.810364  * best
    95     0.783400     0.754722     0.809963  * best
    96     0.773740     0.756720     0.813831  
    97     0.771267     0.754673     0.813356  
    98     0.771061     0.756272     0.832210  
    99     0.774233     0.753540     0.817062  
   100     0.776738     0.754537     0.813172  
   101     0.776017     0.752315     0.817010  
   102     0.771330     0.751812     0.816509  
   103     0.774655     0.752906     0.812123  
   104     0.777491     0.753063     0.818423  
   105     0.772124     0.751338     0.813107  
   106     0.778172     0.758625     0.818557  
   107     0.770170     0.750739     0.812892  
   108     0.771064     0.751486     0.814974  
   109     0.776444     0.750774     0.814712  
   110     0.775716     0.751148     0.819548  
   111     0.771174     0.752813     0.817136  
   112     0.776375     0.751054     0.820871  
   113     0.772494     0.752008     0.815458  
   114     0.773262     0.752097     0.819901  
   115     0.773208     0.760439     0.813067  
   116     0.775372     0.756918     0.812983  
   117     0.769943     0.752969     0.814335  
   118     0.774134     0.753753     0.824744  
   119     0.775069     0.748081     0.821476  
   120     0.766633     0.752044     0.823084  
   121     0.773244     0.752405     0.812771  
   122     0.771190     0.749111     0.820283  
   123     0.778198     0.749391     0.815186  
   124     0.776399     0.751310     0.811817  
   125     0.774467     0.749743     0.813016  
   126     0.772896     0.751726     0.815940  
   127     0.774940     0.748089     0.815849  
   128     0.769849     0.749226     0.815183  
   129     0.771496     0.751352     0.813467  
   130     0.775563     0.750740     0.823961  
   131     0.771681     0.747503     0.814729  
   132     0.773853     0.749458     0.819001  
   133     0.773985     0.750284     0.815649  
   134     0.773641     0.748379     0.814387  
   135     0.770502     0.750190     0.817495  
# stopped at epoch 135: no improvement for 40 epochs
# restored epoch 95 (val MSE 0.809963)
# Spearman  train +0.4906  val +0.4535  test +0.4481
