# gbm_node+energy+edge seed 1
# boosted trees on node+energy+edge
# inputs 26400, 1,898 trees
# LightGBM gradient-boosted trees, objective l2, lr 0.05, num_leaves 31, min_data_in_leaf 20, feature_fraction 0.3, bagging 0.8, lambda_l2 1.0, up to 3000 rounds, early stopping 100 on validation l2
# loss = l2 on standardised log10 half-life
#
 round        train          val  note
     1     0.964938     0.976450  
     2     0.934446     0.949382  
     3     0.904461     0.922299  
     4     0.875629     0.897888  
     5     0.851298     0.877325  
     6     0.827748     0.857486  
     7     0.804757     0.837717  
     8     0.783510     0.820052  
     9     0.764339     0.804456  
    10     0.745758     0.788366  
    11     0.728709     0.772912  
    12     0.712728     0.759189  
    13     0.698941     0.748833  
    14     0.684116     0.738022  
    15     0.670204     0.727567  
    16     0.656729     0.717168  
    17     0.644402     0.706743  
    18     0.633472     0.697281  
    19     0.622147     0.688135  
    20     0.612332     0.680570  
    21     0.602762     0.673240  
    22     0.593444     0.665852  
    23     0.583633     0.659565  
    24     0.574539     0.653323  
    25     0.565967     0.647886  
    26     0.559134     0.644291  
    27     0.551189     0.638276  
    28     0.544645     0.634654  
    29     0.537699     0.630493  
    30     0.530787     0.626325  
    31     0.523985     0.621945  
    32     0.518140     0.618805  
    33     0.512204     0.614774  
    34     0.506703     0.611596  
    35     0.501272     0.607855  
    36     0.495771     0.604770  
    37     0.490625     0.601641  
    38     0.485593     0.598972  
    39     0.480323     0.595869  
    40     0.475113     0.593429  
    41     0.470453     0.591135  
    42     0.465912     0.588429  
    43     0.460992     0.585466  
    44     0.456468     0.582091  
    45     0.452335     0.579714  
    46     0.448300     0.577583  
    47     0.444092     0.575993  
    48     0.440181     0.574023  
    49     0.436092     0.571681  
    50     0.432392     0.570562  
    51     0.428589     0.569204  
    52     0.424817     0.567420  
    53     0.421315     0.566124  
    54     0.417747     0.564419  
    55     0.414191     0.562046  
    56     0.410754     0.560916  
    57     0.407293     0.559361  
    58     0.403982     0.557319  
    59     0.400438     0.556338  
    60     0.397039     0.555306  
    61     0.393765     0.554783  
    62     0.390506     0.553793  
    63     0.387421     0.552303  
    64     0.384076     0.551020  
    65     0.381074     0.550235  
    66     0.378065     0.549268  
    67     0.374733     0.547214  
    68     0.371991     0.546421  
    69     0.369022     0.545218  
    70     0.365962     0.543925  
    71     0.363319     0.543624  
    72     0.360556     0.542754  
    73     0.357759     0.541140  
    74     0.355076     0.539757  
    75     0.352412     0.538680  
    76     0.349753     0.537825  
    77     0.347075     0.536009  
    78     0.344430     0.535134  
    79     0.341677     0.533923  
    80     0.338859     0.532087  
    81     0.336273     0.531221  
    82     0.333617     0.530046  
    83     0.331223     0.529851  
    84     0.328601     0.528694  
    85     0.326028     0.527677  
    86     0.323693     0.527240  
    87     0.321315     0.526113  
    88     0.318982     0.524705  
    89     0.316481     0.524246  
    90     0.314119     0.523197  
    91     0.311974     0.522057  
    92     0.309899     0.521540  
    93     0.307733     0.520713  
    94     0.305555     0.520120  
    95     0.303273     0.519130  
    96     0.300968     0.518353  
    97     0.298942     0.517780  
    98     0.296917     0.516719  
    99     0.294770     0.516215  
   100     0.292762     0.515629  
   101     0.290782     0.515234  
   102     0.288725     0.514874  
   103     0.286791     0.514400  
   104     0.284781     0.513829  
   105     0.282809     0.512564  
   106     0.280913     0.511903  
   107     0.278970     0.511461  
   108     0.277208     0.510856  
   109     0.275166     0.509905  
   110     0.273510     0.509353  
   111     0.271595     0.508550  
   112     0.269799     0.508280  
   113     0.267942     0.507353  
   114     0.266106     0.506454  
   115     0.264394     0.505919  
   116     0.262600     0.505260  
   117     0.260806     0.504259  
   118     0.258914     0.503641  
   119     0.257169     0.502855  
   120     0.255447     0.502428  
   121     0.253843     0.501736  
   122     0.252098     0.501056  
   123     0.250476     0.500653  
   124     0.248909     0.500365  
   125     0.247323     0.500048  
   126     0.245742     0.499078  
   127     0.244105     0.498617  
   128     0.242513     0.497928  
   129     0.240815     0.497620  
   130     0.239256     0.496958  
   131     0.237642     0.496540  
   132     0.236052     0.496237  
   133     0.234502     0.496035  
   134     0.232903     0.495375  
   135     0.231491     0.495416  
   136     0.229961     0.494976  
   137     0.228529     0.494255  
   138     0.227090     0.493325  
   139     0.225620     0.493005  
   140     0.224300     0.492721  
   141     0.222862     0.492431  
   142     0.221426     0.491640  
   143     0.220029     0.491443  
   144     0.218596     0.491043  
   145     0.217204     0.490757  
   146     0.215912     0.490485  
   147     0.214589     0.490420  
   148     0.213357     0.490365  
   149     0.212066     0.490132  
   150     0.210678     0.489431  
   151     0.209322     0.489303  
   152     0.208045     0.489197  
   153     0.206821     0.488936  
   154     0.205549     0.488763  
   155     0.204253     0.488710  
   156     0.202834     0.488479  
   157     0.201546     0.487687  
   158     0.200188     0.487359  
   159     0.199026     0.487136  
   160     0.197739     0.486596  
   161     0.196567     0.486503  
   162     0.195409     0.486191  
   163     0.194141     0.486293  
   164     0.192955     0.486149  
   165     0.191797     0.485739  
   166     0.190600     0.485144  
   167     0.189461     0.484791  
   168     0.188339     0.484465  
   169     0.187241     0.484034  
   170     0.186029     0.483821  
   171     0.184871     0.483692  
   172     0.183748     0.483340  
   173     0.182683     0.483038  
   174     0.181549     0.482880  
   175     0.180472     0.482651  
   176     0.179431     0.482301  
   177     0.178407     0.482062  
   178     0.177304     0.481309  
   179     0.176290     0.481313  
   180     0.175209     0.480926  
   181     0.174227     0.480850  
   182     0.173185     0.480578  
   183     0.172129     0.480423  
   184     0.171067     0.480179  
   185     0.170043     0.479506  
   186     0.169060     0.479574  
   187     0.168054     0.479540  
   188     0.167063     0.479483  
   189     0.166091     0.479239  
   190     0.165103     0.479371  
   191     0.164181     0.479174  
   192     0.163206     0.478765  
   193     0.162262     0.478157  
   194     0.161226     0.477823  
   195     0.160294     0.477807  
   196     0.159364     0.477325  
   197     0.158494     0.477213  
   198     0.157572     0.477040  
   199     0.156707     0.476861  
   200     0.155795     0.476546  
   201     0.154955     0.475972  
   202     0.154099     0.475819  
   203     0.153231     0.475702  
   204     0.152329     0.475259  
   205     0.151466     0.475060  
   206     0.150593     0.474924  
   207     0.149747     0.474765  
   208     0.148890     0.474463  
   209     0.148038     0.474129  
   210     0.147216     0.473910  
   211     0.146382     0.473763  
   212     0.145572     0.473645  
   213     0.144719     0.473470  
   214     0.143986     0.473265  
   215     0.143180     0.473149  
   216     0.142357     0.473022  
   217     0.141619     0.472589  
   218     0.140824     0.472586  
   219     0.139942     0.472221  
   220     0.139159     0.472118  
   221     0.138345     0.472061  
   222     0.137593     0.471847  
   223     0.136807     0.471604  
   224     0.136048     0.471551  
   225     0.135330     0.471415  
   226     0.134609     0.470996  
   227     0.133846     0.470888  
   228     0.133139     0.470816  
   229     0.132451     0.470646  
   230     0.131694     0.470514  
   231     0.130951     0.470219  
   232     0.130229     0.470138  
   233     0.129457     0.469767  
   234     0.128762     0.469809  
   235     0.128067     0.469382  
   236     0.127413     0.469031  
   237     0.126708     0.469069  
   238     0.125993     0.468843  
   239     0.125238     0.468905  
   240     0.124515     0.468461  
   241     0.123791     0.468058  
   242     0.123085     0.467779  
   243     0.122406     0.467961  
   244     0.121763     0.467856  
   245     0.121103     0.467596  
   246     0.120418     0.467498  
   247     0.119800     0.467392  
   248     0.119135     0.467112  
   249     0.118533     0.467113  
   250     0.117926     0.466890  
   251     0.117309     0.466622  
   252     0.116698     0.466555  
   253     0.116044     0.466450  
   254     0.115375     0.466365  
   255     0.114728     0.466289  
   256     0.114124     0.466121  
   257     0.113556     0.465751  
   258     0.112971     0.465505  
   259     0.112374     0.465249  
   260     0.111772     0.464919  
   261     0.111203     0.464716  
   262     0.110640     0.464555  
   263     0.110024     0.464484  
   264     0.109457     0.464419  
   265     0.108883     0.464308  
   266     0.108303     0.464338  
   267     0.107784     0.464100  
   268     0.107174     0.464044  
   269     0.106606     0.463848  
   270     0.106017     0.463647  
   271     0.105430     0.463491  
   272     0.104882     0.463431  
   273     0.104296     0.463374  
   274     0.103747     0.462941  
   275     0.103135     0.462931  
   276     0.102590     0.462985  
   277     0.102042     0.462956  
   278     0.101492     0.462690  
   279     0.100926     0.462629  
   280     0.100400     0.462498  
   281     0.099847     0.462234  
   282     0.099405     0.462043  
   283     0.098892     0.462035  
   284     0.098429     0.461891  
   285     0.097866     0.462095  
   286     0.097339     0.461978  
   287     0.096848     0.461830  
   288     0.096334     0.461620  
   289     0.095823     0.461399  
   290     0.095308     0.461387  
   291     0.094760     0.461355  
   292     0.094262     0.461218  
   293     0.093789     0.461105  
   294     0.093313     0.460839  
   295     0.092817     0.460768  
   296     0.092345     0.460794  
   297     0.091853     0.460787  
   298     0.091437     0.460741  
   299     0.090939     0.460752  
   300     0.090448     0.460819  
   301     0.089965     0.460643  
   302     0.089500     0.460646  
   303     0.089042     0.460579  
   304     0.088612     0.460523  
   305     0.088163     0.460314  
   306     0.087685     0.460205  
   307     0.087231     0.460098  
   308     0.086750     0.460248  
   309     0.086309     0.460037  
   310     0.085847     0.459953  
   311     0.085405     0.459866  
   312     0.084958     0.460000  
   313     0.084499     0.460009  
   314     0.084042     0.459899  
   315     0.083582     0.459886  
   316     0.083179     0.459675  
   317     0.082755     0.459722  
   318     0.082360     0.459684  
   319     0.081990     0.459828  
   320     0.081569     0.459659  
   321     0.081181     0.459607  
   322     0.080778     0.459729  
   323     0.080348     0.459468  
   324     0.079937     0.459289  
   325     0.079506     0.459216  
   326     0.079064     0.459121  
   327     0.078683     0.459178  
   328     0.078238     0.459006  
   329     0.077812     0.458911  
   330     0.077419     0.458976  
   331     0.077004     0.459107  
   332     0.076618     0.458810  
   333     0.076235     0.458649  
   334     0.075826     0.458737  
   335     0.075430     0.458829  
   336     0.075054     0.458687  
   337     0.074617     0.458796  
   338     0.074245     0.458807  
   339     0.073875     0.458707  
   340     0.073532     0.458625  
   341     0.073136     0.458511  
   342     0.072763     0.458267  
   343     0.072385     0.458178  
   344     0.072033     0.458133  
   345     0.071641     0.458325  
   346     0.071284     0.458178  
   347     0.070922     0.458039  
   348     0.070539     0.457831  
   349     0.070167     0.457750  
   350     0.069830     0.457636  
   351     0.069490     0.457617  
   352     0.069104     0.457654  
   353     0.068769     0.457528  
   354     0.068412     0.457477  
   355     0.068085     0.457532  
   356     0.067746     0.457388  
   357     0.067428     0.457358  
   358     0.067077     0.457337  
   359     0.066724     0.457522  
   360     0.066368     0.457564  
   361     0.066012     0.457377  
   362     0.065694     0.457548  
   363     0.065362     0.457487  
   364     0.065033     0.457536  
   365     0.064717     0.457513  
   366     0.064400     0.457451  
   367     0.064077     0.457318  
   368     0.063777     0.457275  
   369     0.063437     0.457209  
   370     0.063145     0.457186  
   371     0.062830     0.457145  
   372     0.062525     0.456878  
   373     0.062231     0.456875  
   374     0.061921     0.456815  
   375     0.061595     0.456650  
   376     0.061270     0.456557  
   377     0.060951     0.456488  
   378     0.060640     0.456314  
   379     0.060319     0.456131  
   380     0.060019     0.456264  
   381     0.059690     0.456112  
   382     0.059394     0.455968  
   383     0.059107     0.455746  
   384     0.058810     0.455771  
   385     0.058543     0.455867  
   386     0.058260     0.455785  
   387     0.057967     0.455640  
   388     0.057690     0.455583  
   389     0.057423     0.455500  
   390     0.057152     0.455583  
   391     0.056869     0.455873  
   392     0.056602     0.455839  
   393     0.056329     0.455984  
   394     0.056040     0.455794  
   395     0.055775     0.455651  
   396     0.055524     0.455614  
   397     0.055271     0.455506  
   398     0.055000     0.455453  
   399     0.054755     0.455311  
   400     0.054498     0.455373  
   401     0.054237     0.455465  
   402     0.053970     0.455322  
   403     0.053695     0.455322  
   404     0.053450     0.455119  
   405     0.053183     0.455356  
   406     0.052920     0.455333  
   407     0.052657     0.455104  
   408     0.052389     0.455038  
   409     0.052142     0.454991  
   410     0.051880     0.454956  
   411     0.051611     0.455067  
   412     0.051370     0.454988  
   413     0.051132     0.454944  
   414     0.050876     0.454801  
   415     0.050611     0.454935  
   416     0.050353     0.454772  
   417     0.050129     0.454626  
   418     0.049878     0.454677  
   419     0.049615     0.454654  
   420     0.049379     0.454544  
   421     0.049133     0.454410  
   422     0.048882     0.454316  
   423     0.048647     0.454187  
   424     0.048386     0.453952  
   425     0.048159     0.453963  
   426     0.047907     0.453758  
   427     0.047685     0.453817  
   428     0.047446     0.453819  
   429     0.047209     0.453771  
   430     0.046991     0.453812  
   431     0.046762     0.453677  
   432     0.046536     0.453731  
   433     0.046295     0.453732  
   434     0.046082     0.453662  
   435     0.045861     0.453681  
   436     0.045649     0.453714  
   437     0.045431     0.453573  
   438     0.045190     0.453490  
   439     0.044974     0.453464  
   440     0.044736     0.453322  
   441     0.044523     0.453430  
   442     0.044310     0.453467  
   443     0.044080     0.453256  
   444     0.043861     0.453189  
   445     0.043651     0.453195  
   446     0.043426     0.453160  
   447     0.043230     0.453187  
   448     0.043017     0.453161  
   449     0.042803     0.453075  
   450     0.042592     0.453052  
   451     0.042390     0.453053  
   452     0.042184     0.453019  
   453     0.041992     0.452949  
   454     0.041801     0.452856  
   455     0.041594     0.452881  
   456     0.041399     0.452782  
   457     0.041211     0.452823  
   458     0.041015     0.452839  
   459     0.040794     0.452800  
   460     0.040586     0.452714  
   461     0.040383     0.452764  
   462     0.040186     0.452920  
   463     0.040009     0.452841  
   464     0.039797     0.452848  
   465     0.039598     0.452730  
   466     0.039413     0.452770  
   467     0.039228     0.452660  
   468     0.039040     0.452618  
   469     0.038855     0.452594  
   470     0.038687     0.452582  
   471     0.038506     0.452579  
   472     0.038331     0.452483  
   473     0.038153     0.452336  
   474     0.037967     0.452479  
   475     0.037794     0.452468  
   476     0.037599     0.452496  
   477     0.037418     0.452499  
   478     0.037244     0.452453  
   479     0.037067     0.452327  
   480     0.036901     0.452341  
   481     0.036726     0.452244  
   482     0.036553     0.452268  
   483     0.036390     0.452287  
   484     0.036223     0.452296  
   485     0.036053     0.452302  
   486     0.035882     0.452303  
   487     0.035718     0.452288  
   488     0.035559     0.452239  
   489     0.035398     0.452173  
   490     0.035227     0.452143  
   491     0.035070     0.452220  
   492     0.034925     0.452230  
   493     0.034746     0.452229  
   494     0.034557     0.452166  
   495     0.034400     0.452062  
   496     0.034228     0.452046  
   497     0.034076     0.451924  
   498     0.033904     0.451908  
   499     0.033745     0.451906  
   500     0.033597     0.451913  
   501     0.033424     0.451937  
   502     0.033267     0.451882  
   503     0.033121     0.451812  
   504     0.032987     0.451776  
   505     0.032826     0.451751  
   506     0.032695     0.451690  
   507     0.032568     0.451666  
   508     0.032417     0.451644  
   509     0.032251     0.451610  
   510     0.032087     0.451664  
   511     0.031942     0.451549  
   512     0.031779     0.451478  
   513     0.031642     0.451471  
   514     0.031487     0.451438  
   515     0.031334     0.451510  
   516     0.031188     0.451476  
   517     0.031047     0.451514  
   518     0.030916     0.451574  
   519     0.030746     0.451641  
   520     0.030612     0.451662  
   521     0.030476     0.451456  
   522     0.030324     0.451433  
   523     0.030179     0.451455  
   524     0.030034     0.451376  
   525     0.029893     0.451205  
   526     0.029741     0.451298  
   527     0.029617     0.451208  
   528     0.029473     0.451302  
   529     0.029346     0.451293  
   530     0.029197     0.451197  
   531     0.029071     0.451201  
   532     0.028953     0.451082  
   533     0.028825     0.451005  
   534     0.028702     0.450930  
   535     0.028574     0.450876  
   536     0.028455     0.450851  
   537     0.028316     0.450809  
   538     0.028177     0.450751  
   539     0.028053     0.450856  
   540     0.027917     0.450743  
   541     0.027786     0.450779  
   542     0.027644     0.450701  
   543     0.027484     0.450519  
   544     0.027363     0.450477  
   545     0.027247     0.450463  
   546     0.027122     0.450373  
   547     0.026989     0.450360  
   548     0.026864     0.450382  
   549     0.026737     0.450335  
   550     0.026616     0.450375  
   551     0.026487     0.450406  
   552     0.026371     0.450281  
   553     0.026256     0.450268  
   554     0.026139     0.450301  
   555     0.026012     0.450356  
   556     0.025892     0.450364  
   557     0.025761     0.450409  
   558     0.025651     0.450442  
   559     0.025520     0.450385  
   560     0.025411     0.450416  
   561     0.025294     0.450478  
   562     0.025192     0.450427  
   563     0.025087     0.450518  
   564     0.024979     0.450622  
   565     0.024855     0.450558  
   566     0.024740     0.450597  
   567     0.024627     0.450607  
   568     0.024504     0.450663  
   569     0.024378     0.450621  
   570     0.024264     0.450549  
   571     0.024146     0.450495  
   572     0.024043     0.450613  
   573     0.023918     0.450515  
   574     0.023802     0.450472  
   575     0.023696     0.450469  
   576     0.023596     0.450555  
   577     0.023475     0.450524  
   578     0.023365     0.450555  
   579     0.023248     0.450596  
   580     0.023158     0.450621  
   581     0.023050     0.450653  
   582     0.022945     0.450601  
   583     0.022844     0.450611  
   584     0.022745     0.450486  
   585     0.022641     0.450511  
   586     0.022530     0.450428  
   587     0.022431     0.450413  
   588     0.022328     0.450445  
   589     0.022223     0.450394  
   590     0.022125     0.450398  
   591     0.022026     0.450245  
   592     0.021929     0.450204  
   593     0.021834     0.450230  
   594     0.021738     0.450281  
   595     0.021638     0.450286  
   596     0.021533     0.450219  
   597     0.021441     0.450221  
   598     0.021338     0.450165  
   599     0.021240     0.450220  
   600     0.021150     0.450148  
   601     0.021058     0.450142  
   602     0.020966     0.450134  
   603     0.020875     0.450068  
   604     0.020774     0.450044  
   605     0.020682     0.449930  
   606     0.020585     0.449953  
   607     0.020503     0.449977  
   608     0.020409     0.450078  
   609     0.020308     0.450102  
   610     0.020223     0.450085  
   611     0.020139     0.450086  
   612     0.020050     0.450052  
   613     0.019964     0.450026  
   614     0.019881     0.450012  
   615     0.019779     0.450016  
   616     0.019685     0.449914  
   617     0.019589     0.449917  
   618     0.019503     0.449882  
   619     0.019413     0.449831  
   620     0.019323     0.449852  
   621     0.019242     0.449780  
   622     0.019150     0.449750  
   623     0.019066     0.449724  
   624     0.018982     0.449649  
   625     0.018887     0.449703  
   626     0.018808     0.449729  
   627     0.018718     0.449784  
   628     0.018631     0.449755  
   629     0.018540     0.449779  
   630     0.018456     0.449732  
   631     0.018368     0.449709  
   632     0.018284     0.449667  
   633     0.018193     0.449678  
   634     0.018117     0.449681  
   635     0.018029     0.449689  
   636     0.017948     0.449612  
   637     0.017862     0.449567  
   638     0.017784     0.449466  
   639     0.017706     0.449535  
   640     0.017621     0.449449  
   641     0.017545     0.449450  
   642     0.017475     0.449419  
   643     0.017401     0.449347  
   644     0.017323     0.449373  
   645     0.017259     0.449364  
   646     0.017182     0.449392  
   647     0.017105     0.449378  
   648     0.017021     0.449335  
   649     0.016945     0.449283  
   650     0.016872     0.449287  
   651     0.016799     0.449338  
   652     0.016712     0.449230  
   653     0.016649     0.449236  
   654     0.016572     0.449225  
   655     0.016498     0.449159  
   656     0.016418     0.449056  
   657     0.016345     0.448944  
   658     0.016272     0.448886  
   659     0.016196     0.448846  
   660     0.016126     0.448798  
   661     0.016053     0.448798  
   662     0.015978     0.448829  
   663     0.015907     0.448827  
   664     0.015835     0.448845  
   665     0.015762     0.448829  
   666     0.015698     0.448851  
   667     0.015618     0.448848  
   668     0.015544     0.448912  
   669     0.015481     0.448888  
   670     0.015411     0.448910  
   671     0.015340     0.448827  
   672     0.015268     0.448814  
   673     0.015203     0.448731  
   674     0.015137     0.448746  
   675     0.015080     0.448767  
   676     0.015015     0.448700  
   677     0.014954     0.448701  
   678     0.014884     0.448656  
   679     0.014814     0.448658  
   680     0.014750     0.448635  
   681     0.014691     0.448667  
   682     0.014622     0.448727  
   683     0.014557     0.448709  
   684     0.014495     0.448722  
   685     0.014430     0.448671  
   686     0.014364     0.448596  
   687     0.014298     0.448572  
   688     0.014230     0.448528  
   689     0.014167     0.448432  
   690     0.014106     0.448413  
   691     0.014046     0.448460  
   692     0.013983     0.448444  
   693     0.013921     0.448440  
   694     0.013867     0.448395  
   695     0.013812     0.448370  
   696     0.013752     0.448379  
   697     0.013688     0.448394  
   698     0.013624     0.448305  
   699     0.013574     0.448205  
   700     0.013517     0.448204  
   701     0.013460     0.448238  
   702     0.013400     0.448289  
   703     0.013337     0.448292  
   704     0.013282     0.448301  
   705     0.013224     0.448265  
   706     0.013169     0.448163  
   707     0.013111     0.448104  
   708     0.013050     0.448072  
   709     0.012993     0.448103  
   710     0.012943     0.448132  
   711     0.012882     0.448078  
   712     0.012832     0.448058  
   713     0.012775     0.448032  
   714     0.012713     0.447988  
   715     0.012656     0.447906  
   716     0.012599     0.447874  
   717     0.012549     0.447884  
   718     0.012497     0.447860  
   719     0.012444     0.447844  
   720     0.012392     0.447827  
   721     0.012337     0.447777  
   722     0.012276     0.447803  
   723     0.012221     0.447794  
   724     0.012162     0.447794  
   725     0.012108     0.447792  
   726     0.012052     0.447772  
   727     0.012000     0.447697  
   728     0.011954     0.447633  
   729     0.011902     0.447614  
   730     0.011850     0.447562  
   731     0.011795     0.447679  
   732     0.011741     0.447653  
   733     0.011692     0.447677  
   734     0.011640     0.447680  
   735     0.011586     0.447694  
   736     0.011536     0.447663  
   737     0.011481     0.447657  
   738     0.011430     0.447683  
   739     0.011380     0.447733  
   740     0.011324     0.447746  
   741     0.011273     0.447732  
   742     0.011226     0.447714  
   743     0.011180     0.447674  
   744     0.011129     0.447567  
   745     0.011079     0.447583  
   746     0.011030     0.447542  
   747     0.010978     0.447515  
   748     0.010924     0.447474  
   749     0.010876     0.447445  
   750     0.010828     0.447512  
   751     0.010786     0.447502  
   752     0.010740     0.447517  
   753     0.010696     0.447425  
   754     0.010651     0.447479  
   755     0.010604     0.447498  
   756     0.010553     0.447491  
   757     0.010510     0.447536  
   758     0.010461     0.447453  
   759     0.010416     0.447449  
   760     0.010372     0.447468  
   761     0.010327     0.447471  
   762     0.010280     0.447481  
   763     0.010237     0.447466  
   764     0.010198     0.447456  
   765     0.010148     0.447432  
   766     0.010107     0.447462  
   767     0.010060     0.447421  
   768     0.010020     0.447446  
   769     0.009976     0.447358  
   770     0.009937     0.447382  
   771     0.009886     0.447329  
   772     0.009843     0.447334  
   773     0.009806     0.447321  
   774     0.009763     0.447352  
   775     0.009722     0.447339  
   776     0.009677     0.447320  
   777     0.009637     0.447305  
   778     0.009598     0.447328  
   779     0.009557     0.447299  
   780     0.009510     0.447255  
   781     0.009466     0.447252  
   782     0.009423     0.447287  
   783     0.009385     0.447287  
   784     0.009340     0.447275  
   785     0.009302     0.447186  
   786     0.009255     0.447166  
   787     0.009218     0.447176  
   788     0.009175     0.447195  
   789     0.009133     0.447151  
   790     0.009098     0.447165  
   791     0.009058     0.447110  
   792     0.009018     0.447078  
   793     0.008983     0.447039  
   794     0.008946     0.447062  
   795     0.008907     0.447056  
   796     0.008869     0.447002  
   797     0.008829     0.446976  
   798     0.008793     0.446988  
   799     0.008750     0.447015  
   800     0.008710     0.446985  
   801     0.008669     0.446988  
   802     0.008631     0.446977  
   803     0.008593     0.446990  
   804     0.008560     0.446953  
   805     0.008523     0.446988  
   806     0.008483     0.446924  
   807     0.008442     0.446882  
   808     0.008407     0.446814  
   809     0.008369     0.446819  
   810     0.008335     0.446847  
   811     0.008299     0.446796  
   812     0.008265     0.446823  
   813     0.008224     0.446812  
   814     0.008190     0.446795  
   815     0.008153     0.446764  
   816     0.008118     0.446744  
   817     0.008082     0.446686  
   818     0.008044     0.446679  
   819     0.008010     0.446730  
   820     0.007976     0.446710  
   821     0.007943     0.446740  
   822     0.007907     0.446788  
   823     0.007871     0.446778  
   824     0.007837     0.446772  
   825     0.007805     0.446767  
   826     0.007771     0.446776  
   827     0.007736     0.446779  
   828     0.007705     0.446759  
   829     0.007671     0.446745  
   830     0.007634     0.446709  
   831     0.007599     0.446687  
   832     0.007566     0.446684  
   833     0.007534     0.446751  
   834     0.007497     0.446721  
   835     0.007464     0.446717  
   836     0.007435     0.446702  
   837     0.007403     0.446729  
   838     0.007375     0.446737  
   839     0.007344     0.446753  
   840     0.007315     0.446752  
   841     0.007285     0.446775  
   842     0.007250     0.446782  
   843     0.007217     0.446726  
   844     0.007184     0.446664  
   845     0.007156     0.446591  
   846     0.007126     0.446652  
   847     0.007093     0.446651  
   848     0.007065     0.446672  
   849     0.007033     0.446691  
   850     0.006999     0.446638  
   851     0.006970     0.446649  
   852     0.006936     0.446703  
   853     0.006904     0.446729  
   854     0.006872     0.446748  
   855     0.006842     0.446727  
   856     0.006814     0.446782  
   857     0.006785     0.446827  
   858     0.006754     0.446854  
   859     0.006724     0.446872  
   860     0.006693     0.446797  
   861     0.006664     0.446746  
   862     0.006635     0.446723  
   863     0.006607     0.446660  
   864     0.006577     0.446660  
   865     0.006547     0.446653  
   866     0.006517     0.446707  
   867     0.006485     0.446698  
   868     0.006458     0.446702  
   869     0.006432     0.446682  
   870     0.006405     0.446677  
   871     0.006379     0.446670  
   872     0.006351     0.446670  
   873     0.006324     0.446686  
   874     0.006295     0.446696  
   875     0.006270     0.446682  
   876     0.006240     0.446705  
   877     0.006215     0.446694  
   878     0.006190     0.446706  
   879     0.006161     0.446735  
   880     0.006135     0.446702  
   881     0.006110     0.446721  
   882     0.006084     0.446692  
   883     0.006058     0.446724  
   884     0.006032     0.446644  
   885     0.006005     0.446621  
   886     0.005978     0.446616  
   887     0.005953     0.446635  
   888     0.005927     0.446611  
   889     0.005898     0.446645  
   890     0.005869     0.446652  
   891     0.005840     0.446641  
   892     0.005814     0.446593  
   893     0.005792     0.446619  
   894     0.005767     0.446576  
   895     0.005743     0.446549  
   896     0.005716     0.446621  
   897     0.005695     0.446630  
   898     0.005671     0.446619  
   899     0.005647     0.446594  
   900     0.005622     0.446604  
   901     0.005597     0.446594  
   902     0.005574     0.446597  
   903     0.005547     0.446620  
   904     0.005523     0.446558  
   905     0.005499     0.446633  
   906     0.005475     0.446641  
   907     0.005450     0.446651  
   908     0.005427     0.446658  
   909     0.005406     0.446673  
   910     0.005383     0.446674  
   911     0.005360     0.446652  
   912     0.005338     0.446684  
   913     0.005318     0.446684  
   914     0.005293     0.446642  
   915     0.005270     0.446610  
   916     0.005248     0.446642  
   917     0.005227     0.446634  
   918     0.005204     0.446607  
   919     0.005183     0.446593  
   920     0.005161     0.446602  
   921     0.005138     0.446615  
   922     0.005114     0.446592  
   923     0.005094     0.446594  
   924     0.005071     0.446604  
   925     0.005050     0.446619  
   926     0.005029     0.446603  
   927     0.005006     0.446561  
   928     0.004987     0.446509  
   929     0.004965     0.446529  
   930     0.004944     0.446495  
   931     0.004922     0.446517  
   932     0.004904     0.446545  
   933     0.004882     0.446557  
   934     0.004858     0.446523  
   935     0.004836     0.446551  
   936     0.004813     0.446525  
   937     0.004794     0.446507  
   938     0.004772     0.446493  
   939     0.004755     0.446529  
   940     0.004734     0.446492  
   941     0.004714     0.446447  
   942     0.004693     0.446442  
   943     0.004673     0.446439  
   944     0.004653     0.446438  
   945     0.004633     0.446428  
   946     0.004615     0.446422  
   947     0.004596     0.446443  
   948     0.004576     0.446404  
   949     0.004557     0.446372  
   950     0.004538     0.446337  
   951     0.004518     0.446324  
   952     0.004499     0.446343  
   953     0.004479     0.446361  
   954     0.004461     0.446360  
   955     0.004440     0.446361  
   956     0.004422     0.446368  
   957     0.004404     0.446375  
   958     0.004386     0.446400  
   959     0.004368     0.446424  
   960     0.004350     0.446394  
   961     0.004329     0.446351  
   962     0.004308     0.446328  
   963     0.004291     0.446331  
   964     0.004270     0.446319  
   965     0.004252     0.446294  
   966     0.004236     0.446289  
   967     0.004220     0.446307  
   968     0.004201     0.446290  
   969     0.004184     0.446279  
   970     0.004167     0.446235  
   971     0.004149     0.446214  
   972     0.004131     0.446190  
   973     0.004113     0.446226  
   974     0.004096     0.446230  
   975     0.004081     0.446189  
   976     0.004064     0.446177  
   977     0.004049     0.446203  
   978     0.004031     0.446201  
   979     0.004013     0.446229  
   980     0.003996     0.446207  
   981     0.003981     0.446181  
   982     0.003964     0.446169  
   983     0.003949     0.446187  
   984     0.003932     0.446208  
   985     0.003915     0.446219  
   986     0.003896     0.446204  
   987     0.003880     0.446205  
   988     0.003862     0.446175  
   989     0.003845     0.446161  
   990     0.003830     0.446157  
   991     0.003812     0.446140  
   992     0.003795     0.446120  
   993     0.003781     0.446091  
   994     0.003765     0.446079  
   995     0.003748     0.446099  
   996     0.003731     0.446078  
   997     0.003714     0.446055  
   998     0.003700     0.446076  
   999     0.003685     0.446049  
  1000     0.003668     0.446072  
  1001     0.003654     0.446065  
  1002     0.003639     0.446063  
  1003     0.003623     0.446035  
  1004     0.003608     0.446018  
  1005     0.003592     0.446020  
  1006     0.003575     0.446043  
  1007     0.003558     0.446026  
  1008     0.003542     0.446017  
  1009     0.003526     0.445984  
  1010     0.003510     0.446000  
  1011     0.003494     0.445961  
  1012     0.003480     0.445980  
  1013     0.003466     0.445911  
  1014     0.003451     0.445932  
  1015     0.003435     0.445968  
  1016     0.003418     0.445957  
  1017     0.003403     0.445956  
  1018     0.003389     0.445932  
  1019     0.003374     0.445912  
  1020     0.003360     0.445865  
  1021     0.003348     0.445865  
  1022     0.003333     0.445932  
  1023     0.003319     0.445908  
  1024     0.003307     0.445927  
  1025     0.003293     0.445956  
  1026     0.003278     0.445948  
  1027     0.003264     0.445925  
  1028     0.003249     0.445920  
  1029     0.003234     0.445893  
  1030     0.003220     0.445834  
  1031     0.003209     0.445866  
  1032     0.003196     0.445919  
  1033     0.003183     0.445905  
  1034     0.003171     0.445909  
  1035     0.003159     0.445943  
  1036     0.003146     0.445957  
  1037     0.003133     0.445942  
  1038     0.003119     0.445935  
  1039     0.003107     0.445894  
  1040     0.003093     0.445903  
  1041     0.003079     0.445904  
  1042     0.003066     0.445875  
  1043     0.003055     0.445883  
  1044     0.003040     0.445872  
  1045     0.003027     0.445861  
  1046     0.003013     0.445839  
  1047     0.003000     0.445820  
  1048     0.002987     0.445849  
  1049     0.002973     0.445879  
  1050     0.002961     0.445881  
  1051     0.002949     0.445887  
  1052     0.002937     0.445902  
  1053     0.002923     0.445913  
  1054     0.002910     0.445914  
  1055     0.002897     0.445939  
  1056     0.002885     0.445945  
  1057     0.002873     0.445955  
  1058     0.002860     0.445949  
  1059     0.002848     0.445949  
  1060     0.002837     0.445966  
  1061     0.002824     0.445946  
  1062     0.002812     0.445922  
  1063     0.002800     0.445924  
  1064     0.002788     0.445909  
  1065     0.002775     0.445886  
  1066     0.002764     0.445898  
  1067     0.002754     0.445900  
  1068     0.002742     0.445866  
  1069     0.002731     0.445839  
  1070     0.002719     0.445844  
  1071     0.002708     0.445834  
  1072     0.002696     0.445846  
  1073     0.002685     0.445853  
  1074     0.002673     0.445835  
  1075     0.002661     0.445858  
  1076     0.002650     0.445857  
  1077     0.002639     0.445855  
  1078     0.002627     0.445865  
  1079     0.002615     0.445865  
  1080     0.002605     0.445894  
  1081     0.002595     0.445902  
  1082     0.002583     0.445896  
  1083     0.002572     0.445912  
  1084     0.002560     0.445925  
  1085     0.002549     0.445905  
  1086     0.002538     0.445906  
  1087     0.002527     0.445884  
  1088     0.002517     0.445903  
  1089     0.002507     0.445927  
  1090     0.002497     0.445937  
  1091     0.002488     0.445955  
  1092     0.002476     0.445950  
  1093     0.002466     0.445938  
  1094     0.002457     0.445957  
  1095     0.002445     0.445953  
  1096     0.002435     0.445964  
  1097     0.002425     0.445966  
  1098     0.002417     0.445968  
  1099     0.002407     0.445953  
  1100     0.002396     0.445930  
  1101     0.002387     0.445929  
  1102     0.002376     0.445915  
  1103     0.002366     0.445896  
  1104     0.002356     0.445872  
  1105     0.002345     0.445860  
  1106     0.002334     0.445893  
  1107     0.002324     0.445897  
  1108     0.002314     0.445903  
  1109     0.002305     0.445902  
  1110     0.002294     0.445891  
  1111     0.002284     0.445854  
  1112     0.002274     0.445858  
  1113     0.002264     0.445824  
  1114     0.002255     0.445832  
  1115     0.002246     0.445829  
  1116     0.002237     0.445863  
  1117     0.002227     0.445854  
  1118     0.002217     0.445851  
  1119     0.002209     0.445829  
  1120     0.002200     0.445838  
  1121     0.002192     0.445829  
  1122     0.002183     0.445837  
  1123     0.002173     0.445828  
  1124     0.002164     0.445844  
  1125     0.002155     0.445834  
  1126     0.002146     0.445817  
  1127     0.002138     0.445808  
  1128     0.002129     0.445828  
  1129     0.002121     0.445806  
  1130     0.002112     0.445794  
  1131     0.002103     0.445798  
  1132     0.002094     0.445786  
  1133     0.002086     0.445811  
  1134     0.002076     0.445822  
  1135     0.002068     0.445807  
  1136     0.002058     0.445809  
  1137     0.002049     0.445821  
  1138     0.002041     0.445836  
  1139     0.002032     0.445824  
  1140     0.002023     0.445822  
  1141     0.002016     0.445818  
  1142     0.002008     0.445791  
  1143     0.002001     0.445788  
  1144     0.001992     0.445795  
  1145     0.001984     0.445793  
  1146     0.001975     0.445786  
  1147     0.001968     0.445776  
  1148     0.001959     0.445779  
  1149     0.001950     0.445751  
  1150     0.001943     0.445729  
  1151     0.001935     0.445715  
  1152     0.001927     0.445704  
  1153     0.001920     0.445693  
  1154     0.001912     0.445718  
  1155     0.001905     0.445718  
  1156     0.001898     0.445719  
  1157     0.001890     0.445709  
  1158     0.001882     0.445719  
  1159     0.001874     0.445720  
  1160     0.001866     0.445713  
  1161     0.001858     0.445742  
  1162     0.001852     0.445759  
  1163     0.001843     0.445751  
  1164     0.001835     0.445761  
  1165     0.001827     0.445758  
  1166     0.001820     0.445753  
  1167     0.001812     0.445759  
  1168     0.001805     0.445759  
  1169     0.001798     0.445747  
  1170     0.001790     0.445745  
  1171     0.001782     0.445732  
  1172     0.001776     0.445741  
  1173     0.001768     0.445733  
  1174     0.001761     0.445726  
  1175     0.001754     0.445727  
  1176     0.001748     0.445733  
  1177     0.001741     0.445729  
  1178     0.001733     0.445708  
  1179     0.001727     0.445709  
  1180     0.001719     0.445711  
  1181     0.001712     0.445692  
  1182     0.001705     0.445652  
  1183     0.001697     0.445634  
  1184     0.001690     0.445642  
  1185     0.001683     0.445629  
  1186     0.001675     0.445635  
  1187     0.001668     0.445621  
  1188     0.001662     0.445614  
  1189     0.001655     0.445639  
  1190     0.001648     0.445658  
  1191     0.001640     0.445643  
  1192     0.001633     0.445625  
  1193     0.001627     0.445603  
  1194     0.001621     0.445579  
  1195     0.001615     0.445582  
  1196     0.001608     0.445573  
  1197     0.001601     0.445562  
  1198     0.001595     0.445564  
  1199     0.001589     0.445574  
  1200     0.001583     0.445557  
  1201     0.001576     0.445562  
  1202     0.001569     0.445565  
  1203     0.001563     0.445586  
  1204     0.001556     0.445605  
  1205     0.001550     0.445596  
  1206     0.001544     0.445592  
  1207     0.001537     0.445601  
  1208     0.001531     0.445624  
  1209     0.001525     0.445639  
  1210     0.001518     0.445643  
  1211     0.001512     0.445638  
  1212     0.001505     0.445616  
  1213     0.001498     0.445632  
  1214     0.001491     0.445621  
  1215     0.001485     0.445635  
  1216     0.001479     0.445650  
  1217     0.001473     0.445623  
  1218     0.001467     0.445623  
  1219     0.001461     0.445627  
  1220     0.001455     0.445614  
  1221     0.001448     0.445611  
  1222     0.001443     0.445616  
  1223     0.001437     0.445599  
  1224     0.001431     0.445582  
  1225     0.001425     0.445586  
  1226     0.001419     0.445590  
  1227     0.001413     0.445612  
  1228     0.001407     0.445593  
  1229     0.001401     0.445606  
  1230     0.001395     0.445610  
  1231     0.001390     0.445604  
  1232     0.001385     0.445610  
  1233     0.001379     0.445612  
  1234     0.001373     0.445593  
  1235     0.001366     0.445595  
  1236     0.001360     0.445578  
  1237     0.001355     0.445566  
  1238     0.001349     0.445542  
  1239     0.001344     0.445544  
  1240     0.001338     0.445539  
  1241     0.001333     0.445548  
  1242     0.001326     0.445528  
  1243     0.001320     0.445520  
  1244     0.001315     0.445526  
  1245     0.001310     0.445540  
  1246     0.001304     0.445541  
  1247     0.001299     0.445544  
  1248     0.001293     0.445509  
  1249     0.001288     0.445520  
  1250     0.001283     0.445514  
  1251     0.001277     0.445505  
  1252     0.001271     0.445519  
  1253     0.001266     0.445538  
  1254     0.001260     0.445539  
  1255     0.001255     0.445556  
  1256     0.001250     0.445550  
  1257     0.001245     0.445570  
  1258     0.001239     0.445554  
  1259     0.001234     0.445545  
  1260     0.001229     0.445539  
  1261     0.001224     0.445553  
  1262     0.001219     0.445552  
  1263     0.001214     0.445536  
  1264     0.001209     0.445542  
  1265     0.001204     0.445543  
  1266     0.001199     0.445573  
  1267     0.001195     0.445570  
  1268     0.001190     0.445567  
  1269     0.001185     0.445556  
  1270     0.001180     0.445541  
  1271     0.001175     0.445540  
  1272     0.001170     0.445537  
  1273     0.001166     0.445544  
  1274     0.001161     0.445551  
  1275     0.001156     0.445563  
  1276     0.001152     0.445547  
  1277     0.001147     0.445547  
  1278     0.001141     0.445559  
  1279     0.001136     0.445537  
  1280     0.001131     0.445522  
  1281     0.001127     0.445528  
  1282     0.001122     0.445529  
  1283     0.001118     0.445559  
  1284     0.001113     0.445552  
  1285     0.001109     0.445529  
  1286     0.001104     0.445550  
  1287     0.001100     0.445557  
  1288     0.001096     0.445542  
  1289     0.001091     0.445527  
  1290     0.001086     0.445542  
  1291     0.001082     0.445545  
  1292     0.001078     0.445542  
  1293     0.001072     0.445529  
  1294     0.001069     0.445544  
  1295     0.001064     0.445539  
  1296     0.001060     0.445546  
  1297     0.001056     0.445562  
  1298     0.001051     0.445560  
  1299     0.001047     0.445564  
  1300     0.001042     0.445557  
  1301     0.001038     0.445560  
  1302     0.001033     0.445574  
  1303     0.001029     0.445567  
  1304     0.001025     0.445544  
  1305     0.001021     0.445546  
  1306     0.001017     0.445544  
  1307     0.001013     0.445527  
  1308     0.001008     0.445515  
  1309     0.001005     0.445506  
  1310     0.001000     0.445503  
  1311     0.000996     0.445506  
  1312     0.000993     0.445502  
  1313     0.000989     0.445495  
  1314     0.000985     0.445480  
  1315     0.000981     0.445472  
  1316     0.000977     0.445473  
  1317     0.000973     0.445502  
  1318     0.000968     0.445506  
  1319     0.000964     0.445522  
  1320     0.000961     0.445527  
  1321     0.000957     0.445538  
  1322     0.000953     0.445544  
  1323     0.000949     0.445534  
  1324     0.000945     0.445530  
  1325     0.000941     0.445526  
  1326     0.000937     0.445518  
  1327     0.000933     0.445510  
  1328     0.000929     0.445505  
  1329     0.000926     0.445498  
  1330     0.000922     0.445502  
  1331     0.000918     0.445500  
  1332     0.000915     0.445506  
  1333     0.000911     0.445488  
  1334     0.000908     0.445487  
  1335     0.000903     0.445481  
  1336     0.000900     0.445483  
  1337     0.000896     0.445485  
  1338     0.000893     0.445493  
  1339     0.000889     0.445486  
  1340     0.000885     0.445487  
  1341     0.000882     0.445469  
  1342     0.000878     0.445459  
  1343     0.000874     0.445463  
  1344     0.000871     0.445458  
  1345     0.000867     0.445475  
  1346     0.000863     0.445480  
  1347     0.000860     0.445467  
  1348     0.000856     0.445467  
  1349     0.000852     0.445475  
  1350     0.000849     0.445480  
  1351     0.000846     0.445490  
  1352     0.000842     0.445489  
  1353     0.000839     0.445483  
  1354     0.000835     0.445490  
  1355     0.000831     0.445495  
  1356     0.000828     0.445497  
  1357     0.000825     0.445489  
  1358     0.000821     0.445494  
  1359     0.000817     0.445517  
  1360     0.000813     0.445504  
  1361     0.000810     0.445493  
  1362     0.000806     0.445483  
  1363     0.000803     0.445486  
  1364     0.000799     0.445474  
  1365     0.000796     0.445477  
  1366     0.000793     0.445481  
  1367     0.000789     0.445473  
  1368     0.000787     0.445468  
  1369     0.000783     0.445481  
  1370     0.000780     0.445466  
  1371     0.000776     0.445459  
  1372     0.000773     0.445463  
  1373     0.000770     0.445448  
  1374     0.000767     0.445449  
  1375     0.000763     0.445441  
  1376     0.000760     0.445443  
  1377     0.000757     0.445436  
  1378     0.000754     0.445446  
  1379     0.000750     0.445435  
  1380     0.000747     0.445444  
  1381     0.000745     0.445438  
  1382     0.000741     0.445421  
  1383     0.000738     0.445420  
  1384     0.000735     0.445440  
  1385     0.000732     0.445423  
  1386     0.000729     0.445413  
  1387     0.000726     0.445413  
  1388     0.000723     0.445397  
  1389     0.000720     0.445405  
  1390     0.000717     0.445409  
  1391     0.000714     0.445392  
  1392     0.000711     0.445393  
  1393     0.000709     0.445389  
  1394     0.000706     0.445403  
  1395     0.000703     0.445397  
  1396     0.000700     0.445385  
  1397     0.000697     0.445375  
  1398     0.000694     0.445367  
  1399     0.000692     0.445362  
  1400     0.000689     0.445367  
  1401     0.000686     0.445364  
  1402     0.000683     0.445368  
  1403     0.000681     0.445384  
  1404     0.000678     0.445383  
  1405     0.000675     0.445397  
  1406     0.000672     0.445406  
  1407     0.000669     0.445402  
  1408     0.000666     0.445375  
  1409     0.000664     0.445358  
  1410     0.000661     0.445359  
  1411     0.000658     0.445364  
  1412     0.000656     0.445357  
  1413     0.000653     0.445357  
  1414     0.000650     0.445349  
  1415     0.000648     0.445329  
  1416     0.000646     0.445311  
  1417     0.000643     0.445319  
  1418     0.000641     0.445328  
  1419     0.000638     0.445325  
  1420     0.000635     0.445316  
  1421     0.000633     0.445310  
  1422     0.000631     0.445291  
  1423     0.000628     0.445292  
  1424     0.000626     0.445286  
  1425     0.000623     0.445291  
  1426     0.000620     0.445279  
  1427     0.000618     0.445270  
  1428     0.000616     0.445254  
  1429     0.000613     0.445259  
  1430     0.000611     0.445270  
  1431     0.000608     0.445253  
  1432     0.000606     0.445261  
  1433     0.000603     0.445248  
  1434     0.000601     0.445244  
  1435     0.000598     0.445252  
  1436     0.000595     0.445249  
  1437     0.000593     0.445262  
  1438     0.000591     0.445258  
  1439     0.000588     0.445250  
  1440     0.000586     0.445260  
  1441     0.000583     0.445236  
  1442     0.000581     0.445225  
  1443     0.000579     0.445205  
  1444     0.000576     0.445196  
  1445     0.000574     0.445192  
  1446     0.000571     0.445190  
  1447     0.000569     0.445195  
  1448     0.000567     0.445188  
  1449     0.000564     0.445178  
  1450     0.000562     0.445179  
  1451     0.000560     0.445163  
  1452     0.000557     0.445174  
  1453     0.000555     0.445169  
  1454     0.000553     0.445180  
  1455     0.000551     0.445176  
  1456     0.000549     0.445158  
  1457     0.000546     0.445154  
  1458     0.000544     0.445158  
  1459     0.000542     0.445132  
  1460     0.000540     0.445131  
  1461     0.000538     0.445122  
  1462     0.000535     0.445117  
  1463     0.000533     0.445125  
  1464     0.000531     0.445141  
  1465     0.000529     0.445133  
  1466     0.000527     0.445132  
  1467     0.000524     0.445128  
  1468     0.000522     0.445132  
  1469     0.000520     0.445124  
  1470     0.000517     0.445112  
  1471     0.000515     0.445107  
  1472     0.000513     0.445110  
  1473     0.000511     0.445104  
  1474     0.000509     0.445100  
  1475     0.000508     0.445096  
  1476     0.000505     0.445089  
  1477     0.000504     0.445078  
  1478     0.000501     0.445064  
  1479     0.000499     0.445068  
  1480     0.000497     0.445062  
  1481     0.000495     0.445054  
  1482     0.000493     0.445063  
  1483     0.000491     0.445062  
  1484     0.000489     0.445060  
  1485     0.000487     0.445067  
  1486     0.000485     0.445066  
  1487     0.000483     0.445071  
  1488     0.000481     0.445081  
  1489     0.000479     0.445084  
  1490     0.000477     0.445084  
  1491     0.000475     0.445087  
  1492     0.000474     0.445080  
  1493     0.000472     0.445080  
  1494     0.000470     0.445071  
  1495     0.000468     0.445081  
  1496     0.000466     0.445071  
  1497     0.000464     0.445061  
  1498     0.000462     0.445063  
  1499     0.000460     0.445069  
  1500     0.000459     0.445073  
  1501     0.000457     0.445075  
  1502     0.000455     0.445059  
  1503     0.000453     0.445058  
  1504     0.000451     0.445068  
  1505     0.000449     0.445065  
  1506     0.000448     0.445070  
  1507     0.000446     0.445067  
  1508     0.000444     0.445064  
  1509     0.000442     0.445069  
  1510     0.000440     0.445077  
  1511     0.000439     0.445065  
  1512     0.000437     0.445071  
  1513     0.000435     0.445069  
  1514     0.000433     0.445068  
  1515     0.000431     0.445078  
  1516     0.000429     0.445076  
  1517     0.000428     0.445073  
  1518     0.000426     0.445073  
  1519     0.000425     0.445067  
  1520     0.000423     0.445074  
  1521     0.000421     0.445088  
  1522     0.000420     0.445097  
  1523     0.000418     0.445084  
  1524     0.000416     0.445082  
  1525     0.000415     0.445091  
  1526     0.000413     0.445107  
  1527     0.000411     0.445102  
  1528     0.000410     0.445093  
  1529     0.000408     0.445100  
  1530     0.000406     0.445096  
  1531     0.000405     0.445104  
  1532     0.000403     0.445110  
  1533     0.000401     0.445096  
  1534     0.000400     0.445095  
  1535     0.000398     0.445084  
  1536     0.000396     0.445078  
  1537     0.000395     0.445083  
  1538     0.000393     0.445087  
  1539     0.000391     0.445088  
  1540     0.000390     0.445089  
  1541     0.000388     0.445093  
  1542     0.000386     0.445088  
  1543     0.000385     0.445085  
  1544     0.000383     0.445083  
  1545     0.000382     0.445079  
  1546     0.000380     0.445073  
  1547     0.000379     0.445076  
  1548     0.000377     0.445071  
  1549     0.000375     0.445065  
  1550     0.000374     0.445078  
  1551     0.000372     0.445075  
  1552     0.000371     0.445083  
  1553     0.000369     0.445088  
  1554     0.000368     0.445088  
  1555     0.000366     0.445092  
  1556     0.000365     0.445087  
  1557     0.000363     0.445084  
  1558     0.000362     0.445085  
  1559     0.000360     0.445080  
  1560     0.000359     0.445076  
  1561     0.000357     0.445084  
  1562     0.000355     0.445084  
  1563     0.000354     0.445083  
  1564     0.000353     0.445073  
  1565     0.000351     0.445066  
  1566     0.000350     0.445066  
  1567     0.000348     0.445055  
  1568     0.000347     0.445059  
  1569     0.000346     0.445052  
  1570     0.000344     0.445053  
  1571     0.000343     0.445041  
  1572     0.000341     0.445029  
  1573     0.000340     0.445032  
  1574     0.000338     0.445031  
  1575     0.000337     0.445025  
  1576     0.000336     0.445021  
  1577     0.000334     0.445012  
  1578     0.000333     0.445005  
  1579     0.000332     0.445005  
  1580     0.000330     0.445006  
  1581     0.000329     0.444993  
  1582     0.000328     0.444995  
  1583     0.000327     0.444993  
  1584     0.000325     0.444990  
  1585     0.000324     0.445003  
  1586     0.000322     0.444999  
  1587     0.000321     0.445006  
  1588     0.000320     0.445005  
  1589     0.000318     0.445008  
  1590     0.000317     0.445009  
  1591     0.000316     0.445007  
  1592     0.000315     0.445002  
  1593     0.000314     0.444995  
  1594     0.000312     0.444984  
  1595     0.000311     0.444984  
  1596     0.000310     0.444985  
  1597     0.000309     0.444982  
  1598     0.000308     0.444982  
  1599     0.000306     0.444973  
  1600     0.000305     0.444965  
  1601     0.000304     0.444962  
  1602     0.000302     0.444968  
  1603     0.000301     0.444964  
  1604     0.000300     0.444969  
  1605     0.000299     0.444962  
  1606     0.000297     0.444959  
  1607     0.000296     0.444952  
  1608     0.000295     0.444948  
  1609     0.000294     0.444952  
  1610     0.000293     0.444948  
  1611     0.000291     0.444948  
  1612     0.000290     0.444939  
  1613     0.000289     0.444935  
  1614     0.000288     0.444936  
  1615     0.000287     0.444946  
  1616     0.000285     0.444942  
  1617     0.000284     0.444939  
  1618     0.000283     0.444938  
  1619     0.000282     0.444932  
  1620     0.000281     0.444925  
  1621     0.000280     0.444925  
  1622     0.000279     0.444921  
  1623     0.000277     0.444936  
  1624     0.000276     0.444930  
  1625     0.000275     0.444924  
  1626     0.000274     0.444929  
  1627     0.000273     0.444927  
  1628     0.000272     0.444927  
  1629     0.000271     0.444922  
  1630     0.000270     0.444925  
  1631     0.000269     0.444913  
  1632     0.000267     0.444904  
  1633     0.000266     0.444904  
  1634     0.000265     0.444906  
  1635     0.000264     0.444899  
  1636     0.000263     0.444891  
  1637     0.000262     0.444882  
  1638     0.000261     0.444875  
  1639     0.000260     0.444876  
  1640     0.000259     0.444881  
  1641     0.000258     0.444874  
  1642     0.000257     0.444876  
  1643     0.000256     0.444880  
  1644     0.000255     0.444881  
  1645     0.000254     0.444884  
  1646     0.000253     0.444879  
  1647     0.000252     0.444871  
  1648     0.000251     0.444862  
  1649     0.000250     0.444870  
  1650     0.000249     0.444880  
  1651     0.000248     0.444878  
  1652     0.000247     0.444886  
  1653     0.000246     0.444893  
  1654     0.000245     0.444884  
  1655     0.000244     0.444887  
  1656     0.000243     0.444893  
  1657     0.000242     0.444907  
  1658     0.000241     0.444905  
  1659     0.000240     0.444912  
  1660     0.000239     0.444923  
  1661     0.000238     0.444922  
  1662     0.000237     0.444918  
  1663     0.000236     0.444914  
  1664     0.000235     0.444910  
  1665     0.000235     0.444904  
  1666     0.000234     0.444909  
  1667     0.000233     0.444909  
  1668     0.000232     0.444902  
  1669     0.000231     0.444908  
  1670     0.000230     0.444910  
  1671     0.000229     0.444916  
  1672     0.000228     0.444920  
  1673     0.000227     0.444905  
  1674     0.000227     0.444893  
  1675     0.000226     0.444879  
  1676     0.000225     0.444881  
  1677     0.000224     0.444879  
  1678     0.000223     0.444876  
  1679     0.000222     0.444878  
  1680     0.000221     0.444883  
  1681     0.000221     0.444895  
  1682     0.000220     0.444895  
  1683     0.000219     0.444893  
  1684     0.000218     0.444888  
  1685     0.000217     0.444880  
  1686     0.000216     0.444881  
  1687     0.000215     0.444877  
  1688     0.000214     0.444871  
  1689     0.000213     0.444883  
  1690     0.000213     0.444883  
  1691     0.000212     0.444887  
  1692     0.000211     0.444878  
  1693     0.000210     0.444868  
  1694     0.000209     0.444863  
  1695     0.000208     0.444865  
  1696     0.000207     0.444861  
  1697     0.000207     0.444866  
  1698     0.000206     0.444863  
  1699     0.000205     0.444863  
  1700     0.000204     0.444857  
  1701     0.000203     0.444863  
  1702     0.000203     0.444857  
  1703     0.000202     0.444850  
  1704     0.000201     0.444845  
  1705     0.000200     0.444848  
  1706     0.000199     0.444854  
  1707     0.000198     0.444859  
  1708     0.000198     0.444858  
  1709     0.000197     0.444858  
  1710     0.000196     0.444864  
  1711     0.000195     0.444870  
  1712     0.000195     0.444867  
  1713     0.000194     0.444869  
  1714     0.000193     0.444860  
  1715     0.000192     0.444854  
  1716     0.000191     0.444848  
  1717     0.000191     0.444844  
  1718     0.000190     0.444837  
  1719     0.000189     0.444834  
  1720     0.000188     0.444830  
  1721     0.000188     0.444821  
  1722     0.000187     0.444820  
  1723     0.000186     0.444819  
  1724     0.000185     0.444814  
  1725     0.000185     0.444813  
  1726     0.000184     0.444818  
  1727     0.000183     0.444808  
  1728     0.000183     0.444802  
  1729     0.000182     0.444800  
  1730     0.000181     0.444800  
  1731     0.000180     0.444795  
  1732     0.000180     0.444791  
  1733     0.000179     0.444785  
  1734     0.000178     0.444784  
  1735     0.000177     0.444780  
  1736     0.000177     0.444779  
  1737     0.000176     0.444775  
  1738     0.000175     0.444777  
  1739     0.000175     0.444778  
  1740     0.000174     0.444778  
  1741     0.000173     0.444778  
  1742     0.000172     0.444778  
  1743     0.000172     0.444780  
  1744     0.000171     0.444784  
  1745     0.000170     0.444791  
  1746     0.000170     0.444794  
  1747     0.000169     0.444792  
  1748     0.000168     0.444789  
  1749     0.000168     0.444786  
  1750     0.000167     0.444782  
  1751     0.000166     0.444786  
  1752     0.000166     0.444781  
  1753     0.000165     0.444775  
  1754     0.000164     0.444778  
  1755     0.000164     0.444782  
  1756     0.000163     0.444781  
  1757     0.000162     0.444781  
  1758     0.000162     0.444775  
  1759     0.000161     0.444775  
  1760     0.000161     0.444771  
  1761     0.000160     0.444770  
  1762     0.000159     0.444769  
  1763     0.000159     0.444767  
  1764     0.000158     0.444770  
  1765     0.000157     0.444774  
  1766     0.000157     0.444777  
  1767     0.000156     0.444778  
  1768     0.000155     0.444777  
  1769     0.000155     0.444780  
  1770     0.000154     0.444785  
  1771     0.000154     0.444786  
  1772     0.000153     0.444789  
  1773     0.000153     0.444786  
  1774     0.000152     0.444780  
  1775     0.000151     0.444784  
  1776     0.000151     0.444794  
  1777     0.000150     0.444790  
  1778     0.000150     0.444792  
  1779     0.000149     0.444795  
  1780     0.000148     0.444794  
  1781     0.000148     0.444794  
  1782     0.000147     0.444797  
  1783     0.000147     0.444791  
  1784     0.000146     0.444786  
  1785     0.000146     0.444788  
  1786     0.000145     0.444786  
  1787     0.000144     0.444783  
  1788     0.000144     0.444785  
  1789     0.000143     0.444783  
  1790     0.000143     0.444782  
  1791     0.000142     0.444778  
  1792     0.000142     0.444782  
  1793     0.000141     0.444786  
  1794     0.000140     0.444792  
  1795     0.000140     0.444788  
  1796     0.000139     0.444787  
  1797     0.000139     0.444788  
  1798     0.000138     0.444792  
  1799     0.000138     0.444795  
  1800     0.000137     0.444793  
  1801     0.000137     0.444801  
  1802     0.000136     0.444804  
  1803     0.000136     0.444803  
  1804     0.000135     0.444797  
  1805     0.000135     0.444791  
  1806     0.000134     0.444799  
  1807     0.000133     0.444797  
  1808     0.000133     0.444798  
  1809     0.000132     0.444795  
  1810     0.000132     0.444795  
  1811     0.000131     0.444799  
  1812     0.000131     0.444792  
  1813     0.000130     0.444794  
  1814     0.000130     0.444794  
  1815     0.000129     0.444786  
  1816     0.000129     0.444785  
  1817     0.000128     0.444785  
  1818     0.000128     0.444783  
  1819     0.000127     0.444787  
  1820     0.000127     0.444787  
  1821     0.000126     0.444781  
  1822     0.000126     0.444772  
  1823     0.000125     0.444773  
  1824     0.000125     0.444770  
  1825     0.000124     0.444771  
  1826     0.000124     0.444773  
  1827     0.000123     0.444773  
  1828     0.000123     0.444779  
  1829     0.000122     0.444780  
  1830     0.000122     0.444786  
  1831     0.000121     0.444782  
  1832     0.000121     0.444778  
  1833     0.000120     0.444778  
  1834     0.000120     0.444777  
  1835     0.000119     0.444774  
  1836     0.000119     0.444765  
  1837     0.000118     0.444762  
  1838     0.000118     0.444763  
  1839     0.000117     0.444756  
  1840     0.000117     0.444756  
  1841     0.000116     0.444761  
  1842     0.000116     0.444757  
  1843     0.000115     0.444757  
  1844     0.000115     0.444757  
  1845     0.000114     0.444757  
  1846     0.000114     0.444753  
  1847     0.000113     0.444757  
  1848     0.000113     0.444754  
  1849     0.000113     0.444756  
  1850     0.000112     0.444755  
  1851     0.000112     0.444752  
  1852     0.000111     0.444750  
  1853     0.000111     0.444744  
  1854     0.000110     0.444750  
  1855     0.000110     0.444747  
  1856     0.000109     0.444745  
  1857     0.000109     0.444744  
  1858     0.000109     0.444744  
  1859     0.000108     0.444740  
  1860     0.000108     0.444740  
  1861     0.000107     0.444738  
  1862     0.000107     0.444742  
  1863     0.000106     0.444745  
  1864     0.000106     0.444747  
  1865     0.000105     0.444749  
  1866     0.000105     0.444749  
  1867     0.000105     0.444748  
  1868     0.000104     0.444744  
  1869     0.000104     0.444744  
  1870     0.000104     0.444736  
  1871     0.000103     0.444742  
  1872     0.000103     0.444746  
  1873     0.000102     0.444746  
  1874     0.000102     0.444753  
  1875     0.000101     0.444754  
  1876     0.000101     0.444754  
  1877     0.000101     0.444750  
  1878     0.000100     0.444744  
  1879     0.000100     0.444745  
  1880     0.000099     0.444739  
  1881     0.000099     0.444740  
  1882     0.000099     0.444745  
  1883     0.000098     0.444746  
  1884     0.000098     0.444746  
  1885     0.000098     0.444750  
  1886     0.000097     0.444750  
  1887     0.000097     0.444747  
  1888     0.000096     0.444744  
  1889     0.000096     0.444742  
  1890     0.000096     0.444741  
  1891     0.000095     0.444740  
  1892     0.000095     0.444741  
  1893     0.000095     0.444742  
  1894     0.000094     0.444740  
  1895     0.000094     0.444735  
  1896     0.000094     0.444735  
  1897     0.000093     0.444737  
  1898     0.000093     0.444733  * best
  1899     0.000092     0.444736  
  1900     0.000092     0.444738  
  1901     0.000092     0.444738  
  1902     0.000091     0.444741  
  1903     0.000091     0.444743  
  1904     0.000091     0.444742  
  1905     0.000090     0.444746  
  1906     0.000090     0.444744  
  1907     0.000089     0.444748  
  1908     0.000089     0.444749  
  1909     0.000089     0.444747  
  1910     0.000088     0.444753  
  1911     0.000088     0.444755  
  1912     0.000088     0.444760  
  1913     0.000087     0.444760  
  1914     0.000087     0.444762  
  1915     0.000087     0.444760  
  1916     0.000086     0.444760  
  1917     0.000086     0.444763  
  1918     0.000085     0.444763  
  1919     0.000085     0.444759  
  1920     0.000085     0.444760  
  1921     0.000084     0.444758  
  1922     0.000084     0.444753  
  1923     0.000084     0.444748  
  1924     0.000083     0.444747  
  1925     0.000083     0.444750  
  1926     0.000083     0.444750  
  1927     0.000082     0.444755  
  1928     0.000082     0.444756  
  1929     0.000082     0.444749  
  1930     0.000081     0.444744  
  1931     0.000081     0.444745  
  1932     0.000081     0.444750  
  1933     0.000080     0.444754  
  1934     0.000080     0.444756  
  1935     0.000080     0.444757  
  1936     0.000080     0.444750  
  1937     0.000079     0.444756  
  1938     0.000079     0.444751  
  1939     0.000079     0.444753  
  1940     0.000078     0.444750  
  1941     0.000078     0.444749  
  1942     0.000078     0.444750  
  1943     0.000077     0.444745  
  1944     0.000077     0.444749  
  1945     0.000077     0.444750  
  1946     0.000076     0.444750  
  1947     0.000076     0.444750  
  1948     0.000076     0.444749  
  1949     0.000075     0.444751  
  1950     0.000075     0.444749  
  1951     0.000075     0.444752  
  1952     0.000075     0.444760  
  1953     0.000074     0.444758  
  1954     0.000074     0.444755  
  1955     0.000074     0.444755  
  1956     0.000073     0.444760  
  1957     0.000073     0.444762  
  1958     0.000073     0.444764  
  1959     0.000073     0.444769  
  1960     0.000072     0.444767  
  1961     0.000072     0.444766  
  1962     0.000072     0.444761  
  1963     0.000071     0.444761  
  1964     0.000071     0.444761  
  1965     0.000071     0.444763  
  1966     0.000071     0.444763  
  1967     0.000070     0.444763  
  1968     0.000070     0.444768  
  1969     0.000070     0.444769  
  1970     0.000069     0.444771  
  1971     0.000069     0.444770  
  1972     0.000069     0.444770  
  1973     0.000069     0.444767  
  1974     0.000068     0.444767  
  1975     0.000068     0.444772  
  1976     0.000068     0.444772  
  1977     0.000067     0.444766  
  1978     0.000067     0.444770  
  1979     0.000067     0.444773  
  1980     0.000067     0.444773  
  1981     0.000066     0.444769  
  1982     0.000066     0.444771  
  1983     0.000066     0.444768  
  1984     0.000066     0.444765  
  1985     0.000065     0.444770  
  1986     0.000065     0.444768  
  1987     0.000065     0.444762  
  1988     0.000065     0.444767  
  1989     0.000064     0.444771  
  1990     0.000064     0.444768  
  1991     0.000064     0.444766  
  1992     0.000063     0.444764  
  1993     0.000063     0.444762  
  1994     0.000063     0.444764  
  1995     0.000063     0.444765  
  1996     0.000062     0.444766  
  1997     0.000062     0.444763  
  1998     0.000062     0.444768  
# best iteration 1898 (val l2 0.444733)
# Spearman  train +0.9951  val +0.7529  test +0.7524
