# mlp_seq+energy+edge seed 1
# perceptron on seq+energy+edge
# inputs [(15740,)], 2,019,009 parameters
# Linear(n_in,128) -> GELU -> Dropout(0.3) -> Linear(128,32) -> GELU -> Dropout(0.3) -> Linear(32,1)
# Adam lr=0.001 weight_decay=0.0001 batch=32 dropout=0.3
# loss = MSE on standardised log10 half-life
# early stopping on validation loss, patience 40, max 300 epochs
#
 epoch  train_batch        train          val  note
     1    14.665361   128.957611     0.824051  * best
     2   106.756105     7.993104     0.789967  * best
     3     4.182929    13.201672     0.821368  
     4    24.217590    11.259012     0.860643  
     5     2.225489     1.884212     0.831018  
     6     4.779249    34.728703     0.808960  
     7    38.828778     0.818699     0.779643  * best
     8     1.074876     0.581010     0.773489  * best
     9     0.694251     0.543973     0.780581  
    10     0.664459     0.511461     0.774318  
    11     0.644417     0.508866     0.747661  * best
    12     0.612641     0.454756     0.753010  
    13     0.632783     0.443657     0.776476  
    14     0.574337     0.451165     0.734042  * best
    15     0.550787     0.428834     0.742948  
    16     0.535608     0.380483     0.760665  
    17     0.519991     0.397194     0.723108  * best
    18     0.512276     0.379557     0.735892  
    19     0.482556     0.346051     0.717658  * best
    20     0.470161     0.313017     0.734319  
    21     0.445980     0.321474     0.768333  
    22     0.545370     0.373411     0.734511  
    23     0.463572     0.333771     0.747914  
    24     0.452748     0.300159     0.771578  
    25     0.433456     0.315459     0.752674  
    26     0.435441     0.283457     0.787233  
    27     0.428845     0.257900     0.753918  
    28     0.427438     0.333658     0.762483  
    29     0.505793     0.298343     0.755030  
    30     0.435612     0.304587     0.760167  
    31     0.429985     0.288366     0.748024  
    32     0.418283     0.281761     0.767349  
    33     0.516163     0.303083     0.741436  
    34     0.501812     0.334508     0.935930  
    35     0.509795     0.295438     0.747872  
    36     0.451700     0.291225     0.732208  
    37     0.438446     0.264338     0.764673  
    38     0.467833     0.300978     0.761495  
    39     0.430212     0.253722     0.772450  
    40     0.418534     0.354165     0.771799  
    41     0.630482     0.449831     0.727365  
    42     0.525716     0.301498     0.772300  
    43     0.661949     0.296732     0.751090  
    44     0.483282     0.290201     0.766237  
    45     0.493437     0.301995     0.764063  
    46     0.456649     0.312601     0.726727  
    47     0.471256     0.305566     0.709394  * best
    48     0.447226     0.234692     0.791630  
    49     0.429993     0.241523     0.759507  
    50     0.400336     0.280453     0.785434  
    51     0.399550     0.246912     0.804609  
    52     0.387463     0.267247     0.782020  
    53     0.390679     0.278231     0.781993  
    54     0.394528     0.290784     0.729112  
    55     0.386414     0.229189     0.799172  
    56     0.371296     0.231955     0.782264  
    57     0.372721     0.228129     0.760429  
    58     0.372478     0.220874     0.769946  
    59     0.358761     0.231196     0.798416  
    60     0.372480     0.203649     0.803793  
    61     0.362763     0.235703     0.760019  
    62     0.355954     0.235800     0.700109  * best
    63     0.364273     0.229501     0.794420  
    64     0.348532     0.224607     0.732167  
    65     0.357849     0.398150     0.815665  
    66     0.889055     0.320471     0.769865  
    67     0.465587     0.306206     0.731796  
    68     0.654739     0.408962     0.724529  
    69     0.531572     0.427257     0.726958  
    70     0.534509     0.400474     0.752830  
    71     0.677606     0.438836     0.706988  
    72     0.557936     0.390377     0.721102  
    73     0.585480     0.334034     0.744968  
    74     0.560001     0.373538     0.742422  
    75     0.565374     0.407610     0.737886  
    76     0.551081     0.392200     0.737718  
    77     0.564772     0.415774     0.733936  
    78     0.556790     0.440779     0.731728  
    79     0.537483     0.389958     0.738421  
    80     0.519216     0.362056     0.745162  
    81     0.481498     0.329319     0.767795  
    82     0.953519     0.921603     0.730471  
    83     0.856401     0.472538     1.004493  
    84     0.641712     0.403460     0.774739  
    85     0.519097     0.325439     0.770648  
    86     0.492089     0.319834     0.796752  
    87     0.468774     0.310638     0.778281  
    88     0.537877     0.820369     0.936454  
    89     0.526278     0.322102     0.707018  
    90     0.454870     0.287671     0.689806  * best
    91     0.515429     0.313044     0.708035  
    92     0.460990     0.253868     0.784968  
    93     0.459360     0.266074     0.727858  
    94     0.448780     0.250834     0.748321  
    95     0.447259     0.247012     0.752227  
    96     0.437338     0.319074     0.733537  
    97     0.424149     0.251420     0.746840  
    98     0.387420     0.240260     0.761740  
    99     0.393994     0.209321     0.760924  
   100     0.375843     0.197564     0.852493  
   101     0.380003     0.224952     0.765786  
   102     0.386653     0.191792     0.816406  
   103     0.372391     0.203355     0.809710  
   104     0.362702     0.261851     0.714733  
   105     0.355527     0.195767     0.786832  
   106     0.348908     0.212579     0.770133  
   107     0.376850     0.286845     0.712917  
   108     0.499320     0.269623     0.778201  
   109     0.422769     0.225807     0.770234  
   110     0.461474     0.274935     0.738507  
   111     0.425647     0.234076     0.740210  
   112     0.390703     0.254919     0.728899  
   113     0.383129     0.224201     0.719403  
   114     0.371373     0.189790     0.752955  
   115     0.365801     0.192660     0.800238  
   116     0.369769     0.257857     0.690706  
   117     0.373980     0.193136     0.779619  
   118     0.363907     0.206851     0.763708  
   119     0.357418     0.226452     0.770919  
   120     0.348362     0.196013     0.749470  
   121     0.347046     0.185771     0.891062  
   122     0.336561     0.196783     0.843073  
   123     0.352063     0.201216     0.745948  
   124     0.340001     0.245792     0.702933  
   125     0.340119     0.351099     0.804127  
   126     0.450309     0.247884     0.715823  
   127     0.530992     0.246732     0.745318  
   128     0.452621     0.226364     0.734372  
   129     0.434884     0.233289     0.772413  
   130     0.406594     0.240363     0.903855  
# stopped at epoch 130: no improvement for 40 epochs
# restored epoch 90 (val MSE 0.689806)
# Spearman  train +0.8951  val +0.3239  test +0.2194
