# boltz_pooled seed 0
# Boltz pooled blocks, the hook's own feature vector
# input dim 1547, 202,305 parameters
# Linear(n_in,128) -> GELU -> Dropout(0.3) -> Linear(128,32) -> GELU -> Dropout(0.3) -> Linear(32,1)
# Adam lr=0.001 weight_decay=0.0001 batch=32 dropout=0.3
# loss = MSE on standardised log10 half-life
# early stopping on validation loss, patience 40, max 300 epochs
#
 epoch  train_batch        train          val  note
     1     0.616156     0.409012     0.466496  * best
     2     0.458704     0.334130     0.435598  * best
     3     0.384522     0.282220     0.439417  
     4     0.341823     0.248512     0.430122  * best
     5     0.303305     0.197681     0.391042  * best
     6     0.281836     0.168862     0.394249  
     7     0.259564     0.155020     0.375165  * best
     8     0.245040     0.129877     0.383035  
     9     0.232980     0.131419     0.366550  * best
    10     0.214704     0.128182     0.381998  
    11     0.207136     0.118231     0.379255  
    12     0.198666     0.104129     0.375549  
    13     0.186407     0.105824     0.394984  
    14     0.178858     0.100316     0.368304  
    15     0.177400     0.085476     0.370536  
    16     0.167064     0.083413     0.386392  
    17     0.171504     0.072767     0.369719  
    18     0.152934     0.075952     0.368882  
    19     0.153776     0.087112     0.374190  
    20     0.153677     0.077172     0.379193  
    21     0.150916     0.069627     0.378939  
    22     0.143222     0.070841     0.374025  
    23     0.147446     0.079608     0.369617  
    24     0.147454     0.083657     0.387661  
    25     0.140069     0.064349     0.390335  
    26     0.140782     0.067477     0.382335  
    27     0.137706     0.075185     0.376611  
    28     0.132471     0.061365     0.392295  
    29     0.135737     0.071857     0.379131  
    30     0.131875     0.057979     0.374787  
    31     0.134440     0.065186     0.395655  
    32     0.123561     0.068080     0.374146  
    33     0.127820     0.067424     0.390899  
    34     0.127454     0.061313     0.383329  
    35     0.126672     0.061600     0.378230  
    36     0.124634     0.049641     0.380619  
    37     0.123980     0.058210     0.388487  
    38     0.123744     0.057905     0.390351  
    39     0.119428     0.062326     0.384910  
    40     0.126645     0.054564     0.376135  
    41     0.120853     0.048048     0.376772  
    42     0.119446     0.050046     0.378875  
    43     0.119797     0.047004     0.383086  
    44     0.115984     0.045718     0.376492  
    45     0.119338     0.044325     0.377359  
    46     0.117831     0.055405     0.371722  
    47     0.119593     0.060065     0.407856  
    48     0.119666     0.054223     0.379247  
    49     0.112937     0.057474     0.397744  
# stopped at epoch 49: no improvement for 40 epochs
# restored epoch 9 (val MSE 0.366550)
# Spearman  train +0.9378  val +0.8046  test +0.7580
