# boltz_conf seed 4
# Boltz confidence metrics (ipTM, pTM, pLDDT, ...)
# input dim 9, 5,441 parameters
# Linear(n_in,128) -> GELU -> Dropout(0.3) -> Linear(128,32) -> GELU -> Dropout(0.3) -> Linear(32,1)
# Adam lr=0.001 weight_decay=0.0001 batch=32 dropout=0.3
# loss = MSE on standardised log10 half-life
# early stopping on validation loss, patience 40, max 300 epochs
#
 epoch  train_batch        train          val  note
     1     0.873534     0.827790     0.828106  * best
     2     0.834918     0.820488     0.821122  * best
     3     0.834505     0.814657     0.815924  * best
     4     0.828882     0.809446     0.808839  * best
     5     0.826871     0.808436     0.807837  * best
     6     0.821580     0.805096     0.808004  
     7     0.817577     0.802707     0.804984  * best
     8     0.816063     0.801803     0.800698  * best
     9     0.815701     0.796142     0.797744  * best
    10     0.813695     0.798133     0.799135  
    11     0.812764     0.792989     0.795671  * best
    12     0.809635     0.790642     0.794708  * best
    13     0.807259     0.794129     0.799916  
    14     0.804912     0.788149     0.791631  * best
    15     0.802265     0.785882     0.791439  * best
    16     0.803698     0.789396     0.793697  
    17     0.801583     0.786270     0.794509  
    18     0.804529     0.784287     0.792468  
    19     0.796802     0.781024     0.790284  * best
    20     0.802259     0.781878     0.788142  * best
    21     0.798245     0.779257     0.788115  * best
    22     0.797046     0.778461     0.787313  * best
    23     0.796146     0.780502     0.789396  
    24     0.794417     0.775974     0.786019  * best
    25     0.797661     0.776573     0.787172  
    26     0.796095     0.783363     0.793292  
    27     0.793913     0.776393     0.788615  
    28     0.791153     0.778616     0.786276  
    29     0.794353     0.776176     0.788865  
    30     0.789853     0.775891     0.789689  
    31     0.791717     0.773530     0.783505  * best
    32     0.787671     0.775599     0.785536  
    33     0.791144     0.774880     0.786005  
    34     0.793929     0.774818     0.784008  
    35     0.788743     0.773773     0.789017  
    36     0.788562     0.771045     0.785441  
    37     0.791137     0.770191     0.782661  * best
    38     0.785786     0.770432     0.784996  
    39     0.786127     0.771563     0.785791  
    40     0.791422     0.770907     0.786455  
    41     0.786698     0.772123     0.789173  
    42     0.790271     0.771467     0.787094  
    43     0.788645     0.769431     0.782320  * best
    44     0.788533     0.775840     0.789755  
    45     0.791038     0.770991     0.784046  
    46     0.783150     0.768347     0.783829  
    47     0.787815     0.774160     0.785572  
    48     0.785002     0.766887     0.781374  * best
    49     0.784768     0.765262     0.781063  * best
    50     0.786856     0.765362     0.778700  * best
    51     0.789127     0.766095     0.779340  
    52     0.790376     0.766015     0.781574  
    53     0.786749     0.765994     0.783836  
    54     0.784095     0.767862     0.783186  
    55     0.784806     0.769578     0.787168  
    56     0.778569     0.764525     0.778932  
    57     0.787870     0.764958     0.781822  
    58     0.784516     0.770362     0.787659  
    59     0.786076     0.769247     0.785420  
    60     0.785582     0.763887     0.778560  * best
    61     0.782316     0.762466     0.777983  * best
    62     0.783165     0.769164     0.782389  
    63     0.783629     0.763278     0.781985  
    64     0.786802     0.764145     0.776199  * best
    65     0.780246     0.765778     0.782509  
    66     0.782698     0.767126     0.785287  
    67     0.780485     0.761293     0.777551  
    68     0.782284     0.762060     0.778743  
    69     0.780257     0.762329     0.781972  
    70     0.784284     0.765082     0.784937  
    71     0.784794     0.766967     0.788372  
    72     0.786344     0.761685     0.781140  
    73     0.781120     0.760078     0.776706  
    74     0.781344     0.763097     0.783962  
    75     0.781188     0.763537     0.782297  
    76     0.782195     0.761665     0.779930  
    77     0.779147     0.760846     0.780357  
    78     0.779187     0.763280     0.783316  
    79     0.777985     0.761042     0.781387  
    80     0.780776     0.759070     0.778339  
    81     0.783462     0.761544     0.782525  
    82     0.780343     0.758621     0.778621  
    83     0.777163     0.761279     0.779824  
    84     0.781151     0.761690     0.778972  
    85     0.780418     0.762845     0.777340  
    86     0.779245     0.761857     0.778449  
    87     0.778882     0.764502     0.777903  
    88     0.783611     0.760528     0.778631  
    89     0.786227     0.761243     0.781951  
    90     0.779406     0.758380     0.777383  
    91     0.783547     0.759367     0.780271  
    92     0.781632     0.762406     0.784684  
    93     0.779647     0.759005     0.778668  
    94     0.778206     0.759440     0.781623  
    95     0.774569     0.761316     0.779737  
    96     0.781322     0.760866     0.783156  
    97     0.781488     0.762527     0.782529  
    98     0.779248     0.762923     0.779920  
    99     0.776258     0.760380     0.784556  
   100     0.781730     0.757900     0.780402  
   101     0.772643     0.757532     0.779967  
   102     0.777749     0.759422     0.779425  
   103     0.775070     0.758473     0.780003  
   104     0.774840     0.757803     0.779837  
# stopped at epoch 104: no improvement for 40 epochs
# restored epoch 64 (val MSE 0.776199)
# Spearman  train +0.4721  val +0.4503  test +0.4234
