# gbm_seq+boltz_pooled seed 3
# sequence with the pooled Boltz blocks
# inputs 2407, 127 trees
# LightGBM gradient-boosted trees, objective l2, lr 0.05, num_leaves 31, min_data_in_leaf 20, feature_fraction 0.3, bagging 0.8, lambda_l2 1.0, up to 3000 rounds, early stopping 100 on validation l2
# loss = l2 on standardised log10 half-life
#
 round        train          val  note
     1     0.961174     0.810191  
     2     0.924438     0.805318  
     3     0.891981     0.795615  
     4     0.861485     0.787285  
     5     0.831147     0.782831  
     6     0.804052     0.776357  
     7     0.780350     0.776418  
     8     0.759039     0.773187  
     9     0.738294     0.768103  
    10     0.718936     0.763146  
    11     0.699718     0.762928  
    12     0.683593     0.764139  
    13     0.668078     0.758505  
    14     0.652165     0.753402  
    15     0.637106     0.749591  
    16     0.622584     0.747821  
    17     0.609490     0.745049  
    18     0.597825     0.741781  
    19     0.586293     0.738295  
    20     0.575355     0.733856  
    21     0.564885     0.730223  
    22     0.553587     0.726810  
    23     0.544485     0.723232  
    24     0.535346     0.719433  
    25     0.526715     0.718051  
    26     0.518573     0.714794  
    27     0.511000     0.713851  
    28     0.503786     0.713146  
    29     0.496733     0.707520  
    30     0.489914     0.706818  
    31     0.483505     0.704339  
    32     0.477445     0.701346  
    33     0.471805     0.698128  
    34     0.466530     0.695589  
    35     0.460839     0.695120  
    36     0.455437     0.690047  
    37     0.450124     0.685872  
    38     0.445544     0.684796  
    39     0.440077     0.681743  
    40     0.434959     0.679439  
    41     0.430028     0.678653  
    42     0.425094     0.676192  
    43     0.420983     0.674722  
    44     0.417064     0.672089  
    45     0.412569     0.673616  
    46     0.408751     0.671060  
    47     0.404837     0.670132  
    48     0.400946     0.669654  
    49     0.397304     0.668266  
    50     0.394039     0.667553  
    51     0.389773     0.666243  
    52     0.386537     0.664709  
    53     0.382975     0.663694  
    54     0.379688     0.660840  
    55     0.375366     0.657122  
    56     0.372072     0.657933  
    57     0.368432     0.657555  
    58     0.365313     0.656856  
    59     0.362286     0.655766  
    60     0.359124     0.655407  
    61     0.355913     0.653914  
    62     0.353080     0.653667  
    63     0.350337     0.654701  
    64     0.347689     0.653062  
    65     0.344910     0.651056  
    66     0.342114     0.650650  
    67     0.339596     0.648306  
    68     0.337128     0.646569  
    69     0.334566     0.644738  
    70     0.332036     0.644459  
    71     0.329603     0.644017  
    72     0.327057     0.642857  
    73     0.324479     0.642850  
    74     0.322169     0.642665  
    75     0.319928     0.641540  
    76     0.317670     0.640373  
    77     0.315534     0.639437  
    78     0.313281     0.638978  
    79     0.311066     0.639300  
    80     0.308923     0.639226  
    81     0.306579     0.637250  
    82     0.304432     0.637204  
    83     0.302292     0.637087  
    84     0.300054     0.635796  
    85     0.298169     0.635990  
    86     0.296125     0.636019  
    87     0.294035     0.636846  
    88     0.292104     0.635796  
    89     0.290123     0.635457  
    90     0.288266     0.635172  
    91     0.286337     0.635725  
    92     0.284459     0.634803  
    93     0.282777     0.635123  
    94     0.280715     0.629477  
    95     0.278999     0.629272  
    96     0.277324     0.628112  
    97     0.275604     0.628111  
    98     0.273700     0.628165  
    99     0.272054     0.627612  
   100     0.270356     0.626263  
   101     0.268609     0.625483  
   102     0.266918     0.625288  
   103     0.265118     0.624254  
   104     0.263416     0.622983  
   105     0.261751     0.622655  
   106     0.260151     0.622597  
   107     0.258477     0.622253  
   108     0.256876     0.622359  
   109     0.255326     0.622241  
   110     0.253926     0.620855  
   111     0.252120     0.619688  
   112     0.250450     0.620368  
   113     0.248974     0.619664  
   114     0.247533     0.619998  
   115     0.246054     0.620499  
   116     0.244719     0.620565  
   117     0.243314     0.620549  
   118     0.241906     0.620909  
   119     0.240370     0.621042  
   120     0.238994     0.621633  
   121     0.237623     0.620972  
   122     0.236153     0.621173  
   123     0.234719     0.621611  
   124     0.233431     0.621325  
   125     0.232091     0.620731  
   126     0.230634     0.620647  
   127     0.229283     0.619664  * best
   128     0.228002     0.620747  
   129     0.226665     0.620555  
   130     0.225297     0.621326  
   131     0.224021     0.622313  
   132     0.222635     0.621799  
   133     0.221286     0.622591  
   134     0.220123     0.622858  
   135     0.218852     0.622772  
   136     0.217627     0.621940  
   137     0.216408     0.621644  
   138     0.215158     0.622086  
   139     0.213989     0.622304  
   140     0.212801     0.622553  
   141     0.211581     0.622572  
   142     0.210492     0.622142  
   143     0.209287     0.622852  
   144     0.208060     0.623118  
   145     0.206867     0.624613  
   146     0.205633     0.624227  
   147     0.204343     0.623598  
   148     0.203275     0.623143  
   149     0.202181     0.623529  
   150     0.201057     0.623230  
   151     0.199915     0.622848  
   152     0.198816     0.623445  
   153     0.197688     0.623268  
   154     0.196654     0.624179  
   155     0.195578     0.624067  
   156     0.194461     0.623056  
   157     0.193407     0.623076  
   158     0.192326     0.625141  
   159     0.191341     0.624365  
   160     0.190272     0.624245  
   161     0.189249     0.623618  
   162     0.188275     0.624007  
   163     0.187332     0.623738  
   164     0.186405     0.623880  
   165     0.185443     0.623481  
   166     0.184520     0.622663  
   167     0.183585     0.623643  
   168     0.182550     0.622930  
   169     0.181542     0.623294  
   170     0.180677     0.622641  
   171     0.179745     0.622576  
   172     0.178763     0.622819  
   173     0.177859     0.623229  
   174     0.176940     0.622677  
   175     0.176041     0.622253  
   176     0.175165     0.622283  
   177     0.174271     0.622025  
   178     0.173429     0.621340  
   179     0.172558     0.621155  
   180     0.171701     0.620811  
   181     0.170761     0.620861  
   182     0.169882     0.620469  
   183     0.169042     0.620544  
   184     0.168251     0.620476  
   185     0.167385     0.620351  
   186     0.166601     0.620490  
   187     0.165769     0.620868  
   188     0.164999     0.620975  
   189     0.164201     0.620737  
   190     0.163378     0.620573  
   191     0.162504     0.620811  
   192     0.161618     0.621293  
   193     0.160829     0.621083  
   194     0.160004     0.621355  
   195     0.159316     0.621165  
   196     0.158478     0.621311  
   197     0.157777     0.621739  
   198     0.157058     0.621925  
   199     0.156266     0.622255  
   200     0.155455     0.621996  
   201     0.154720     0.621734  
   202     0.153911     0.621404  
   203     0.153123     0.621645  
   204     0.152345     0.621514  
   205     0.151570     0.621567  
   206     0.150848     0.620817  
   207     0.150111     0.621891  
   208     0.149362     0.622061  
   209     0.148631     0.621531  
   210     0.147898     0.621224  
   211     0.147097     0.621645  
   212     0.146362     0.621715  
   213     0.145645     0.621722  
   214     0.144972     0.621947  
   215     0.144262     0.622037  
   216     0.143541     0.622279  
   217     0.142863     0.622006  
   218     0.142137     0.621805  
   219     0.141450     0.621913  
   220     0.140731     0.621546  
   221     0.140091     0.621815  
   222     0.139450     0.621693  
   223     0.138826     0.623662  
   224     0.138184     0.623476  
   225     0.137443     0.623689  
   226     0.136847     0.623613  
   227     0.136200     0.623242  
# best iteration 127 (val l2 0.619664)
# Spearman  train +0.8945  val +0.4172  test +0.6018
