# seq_hla_pseudo seed 3
# NetMHCpan pseudosequence one-hot, 34 x 20
# input dim 680, 91,329 parameters
# Linear(n_in,128) -> GELU -> Dropout(0.3) -> Linear(128,32) -> GELU -> Dropout(0.3) -> Linear(32,1)
# Adam lr=0.001 weight_decay=0.0001 batch=32 dropout=0.3
# loss = MSE on standardised log10 half-life
# early stopping on validation loss, patience 40, max 300 epochs
#
 epoch  train_batch        train          val  note
     1     0.782782     0.724552     0.765572  * best
     2     0.727944     0.699221     0.745634  * best
     3     0.711873     0.693122     0.746703  
     4     0.711828     0.690863     0.749488  
     5     0.706458     0.688982     0.736480  * best
     6     0.707057     0.684059     0.736131  * best
     7     0.701434     0.681205     0.723163  * best
     8     0.697940     0.680562     0.727958  
     9     0.705158     0.682545     0.723367  
    10     0.700586     0.681370     0.723147  * best
    11     0.700880     0.682360     0.730027  
    12     0.696904     0.679166     0.726507  
    13     0.697175     0.682566     0.730663  
    14     0.696162     0.678134     0.723272  
    15     0.698072     0.681912     0.730689  
    16     0.696320     0.679357     0.724988  
    17     0.698474     0.681592     0.722342  * best
    18     0.699592     0.681332     0.730299  
    19     0.698920     0.676670     0.726296  
    20     0.699055     0.680904     0.724373  
    21     0.693797     0.679616     0.723308  
    22     0.696008     0.684908     0.720238  * best
    23     0.699239     0.679519     0.726548  
    24     0.693686     0.677455     0.725051  
    25     0.693495     0.678510     0.723260  
    26     0.697783     0.677146     0.724438  
    27     0.698320     0.684183     0.729260  
    28     0.698152     0.680326     0.724124  
    29     0.696930     0.679922     0.722376  
    30     0.698410     0.677248     0.720905  
    31     0.698525     0.679663     0.719979  * best
    32     0.692982     0.684493     0.731345  
    33     0.693695     0.679560     0.725366  
    34     0.696051     0.675642     0.716673  * best
    35     0.695995     0.677262     0.717243  
    36     0.694636     0.679312     0.727396  
    37     0.691093     0.679252     0.720407  
    38     0.695668     0.681003     0.719541  
    39     0.691846     0.675244     0.722285  
    40     0.694890     0.681762     0.724306  
    41     0.695338     0.674557     0.717947  
    42     0.695894     0.676798     0.722503  
    43     0.694928     0.678271     0.727441  
    44     0.693554     0.675618     0.717374  
    45     0.693166     0.674859     0.721966  
    46     0.694787     0.678112     0.723777  
    47     0.694583     0.680101     0.721851  
    48     0.696354     0.677596     0.723299  
    49     0.696388     0.675682     0.723120  
    50     0.694315     0.676390     0.718316  
    51     0.693798     0.675274     0.720508  
    52     0.691946     0.678149     0.725115  
    53     0.693565     0.678670     0.725024  
    54     0.692159     0.677024     0.719289  
    55     0.692637     0.680873     0.721557  
    56     0.695616     0.676671     0.723192  
    57     0.695251     0.681603     0.724346  
    58     0.689878     0.675905     0.724230  
    59     0.693366     0.677301     0.713130  * best
    60     0.692675     0.678038     0.721901  
    61     0.692010     0.677592     0.719797  
    62     0.693364     0.677426     0.724575  
    63     0.692799     0.678134     0.720823  
    64     0.688677     0.678277     0.717348  
    65     0.690317     0.676249     0.721646  
    66     0.693171     0.678901     0.721249  
    67     0.698288     0.679259     0.723877  
    68     0.695362     0.678574     0.721014  
    69     0.690194     0.680117     0.724123  
    70     0.695908     0.675437     0.722141  
    71     0.691988     0.675834     0.721136  
    72     0.687122     0.678216     0.719236  
    73     0.696350     0.675799     0.723003  
    74     0.691820     0.686468     0.726031  
    75     0.694838     0.675516     0.715260  
    76     0.694931     0.680349     0.721081  
    77     0.691137     0.677596     0.723447  
    78     0.693380     0.676527     0.718631  
    79     0.690619     0.679091     0.720631  
    80     0.692887     0.678827     0.719916  
    81     0.692509     0.677545     0.721937  
    82     0.693408     0.675417     0.722791  
    83     0.690966     0.676946     0.723565  
    84     0.694561     0.677172     0.717367  
    85     0.693190     0.676539     0.716431  
    86     0.687733     0.676475     0.718638  
    87     0.689245     0.675815     0.722705  
    88     0.693790     0.680005     0.723031  
    89     0.691119     0.678385     0.723573  
    90     0.693842     0.674944     0.715901  
    91     0.686708     0.675536     0.719805  
    92     0.694459     0.678776     0.720968  
    93     0.693362     0.675192     0.716906  
    94     0.691969     0.679760     0.721594  
    95     0.693838     0.683232     0.721598  
    96     0.693589     0.675496     0.714133  
    97     0.692466     0.677617     0.718813  
    98     0.690656     0.675258     0.720592  
    99     0.692103     0.676920     0.720543  
# stopped at epoch 99: no improvement for 40 epochs
# restored epoch 59 (val MSE 0.713130)
# Spearman  train +0.5583  val +0.5369  test +0.5350
