# mlp_node seed 0
# perceptron on node
# inputs [(11520,)], 1,478,849 parameters
# Linear(n_in,128) -> GELU -> Dropout(0.3) -> Linear(128,32) -> GELU -> Dropout(0.3) -> Linear(32,1)
# Adam lr=0.001 weight_decay=0.0001 batch=32 dropout=0.3
# loss = MSE on standardised log10 half-life
# early stopping on validation loss, patience 40, max 300 epochs
#
 epoch  train_batch        train          val  note
     1     1.946707     1.169247     0.793777  * best
     2     1.436958     1.125049     0.812802  
     3     1.266636     0.812623     0.790584  * best
     4     0.935721     0.587840     0.807856  
     5     0.690097     0.537064     0.801238  
     6     0.656268     0.495400     0.856635  
     7     0.632007     0.495881     0.796677  
     8     0.613707     0.509663     0.796951  
     9     0.599657     0.479680     0.794208  
    10     0.576022     0.457076     0.800472  
    11     0.552805     0.405988     0.866096  
    12     0.553604     0.411814     0.803112  
    13     0.522984     0.395765     0.851049  
    14     0.520402     0.416743     0.803087  
    15     0.530587     0.379147     0.801360  
    16     0.527500     0.385925     0.819420  
    17     0.508832     0.357905     0.804173  
    18     0.490841     0.351417     0.907976  
    19     0.479426     0.379416     0.827154  
    20     0.494694     0.351505     0.826014  
    21     0.472970     0.373529     0.789435  * best
    22     0.467986     0.308780     0.946359  
    23     0.464487     0.359391     0.791170  
    24     0.450871     0.302799     0.810873  
    25     0.452146     0.316503     0.836932  
    26     0.453036     0.331123     0.768519  * best
    27     0.456750     0.341658     0.769188  
    28     0.472401     0.342947     0.775659  
    29     0.457901     0.302013     0.815623  
    30     0.439525     0.306154     0.816241  
    31     0.432125     0.305743     0.848215  
    32     0.427680     0.291470     0.817919  
    33     0.431785     0.323694     0.829860  
    34     0.468998     0.295098     0.806870  
    35     0.463224     0.304563     0.819967  
    36     0.429211     0.281329     0.831592  
    37     0.418711     0.278782     0.813707  
    38     0.424884     0.291989     0.783591  
    39     0.409491     0.251120     0.933351  
    40     0.411202     0.288592     0.794840  
    41     0.410465     0.273432     0.884426  
    42     0.403151     0.258983     0.818012  
    43     0.417397     0.271448     0.856161  
    44     0.408725     0.271111     0.846025  
    45     0.393270     0.307480     0.839245  
    46     0.391676     0.248087     0.841944  
    47     0.467338     0.352037     0.850492  
    48     0.457789     0.292242     0.870803  
    49     0.430155     0.283707     0.858962  
    50     0.419542     0.271190     0.808967  
    51     0.408983     0.268224     0.839700  
    52     0.426513     0.273052     0.826826  
    53     0.411734     0.352779     0.855595  
    54     0.595733     0.350016     0.774834  
    55     0.477707     0.325758     0.787735  
    56     0.471515     0.300853     0.797604  
    57     0.451706     0.345216     0.782920  
    58     0.448261     0.271374     0.818394  
    59     0.429090     0.298920     0.810792  
    60     0.454717     0.315984     0.789541  
    61     0.440895     0.283140     0.885991  
    62     0.431930     0.276774     0.853449  
    63     0.447205     0.278629     0.799751  
    64     0.429501     0.260468     0.828990  
    65     0.435609     0.271268     0.843841  
    66     0.413174     0.264309     0.850984  
# stopped at epoch 66: no improvement for 40 epochs
# restored epoch 26 (val MSE 0.768519)
# Spearman  train +0.8492  val +0.1551  test +0.0814
