# boltz_pooled+charge_struct seed 3
# pooled Boltz plus the structure-derived charges only
# input dim 1567, 204,865 parameters
# Linear(n_in,128) -> GELU -> Dropout(0.3) -> Linear(128,32) -> GELU -> Dropout(0.3) -> Linear(32,1)
# Adam lr=0.001 weight_decay=0.0001 batch=32 dropout=0.3
# loss = MSE on standardised log10 half-life
# early stopping on validation loss, patience 40, max 300 epochs
#
 epoch  train_batch        train          val  note
     1     0.620885     0.390202     0.494600  * best
     2     0.457772     0.310988     0.486896  * best
     3     0.390323     0.266697     0.462806  * best
     4     0.348340     0.227867     0.464592  
     5     0.320363     0.200479     0.457851  * best
     6     0.279320     0.180396     0.459844  
     7     0.270887     0.159057     0.452433  * best
     8     0.248783     0.145648     0.453000  
     9     0.224475     0.127517     0.445520  * best
    10     0.220518     0.132057     0.449882  
    11     0.208969     0.110247     0.431810  * best
    12     0.198182     0.111213     0.452039  
    13     0.189731     0.100895     0.439935  
    14     0.182194     0.106316     0.443524  
    15     0.174817     0.102238     0.454059  
    16     0.173035     0.087369     0.448380  
    17     0.170201     0.088179     0.450788  
    18     0.161213     0.081437     0.443316  
    19     0.157483     0.072023     0.444440  
    20     0.149598     0.078886     0.456379  
    21     0.154226     0.076415     0.480261  
    22     0.144664     0.076339     0.445502  
    23     0.143474     0.068493     0.443976  
    24     0.148053     0.080165     0.433663  
    25     0.141156     0.064538     0.441558  
    26     0.141774     0.075812     0.467744  
    27     0.135968     0.067076     0.437415  
    28     0.139972     0.065260     0.445685  
    29     0.133724     0.056371     0.448026  
    30     0.130766     0.062204     0.465476  
    31     0.131993     0.051332     0.468445  
    32     0.135103     0.060659     0.470505  
    33     0.129083     0.054702     0.469650  
    34     0.125837     0.061070     0.460947  
    35     0.123234     0.056349     0.464348  
    36     0.123251     0.063127     0.470534  
    37     0.126351     0.062958     0.470410  
    38     0.122010     0.056938     0.444380  
    39     0.117202     0.052836     0.453549  
    40     0.122792     0.049181     0.447980  
    41     0.119061     0.059546     0.442411  
    42     0.123970     0.051959     0.453102  
    43     0.117954     0.072533     0.452850  
    44     0.113523     0.050468     0.469789  
    45     0.117156     0.051796     0.441703  
    46     0.118879     0.045344     0.441810  
    47     0.117589     0.059604     0.442786  
    48     0.116847     0.042552     0.429542  * best
    49     0.111015     0.059359     0.446159  
    50     0.116285     0.050100     0.454547  
    51     0.111781     0.043468     0.448212  
    52     0.111880     0.061250     0.452984  
    53     0.108725     0.049823     0.460370  
    54     0.111990     0.049646     0.450482  
    55     0.110905     0.045361     0.460769  
    56     0.113472     0.052889     0.461247  
    57     0.113229     0.047397     0.453162  
    58     0.106660     0.041680     0.459503  
    59     0.105133     0.045866     0.459020  
    60     0.104239     0.061234     0.458053  
    61     0.107098     0.044737     0.462689  
    62     0.104442     0.046138     0.448375  
    63     0.105839     0.043621     0.461079  
    64     0.105927     0.044498     0.465560  
    65     0.105764     0.044964     0.466009  
    66     0.107155     0.042723     0.478951  
    67     0.107381     0.044556     0.472437  
    68     0.106180     0.045133     0.463367  
    69     0.106543     0.045516     0.458246  
    70     0.102464     0.039603     0.458067  
    71     0.100361     0.042411     0.449937  
    72     0.101520     0.044195     0.458297  
    73     0.104730     0.043466     0.461915  
    74     0.103528     0.039277     0.473829  
    75     0.103213     0.049838     0.469250  
    76     0.102598     0.051651     0.468074  
    77     0.103579     0.060870     0.465025  
    78     0.106925     0.050235     0.481019  
    79     0.102583     0.046078     0.455193  
    80     0.100662     0.049309     0.454413  
    81     0.101006     0.058834     0.467086  
    82     0.103322     0.042648     0.443818  
    83     0.103189     0.040569     0.444170  
    84     0.100791     0.040590     0.451429  
    85     0.098557     0.053087     0.459470  
    86     0.100825     0.041119     0.460518  
    87     0.104651     0.036763     0.451251  
    88     0.099959     0.046571     0.457934  
# stopped at epoch 88: no improvement for 40 epochs
# restored epoch 48 (val MSE 0.429542)
# Spearman  train +0.9772  val +0.7634  test +0.7544
