# seq_hla_pseudo seed 2
# NetMHCpan pseudosequence one-hot, 34 x 20
# input dim 680, 91,329 parameters
# Linear(n_in,128) -> GELU -> Dropout(0.3) -> Linear(128,32) -> GELU -> Dropout(0.3) -> Linear(32,1)
# Adam lr=0.001 weight_decay=0.0001 batch=32 dropout=0.3
# loss = MSE on standardised log10 half-life
# early stopping on validation loss, patience 40, max 300 epochs
#
 epoch  train_batch        train          val  note
     1     0.785128     0.725409     0.772344  * best
     2     0.739144     0.716824     0.776094  
     3     0.735152     0.710757     0.765128  * best
     4     0.726241     0.707544     0.759522  * best
     5     0.725077     0.702800     0.747069  * best
     6     0.721133     0.701883     0.757838  
     7     0.723167     0.700691     0.745219  * best
     8     0.719926     0.702443     0.758555  
     9     0.719904     0.698874     0.750682  
    10     0.720285     0.704557     0.755083  
    11     0.721280     0.700960     0.743970  * best
    12     0.720531     0.702435     0.739048  * best
    13     0.720168     0.704983     0.751829  
    14     0.716537     0.705509     0.746068  
    15     0.720592     0.699572     0.747669  
    16     0.716060     0.704429     0.747595  
    17     0.719187     0.700205     0.745938  
    18     0.713644     0.700307     0.752714  
    19     0.715591     0.698947     0.743821  
    20     0.716545     0.699170     0.746734  
    21     0.715078     0.702302     0.748902  
    22     0.714657     0.699409     0.744473  
    23     0.717179     0.697481     0.748674  
    24     0.712149     0.698858     0.743245  
    25     0.717147     0.699144     0.744715  
    26     0.715902     0.696620     0.750746  
    27     0.713904     0.700227     0.753749  
    28     0.714331     0.702324     0.750747  
    29     0.712996     0.699993     0.745344  
    30     0.716352     0.703101     0.744375  
    31     0.713431     0.700509     0.747252  
    32     0.715008     0.697326     0.749174  
    33     0.719145     0.700549     0.746305  
    34     0.715906     0.700438     0.745562  
    35     0.714772     0.704388     0.750992  
    36     0.715759     0.700249     0.745654  
    37     0.716719     0.699056     0.754740  
    38     0.715230     0.698596     0.747843  
    39     0.714526     0.702151     0.745540  
    40     0.716855     0.697712     0.742189  
    41     0.712300     0.703976     0.760030  
    42     0.713896     0.699076     0.745870  
    43     0.714937     0.698185     0.747142  
    44     0.713697     0.707613     0.753683  
    45     0.715808     0.699718     0.745901  
    46     0.715308     0.700843     0.745603  
    47     0.718127     0.696105     0.747613  
    48     0.710554     0.699745     0.754952  
    49     0.715364     0.696783     0.740111  
    50     0.718500     0.695635     0.739945  
    51     0.711588     0.698450     0.751877  
    52     0.715764     0.700886     0.747433  
# stopped at epoch 52: no improvement for 40 epochs
# restored epoch 12 (val MSE 0.739048)
# Spearman  train +0.5369  val +0.5130  test +0.5052
