# mlp_seq+boltz_pooled seed 4
# sequence baseline concatenated with the Boltz pooled blocks
# inputs [(2407,)], 312,385 parameters
# Linear(n_in,128) -> GELU -> Dropout(0.3) -> Linear(128,32) -> GELU -> Dropout(0.3) -> Linear(32,1)
# Adam lr=0.001 weight_decay=0.0001 batch=32 dropout=0.3
# loss = MSE on standardised log10 half-life
# early stopping on validation loss, patience 40, max 300 epochs
#
 epoch  train_batch        train          val  note
     1     0.619769     0.413976     0.524077  * best
     2     0.446535     0.329485     0.485744  * best
     3     0.377891     0.264018     0.468470  * best
     4     0.333481     0.218056     0.449619  * best
     5     0.304118     0.182646     0.433851  * best
     6     0.267633     0.146161     0.442447  
     7     0.244589     0.140441     0.451857  
     8     0.236055     0.128792     0.449221  
     9     0.211470     0.119207     0.450838  
    10     0.203707     0.105915     0.436623  
    11     0.195529     0.107364     0.443348  
    12     0.185290     0.096196     0.441075  
    13     0.177213     0.092461     0.441830  
    14     0.171433     0.101741     0.439721  
    15     0.165994     0.082049     0.431145  * best
    16     0.160349     0.076620     0.440915  
    17     0.158186     0.083285     0.441177  
    18     0.163448     0.074810     0.417870  * best
    19     0.151576     0.071658     0.432672  
    20     0.149134     0.075036     0.419524  
    21     0.146858     0.071311     0.421147  
    22     0.144975     0.072520     0.449528  
    23     0.143711     0.063176     0.437086  
    24     0.137006     0.066865     0.439169  
    25     0.142386     0.067719     0.440397  
    26     0.136370     0.059124     0.430572  
    27     0.134330     0.059832     0.442813  
    28     0.132806     0.060924     0.442676  
    29     0.131377     0.054150     0.452412  
    30     0.129408     0.056526     0.442021  
    31     0.125090     0.058132     0.443548  
    32     0.126202     0.059190     0.452621  
    33     0.123737     0.051572     0.443985  
    34     0.120762     0.056764     0.451338  
    35     0.117758     0.060871     0.444575  
    36     0.118417     0.052016     0.434423  
    37     0.124654     0.051599     0.442870  
    38     0.124520     0.054476     0.429227  
    39     0.122967     0.051314     0.438184  
    40     0.116706     0.046557     0.451817  
    41     0.117034     0.052638     0.433423  
    42     0.118961     0.049662     0.460345  
    43     0.116555     0.064276     0.447898  
    44     0.113874     0.048091     0.443553  
    45     0.115192     0.053186     0.439388  
    46     0.115610     0.051042     0.431637  
    47     0.110902     0.061292     0.455103  
    48     0.112192     0.046034     0.452061  
    49     0.107407     0.050791     0.445485  
    50     0.114308     0.052634     0.443007  
    51     0.111488     0.042655     0.437915  
    52     0.108738     0.046278     0.443152  
    53     0.110891     0.043682     0.442347  
    54     0.112653     0.041562     0.453479  
    55     0.107099     0.053955     0.440182  
    56     0.108432     0.051007     0.433809  
    57     0.107344     0.045528     0.446926  
    58     0.103953     0.049277     0.438924  
# stopped at epoch 58: no improvement for 40 epochs
# restored epoch 18 (val MSE 0.417870)
# Spearman  train +0.9632  val +0.7749  test +0.7799
