# gbm_seq+boltz+energy+edge seed 0
# boosted trees on seq+boltz+energy+edge
# inputs 17287, 95 trees
# LightGBM gradient-boosted trees, objective l2, lr 0.05, num_leaves 31, min_data_in_leaf 20, feature_fraction 0.3, bagging 0.8, lambda_l2 1.0, up to 3000 rounds, early stopping 100 on validation l2
# loss = l2 on standardised log10 half-life
#
 round        train          val  note
     1     0.956313     0.804775  
     2     0.917187     0.792191  
     3     0.881629     0.783958  
     4     0.848661     0.772869  
     5     0.816553     0.763381  
     6     0.789326     0.754622  
     7     0.761452     0.746166  
     8     0.736429     0.742517  
     9     0.711830     0.734594  
    10     0.690116     0.726150  
    11     0.668539     0.717025  
    12     0.649544     0.710317  
    13     0.631895     0.705675  
    14     0.613993     0.699781  
    15     0.599148     0.694154  
    16     0.583264     0.689503  
    17     0.569107     0.683386  
    18     0.556164     0.678193  
    19     0.544435     0.674261  
    20     0.532292     0.670966  
    21     0.520577     0.670624  
    22     0.509825     0.666479  
    23     0.500090     0.664016  
    24     0.490669     0.660845  
    25     0.481898     0.656826  
    26     0.473226     0.653527  
    27     0.465060     0.650731  
    28     0.457428     0.649949  
    29     0.449945     0.647423  
    30     0.442996     0.644251  
    31     0.436101     0.642600  
    32     0.429801     0.640111  
    33     0.423635     0.637933  
    34     0.416981     0.636679  
    35     0.411274     0.635069  
    36     0.405540     0.630624  
    37     0.400122     0.631882  
    38     0.394722     0.631300  
    39     0.389394     0.630054  
    40     0.384196     0.628637  
    41     0.379473     0.628365  
    42     0.374882     0.626059  
    43     0.370316     0.625732  
    44     0.365652     0.623494  
    45     0.361138     0.622312  
    46     0.356953     0.621726  
    47     0.353186     0.621644  
    48     0.349234     0.620820  
    49     0.345224     0.619418  
    50     0.341588     0.618494  
    51     0.337835     0.617832  
    52     0.334345     0.616388  
    53     0.330662     0.617179  
    54     0.327118     0.617215  
    55     0.323702     0.615459  
    56     0.320577     0.615233  
    57     0.317287     0.614987  
    58     0.314431     0.614726  
    59     0.311602     0.613163  
    60     0.308845     0.612524  
    61     0.306029     0.611624  
    62     0.302983     0.611451  
    63     0.300344     0.612998  
    64     0.297550     0.612424  
    65     0.294972     0.611608  
    66     0.292300     0.611913  
    67     0.289596     0.611653  
    68     0.286953     0.611697  
    69     0.284351     0.610779  
    70     0.281993     0.610815  
    71     0.279757     0.610127  
    72     0.277564     0.610109  
    73     0.275075     0.610217  
    74     0.272737     0.609450  
    75     0.270447     0.609018  
    76     0.268165     0.607756  
    77     0.265938     0.606965  
    78     0.263701     0.606605  
    79     0.261365     0.605577  
    80     0.259299     0.606108  
    81     0.257300     0.606246  
    82     0.255250     0.606801  
    83     0.253264     0.606767  
    84     0.251079     0.606588  
    85     0.249120     0.606488  
    86     0.247205     0.605698  
    87     0.245338     0.606054  
    88     0.243417     0.606000  
    89     0.241575     0.605411  
    90     0.239773     0.604725  
    91     0.237928     0.603942  
    92     0.236151     0.603689  
    93     0.234348     0.603672  
    94     0.232614     0.603636  
    95     0.230896     0.603049  * best
    96     0.229124     0.603738  
    97     0.227469     0.605128  
    98     0.225863     0.605419  
    99     0.224241     0.605502  
   100     0.222622     0.605762  
   101     0.220800     0.604772  
   102     0.219184     0.605233  
   103     0.217591     0.605310  
   104     0.216005     0.604736  
   105     0.214512     0.603936  
   106     0.212975     0.604054  
   107     0.211358     0.605103  
   108     0.209888     0.605748  
   109     0.208455     0.606122  
   110     0.207018     0.606166  
   111     0.205610     0.604549  
   112     0.204089     0.604720  
   113     0.202612     0.604707  
   114     0.201170     0.604047  
   115     0.199782     0.604681  
   116     0.198304     0.604323  
   117     0.196999     0.604471  
   118     0.195579     0.604796  
   119     0.194271     0.603981  
   120     0.192933     0.604505  
   121     0.191533     0.604934  
   122     0.190259     0.605818  
   123     0.188939     0.605729  
   124     0.187628     0.606141  
   125     0.186352     0.606400  
   126     0.185061     0.605226  
   127     0.183799     0.605259  
   128     0.182639     0.605759  
   129     0.181264     0.606001  
   130     0.180097     0.605369  
   131     0.178849     0.606383  
   132     0.177711     0.606657  
   133     0.176576     0.605945  
   134     0.175399     0.606244  
   135     0.174225     0.605555  
   136     0.173030     0.605431  
   137     0.171879     0.605650  
   138     0.170695     0.606409  
   139     0.169611     0.606549  
   140     0.168487     0.606560  
   141     0.167350     0.606866  
   142     0.166294     0.606550  
   143     0.165223     0.606602  
   144     0.164050     0.606418  
   145     0.162941     0.606098  
   146     0.161907     0.606424  
   147     0.160823     0.606752  
   148     0.159793     0.606578  
   149     0.158740     0.606413  
   150     0.157736     0.607476  
   151     0.156676     0.607349  
   152     0.155716     0.607592  
   153     0.154739     0.607659  
   154     0.153754     0.608116  
   155     0.152740     0.607774  
   156     0.151790     0.608436  
   157     0.150834     0.608723  
   158     0.149906     0.608825  
   159     0.148988     0.608451  
   160     0.147996     0.608561  
   161     0.147088     0.608643  
   162     0.146209     0.608311  
   163     0.145328     0.608207  
   164     0.144457     0.607931  
   165     0.143570     0.607703  
   166     0.142626     0.607695  
   167     0.141727     0.607623  
   168     0.140823     0.607686  
   169     0.139971     0.606898  
   170     0.139108     0.606643  
   171     0.138235     0.606501  
   172     0.137379     0.606968  
   173     0.136526     0.606992  
   174     0.135665     0.606290  
   175     0.134878     0.607068  
   176     0.134062     0.607226  
   177     0.133301     0.608534  
   178     0.132509     0.608275  
   179     0.131692     0.608195  
   180     0.130911     0.608257  
   181     0.130144     0.608092  
   182     0.129406     0.608013  
   183     0.128587     0.609019  
   184     0.127814     0.608958  
   185     0.127105     0.608907  
   186     0.126335     0.608667  
   187     0.125597     0.609637  
   188     0.124871     0.609228  
   189     0.124155     0.609551  
   190     0.123412     0.609158  
   191     0.122703     0.609355  
   192     0.121935     0.609130  
   193     0.121251     0.608792  
   194     0.120511     0.608826  
   195     0.119765     0.608706  
# best iteration 95 (val l2 0.603049)
# Spearman  train +0.8929  val +0.4279  test +0.5552
