# mlp_seq+boltz+node+energy+edge seed 0
# perceptron on seq+boltz+node+energy+edge
# inputs [(28807,)], 3,691,585 parameters
# Linear(n_in,128) -> GELU -> Dropout(0.3) -> Linear(128,32) -> GELU -> Dropout(0.3) -> Linear(32,1)
# Adam lr=0.001 weight_decay=0.0001 batch=32 dropout=0.3
# loss = MSE on standardised log10 half-life
# early stopping on validation loss, patience 40, max 300 epochs
#
 epoch  train_batch        train          val  note
     1    18.275205    33.608032     1.091872  * best
     2    53.845621    22.367233     0.838897  * best
     3    33.003045     4.946330     0.904445  
     4     7.686835    13.379704     0.891042  
     5    21.592459     3.026615     0.899692  
     6     2.239949     0.765824     0.901899  
     7     1.147800     0.796626     0.854636  
     8     1.003326     0.666230     0.795533  * best
     9     0.776190     0.606445     0.741049  * best
    10     0.765397     0.549662     0.691502  * best
    11     0.689463     0.506826     0.684507  * best
    12     0.612597     0.454258     0.674171  * best
    13     0.689811     0.482672     0.648849  * best
    14     0.577193     0.417309     0.649467  
    15     0.602443     0.422654     0.659444  
    16     0.552101     0.377754     0.662410  
    17     0.516617     0.350052     0.678144  
    18     0.499007     0.373541     0.665652  
    19     0.754851     0.354546     0.700963  
    20     0.509314     0.338673     0.684014  
    21     0.514449     0.511756     0.685067  
    22     0.481056     0.302002     0.694796  
    23     0.452716     0.280128     0.652718  
    24     0.436126     0.300627     0.627535  * best
    25     0.464726     0.336390     0.629339  
    26     0.654340     0.304612     0.633641  
    27     0.491177     0.326585     0.635603  
    28     0.619137     0.298288     0.632330  
    29     0.691261     0.534723     0.604740  * best
    30     0.532738     0.327188     0.708593  
    31     1.059766     0.566230     0.634439  
    32     0.519999     0.407263     0.617123  
    33     0.479942     0.427326     0.653993  
    34     0.476091     0.311939     0.612772  
    35     0.485847     0.293732     0.601666  * best
    36     0.480994     0.300703     0.629169  
    37     0.443398     0.276406     0.613969  
    38     0.420149     0.238682     0.611487  
    39     0.432913     0.247518     0.622558  
    40     0.447990     0.249117     0.623768  
    41     0.402164     0.247085     0.668553  
    42     0.527507     0.269351     0.614982  
    43     0.413867     0.236088     0.623968  
    44     0.433859     0.435092     0.592703  * best
    45     0.748890     0.481831     0.683231  
    46     0.631549     0.461478     0.642216  
    47     0.680020     0.495815     0.648596  
    48     0.620668     0.354608     0.629676  
    49     0.536127     0.272906     0.616250  
    50     0.504277     0.327417     0.621503  
    51     0.481983     0.275121     0.660729  
    52     0.488543     0.300177     0.636008  
    53     0.579862     0.303093     0.649637  
    54     0.601590     0.303661     0.604920  
    55     0.508641     0.271437     0.629640  
    56     0.502191     0.328620     0.615922  
    57     0.485235     0.329677     0.616939  
    58     0.493827     0.334939     0.614782  
    59     0.492879     0.313443     0.620989  
    60     0.498185     0.336336     0.605900  
    61     0.487799     0.255047     0.673494  
    62     0.450623     0.287292     0.613885  
    63     0.672746     0.478392     0.629307  
    64     0.817894     0.573375     0.721801  
    65     0.688936     0.686635     0.688029  
    66     0.656586     0.478597     0.665995  
    67     0.584816     0.401156     0.670285  
    68     0.553614     0.488082     0.668698  
    69     0.533311     0.339265     0.650679  
    70     0.532773     0.325188     0.626553  
    71     0.517857     0.376406     0.632061  
    72     0.522946     0.313265     0.664380  
    73     0.501258     0.340391     0.628673  
    74     0.506812     0.391023     0.647020  
    75     0.546784     0.347218     0.652879  
    76     0.487101     0.307614     0.669116  
    77     0.477057     0.305439     0.674726  
    78     0.472975     0.298312     0.676183  
    79     0.455200     0.325733     0.650691  
    80     0.493087     0.360390     0.656963  
    81     0.431187     0.293418     0.631323  
    82     0.485978     0.339065     0.613726  
    83     0.458015     0.353788     0.674657  
    84     0.695426     0.384921     0.607474  
# stopped at epoch 84: no improvement for 40 epochs
# restored epoch 44 (val MSE 0.592703)
# Spearman  train +0.9011  val +0.4387  test +0.4645
