# gbm_seq+boltz+energy seed 2
# boosted trees on seq+boltz+energy
# inputs 2837, 1,453 trees
# LightGBM gradient-boosted trees, objective l2, lr 0.05, num_leaves 31, min_data_in_leaf 20, feature_fraction 0.3, bagging 0.8, lambda_l2 1.0, up to 3000 rounds, early stopping 100 on validation l2
# loss = l2 on standardised log10 half-life
#
 round        train          val  note
     1     0.962562     0.974336  
     2     0.930337     0.944964  
     3     0.899529     0.918040  
     4     0.870563     0.892826  
     5     0.845255     0.868849  
     6     0.820895     0.847445  
     7     0.796837     0.825257  
     8     0.776039     0.807590  
     9     0.756588     0.789892  
    10     0.738613     0.774301  
    11     0.721330     0.759315  
    12     0.704577     0.744908  
    13     0.689848     0.733313  
    14     0.675097     0.719720  
    15     0.660571     0.707835  
    16     0.647713     0.696344  
    17     0.635259     0.687203  
    18     0.623894     0.678130  
    19     0.613050     0.669352  
    20     0.602233     0.661341  
    21     0.592145     0.653456  
    22     0.582837     0.645989  
    23     0.573969     0.639597  
    24     0.565279     0.633039  
    25     0.556415     0.626349  
    26     0.548519     0.620509  
    27     0.540900     0.614126  
    28     0.533499     0.608983  
    29     0.526828     0.604289  
    30     0.520350     0.601374  
    31     0.514113     0.596717  
    32     0.508111     0.592211  
    33     0.501941     0.588336  
    34     0.496003     0.584854  
    35     0.489962     0.580849  
    36     0.484433     0.576944  
    37     0.479264     0.573414  
    38     0.473917     0.569611  
    39     0.469067     0.566934  
    40     0.464058     0.564239  
    41     0.459540     0.562035  
    42     0.455195     0.559133  
    43     0.450945     0.557604  
    44     0.447143     0.555071  
    45     0.442813     0.552939  
    46     0.438802     0.550370  
    47     0.434913     0.548184  
    48     0.431186     0.546443  
    49     0.427368     0.544716  
    50     0.423769     0.543071  
    51     0.419910     0.540806  
    52     0.416198     0.539101  
    53     0.412605     0.536887  
    54     0.409235     0.534973  
    55     0.406218     0.533395  
    56     0.403226     0.531824  
    57     0.400152     0.530207  
    58     0.396808     0.528376  
    59     0.393512     0.526360  
    60     0.390410     0.524558  
    61     0.387288     0.523240  
    62     0.384234     0.521872  
    63     0.381316     0.520145  
    64     0.378693     0.519449  
    65     0.376220     0.518020  
    66     0.373443     0.517044  
    67     0.370743     0.516268  
    68     0.368062     0.514854  
    69     0.365442     0.513879  
    70     0.362932     0.512669  
    71     0.360530     0.511367  
    72     0.358065     0.510528  
    73     0.355623     0.508985  
    74     0.353375     0.508259  
    75     0.351136     0.507247  
    76     0.348647     0.506986  
    77     0.346475     0.506757  
    78     0.344149     0.505606  
    79     0.341932     0.504575  
    80     0.339675     0.503044  
    81     0.337252     0.501685  
    82     0.335034     0.500615  
    83     0.332779     0.499455  
    84     0.330409     0.498550  
    85     0.328387     0.498046  
    86     0.326281     0.497488  
    87     0.324243     0.496604  
    88     0.322048     0.495644  
    89     0.320036     0.495448  
    90     0.318145     0.494429  
    91     0.316136     0.493360  
    92     0.314217     0.492907  
    93     0.312287     0.492745  
    94     0.310500     0.492154  
    95     0.308392     0.491462  
    96     0.306527     0.490486  
    97     0.304431     0.488992  
    98     0.302529     0.488066  
    99     0.300716     0.487782  
   100     0.298840     0.487119  
   101     0.297051     0.486436  
   102     0.295287     0.485896  
   103     0.293464     0.485729  
   104     0.291901     0.484752  
   105     0.290293     0.484463  
   106     0.288618     0.483660  
   107     0.286821     0.483203  
   108     0.285082     0.482457  
   109     0.283454     0.482094  
   110     0.281619     0.481240  
   111     0.280070     0.480753  
   112     0.278563     0.480114  
   113     0.276967     0.479443  
   114     0.275469     0.478854  
   115     0.273861     0.478323  
   116     0.272230     0.477866  
   117     0.270674     0.476874  
   118     0.269160     0.476537  
   119     0.267690     0.476396  
   120     0.266185     0.476025  
   121     0.264683     0.475437  
   122     0.263206     0.475240  
   123     0.261743     0.475179  
   124     0.260237     0.474702  
   125     0.258682     0.474229  
   126     0.257271     0.473757  
   127     0.255947     0.472973  
   128     0.254548     0.472774  
   129     0.253052     0.472316  
   130     0.251599     0.472098  
   131     0.250280     0.471653  
   132     0.248822     0.471604  
   133     0.247502     0.471334  
   134     0.246197     0.470735  
   135     0.244995     0.470517  
   136     0.243673     0.470251  
   137     0.242317     0.469531  
   138     0.240947     0.469179  
   139     0.239608     0.468756  
   140     0.238352     0.468331  
   141     0.236968     0.468182  
   142     0.235776     0.468126  
   143     0.234567     0.467729  
   144     0.233277     0.467475  
   145     0.231943     0.466988  
   146     0.230673     0.466721  
   147     0.229474     0.466738  
   148     0.228274     0.466528  
   149     0.227071     0.466113  
   150     0.225942     0.465782  
   151     0.224759     0.465463  
   152     0.223542     0.465156  
   153     0.222382     0.465312  
   154     0.221198     0.465003  
   155     0.220038     0.464676  
   156     0.218916     0.464702  
   157     0.217729     0.464483  
   158     0.216568     0.464282  
   159     0.215526     0.463870  
   160     0.214454     0.463843  
   161     0.213371     0.463700  
   162     0.212295     0.463135  
   163     0.211255     0.463024  
   164     0.210183     0.462693  
   165     0.209072     0.462301  
   166     0.208036     0.461976  
   167     0.207060     0.462009  
   168     0.205966     0.461639  
   169     0.204932     0.461370  
   170     0.203904     0.461217  
   171     0.202899     0.460887  
   172     0.201834     0.460965  
   173     0.200937     0.460525  
   174     0.199864     0.460250  
   175     0.198896     0.460043  
   176     0.197922     0.459671  
   177     0.196941     0.459143  
   178     0.196087     0.458556  
   179     0.195130     0.458735  
   180     0.194200     0.458552  
   181     0.193292     0.458054  
   182     0.192390     0.458037  
   183     0.191512     0.457494  
   184     0.190577     0.457129  
   185     0.189673     0.457252  
   186     0.188700     0.457076  
   187     0.187735     0.456801  
   188     0.186851     0.456420  
   189     0.185943     0.456108  
   190     0.185022     0.455906  
   191     0.184120     0.455658  
   192     0.183249     0.455431  
   193     0.182511     0.455421  
   194     0.181640     0.455194  
   195     0.180800     0.455078  
   196     0.180015     0.454961  
   197     0.179117     0.454540  
   198     0.178286     0.454597  
   199     0.177535     0.454524  
   200     0.176714     0.454341  
   201     0.175866     0.454246  
   202     0.174983     0.453895  
   203     0.174034     0.453423  
   204     0.173123     0.453394  
   205     0.172226     0.453227  
   206     0.171424     0.453032  
   207     0.170622     0.453054  
   208     0.169806     0.453047  
   209     0.168984     0.452897  
   210     0.168210     0.453235  
   211     0.167502     0.453066  
   212     0.166756     0.452803  
   213     0.165961     0.452993  
   214     0.165158     0.452490  
   215     0.164331     0.452270  
   216     0.163517     0.452116  
   217     0.162749     0.451627  
   218     0.162000     0.451287  
   219     0.161248     0.451190  
   220     0.160507     0.451082  
   221     0.159813     0.450588  
   222     0.159067     0.450184  
   223     0.158346     0.449962  
   224     0.157616     0.449691  
   225     0.156884     0.449429  
   226     0.156134     0.449175  
   227     0.155423     0.449052  
   228     0.154721     0.448908  
   229     0.153926     0.448546  
   230     0.153192     0.448169  
   231     0.152501     0.448143  
   232     0.151777     0.448055  
   233     0.151113     0.448045  
   234     0.150362     0.447754  
   235     0.149639     0.447567  
   236     0.148973     0.447610  
   237     0.148285     0.447588  
   238     0.147602     0.447521  
   239     0.146914     0.447281  
   240     0.146242     0.447261  
   241     0.145605     0.447311  
   242     0.144910     0.447183  
   243     0.144290     0.447063  
   244     0.143648     0.446713  
   245     0.142917     0.446538  
   246     0.142242     0.446325  
   247     0.141611     0.446368  
   248     0.140966     0.446368  
   249     0.140283     0.446118  
   250     0.139629     0.446038  
   251     0.138962     0.445769  
   252     0.138323     0.445441  
   253     0.137659     0.445212  
   254     0.137021     0.445281  
   255     0.136425     0.445150  
   256     0.135751     0.444932  
   257     0.135203     0.444599  
   258     0.134541     0.444742  
   259     0.133943     0.444251  
   260     0.133344     0.443888  
   261     0.132819     0.443779  
   262     0.132216     0.443526  
   263     0.131620     0.443534  
   264     0.131108     0.443698  
   265     0.130522     0.443558  
   266     0.129893     0.443381  
   267     0.129350     0.443305  
   268     0.128790     0.443167  
   269     0.128265     0.442984  
   270     0.127687     0.442788  
   271     0.127136     0.442566  
   272     0.126545     0.442178  
   273     0.126023     0.441930  
   274     0.125461     0.441656  
   275     0.124918     0.441509  
   276     0.124406     0.441425  
   277     0.123850     0.441371  
   278     0.123288     0.441225  
   279     0.122744     0.441480  
   280     0.122176     0.441076  
   281     0.121622     0.441002  
   282     0.121097     0.440903  
   283     0.120518     0.440864  
   284     0.119986     0.440821  
   285     0.119405     0.440797  
   286     0.118904     0.440603  
   287     0.118376     0.440499  
   288     0.117894     0.440504  
   289     0.117405     0.440142  
   290     0.116944     0.440037  
   291     0.116483     0.439975  
   292     0.115924     0.439873  
   293     0.115405     0.439680  
   294     0.114924     0.439533  
   295     0.114444     0.439256  
   296     0.113942     0.439241  
   297     0.113459     0.439202  
   298     0.112935     0.439087  
   299     0.112451     0.438708  
   300     0.112011     0.438612  
   301     0.111516     0.438337  
   302     0.111020     0.438187  
   303     0.110589     0.438206  
   304     0.110112     0.438094  
   305     0.109615     0.438173  
   306     0.109175     0.438086  
   307     0.108689     0.438061  
   308     0.108270     0.437920  
   309     0.107785     0.437842  
   310     0.107303     0.437576  
   311     0.106828     0.437450  
   312     0.106416     0.437368  
   313     0.105942     0.437115  
   314     0.105495     0.436869  
   315     0.105106     0.436794  
   316     0.104650     0.436636  
   317     0.104191     0.436320  
   318     0.103733     0.435943  
   319     0.103317     0.435965  
   320     0.102859     0.435831  
   321     0.102395     0.435708  
   322     0.101974     0.435660  
   323     0.101607     0.435658  
   324     0.101174     0.435602  
   325     0.100736     0.435535  
   326     0.100361     0.435446  
   327     0.099926     0.435262  
   328     0.099467     0.435427  
   329     0.099048     0.435542  
   330     0.098621     0.435584  
   331     0.098169     0.435479  
   332     0.097687     0.435307  
   333     0.097300     0.435397  
   334     0.096921     0.435316  
   335     0.096455     0.434959  
   336     0.096118     0.434826  
   337     0.095716     0.434699  
   338     0.095290     0.434564  
   339     0.094930     0.434553  
   340     0.094518     0.434546  
   341     0.094117     0.434463  
   342     0.093715     0.434354  
   343     0.093307     0.434388  
   344     0.092939     0.434173  
   345     0.092549     0.434162  
   346     0.092162     0.434241  
   347     0.091733     0.434066  
   348     0.091348     0.434011  
   349     0.090936     0.434051  
   350     0.090568     0.433965  
   351     0.090197     0.433924  
   352     0.089797     0.433868  
   353     0.089443     0.433671  
   354     0.089044     0.433602  
   355     0.088667     0.433284  
   356     0.088281     0.433181  
   357     0.087880     0.433066  
   358     0.087520     0.433168  
   359     0.087139     0.433117  
   360     0.086775     0.433020  
   361     0.086433     0.433028  
   362     0.086075     0.432910  
   363     0.085692     0.432908  
   364     0.085330     0.432675  
   365     0.084966     0.432613  
   366     0.084593     0.432461  
   367     0.084240     0.432269  
   368     0.083887     0.432133  
   369     0.083527     0.432089  
   370     0.083176     0.432241  
   371     0.082881     0.432227  
   372     0.082492     0.432233  
   373     0.082138     0.432012  
   374     0.081835     0.432076  
   375     0.081483     0.432047  
   376     0.081138     0.431915  
   377     0.080813     0.431712  
   378     0.080458     0.431660  
   379     0.080084     0.431513  
   380     0.079762     0.431443  
   381     0.079440     0.431376  
   382     0.079117     0.431205  
   383     0.078779     0.431201  
   384     0.078443     0.431168  
   385     0.078077     0.431223  
   386     0.077761     0.431360  
   387     0.077451     0.431185  
   388     0.077133     0.431198  
   389     0.076794     0.431071  
   390     0.076460     0.431080  
   391     0.076162     0.431044  
   392     0.075846     0.430989  
   393     0.075545     0.430905  
   394     0.075248     0.430738  
   395     0.074945     0.430804  
   396     0.074629     0.430771  
   397     0.074364     0.430776  
   398     0.074078     0.430754  
   399     0.073751     0.430629  
   400     0.073471     0.430480  
   401     0.073184     0.430296  
   402     0.072898     0.430317  
   403     0.072634     0.430193  
   404     0.072331     0.430070  
   405     0.072062     0.430177  
   406     0.071760     0.430094  
   407     0.071450     0.429881  
   408     0.071146     0.429875  
   409     0.070882     0.429845  
   410     0.070599     0.429740  
   411     0.070317     0.429640  
   412     0.070048     0.429688  
   413     0.069804     0.429650  
   414     0.069543     0.429548  
   415     0.069281     0.429288  
   416     0.069023     0.429231  
   417     0.068743     0.429023  
   418     0.068476     0.429153  
   419     0.068171     0.429128  
   420     0.067915     0.429173  
   421     0.067651     0.429043  
   422     0.067364     0.428937  
   423     0.067081     0.428811  
   424     0.066826     0.428840  
   425     0.066541     0.428765  
   426     0.066269     0.428861  
   427     0.065987     0.428799  
   428     0.065761     0.428798  
   429     0.065498     0.428822  
   430     0.065244     0.428739  
   431     0.065005     0.428693  
   432     0.064735     0.428759  
   433     0.064483     0.428754  
   434     0.064234     0.428591  
   435     0.063972     0.428482  
   436     0.063702     0.428331  
   437     0.063434     0.428272  
   438     0.063173     0.428043  
   439     0.062943     0.428188  
   440     0.062705     0.428188  
   441     0.062472     0.428216  
   442     0.062208     0.428023  
   443     0.061946     0.428077  
   444     0.061706     0.428004  
   445     0.061442     0.427797  
   446     0.061216     0.427761  
   447     0.060971     0.427733  
   448     0.060718     0.427772  
   449     0.060485     0.427787  
   450     0.060248     0.427842  
   451     0.059979     0.427757  
   452     0.059752     0.427899  
   453     0.059514     0.427950  
   454     0.059297     0.427983  
   455     0.059076     0.427974  
   456     0.058811     0.427858  
   457     0.058585     0.427759  
   458     0.058367     0.427571  
   459     0.058176     0.427540  
   460     0.057926     0.427563  
   461     0.057697     0.427580  
   462     0.057462     0.427661  
   463     0.057240     0.427617  
   464     0.057016     0.427588  
   465     0.056787     0.427619  
   466     0.056532     0.427607  
   467     0.056309     0.427516  
   468     0.056104     0.427362  
   469     0.055896     0.427393  
   470     0.055684     0.427281  
   471     0.055470     0.427190  
   472     0.055250     0.427029  
   473     0.055037     0.426970  
   474     0.054830     0.427112  
   475     0.054630     0.427118  
   476     0.054428     0.427072  
   477     0.054214     0.426987  
   478     0.054020     0.426943  
   479     0.053812     0.426898  
   480     0.053612     0.426871  
   481     0.053382     0.427050  
   482     0.053137     0.427001  
   483     0.052943     0.427041  
   484     0.052742     0.426984  
   485     0.052570     0.427029  
   486     0.052358     0.427091  
   487     0.052147     0.427059  
   488     0.051947     0.426975  
   489     0.051765     0.427047  
   490     0.051554     0.426928  
   491     0.051343     0.426918  
   492     0.051155     0.426842  
   493     0.050965     0.426643  
   494     0.050750     0.426638  
   495     0.050559     0.426635  
   496     0.050364     0.426586  
   497     0.050163     0.426649  
   498     0.049974     0.426734  
   499     0.049794     0.426702  
   500     0.049614     0.426780  
   501     0.049423     0.426712  
   502     0.049228     0.426719  
   503     0.049033     0.426708  
   504     0.048847     0.426712  
   505     0.048657     0.426642  
   506     0.048459     0.426530  
   507     0.048278     0.426441  
   508     0.048097     0.426335  
   509     0.047901     0.426313  
   510     0.047698     0.426368  
   511     0.047530     0.426387  
   512     0.047360     0.426364  
   513     0.047174     0.426330  
   514     0.046979     0.426157  
   515     0.046794     0.426141  
   516     0.046646     0.426048  
   517     0.046457     0.425966  
   518     0.046280     0.425906  
   519     0.046100     0.425855  
   520     0.045927     0.425749  
   521     0.045728     0.425776  
   522     0.045551     0.425775  
   523     0.045403     0.425788  
   524     0.045212     0.425833  
   525     0.045035     0.425862  
   526     0.044876     0.425916  
   527     0.044720     0.425971  
   528     0.044562     0.426107  
   529     0.044406     0.426130  
   530     0.044229     0.426118  
   531     0.044057     0.426215  
   532     0.043888     0.426233  
   533     0.043728     0.426216  
   534     0.043564     0.426200  
   535     0.043405     0.426058  
   536     0.043253     0.426049  
   537     0.043094     0.426124  
   538     0.042921     0.426037  
   539     0.042759     0.426006  
   540     0.042596     0.426031  
   541     0.042419     0.426047  
   542     0.042258     0.426005  
   543     0.042093     0.425892  
   544     0.041935     0.425860  
   545     0.041772     0.425783  
   546     0.041599     0.425726  
   547     0.041427     0.425827  
   548     0.041260     0.425748  
   549     0.041103     0.425597  
   550     0.040970     0.425552  
   551     0.040811     0.425670  
   552     0.040673     0.425608  
   553     0.040511     0.425595  
   554     0.040371     0.425635  
   555     0.040242     0.425627  
   556     0.040080     0.425690  
   557     0.039921     0.425576  
   558     0.039759     0.425617  
   559     0.039592     0.425622  
   560     0.039448     0.425535  
   561     0.039293     0.425543  
   562     0.039143     0.425578  
   563     0.039001     0.425553  
   564     0.038853     0.425529  
   565     0.038727     0.425524  
   566     0.038566     0.425443  
   567     0.038404     0.425399  
   568     0.038245     0.425417  
   569     0.038100     0.425452  
   570     0.037939     0.425433  
   571     0.037780     0.425357  
   572     0.037631     0.425320  
   573     0.037475     0.425361  
   574     0.037316     0.425467  
   575     0.037174     0.425483  
   576     0.037035     0.425329  
   577     0.036892     0.425386  
   578     0.036739     0.425318  
   579     0.036583     0.425341  
   580     0.036451     0.425353  
   581     0.036303     0.425264  
   582     0.036167     0.425136  
   583     0.036031     0.425181  
   584     0.035894     0.425159  
   585     0.035774     0.425072  
   586     0.035649     0.425061  
   587     0.035520     0.425015  
   588     0.035385     0.424989  
   589     0.035254     0.424940  
   590     0.035125     0.424854  
   591     0.034986     0.424746  
   592     0.034868     0.424841  
   593     0.034734     0.424784  
   594     0.034620     0.424804  
   595     0.034486     0.424869  
   596     0.034348     0.424862  
   597     0.034222     0.424847  
   598     0.034088     0.424880  
   599     0.033948     0.424858  
   600     0.033821     0.424931  
   601     0.033690     0.424814  
   602     0.033558     0.424829  
   603     0.033423     0.424740  
   604     0.033304     0.424729  
   605     0.033165     0.424787  
   606     0.033040     0.424746  
   607     0.032922     0.424698  
   608     0.032809     0.424616  
   609     0.032680     0.424423  
   610     0.032547     0.424327  
   611     0.032431     0.424276  
   612     0.032321     0.424215  
   613     0.032200     0.424206  
   614     0.032076     0.424304  
   615     0.031946     0.424168  
   616     0.031810     0.424105  
   617     0.031691     0.424081  
   618     0.031570     0.424052  
   619     0.031452     0.423944  
   620     0.031337     0.423912  
   621     0.031224     0.423866  
   622     0.031087     0.423830  
   623     0.030979     0.423817  
   624     0.030878     0.423841  
   625     0.030774     0.423869  
   626     0.030664     0.423760  
   627     0.030552     0.423807  
   628     0.030451     0.423915  
   629     0.030345     0.423910  
   630     0.030230     0.423921  
   631     0.030107     0.423963  
   632     0.029987     0.423947  
   633     0.029863     0.423984  
   634     0.029734     0.423972  
   635     0.029624     0.423984  
   636     0.029519     0.424017  
   637     0.029413     0.424068  
   638     0.029309     0.424109  
   639     0.029189     0.424158  
   640     0.029095     0.424174  
   641     0.028990     0.424162  
   642     0.028883     0.424175  
   643     0.028775     0.424067  
   644     0.028674     0.424048  
   645     0.028578     0.424019  
   646     0.028462     0.423948  
   647     0.028358     0.423938  
   648     0.028270     0.423869  
   649     0.028173     0.423926  
   650     0.028080     0.423946  
   651     0.027974     0.423902  
   652     0.027869     0.423889  
   653     0.027763     0.423922  
   654     0.027666     0.423963  
   655     0.027569     0.423911  
   656     0.027467     0.423883  
   657     0.027354     0.423867  
   658     0.027264     0.423868  
   659     0.027164     0.423935  
   660     0.027056     0.423825  
   661     0.026950     0.423816  
   662     0.026843     0.423801  
   663     0.026745     0.423694  
   664     0.026635     0.423713  
   665     0.026538     0.423722  
   666     0.026448     0.423681  
   667     0.026345     0.423619  
   668     0.026253     0.423630  
   669     0.026158     0.423565  
   670     0.026061     0.423481  
   671     0.025962     0.423430  
   672     0.025856     0.423338  
   673     0.025773     0.423316  
   674     0.025681     0.423265  
   675     0.025579     0.423133  
   676     0.025481     0.423014  
   677     0.025392     0.422967  
   678     0.025294     0.422990  
   679     0.025205     0.422913  
   680     0.025111     0.422869  
   681     0.025019     0.422873  
   682     0.024930     0.422831  
   683     0.024837     0.422858  
   684     0.024753     0.422898  
   685     0.024668     0.422812  
   686     0.024576     0.422756  
   687     0.024501     0.422787  
   688     0.024408     0.422901  
   689     0.024315     0.422828  
   690     0.024219     0.422849  
   691     0.024122     0.422945  
   692     0.024032     0.423018  
   693     0.023938     0.423008  
   694     0.023846     0.423015  
   695     0.023767     0.422992  
   696     0.023683     0.422957  
   697     0.023608     0.422960  
   698     0.023519     0.422954  
   699     0.023428     0.422930  
   700     0.023344     0.422879  
   701     0.023247     0.422942  
   702     0.023158     0.422919  
   703     0.023074     0.422934  
   704     0.022987     0.422897  
   705     0.022905     0.422801  
   706     0.022821     0.422774  
   707     0.022736     0.422805  
   708     0.022660     0.422829  
   709     0.022593     0.422849  
   710     0.022507     0.422776  
   711     0.022421     0.422799  
   712     0.022342     0.422757  
   713     0.022263     0.422795  
   714     0.022178     0.422782  
   715     0.022092     0.422790  
   716     0.022009     0.422816  
   717     0.021927     0.422782  
   718     0.021850     0.422796  
   719     0.021766     0.422734  
   720     0.021695     0.422678  
   721     0.021612     0.422640  
   722     0.021535     0.422645  
   723     0.021456     0.422647  
   724     0.021375     0.422560  
   725     0.021293     0.422538  
   726     0.021204     0.422587  
   727     0.021127     0.422502  
   728     0.021055     0.422496  
   729     0.020986     0.422570  
   730     0.020907     0.422560  
   731     0.020842     0.422540  
   732     0.020774     0.422528  
   733     0.020708     0.422493  
   734     0.020627     0.422487  
   735     0.020557     0.422486  
   736     0.020481     0.422505  
   737     0.020400     0.422466  
   738     0.020330     0.422442  
   739     0.020244     0.422448  
   740     0.020163     0.422448  
   741     0.020081     0.422448  
   742     0.020001     0.422475  
   743     0.019928     0.422491  
   744     0.019855     0.422491  
   745     0.019789     0.422467  
   746     0.019714     0.422481  
   747     0.019654     0.422508  
   748     0.019587     0.422483  
   749     0.019512     0.422488  
   750     0.019445     0.422494  
   751     0.019366     0.422524  
   752     0.019307     0.422442  
   753     0.019244     0.422408  
   754     0.019181     0.422356  
   755     0.019101     0.422384  
   756     0.019041     0.422345  
   757     0.018971     0.422319  
   758     0.018903     0.422360  
   759     0.018832     0.422261  
   760     0.018775     0.422221  
   761     0.018703     0.422151  
   762     0.018643     0.422128  
   763     0.018581     0.422176  
   764     0.018508     0.422139  
   765     0.018445     0.422103  
   766     0.018387     0.422110  
   767     0.018322     0.422005  
   768     0.018253     0.422039  
   769     0.018182     0.422015  
   770     0.018118     0.421986  
   771     0.018056     0.421971  
   772     0.017993     0.421956  
   773     0.017929     0.421978  
   774     0.017869     0.421997  
   775     0.017811     0.421960  
   776     0.017745     0.421968  
   777     0.017676     0.421881  
   778     0.017615     0.421846  
   779     0.017557     0.421852  
   780     0.017496     0.421792  
   781     0.017438     0.421800  
   782     0.017371     0.421799  
   783     0.017312     0.421764  
   784     0.017253     0.421800  
   785     0.017195     0.421841  
   786     0.017140     0.421813  
   787     0.017078     0.421803  
   788     0.017023     0.421697  
   789     0.016972     0.421676  
   790     0.016918     0.421719  
   791     0.016855     0.421721  
   792     0.016800     0.421669  
   793     0.016743     0.421653  
   794     0.016679     0.421681  
   795     0.016612     0.421653  
   796     0.016559     0.421666  
   797     0.016499     0.421661  
   798     0.016446     0.421713  
   799     0.016390     0.421797  
   800     0.016334     0.421837  
   801     0.016269     0.421794  
   802     0.016207     0.421768  
   803     0.016154     0.421839  
   804     0.016095     0.421823  
   805     0.016031     0.421820  
   806     0.015975     0.421852  
   807     0.015919     0.421787  
   808     0.015864     0.421750  
   809     0.015807     0.421769  
   810     0.015753     0.421724  
   811     0.015697     0.421756  
   812     0.015646     0.421799  
   813     0.015585     0.421721  
   814     0.015531     0.421725  
   815     0.015486     0.421675  
   816     0.015431     0.421694  
   817     0.015380     0.421750  
   818     0.015329     0.421800  
   819     0.015268     0.421753  
   820     0.015216     0.421774  
   821     0.015158     0.421722  
   822     0.015103     0.421716  
   823     0.015050     0.421739  
   824     0.015001     0.421726  
   825     0.014950     0.421755  
   826     0.014890     0.421738  
   827     0.014840     0.421675  
   828     0.014788     0.421621  
   829     0.014733     0.421650  
   830     0.014678     0.421593  
   831     0.014625     0.421557  
   832     0.014573     0.421556  
   833     0.014523     0.421556  
   834     0.014471     0.421483  
   835     0.014424     0.421497  
   836     0.014371     0.421543  
   837     0.014316     0.421530  
   838     0.014268     0.421570  
   839     0.014221     0.421573  
   840     0.014167     0.421681  
   841     0.014123     0.421727  
   842     0.014072     0.421723  
   843     0.014022     0.421752  
   844     0.013969     0.421741  
   845     0.013925     0.421751  
   846     0.013867     0.421811  
   847     0.013818     0.421738  
   848     0.013766     0.421710  
   849     0.013721     0.421737  
   850     0.013674     0.421723  
   851     0.013625     0.421683  
   852     0.013566     0.421750  
   853     0.013522     0.421758  
   854     0.013474     0.421763  
   855     0.013424     0.421692  
   856     0.013381     0.421692  
   857     0.013334     0.421641  
   858     0.013289     0.421682  
   859     0.013239     0.421654  
   860     0.013195     0.421596  
   861     0.013150     0.421595  
   862     0.013096     0.421608  
   863     0.013052     0.421618  
   864     0.013003     0.421566  
   865     0.012960     0.421514  
   866     0.012913     0.421480  
   867     0.012866     0.421485  
   868     0.012820     0.421412  
   869     0.012777     0.421369  
   870     0.012732     0.421383  
   871     0.012689     0.421370  
   872     0.012649     0.421333  
   873     0.012606     0.421337  
   874     0.012562     0.421374  
   875     0.012510     0.421364  
   876     0.012465     0.421399  
   877     0.012422     0.421424  
   878     0.012371     0.421396  
   879     0.012334     0.421460  
   880     0.012296     0.421499  
   881     0.012260     0.421430  
   882     0.012221     0.421423  
   883     0.012177     0.421414  
   884     0.012130     0.421447  
   885     0.012086     0.421430  
   886     0.012040     0.421408  
   887     0.011998     0.421409  
   888     0.011957     0.421376  
   889     0.011916     0.421409  
   890     0.011873     0.421445  
   891     0.011831     0.421371  
   892     0.011788     0.421397  
   893     0.011744     0.421450  
   894     0.011699     0.421405  
   895     0.011658     0.421378  
   896     0.011623     0.421396  
   897     0.011582     0.421428  
   898     0.011540     0.421393  
   899     0.011502     0.421403  
   900     0.011462     0.421362  
   901     0.011428     0.421332  
   902     0.011392     0.421333  
   903     0.011354     0.421315  
   904     0.011311     0.421274  
   905     0.011270     0.421274  
   906     0.011227     0.421317  
   907     0.011195     0.421325  
   908     0.011152     0.421330  
   909     0.011111     0.421328  
   910     0.011071     0.421303  
   911     0.011032     0.421285  
   912     0.010993     0.421277  
   913     0.010956     0.421231  
   914     0.010921     0.421201  
   915     0.010884     0.421225  
   916     0.010845     0.421213  
   917     0.010806     0.421164  
   918     0.010769     0.421179  
   919     0.010728     0.421187  
   920     0.010690     0.421202  
   921     0.010649     0.421160  
   922     0.010611     0.421088  
   923     0.010573     0.421159  
   924     0.010539     0.421161  
   925     0.010505     0.421175  
   926     0.010466     0.421129  
   927     0.010429     0.421149  
   928     0.010396     0.421161  
   929     0.010363     0.421174  
   930     0.010327     0.421130  
   931     0.010296     0.421140  
   932     0.010261     0.421134  
   933     0.010226     0.421124  
   934     0.010194     0.421166  
   935     0.010158     0.421108  
   936     0.010121     0.421147  
   937     0.010089     0.421172  
   938     0.010057     0.421155  
   939     0.010025     0.421148  
   940     0.009988     0.421170  
   941     0.009947     0.421110  
   942     0.009916     0.421148  
   943     0.009878     0.421120  
   944     0.009843     0.421152  
   945     0.009804     0.421154  
   946     0.009770     0.421179  
   947     0.009736     0.421142  
   948     0.009702     0.421121  
   949     0.009672     0.421114  
   950     0.009638     0.421100  
   951     0.009607     0.421090  
   952     0.009573     0.421089  
   953     0.009540     0.421062  
   954     0.009507     0.421108  
   955     0.009471     0.421123  
   956     0.009435     0.421136  
   957     0.009405     0.421118  
   958     0.009373     0.421108  
   959     0.009345     0.421086  
   960     0.009318     0.421077  
   961     0.009292     0.421030  
   962     0.009261     0.421057  
   963     0.009232     0.421060  
   964     0.009199     0.421077  
   965     0.009167     0.421066  
   966     0.009137     0.421100  
   967     0.009105     0.421115  
   968     0.009070     0.421101  
   969     0.009040     0.421107  
   970     0.009009     0.421069  
   971     0.008984     0.421082  
   972     0.008950     0.421125  
   973     0.008915     0.421153  
   974     0.008883     0.421149  
   975     0.008850     0.421110  
   976     0.008815     0.421067  
   977     0.008781     0.421048  
   978     0.008746     0.421040  
   979     0.008716     0.421047  
   980     0.008683     0.421009  
   981     0.008648     0.420911  
   982     0.008618     0.420915  
   983     0.008593     0.420914  
   984     0.008562     0.420928  
   985     0.008530     0.420900  
   986     0.008499     0.420885  
   987     0.008466     0.420854  
   988     0.008438     0.420832  
   989     0.008414     0.420822  
   990     0.008385     0.420869  
   991     0.008355     0.420888  
   992     0.008327     0.420887  
   993     0.008294     0.420928  
   994     0.008265     0.420922  
   995     0.008235     0.420874  
   996     0.008202     0.420847  
   997     0.008171     0.420840  
   998     0.008144     0.420837  
   999     0.008117     0.420833  
  1000     0.008089     0.420798  
  1001     0.008064     0.420744  
  1002     0.008031     0.420701  
  1003     0.008005     0.420699  
  1004     0.007979     0.420731  
  1005     0.007947     0.420789  
  1006     0.007920     0.420788  
  1007     0.007892     0.420736  
  1008     0.007865     0.420728  
  1009     0.007838     0.420740  
  1010     0.007810     0.420719  
  1011     0.007783     0.420700  
  1012     0.007755     0.420737  
  1013     0.007731     0.420748  
  1014     0.007704     0.420727  
  1015     0.007679     0.420669  
  1016     0.007655     0.420648  
  1017     0.007631     0.420640  
  1018     0.007606     0.420620  
  1019     0.007580     0.420593  
  1020     0.007557     0.420619  
  1021     0.007534     0.420601  
  1022     0.007510     0.420586  
  1023     0.007481     0.420645  
  1024     0.007456     0.420656  
  1025     0.007428     0.420679  
  1026     0.007405     0.420650  
  1027     0.007385     0.420610  
  1028     0.007358     0.420640  
  1029     0.007332     0.420632  
  1030     0.007311     0.420656  
  1031     0.007283     0.420633  
  1032     0.007260     0.420642  
  1033     0.007236     0.420667  
  1034     0.007211     0.420683  
  1035     0.007189     0.420652  
  1036     0.007162     0.420608  
  1037     0.007142     0.420613  
  1038     0.007117     0.420611  
  1039     0.007093     0.420648  
  1040     0.007069     0.420655  
  1041     0.007045     0.420681  
  1042     0.007023     0.420681  
  1043     0.007001     0.420694  
  1044     0.006977     0.420686  
  1045     0.006956     0.420648  
  1046     0.006931     0.420660  
  1047     0.006905     0.420621  
  1048     0.006880     0.420631  
  1049     0.006854     0.420605  
  1050     0.006830     0.420630  
  1051     0.006807     0.420619  
  1052     0.006783     0.420658  
  1053     0.006760     0.420713  
  1054     0.006740     0.420671  
  1055     0.006719     0.420602  
  1056     0.006698     0.420606  
  1057     0.006677     0.420597  
  1058     0.006655     0.420570  
  1059     0.006633     0.420538  
  1060     0.006612     0.420566  
  1061     0.006590     0.420522  
  1062     0.006566     0.420484  
  1063     0.006546     0.420494  
  1064     0.006523     0.420494  
  1065     0.006501     0.420471  
  1066     0.006482     0.420489  
  1067     0.006463     0.420468  
  1068     0.006441     0.420461  
  1069     0.006416     0.420485  
  1070     0.006395     0.420510  
  1071     0.006372     0.420479  
  1072     0.006354     0.420487  
  1073     0.006332     0.420454  
  1074     0.006310     0.420421  
  1075     0.006287     0.420357  
  1076     0.006269     0.420385  
  1077     0.006251     0.420401  
  1078     0.006233     0.420415  
  1079     0.006213     0.420406  
  1080     0.006190     0.420400  
  1081     0.006167     0.420407  
  1082     0.006143     0.420400  
  1083     0.006120     0.420450  
  1084     0.006098     0.420406  
  1085     0.006076     0.420417  
  1086     0.006057     0.420411  
  1087     0.006036     0.420361  
  1088     0.006012     0.420391  
  1089     0.005994     0.420394  
  1090     0.005975     0.420398  
  1091     0.005955     0.420395  
  1092     0.005934     0.420400  
  1093     0.005916     0.420378  
  1094     0.005899     0.420387  
  1095     0.005880     0.420372  
  1096     0.005859     0.420406  
  1097     0.005838     0.420389  
  1098     0.005817     0.420397  
  1099     0.005796     0.420430  
  1100     0.005774     0.420431  
  1101     0.005756     0.420440  
  1102     0.005738     0.420402  
  1103     0.005719     0.420396  
  1104     0.005703     0.420369  
  1105     0.005682     0.420379  
  1106     0.005665     0.420398  
  1107     0.005642     0.420344  
  1108     0.005619     0.420355  
  1109     0.005603     0.420377  
  1110     0.005585     0.420402  
  1111     0.005566     0.420398  
  1112     0.005549     0.420378  
  1113     0.005531     0.420368  
  1114     0.005513     0.420387  
  1115     0.005496     0.420371  
  1116     0.005479     0.420371  
  1117     0.005462     0.420325  
  1118     0.005446     0.420342  
  1119     0.005428     0.420335  
  1120     0.005414     0.420318  
  1121     0.005397     0.420344  
  1122     0.005380     0.420343  
  1123     0.005360     0.420342  
  1124     0.005340     0.420347  
  1125     0.005321     0.420374  
  1126     0.005302     0.420372  
  1127     0.005285     0.420364  
  1128     0.005268     0.420343  
  1129     0.005251     0.420347  
  1130     0.005232     0.420363  
  1131     0.005214     0.420380  
  1132     0.005198     0.420348  
  1133     0.005182     0.420353  
  1134     0.005166     0.420341  
  1135     0.005147     0.420345  
  1136     0.005129     0.420371  
  1137     0.005112     0.420354  
  1138     0.005096     0.420386  
  1139     0.005078     0.420392  
  1140     0.005061     0.420420  
  1141     0.005045     0.420427  
  1142     0.005029     0.420425  
  1143     0.005013     0.420421  
  1144     0.004997     0.420455  
  1145     0.004980     0.420471  
  1146     0.004964     0.420476  
  1147     0.004946     0.420483  
  1148     0.004930     0.420454  
  1149     0.004914     0.420406  
  1150     0.004900     0.420447  
  1151     0.004882     0.420477  
  1152     0.004866     0.420449  
  1153     0.004851     0.420454  
  1154     0.004832     0.420416  
  1155     0.004816     0.420408  
  1156     0.004799     0.420402  
  1157     0.004785     0.420405  
  1158     0.004769     0.420390  
  1159     0.004753     0.420381  
  1160     0.004739     0.420361  
  1161     0.004722     0.420339  
  1162     0.004706     0.420293  
  1163     0.004690     0.420309  
  1164     0.004675     0.420296  
  1165     0.004658     0.420301  
  1166     0.004645     0.420322  
  1167     0.004628     0.420358  
  1168     0.004616     0.420346  
  1169     0.004601     0.420373  
  1170     0.004587     0.420386  
  1171     0.004570     0.420358  
  1172     0.004554     0.420381  
  1173     0.004538     0.420374  
  1174     0.004523     0.420355  
  1175     0.004509     0.420356  
  1176     0.004492     0.420313  
  1177     0.004477     0.420327  
  1178     0.004463     0.420336  
  1179     0.004448     0.420346  
  1180     0.004433     0.420366  
  1181     0.004418     0.420352  
  1182     0.004404     0.420365  
  1183     0.004388     0.420353  
  1184     0.004373     0.420350  
  1185     0.004355     0.420365  
  1186     0.004339     0.420355  
  1187     0.004325     0.420364  
  1188     0.004310     0.420343  
  1189     0.004295     0.420320  
  1190     0.004282     0.420326  
  1191     0.004268     0.420370  
  1192     0.004255     0.420360  
  1193     0.004241     0.420356  
  1194     0.004226     0.420363  
  1195     0.004211     0.420393  
  1196     0.004197     0.420414  
  1197     0.004185     0.420417  
  1198     0.004170     0.420404  
  1199     0.004158     0.420383  
  1200     0.004144     0.420405  
  1201     0.004131     0.420423  
  1202     0.004117     0.420399  
  1203     0.004105     0.420402  
  1204     0.004089     0.420392  
  1205     0.004075     0.420387  
  1206     0.004063     0.420351  
  1207     0.004051     0.420332  
  1208     0.004037     0.420315  
  1209     0.004023     0.420311  
  1210     0.004009     0.420289  
  1211     0.003997     0.420274  
  1212     0.003983     0.420262  
  1213     0.003970     0.420268  
  1214     0.003956     0.420275  
  1215     0.003941     0.420230  
  1216     0.003928     0.420216  
  1217     0.003914     0.420168  
  1218     0.003901     0.420199  
  1219     0.003889     0.420228  
  1220     0.003877     0.420204  
  1221     0.003865     0.420196  
  1222     0.003852     0.420163  
  1223     0.003841     0.420194  
  1224     0.003828     0.420203  
  1225     0.003816     0.420201  
  1226     0.003801     0.420198  
  1227     0.003789     0.420220  
  1228     0.003778     0.420226  
  1229     0.003765     0.420202  
  1230     0.003754     0.420186  
  1231     0.003744     0.420204  
  1232     0.003731     0.420204  
  1233     0.003719     0.420201  
  1234     0.003707     0.420172  
  1235     0.003695     0.420178  
  1236     0.003682     0.420208  
  1237     0.003669     0.420210  
  1238     0.003657     0.420227  
  1239     0.003644     0.420234  
  1240     0.003632     0.420232  
  1241     0.003621     0.420210  
  1242     0.003608     0.420185  
  1243     0.003596     0.420174  
  1244     0.003584     0.420212  
  1245     0.003572     0.420223  
  1246     0.003560     0.420249  
  1247     0.003547     0.420243  
  1248     0.003533     0.420253  
  1249     0.003522     0.420253  
  1250     0.003510     0.420265  
  1251     0.003497     0.420244  
  1252     0.003486     0.420251  
  1253     0.003473     0.420300  
  1254     0.003461     0.420327  
  1255     0.003451     0.420275  
  1256     0.003440     0.420269  
  1257     0.003428     0.420266  
  1258     0.003417     0.420272  
  1259     0.003406     0.420222  
  1260     0.003393     0.420207  
  1261     0.003383     0.420218  
  1262     0.003372     0.420203  
  1263     0.003363     0.420191  
  1264     0.003350     0.420218  
  1265     0.003339     0.420207  
  1266     0.003330     0.420184  
  1267     0.003319     0.420165  
  1268     0.003306     0.420157  
  1269     0.003297     0.420173  
  1270     0.003287     0.420158  
  1271     0.003273     0.420154  
  1272     0.003262     0.420162  
  1273     0.003252     0.420156  
  1274     0.003242     0.420154  
  1275     0.003233     0.420151  
  1276     0.003222     0.420103  
  1277     0.003211     0.420088  
  1278     0.003201     0.420074  
  1279     0.003190     0.420096  
  1280     0.003179     0.420090  
  1281     0.003168     0.420076  
  1282     0.003158     0.420062  
  1283     0.003147     0.420041  
  1284     0.003137     0.420070  
  1285     0.003126     0.420054  
  1286     0.003117     0.420074  
  1287     0.003106     0.420080  
  1288     0.003096     0.420083  
  1289     0.003085     0.420064  
  1290     0.003075     0.420077  
  1291     0.003064     0.420081  
  1292     0.003053     0.420063  
  1293     0.003043     0.420065  
  1294     0.003032     0.420047  
  1295     0.003022     0.420066  
  1296     0.003011     0.420033  
  1297     0.003002     0.420040  
  1298     0.002992     0.420033  
  1299     0.002984     0.420030  
  1300     0.002974     0.420034  
  1301     0.002965     0.420022  
  1302     0.002957     0.420032  
  1303     0.002947     0.420028  
  1304     0.002936     0.420036  
  1305     0.002929     0.420039  
  1306     0.002919     0.420034  
  1307     0.002909     0.420021  
  1308     0.002902     0.420023  
  1309     0.002890     0.420044  
  1310     0.002880     0.420046  
  1311     0.002869     0.420031  
  1312     0.002859     0.420019  
  1313     0.002850     0.420001  
  1314     0.002840     0.419984  
  1315     0.002831     0.419989  
  1316     0.002823     0.419986  
  1317     0.002815     0.419989  
  1318     0.002804     0.420001  
  1319     0.002796     0.420000  
  1320     0.002788     0.420006  
  1321     0.002779     0.419990  
  1322     0.002771     0.420018  
  1323     0.002761     0.420062  
  1324     0.002751     0.420053  
  1325     0.002740     0.420080  
  1326     0.002732     0.420075  
  1327     0.002722     0.420065  
  1328     0.002714     0.420086  
  1329     0.002704     0.420067  
  1330     0.002695     0.420072  
  1331     0.002685     0.420059  
  1332     0.002677     0.420036  
  1333     0.002668     0.420041  
  1334     0.002660     0.420044  
  1335     0.002651     0.420045  
  1336     0.002642     0.420046  
  1337     0.002633     0.420048  
  1338     0.002625     0.420057  
  1339     0.002615     0.420063  
  1340     0.002604     0.420084  
  1341     0.002595     0.420039  
  1342     0.002586     0.420070  
  1343     0.002577     0.420036  
  1344     0.002568     0.420057  
  1345     0.002559     0.420047  
  1346     0.002550     0.420035  
  1347     0.002543     0.420009  
  1348     0.002535     0.420017  
  1349     0.002528     0.420017  
  1350     0.002521     0.420026  
  1351     0.002512     0.420048  
  1352     0.002505     0.420053  
  1353     0.002498     0.420055  
  1354     0.002490     0.420059  
  1355     0.002481     0.420071  
  1356     0.002472     0.420061  
  1357     0.002463     0.420037  
  1358     0.002454     0.420000  
  1359     0.002446     0.419995  
  1360     0.002438     0.420006  
  1361     0.002430     0.419988  
  1362     0.002423     0.419980  
  1363     0.002416     0.419979  
  1364     0.002408     0.419981  
  1365     0.002401     0.420005  
  1366     0.002393     0.419997  
  1367     0.002386     0.420000  
  1368     0.002377     0.419991  
  1369     0.002370     0.419997  
  1370     0.002362     0.419992  
  1371     0.002354     0.419993  
  1372     0.002346     0.419973  
  1373     0.002337     0.419983  
  1374     0.002329     0.419982  
  1375     0.002321     0.419982  
  1376     0.002313     0.419960  
  1377     0.002306     0.419974  
  1378     0.002298     0.419967  
  1379     0.002290     0.419950  
  1380     0.002281     0.419923  
  1381     0.002275     0.419909  
  1382     0.002267     0.419922  
  1383     0.002260     0.419913  
  1384     0.002251     0.419926  
  1385     0.002244     0.419924  
  1386     0.002238     0.419893  
  1387     0.002230     0.419907  
  1388     0.002222     0.419908  
  1389     0.002214     0.419905  
  1390     0.002206     0.419883  
  1391     0.002200     0.419885  
  1392     0.002193     0.419883  
  1393     0.002186     0.419868  
  1394     0.002179     0.419849  
  1395     0.002171     0.419841  
  1396     0.002163     0.419816  
  1397     0.002157     0.419810  
  1398     0.002150     0.419791  
  1399     0.002143     0.419791  
  1400     0.002136     0.419788  
  1401     0.002128     0.419803  
  1402     0.002121     0.419826  
  1403     0.002115     0.419799  
  1404     0.002109     0.419818  
  1405     0.002102     0.419837  
  1406     0.002094     0.419816  
  1407     0.002088     0.419793  
  1408     0.002082     0.419773  
  1409     0.002075     0.419769  
  1410     0.002068     0.419756  
  1411     0.002061     0.419757  
  1412     0.002055     0.419757  
  1413     0.002048     0.419751  
  1414     0.002043     0.419716  
  1415     0.002037     0.419721  
  1416     0.002030     0.419692  
  1417     0.002023     0.419710  
  1418     0.002015     0.419705  
  1419     0.002008     0.419697  
  1420     0.002001     0.419705  
  1421     0.001993     0.419718  
  1422     0.001988     0.419687  
  1423     0.001981     0.419680  
  1424     0.001974     0.419680  
  1425     0.001969     0.419670  
  1426     0.001963     0.419662  
  1427     0.001957     0.419668  
  1428     0.001951     0.419658  
  1429     0.001945     0.419663  
  1430     0.001938     0.419658  
  1431     0.001931     0.419646  
  1432     0.001925     0.419647  
  1433     0.001920     0.419645  
  1434     0.001913     0.419653  
  1435     0.001907     0.419640  
  1436     0.001901     0.419641  
  1437     0.001895     0.419637  
  1438     0.001889     0.419632  
  1439     0.001884     0.419644  
  1440     0.001878     0.419631  
  1441     0.001872     0.419631  
  1442     0.001866     0.419645  
  1443     0.001861     0.419639  
  1444     0.001854     0.419644  
  1445     0.001850     0.419655  
  1446     0.001843     0.419637  
  1447     0.001837     0.419630  
  1448     0.001831     0.419624  
  1449     0.001825     0.419626  
  1450     0.001819     0.419638  
  1451     0.001814     0.419624  
  1452     0.001808     0.419632  
  1453     0.001802     0.419621  * best
  1454     0.001797     0.419621  
  1455     0.001790     0.419633  
  1456     0.001784     0.419647  
  1457     0.001778     0.419648  
  1458     0.001773     0.419651  
  1459     0.001767     0.419658  
  1460     0.001762     0.419660  
  1461     0.001756     0.419674  
  1462     0.001750     0.419683  
  1463     0.001743     0.419678  
  1464     0.001738     0.419691  
  1465     0.001732     0.419681  
  1466     0.001726     0.419694  
  1467     0.001721     0.419704  
  1468     0.001716     0.419731  
  1469     0.001710     0.419739  
  1470     0.001704     0.419725  
  1471     0.001700     0.419715  
  1472     0.001694     0.419720  
  1473     0.001689     0.419713  
  1474     0.001684     0.419724  
  1475     0.001679     0.419718  
  1476     0.001674     0.419711  
  1477     0.001669     0.419713  
  1478     0.001663     0.419728  
  1479     0.001657     0.419725  
  1480     0.001651     0.419738  
  1481     0.001646     0.419715  
  1482     0.001642     0.419707  
  1483     0.001638     0.419709  
  1484     0.001633     0.419698  
  1485     0.001628     0.419705  
  1486     0.001621     0.419722  
  1487     0.001616     0.419742  
  1488     0.001611     0.419751  
  1489     0.001605     0.419734  
  1490     0.001600     0.419723  
  1491     0.001595     0.419727  
  1492     0.001590     0.419749  
  1493     0.001585     0.419755  
  1494     0.001580     0.419728  
  1495     0.001575     0.419735  
  1496     0.001570     0.419719  
  1497     0.001565     0.419710  
  1498     0.001560     0.419705  
  1499     0.001555     0.419691  
  1500     0.001550     0.419668  
  1501     0.001545     0.419675  
  1502     0.001539     0.419687  
  1503     0.001534     0.419668  
  1504     0.001529     0.419687  
  1505     0.001525     0.419675  
  1506     0.001521     0.419694  
  1507     0.001516     0.419689  
  1508     0.001511     0.419689  
  1509     0.001506     0.419721  
  1510     0.001502     0.419705  
  1511     0.001497     0.419687  
  1512     0.001493     0.419673  
  1513     0.001488     0.419665  
  1514     0.001483     0.419661  
  1515     0.001478     0.419651  
  1516     0.001474     0.419668  
  1517     0.001469     0.419662  
  1518     0.001465     0.419666  
  1519     0.001460     0.419672  
  1520     0.001455     0.419674  
  1521     0.001450     0.419664  
  1522     0.001445     0.419653  
  1523     0.001440     0.419656  
  1524     0.001435     0.419642  
  1525     0.001431     0.419643  
  1526     0.001426     0.419660  
  1527     0.001422     0.419654  
  1528     0.001417     0.419655  
  1529     0.001413     0.419667  
  1530     0.001409     0.419674  
  1531     0.001404     0.419680  
  1532     0.001400     0.419678  
  1533     0.001396     0.419669  
  1534     0.001391     0.419652  
  1535     0.001387     0.419665  
  1536     0.001382     0.419672  
  1537     0.001378     0.419681  
  1538     0.001373     0.419681  
  1539     0.001369     0.419662  
  1540     0.001365     0.419654  
  1541     0.001361     0.419658  
  1542     0.001357     0.419662  
  1543     0.001352     0.419665  
  1544     0.001347     0.419664  
  1545     0.001343     0.419662  
  1546     0.001339     0.419653  
  1547     0.001334     0.419646  
  1548     0.001331     0.419657  
  1549     0.001327     0.419656  
  1550     0.001322     0.419668  
  1551     0.001318     0.419656  
  1552     0.001314     0.419652  
  1553     0.001309     0.419666  
# best iteration 1453 (val l2 0.419621)
# Spearman  train +0.9947  val +0.7650  test +0.7703
