# mlp_seq+boltz+edge seed 0
# perceptron on seq+boltz+edge
# inputs [(16857,)], 2,161,985 parameters
# Linear(n_in,128) -> GELU -> Dropout(0.3) -> Linear(128,32) -> GELU -> Dropout(0.3) -> Linear(32,1)
# Adam lr=0.001 weight_decay=0.0001 batch=32 dropout=0.3
# loss = MSE on standardised log10 half-life
# early stopping on validation loss, patience 40, max 300 epochs
#
 epoch  train_batch        train          val  note
     1     5.545652    10.476796     0.724520  * best
     2     5.071913     1.779429     0.699414  * best
     3     1.826672     2.066899     0.684542  * best
     4     2.666845     0.483503     0.688425  
     5     0.542756     0.439580     0.659432  * best
     6     0.672856     0.483464     0.690896  
     7     0.617475     0.363856     0.666374  
     8     0.477231     0.343291     0.691116  
     9     0.567918     0.314700     0.679236  
    10     0.451408     0.298489     0.651599  * best
    11     0.426815     0.259007     0.639510  * best
    12     0.500966     0.277469     0.619503  * best
    13     0.376279     0.256841     0.639868  
    14     0.366898     0.259033     0.588252  * best
    15     0.347298     0.210246     0.645993  
    16     0.386749     0.224336     0.642986  
    17     0.348251     0.220507     0.619333  
    18     0.376751     0.233287     0.607173  
    19     0.397189     0.208426     0.609993  
    20     0.335201     0.193234     0.600807  
    21     0.331056     0.215596     0.594411  
    22     0.333216     0.177760     0.616851  
    23     0.321758     0.191043     0.572400  * best
    24     0.360837     0.182054     0.676091  
    25     0.332405     0.179460     0.632796  
    26     0.347160     0.183699     0.643030  
    27     0.323160     0.203791     0.644632  
    28     0.312583     0.177986     0.619752  
    29     0.321030     0.183602     0.639045  
    30     0.338688     0.177073     0.649540  
    31     0.310875     0.181990     0.602172  
    32     0.297374     0.174499     0.623998  
    33     0.288822     0.190352     0.670350  
    34     0.299067     0.180343     0.590535  
    35     0.322939     0.215992     0.609029  
    36     0.298674     0.176213     0.614894  
    37     0.282653     0.176089     0.622101  
    38     0.284664     0.169328     0.610202  
    39     0.288252     0.191898     0.599319  
    40     0.287723     0.162807     0.634836  
    41     0.270724     0.268175     0.705347  
    42     0.530756     0.498948     0.710356  
    43     0.423430     0.337967     0.663608  
    44     0.592368     0.294646     0.623336  
    45     0.555833     0.274263     0.612853  
    46     0.413883     0.230650     0.619548  
    47     0.406104     0.213069     0.628221  
    48     0.410733     0.214649     0.627869  
    49     0.406799     0.222600     0.604320  
    50     0.390819     0.192327     0.566911  * best
    51     0.374728     0.198413     0.623302  
    52     0.377951     0.372245     0.569103  
    53     0.900629     0.509219     0.683818  
    54     0.625401     0.458328     0.637648  
    55     0.487741     0.295920     0.575339  
    56     0.449817     0.249175     0.583205  
    57     0.411030     0.208377     0.607976  
    58     0.412211     0.231542     0.604782  
    59     0.423737     0.236446     0.603624  
    60     0.406573     0.233002     0.616258  
    61     0.410706     0.254631     0.643070  
    62     0.456098     0.258911     0.612469  
    63     0.405955     0.276342     0.636636  
    64     0.416319     0.194487     0.616263  
    65     0.407404     0.199057     0.714908  
    66     0.393735     0.246472     0.630450  
    67     0.398913     0.536478     0.733847  
    68     0.517901     0.229411     0.587876  
    69     0.436202     0.234622     0.592800  
    70     0.425768     0.236136     0.633402  
    71     0.740177     0.572101     0.619869  
    72     0.669999     0.481660     0.629774  
    73     0.651283     0.436849     0.594296  
    74     0.680332     0.456679     0.601195  
    75     0.652049     0.371780     0.643362  
    76     0.641724     0.459096     0.643595  
    77     0.631644     0.463626     0.640232  
    78     0.602335     0.282481     0.604514  
    79     0.485873     0.301597     0.616510  
    80     0.603333     0.273480     0.611196  
    81     0.431492     0.238953     0.633731  
    82     0.441262     0.241444     0.603547  
    83     0.420783     0.243345     0.607798  
    84     0.409055     0.250097     0.590259  
    85     0.413812     0.314131     0.654310  
    86     0.596920     0.271521     0.549133  * best
    87     0.424246     0.257947     0.587842  
    88     0.465867     0.472575     0.648524  
    89     0.414607     0.282083     0.621091  
    90     0.379790     0.218684     0.659080  
    91     0.355591     0.231628     0.605749  
    92     0.393594     0.185654     0.628378  
    93     0.331501     0.186954     0.648929  
    94     0.326647     0.210424     0.612626  
    95     0.330002     0.198724     0.603179  
    96     0.338326     0.171359     0.594714  
    97     0.316703     0.193167     0.599437  
    98     0.306408     0.175185     0.648302  
    99     0.305792     0.166979     0.650879  
   100     0.306130     0.168791     0.623330  
   101     0.324399     0.157632     0.710586  
   102     0.298281     0.161934     0.645854  
   103     0.301072     0.166746     0.615257  
   104     0.317923     0.170830     0.696690  
   105     0.299046     0.165549     0.606861  
   106     0.302499     0.141681     0.719029  
   107     0.343584     0.186088     0.628282  
   108     0.319167     0.182344     0.604054  
   109     0.295420     0.182098     0.683702  
   110     0.351516     0.174583     0.620641  
   111     0.293871     0.181409     0.610086  
   112     0.295889     0.154918     0.607655  
   113     0.398228     0.173931     0.640615  
   114     0.302471     0.153082     0.623813  
   115     0.300415     0.146987     0.678916  
   116     0.321812     0.158864     0.672873  
   117     0.317695     0.149201     0.610210  
   118     0.305460     0.135194     0.648512  
   119     0.306021     0.169736     0.626941  
   120     0.309727     0.161370     0.610814  
   121     0.410482     0.208468     0.614092  
   122     0.349560     0.158665     0.614542  
   123     0.338215     0.143910     0.627196  
   124     0.304117     0.201263     0.581500  
   125     0.282682     0.160280     0.626865  
   126     0.293507     0.147176     0.667903  
# stopped at epoch 126: no improvement for 40 epochs
# restored epoch 86 (val MSE 0.549133)
# Spearman  train +0.9101  val +0.4941  test +0.4373
