# gbm_seq+boltz_pooled seed 4
# sequence with the pooled Boltz blocks
# inputs 2407, 181 trees
# LightGBM gradient-boosted trees, objective l2, lr 0.05, num_leaves 31, min_data_in_leaf 20, feature_fraction 0.3, bagging 0.8, lambda_l2 1.0, up to 3000 rounds, early stopping 100 on validation l2
# loss = l2 on standardised log10 half-life
#
 round        train          val  note
     1     0.962412     0.800007  
     2     0.927045     0.791903  
     3     0.893719     0.784187  
     4     0.861698     0.777974  
     5     0.832290     0.770210  
     6     0.804649     0.761916  
     7     0.780819     0.753530  
     8     0.757984     0.749802  
     9     0.738512     0.747196  
    10     0.716893     0.741887  
    11     0.697766     0.737882  
    12     0.679191     0.734198  
    13     0.662556     0.727954  
    14     0.646776     0.723137  
    15     0.632460     0.722081  
    16     0.618547     0.716387  
    17     0.606370     0.712720  
    18     0.594816     0.709626  
    19     0.583677     0.707822  
    20     0.573784     0.704454  
    21     0.563524     0.699535  
    22     0.554037     0.695004  
    23     0.545130     0.692879  
    24     0.536611     0.688939  
    25     0.527792     0.688807  
    26     0.519845     0.686312  
    27     0.511800     0.686073  
    28     0.504794     0.683589  
    29     0.498338     0.683021  
    30     0.491267     0.682109  
    31     0.484344     0.677340  
    32     0.478469     0.675952  
    33     0.472698     0.674702  
    34     0.466468     0.668293  
    35     0.460044     0.663619  
    36     0.454515     0.659811  
    37     0.449206     0.658757  
    38     0.444085     0.657113  
    39     0.439216     0.656300  
    40     0.434782     0.654742  
    41     0.429827     0.652275  
    42     0.425394     0.650149  
    43     0.420881     0.648629  
    44     0.416730     0.647265  
    45     0.412358     0.645252  
    46     0.408242     0.643279  
    47     0.403889     0.638342  
    48     0.399850     0.636049  
    49     0.396366     0.633494  
    50     0.392850     0.632218  
    51     0.389273     0.633133  
    52     0.385979     0.631792  
    53     0.382412     0.631113  
    54     0.378488     0.629179  
    55     0.375522     0.628391  
    56     0.372174     0.625716  
    57     0.369025     0.624244  
    58     0.366053     0.622218  
    59     0.363017     0.620353  
    60     0.359843     0.618890  
    61     0.356895     0.617791  
    62     0.354050     0.616157  
    63     0.350733     0.614583  
    64     0.348113     0.614783  
    65     0.345286     0.613711  
    66     0.342628     0.612443  
    67     0.340172     0.611294  
    68     0.337559     0.610872  
    69     0.335018     0.609550  
    70     0.332422     0.609801  
    71     0.329823     0.610266  
    72     0.327223     0.610420  
    73     0.324754     0.610219  
    74     0.322439     0.609732  
    75     0.320096     0.609658  
    76     0.317805     0.609975  
    77     0.315445     0.609967  
    78     0.313207     0.609109  
    79     0.311130     0.607630  
    80     0.309060     0.607192  
    81     0.307041     0.606070  
    82     0.304882     0.606405  
    83     0.302734     0.607102  
    84     0.300757     0.606336  
    85     0.298746     0.606727  
    86     0.296715     0.607349  
    87     0.294833     0.606774  
    88     0.292635     0.606580  
    89     0.290691     0.606339  
    90     0.288730     0.606634  
    91     0.286797     0.606932  
    92     0.284952     0.607238  
    93     0.283120     0.607031  
    94     0.281327     0.606444  
    95     0.279491     0.604927  
    96     0.277604     0.604824  
    97     0.275634     0.604017  
    98     0.273756     0.604022  
    99     0.271722     0.604035  
   100     0.270048     0.604418  
   101     0.268251     0.604990  
   102     0.266545     0.603992  
   103     0.265012     0.603306  
   104     0.263270     0.602089  
   105     0.261662     0.602207  
   106     0.260211     0.601505  
   107     0.258726     0.601351  
   108     0.257231     0.601488  
   109     0.255737     0.600748  
   110     0.254128     0.600909  
   111     0.252584     0.599910  
   112     0.251122     0.599646  
   113     0.249642     0.598423  
   114     0.248126     0.598419  
   115     0.246664     0.597503  
   116     0.245147     0.597317  
   117     0.243642     0.596396  
   118     0.242250     0.596520  
   119     0.240712     0.597332  
   120     0.239348     0.597425  
   121     0.237883     0.597515  
   122     0.236570     0.597577  
   123     0.235201     0.597436  
   124     0.233807     0.597766  
   125     0.232560     0.597784  
   126     0.231341     0.597309  
   127     0.230093     0.596878  
   128     0.228637     0.596599  
   129     0.227337     0.596120  
   130     0.226081     0.595733  
   131     0.224776     0.595919  
   132     0.223518     0.595923  
   133     0.222266     0.596065  
   134     0.220992     0.596570  
   135     0.219720     0.596903  
   136     0.218523     0.596803  
   137     0.217252     0.596888  
   138     0.216053     0.596609  
   139     0.214946     0.596727  
   140     0.213751     0.596785  
   141     0.212571     0.597462  
   142     0.211489     0.597883  
   143     0.210300     0.597199  
   144     0.209119     0.596995  
   145     0.208045     0.596777  
   146     0.206855     0.596550  
   147     0.205844     0.596960  
   148     0.204619     0.596748  
   149     0.203477     0.597111  
   150     0.202348     0.597501  
   151     0.201277     0.598084  
   152     0.200217     0.598098  
   153     0.199181     0.598251  
   154     0.198183     0.598547  
   155     0.197024     0.598650  
   156     0.195968     0.598999  
   157     0.194942     0.598364  
   158     0.193941     0.598436  
   159     0.192933     0.597939  
   160     0.191924     0.597565  
   161     0.190985     0.597256  
   162     0.189955     0.596685  
   163     0.188971     0.596786  
   164     0.187986     0.596609  
   165     0.187066     0.596516  
   166     0.186103     0.596543  
   167     0.185118     0.596129  
   168     0.184117     0.595874  
   169     0.183174     0.596055  
   170     0.182215     0.596614  
   171     0.181277     0.595887  
   172     0.180340     0.595915  
   173     0.179353     0.596071  
   174     0.178405     0.596160  
   175     0.177509     0.596389  
   176     0.176599     0.596826  
   177     0.175640     0.596326  
   178     0.174797     0.596075  
   179     0.173894     0.595918  
   180     0.173015     0.595935  
   181     0.172203     0.595477  * best
   182     0.171328     0.596131  
   183     0.170460     0.595744  
   184     0.169599     0.596451  
   185     0.168762     0.596850  
   186     0.167959     0.596839  
   187     0.167124     0.596943  
   188     0.166262     0.596687  
   189     0.165530     0.596363  
   190     0.164609     0.596311  
   191     0.163818     0.596339  
   192     0.163061     0.596263  
   193     0.162220     0.596576  
   194     0.161483     0.596331  
   195     0.160744     0.597012  
   196     0.159903     0.597027  
   197     0.159026     0.597175  
   198     0.158229     0.597434  
   199     0.157487     0.597224  
   200     0.156563     0.597473  
   201     0.155762     0.597390  
   202     0.155006     0.597590  
   203     0.154179     0.597714  
   204     0.153408     0.598018  
   205     0.152576     0.598214  
   206     0.151850     0.598361  
   207     0.151120     0.598577  
   208     0.150351     0.597996  
   209     0.149626     0.597856  
   210     0.148857     0.598154  
   211     0.148099     0.598613  
   212     0.147396     0.598916  
   213     0.146714     0.598691  
   214     0.146030     0.598618  
   215     0.145327     0.598823  
   216     0.144637     0.598967  
   217     0.143975     0.599317  
   218     0.143279     0.599153  
   219     0.142537     0.598594  
   220     0.141859     0.598785  
   221     0.141214     0.599183  
   222     0.140581     0.599247  
   223     0.139912     0.599815  
   224     0.139208     0.599785  
   225     0.138567     0.599794  
   226     0.137869     0.599739  
   227     0.137256     0.599709  
   228     0.136537     0.599829  
   229     0.135878     0.599818  
   230     0.135205     0.600144  
   231     0.134594     0.600245  
   232     0.133976     0.600095  
   233     0.133368     0.600234  
   234     0.132747     0.599888  
   235     0.132128     0.599910  
   236     0.131467     0.599383  
   237     0.130839     0.599473  
   238     0.130184     0.599472  
   239     0.129569     0.598798  
   240     0.128968     0.598672  
   241     0.128363     0.598722  
   242     0.127773     0.598632  
   243     0.127167     0.598481  
   244     0.126590     0.598366  
   245     0.125990     0.598178  
   246     0.125411     0.598198  
   247     0.124845     0.597884  
   248     0.124261     0.597892  
   249     0.123743     0.597707  
   250     0.123175     0.597789  
   251     0.122596     0.597873  
   252     0.122008     0.597900  
   253     0.121423     0.597863  
   254     0.120918     0.597878  
   255     0.120332     0.598434  
   256     0.119750     0.598415  
   257     0.119207     0.598648  
   258     0.118665     0.598307  
   259     0.118102     0.598944  
   260     0.117569     0.599231  
   261     0.117040     0.598758  
   262     0.116489     0.598749  
   263     0.115940     0.598617  
   264     0.115369     0.598714  
   265     0.114817     0.598722  
   266     0.114297     0.598835  
   267     0.113765     0.598846  
   268     0.113259     0.598421  
   269     0.112793     0.598343  
   270     0.112346     0.598471  
   271     0.111769     0.598409  
   272     0.111235     0.598637  
   273     0.110722     0.598271  
   274     0.110239     0.598216  
   275     0.109787     0.598198  
   276     0.109275     0.598382  
   277     0.108756     0.598449  
   278     0.108261     0.598504  
   279     0.107717     0.598534  
   280     0.107190     0.598317  
   281     0.106696     0.598432  
# best iteration 181 (val l2 0.595477)
# Spearman  train +0.9242  val +0.4168  test +0.6200
