# gbm_seq+boltz+node+energy seed 1
# boosted trees on seq+boltz+node+energy
# inputs 14357, 285 trees
# LightGBM gradient-boosted trees, objective l2, lr 0.05, num_leaves 31, min_data_in_leaf 20, feature_fraction 0.3, bagging 0.8, lambda_l2 1.0, up to 3000 rounds, early stopping 100 on validation l2
# loss = l2 on standardised log10 half-life
#
 round        train          val  note
     1     0.959173     0.809354  
     2     0.920070     0.793706  
     3     0.884774     0.784644  
     4     0.851260     0.772904  
     5     0.821019     0.766536  
     6     0.791663     0.760648  
     7     0.765287     0.751325  
     8     0.741730     0.740608  
     9     0.719771     0.735847  
    10     0.697504     0.726480  
    11     0.676697     0.720188  
    12     0.657852     0.715658  
    13     0.640296     0.710778  
    14     0.624305     0.705705  
    15     0.608725     0.700685  
    16     0.594296     0.694004  
    17     0.580448     0.687829  
    18     0.568058     0.681121  
    19     0.554662     0.675255  
    20     0.543822     0.670129  
    21     0.532345     0.667192  
    22     0.521887     0.666539  
    23     0.511597     0.662630  
    24     0.502066     0.660360  
    25     0.492585     0.658117  
    26     0.484350     0.656649  
    27     0.476745     0.655738  
    28     0.469031     0.652428  
    29     0.460699     0.649025  
    30     0.452829     0.646275  
    31     0.445773     0.642485  
    32     0.439466     0.641105  
    33     0.432757     0.638451  
    34     0.426113     0.635265  
    35     0.420401     0.634187  
    36     0.414595     0.633489  
    37     0.409874     0.633608  
    38     0.404540     0.630786  
    39     0.399162     0.629669  
    40     0.394389     0.628649  
    41     0.389007     0.627824  
    42     0.384394     0.625156  
    43     0.379714     0.624566  
    44     0.374796     0.622627  
    45     0.370187     0.620063  
    46     0.366378     0.617652  
    47     0.362684     0.615688  
    48     0.358626     0.614786  
    49     0.355069     0.612938  
    50     0.351155     0.611657  
    51     0.347649     0.609698  
    52     0.344436     0.609262  
    53     0.340870     0.606791  
    54     0.337350     0.605624  
    55     0.334261     0.604733  
    56     0.330860     0.603877  
    57     0.327779     0.601966  
    58     0.324720     0.602390  
    59     0.321751     0.599512  
    60     0.318589     0.598201  
    61     0.315415     0.596842  
    62     0.312372     0.596066  
    63     0.309502     0.595778  
    64     0.306838     0.595477  
    65     0.303820     0.594604  
    66     0.301101     0.595761  
    67     0.298752     0.594918  
    68     0.296041     0.594123  
    69     0.293595     0.592118  
    70     0.290967     0.591046  
    71     0.288622     0.591233  
    72     0.286227     0.589884  
    73     0.283966     0.588996  
    74     0.281799     0.588348  
    75     0.279609     0.587203  
    76     0.277300     0.586565  
    77     0.274917     0.586465  
    78     0.272830     0.586890  
    79     0.270617     0.586095  
    80     0.268327     0.585897  
    81     0.266188     0.585585  
    82     0.264238     0.585460  
    83     0.262152     0.585491  
    84     0.260009     0.585666  
    85     0.258049     0.585169  
    86     0.255756     0.585121  
    87     0.253808     0.584836  
    88     0.251882     0.584516  
    89     0.249983     0.584136  
    90     0.248030     0.583686  
    91     0.246256     0.583530  
    92     0.244443     0.583258  
    93     0.242656     0.582932  
    94     0.240936     0.582925  
    95     0.239234     0.582619  
    96     0.237583     0.583644  
    97     0.235683     0.583355  
    98     0.233989     0.583164  
    99     0.232264     0.582822  
   100     0.230474     0.581349  
   101     0.228770     0.581518  
   102     0.227000     0.582474  
   103     0.225332     0.582442  
   104     0.223749     0.583708  
   105     0.222106     0.583779  
   106     0.220453     0.583340  
   107     0.218745     0.582576  
   108     0.217176     0.582345  
   109     0.215814     0.582153  
   110     0.214290     0.582293  
   111     0.212813     0.581913  
   112     0.211393     0.581742  
   113     0.210003     0.581548  
   114     0.208602     0.581424  
   115     0.207249     0.580702  
   116     0.205791     0.580152  
   117     0.204323     0.579786  
   118     0.202894     0.579337  
   119     0.201707     0.579441  
   120     0.200310     0.578886  
   121     0.199007     0.579696  
   122     0.197770     0.580081  
   123     0.196462     0.580348  
   124     0.195014     0.579879  
   125     0.193784     0.580016  
   126     0.192539     0.579963  
   127     0.191214     0.580375  
   128     0.189802     0.579772  
   129     0.188531     0.579770  
   130     0.187219     0.579874  
   131     0.186022     0.580160  
   132     0.184799     0.580383  
   133     0.183594     0.579294  
   134     0.182430     0.579185  
   135     0.181316     0.579111  
   136     0.180175     0.578327  
   137     0.178921     0.577298  
   138     0.177801     0.577201  
   139     0.176702     0.577280  
   140     0.175594     0.577430  
   141     0.174486     0.577092  
   142     0.173281     0.577026  
   143     0.172201     0.577071  
   144     0.171176     0.576639  
   145     0.169978     0.576599  
   146     0.168841     0.576876  
   147     0.167706     0.576702  
   148     0.166636     0.576888  
   149     0.165583     0.576888  
   150     0.164483     0.576832  
   151     0.163409     0.576900  
   152     0.162396     0.577135  
   153     0.161349     0.576901  
   154     0.160381     0.576907  
   155     0.159376     0.576866  
   156     0.158391     0.576923  
   157     0.157432     0.577104  
   158     0.156449     0.577460  
   159     0.155487     0.576978  
   160     0.154504     0.577240  
   161     0.153540     0.576745  
   162     0.152627     0.576373  
   163     0.151678     0.575868  
   164     0.150708     0.575361  
   165     0.149868     0.575856  
   166     0.148960     0.575838  
   167     0.148015     0.575946  
   168     0.147147     0.576582  
   169     0.146345     0.575978  
   170     0.145462     0.576073  
   171     0.144536     0.576060  
   172     0.143687     0.575853  
   173     0.142842     0.575839  
   174     0.142006     0.576316  
   175     0.141094     0.576196  
   176     0.140273     0.576044  
   177     0.139414     0.576160  
   178     0.138509     0.576144  
   179     0.137689     0.576435  
   180     0.136822     0.576495  
   181     0.135983     0.576282  
   182     0.135214     0.576867  
   183     0.134436     0.576370  
   184     0.133655     0.576016  
   185     0.132867     0.576464  
   186     0.132045     0.576177  
   187     0.131288     0.576082  
   188     0.130554     0.576122  
   189     0.129815     0.575631  
   190     0.129078     0.575804  
   191     0.128344     0.575710  
   192     0.127574     0.575532  
   193     0.126840     0.575125  
   194     0.126089     0.574957  
   195     0.125360     0.575027  
   196     0.124583     0.574700  
   197     0.123841     0.574598  
   198     0.123161     0.574539  
   199     0.122383     0.574353  
   200     0.121601     0.574492  
   201     0.120856     0.574475  
   202     0.120141     0.574540  
   203     0.119454     0.574329  
   204     0.118749     0.574395  
   205     0.118087     0.574274  
   206     0.117373     0.573320  
   207     0.116698     0.573199  
   208     0.116053     0.573465  
   209     0.115371     0.573265  
   210     0.114701     0.573524  
   211     0.114076     0.573711  
   212     0.113406     0.573595  
   213     0.112760     0.574068  
   214     0.112168     0.574002  
   215     0.111545     0.574032  
   216     0.110905     0.574068  
   217     0.110283     0.574092  
   218     0.109615     0.574113  
   219     0.109003     0.574115  
   220     0.108352     0.573999  
   221     0.107741     0.573565  
   222     0.107176     0.573359  
   223     0.106589     0.573279  
   224     0.105964     0.573277  
   225     0.105381     0.573266  
   226     0.104762     0.573345  
   227     0.104192     0.573489  
   228     0.103648     0.573432  
   229     0.102979     0.573079  
   230     0.102393     0.572979  
   231     0.101822     0.573132  
   232     0.101266     0.573042  
   233     0.100653     0.572864  
   234     0.100071     0.572641  
   235     0.099502     0.572353  
   236     0.098917     0.572401  
   237     0.098360     0.572025  
   238     0.097773     0.571588  
   239     0.097251     0.571498  
   240     0.096709     0.571860  
   241     0.096177     0.571895  
   242     0.095621     0.572107  
   243     0.095130     0.572416  
   244     0.094604     0.572528  
   245     0.094063     0.572727  
   246     0.093528     0.573215  
   247     0.093001     0.573390  
   248     0.092466     0.573926  
   249     0.091945     0.573631  
   250     0.091434     0.573165  
   251     0.090946     0.573385  
   252     0.090439     0.573522  
   253     0.089911     0.573519  
   254     0.089400     0.572621  
   255     0.088940     0.572534  
   256     0.088444     0.572395  
   257     0.087990     0.572438  
   258     0.087475     0.572369  
   259     0.086998     0.572414  
   260     0.086553     0.572143  
   261     0.086048     0.572222  
   262     0.085595     0.572182  
   263     0.085117     0.571812  
   264     0.084658     0.571327  
   265     0.084240     0.571356  
   266     0.083828     0.571631  
   267     0.083406     0.571781  
   268     0.082926     0.571972  
   269     0.082487     0.571882  
   270     0.082017     0.572065  
   271     0.081583     0.571889  
   272     0.081146     0.571903  
   273     0.080738     0.571668  
   274     0.080307     0.571488  
   275     0.079849     0.571418  
   276     0.079432     0.571305  
   277     0.078990     0.571305  
   278     0.078562     0.571065  
   279     0.078144     0.570869  
   280     0.077731     0.570896  
   281     0.077337     0.571047  
   282     0.076937     0.570869  
   283     0.076562     0.570940  
   284     0.076146     0.570921  
   285     0.075721     0.570828  * best
   286     0.075288     0.570889  
   287     0.074886     0.571220  
   288     0.074450     0.571378  
   289     0.074061     0.572023  
   290     0.073689     0.571836  
   291     0.073306     0.572024  
   292     0.072922     0.571786  
   293     0.072513     0.571723  
   294     0.072158     0.571650  
   295     0.071755     0.571665  
   296     0.071365     0.571933  
   297     0.070996     0.571870  
   298     0.070611     0.571909  
   299     0.070245     0.572065  
   300     0.069859     0.572220  
   301     0.069492     0.572019  
   302     0.069123     0.572168  
   303     0.068766     0.572124  
   304     0.068387     0.571980  
   305     0.067982     0.572342  
   306     0.067648     0.572578  
   307     0.067291     0.572302  
   308     0.066957     0.572425  
   309     0.066650     0.572832  
   310     0.066274     0.573058  
   311     0.065927     0.572817  
   312     0.065584     0.573182  
   313     0.065239     0.573019  
   314     0.064917     0.572682  
   315     0.064590     0.572794  
   316     0.064286     0.572906  
   317     0.063923     0.573185  
   318     0.063596     0.573107  
   319     0.063268     0.573075  
   320     0.062964     0.573260  
   321     0.062628     0.573103  
   322     0.062340     0.573168  
   323     0.062027     0.573128  
   324     0.061687     0.573302  
   325     0.061402     0.573192  
   326     0.061099     0.573417  
   327     0.060782     0.573502  
   328     0.060486     0.573726  
   329     0.060182     0.573738  
   330     0.059873     0.573715  
   331     0.059534     0.573998  
   332     0.059241     0.574042  
   333     0.058949     0.573882  
   334     0.058647     0.573829  
   335     0.058348     0.573985  
   336     0.058045     0.573881  
   337     0.057766     0.573754  
   338     0.057470     0.573780  
   339     0.057191     0.573879  
   340     0.056885     0.573806  
   341     0.056599     0.573709  
   342     0.056351     0.573744  
   343     0.056049     0.573297  
   344     0.055776     0.573673  
   345     0.055480     0.574093  
   346     0.055195     0.574146  
   347     0.054929     0.574158  
   348     0.054660     0.573839  
   349     0.054359     0.573899  
   350     0.054079     0.573972  
   351     0.053781     0.574065  
   352     0.053531     0.574108  
   353     0.053267     0.574203  
   354     0.053017     0.574507  
   355     0.052731     0.574429  
   356     0.052483     0.574214  
   357     0.052211     0.574221  
   358     0.051967     0.574187  
   359     0.051682     0.574268  
   360     0.051409     0.574186  
   361     0.051159     0.574273  
   362     0.050934     0.574220  
   363     0.050665     0.574070  
   364     0.050417     0.574069  
   365     0.050155     0.574090  
   366     0.049904     0.574009  
   367     0.049655     0.573950  
   368     0.049427     0.573921  
   369     0.049151     0.573919  
   370     0.048904     0.573981  
   371     0.048687     0.574059  
   372     0.048426     0.573990  
   373     0.048183     0.574051  
   374     0.047943     0.574010  
   375     0.047691     0.573895  
   376     0.047457     0.573908  
   377     0.047232     0.573898  
   378     0.047007     0.573923  
   379     0.046779     0.573964  
   380     0.046522     0.574102  
   381     0.046304     0.574193  
   382     0.046086     0.574054  
   383     0.045841     0.574053  
   384     0.045612     0.573944  
   385     0.045362     0.573810  
# best iteration 285 (val l2 0.570828)
# Spearman  train +0.9673  val +0.4718  test +0.5723
