# boltz_pooled seed 1
# Boltz pooled blocks, the hook's own feature vector
# input dim 1547, 202,305 parameters
# Linear(n_in,128) -> GELU -> Dropout(0.3) -> Linear(128,32) -> GELU -> Dropout(0.3) -> Linear(32,1)
# Adam lr=0.001 weight_decay=0.0001 batch=32 dropout=0.3
# loss = MSE on standardised log10 half-life
# early stopping on validation loss, patience 40, max 300 epochs
#
 epoch  train_batch        train          val  note
     1     0.627206     0.423959     0.497731  * best
     2     0.458642     0.304013     0.415209  * best
     3     0.388255     0.252825     0.398980  * best
     4     0.338259     0.225947     0.379633  * best
     5     0.310615     0.200570     0.388403  
     6     0.273571     0.170569     0.378819  * best
     7     0.257891     0.154606     0.393533  
     8     0.234389     0.142385     0.385414  
     9     0.220736     0.122264     0.377956  * best
    10     0.209139     0.132978     0.389221  
    11     0.197593     0.108023     0.389274  
    12     0.195645     0.103431     0.376945  * best
    13     0.190106     0.103869     0.387010  
    14     0.175484     0.098338     0.380538  
    15     0.168401     0.080940     0.375713  * best
    16     0.164894     0.087615     0.377471  
    17     0.158566     0.081945     0.378578  
    18     0.158431     0.081074     0.371073  * best
    19     0.151438     0.087038     0.387639  
    20     0.148924     0.071043     0.381016  
    21     0.148108     0.075954     0.385688  
    22     0.142336     0.081862     0.398816  
    23     0.147067     0.073202     0.392358  
    24     0.139773     0.067485     0.381184  
    25     0.133255     0.068804     0.383956  
    26     0.132907     0.054689     0.381698  
    27     0.137214     0.063076     0.378818  
    28     0.131650     0.055220     0.380211  
    29     0.126236     0.064211     0.380728  
    30     0.129917     0.052840     0.382022  
    31     0.126298     0.061851     0.380836  
    32     0.124929     0.053716     0.377716  
    33     0.121587     0.057993     0.388365  
    34     0.121701     0.054974     0.379340  
    35     0.128182     0.063685     0.375049  
    36     0.120195     0.049916     0.385082  
    37     0.119700     0.046191     0.382065  
    38     0.118810     0.049088     0.378555  
    39     0.116994     0.071835     0.401262  
    40     0.119689     0.054004     0.369013  * best
    41     0.116804     0.046067     0.387801  
    42     0.112646     0.071319     0.387253  
    43     0.118488     0.041197     0.387224  
    44     0.109810     0.044814     0.377533  
    45     0.113896     0.046663     0.389023  
    46     0.110722     0.056730     0.373818  
    47     0.113325     0.047748     0.390235  
    48     0.116050     0.050406     0.375170  
    49     0.114222     0.063037     0.390055  
    50     0.114686     0.056742     0.375426  
    51     0.108056     0.044918     0.373972  
    52     0.112867     0.046350     0.380430  
    53     0.106356     0.038903     0.380516  
    54     0.109562     0.047972     0.384744  
    55     0.114176     0.050763     0.391480  
    56     0.111104     0.046754     0.392019  
    57     0.108858     0.043603     0.387268  
    58     0.105654     0.043338     0.393955  
    59     0.106973     0.046437     0.392228  
    60     0.106555     0.037751     0.382219  
    61     0.109290     0.041777     0.380610  
    62     0.101107     0.048058     0.380204  
    63     0.109785     0.042112     0.372786  
    64     0.111514     0.048210     0.383033  
    65     0.106892     0.056011     0.382099  
    66     0.103602     0.034322     0.386933  
    67     0.102685     0.039123     0.380883  
    68     0.100971     0.041241     0.389379  
    69     0.101673     0.048230     0.397104  
    70     0.102205     0.062951     0.408233  
    71     0.108700     0.043568     0.381629  
    72     0.103500     0.043728     0.378386  
    73     0.104527     0.045824     0.384138  
    74     0.103903     0.048845     0.393842  
    75     0.104827     0.041930     0.388617  
    76     0.101765     0.038060     0.386646  
    77     0.103309     0.043486     0.388466  
    78     0.101401     0.041837     0.379098  
    79     0.100034     0.046950     0.388581  
    80     0.102012     0.040753     0.378361  
# stopped at epoch 80: no improvement for 40 epochs
# restored epoch 40 (val MSE 0.369013)
# Spearman  train +0.9715  val +0.8021  test +0.7561
