# bilinear_seq_r64+boltz_pooled seed 0
# rank-64 sequence bilinear, with the pooled Boltz blocks in the head
# inputs [(180,), (680,), (1547,)], 281,921 parameters
# u=Linear(d_pep,64,bias=False); v=Linear(d_groove,64,bias=False); concat[u,v,u*v] + 1547 extra -> Linear(1739,128) -> GELU -> Dropout(0.3) -> Linear(128,32) -> GELU -> Dropout(0.3) -> Linear(32,1)
# Adam lr=0.001 weight_decay=0.0001 batch=32 dropout=0.3
# loss = MSE on standardised log10 half-life
# early stopping on validation loss, patience 40, max 300 epochs
#
 epoch  train_batch        train          val  note
     1     0.608585     0.372252     0.523248  * best
     2     0.424993     0.286267     0.472609  * best
     3     0.351250     0.220058     0.460695  * best
     4     0.291985     0.201690     0.450530  * best
     5     0.250277     0.162599     0.424737  * best
     6     0.229568     0.129865     0.423187  * best
     7     0.196464     0.107871     0.429035  
     8     0.183853     0.100996     0.434671  
     9     0.174880     0.098681     0.448062  
    10     0.156177     0.091199     0.426628  
    11     0.149411     0.091784     0.423709  
    12     0.139707     0.068954     0.434446  
    13     0.137533     0.074491     0.421204  * best
    14     0.131089     0.062536     0.436159  
    15     0.125279     0.060059     0.441071  
    16     0.122799     0.054984     0.444614  
    17     0.115202     0.062518     0.437837  
    18     0.113078     0.063003     0.443014  
    19     0.107232     0.051847     0.454577  
    20     0.108566     0.048671     0.430804  
    21     0.107028     0.044400     0.446114  
    22     0.104882     0.050414     0.472711  
    23     0.105042     0.052412     0.455730  
    24     0.102774     0.059766     0.450278  
    25     0.101362     0.056941     0.440076  
    26     0.099046     0.043243     0.455461  
    27     0.095218     0.047436     0.472530  
    28     0.097361     0.046887     0.465321  
    29     0.095972     0.041853     0.476009  
    30     0.095202     0.040231     0.447137  
    31     0.092151     0.043659     0.449396  
    32     0.090454     0.038468     0.459721  
    33     0.093058     0.044266     0.450319  
    34     0.091583     0.044552     0.445206  
    35     0.091362     0.039293     0.474052  
    36     0.087573     0.038260     0.461531  
    37     0.087176     0.039946     0.450538  
    38     0.086142     0.042257     0.452121  
    39     0.089912     0.035727     0.459444  
    40     0.089201     0.040188     0.441860  
    41     0.089829     0.039217     0.461120  
    42     0.088549     0.042138     0.469659  
    43     0.087518     0.044550     0.441617  
    44     0.088309     0.038180     0.460356  
    45     0.085145     0.077326     0.463686  
    46     0.085507     0.045117     0.454928  
    47     0.083397     0.035388     0.482738  
    48     0.089145     0.035593     0.468959  
    49     0.084942     0.039698     0.493487  
    50     0.082535     0.044065     0.464111  
    51     0.082823     0.039569     0.463502  
    52     0.081935     0.040732     0.461502  
    53     0.082266     0.044371     0.467379  
# stopped at epoch 53: no improvement for 40 epochs
# restored epoch 13 (val MSE 0.421204)
# Spearman  train +0.9686  val +0.7752  test +0.7691
