# gbm_seq+boltz+node seed 0
# boosted trees on seq+boltz+node
# inputs 13927, 1,405 trees
# LightGBM gradient-boosted trees, objective l2, lr 0.05, num_leaves 31, min_data_in_leaf 20, feature_fraction 0.3, bagging 0.8, lambda_l2 1.0, up to 3000 rounds, early stopping 100 on validation l2
# loss = l2 on standardised log10 half-life
#
 round        train          val  note
     1     0.964184     0.977094  
     2     0.930968     0.947065  
     3     0.900499     0.920205  
     4     0.872242     0.894354  
     5     0.845980     0.872542  
     6     0.822073     0.852301  
     7     0.799749     0.832632  
     8     0.777972     0.813485  
     9     0.757609     0.796371  
    10     0.739617     0.781895  
    11     0.720746     0.766215  
    12     0.702622     0.750552  
    13     0.687423     0.737961  
    14     0.671716     0.723602  
    15     0.656767     0.711563  
    16     0.643832     0.700247  
    17     0.631680     0.690752  
    18     0.620130     0.680985  
    19     0.608909     0.672883  
    20     0.597719     0.664114  
    21     0.586145     0.654071  
    22     0.575960     0.645667  
    23     0.566573     0.637981  
    24     0.557623     0.632269  
    25     0.549581     0.626998  
    26     0.541780     0.620957  
    27     0.533600     0.614989  
    28     0.525356     0.609300  
    29     0.518211     0.603911  
    30     0.511144     0.598860  
    31     0.504058     0.592899  
    32     0.497665     0.588762  
    33     0.491445     0.584548  
    34     0.485849     0.581391  
    35     0.479709     0.578106  
    36     0.473933     0.574343  
    37     0.468300     0.571230  
    38     0.463133     0.568433  
    39     0.458183     0.565146  
    40     0.453443     0.562501  
    41     0.448493     0.559015  
    42     0.443113     0.555888  
    43     0.438127     0.552755  
    44     0.433346     0.549960  
    45     0.428742     0.547368  
    46     0.424320     0.544712  
    47     0.420130     0.542246  
    48     0.416072     0.539625  
    49     0.412298     0.536988  
    50     0.408451     0.534527  
    51     0.404614     0.532836  
    52     0.400729     0.530657  
    53     0.397340     0.529508  
    54     0.393943     0.528124  
    55     0.390605     0.526915  
    56     0.387148     0.524975  
    57     0.383635     0.522872  
    58     0.380238     0.520962  
    59     0.376629     0.518733  
    60     0.373722     0.517585  
    61     0.370724     0.516060  
    62     0.367791     0.514897  
    63     0.364646     0.513227  
    64     0.361705     0.512181  
    65     0.358781     0.510886  
    66     0.356004     0.509791  
    67     0.353214     0.508937  
    68     0.350488     0.507797  
    69     0.347571     0.506566  
    70     0.344973     0.505622  
    71     0.342168     0.504331  
    72     0.339378     0.502730  
    73     0.336666     0.501073  
    74     0.334274     0.500489  
    75     0.331711     0.499784  
    76     0.329258     0.499050  
    77     0.326721     0.497505  
    78     0.324092     0.496400  
    79     0.321741     0.495692  
    80     0.319379     0.495082  
    81     0.316856     0.493946  
    82     0.314682     0.493561  
    83     0.312491     0.492579  
    84     0.310162     0.491127  
    85     0.308092     0.490312  
    86     0.305883     0.489332  
    87     0.303654     0.487965  
    88     0.301329     0.486830  
    89     0.299260     0.485952  
    90     0.297284     0.485030  
    91     0.295129     0.484054  
    92     0.292865     0.482804  
    93     0.290857     0.482420  
    94     0.288906     0.481718  
    95     0.286918     0.480232  
    96     0.284921     0.479808  
    97     0.282917     0.478790  
    98     0.280914     0.477680  
    99     0.278870     0.476482  
   100     0.276890     0.475866  
   101     0.275057     0.475713  
   102     0.273098     0.474796  
   103     0.271249     0.473838  
   104     0.269425     0.473098  
   105     0.267582     0.472210  
   106     0.265699     0.471546  
   107     0.263994     0.470989  
   108     0.262274     0.470365  
   109     0.260510     0.469905  
   110     0.258798     0.469302  
   111     0.257148     0.469127  
   112     0.255442     0.468865  
   113     0.253758     0.468328  
   114     0.252084     0.468035  
   115     0.250335     0.467478  
   116     0.248646     0.466896  
   117     0.247089     0.466747  
   118     0.245458     0.466447  
   119     0.243977     0.466184  
   120     0.242520     0.466008  
   121     0.240955     0.465640  
   122     0.239418     0.465087  
   123     0.237865     0.464439  
   124     0.236397     0.463948  
   125     0.234762     0.463332  
   126     0.233250     0.462694  
   127     0.231845     0.462332  
   128     0.230387     0.461644  
   129     0.229031     0.461388  
   130     0.227690     0.460849  
   131     0.226378     0.460418  
   132     0.225011     0.459988  
   133     0.223654     0.458984  
   134     0.222360     0.458764  
   135     0.221039     0.458389  
   136     0.219743     0.457815  
   137     0.218374     0.457873  
   138     0.217113     0.457627  
   139     0.215769     0.457103  
   140     0.214498     0.456796  
   141     0.213171     0.456414  
   142     0.211844     0.456114  
   143     0.210550     0.455511  
   144     0.209207     0.454926  
   145     0.207971     0.454436  
   146     0.206774     0.453969  
   147     0.205485     0.453654  
   148     0.204263     0.453357  
   149     0.202990     0.453249  
   150     0.201819     0.453310  
   151     0.200677     0.452918  
   152     0.199384     0.452732  
   153     0.198198     0.452314  
   154     0.196957     0.451889  
   155     0.195824     0.451641  
   156     0.194696     0.451512  
   157     0.193594     0.451164  
   158     0.192473     0.450717  
   159     0.191347     0.450329  
   160     0.190289     0.449744  
   161     0.189212     0.449710  
   162     0.188076     0.449644  
   163     0.186966     0.449338  
   164     0.185847     0.449172  
   165     0.184821     0.449122  
   166     0.183768     0.448771  
   167     0.182653     0.448305  
   168     0.181544     0.448052  
   169     0.180460     0.447741  
   170     0.179405     0.447679  
   171     0.178338     0.447527  
   172     0.177345     0.447149  
   173     0.176354     0.446858  
   174     0.175372     0.446822  
   175     0.174266     0.446528  
   176     0.173167     0.446023  
   177     0.172199     0.445785  
   178     0.171287     0.445857  
   179     0.170254     0.445709  
   180     0.169248     0.445393  
   181     0.168253     0.444903  
   182     0.167317     0.444635  
   183     0.166344     0.444352  
   184     0.165407     0.444167  
   185     0.164508     0.444137  
   186     0.163603     0.443925  
   187     0.162682     0.443532  
   188     0.161735     0.443598  
   189     0.160777     0.443514  
   190     0.159886     0.443181  
   191     0.158985     0.443168  
   192     0.158060     0.442948  
   193     0.157135     0.442848  
   194     0.156299     0.442748  
   195     0.155494     0.442680  
   196     0.154561     0.442469  
   197     0.153757     0.442363  
   198     0.152961     0.442139  
   199     0.152132     0.441752  
   200     0.151339     0.441314  
   201     0.150532     0.441138  
   202     0.149686     0.441036  
   203     0.148939     0.440972  
   204     0.148149     0.440786  
   205     0.147388     0.440754  
   206     0.146571     0.440635  
   207     0.145810     0.440543  
   208     0.145008     0.440172  
   209     0.144224     0.439928  
   210     0.143424     0.439824  
   211     0.142663     0.439761  
   212     0.141962     0.439697  
   213     0.141191     0.439361  
   214     0.140511     0.439130  
   215     0.139728     0.439160  
   216     0.139010     0.439022  
   217     0.138279     0.438726  
   218     0.137529     0.438546  
   219     0.136819     0.438799  
   220     0.136086     0.438640  
   221     0.135354     0.438268  
   222     0.134649     0.438122  
   223     0.133924     0.438058  
   224     0.133142     0.437489  
   225     0.132477     0.437385  
   226     0.131805     0.437158  
   227     0.131124     0.436987  
   228     0.130408     0.436889  
   229     0.129712     0.436998  
   230     0.129047     0.436630  
   231     0.128390     0.436753  
   232     0.127757     0.436705  
   233     0.127185     0.436797  
   234     0.126557     0.436644  
   235     0.125890     0.436736  
   236     0.125227     0.436643  
   237     0.124556     0.436664  
   238     0.123888     0.436295  
   239     0.123259     0.436433  
   240     0.122641     0.436402  
   241     0.122020     0.436356  
   242     0.121395     0.436172  
   243     0.120723     0.436211  
   244     0.120072     0.435975  
   245     0.119422     0.435764  
   246     0.118760     0.435645  
   247     0.118204     0.435656  
   248     0.117558     0.435519  
   249     0.116978     0.435069  
   250     0.116353     0.435146  
   251     0.115728     0.435089  
   252     0.115133     0.434919  
   253     0.114574     0.434942  
   254     0.113985     0.434772  
   255     0.113391     0.434919  
   256     0.112838     0.434859  
   257     0.112274     0.434745  
   258     0.111717     0.434813  
   259     0.111188     0.434772  
   260     0.110632     0.434774  
   261     0.110076     0.434651  
   262     0.109506     0.434563  
   263     0.108973     0.434588  
   264     0.108394     0.434683  
   265     0.107831     0.434626  
   266     0.107269     0.434491  
   267     0.106728     0.434423  
   268     0.106155     0.434215  
   269     0.105637     0.434361  
   270     0.105091     0.434271  
   271     0.104574     0.434314  
   272     0.104037     0.434543  
   273     0.103446     0.434722  
   274     0.102866     0.434510  
   275     0.102328     0.434505  
   276     0.101851     0.434230  
   277     0.101302     0.434061  
   278     0.100788     0.433911  
   279     0.100315     0.433533  
   280     0.099807     0.433271  
   281     0.099292     0.433257  
   282     0.098777     0.433278  
   283     0.098298     0.433119  
   284     0.097771     0.432841  
   285     0.097316     0.432874  
   286     0.096840     0.432997  
   287     0.096301     0.433061  
   288     0.095842     0.433124  
   289     0.095314     0.433047  
   290     0.094808     0.432939  
   291     0.094336     0.432882  
   292     0.093883     0.432795  
   293     0.093424     0.432703  
   294     0.092974     0.432506  
   295     0.092567     0.432673  
   296     0.092090     0.432727  
   297     0.091594     0.432646  
   298     0.091166     0.432693  
   299     0.090661     0.432579  
   300     0.090197     0.432686  
   301     0.089753     0.432481  
   302     0.089318     0.432403  
   303     0.088874     0.432348  
   304     0.088434     0.432303  
   305     0.088019     0.431938  
   306     0.087571     0.431681  
   307     0.087119     0.431360  
   308     0.086671     0.431167  
   309     0.086228     0.431029  
   310     0.085795     0.430942  
   311     0.085370     0.430699  
   312     0.084893     0.430807  
   313     0.084482     0.430694  
   314     0.084075     0.430642  
   315     0.083688     0.430792  
   316     0.083306     0.430698  
   317     0.082902     0.430695  
   318     0.082472     0.430644  
   319     0.082037     0.430615  
   320     0.081600     0.430573  
   321     0.081210     0.430625  
   322     0.080816     0.430569  
   323     0.080421     0.430372  
   324     0.080027     0.430376  
   325     0.079644     0.430420  
   326     0.079238     0.430326  
   327     0.078836     0.430224  
   328     0.078494     0.430001  
   329     0.078133     0.429858  
   330     0.077765     0.429881  
   331     0.077405     0.429814  
   332     0.077017     0.429744  
   333     0.076638     0.429529  
   334     0.076265     0.429564  
   335     0.075883     0.429571  
   336     0.075534     0.429552  
   337     0.075177     0.429631  
   338     0.074854     0.429707  
   339     0.074481     0.429550  
   340     0.074145     0.429503  
   341     0.073803     0.429535  
   342     0.073422     0.429567  
   343     0.073049     0.429600  
   344     0.072684     0.429584  
   345     0.072333     0.429686  
   346     0.071977     0.429664  
   347     0.071634     0.429512  
   348     0.071279     0.429444  
   349     0.070906     0.429399  
   350     0.070571     0.429447  
   351     0.070247     0.429605  
   352     0.069922     0.429732  
   353     0.069604     0.429678  
   354     0.069278     0.429771  
   355     0.068960     0.429602  
   356     0.068612     0.429386  
   357     0.068290     0.429427  
   358     0.067960     0.429447  
   359     0.067621     0.429393  
   360     0.067332     0.429380  
   361     0.066999     0.429395  
   362     0.066680     0.429271  
   363     0.066341     0.429417  
   364     0.066025     0.429476  
   365     0.065689     0.429454  
   366     0.065379     0.429488  
   367     0.065049     0.429339  
   368     0.064735     0.429306  
   369     0.064405     0.429145  
   370     0.064114     0.429050  
   371     0.063809     0.429121  
   372     0.063523     0.429003  
   373     0.063244     0.428902  
   374     0.062944     0.428782  
   375     0.062664     0.428689  
   376     0.062352     0.428779  
   377     0.062068     0.428739  
   378     0.061739     0.428770  
   379     0.061427     0.428591  
   380     0.061142     0.428505  
   381     0.060869     0.428514  
   382     0.060556     0.428382  
   383     0.060283     0.428509  
   384     0.059990     0.428440  
   385     0.059694     0.428390  
   386     0.059428     0.428396  
   387     0.059136     0.428354  
   388     0.058842     0.428218  
   389     0.058566     0.428162  
   390     0.058300     0.428162  
   391     0.058000     0.428052  
   392     0.057707     0.428059  
   393     0.057433     0.427911  
   394     0.057181     0.428017  
   395     0.056896     0.428018  
   396     0.056624     0.427974  
   397     0.056373     0.427764  
   398     0.056096     0.427838  
   399     0.055824     0.427943  
   400     0.055571     0.427702  
   401     0.055347     0.427548  
   402     0.055088     0.427280  
   403     0.054824     0.427298  
   404     0.054553     0.427096  
   405     0.054312     0.426998  
   406     0.054054     0.427056  
   407     0.053778     0.427082  
   408     0.053536     0.427042  
   409     0.053298     0.426879  
   410     0.053036     0.426831  
   411     0.052778     0.426760  
   412     0.052540     0.426671  
   413     0.052319     0.426553  
   414     0.052079     0.426573  
   415     0.051838     0.426530  
   416     0.051566     0.426390  
   417     0.051311     0.426388  
   418     0.051053     0.426232  
   419     0.050823     0.426164  
   420     0.050614     0.426116  
   421     0.050407     0.426122  
   422     0.050183     0.426118  
   423     0.049956     0.426140  
   424     0.049728     0.426214  
   425     0.049506     0.426044  
   426     0.049306     0.425999  
   427     0.049051     0.426071  
   428     0.048824     0.426043  
   429     0.048609     0.425864  
   430     0.048400     0.425908  
   431     0.048182     0.425881  
   432     0.047947     0.425801  
   433     0.047727     0.425825  
   434     0.047518     0.425828  
   435     0.047302     0.425820  
   436     0.047095     0.425815  
   437     0.046892     0.425799  
   438     0.046713     0.425696  
   439     0.046488     0.425571  
   440     0.046260     0.425468  
   441     0.046051     0.425426  
   442     0.045834     0.425537  
   443     0.045638     0.425496  
   444     0.045420     0.425613  
   445     0.045197     0.425529  
   446     0.044973     0.425528  
   447     0.044763     0.425414  
   448     0.044558     0.425398  
   449     0.044351     0.425432  
   450     0.044135     0.425402  
   451     0.043944     0.425241  
   452     0.043758     0.425068  
   453     0.043539     0.425018  
   454     0.043354     0.424964  
   455     0.043151     0.424945  
   456     0.042947     0.424926  
   457     0.042766     0.424979  
   458     0.042583     0.424874  
   459     0.042368     0.424913  
   460     0.042177     0.424897  
   461     0.041993     0.424875  
   462     0.041805     0.424990  
   463     0.041611     0.424920  
   464     0.041411     0.424849  
   465     0.041214     0.424734  
   466     0.041041     0.424727  
   467     0.040884     0.424681  
   468     0.040716     0.424777  
   469     0.040533     0.424838  
   470     0.040359     0.424973  
   471     0.040183     0.424887  
   472     0.040000     0.424847  
   473     0.039813     0.424841  
   474     0.039623     0.424886  
   475     0.039447     0.424737  
   476     0.039278     0.424678  
   477     0.039108     0.424756  
   478     0.038936     0.424737  
   479     0.038775     0.424542  
   480     0.038609     0.424592  
   481     0.038418     0.424559  
   482     0.038209     0.424670  
   483     0.038025     0.424527  
   484     0.037851     0.424521  
   485     0.037678     0.424500  
   486     0.037513     0.424536  
   487     0.037353     0.424567  
   488     0.037185     0.424550  
   489     0.037020     0.424578  
   490     0.036843     0.424666  
   491     0.036667     0.424775  
   492     0.036487     0.424771  
   493     0.036328     0.424873  
   494     0.036146     0.424874  
   495     0.035963     0.424733  
   496     0.035791     0.424637  
   497     0.035635     0.424617  
   498     0.035470     0.424681  
   499     0.035312     0.424644  
   500     0.035150     0.424544  
   501     0.034998     0.424579  
   502     0.034837     0.424593  
   503     0.034675     0.424566  
   504     0.034511     0.424465  
   505     0.034351     0.424471  
   506     0.034194     0.424414  
   507     0.034040     0.424376  
   508     0.033875     0.424388  
   509     0.033734     0.424411  
   510     0.033576     0.424318  
   511     0.033431     0.424154  
   512     0.033278     0.424033  
   513     0.033132     0.424028  
   514     0.033002     0.424021  
   515     0.032870     0.424097  
   516     0.032729     0.424032  
   517     0.032585     0.424126  
   518     0.032429     0.424068  
   519     0.032290     0.423974  
   520     0.032148     0.423942  
   521     0.031999     0.423827  
   522     0.031860     0.423962  
   523     0.031708     0.423912  
   524     0.031566     0.423953  
   525     0.031415     0.423931  
   526     0.031274     0.423985  
   527     0.031133     0.423946  
   528     0.030991     0.423976  
   529     0.030856     0.423911  
   530     0.030726     0.423767  
   531     0.030583     0.423712  
   532     0.030440     0.423749  
   533     0.030298     0.423890  
   534     0.030158     0.423765  
   535     0.030021     0.423778  
   536     0.029892     0.423860  
   537     0.029764     0.423838  
   538     0.029628     0.423726  
   539     0.029505     0.423655  
   540     0.029374     0.423580  
   541     0.029249     0.423574  
   542     0.029121     0.423604  
   543     0.028993     0.423598  
   544     0.028870     0.423664  
   545     0.028748     0.423748  
   546     0.028618     0.423758  
   547     0.028488     0.423653  
   548     0.028359     0.423634  
   549     0.028243     0.423669  
   550     0.028114     0.423565  
   551     0.027988     0.423621  
   552     0.027853     0.423361  
   553     0.027726     0.423322  
   554     0.027609     0.423305  
   555     0.027482     0.423269  
   556     0.027364     0.423271  
   557     0.027246     0.423258  
   558     0.027132     0.423291  
   559     0.027007     0.423250  
   560     0.026883     0.423283  
   561     0.026769     0.423315  
   562     0.026643     0.423334  
   563     0.026531     0.423341  
   564     0.026410     0.423357  
   565     0.026302     0.423292  
   566     0.026197     0.423248  
   567     0.026094     0.423251  
   568     0.025968     0.423216  
   569     0.025862     0.423160  
   570     0.025748     0.423165  
   571     0.025645     0.423175  
   572     0.025527     0.423172  
   573     0.025417     0.423197  
   574     0.025312     0.423133  
   575     0.025200     0.423130  
   576     0.025088     0.423129  
   577     0.024970     0.423087  
   578     0.024862     0.423123  
   579     0.024746     0.423040  
   580     0.024640     0.423005  
   581     0.024539     0.422944  
   582     0.024441     0.422946  
   583     0.024330     0.422888  
   584     0.024216     0.422868  
   585     0.024101     0.422985  
   586     0.023996     0.422954  
   587     0.023892     0.422982  
   588     0.023787     0.422918  
   589     0.023678     0.422857  
   590     0.023571     0.422890  
   591     0.023468     0.422816  
   592     0.023363     0.422779  
   593     0.023251     0.422728  
   594     0.023141     0.422758  
   595     0.023038     0.422786  
   596     0.022941     0.422823  
   597     0.022840     0.422726  
   598     0.022744     0.422733  
   599     0.022631     0.422802  
   600     0.022541     0.422841  
   601     0.022433     0.422927  
   602     0.022339     0.422883  
   603     0.022256     0.422851  
   604     0.022159     0.422747  
   605     0.022068     0.422785  
   606     0.021982     0.422803  
   607     0.021885     0.422758  
   608     0.021790     0.422626  
   609     0.021691     0.422506  
   610     0.021607     0.422453  
   611     0.021508     0.422461  
   612     0.021414     0.422502  
   613     0.021314     0.422471  
   614     0.021216     0.422404  
   615     0.021113     0.422325  
   616     0.021031     0.422296  
   617     0.020936     0.422299  
   618     0.020849     0.422181  
   619     0.020764     0.422128  
   620     0.020677     0.422089  
   621     0.020590     0.422091  
   622     0.020493     0.422081  
   623     0.020404     0.422039  
   624     0.020315     0.422063  
   625     0.020230     0.422012  
   626     0.020148     0.422049  
   627     0.020057     0.422040  
   628     0.019978     0.422058  
   629     0.019896     0.422066  
   630     0.019807     0.422099  
   631     0.019730     0.422088  
   632     0.019640     0.422013  
   633     0.019557     0.422002  
   634     0.019469     0.421932  
   635     0.019379     0.421915  
   636     0.019301     0.421885  
   637     0.019219     0.421885  
   638     0.019129     0.421835  
   639     0.019059     0.421806  
   640     0.018973     0.421754  
   641     0.018887     0.421788  
   642     0.018800     0.421745  
   643     0.018724     0.421795  
   644     0.018636     0.421646  
   645     0.018562     0.421755  
   646     0.018478     0.421693  
   647     0.018400     0.421728  
   648     0.018326     0.421688  
   649     0.018243     0.421616  
   650     0.018175     0.421607  
   651     0.018095     0.421559  
   652     0.018025     0.421522  
   653     0.017946     0.421447  
   654     0.017873     0.421443  
   655     0.017801     0.421430  
   656     0.017718     0.421396  
   657     0.017634     0.421385  
   658     0.017562     0.421335  
   659     0.017493     0.421370  
   660     0.017421     0.421424  
   661     0.017340     0.421458  
   662     0.017265     0.421454  
   663     0.017182     0.421429  
   664     0.017103     0.421349  
   665     0.017031     0.421326  
   666     0.016956     0.421242  
   667     0.016890     0.421194  
   668     0.016824     0.421236  
   669     0.016749     0.421302  
   670     0.016675     0.421298  
   671     0.016608     0.421307  
   672     0.016539     0.421248  
   673     0.016469     0.421244  
   674     0.016399     0.421307  
   675     0.016320     0.421311  
   676     0.016254     0.421396  
   677     0.016182     0.421340  
   678     0.016124     0.421419  
   679     0.016054     0.421399  
   680     0.015987     0.421411  
   681     0.015919     0.421369  
   682     0.015856     0.421336  
   683     0.015791     0.421277  
   684     0.015726     0.421276  
   685     0.015654     0.421310  
   686     0.015584     0.421313  
   687     0.015518     0.421234  
   688     0.015438     0.421189  
   689     0.015375     0.421197  
   690     0.015306     0.421205  
   691     0.015239     0.421228  
   692     0.015172     0.421182  
   693     0.015113     0.421180  
   694     0.015047     0.421098  
   695     0.014985     0.421078  
   696     0.014925     0.421015  
   697     0.014864     0.420913  
   698     0.014806     0.420927  
   699     0.014741     0.420894  
   700     0.014681     0.420965  
   701     0.014620     0.420930  
   702     0.014555     0.420979  
   703     0.014491     0.420983  
   704     0.014421     0.420952  
   705     0.014364     0.420943  
   706     0.014300     0.420940  
   707     0.014243     0.420899  
   708     0.014188     0.420883  
   709     0.014128     0.420891  
   710     0.014064     0.420859  
   711     0.014009     0.420904  
   712     0.013947     0.420918  
   713     0.013890     0.420948  
   714     0.013832     0.420880  
   715     0.013775     0.420871  
   716     0.013712     0.420883  
   717     0.013652     0.420918  
   718     0.013599     0.420936  
   719     0.013543     0.420945  
   720     0.013485     0.420909  
   721     0.013422     0.420920  
   722     0.013368     0.420850  
   723     0.013305     0.420826  
   724     0.013246     0.420829  
   725     0.013185     0.420818  
   726     0.013136     0.420892  
   727     0.013087     0.420909  
   728     0.013035     0.420871  
   729     0.012974     0.420924  
   730     0.012914     0.420853  
   731     0.012865     0.420776  
   732     0.012808     0.420735  
   733     0.012750     0.420640  
   734     0.012693     0.420674  
   735     0.012629     0.420570  
   736     0.012575     0.420559  
   737     0.012528     0.420490  
   738     0.012474     0.420436  
   739     0.012415     0.420335  
   740     0.012368     0.420326  
   741     0.012315     0.420297  
   742     0.012264     0.420285  
   743     0.012208     0.420322  
   744     0.012156     0.420304  
   745     0.012105     0.420264  
   746     0.012060     0.420236  
   747     0.012013     0.420166  
   748     0.011963     0.420085  
   749     0.011917     0.420069  
   750     0.011865     0.420073  
   751     0.011820     0.420103  
   752     0.011767     0.420099  
   753     0.011715     0.420075  
   754     0.011669     0.420158  
   755     0.011618     0.420177  
   756     0.011566     0.420201  
   757     0.011517     0.420226  
   758     0.011468     0.420174  
   759     0.011420     0.420159  
   760     0.011376     0.420189  
   761     0.011331     0.420221  
   762     0.011283     0.420181  
   763     0.011228     0.420136  
   764     0.011183     0.420127  
   765     0.011133     0.420093  
   766     0.011085     0.420070  
   767     0.011043     0.420099  
   768     0.010996     0.420083  
   769     0.010950     0.420091  
   770     0.010903     0.420089  
   771     0.010854     0.420100  
   772     0.010804     0.420055  
   773     0.010759     0.420113  
   774     0.010713     0.420127  
   775     0.010674     0.420117  
   776     0.010625     0.420121  
   777     0.010573     0.420146  
   778     0.010530     0.420116  
   779     0.010489     0.420083  
   780     0.010445     0.420080  
   781     0.010407     0.420102  
   782     0.010362     0.420030  
   783     0.010314     0.420066  
   784     0.010267     0.420081  
   785     0.010221     0.420043  
   786     0.010180     0.420062  
   787     0.010136     0.420036  
   788     0.010092     0.420033  
   789     0.010051     0.420001  
   790     0.010010     0.419996  
   791     0.009966     0.420008  
   792     0.009927     0.420028  
   793     0.009884     0.420079  
   794     0.009840     0.420075  
   795     0.009794     0.420133  
   796     0.009759     0.420117  
   797     0.009720     0.420075  
   798     0.009680     0.420065  
   799     0.009637     0.420053  
   800     0.009597     0.420018  
   801     0.009552     0.420046  
   802     0.009513     0.420036  
   803     0.009472     0.420023  
   804     0.009437     0.420050  
   805     0.009400     0.420084  
   806     0.009358     0.420062  
   807     0.009320     0.420049  
   808     0.009284     0.420023  
   809     0.009244     0.420031  
   810     0.009205     0.420083  
   811     0.009166     0.420066  
   812     0.009129     0.420080  
   813     0.009091     0.420127  
   814     0.009056     0.420067  
   815     0.009015     0.420104  
   816     0.008979     0.420160  
   817     0.008941     0.420194  
   818     0.008904     0.420139  
   819     0.008868     0.420142  
   820     0.008832     0.420149  
   821     0.008795     0.420107  
   822     0.008759     0.420063  
   823     0.008726     0.420040  
   824     0.008692     0.420033  
   825     0.008653     0.420051  
   826     0.008615     0.420052  
   827     0.008581     0.420010  
   828     0.008547     0.420008  
   829     0.008512     0.420009  
   830     0.008476     0.419998  
   831     0.008436     0.419979  
   832     0.008405     0.419970  
   833     0.008367     0.419962  
   834     0.008331     0.419983  
   835     0.008293     0.419938  
   836     0.008260     0.419973  
   837     0.008225     0.419993  
   838     0.008194     0.419959  
   839     0.008161     0.419920  
   840     0.008130     0.419925  
   841     0.008098     0.419955  
   842     0.008067     0.419961  
   843     0.008037     0.419928  
   844     0.008003     0.419934  
   845     0.007964     0.419970  
   846     0.007934     0.419985  
   847     0.007901     0.420031  
   848     0.007867     0.420034  
   849     0.007831     0.420023  
   850     0.007797     0.420037  
   851     0.007767     0.419979  
   852     0.007733     0.419925  
   853     0.007699     0.419937  
   854     0.007667     0.419925  
   855     0.007633     0.419916  
   856     0.007606     0.419869  
   857     0.007577     0.419828  
   858     0.007543     0.419840  
   859     0.007516     0.419773  
   860     0.007486     0.419796  
   861     0.007458     0.419772  
   862     0.007423     0.419763  
   863     0.007394     0.419721  
   864     0.007367     0.419709  
   865     0.007337     0.419700  
   866     0.007305     0.419684  
   867     0.007272     0.419669  
   868     0.007240     0.419670  
   869     0.007206     0.419714  
   870     0.007175     0.419657  
   871     0.007143     0.419656  
   872     0.007111     0.419656  
   873     0.007084     0.419623  
   874     0.007056     0.419576  
   875     0.007023     0.419571  
   876     0.006995     0.419566  
   877     0.006967     0.419581  
   878     0.006941     0.419575  
   879     0.006913     0.419583  
   880     0.006884     0.419579  
   881     0.006856     0.419550  
   882     0.006829     0.419530  
   883     0.006805     0.419562  
   884     0.006781     0.419514  
   885     0.006753     0.419444  
   886     0.006723     0.419407  
   887     0.006697     0.419415  
   888     0.006670     0.419382  
   889     0.006641     0.419363  
   890     0.006610     0.419407  
   891     0.006586     0.419357  
   892     0.006559     0.419366  
   893     0.006534     0.419366  
   894     0.006505     0.419373  
   895     0.006480     0.419394  
   896     0.006452     0.419375  
   897     0.006425     0.419436  
   898     0.006396     0.419464  
   899     0.006369     0.419482  
   900     0.006343     0.419445  
   901     0.006319     0.419473  
   902     0.006296     0.419491  
   903     0.006273     0.419515  
   904     0.006246     0.419459  
   905     0.006218     0.419433  
   906     0.006194     0.419418  
   907     0.006172     0.419414  
   908     0.006145     0.419411  
   909     0.006119     0.419457  
   910     0.006092     0.419497  
   911     0.006069     0.419494  
   912     0.006044     0.419469  
   913     0.006018     0.419484  
   914     0.005996     0.419497  
   915     0.005973     0.419531  
   916     0.005950     0.419509  
   917     0.005924     0.419465  
   918     0.005898     0.419464  
   919     0.005873     0.419446  
   920     0.005847     0.419421  
   921     0.005823     0.419426  
   922     0.005801     0.419408  
   923     0.005778     0.419376  
   924     0.005755     0.419359  
   925     0.005732     0.419319  
   926     0.005709     0.419325  
   927     0.005688     0.419297  
   928     0.005666     0.419246  
   929     0.005642     0.419267  
   930     0.005620     0.419232  
   931     0.005600     0.419214  
   932     0.005576     0.419219  
   933     0.005554     0.419252  
   934     0.005527     0.419244  
   935     0.005504     0.419233  
   936     0.005482     0.419189  
   937     0.005460     0.419208  
   938     0.005438     0.419186  
   939     0.005417     0.419208  
   940     0.005397     0.419201  
   941     0.005378     0.419189  
   942     0.005356     0.419198  
   943     0.005334     0.419214  
   944     0.005313     0.419197  
   945     0.005291     0.419229  
   946     0.005270     0.419257  
   947     0.005247     0.419231  
   948     0.005226     0.419178  
   949     0.005204     0.419146  
   950     0.005184     0.419118  
   951     0.005163     0.419130  
   952     0.005144     0.419102  
   953     0.005121     0.419155  
   954     0.005101     0.419129  
   955     0.005082     0.419131  
   956     0.005062     0.419151  
   957     0.005043     0.419185  
   958     0.005023     0.419201  
   959     0.005004     0.419207  
   960     0.004982     0.419149  
   961     0.004962     0.419137  
   962     0.004944     0.419115  
   963     0.004925     0.419100  
   964     0.004905     0.419101  
   965     0.004884     0.419076  
   966     0.004864     0.419120  
   967     0.004845     0.419113  
   968     0.004825     0.419117  
   969     0.004805     0.419134  
   970     0.004786     0.419155  
   971     0.004767     0.419167  
   972     0.004746     0.419140  
   973     0.004724     0.419101  
   974     0.004704     0.419092  
   975     0.004687     0.419099  
   976     0.004667     0.419094  
   977     0.004648     0.419097  
   978     0.004628     0.419129  
   979     0.004608     0.419119  
   980     0.004589     0.419173  
   981     0.004572     0.419173  
   982     0.004556     0.419173  
   983     0.004537     0.419172  
   984     0.004517     0.419128  
   985     0.004501     0.419134  
   986     0.004482     0.419111  
   987     0.004464     0.419148  
   988     0.004446     0.419133  
   989     0.004428     0.419142  
   990     0.004409     0.419121  
   991     0.004390     0.419136  
   992     0.004374     0.419114  
   993     0.004357     0.419111  
   994     0.004340     0.419098  
   995     0.004323     0.419057  
   996     0.004305     0.419062  
   997     0.004289     0.419053  
   998     0.004271     0.419058  
   999     0.004253     0.419034  
  1000     0.004236     0.419029  
  1001     0.004219     0.419031  
  1002     0.004203     0.418998  
  1003     0.004188     0.418987  
  1004     0.004172     0.418999  
  1005     0.004155     0.418999  
  1006     0.004137     0.418982  
  1007     0.004118     0.419009  
  1008     0.004103     0.419007  
  1009     0.004087     0.419015  
  1010     0.004071     0.419010  
  1011     0.004055     0.419013  
  1012     0.004040     0.418985  
  1013     0.004023     0.418975  
  1014     0.004007     0.418959  
  1015     0.003991     0.418955  
  1016     0.003973     0.418965  
  1017     0.003957     0.418975  
  1018     0.003942     0.418954  
  1019     0.003926     0.418935  
  1020     0.003909     0.418943  
  1021     0.003895     0.418952  
  1022     0.003879     0.418953  
  1023     0.003865     0.418966  
  1024     0.003848     0.418969  
  1025     0.003834     0.418981  
  1026     0.003819     0.418985  
  1027     0.003802     0.418978  
  1028     0.003787     0.418956  
  1029     0.003773     0.418955  
  1030     0.003759     0.418932  
  1031     0.003744     0.418917  
  1032     0.003728     0.418936  
  1033     0.003714     0.418979  
  1034     0.003698     0.418943  
  1035     0.003683     0.418960  
  1036     0.003669     0.418945  
  1037     0.003655     0.418965  
  1038     0.003638     0.418973  
  1039     0.003624     0.418975  
  1040     0.003610     0.418988  
  1041     0.003596     0.419015  
  1042     0.003583     0.419030  
  1043     0.003569     0.419009  
  1044     0.003554     0.419028  
  1045     0.003538     0.419034  
  1046     0.003526     0.419033  
  1047     0.003512     0.418991  
  1048     0.003499     0.418992  
  1049     0.003484     0.418997  
  1050     0.003469     0.418993  
  1051     0.003456     0.418956  
  1052     0.003440     0.418973  
  1053     0.003427     0.418976  
  1054     0.003413     0.418958  
  1055     0.003400     0.418943  
  1056     0.003389     0.418976  
  1057     0.003375     0.418968  
  1058     0.003360     0.418948  
  1059     0.003347     0.418925  
  1060     0.003330     0.418882  
  1061     0.003316     0.418845  
  1062     0.003304     0.418866  
  1063     0.003291     0.418905  
  1064     0.003280     0.418867  
  1065     0.003265     0.418851  
  1066     0.003252     0.418825  
  1067     0.003241     0.418805  
  1068     0.003228     0.418795  
  1069     0.003214     0.418808  
  1070     0.003201     0.418820  
  1071     0.003189     0.418804  
  1072     0.003176     0.418829  
  1073     0.003163     0.418834  
  1074     0.003149     0.418825  
  1075     0.003137     0.418817  
  1076     0.003124     0.418811  
  1077     0.003110     0.418816  
  1078     0.003097     0.418811  
  1079     0.003085     0.418811  
  1080     0.003074     0.418824  
  1081     0.003062     0.418790  
  1082     0.003050     0.418805  
  1083     0.003037     0.418829  
  1084     0.003024     0.418818  
  1085     0.003011     0.418823  
  1086     0.002998     0.418805  
  1087     0.002984     0.418797  
  1088     0.002971     0.418750  
  1089     0.002960     0.418710  
  1090     0.002950     0.418718  
  1091     0.002939     0.418703  
  1092     0.002928     0.418706  
  1093     0.002915     0.418708  
  1094     0.002905     0.418729  
  1095     0.002894     0.418748  
  1096     0.002882     0.418745  
  1097     0.002871     0.418727  
  1098     0.002859     0.418721  
  1099     0.002848     0.418713  
  1100     0.002837     0.418726  
  1101     0.002825     0.418734  
  1102     0.002815     0.418748  
  1103     0.002803     0.418761  
  1104     0.002790     0.418763  
  1105     0.002781     0.418718  
  1106     0.002771     0.418709  
  1107     0.002760     0.418704  
  1108     0.002749     0.418729  
  1109     0.002738     0.418717  
  1110     0.002726     0.418707  
  1111     0.002716     0.418698  
  1112     0.002706     0.418704  
  1113     0.002696     0.418711  
  1114     0.002686     0.418689  
  1115     0.002674     0.418690  
  1116     0.002663     0.418703  
  1117     0.002653     0.418692  
  1118     0.002643     0.418682  
  1119     0.002633     0.418676  
  1120     0.002622     0.418644  
  1121     0.002612     0.418624  
  1122     0.002600     0.418597  
  1123     0.002590     0.418582  
  1124     0.002580     0.418565  
  1125     0.002571     0.418582  
  1126     0.002560     0.418602  
  1127     0.002551     0.418609  
  1128     0.002540     0.418591  
  1129     0.002530     0.418590  
  1130     0.002519     0.418546  
  1131     0.002509     0.418552  
  1132     0.002500     0.418582  
  1133     0.002491     0.418562  
  1134     0.002481     0.418526  
  1135     0.002471     0.418535  
  1136     0.002462     0.418543  
  1137     0.002452     0.418515  
  1138     0.002442     0.418529  
  1139     0.002433     0.418511  
  1140     0.002423     0.418508  
  1141     0.002412     0.418520  
  1142     0.002402     0.418526  
  1143     0.002391     0.418527  
  1144     0.002381     0.418541  
  1145     0.002373     0.418513  
  1146     0.002363     0.418498  
  1147     0.002353     0.418500  
  1148     0.002345     0.418520  
  1149     0.002336     0.418529  
  1150     0.002326     0.418545  
  1151     0.002318     0.418513  
  1152     0.002310     0.418512  
  1153     0.002301     0.418536  
  1154     0.002292     0.418529  
  1155     0.002282     0.418518  
  1156     0.002273     0.418516  
  1157     0.002265     0.418520  
  1158     0.002256     0.418539  
  1159     0.002247     0.418517  
  1160     0.002236     0.418510  
  1161     0.002228     0.418505  
  1162     0.002221     0.418501  
  1163     0.002212     0.418514  
  1164     0.002203     0.418501  
  1165     0.002195     0.418523  
  1166     0.002187     0.418534  
  1167     0.002178     0.418540  
  1168     0.002169     0.418536  
  1169     0.002160     0.418538  
  1170     0.002152     0.418566  
  1171     0.002144     0.418570  
  1172     0.002135     0.418557  
  1173     0.002126     0.418547  
  1174     0.002119     0.418536  
  1175     0.002111     0.418547  
  1176     0.002103     0.418554  
  1177     0.002094     0.418550  
  1178     0.002085     0.418544  
  1179     0.002077     0.418537  
  1180     0.002069     0.418547  
  1181     0.002061     0.418540  
  1182     0.002052     0.418528  
  1183     0.002044     0.418528  
  1184     0.002036     0.418526  
  1185     0.002028     0.418536  
  1186     0.002020     0.418541  
  1187     0.002012     0.418544  
  1188     0.002004     0.418551  
  1189     0.001997     0.418552  
  1190     0.001989     0.418573  
  1191     0.001981     0.418585  
  1192     0.001974     0.418586  
  1193     0.001967     0.418587  
  1194     0.001960     0.418544  
  1195     0.001952     0.418535  
  1196     0.001946     0.418539  
  1197     0.001939     0.418518  
  1198     0.001931     0.418494  
  1199     0.001923     0.418507  
  1200     0.001915     0.418482  
  1201     0.001908     0.418464  
  1202     0.001901     0.418473  
  1203     0.001893     0.418458  
  1204     0.001886     0.418434  
  1205     0.001878     0.418452  
  1206     0.001870     0.418440  
  1207     0.001863     0.418435  
  1208     0.001855     0.418422  
  1209     0.001849     0.418443  
  1210     0.001843     0.418449  
  1211     0.001836     0.418447  
  1212     0.001829     0.418444  
  1213     0.001821     0.418442  
  1214     0.001815     0.418430  
  1215     0.001807     0.418444  
  1216     0.001801     0.418449  
  1217     0.001795     0.418446  
  1218     0.001788     0.418462  
  1219     0.001781     0.418451  
  1220     0.001775     0.418450  
  1221     0.001768     0.418440  
  1222     0.001762     0.418458  
  1223     0.001754     0.418458  
  1224     0.001747     0.418422  
  1225     0.001740     0.418405  
  1226     0.001733     0.418407  
  1227     0.001727     0.418381  
  1228     0.001720     0.418356  
  1229     0.001713     0.418346  
  1230     0.001707     0.418358  
  1231     0.001701     0.418361  
  1232     0.001695     0.418366  
  1233     0.001689     0.418337  
  1234     0.001682     0.418316  
  1235     0.001675     0.418318  
  1236     0.001668     0.418312  
  1237     0.001662     0.418302  
  1238     0.001655     0.418285  
  1239     0.001648     0.418286  
  1240     0.001641     0.418274  
  1241     0.001635     0.418285  
  1242     0.001629     0.418283  
  1243     0.001623     0.418279  
  1244     0.001616     0.418248  
  1245     0.001609     0.418233  
  1246     0.001603     0.418216  
  1247     0.001598     0.418221  
  1248     0.001591     0.418242  
  1249     0.001584     0.418241  
  1250     0.001577     0.418208  
  1251     0.001572     0.418193  
  1252     0.001566     0.418206  
  1253     0.001560     0.418219  
  1254     0.001553     0.418197  
  1255     0.001547     0.418188  
  1256     0.001541     0.418191  
  1257     0.001535     0.418213  
  1258     0.001529     0.418211  
  1259     0.001523     0.418202  
  1260     0.001518     0.418216  
  1261     0.001512     0.418236  
  1262     0.001507     0.418226  
  1263     0.001501     0.418217  
  1264     0.001496     0.418212  
  1265     0.001490     0.418216  
  1266     0.001485     0.418234  
  1267     0.001479     0.418226  
  1268     0.001473     0.418235  
  1269     0.001467     0.418260  
  1270     0.001462     0.418284  
  1271     0.001457     0.418264  
  1272     0.001451     0.418236  
  1273     0.001445     0.418249  
  1274     0.001440     0.418239  
  1275     0.001434     0.418248  
  1276     0.001430     0.418257  
  1277     0.001424     0.418274  
  1278     0.001419     0.418245  
  1279     0.001413     0.418250  
  1280     0.001408     0.418276  
  1281     0.001402     0.418249  
  1282     0.001397     0.418238  
  1283     0.001392     0.418227  
  1284     0.001387     0.418222  
  1285     0.001382     0.418211  
  1286     0.001376     0.418202  
  1287     0.001371     0.418203  
  1288     0.001365     0.418195  
  1289     0.001360     0.418208  
  1290     0.001355     0.418231  
  1291     0.001350     0.418227  
  1292     0.001345     0.418229  
  1293     0.001340     0.418234  
  1294     0.001335     0.418250  
  1295     0.001330     0.418253  
  1296     0.001324     0.418250  
  1297     0.001319     0.418250  
  1298     0.001314     0.418262  
  1299     0.001308     0.418265  
  1300     0.001303     0.418270  
  1301     0.001299     0.418280  
  1302     0.001294     0.418272  
  1303     0.001290     0.418258  
  1304     0.001285     0.418257  
  1305     0.001280     0.418249  
  1306     0.001274     0.418236  
  1307     0.001269     0.418230  
  1308     0.001264     0.418211  
  1309     0.001259     0.418185  
  1310     0.001254     0.418176  
  1311     0.001248     0.418176  
  1312     0.001243     0.418172  
  1313     0.001238     0.418145  
  1314     0.001234     0.418161  
  1315     0.001229     0.418149  
  1316     0.001224     0.418166  
  1317     0.001220     0.418143  
  1318     0.001215     0.418145  
  1319     0.001210     0.418155  
  1320     0.001205     0.418163  
  1321     0.001200     0.418148  
  1322     0.001196     0.418164  
  1323     0.001191     0.418163  
  1324     0.001186     0.418149  
  1325     0.001181     0.418145  
  1326     0.001176     0.418138  
  1327     0.001171     0.418136  
  1328     0.001166     0.418122  
  1329     0.001161     0.418111  
  1330     0.001156     0.418110  
  1331     0.001152     0.418082  
  1332     0.001148     0.418062  
  1333     0.001144     0.418063  
  1334     0.001140     0.418064  
  1335     0.001136     0.418053  
  1336     0.001132     0.418060  
  1337     0.001129     0.418069  
  1338     0.001124     0.418063  
  1339     0.001120     0.418049  
  1340     0.001116     0.418069  
  1341     0.001112     0.418071  
  1342     0.001108     0.418070  
  1343     0.001103     0.418065  
  1344     0.001099     0.418071  
  1345     0.001095     0.418083  
  1346     0.001091     0.418079  
  1347     0.001086     0.418085  
  1348     0.001082     0.418078  
  1349     0.001078     0.418070  
  1350     0.001074     0.418059  
  1351     0.001069     0.418068  
  1352     0.001065     0.418085  
  1353     0.001060     0.418098  
  1354     0.001056     0.418108  
  1355     0.001052     0.418115  
  1356     0.001048     0.418117  
  1357     0.001043     0.418128  
  1358     0.001039     0.418113  
  1359     0.001035     0.418118  
  1360     0.001031     0.418097  
  1361     0.001027     0.418083  
  1362     0.001023     0.418081  
  1363     0.001019     0.418085  
  1364     0.001015     0.418078  
  1365     0.001011     0.418065  
  1366     0.001007     0.418059  
  1367     0.001003     0.418059  
  1368     0.000999     0.418061  
  1369     0.000996     0.418059  
  1370     0.000992     0.418052  
  1371     0.000988     0.418059  
  1372     0.000984     0.418066  
  1373     0.000980     0.418069  
  1374     0.000977     0.418064  
  1375     0.000973     0.418068  
  1376     0.000968     0.418073  
  1377     0.000965     0.418082  
  1378     0.000961     0.418078  
  1379     0.000957     0.418087  
  1380     0.000953     0.418071  
  1381     0.000949     0.418090  
  1382     0.000946     0.418094  
  1383     0.000943     0.418095  
  1384     0.000939     0.418096  
  1385     0.000935     0.418076  
  1386     0.000931     0.418065  
  1387     0.000927     0.418057  
  1388     0.000924     0.418053  
  1389     0.000920     0.418032  
  1390     0.000916     0.418041  
  1391     0.000913     0.418054  
  1392     0.000909     0.418047  
  1393     0.000906     0.418040  
  1394     0.000902     0.418045  
  1395     0.000899     0.418046  
  1396     0.000895     0.418054  
  1397     0.000892     0.418033  
  1398     0.000889     0.418034  
  1399     0.000885     0.418035  
  1400     0.000882     0.418038  
  1401     0.000878     0.418032  
  1402     0.000875     0.418027  
  1403     0.000872     0.418023  
  1404     0.000868     0.418030  
  1405     0.000865     0.418012  * best
  1406     0.000861     0.418027  
  1407     0.000858     0.418044  
  1408     0.000855     0.418039  
  1409     0.000851     0.418038  
  1410     0.000848     0.418037  
  1411     0.000845     0.418023  
  1412     0.000841     0.418024  
  1413     0.000838     0.418023  
  1414     0.000835     0.418043  
  1415     0.000831     0.418064  
  1416     0.000828     0.418055  
  1417     0.000825     0.418051  
  1418     0.000822     0.418047  
  1419     0.000818     0.418060  
  1420     0.000815     0.418072  
  1421     0.000812     0.418082  
  1422     0.000809     0.418088  
  1423     0.000806     0.418087  
  1424     0.000803     0.418082  
  1425     0.000800     0.418090  
  1426     0.000797     0.418081  
  1427     0.000793     0.418078  
  1428     0.000790     0.418088  
  1429     0.000787     0.418074  
  1430     0.000784     0.418085  
  1431     0.000781     0.418083  
  1432     0.000778     0.418087  
  1433     0.000774     0.418080  
  1434     0.000772     0.418062  
  1435     0.000769     0.418068  
  1436     0.000766     0.418074  
  1437     0.000763     0.418088  
  1438     0.000760     0.418085  
  1439     0.000757     0.418078  
  1440     0.000755     0.418073  
  1441     0.000751     0.418080  
  1442     0.000749     0.418068  
  1443     0.000745     0.418072  
  1444     0.000743     0.418061  
  1445     0.000740     0.418076  
  1446     0.000737     0.418071  
  1447     0.000734     0.418077  
  1448     0.000731     0.418081  
  1449     0.000728     0.418086  
  1450     0.000726     0.418083  
  1451     0.000723     0.418094  
  1452     0.000720     0.418103  
  1453     0.000718     0.418106  
  1454     0.000715     0.418096  
  1455     0.000712     0.418102  
  1456     0.000710     0.418105  
  1457     0.000707     0.418112  
  1458     0.000705     0.418115  
  1459     0.000702     0.418099  
  1460     0.000699     0.418114  
  1461     0.000697     0.418122  
  1462     0.000694     0.418122  
  1463     0.000691     0.418120  
  1464     0.000688     0.418117  
  1465     0.000686     0.418109  
  1466     0.000683     0.418102  
  1467     0.000680     0.418078  
  1468     0.000677     0.418070  
  1469     0.000675     0.418072  
  1470     0.000672     0.418070  
  1471     0.000669     0.418075  
  1472     0.000667     0.418074  
  1473     0.000664     0.418079  
  1474     0.000662     0.418071  
  1475     0.000659     0.418089  
  1476     0.000657     0.418085  
  1477     0.000655     0.418080  
  1478     0.000652     0.418061  
  1479     0.000650     0.418061  
  1480     0.000647     0.418063  
  1481     0.000645     0.418056  
  1482     0.000642     0.418073  
  1483     0.000640     0.418055  
  1484     0.000638     0.418061  
  1485     0.000635     0.418065  
  1486     0.000633     0.418069  
  1487     0.000631     0.418069  
  1488     0.000628     0.418069  
  1489     0.000625     0.418063  
  1490     0.000623     0.418065  
  1491     0.000621     0.418061  
  1492     0.000618     0.418059  
  1493     0.000616     0.418043  
  1494     0.000614     0.418041  
  1495     0.000611     0.418032  
  1496     0.000609     0.418043  
  1497     0.000606     0.418050  
  1498     0.000604     0.418056  
  1499     0.000602     0.418041  
  1500     0.000600     0.418040  
  1501     0.000597     0.418049  
  1502     0.000595     0.418042  
  1503     0.000593     0.418060  
  1504     0.000590     0.418045  
  1505     0.000588     0.418031  
# best iteration 1405 (val l2 0.418012)
# Spearman  train +0.9949  val +0.7702  test +0.7815
