# gbm_boltz+energy+edge seed 0
# boosted trees on boltz+energy+edge
# inputs 16427, 256 trees
# LightGBM gradient-boosted trees, objective l2, lr 0.05, num_leaves 31, min_data_in_leaf 20, feature_fraction 0.3, bagging 0.8, lambda_l2 1.0, up to 3000 rounds, early stopping 100 on validation l2
# loss = l2 on standardised log10 half-life
#
 round        train          val  note
     1     0.956602     0.806230  
     2     0.918360     0.796197  
     3     0.883060     0.787361  
     4     0.849108     0.774090  
     5     0.817530     0.773526  
     6     0.788980     0.762453  
     7     0.760821     0.756357  
     8     0.735011     0.751819  
     9     0.712168     0.740098  
    10     0.689868     0.733788  
    11     0.668663     0.728168  
    12     0.648111     0.721941  
    13     0.630391     0.715300  
    14     0.613129     0.713743  
    15     0.598181     0.709547  
    16     0.582870     0.704216  
    17     0.568754     0.702289  
    18     0.556363     0.697895  
    19     0.543719     0.697085  
    20     0.531317     0.692328  
    21     0.520119     0.690047  
    22     0.509197     0.687295  
    23     0.499111     0.687158  
    24     0.489477     0.685735  
    25     0.481007     0.681945  
    26     0.472698     0.680380  
    27     0.464813     0.676807  
    28     0.457349     0.673561  
    29     0.449759     0.670445  
    30     0.442025     0.668558  
    31     0.434866     0.666815  
    32     0.428684     0.663878  
    33     0.421702     0.658578  
    34     0.415853     0.658739  
    35     0.410071     0.656832  
    36     0.404006     0.654998  
    37     0.398308     0.654567  
    38     0.392436     0.653691  
    39     0.387483     0.652057  
    40     0.382810     0.652690  
    41     0.378203     0.651529  
    42     0.373824     0.650487  
    43     0.369668     0.647220  
    44     0.365604     0.646926  
    45     0.361597     0.645654  
    46     0.357768     0.642801  
    47     0.353905     0.643000  
    48     0.349554     0.640989  
    49     0.345677     0.640788  
    50     0.341730     0.640615  
    51     0.337853     0.640663  
    52     0.334317     0.638406  
    53     0.330905     0.636788  
    54     0.327314     0.635649  
    55     0.324157     0.634430  
    56     0.320862     0.634090  
    57     0.317690     0.634731  
    58     0.314532     0.633681  
    59     0.311799     0.631729  
    60     0.308853     0.630686  
    61     0.305983     0.630522  
    62     0.303065     0.630168  
    63     0.300319     0.630013  
    64     0.297657     0.629219  
    65     0.295028     0.628998  
    66     0.292340     0.629996  
    67     0.289838     0.629735  
    68     0.287140     0.630004  
    69     0.284685     0.628850  
    70     0.282125     0.627888  
    71     0.279741     0.627925  
    72     0.277426     0.627054  
    73     0.274953     0.626254  
    74     0.272594     0.626975  
    75     0.270252     0.626490  
    76     0.268057     0.626883  
    77     0.265722     0.626531  
    78     0.263526     0.626452  
    79     0.261345     0.625925  
    80     0.259022     0.624674  
    81     0.257128     0.625594  
    82     0.255074     0.626007  
    83     0.253038     0.626602  
    84     0.251142     0.628208  
    85     0.249169     0.629344  
    86     0.247229     0.630392  
    87     0.245228     0.629599  
    88     0.243364     0.629308  
    89     0.241531     0.627885  
    90     0.239676     0.627644  
    91     0.237849     0.626744  
    92     0.235959     0.626176  
    93     0.234168     0.626200  
    94     0.232460     0.625165  
    95     0.230699     0.623268  
    96     0.228997     0.623962  
    97     0.227236     0.623688  
    98     0.225519     0.624538  
    99     0.223817     0.624270  
   100     0.222265     0.625296  
   101     0.220582     0.624995  
   102     0.218930     0.624049  
   103     0.217238     0.623770  
   104     0.215672     0.623204  
   105     0.214110     0.623226  
   106     0.212585     0.622579  
   107     0.211070     0.622080  
   108     0.209519     0.622951  
   109     0.207958     0.623267  
   110     0.206411     0.622657  
   111     0.204977     0.622193  
   112     0.203556     0.622778  
   113     0.202175     0.622181  
   114     0.200801     0.621429  
   115     0.199271     0.621151  
   116     0.197934     0.620903  
   117     0.196515     0.620917  
   118     0.195091     0.620866  
   119     0.193777     0.619646  
   120     0.192511     0.619622  
   121     0.191131     0.619457  
   122     0.189829     0.619287  
   123     0.188590     0.619078  
   124     0.187312     0.620049  
   125     0.186146     0.619345  
   126     0.184841     0.619520  
   127     0.183631     0.619667  
   128     0.182511     0.618854  
   129     0.181280     0.619536  
   130     0.180078     0.619472  
   131     0.178848     0.619970  
   132     0.177616     0.619738  
   133     0.176468     0.619135  
   134     0.175308     0.619964  
   135     0.174109     0.620331  
   136     0.172879     0.619684  
   137     0.171730     0.619557  
   138     0.170609     0.619268  
   139     0.169443     0.619498  
   140     0.168302     0.619119  
   141     0.167314     0.619683  
   142     0.166248     0.619596  
   143     0.165160     0.619520  
   144     0.164054     0.619721  
   145     0.162995     0.619494  
   146     0.161970     0.619635  
   147     0.160975     0.619860  
   148     0.159979     0.620151  
   149     0.158981     0.620030  
   150     0.158002     0.620380  
   151     0.156987     0.619701  
   152     0.156002     0.619687  
   153     0.154936     0.619397  
   154     0.153995     0.619452  
   155     0.153058     0.618645  
   156     0.152049     0.619187  
   157     0.151102     0.619328  
   158     0.150149     0.618912  
   159     0.149173     0.618707  
   160     0.148264     0.618744  
   161     0.147370     0.618515  
   162     0.146462     0.617947  
   163     0.145516     0.617712  
   164     0.144648     0.617657  
   165     0.143752     0.617895  
   166     0.142851     0.619316  
   167     0.141952     0.619446  
   168     0.141062     0.619640  
   169     0.140144     0.618796  
   170     0.139272     0.618758  
   171     0.138390     0.618412  
   172     0.137504     0.618533  
   173     0.136626     0.618621  
   174     0.135772     0.618502  
   175     0.135059     0.618203  
   176     0.134251     0.618324  
   177     0.133451     0.619028  
   178     0.132625     0.618661  
   179     0.131740     0.618151  
   180     0.130929     0.618300  
   181     0.130112     0.618291  
   182     0.129334     0.618322  
   183     0.128577     0.618261  
   184     0.127748     0.618641  
   185     0.126926     0.619028  
   186     0.126217     0.619125  
   187     0.125433     0.618115  
   188     0.124642     0.617781  
   189     0.123894     0.618084  
   190     0.123211     0.618141  
   191     0.122443     0.617949  
   192     0.121690     0.617055  
   193     0.120930     0.616883  
   194     0.120185     0.616395  
   195     0.119452     0.616401  
   196     0.118721     0.615793  
   197     0.118101     0.615835  
   198     0.117411     0.616634  
   199     0.116751     0.616504  
   200     0.116013     0.617216  
   201     0.115293     0.616785  
   202     0.114647     0.616232  
   203     0.113984     0.616285  
   204     0.113280     0.615859  
   205     0.112577     0.615940  
   206     0.111881     0.616323  
   207     0.111208     0.615623  
   208     0.110564     0.616137  
   209     0.109910     0.615896  
   210     0.109255     0.615988  
   211     0.108598     0.615984  
   212     0.107947     0.616630  
   213     0.107341     0.616511  
   214     0.106709     0.616262  
   215     0.106078     0.616180  
   216     0.105433     0.615906  
   217     0.104865     0.615801  
   218     0.104304     0.615912  
   219     0.103705     0.615946  
   220     0.103066     0.616194  
   221     0.102525     0.616381  
   222     0.101927     0.616528  
   223     0.101358     0.616513  
   224     0.100774     0.616122  
   225     0.100221     0.616450  
   226     0.099686     0.617213  
   227     0.099140     0.617856  
   228     0.098578     0.618037  
   229     0.098013     0.618010  
   230     0.097470     0.618087  
   231     0.096929     0.618009  
   232     0.096366     0.618410  
   233     0.095836     0.618259  
   234     0.095322     0.617862  
   235     0.094760     0.618304  
   236     0.094254     0.618738  
   237     0.093739     0.619289  
   238     0.093243     0.619225  
   239     0.092719     0.619124  
   240     0.092158     0.617898  
   241     0.091613     0.618125  
   242     0.091126     0.617407  
   243     0.090548     0.616826  
   244     0.090005     0.616801  
   245     0.089517     0.616306  
   246     0.089023     0.615079  
   247     0.088538     0.615051  
   248     0.088075     0.614868  
   249     0.087599     0.614568  
   250     0.087100     0.613721  
   251     0.086602     0.613853  
   252     0.086132     0.614120  
   253     0.085698     0.614472  
   254     0.085246     0.613669  
   255     0.084764     0.613680  
   256     0.084314     0.613484  * best
   257     0.083885     0.613701  
   258     0.083412     0.613601  
   259     0.082972     0.613655  
   260     0.082519     0.614186  
   261     0.082085     0.614302  
   262     0.081658     0.614357  
   263     0.081188     0.614644  
   264     0.080749     0.614654  
   265     0.080320     0.614676  
   266     0.079885     0.614216  
   267     0.079463     0.614166  
   268     0.079040     0.613588  
   269     0.078638     0.614137  
   270     0.078234     0.614268  
   271     0.077817     0.614007  
   272     0.077378     0.614168  
   273     0.076954     0.613521  
   274     0.076521     0.613867  
   275     0.076101     0.613813  
   276     0.075693     0.614323  
   277     0.075302     0.614252  
   278     0.074887     0.614281  
   279     0.074488     0.614177  
   280     0.074105     0.614310  
   281     0.073710     0.614418  
   282     0.073305     0.614297  
   283     0.072933     0.614223  
   284     0.072552     0.614743  
   285     0.072178     0.615042  
   286     0.071765     0.614942  
   287     0.071378     0.614360  
   288     0.070994     0.614303  
   289     0.070614     0.614349  
   290     0.070241     0.615145  
   291     0.069890     0.615094  
   292     0.069513     0.614769  
   293     0.069171     0.614690  
   294     0.068778     0.614592  
   295     0.068417     0.614600  
   296     0.068076     0.614274  
   297     0.067712     0.614693  
   298     0.067360     0.615084  
   299     0.067019     0.615837  
   300     0.066685     0.615821  
   301     0.066341     0.615797  
   302     0.065968     0.616166  
   303     0.065588     0.616203  
   304     0.065265     0.615381  
   305     0.064893     0.615596  
   306     0.064588     0.615545  
   307     0.064246     0.615886  
   308     0.063919     0.615851  
   309     0.063586     0.615591  
   310     0.063272     0.615662  
   311     0.062950     0.615907  
   312     0.062638     0.616054  
   313     0.062347     0.616007  
   314     0.062010     0.616193  
   315     0.061710     0.615873  
   316     0.061390     0.616079  
   317     0.061053     0.615732  
   318     0.060748     0.616095  
   319     0.060421     0.616210  
   320     0.060115     0.616017  
   321     0.059786     0.616407  
   322     0.059482     0.616301  
   323     0.059202     0.616614  
   324     0.058887     0.616445  
   325     0.058578     0.616489  
   326     0.058242     0.616518  
   327     0.057921     0.616232  
   328     0.057604     0.615343  
   329     0.057296     0.615436  
   330     0.057007     0.615652  
   331     0.056715     0.616286  
   332     0.056423     0.617557  
   333     0.056168     0.617555  
   334     0.055883     0.617310  
   335     0.055593     0.617266  
   336     0.055328     0.617628  
   337     0.055043     0.617910  
   338     0.054772     0.617852  
   339     0.054461     0.618151  
   340     0.054176     0.617831  
   341     0.053900     0.618080  
   342     0.053611     0.618071  
   343     0.053335     0.617647  
   344     0.053083     0.617946  
   345     0.052806     0.617710  
   346     0.052555     0.617597  
   347     0.052276     0.617513  
   348     0.052014     0.617382  
   349     0.051746     0.617541  
   350     0.051490     0.617421  
   351     0.051220     0.617810  
   352     0.050958     0.617769  
   353     0.050698     0.617764  
   354     0.050424     0.617711  
   355     0.050166     0.617689  
   356     0.049883     0.617725  
# best iteration 256 (val l2 0.613484)
# Spearman  train +0.9629  val +0.4163  test +0.5627
