# gbm_node+energy seed 2
# boosted trees on node+energy
# inputs 11950, 268 trees
# LightGBM gradient-boosted trees, objective l2, lr 0.05, num_leaves 31, min_data_in_leaf 20, feature_fraction 0.3, bagging 0.8, lambda_l2 1.0, up to 3000 rounds, early stopping 100 on validation l2
# loss = l2 on standardised log10 half-life
#
 round        train          val  note
     1     0.960482     0.811923  
     2     0.925983     0.800314  
     3     0.893316     0.798536  
     4     0.860631     0.791154  
     5     0.833020     0.788485  
     6     0.806198     0.785838  
     7     0.782997     0.784161  
     8     0.760000     0.784000  
     9     0.739107     0.776167  
    10     0.720385     0.774934  
    11     0.703570     0.768770  
    12     0.687258     0.773940  
    13     0.670345     0.772137  
    14     0.654116     0.768822  
    15     0.639571     0.764838  
    16     0.625383     0.755805  
    17     0.612536     0.756342  
    18     0.601435     0.756893  
    19     0.589922     0.753941  
    20     0.579459     0.752606  
    21     0.570274     0.753286  
    22     0.561191     0.748915  
    23     0.551849     0.744970  
    24     0.544041     0.744703  
    25     0.535188     0.742315  
    26     0.527070     0.740532  
    27     0.519819     0.740479  
    28     0.512043     0.736545  
    29     0.505066     0.737664  
    30     0.498585     0.739317  
    31     0.491981     0.740598  
    32     0.486169     0.743078  
    33     0.480188     0.742210  
    34     0.474811     0.741757  
    35     0.469164     0.741239  
    36     0.464292     0.741410  
    37     0.459481     0.741452  
    38     0.454286     0.741369  
    39     0.449452     0.742243  
    40     0.444821     0.740916  
    41     0.440273     0.740499  
    42     0.435966     0.740108  
    43     0.431734     0.738850  
    44     0.427519     0.737979  
    45     0.423556     0.739764  
    46     0.419142     0.737734  
    47     0.415457     0.737633  
    48     0.411760     0.737489  
    49     0.408045     0.736373  
    50     0.404488     0.736336  
    51     0.401213     0.736257  
    52     0.397569     0.735331  
    53     0.394030     0.735423  
    54     0.390858     0.735354  
    55     0.387064     0.734751  
    56     0.384132     0.735204  
    57     0.381071     0.735166  
    58     0.377990     0.736906  
    59     0.374931     0.736468  
    60     0.372031     0.735719  
    61     0.369053     0.736208  
    62     0.365624     0.737913  
    63     0.362838     0.736970  
    64     0.360178     0.737118  
    65     0.357361     0.737314  
    66     0.354648     0.737019  
    67     0.352147     0.736290  
    68     0.349367     0.735827  
    69     0.346617     0.736262  
    70     0.344067     0.736653  
    71     0.341277     0.736257  
    72     0.338765     0.736243  
    73     0.336357     0.736167  
    74     0.333944     0.736515  
    75     0.331215     0.736427  
    76     0.328826     0.735352  
    77     0.326341     0.735665  
    78     0.323962     0.735744  
    79     0.321583     0.735809  
    80     0.319182     0.735461  
    81     0.316897     0.735736  
    82     0.314581     0.735994  
    83     0.312375     0.736001  
    84     0.310092     0.736611  
    85     0.307825     0.736796  
    86     0.305707     0.737278  
    87     0.303415     0.736855  
    88     0.301486     0.736892  
    89     0.299237     0.737035  
    90     0.297176     0.736864  
    91     0.295115     0.736651  
    92     0.293023     0.736643  
    93     0.290965     0.736107  
    94     0.289073     0.735348  
    95     0.287066     0.735729  
    96     0.285201     0.736151  
    97     0.283123     0.735854  
    98     0.281295     0.736280  
    99     0.279447     0.736296  
   100     0.277583     0.736316  
   101     0.275787     0.736530  
   102     0.273997     0.735955  
   103     0.272115     0.735179  
   104     0.270397     0.734792  
   105     0.268659     0.733919  
   106     0.266794     0.733306  
   107     0.265124     0.733876  
   108     0.263251     0.733239  
   109     0.261599     0.732942  
   110     0.259828     0.732988  
   111     0.258270     0.733057  
   112     0.256648     0.732863  
   113     0.254904     0.733584  
   114     0.253265     0.733078  
   115     0.251702     0.733066  
   116     0.250108     0.733449  
   117     0.248519     0.733607  
   118     0.246876     0.733352  
   119     0.245244     0.733222  
   120     0.243609     0.734275  
   121     0.242122     0.734322  
   122     0.240695     0.733988  
   123     0.239217     0.733991  
   124     0.237732     0.734474  
   125     0.236302     0.734567  
   126     0.234821     0.733573  
   127     0.233376     0.733751  
   128     0.231860     0.733143  
   129     0.230476     0.733295  
   130     0.229109     0.733137  
   131     0.227650     0.734175  
   132     0.226119     0.735038  
   133     0.224766     0.734885  
   134     0.223148     0.734732  
   135     0.221733     0.735322  
   136     0.220413     0.736229  
   137     0.219061     0.736111  
   138     0.217773     0.736015  
   139     0.216472     0.735663  
   140     0.215013     0.735324  
   141     0.213628     0.734451  
   142     0.212304     0.734248  
   143     0.211070     0.734819  
   144     0.209812     0.734794  
   145     0.208530     0.733168  
   146     0.207401     0.733682  
   147     0.206128     0.733557  
   148     0.204896     0.734057  
   149     0.203641     0.733929  
   150     0.202463     0.733993  
   151     0.201227     0.734213  
   152     0.200074     0.733892  
   153     0.198779     0.733441  
   154     0.197649     0.732962  
   155     0.196541     0.732246  
   156     0.195392     0.731823  
   157     0.194262     0.731261  
   158     0.193206     0.731464  
   159     0.192104     0.730976  
   160     0.190940     0.731228  
   161     0.189747     0.731835  
   162     0.188658     0.731961  
   163     0.187519     0.731436  
   164     0.186391     0.731841  
   165     0.185287     0.732203  
   166     0.184195     0.731889  
   167     0.183088     0.731693  
   168     0.182089     0.731739  
   169     0.181064     0.732157  
   170     0.180033     0.732271  
   171     0.179057     0.731675  
   172     0.178037     0.731929  
   173     0.177034     0.732247  
   174     0.175983     0.732918  
   175     0.174990     0.732698  
   176     0.173935     0.733037  
   177     0.172880     0.733463  
   178     0.172012     0.733620  
   179     0.171028     0.733929  
   180     0.170066     0.734276  
   181     0.169124     0.734091  
   182     0.168210     0.734434  
   183     0.167187     0.734665  
   184     0.166248     0.734405  
   185     0.165296     0.734238  
   186     0.164417     0.733415  
   187     0.163485     0.733269  
   188     0.162540     0.733260  
   189     0.161651     0.733199  
   190     0.160749     0.733509  
   191     0.159782     0.733565  
   192     0.158833     0.733577  
   193     0.158007     0.733375  
   194     0.157096     0.733073  
   195     0.156191     0.732603  
   196     0.155322     0.732388  
   197     0.154456     0.732786  
   198     0.153586     0.732903  
   199     0.152758     0.733010  
   200     0.151919     0.732795  
   201     0.151080     0.732797  
   202     0.150199     0.732895  
   203     0.149350     0.733103  
   204     0.148480     0.732956  
   205     0.147715     0.732576  
   206     0.146894     0.732923  
   207     0.146062     0.733081  
   208     0.145160     0.733524  
   209     0.144284     0.733590  
   210     0.143549     0.733402  
   211     0.142746     0.733149  
   212     0.141972     0.733099  
   213     0.141232     0.733793  
   214     0.140484     0.733628  
   215     0.139745     0.732823  
   216     0.138994     0.732789  
   217     0.138290     0.732822  
   218     0.137571     0.732971  
   219     0.136792     0.732896  
   220     0.136124     0.733211  
   221     0.135378     0.732611  
   222     0.134625     0.732352  
   223     0.133874     0.732059  
   224     0.133158     0.731754  
   225     0.132484     0.731717  
   226     0.131789     0.731211  
   227     0.131118     0.731550  
   228     0.130481     0.731234  
   229     0.129773     0.730930  
   230     0.129102     0.730320  
   231     0.128431     0.730196  
   232     0.127791     0.730134  
   233     0.127042     0.729792  
   234     0.126382     0.729608  
   235     0.125726     0.729879  
   236     0.125123     0.729825  
   237     0.124399     0.730082  
   238     0.123777     0.729385  
   239     0.123187     0.729289  
   240     0.122478     0.729458  
   241     0.121853     0.729895  
   242     0.121219     0.730358  
   243     0.120572     0.730387  
   244     0.119976     0.730240  
   245     0.119339     0.730176  
   246     0.118733     0.730166  
   247     0.118102     0.730169  
   248     0.117459     0.729876  
   249     0.116851     0.729929  
   250     0.116222     0.730187  
   251     0.115593     0.729580  
   252     0.114949     0.728879  
   253     0.114325     0.729028  
   254     0.113675     0.728973  
   255     0.113075     0.729373  
   256     0.112519     0.728948  
   257     0.111924     0.728545  
   258     0.111355     0.728440  
   259     0.110764     0.728394  
   260     0.110151     0.728542  
   261     0.109541     0.728211  
   262     0.108959     0.728446  
   263     0.108383     0.729143  
   264     0.107809     0.729063  
   265     0.107241     0.728845  
   266     0.106717     0.728577  
   267     0.106172     0.728002  
   268     0.105688     0.727179  * best
   269     0.105133     0.728028  
   270     0.104561     0.728010  
   271     0.104007     0.728176  
   272     0.103517     0.728473  
   273     0.102904     0.728052  
   274     0.102397     0.729007  
   275     0.101867     0.729325  
   276     0.101313     0.729660  
   277     0.100778     0.729673  
   278     0.100326     0.729889  
   279     0.099754     0.729996  
   280     0.099213     0.730024  
   281     0.098704     0.730044  
   282     0.098203     0.730189  
   283     0.097780     0.730382  
   284     0.097299     0.730668  
   285     0.096807     0.730967  
   286     0.096260     0.731297  
   287     0.095788     0.731576  
   288     0.095275     0.731309  
   289     0.094804     0.731594  
   290     0.094336     0.731632  
   291     0.093931     0.731502  
   292     0.093479     0.731421  
   293     0.092992     0.731492  
   294     0.092494     0.731587  
   295     0.091995     0.731698  
   296     0.091515     0.732124  
   297     0.091058     0.732127  
   298     0.090644     0.732805  
   299     0.090223     0.733021  
   300     0.089804     0.733260  
   301     0.089377     0.733100  
   302     0.088885     0.733305  
   303     0.088430     0.733074  
   304     0.088006     0.732838  
   305     0.087577     0.732766  
   306     0.087108     0.732683  
   307     0.086675     0.732601  
   308     0.086233     0.732855  
   309     0.085774     0.732916  
   310     0.085315     0.733105  
   311     0.084899     0.733301  
   312     0.084481     0.733255  
   313     0.084112     0.733488  
   314     0.083710     0.733693  
   315     0.083283     0.733863  
   316     0.082851     0.733611  
   317     0.082422     0.733590  
   318     0.082003     0.733236  
   319     0.081591     0.733200  
   320     0.081229     0.733058  
   321     0.080833     0.733163  
   322     0.080456     0.732896  
   323     0.080028     0.733170  
   324     0.079636     0.732368  
   325     0.079268     0.732342  
   326     0.078863     0.732306  
   327     0.078438     0.732530  
   328     0.078048     0.732738  
   329     0.077685     0.732606  
   330     0.077312     0.732466  
   331     0.076890     0.732763  
   332     0.076554     0.732718  
   333     0.076199     0.732386  
   334     0.075838     0.732473  
   335     0.075472     0.732310  
   336     0.075089     0.732677  
   337     0.074715     0.732703  
   338     0.074350     0.732652  
   339     0.073992     0.732526  
   340     0.073621     0.732466  
   341     0.073233     0.732442  
   342     0.072872     0.732349  
   343     0.072516     0.732326  
   344     0.072196     0.732547  
   345     0.071846     0.732195  
   346     0.071478     0.732184  
   347     0.071147     0.732436  
   348     0.070825     0.732550  
   349     0.070452     0.732941  
   350     0.070122     0.732726  
   351     0.069809     0.732706  
   352     0.069501     0.732899  
   353     0.069185     0.733185  
   354     0.068835     0.733250  
   355     0.068496     0.733086  
   356     0.068157     0.732730  
   357     0.067801     0.732706  
   358     0.067479     0.732660  
   359     0.067143     0.732828  
   360     0.066834     0.732842  
   361     0.066477     0.732994  
   362     0.066129     0.733202  
   363     0.065820     0.733149  
   364     0.065446     0.732987  
   365     0.065115     0.733053  
   366     0.064815     0.732931  
   367     0.064483     0.732812  
   368     0.064183     0.733065  
# best iteration 268 (val l2 0.727179)
# Spearman  train +0.9571  val +0.2039  test +0.0574
