# gbm_seq+boltz seed 1
# boosted trees on seq+boltz
# inputs 2407, 197 trees
# LightGBM gradient-boosted trees, objective l2, lr 0.05, num_leaves 31, min_data_in_leaf 20, feature_fraction 0.3, bagging 0.8, lambda_l2 1.0, up to 3000 rounds, early stopping 100 on validation l2
# loss = l2 on standardised log10 half-life
#
 round        train          val  note
     1     0.963630     0.808889  
     2     0.929111     0.802672  
     3     0.896253     0.793204  
     4     0.867140     0.783553  
     5     0.839397     0.779254  
     6     0.812204     0.773186  
     7     0.786820     0.769163  
     8     0.764833     0.764057  
     9     0.743406     0.760003  
    10     0.723388     0.754883  
    11     0.704483     0.749144  
    12     0.688056     0.747406  
    13     0.672209     0.742583  
    14     0.656267     0.736609  
    15     0.641910     0.737566  
    16     0.627308     0.731322  
    17     0.613283     0.727392  
    18     0.601950     0.723626  
    19     0.589526     0.720348  
    20     0.578193     0.716825  
    21     0.568546     0.715433  
    22     0.558973     0.713279  
    23     0.549658     0.708504  
    24     0.541078     0.704447  
    25     0.532458     0.700686  
    26     0.523725     0.697648  
    27     0.515847     0.694203  
    28     0.508308     0.693355  
    29     0.500557     0.693133  
    30     0.494195     0.692673  
    31     0.487589     0.689084  
    32     0.481365     0.687670  
    33     0.475154     0.685369  
    34     0.468052     0.683918  
    35     0.462427     0.683073  
    36     0.456898     0.679733  
    37     0.452231     0.678757  
    38     0.446989     0.677066  
    39     0.441975     0.674808  
    40     0.437276     0.671258  
    41     0.432601     0.668608  
    42     0.427529     0.670485  
    43     0.422771     0.667572  
    44     0.418716     0.667455  
    45     0.414363     0.665248  
    46     0.410221     0.664158  
    47     0.406556     0.663025  
    48     0.402923     0.660862  
    49     0.398947     0.659331  
    50     0.394702     0.657483  
    51     0.391288     0.657203  
    52     0.387898     0.656845  
    53     0.384777     0.655221  
    54     0.381603     0.654518  
    55     0.378069     0.653180  
    56     0.374956     0.647077  
    57     0.371566     0.645487  
    58     0.368659     0.646708  
    59     0.365618     0.646762  
    60     0.362814     0.646366  
    61     0.359820     0.644399  
    62     0.356990     0.644396  
    63     0.354049     0.645009  
    64     0.351351     0.643829  
    65     0.348325     0.641694  
    66     0.345604     0.641068  
    67     0.342909     0.639691  
    68     0.340318     0.639586  
    69     0.337763     0.638398  
    70     0.334378     0.638264  
    71     0.331943     0.636920  
    72     0.328967     0.635352  
    73     0.326434     0.634334  
    74     0.323963     0.632420  
    75     0.321578     0.631536  
    76     0.319243     0.630462  
    77     0.316978     0.629388  
    78     0.314732     0.629015  
    79     0.312415     0.627633  
    80     0.310346     0.627894  
    81     0.308164     0.627031  
    82     0.305852     0.626133  
    83     0.303914     0.625634  
    84     0.301951     0.625126  
    85     0.299844     0.622254  
    86     0.297818     0.621969  
    87     0.295643     0.621909  
    88     0.293488     0.621690  
    89     0.291669     0.621062  
    90     0.289715     0.619815  
    91     0.287721     0.620518  
    92     0.285874     0.620218  
    93     0.284045     0.619821  
    94     0.282152     0.620207  
    95     0.280422     0.620237  
    96     0.278620     0.619209  
    97     0.276788     0.619851  
    98     0.274973     0.620254  
    99     0.273122     0.619883  
   100     0.271404     0.619964  
   101     0.269646     0.620297  
   102     0.268111     0.619893  
   103     0.266379     0.619253  
   104     0.264651     0.619959  
   105     0.263032     0.619730  
   106     0.261357     0.619077  
   107     0.259602     0.618651  
   108     0.258160     0.618080  
   109     0.256558     0.617931  
   110     0.255129     0.618670  
   111     0.253481     0.618787  
   112     0.251943     0.618254  
   113     0.250447     0.617542  
   114     0.249016     0.618223  
   115     0.247522     0.618333  
   116     0.246044     0.618193  
   117     0.244761     0.617587  
   118     0.243409     0.617746  
   119     0.241748     0.616488  
   120     0.240308     0.616615  
   121     0.238755     0.616873  
   122     0.237245     0.617078  
   123     0.235874     0.616234  
   124     0.234586     0.616322  
   125     0.233285     0.616259  
   126     0.231833     0.616773  
   127     0.230545     0.616937  
   128     0.229184     0.616671  
   129     0.227936     0.617139  
   130     0.226764     0.617253  
   131     0.225447     0.617133  
   132     0.224144     0.617060  
   133     0.222880     0.616716  
   134     0.221569     0.616362  
   135     0.220337     0.616696  
   136     0.219148     0.616632  
   137     0.217810     0.616463  
   138     0.216558     0.616758  
   139     0.215298     0.616316  
   140     0.214093     0.616029  
   141     0.212883     0.616396  
   142     0.211818     0.615941  
   143     0.210703     0.616321  
   144     0.209562     0.615843  
   145     0.208422     0.615960  
   146     0.207285     0.616296  
   147     0.206120     0.616430  
   148     0.204986     0.616450  
   149     0.203827     0.615866  
   150     0.202619     0.616015  
   151     0.201558     0.616455  
   152     0.200492     0.616298  
   153     0.199412     0.616139  
   154     0.198252     0.615622  
   155     0.197181     0.615343  
   156     0.196086     0.614894  
   157     0.195043     0.614068  
   158     0.193911     0.613586  
   159     0.192922     0.613601  
   160     0.191960     0.613416  
   161     0.190843     0.613511  
   162     0.189776     0.613299  
   163     0.188799     0.613790  
   164     0.187867     0.613414  
   165     0.186775     0.613496  
   166     0.185796     0.613934  
   167     0.184837     0.613649  
   168     0.183888     0.613048  
   169     0.182965     0.613358  
   170     0.182019     0.613170  
   171     0.181044     0.613124  
   172     0.180103     0.612975  
   173     0.179251     0.613481  
   174     0.178301     0.612870  
   175     0.177350     0.612920  
   176     0.176386     0.612534  
   177     0.175548     0.612649  
   178     0.174661     0.612600  
   179     0.173809     0.612851  
   180     0.172943     0.612982  
   181     0.172039     0.613306  
   182     0.171115     0.613287  
   183     0.170240     0.613136  
   184     0.169386     0.613456  
   185     0.168511     0.613534  
   186     0.167560     0.613064  
   187     0.166777     0.612975  
   188     0.165925     0.613233  
   189     0.165106     0.613719  
   190     0.164328     0.613968  
   191     0.163499     0.614026  
   192     0.162658     0.613731  
   193     0.161866     0.613201  
   194     0.161071     0.613189  
   195     0.160191     0.612970  
   196     0.159392     0.612540  
   197     0.158592     0.612273  * best
   198     0.157857     0.612784  
   199     0.156987     0.612742  
   200     0.156193     0.612475  
   201     0.155452     0.613066  
   202     0.154638     0.612985  
   203     0.153845     0.614580  
   204     0.153101     0.614759  
   205     0.152340     0.614700  
   206     0.151601     0.614641  
   207     0.150822     0.615718  
   208     0.150127     0.615516  
   209     0.149364     0.615535  
   210     0.148662     0.616284  
   211     0.147953     0.616061  
   212     0.147290     0.615882  
   213     0.146618     0.615326  
   214     0.145842     0.615731  
   215     0.145117     0.615847  
   216     0.144360     0.616061  
   217     0.143669     0.616036  
   218     0.142940     0.615797  
   219     0.142175     0.615818  
   220     0.141528     0.615820  
   221     0.140800     0.615516  
   222     0.140057     0.615360  
   223     0.139396     0.614940  
   224     0.138689     0.614923  
   225     0.137971     0.615522  
   226     0.137343     0.615406  
   227     0.136627     0.615636  
   228     0.136018     0.615448  
   229     0.135368     0.616011  
   230     0.134728     0.616226  
   231     0.134049     0.616123  
   232     0.133507     0.616111  
   233     0.132930     0.616387  
   234     0.132314     0.616454  
   235     0.131667     0.616521  
   236     0.131019     0.616795  
   237     0.130364     0.616860  
   238     0.129771     0.617120  
   239     0.129166     0.616780  
   240     0.128572     0.616543  
   241     0.127905     0.616312  
   242     0.127338     0.616043  
   243     0.126715     0.616099  
   244     0.126111     0.616344  
   245     0.125472     0.616278  
   246     0.124925     0.616181  
   247     0.124323     0.616068  
   248     0.123788     0.617125  
   249     0.123192     0.616976  
   250     0.122615     0.617304  
   251     0.122058     0.617332  
   252     0.121484     0.617126  
   253     0.120874     0.616764  
   254     0.120275     0.616796  
   255     0.119773     0.616819  
   256     0.119242     0.616991  
   257     0.118659     0.616605  
   258     0.118131     0.616752  
   259     0.117539     0.617091  
   260     0.117036     0.616823  
   261     0.116434     0.617192  
   262     0.115897     0.617440  
   263     0.115336     0.617534  
   264     0.114813     0.618289  
   265     0.114280     0.618499  
   266     0.113717     0.618266  
   267     0.113201     0.618974  
   268     0.112679     0.619280  
   269     0.112145     0.619525  
   270     0.111640     0.619033  
   271     0.111085     0.618729  
   272     0.110570     0.618435  
   273     0.110060     0.618080  
   274     0.109607     0.618071  
   275     0.109114     0.618271  
   276     0.108598     0.618474  
   277     0.108137     0.618605  
   278     0.107645     0.618509  
   279     0.107155     0.617936  
   280     0.106749     0.618207  
   281     0.106268     0.618209  
   282     0.105847     0.618095  
   283     0.105366     0.617709  
   284     0.104870     0.617651  
   285     0.104405     0.617575  
   286     0.104003     0.617905  
   287     0.103565     0.617931  
   288     0.103065     0.618813  
   289     0.102571     0.619002  
   290     0.102074     0.619121  
   291     0.101643     0.619036  
   292     0.101186     0.618955  
   293     0.100755     0.619112  
   294     0.100274     0.619124  
   295     0.099844     0.619631  
   296     0.099429     0.619537  
   297     0.099012     0.619805  
# best iteration 197 (val l2 0.612273)
# Spearman  train +0.9305  val +0.4037  test +0.6231
