# boltz_pooled+charge_struct seed 4
# pooled Boltz plus the structure-derived charges only
# input dim 1567, 204,865 parameters
# Linear(n_in,128) -> GELU -> Dropout(0.3) -> Linear(128,32) -> GELU -> Dropout(0.3) -> Linear(32,1)
# Adam lr=0.001 weight_decay=0.0001 batch=32 dropout=0.3
# loss = MSE on standardised log10 half-life
# early stopping on validation loss, patience 40, max 300 epochs
#
 epoch  train_batch        train          val  note
     1     0.620051     0.401775     0.532185  * best
     2     0.460483     0.337326     0.492861  * best
     3     0.381909     0.255418     0.458514  * best
     4     0.341549     0.233393     0.463083  
     5     0.303370     0.200163     0.458898  
     6     0.275627     0.173001     0.466035  
     7     0.261667     0.155333     0.468445  
     8     0.235512     0.134862     0.436860  * best
     9     0.222965     0.148274     0.464319  
    10     0.213015     0.119588     0.455054  
    11     0.207738     0.118938     0.473700  
    12     0.194973     0.101850     0.450236  
    13     0.182754     0.110563     0.459609  
    14     0.182314     0.098874     0.443947  
    15     0.168773     0.082501     0.457001  
    16     0.165763     0.080082     0.442355  
    17     0.161049     0.084725     0.442807  
    18     0.157877     0.076462     0.454092  
    19     0.157087     0.074717     0.457006  
    20     0.152344     0.067472     0.444768  
    21     0.149564     0.066850     0.435317  * best
    22     0.140584     0.064349     0.437538  
    23     0.143417     0.071565     0.459464  
    24     0.136790     0.064625     0.447596  
    25     0.142347     0.072338     0.460730  
    26     0.137876     0.063467     0.448761  
    27     0.133529     0.068121     0.462177  
    28     0.140825     0.066837     0.462626  
    29     0.134209     0.056635     0.466321  
    30     0.132762     0.059050     0.450308  
    31     0.123851     0.054146     0.457460  
    32     0.128011     0.055348     0.444035  
    33     0.126206     0.050530     0.448837  
    34     0.123321     0.063767     0.454128  
    35     0.121027     0.058508     0.443698  
    36     0.125335     0.056376     0.453196  
    37     0.127626     0.055693     0.450139  
    38     0.121008     0.052829     0.451538  
    39     0.123124     0.053809     0.440800  
    40     0.118387     0.047467     0.440562  
    41     0.124284     0.061901     0.448364  
    42     0.123365     0.050075     0.449640  
    43     0.122264     0.045909     0.450367  
    44     0.115251     0.047916     0.441171  
    45     0.113268     0.058289     0.440335  
    46     0.115251     0.053012     0.459988  
    47     0.115962     0.043631     0.454788  
    48     0.112262     0.047581     0.463645  
    49     0.117674     0.060763     0.484184  
    50     0.110889     0.067801     0.460850  
    51     0.112232     0.044276     0.457756  
    52     0.106147     0.048918     0.456467  
    53     0.110400     0.049036     0.459263  
    54     0.113836     0.049213     0.453269  
    55     0.113288     0.062580     0.456656  
    56     0.114291     0.045983     0.451164  
    57     0.111029     0.041172     0.449067  
    58     0.102646     0.051661     0.464891  
    59     0.108444     0.043554     0.446405  
    60     0.109192     0.051053     0.459379  
    61     0.114167     0.053061     0.460402  
# stopped at epoch 61: no improvement for 40 epochs
# restored epoch 21 (val MSE 0.435317)
# Spearman  train +0.9669  val +0.7625  test +0.7585
