# mlp_boltz+node seed 2
# perceptron on boltz+node
# inputs [(13067,)], 1,676,865 parameters
# Linear(n_in,128) -> GELU -> Dropout(0.3) -> Linear(128,32) -> GELU -> Dropout(0.3) -> Linear(32,1)
# Adam lr=0.001 weight_decay=0.0001 batch=32 dropout=0.3
# loss = MSE on standardised log10 half-life
# early stopping on validation loss, patience 40, max 300 epochs
#
 epoch  train_batch        train          val  note
     1     1.265118     2.234753     0.772892  * best
     2     1.747341     1.116946     0.703042  * best
     3     0.831621     0.738333     0.661659  * best
     4     0.686151     0.476952     0.635795  * best
     5     0.959425     0.610695     0.641047  
     6     0.654152     0.450701     0.639029  
     7     0.519116     0.446547     0.648150  
     8     0.622403     0.383417     0.629754  * best
     9     0.476436     0.346218     0.644327  
    10     0.624439     0.374516     0.631018  
    11     0.526866     0.326365     0.627889  * best
    12     0.482368     0.294948     0.611367  * best
    13     0.425642     0.290071     0.628883  
    14     0.409937     0.294714     0.631076  
    15     0.401760     0.315605     0.618603  
    16     0.384624     0.255841     0.625770  
    17     0.392844     0.241074     0.615163  
    18     0.378138     0.242484     0.649651  
    19     0.365928     0.209506     0.643111  
    20     0.363950     0.225065     0.631486  
    21     0.367466     0.223952     0.630126  
    22     0.357065     0.239891     0.599050  * best
    23     0.366730     0.269567     0.604734  
    24     0.367669     0.232459     0.625761  
    25     0.341701     0.220016     0.631130  
    26     0.374353     0.299485     0.654505  
    27     0.378145     0.201556     0.642217  
    28     0.360202     0.234892     0.620266  
    29     0.387124     0.250552     0.599028  * best
    30     0.367908     0.198378     0.639420  
    31     0.348080     0.242988     0.624966  
    32     0.331795     0.236059     0.611434  
    33     0.338761     0.213793     0.644404  
    34     0.342023     0.204711     0.681618  
    35     0.444070     0.245159     0.652609  
    36     0.390961     0.216655     0.624135  
    37     0.386796     0.257838     0.616064  
    38     0.378827     0.259899     0.593777  * best
    39     0.378948     0.209290     0.614413  
    40     0.344289     0.221006     0.616926  
    41     0.352076     0.198524     0.634768  
    42     0.351714     0.225002     0.611999  
    43     0.346104     0.187543     0.655099  
    44     0.373515     0.217740     0.623651  
    45     0.362346     0.226123     0.627318  
    46     0.341850     0.216309     0.622616  
    47     0.349372     0.202172     0.642561  
    48     0.346728     0.218374     0.652202  
    49     0.477236     0.272480     0.617751  
    50     0.399918     0.186477     0.627698  
    51     0.373036     0.183706     0.607767  
    52     0.349788     0.182082     0.638877  
    53     0.372364     0.180719     0.634304  
    54     0.338998     0.239572     0.629993  
    55     0.337517     0.240810     0.607605  
    56     0.319009     0.193998     0.615851  
    57     0.325539     0.181177     0.628147  
    58     0.334091     0.191322     0.617219  
    59     0.327674     0.194569     0.597035  
    60     0.321248     0.162539     0.657312  
    61     0.321074     0.191044     0.610886  
    62     0.311827     0.192372     0.630984  
    63     0.317579     0.173639     0.639040  
    64     0.324357     0.168580     0.633338  
    65     0.320032     0.210863     0.630528  
    66     0.524382     0.258473     0.627319  
    67     0.441089     0.226741     0.620960  
    68     0.388653     0.191432     0.621371  
    69     0.336725     0.184347     0.658700  
    70     0.329694     0.303603     0.625849  
    71     0.327658     0.206288     0.634089  
    72     0.313956     0.167885     0.625562  
    73     0.308062     0.163831     0.665099  
    74     0.320845     0.203912     0.621025  
    75     0.317508     0.167054     0.649969  
    76     0.351146     0.191870     0.642771  
    77     0.334083     0.186098     0.631725  
    78     0.318423     0.181927     0.639011  
# stopped at epoch 78: no improvement for 40 epochs
# restored epoch 38 (val MSE 0.593777)
# Spearman  train +0.9076  val +0.4182  test +0.5485
