# seq+boltz_pooled seed 4
# sequence baseline concatenated with the Boltz pooled blocks
# input dim 2407, 312,385 parameters
# Linear(n_in,128) -> GELU -> Dropout(0.3) -> Linear(128,32) -> GELU -> Dropout(0.3) -> Linear(32,1)
# Adam lr=0.001 weight_decay=0.0001 batch=32 dropout=0.3
# loss = MSE on standardised log10 half-life
# early stopping on validation loss, patience 40, max 300 epochs
#
 epoch  train_batch        train          val  note
     1     0.620462     0.395512     0.508195  * best
     2     0.451490     0.311831     0.482210  * best
     3     0.364347     0.242215     0.447539  * best
     4     0.323712     0.214742     0.441900  * best
     5     0.302360     0.180010     0.433683  * best
     6     0.270496     0.166447     0.437997  
     7     0.247126     0.147937     0.441267  
     8     0.238962     0.133204     0.421251  * best
     9     0.219404     0.126267     0.424257  
    10     0.208050     0.121313     0.419632  * best
    11     0.203285     0.102545     0.417602  * best
    12     0.189143     0.098581     0.424365  
    13     0.187470     0.097731     0.435836  
    14     0.170999     0.084442     0.426369  
    15     0.171579     0.078252     0.432834  
    16     0.164569     0.086760     0.421501  
    17     0.153285     0.078246     0.424791  
    18     0.155229     0.078476     0.436422  
    19     0.153266     0.075359     0.438341  
    20     0.156857     0.084026     0.430807  
    21     0.143250     0.057213     0.423152  
    22     0.147952     0.067218     0.434336  
    23     0.141937     0.065853     0.433218  
    24     0.137741     0.058973     0.423639  
    25     0.137356     0.068104     0.419682  
    26     0.128102     0.061364     0.432507  
    27     0.132093     0.058204     0.434334  
    28     0.134551     0.057842     0.433554  
    29     0.133422     0.059009     0.427824  
    30     0.134397     0.064710     0.435995  
    31     0.129407     0.066211     0.421002  
    32     0.123521     0.056217     0.440950  
    33     0.130711     0.079754     0.446656  
    34     0.123495     0.051821     0.420996  
    35     0.122925     0.055260     0.433899  
    36     0.126020     0.048409     0.433985  
    37     0.122890     0.061378     0.433181  
    38     0.121414     0.058264     0.448298  
    39     0.121264     0.054753     0.442961  
    40     0.117044     0.048321     0.422284  
    41     0.116720     0.063753     0.432233  
    42     0.116973     0.057992     0.445931  
    43     0.123876     0.059152     0.436558  
    44     0.119421     0.065029     0.437731  
    45     0.115668     0.047141     0.440497  
    46     0.117186     0.053283     0.433912  
    47     0.118512     0.044393     0.421232  
    48     0.113950     0.045196     0.432151  
    49     0.111036     0.046767     0.424722  
    50     0.114106     0.051854     0.425545  
    51     0.113588     0.049718     0.438900  
# stopped at epoch 51: no improvement for 40 epochs
# restored epoch 11 (val MSE 0.417602)
# Spearman  train +0.9502  val +0.7719  test +0.7788
