# gbm_node+energy+edge seed 0
# boosted trees on node+energy+edge
# inputs 26400, 762 trees
# LightGBM gradient-boosted trees, objective l2, lr 0.05, num_leaves 31, min_data_in_leaf 20, feature_fraction 0.3, bagging 0.8, lambda_l2 1.0, up to 3000 rounds, early stopping 100 on validation l2
# loss = l2 on standardised log10 half-life
#
 round        train          val  note
     1     0.965646     0.977476  
     2     0.932257     0.947721  
     3     0.902155     0.921783  
     4     0.873528     0.897808  
     5     0.847709     0.876742  
     6     0.824578     0.857222  
     7     0.800727     0.835749  
     8     0.778777     0.817615  
     9     0.759870     0.802167  
    10     0.741542     0.787269  
    11     0.724176     0.772824  
    12     0.708098     0.761030  
    13     0.693392     0.748519  
    14     0.678308     0.736620  
    15     0.664734     0.727637  
    16     0.652173     0.717606  
    17     0.639973     0.707053  
    18     0.629580     0.699673  
    19     0.619867     0.693419  
    20     0.609571     0.685667  
    21     0.601029     0.680673  
    22     0.591492     0.672709  
    23     0.582422     0.666982  
    24     0.575177     0.662464  
    25     0.566900     0.657018  
    26     0.559621     0.653166  
    27     0.552775     0.647975  
    28     0.545667     0.643822  
    29     0.538737     0.639785  
    30     0.531753     0.634148  
    31     0.525079     0.629240  
    32     0.518901     0.624670  
    33     0.512844     0.621239  
    34     0.506796     0.617331  
    35     0.500976     0.613183  
    36     0.495392     0.609300  
    37     0.490385     0.606790  
    38     0.485216     0.603612  
    39     0.480013     0.599983  
    40     0.474940     0.597066  
    41     0.469903     0.594122  
    42     0.465239     0.592205  
    43     0.460414     0.589388  
    44     0.455733     0.586967  
    45     0.451507     0.584888  
    46     0.447092     0.582416  
    47     0.442990     0.580631  
    48     0.438814     0.578602  
    49     0.435146     0.577238  
    50     0.431055     0.574628  
    51     0.427454     0.572716  
    52     0.423669     0.571201  
    53     0.420117     0.568741  
    54     0.416604     0.566801  
    55     0.413095     0.565453  
    56     0.409669     0.563890  
    57     0.406101     0.562006  
    58     0.402457     0.560127  
    59     0.399255     0.559124  
    60     0.395839     0.557354  
    61     0.392730     0.555883  
    62     0.389262     0.554144  
    63     0.385915     0.552048  
    64     0.382609     0.550400  
    65     0.379489     0.549041  
    66     0.376464     0.547910  
    67     0.373527     0.546453  
    68     0.370538     0.545672  
    69     0.367784     0.544596  
    70     0.364899     0.543112  
    71     0.362002     0.541840  
    72     0.358829     0.540017  
    73     0.356183     0.538919  
    74     0.353590     0.538579  
    75     0.351074     0.538019  
    76     0.348585     0.537303  
    77     0.345803     0.536293  
    78     0.343033     0.535272  
    79     0.340414     0.534368  
    80     0.337875     0.533087  
    81     0.335377     0.532446  
    82     0.332952     0.531069  
    83     0.330341     0.529760  
    84     0.327921     0.529187  
    85     0.325557     0.528581  
    86     0.323003     0.527461  
    87     0.320717     0.527228  
    88     0.318493     0.526668  
    89     0.316028     0.525988  
    90     0.313822     0.525268  
    91     0.311573     0.524108  
    92     0.309156     0.522866  
    93     0.306922     0.521507  
    94     0.304720     0.520485  
    95     0.302444     0.519791  
    96     0.300375     0.519135  
    97     0.298071     0.518153  
    98     0.295889     0.517225  
    99     0.293789     0.516483  
   100     0.291731     0.515325  
   101     0.289740     0.514327  
   102     0.287639     0.513755  
   103     0.285719     0.513152  
   104     0.283695     0.512562  
   105     0.281840     0.512442  
   106     0.279973     0.511881  
   107     0.278047     0.511144  
   108     0.276175     0.510522  
   109     0.274268     0.509858  
   110     0.272337     0.509154  
   111     0.270497     0.508623  
   112     0.268621     0.508163  
   113     0.266842     0.507402  
   114     0.264997     0.506689  
   115     0.263226     0.505803  
   116     0.261401     0.505277  
   117     0.259628     0.504734  
   118     0.257869     0.503998  
   119     0.256169     0.503732  
   120     0.254486     0.503161  
   121     0.252779     0.502817  
   122     0.251133     0.503093  
   123     0.249476     0.502309  
   124     0.247797     0.501376  
   125     0.246193     0.501655  
   126     0.244478     0.501099  
   127     0.243037     0.500730  
   128     0.241458     0.500399  
   129     0.239905     0.500322  
   130     0.238328     0.499710  
   131     0.236923     0.499409  
   132     0.235470     0.498728  
   133     0.234004     0.498466  
   134     0.232607     0.497949  
   135     0.231109     0.497499  
   136     0.229670     0.496801  
   137     0.228197     0.496174  
   138     0.226741     0.495842  
   139     0.225289     0.495451  
   140     0.223803     0.494937  
   141     0.222387     0.494705  
   142     0.220947     0.493998  
   143     0.219611     0.493687  
   144     0.218263     0.493452  
   145     0.216984     0.493240  
   146     0.215649     0.493213  
   147     0.214276     0.493224  
   148     0.212899     0.492783  
   149     0.211581     0.492161  
   150     0.210341     0.491430  
   151     0.209002     0.491073  
   152     0.207722     0.490798  
   153     0.206405     0.490300  
   154     0.205164     0.489979  
   155     0.203906     0.489529  
   156     0.202569     0.488969  
   157     0.201257     0.488479  
   158     0.199958     0.488363  
   159     0.198813     0.488352  
   160     0.197661     0.488030  
   161     0.196454     0.487875  
   162     0.195162     0.487200  
   163     0.194006     0.487004  
   164     0.192794     0.486051  
   165     0.191563     0.485558  
   166     0.190403     0.485614  
   167     0.189261     0.484984  
   168     0.188050     0.484292  
   169     0.186918     0.483351  
   170     0.185772     0.483120  
   171     0.184688     0.482655  
   172     0.183587     0.482336  
   173     0.182561     0.482394  
   174     0.181516     0.482115  
   175     0.180449     0.482230  
   176     0.179383     0.481886  
   177     0.178293     0.481757  
   178     0.177216     0.481311  
   179     0.176196     0.480686  
   180     0.175179     0.480647  
   181     0.174051     0.480471  
   182     0.173007     0.480065  
   183     0.172006     0.479924  
   184     0.170968     0.479595  
   185     0.170036     0.479477  
   186     0.168985     0.479273  
   187     0.167972     0.479421  
   188     0.167041     0.479260  
   189     0.166081     0.478953  
   190     0.165091     0.478750  
   191     0.164119     0.478550  
   192     0.163177     0.477974  
   193     0.162170     0.477499  
   194     0.161248     0.477475  
   195     0.160247     0.477137  
   196     0.159263     0.476575  
   197     0.158256     0.476090  
   198     0.157346     0.475773  
   199     0.156520     0.475569  
   200     0.155611     0.475455  
   201     0.154689     0.475203  
   202     0.153857     0.474936  
   203     0.152935     0.474574  
   204     0.152084     0.473967  
   205     0.151187     0.473566  
   206     0.150299     0.473625  
   207     0.149418     0.473524  
   208     0.148583     0.473516  
   209     0.147762     0.473435  
   210     0.146857     0.473034  
   211     0.146047     0.473073  
   212     0.145234     0.472776  
   213     0.144407     0.472522  
   214     0.143615     0.472436  
   215     0.142773     0.472288  
   216     0.142009     0.472295  
   217     0.141205     0.472061  
   218     0.140380     0.471823  
   219     0.139574     0.471944  
   220     0.138890     0.471736  
   221     0.138222     0.471549  
   222     0.137453     0.471282  
   223     0.136678     0.471165  
   224     0.135923     0.471168  
   225     0.135102     0.470886  
   226     0.134356     0.470654  
   227     0.133589     0.470667  
   228     0.132878     0.470655  
   229     0.132108     0.470731  
   230     0.131363     0.470468  
   231     0.130644     0.470553  
   232     0.129868     0.470151  
   233     0.129128     0.470151  
   234     0.128435     0.470223  
   235     0.127703     0.470172  
   236     0.127005     0.470168  
   237     0.126289     0.470140  
   238     0.125549     0.469979  
   239     0.124865     0.469552  
   240     0.124202     0.469579  
   241     0.123525     0.469323  
   242     0.122888     0.469000  
   243     0.122249     0.469063  
   244     0.121586     0.469228  
   245     0.120887     0.468928  
   246     0.120187     0.468791  
   247     0.119553     0.468890  
   248     0.118883     0.468922  
   249     0.118214     0.469041  
   250     0.117543     0.469132  
   251     0.116897     0.468964  
   252     0.116285     0.468721  
   253     0.115707     0.468538  
   254     0.115081     0.468470  
   255     0.114469     0.468192  
   256     0.113833     0.468159  
   257     0.113172     0.467891  
   258     0.112566     0.467974  
   259     0.111968     0.467828  
   260     0.111430     0.467767  
   261     0.110846     0.467284  
   262     0.110255     0.467381  
   263     0.109579     0.467009  
   264     0.108990     0.466841  
   265     0.108423     0.466925  
   266     0.107833     0.466914  
   267     0.107267     0.466685  
   268     0.106676     0.466594  
   269     0.106135     0.466549  
   270     0.105524     0.466227  
   271     0.104955     0.466022  
   272     0.104373     0.465892  
   273     0.103796     0.465645  
   274     0.103240     0.465516  
   275     0.102704     0.465463  
   276     0.102183     0.465657  
   277     0.101656     0.465437  
   278     0.101153     0.465438  
   279     0.100611     0.465269  
   280     0.100122     0.465259  
   281     0.099608     0.465108  
   282     0.099095     0.464965  
   283     0.098556     0.465018  
   284     0.098044     0.465115  
   285     0.097533     0.464896  
   286     0.097008     0.464768  
   287     0.096526     0.464653  
   288     0.096065     0.464687  
   289     0.095538     0.464654  
   290     0.095051     0.464636  
   291     0.094610     0.464656  
   292     0.094161     0.464757  
   293     0.093698     0.464539  
   294     0.093273     0.464197  
   295     0.092799     0.463903  
   296     0.092275     0.463818  
   297     0.091836     0.463684  
   298     0.091370     0.463459  
   299     0.090907     0.463248  
   300     0.090428     0.463194  
   301     0.089955     0.463190  
   302     0.089510     0.463115  
   303     0.089012     0.463011  
   304     0.088522     0.462728  
   305     0.088066     0.462623  
   306     0.087598     0.462746  
   307     0.087111     0.462605  
   308     0.086678     0.462630  
   309     0.086220     0.462617  
   310     0.085824     0.462774  
   311     0.085342     0.462709  
   312     0.084894     0.462684  
   313     0.084430     0.462730  
   314     0.083983     0.462879  
   315     0.083543     0.462679  
   316     0.083092     0.462747  
   317     0.082708     0.462564  
   318     0.082281     0.462589  
   319     0.081864     0.462240  
   320     0.081436     0.461956  
   321     0.080987     0.461445  
   322     0.080568     0.461390  
   323     0.080117     0.461344  
   324     0.079670     0.461294  
   325     0.079259     0.461325  
   326     0.078837     0.461449  
   327     0.078419     0.461246  
   328     0.078044     0.461251  
   329     0.077631     0.461188  
   330     0.077254     0.460958  
   331     0.076865     0.460875  
   332     0.076442     0.460709  
   333     0.076058     0.460481  
   334     0.075682     0.460102  
   335     0.075333     0.460115  
   336     0.074957     0.460308  
   337     0.074579     0.460184  
   338     0.074237     0.459916  
   339     0.073841     0.459755  
   340     0.073500     0.459673  
   341     0.073120     0.459513  
   342     0.072745     0.459269  
   343     0.072353     0.459229  
   344     0.071998     0.459032  
   345     0.071605     0.458838  
   346     0.071249     0.458769  
   347     0.070884     0.458780  
   348     0.070540     0.458704  
   349     0.070169     0.458794  
   350     0.069837     0.458722  
   351     0.069521     0.458809  
   352     0.069153     0.458472  
   353     0.068804     0.458405  
   354     0.068415     0.458203  
   355     0.068061     0.458063  
   356     0.067711     0.458054  
   357     0.067358     0.457796  
   358     0.067009     0.457898  
   359     0.066655     0.457919  
   360     0.066316     0.457880  
   361     0.066023     0.457868  
   362     0.065690     0.457784  
   363     0.065380     0.457709  
   364     0.065024     0.457698  
   365     0.064700     0.457654  
   366     0.064367     0.457652  
   367     0.064035     0.457622  
   368     0.063722     0.457450  
   369     0.063406     0.457381  
   370     0.063078     0.457400  
   371     0.062777     0.457502  
   372     0.062464     0.457231  
   373     0.062198     0.457381  
   374     0.061905     0.457202  
   375     0.061604     0.457013  
   376     0.061304     0.456804  
   377     0.061013     0.456780  
   378     0.060728     0.456565  
   379     0.060427     0.456355  
   380     0.060118     0.456329  
   381     0.059852     0.456347  
   382     0.059599     0.456158  
   383     0.059281     0.456125  
   384     0.058988     0.456077  
   385     0.058684     0.455955  
   386     0.058386     0.455976  
   387     0.058135     0.455963  
   388     0.057861     0.455947  
   389     0.057590     0.455899  
   390     0.057285     0.455664  
   391     0.057026     0.455499  
   392     0.056735     0.455505  
   393     0.056437     0.455492  
   394     0.056160     0.455330  
   395     0.055873     0.455184  
   396     0.055589     0.455284  
   397     0.055318     0.455093  
   398     0.055052     0.455087  
   399     0.054790     0.454982  
   400     0.054534     0.454883  
   401     0.054268     0.455068  
   402     0.053993     0.455070  
   403     0.053740     0.454991  
   404     0.053474     0.454891  
   405     0.053245     0.454862  
   406     0.052946     0.454915  
   407     0.052698     0.454825  
   408     0.052457     0.454895  
   409     0.052217     0.454727  
   410     0.051974     0.454661  
   411     0.051711     0.454494  
   412     0.051486     0.454426  
   413     0.051256     0.454428  
   414     0.050996     0.454467  
   415     0.050752     0.454517  
   416     0.050511     0.454510  
   417     0.050262     0.454473  
   418     0.050008     0.454382  
   419     0.049743     0.454513  
   420     0.049514     0.454481  
   421     0.049268     0.454494  
   422     0.049032     0.454567  
   423     0.048770     0.454630  
   424     0.048550     0.454577  
   425     0.048308     0.454534  
   426     0.048080     0.454254  
   427     0.047844     0.454362  
   428     0.047606     0.454488  
   429     0.047376     0.454506  
   430     0.047149     0.454488  
   431     0.046892     0.454429  
   432     0.046654     0.454379  
   433     0.046428     0.454159  
   434     0.046221     0.454146  
   435     0.045998     0.454166  
   436     0.045768     0.454070  
   437     0.045557     0.454063  
   438     0.045315     0.453988  
   439     0.045095     0.454035  
   440     0.044885     0.454036  
   441     0.044667     0.454000  
   442     0.044469     0.453789  
   443     0.044251     0.453853  
   444     0.044017     0.453843  
   445     0.043818     0.453804  
   446     0.043622     0.453791  
   447     0.043431     0.453793  
   448     0.043237     0.453754  
   449     0.043042     0.453743  
   450     0.042849     0.453754  
   451     0.042652     0.453820  
   452     0.042443     0.453762  
   453     0.042250     0.453716  
   454     0.042020     0.453544  
   455     0.041828     0.453541  
   456     0.041647     0.453426  
   457     0.041466     0.453327  
   458     0.041281     0.453477  
   459     0.041094     0.453512  
   460     0.040900     0.453426  
   461     0.040710     0.453343  
   462     0.040522     0.453414  
   463     0.040313     0.453383  
   464     0.040110     0.453260  
   465     0.039923     0.453140  
   466     0.039717     0.453171  
   467     0.039532     0.453126  
   468     0.039344     0.453013  
   469     0.039148     0.453024  
   470     0.038976     0.453015  
   471     0.038806     0.453003  
   472     0.038636     0.452881  
   473     0.038462     0.452744  
   474     0.038271     0.452679  
   475     0.038094     0.452651  
   476     0.037917     0.452653  
   477     0.037738     0.452729  
   478     0.037569     0.452750  
   479     0.037384     0.452543  
   480     0.037213     0.452406  
   481     0.037032     0.452335  
   482     0.036853     0.452197  
   483     0.036677     0.452229  
   484     0.036493     0.452105  
   485     0.036309     0.452005  
   486     0.036158     0.452034  
   487     0.035984     0.452239  
   488     0.035820     0.452271  
   489     0.035666     0.452310  
   490     0.035493     0.452160  
   491     0.035343     0.452120  
   492     0.035165     0.452108  
   493     0.034998     0.452032  
   494     0.034825     0.451847  
   495     0.034676     0.451798  
   496     0.034496     0.451750  
   497     0.034342     0.451810  
   498     0.034181     0.451770  
   499     0.034031     0.451816  
   500     0.033864     0.451844  
   501     0.033714     0.451842  
   502     0.033553     0.451885  
   503     0.033385     0.451968  
   504     0.033226     0.451930  
   505     0.033074     0.451777  
   506     0.032921     0.451729  
   507     0.032758     0.451715  
   508     0.032592     0.451719  
   509     0.032428     0.451645  
   510     0.032273     0.451495  
   511     0.032118     0.451534  
   512     0.031960     0.451521  
   513     0.031818     0.451381  
   514     0.031682     0.451306  
   515     0.031516     0.451264  
   516     0.031370     0.451242  
   517     0.031222     0.451254  
   518     0.031080     0.451211  
   519     0.030940     0.451259  
   520     0.030784     0.451330  
   521     0.030639     0.451263  
   522     0.030491     0.451298  
   523     0.030333     0.451232  
   524     0.030197     0.451311  
   525     0.030061     0.451279  
   526     0.029946     0.451279  
   527     0.029799     0.451292  
   528     0.029666     0.451250  
   529     0.029521     0.451238  
   530     0.029385     0.451218  
   531     0.029243     0.450975  
   532     0.029094     0.450894  
   533     0.028958     0.450752  
   534     0.028835     0.450833  
   535     0.028695     0.450735  
   536     0.028557     0.450602  
   537     0.028438     0.450498  
   538     0.028302     0.450412  
   539     0.028172     0.450361  
   540     0.028050     0.450284  
   541     0.027932     0.450214  
   542     0.027794     0.450216  
   543     0.027683     0.450156  
   544     0.027570     0.450140  
   545     0.027437     0.450118  
   546     0.027302     0.449993  
   547     0.027170     0.450078  
   548     0.027050     0.450010  
   549     0.026937     0.450037  
   550     0.026804     0.449950  
   551     0.026674     0.449826  
   552     0.026567     0.449755  
   553     0.026433     0.449670  
   554     0.026297     0.449589  
   555     0.026166     0.449635  
   556     0.026051     0.449548  
   557     0.025941     0.449498  
   558     0.025828     0.449473  
   559     0.025714     0.449440  
   560     0.025591     0.449379  
   561     0.025476     0.449335  
   562     0.025348     0.449297  
   563     0.025234     0.449339  
   564     0.025121     0.449313  
   565     0.025002     0.449202  
   566     0.024896     0.449244  
   567     0.024783     0.449262  
   568     0.024667     0.449205  
   569     0.024557     0.449380  
   570     0.024444     0.449332  
   571     0.024347     0.449313  
   572     0.024236     0.449358  
   573     0.024143     0.449415  
   574     0.024026     0.449335  
   575     0.023916     0.449317  
   576     0.023818     0.449195  
   577     0.023703     0.449236  
   578     0.023588     0.449303  
   579     0.023481     0.449280  
   580     0.023377     0.449253  
   581     0.023271     0.449198  
   582     0.023176     0.449217  
   583     0.023076     0.449225  
   584     0.022963     0.449227  
   585     0.022864     0.449243  
   586     0.022760     0.449258  
   587     0.022657     0.449229  
   588     0.022544     0.449138  
   589     0.022437     0.449212  
   590     0.022344     0.449298  
   591     0.022247     0.449282  
   592     0.022139     0.449249  
   593     0.022042     0.449222  
   594     0.021942     0.449211  
   595     0.021854     0.449200  
   596     0.021752     0.449225  
   597     0.021655     0.449193  
   598     0.021564     0.449151  
   599     0.021462     0.449144  
   600     0.021365     0.449031  
   601     0.021265     0.448922  
   602     0.021147     0.448908  
   603     0.021050     0.448944  
   604     0.020964     0.449017  
   605     0.020868     0.448994  
   606     0.020767     0.448913  
   607     0.020676     0.448990  
   608     0.020577     0.448965  
   609     0.020488     0.448924  
   610     0.020393     0.448868  
   611     0.020298     0.448814  
   612     0.020209     0.448754  
   613     0.020110     0.448723  
   614     0.020022     0.448694  
   615     0.019932     0.448686  
   616     0.019826     0.448639  
   617     0.019739     0.448638  
   618     0.019650     0.448677  
   619     0.019566     0.448671  
   620     0.019489     0.448700  
   621     0.019395     0.448768  
   622     0.019308     0.448716  
   623     0.019221     0.448712  
   624     0.019130     0.448606  
   625     0.019038     0.448590  
   626     0.018949     0.448643  
   627     0.018865     0.448621  
   628     0.018778     0.448606  
   629     0.018694     0.448548  
   630     0.018617     0.448521  
   631     0.018523     0.448586  
   632     0.018438     0.448574  
   633     0.018361     0.448500  
   634     0.018278     0.448507  
   635     0.018209     0.448475  
   636     0.018124     0.448441  
   637     0.018038     0.448477  
   638     0.017964     0.448464  
   639     0.017881     0.448491  
   640     0.017796     0.448415  
   641     0.017709     0.448409  
   642     0.017620     0.448354  
   643     0.017538     0.448370  
   644     0.017458     0.448369  
   645     0.017377     0.448331  
   646     0.017296     0.448338  
   647     0.017221     0.448217  
   648     0.017141     0.448252  
   649     0.017057     0.448241  
   650     0.016983     0.448197  
   651     0.016901     0.448151  
   652     0.016827     0.448122  
   653     0.016749     0.448166  
   654     0.016671     0.448153  
   655     0.016600     0.448006  
   656     0.016520     0.447962  
   657     0.016437     0.447878  
   658     0.016356     0.447878  
   659     0.016287     0.447851  
   660     0.016219     0.447824  
   661     0.016151     0.447808  
   662     0.016080     0.447691  
   663     0.016005     0.447672  
   664     0.015931     0.447662  
   665     0.015859     0.447680  
   666     0.015787     0.447674  
   667     0.015715     0.447676  
   668     0.015650     0.447624  
   669     0.015577     0.447596  
   670     0.015511     0.447576  
   671     0.015442     0.447589  
   672     0.015378     0.447611  
   673     0.015304     0.447528  
   674     0.015238     0.447478  
   675     0.015172     0.447484  
   676     0.015099     0.447430  
   677     0.015031     0.447413  
   678     0.014963     0.447458  
   679     0.014898     0.447447  
   680     0.014834     0.447463  
   681     0.014762     0.447484  
   682     0.014696     0.447546  
   683     0.014632     0.447541  
   684     0.014574     0.447485  
   685     0.014504     0.447397  
   686     0.014442     0.447417  
   687     0.014371     0.447394  
   688     0.014308     0.447344  
   689     0.014248     0.447274  
   690     0.014182     0.447308  
   691     0.014120     0.447290  
   692     0.014060     0.447302  
   693     0.013995     0.447289  
   694     0.013935     0.447175  
   695     0.013871     0.447191  
   696     0.013810     0.447217  
   697     0.013749     0.447256  
   698     0.013686     0.447158  
   699     0.013626     0.447199  
   700     0.013565     0.447138  
   701     0.013508     0.447154  
   702     0.013451     0.447157  
   703     0.013390     0.447148  
   704     0.013324     0.447087  
   705     0.013266     0.447007  
   706     0.013203     0.446962  
   707     0.013146     0.446887  
   708     0.013090     0.446920  
   709     0.013030     0.446953  
   710     0.012970     0.446982  
   711     0.012911     0.447052  
   712     0.012856     0.447012  
   713     0.012793     0.446969  
   714     0.012736     0.446962  
   715     0.012680     0.446928  
   716     0.012617     0.446860  
   717     0.012559     0.446879  
   718     0.012503     0.446876  
   719     0.012446     0.446923  
   720     0.012393     0.446914  
   721     0.012337     0.446783  
   722     0.012284     0.446772  
   723     0.012228     0.446750  
   724     0.012175     0.446771  
   725     0.012125     0.446705  
   726     0.012070     0.446644  
   727     0.012016     0.446547  
   728     0.011963     0.446541  
   729     0.011910     0.446563  
   730     0.011857     0.446543  
   731     0.011809     0.446541  
   732     0.011760     0.446504  
   733     0.011713     0.446485  
   734     0.011662     0.446421  
   735     0.011607     0.446443  
   736     0.011550     0.446446  
   737     0.011502     0.446450  
   738     0.011453     0.446426  
   739     0.011404     0.446456  
   740     0.011349     0.446477  
   741     0.011296     0.446465  
   742     0.011240     0.446454  
   743     0.011189     0.446399  
   744     0.011145     0.446415  
   745     0.011093     0.446402  
   746     0.011043     0.446434  
   747     0.010992     0.446377  
   748     0.010949     0.446332  
   749     0.010905     0.446299  
   750     0.010861     0.446289  
   751     0.010813     0.446227  
   752     0.010765     0.446186  
   753     0.010723     0.446203  
   754     0.010681     0.446201  
   755     0.010636     0.446218  
   756     0.010587     0.446274  
   757     0.010540     0.446319  
   758     0.010489     0.446268  
   759     0.010442     0.446228  
   760     0.010395     0.446202  
   761     0.010347     0.446176  
   762     0.010300     0.446169  * best
   763     0.010249     0.446242  
   764     0.010202     0.446273  
   765     0.010157     0.446320  
   766     0.010116     0.446385  
   767     0.010069     0.446483  
   768     0.010028     0.446392  
   769     0.009985     0.446378  
   770     0.009939     0.446373  
   771     0.009894     0.446350  
   772     0.009850     0.446298  
   773     0.009808     0.446290  
   774     0.009765     0.446278  
   775     0.009723     0.446305  
   776     0.009681     0.446276  
   777     0.009637     0.446282  
   778     0.009597     0.446318  
   779     0.009560     0.446320  
   780     0.009516     0.446405  
   781     0.009473     0.446351  
   782     0.009430     0.446394  
   783     0.009390     0.446369  
   784     0.009353     0.446412  
   785     0.009311     0.446408  
   786     0.009268     0.446435  
   787     0.009229     0.446456  
   788     0.009184     0.446453  
   789     0.009142     0.446459  
   790     0.009100     0.446564  
   791     0.009057     0.446523  
   792     0.009018     0.446537  
   793     0.008977     0.446588  
   794     0.008935     0.446565  
   795     0.008901     0.446545  
   796     0.008858     0.446503  
   797     0.008820     0.446506  
   798     0.008779     0.446507  
   799     0.008745     0.446516  
   800     0.008709     0.446532  
   801     0.008667     0.446487  
   802     0.008627     0.446440  
   803     0.008591     0.446471  
   804     0.008553     0.446423  
   805     0.008516     0.446354  
   806     0.008480     0.446351  
   807     0.008442     0.446296  
   808     0.008403     0.446299  
   809     0.008367     0.446346  
   810     0.008331     0.446369  
   811     0.008293     0.446356  
   812     0.008256     0.446357  
   813     0.008219     0.446407  
   814     0.008185     0.446373  
   815     0.008146     0.446454  
   816     0.008106     0.446435  
   817     0.008072     0.446415  
   818     0.008036     0.446347  
   819     0.008001     0.446332  
   820     0.007968     0.446306  
   821     0.007932     0.446307  
   822     0.007897     0.446295  
   823     0.007861     0.446276  
   824     0.007823     0.446302  
   825     0.007790     0.446334  
   826     0.007756     0.446379  
   827     0.007728     0.446365  
   828     0.007695     0.446409  
   829     0.007663     0.446374  
   830     0.007628     0.446402  
   831     0.007596     0.446417  
   832     0.007560     0.446430  
   833     0.007526     0.446349  
   834     0.007491     0.446329  
   835     0.007461     0.446330  
   836     0.007430     0.446318  
   837     0.007399     0.446339  
   838     0.007365     0.446320  
   839     0.007330     0.446323  
   840     0.007301     0.446295  
   841     0.007269     0.446272  
   842     0.007239     0.446259  
   843     0.007207     0.446195  
   844     0.007176     0.446216  
   845     0.007145     0.446194  
   846     0.007113     0.446192  
   847     0.007083     0.446255  
   848     0.007052     0.446253  
   849     0.007020     0.446254  
   850     0.006989     0.446264  
   851     0.006960     0.446265  
   852     0.006930     0.446263  
   853     0.006897     0.446234  
   854     0.006865     0.446235  
   855     0.006836     0.446251  
   856     0.006810     0.446265  
   857     0.006781     0.446279  
   858     0.006754     0.446276  
   859     0.006724     0.446305  
   860     0.006698     0.446288  
   861     0.006667     0.446238  
   862     0.006638     0.446285  
# best iteration 762 (val l2 0.446169)
# Spearman  train +0.9921  val +0.7520  test +0.7477
