# seq+boltz_pooled seed 3
# sequence baseline concatenated with the Boltz pooled blocks
# input dim 2407, 312,385 parameters
# Linear(n_in,128) -> GELU -> Dropout(0.3) -> Linear(128,32) -> GELU -> Dropout(0.3) -> Linear(32,1)
# Adam lr=0.001 weight_decay=0.0001 batch=32 dropout=0.3
# loss = MSE on standardised log10 half-life
# early stopping on validation loss, patience 40, max 300 epochs
#
 epoch  train_batch        train          val  note
     1     0.617123     0.395449     0.514846  * best
     2     0.450717     0.294289     0.466429  * best
     3     0.377693     0.252339     0.455974  * best
     4     0.335077     0.217052     0.458873  
     5     0.292298     0.192423     0.443568  * best
     6     0.272815     0.165940     0.432071  * best
     7     0.252046     0.158134     0.441837  
     8     0.238814     0.143023     0.431005  * best
     9     0.225759     0.127235     0.428857  * best
    10     0.205925     0.108400     0.447109  
    11     0.200941     0.111223     0.427151  * best
    12     0.181592     0.093411     0.422903  * best
    13     0.186379     0.084448     0.426798  
    14     0.180864     0.087093     0.431020  
    15     0.178361     0.082768     0.435449  
    16     0.168201     0.076930     0.425330  
    17     0.158225     0.092347     0.437452  
    18     0.158617     0.081414     0.439560  
    19     0.158580     0.074028     0.423966  
    20     0.150390     0.070454     0.429178  
    21     0.147117     0.075262     0.434939  
    22     0.150248     0.074632     0.431321  
    23     0.141259     0.063645     0.428804  
    24     0.140879     0.097209     0.434628  
    25     0.137279     0.062058     0.429429  
    26     0.139390     0.062408     0.435513  
    27     0.137328     0.075469     0.446738  
    28     0.133635     0.060475     0.438366  
    29     0.135569     0.066726     0.432577  
    30     0.132968     0.059963     0.418922  * best
    31     0.131835     0.062462     0.435747  
    32     0.128738     0.057447     0.441699  
    33     0.125524     0.057804     0.418999  
    34     0.124086     0.065065     0.437579  
    35     0.123124     0.049028     0.434542  
    36     0.126805     0.064063     0.451708  
    37     0.125237     0.058472     0.425826  
    38     0.118102     0.056266     0.422690  
    39     0.114999     0.050321     0.423972  
    40     0.119956     0.051724     0.425845  
    41     0.115151     0.050709     0.435642  
    42     0.117411     0.052871     0.432432  
    43     0.114581     0.053319     0.433942  
    44     0.125401     0.058120     0.425152  
    45     0.117444     0.054258     0.423182  
    46     0.117053     0.050589     0.450079  
    47     0.115116     0.051580     0.440985  
    48     0.114711     0.057877     0.464635  
    49     0.114391     0.044741     0.425433  
    50     0.110223     0.045530     0.439599  
    51     0.113717     0.059451     0.425180  
    52     0.114544     0.050768     0.426460  
    53     0.113271     0.057398     0.444990  
    54     0.114283     0.057613     0.438300  
    55     0.109163     0.048327     0.439847  
    56     0.109078     0.043452     0.447072  
    57     0.107038     0.055551     0.441324  
    58     0.114003     0.050460     0.460177  
    59     0.109832     0.053112     0.436053  
    60     0.107553     0.044470     0.425584  
    61     0.109793     0.050611     0.436099  
    62     0.111738     0.045422     0.436837  
    63     0.106537     0.059407     0.435056  
    64     0.109083     0.046607     0.422065  
    65     0.107718     0.046510     0.447219  
    66     0.107763     0.047848     0.425407  
    67     0.106399     0.044358     0.436585  
    68     0.105257     0.045179     0.427573  
    69     0.105073     0.049785     0.431342  
    70     0.107916     0.043287     0.434085  
# stopped at epoch 70: no improvement for 40 epochs
# restored epoch 30 (val MSE 0.418922)
# Spearman  train +0.9710  val +0.7718  test +0.7782
