# mlp_energy seed 0
# perceptron on energy
# inputs [(430,)], 59,329 parameters
# Linear(n_in,128) -> GELU -> Dropout(0.3) -> Linear(128,32) -> GELU -> Dropout(0.3) -> Linear(32,1)
# Adam lr=0.001 weight_decay=0.0001 batch=32 dropout=0.3
# loss = MSE on standardised log10 half-life
# early stopping on validation loss, patience 40, max 300 epochs
#
 epoch  train_batch        train          val  note
     1     0.720800     0.612752     0.763749  * best
     2     0.642971     0.556047     0.780605  
     3     0.599105     0.526206     0.703488  * best
     4     0.577612     0.506105     0.751883  
     5     0.550152     0.477677     0.758128  
     6     0.526720     0.436296     0.823337  
     7     0.511292     0.425443     0.761335  
     8     0.494902     0.407555     0.791062  
     9     0.476171     0.396817     0.814718  
    10     0.464647     0.370041     0.782833  
    11     0.454340     0.368065     0.758371  
    12     0.441218     0.345577     0.795468  
    13     0.422347     0.340124     0.772601  
    14     0.417904     0.357355     0.740915  
    15     0.410261     0.316783     0.802025  
    16     0.405589     0.302796     0.776976  
    17     0.396051     0.288581     0.832674  
    18     0.392212     0.284259     0.849724  
    19     0.378684     0.284802     0.821239  
    20     0.375479     0.273350     0.825482  
    21     0.362573     0.267943     0.838631  
    22     0.358733     0.269492     0.822532  
    23     0.367606     0.275111     0.782956  
    24     0.354176     0.245058     0.849597  
    25     0.349517     0.250201     0.808865  
    26     0.338393     0.236367     0.825789  
    27     0.338278     0.247751     0.826173  
    28     0.334328     0.242152     0.821305  
    29     0.325564     0.215215     0.916590  
    30     0.329573     0.229465     0.865790  
    31     0.323933     0.237196     0.860556  
    32     0.313179     0.220468     0.856514  
    33     0.315253     0.205220     0.876501  
    34     0.305571     0.213678     0.847571  
    35     0.311728     0.205706     0.885096  
    36     0.307849     0.206660     0.834897  
    37     0.302887     0.204693     0.843825  
    38     0.295760     0.196608     0.851396  
    39     0.289746     0.188821     0.854000  
    40     0.291517     0.192633     0.848817  
    41     0.294149     0.190722     0.858827  
    42     0.293222     0.188410     0.850909  
    43     0.285329     0.190812     0.817623  
# stopped at epoch 43: no improvement for 40 epochs
# restored epoch 3 (val MSE 0.703488)
# Spearman  train +0.6990  val +0.2314  test +0.2893
