# mlp_seq+boltz+node+energy seed 2
# perceptron on seq+boltz+node+energy
# inputs [(14357,)], 1,841,985 parameters
# Linear(n_in,128) -> GELU -> Dropout(0.3) -> Linear(128,32) -> GELU -> Dropout(0.3) -> Linear(32,1)
# Adam lr=0.001 weight_decay=0.0001 batch=32 dropout=0.3
# loss = MSE on standardised log10 half-life
# early stopping on validation loss, patience 40, max 300 epochs
#
 epoch  train_batch        train          val  note
     1     1.558970     1.719630     0.775871  * best
     2     1.664938     1.314986     0.686204  * best
     3     1.642708     0.611837     0.688491  
     4     0.636994     0.471106     0.643765  * best
     5     0.584499     0.405692     0.644737  
     6     0.490928     0.382102     0.610412  * best
     7     0.510535     0.336374     0.625157  
     8     0.501224     0.385983     0.645204  
     9     0.488217     0.323507     0.613651  
    10     0.466470     0.344003     0.703540  
    11     0.460665     0.327598     0.611608  
    12     0.428046     0.279733     0.600577  * best
    13     0.390545     0.264603     0.610847  
    14     0.368900     0.255624     0.639206  
    15     0.365437     0.384106     0.666328  
    16     0.372546     0.244827     0.614230  
    17     0.350152     0.239186     0.599788  * best
    18     0.343151     0.213067     0.613467  
    19     0.333251     0.195993     0.657154  
    20     0.343271     0.224514     0.601656  
    21     0.347740     0.235805     0.643649  
    22     0.373484     0.213286     0.603774  
    23     0.319395     0.199985     0.604193  
    24     0.307353     0.179208     0.625478  
    25     0.343541     0.200606     0.647298  
    26     0.313415     0.188266     0.605247  
    27     0.326235     0.176591     0.605189  
    28     0.321736     0.192189     0.606363  
    29     0.310185     0.195509     0.571283  * best
    30     0.311333     0.179019     0.627054  
    31     0.305760     0.175245     0.619155  
    32     0.304913     0.181118     0.631774  
    33     0.311870     0.170007     0.622903  
    34     0.305826     0.203799     0.691847  
    35     0.304581     0.196026     0.611872  
    36     0.299609     0.165438     0.605115  
    37     0.302477     0.200089     0.643467  
    38     0.303477     0.179001     0.641176  
    39     0.307685     0.186918     0.634020  
    40     0.286985     0.159237     0.624073  
    41     0.286280     0.200597     0.592161  
    42     0.287698     0.177195     0.612173  
    43     0.296097     0.173865     0.608373  
    44     0.293266     0.178407     0.615363  
    45     0.282490     0.217177     0.635613  
    46     0.280699     0.174698     0.578654  
    47     0.286919     0.160247     0.628808  
    48     0.291752     0.160382     0.640781  
    49     0.291009     0.180782     0.606897  
    50     0.289406     0.163641     0.627165  
    51     0.294770     0.223890     0.631738  
    52     0.299243     0.161067     0.618065  
    53     0.299134     0.160833     0.621006  
    54     0.283610     0.174498     0.638406  
    55     0.280576     0.179599     0.617344  
    56     0.286154     0.156164     0.612774  
    57     0.287529     0.163436     0.612630  
    58     0.279934     0.179065     0.627556  
    59     0.296791     0.173594     0.637598  
    60     0.284775     0.142611     0.631372  
    61     0.270102     0.160335     0.631581  
    62     0.283352     0.164725     0.667191  
    63     0.280576     0.173045     0.632200  
    64     0.281628     0.148035     0.654633  
    65     0.282169     0.175195     0.600855  
    66     0.279387     0.204536     0.578741  
    67     0.448070     0.215594     0.600630  
    68     0.344355     0.237895     0.583403  
    69     0.327349     0.197568     0.578754  
# stopped at epoch 69: no improvement for 40 epochs
# restored epoch 29 (val MSE 0.571283)
# Spearman  train +0.9104  val +0.4806  test +0.4826
