# gbm_node+energy+edge seed 2
# boosted trees on node+energy+edge
# inputs 26400, 2,032 trees
# LightGBM gradient-boosted trees, objective l2, lr 0.05, num_leaves 31, min_data_in_leaf 20, feature_fraction 0.3, bagging 0.8, lambda_l2 1.0, up to 3000 rounds, early stopping 100 on validation l2
# loss = l2 on standardised log10 half-life
#
 round        train          val  note
     1     0.965359     0.977855  
     2     0.932103     0.948326  
     3     0.902341     0.925303  
     4     0.874478     0.901012  
     5     0.850699     0.879791  
     6     0.827655     0.859282  
     7     0.804402     0.840059  
     8     0.783150     0.821669  
     9     0.763113     0.804797  
    10     0.744167     0.788872  
    11     0.727481     0.774385  
    12     0.712987     0.763114  
    13     0.697995     0.750356  
    14     0.684545     0.740935  
    15     0.671217     0.729560  
    16     0.657881     0.718347  
    17     0.644986     0.707797  
    18     0.632154     0.697797  
    19     0.622534     0.689869  
    20     0.612750     0.681770  
    21     0.602733     0.675637  
    22     0.593894     0.669771  
    23     0.584741     0.662510  
    24     0.576538     0.656456  
    25     0.567177     0.650509  
    26     0.559523     0.644698  
    27     0.551151     0.638370  
    28     0.544225     0.634160  
    29     0.537264     0.629414  
    30     0.530371     0.624006  
    31     0.524070     0.619762  
    32     0.517733     0.616457  
    33     0.511770     0.612831  
    34     0.506211     0.610261  
    35     0.500317     0.607150  
    36     0.495038     0.603657  
    37     0.489211     0.599533  
    38     0.484450     0.596984  
    39     0.479319     0.594217  
    40     0.474365     0.591874  
    41     0.469415     0.589455  
    42     0.465023     0.586607  
    43     0.460443     0.584717  
    44     0.455650     0.581840  
    45     0.451381     0.579284  
    46     0.447199     0.577598  
    47     0.443219     0.575642  
    48     0.438899     0.572924  
    49     0.434830     0.571045  
    50     0.431114     0.570603  
    51     0.427396     0.569575  
    52     0.423742     0.568104  
    53     0.419774     0.566672  
    54     0.416313     0.565399  
    55     0.412732     0.563791  
    56     0.409218     0.562163  
    57     0.405901     0.560434  
    58     0.402252     0.558709  
    59     0.398913     0.557023  
    60     0.395979     0.556380  
    61     0.392842     0.555003  
    62     0.389925     0.554174  
    63     0.386632     0.552642  
    64     0.383351     0.550690  
    65     0.380448     0.549898  
    66     0.377326     0.548578  
    67     0.374295     0.547059  
    68     0.371292     0.545730  
    69     0.368483     0.544992  
    70     0.365589     0.543475  
    71     0.362819     0.542417  
    72     0.359843     0.541667  
    73     0.357220     0.540349  
    74     0.354377     0.539377  
    75     0.351723     0.537794  
    76     0.348708     0.536993  
    77     0.346180     0.536121  
    78     0.343674     0.535296  
    79     0.341152     0.534048  
    80     0.338520     0.532369  
    81     0.335945     0.532233  
    82     0.333421     0.531710  
    83     0.330978     0.530328  
    84     0.328477     0.529476  
    85     0.326168     0.528497  
    86     0.323991     0.527892  
    87     0.321659     0.526771  
    88     0.319356     0.526839  
    89     0.316837     0.525751  
    90     0.314575     0.525156  
    91     0.312238     0.524423  
    92     0.309945     0.523356  
    93     0.307622     0.522319  
    94     0.305397     0.521390  
    95     0.303120     0.520505  
    96     0.300988     0.519973  
    97     0.298782     0.519356  
    98     0.296761     0.518092  
    99     0.294587     0.517302  
   100     0.292557     0.516799  
   101     0.290586     0.516099  
   102     0.288561     0.515713  
   103     0.286557     0.514875  
   104     0.284593     0.514692  
   105     0.282705     0.513763  
   106     0.280786     0.513369  
   107     0.278842     0.513004  
   108     0.276915     0.512155  
   109     0.275044     0.512270  
   110     0.273311     0.511746  
   111     0.271538     0.510792  
   112     0.269632     0.510145  
   113     0.267846     0.509550  
   114     0.266195     0.508973  
   115     0.264328     0.508342  
   116     0.262658     0.508147  
   117     0.260998     0.507528  
   118     0.259226     0.506815  
   119     0.257568     0.506052  
   120     0.255823     0.505802  
   121     0.254160     0.505834  
   122     0.252653     0.505749  
   123     0.251063     0.505441  
   124     0.249331     0.505027  
   125     0.247691     0.504623  
   126     0.246156     0.503803  
   127     0.244466     0.502901  
   128     0.242888     0.502413  
   129     0.241293     0.502320  
   130     0.239706     0.501665  
   131     0.238162     0.501057  
   132     0.236639     0.500363  
   133     0.235151     0.499974  
   134     0.233567     0.499344  
   135     0.231979     0.498838  
   136     0.230533     0.498505  
   137     0.229061     0.498270  
   138     0.227641     0.498150  
   139     0.226184     0.497924  
   140     0.224928     0.497415  
   141     0.223469     0.496532  
   142     0.222006     0.495683  
   143     0.220535     0.495299  
   144     0.219166     0.495478  
   145     0.217768     0.495403  
   146     0.216452     0.495178  
   147     0.215174     0.494878  
   148     0.213867     0.494676  
   149     0.212529     0.494226  
   150     0.211243     0.493554  
   151     0.209953     0.492989  
   152     0.208662     0.492263  
   153     0.207337     0.491953  
   154     0.206035     0.491135  
   155     0.204734     0.490546  
   156     0.203383     0.490155  
   157     0.202133     0.489797  
   158     0.200898     0.489235  
   159     0.199649     0.488727  
   160     0.198443     0.487982  
   161     0.197257     0.487722  
   162     0.196014     0.486911  
   163     0.194846     0.486653  
   164     0.193632     0.486222  
   165     0.192422     0.486148  
   166     0.191270     0.485903  
   167     0.190128     0.485202  
   168     0.189033     0.484580  
   169     0.187770     0.484182  
   170     0.186563     0.483779  
   171     0.185494     0.483299  
   172     0.184370     0.482852  
   173     0.183312     0.482773  
   174     0.182188     0.482674  
   175     0.181093     0.482299  
   176     0.179974     0.481899  
   177     0.178939     0.481732  
   178     0.177827     0.481652  
   179     0.176747     0.481172  
   180     0.175779     0.481285  
   181     0.174749     0.480907  
   182     0.173676     0.480865  
   183     0.172655     0.480399  
   184     0.171661     0.480008  
   185     0.170660     0.479893  
   186     0.169618     0.479478  
   187     0.168639     0.479178  
   188     0.167665     0.479364  
   189     0.166735     0.478972  
   190     0.165860     0.478764  
   191     0.164908     0.478662  
   192     0.163908     0.478555  
   193     0.162953     0.478115  
   194     0.162058     0.477886  
   195     0.161098     0.477607  
   196     0.160228     0.477435  
   197     0.159369     0.477399  
   198     0.158397     0.477491  
   199     0.157499     0.477164  
   200     0.156544     0.476856  
   201     0.155611     0.476564  
   202     0.154705     0.476144  
   203     0.153797     0.475940  
   204     0.152916     0.475936  
   205     0.152061     0.475901  
   206     0.151197     0.475830  
   207     0.150369     0.475834  
   208     0.149427     0.475631  
   209     0.148597     0.475401  
   210     0.147729     0.475207  
   211     0.146914     0.475299  
   212     0.146079     0.475170  
   213     0.145267     0.474887  
   214     0.144464     0.474825  
   215     0.143684     0.474680  
   216     0.142843     0.474400  
   217     0.142005     0.473913  
   218     0.141246     0.474115  
   219     0.140501     0.473791  
   220     0.139688     0.473474  
   221     0.138886     0.473337  
   222     0.138108     0.473147  
   223     0.137321     0.472926  
   224     0.136527     0.472823  
   225     0.135768     0.472500  
   226     0.135015     0.472277  
   227     0.134291     0.472086  
   228     0.133600     0.471967  
   229     0.132857     0.471933  
   230     0.132095     0.471732  
   231     0.131322     0.471369  
   232     0.130600     0.471245  
   233     0.129852     0.471217  
   234     0.129151     0.471074  
   235     0.128453     0.470756  
   236     0.127744     0.470310  
   237     0.127042     0.470059  
   238     0.126416     0.470080  
   239     0.125763     0.470145  
   240     0.125073     0.469985  
   241     0.124431     0.469661  
   242     0.123696     0.469544  
   243     0.122952     0.469501  
   244     0.122290     0.469449  
   245     0.121541     0.469106  
   246     0.120859     0.469041  
   247     0.120218     0.469125  
   248     0.119554     0.469054  
   249     0.118881     0.468816  
   250     0.118251     0.468518  
   251     0.117612     0.468484  
   252     0.116995     0.468308  
   253     0.116345     0.468219  
   254     0.115678     0.467904  
   255     0.115053     0.467948  
   256     0.114378     0.467670  
   257     0.113763     0.467355  
   258     0.113144     0.467309  
   259     0.112534     0.467164  
   260     0.111964     0.467203  
   261     0.111397     0.467114  
   262     0.110793     0.467009  
   263     0.110189     0.466845  
   264     0.109584     0.466884  
   265     0.109007     0.466537  
   266     0.108418     0.466521  
   267     0.107855     0.466415  
   268     0.107290     0.466425  
   269     0.106777     0.466281  
   270     0.106246     0.466163  
   271     0.105654     0.466024  
   272     0.105086     0.466074  
   273     0.104547     0.466031  
   274     0.103995     0.465831  
   275     0.103500     0.465780  
   276     0.102988     0.465662  
   277     0.102467     0.465771  
   278     0.101955     0.465879  
   279     0.101435     0.465849  
   280     0.100884     0.465847  
   281     0.100362     0.465837  
   282     0.099854     0.465641  
   283     0.099319     0.465449  
   284     0.098774     0.465172  
   285     0.098256     0.465014  
   286     0.097779     0.464993  
   287     0.097290     0.465033  
   288     0.096792     0.465097  
   289     0.096282     0.465116  
   290     0.095796     0.464890  
   291     0.095288     0.464981  
   292     0.094791     0.465230  
   293     0.094298     0.464998  
   294     0.093798     0.464778  
   295     0.093347     0.464409  
   296     0.092871     0.464181  
   297     0.092383     0.464181  
   298     0.091939     0.464073  
   299     0.091439     0.464048  
   300     0.090960     0.464246  
   301     0.090466     0.464253  
   302     0.090038     0.464011  
   303     0.089536     0.464026  
   304     0.089096     0.463869  
   305     0.088641     0.463721  
   306     0.088213     0.463670  
   307     0.087738     0.463659  
   308     0.087283     0.463733  
   309     0.086848     0.463721  
   310     0.086382     0.463747  
   311     0.085991     0.463638  
   312     0.085547     0.463438  
   313     0.085146     0.463446  
   314     0.084686     0.463177  
   315     0.084248     0.463187  
   316     0.083816     0.463112  
   317     0.083383     0.462970  
   318     0.082953     0.462883  
   319     0.082531     0.462895  
   320     0.082098     0.462771  
   321     0.081668     0.462570  
   322     0.081213     0.462524  
   323     0.080768     0.462546  
   324     0.080367     0.462622  
   325     0.079916     0.462651  
   326     0.079488     0.462465  
   327     0.079111     0.462325  
   328     0.078686     0.462114  
   329     0.078313     0.462101  
   330     0.077889     0.462006  
   331     0.077502     0.462118  
   332     0.077108     0.462250  
   333     0.076706     0.462241  
   334     0.076352     0.462096  
   335     0.075949     0.462103  
   336     0.075541     0.462021  
   337     0.075168     0.462136  
   338     0.074772     0.461892  
   339     0.074403     0.461800  
   340     0.074017     0.461669  
   341     0.073640     0.461390  
   342     0.073267     0.461313  
   343     0.072891     0.461274  
   344     0.072528     0.460959  
   345     0.072138     0.460777  
   346     0.071758     0.460564  
   347     0.071453     0.460461  
   348     0.071109     0.460498  
   349     0.070766     0.460212  
   350     0.070418     0.460184  
   351     0.070049     0.460222  
   352     0.069714     0.460073  
   353     0.069384     0.459931  
   354     0.069031     0.459873  
   355     0.068687     0.459789  
   356     0.068320     0.459509  
   357     0.067978     0.459543  
   358     0.067636     0.459396  
   359     0.067279     0.459115  
   360     0.066934     0.459066  
   361     0.066571     0.458799  
   362     0.066234     0.458677  
   363     0.065920     0.458607  
   364     0.065567     0.458666  
   365     0.065237     0.458564  
   366     0.064933     0.458535  
   367     0.064629     0.458303  
   368     0.064331     0.458308  
   369     0.064011     0.458227  
   370     0.063686     0.458158  
   371     0.063373     0.458185  
   372     0.063075     0.458218  
   373     0.062781     0.458015  
   374     0.062469     0.458072  
   375     0.062184     0.457848  
   376     0.061866     0.457722  
   377     0.061593     0.457529  
   378     0.061292     0.457589  
   379     0.061017     0.457590  
   380     0.060699     0.457543  
   381     0.060394     0.457479  
   382     0.060056     0.457185  
   383     0.059759     0.457190  
   384     0.059460     0.457127  
   385     0.059183     0.457003  
   386     0.058901     0.456976  
   387     0.058624     0.456886  
   388     0.058335     0.456823  
   389     0.058069     0.456667  
   390     0.057768     0.456525  
   391     0.057483     0.456470  
   392     0.057214     0.456316  
   393     0.056939     0.456242  
   394     0.056659     0.456365  
   395     0.056370     0.456364  
   396     0.056075     0.456284  
   397     0.055791     0.456081  
   398     0.055526     0.456004  
   399     0.055268     0.455959  
   400     0.054977     0.456032  
   401     0.054709     0.456143  
   402     0.054467     0.456080  
   403     0.054199     0.455996  
   404     0.053925     0.456135  
   405     0.053672     0.456099  
   406     0.053384     0.456232  
   407     0.053137     0.456196  
   408     0.052876     0.455957  
   409     0.052617     0.455910  
   410     0.052353     0.455850  
   411     0.052083     0.455651  
   412     0.051824     0.455588  
   413     0.051586     0.455637  
   414     0.051334     0.455787  
   415     0.051070     0.455693  
   416     0.050823     0.455659  
   417     0.050600     0.455598  
   418     0.050368     0.455550  
   419     0.050132     0.455433  
   420     0.049910     0.455447  
   421     0.049676     0.455348  
   422     0.049431     0.455282  
   423     0.049184     0.455249  
   424     0.048932     0.455169  
   425     0.048675     0.455012  
   426     0.048443     0.455057  
   427     0.048206     0.454875  
   428     0.047973     0.454886  
   429     0.047721     0.454962  
   430     0.047513     0.455014  
   431     0.047284     0.454920  
   432     0.047053     0.454874  
   433     0.046829     0.454739  
   434     0.046584     0.454763  
   435     0.046353     0.454589  
   436     0.046158     0.454531  
   437     0.045921     0.454456  
   438     0.045681     0.454410  
   439     0.045443     0.454397  
   440     0.045232     0.454324  
   441     0.045026     0.454290  
   442     0.044798     0.454310  
   443     0.044585     0.454121  
   444     0.044380     0.454033  
   445     0.044161     0.454242  
   446     0.043951     0.454205  
   447     0.043758     0.454097  
   448     0.043542     0.454102  
   449     0.043306     0.454086  
   450     0.043109     0.454055  
   451     0.042893     0.453959  
   452     0.042701     0.454087  
   453     0.042478     0.454074  
   454     0.042247     0.454059  
   455     0.042061     0.454027  
   456     0.041855     0.453948  
   457     0.041633     0.453907  
   458     0.041429     0.453957  
   459     0.041245     0.453961  
   460     0.041045     0.453967  
   461     0.040859     0.453965  
   462     0.040642     0.453915  
   463     0.040442     0.453811  
   464     0.040256     0.453751  
   465     0.040054     0.453729  
   466     0.039859     0.453760  
   467     0.039669     0.453709  
   468     0.039499     0.453702  
   469     0.039285     0.453566  
   470     0.039098     0.453537  
   471     0.038907     0.453374  
   472     0.038724     0.453317  
   473     0.038543     0.453290  
   474     0.038361     0.453386  
   475     0.038171     0.453390  
   476     0.037982     0.453460  
   477     0.037800     0.453411  
   478     0.037627     0.453500  
   479     0.037460     0.453399  
   480     0.037273     0.453252  
   481     0.037108     0.453178  
   482     0.036926     0.453170  
   483     0.036756     0.453158  
   484     0.036598     0.453161  
   485     0.036429     0.453097  
   486     0.036272     0.453089  
   487     0.036084     0.452959  
   488     0.035921     0.452996  
   489     0.035742     0.452882  
   490     0.035588     0.452846  
   491     0.035423     0.452796  
   492     0.035245     0.452676  
   493     0.035085     0.452644  
   494     0.034904     0.452735  
   495     0.034764     0.452696  
   496     0.034605     0.452699  
   497     0.034430     0.452650  
   498     0.034266     0.452476  
   499     0.034109     0.452399  
   500     0.033951     0.452398  
   501     0.033790     0.452262  
   502     0.033636     0.452372  
   503     0.033465     0.452442  
   504     0.033324     0.452475  
   505     0.033173     0.452385  
   506     0.033013     0.452180  
   507     0.032852     0.452253  
   508     0.032700     0.452237  
   509     0.032534     0.452294  
   510     0.032379     0.452244  
   511     0.032228     0.452172  
   512     0.032060     0.452156  
   513     0.031910     0.452029  
   514     0.031737     0.451920  
   515     0.031593     0.451909  
   516     0.031445     0.451894  
   517     0.031301     0.451966  
   518     0.031146     0.451862  
   519     0.031008     0.451806  
   520     0.030870     0.451828  
   521     0.030726     0.451692  
   522     0.030592     0.451642  
   523     0.030445     0.451596  
   524     0.030302     0.451432  
   525     0.030164     0.451511  
   526     0.030017     0.451591  
   527     0.029872     0.451584  
   528     0.029738     0.451595  
   529     0.029592     0.451621  
   530     0.029463     0.451697  
   531     0.029321     0.451776  
   532     0.029178     0.451888  
   533     0.029054     0.451885  
   534     0.028925     0.451760  
   535     0.028789     0.451666  
   536     0.028664     0.451759  
   537     0.028540     0.451809  
   538     0.028419     0.451757  
   539     0.028289     0.451696  
   540     0.028154     0.451672  
   541     0.028038     0.451709  
   542     0.027918     0.451705  
   543     0.027794     0.451564  
   544     0.027667     0.451362  
   545     0.027538     0.451280  
   546     0.027410     0.451245  
   547     0.027276     0.451111  
   548     0.027148     0.451120  
   549     0.027016     0.451182  
   550     0.026891     0.451201  
   551     0.026783     0.451236  
   552     0.026658     0.451259  
   553     0.026532     0.451210  
   554     0.026417     0.451184  
   555     0.026303     0.451303  
   556     0.026183     0.451313  
   557     0.026071     0.451397  
   558     0.025947     0.451381  
   559     0.025845     0.451370  
   560     0.025729     0.451441  
   561     0.025604     0.451452  
   562     0.025492     0.451389  
   563     0.025387     0.451415  
   564     0.025271     0.451342  
   565     0.025159     0.451384  
   566     0.025040     0.451280  
   567     0.024921     0.451235  
   568     0.024800     0.451247  
   569     0.024684     0.451143  
   570     0.024571     0.451167  
   571     0.024458     0.451126  
   572     0.024352     0.451069  
   573     0.024249     0.450920  
   574     0.024136     0.450852  
   575     0.024026     0.450848  
   576     0.023922     0.450860  
   577     0.023816     0.450828  
   578     0.023716     0.450760  
   579     0.023610     0.450683  
   580     0.023495     0.450689  
   581     0.023393     0.450812  
   582     0.023290     0.450775  
   583     0.023178     0.450641  
   584     0.023075     0.450637  
   585     0.022970     0.450644  
   586     0.022853     0.450685  
   587     0.022748     0.450650  
   588     0.022646     0.450606  
   589     0.022545     0.450441  
   590     0.022437     0.450410  
   591     0.022325     0.450350  
   592     0.022231     0.450308  
   593     0.022125     0.450229  
   594     0.022016     0.450313  
   595     0.021908     0.450285  
   596     0.021810     0.450312  
   597     0.021717     0.450299  
   598     0.021620     0.450263  
   599     0.021524     0.450172  
   600     0.021431     0.450191  
   601     0.021324     0.450146  
   602     0.021236     0.450061  
   603     0.021135     0.450030  
   604     0.021040     0.450042  
   605     0.020944     0.450021  
   606     0.020848     0.449984  
   607     0.020754     0.449986  
   608     0.020658     0.449890  
   609     0.020568     0.449892  
   610     0.020475     0.449980  
   611     0.020383     0.449947  
   612     0.020290     0.449928  
   613     0.020200     0.449988  
   614     0.020105     0.449890  
   615     0.020013     0.449856  
   616     0.019900     0.449912  
   617     0.019810     0.449920  
   618     0.019709     0.449969  
   619     0.019630     0.450004  
   620     0.019540     0.449928  
   621     0.019463     0.449939  
   622     0.019371     0.449863  
   623     0.019278     0.449835  
   624     0.019186     0.449849  
   625     0.019105     0.449882  
   626     0.019009     0.449859  
   627     0.018933     0.449895  
   628     0.018843     0.449856  
   629     0.018755     0.449758  
   630     0.018676     0.449710  
   631     0.018594     0.449723  
   632     0.018510     0.449661  
   633     0.018420     0.449651  
   634     0.018330     0.449508  
   635     0.018249     0.449479  
   636     0.018169     0.449464  
   637     0.018090     0.449461  
   638     0.018003     0.449383  
   639     0.017925     0.449374  
   640     0.017851     0.449356  
   641     0.017774     0.449357  
   642     0.017704     0.449395  
   643     0.017628     0.449261  
   644     0.017555     0.449228  
   645     0.017478     0.449136  
   646     0.017401     0.449085  
   647     0.017323     0.449105  
   648     0.017240     0.449079  
   649     0.017164     0.449091  
   650     0.017095     0.449069  
   651     0.017013     0.449024  
   652     0.016936     0.449020  
   653     0.016860     0.448944  
   654     0.016774     0.448926  
   655     0.016697     0.448920  
   656     0.016622     0.448834  
   657     0.016546     0.448791  
   658     0.016471     0.448783  
   659     0.016391     0.448752  
   660     0.016313     0.448686  
   661     0.016238     0.448728  
   662     0.016163     0.448754  
   663     0.016093     0.448708  
   664     0.016026     0.448608  
   665     0.015957     0.448614  
   666     0.015886     0.448607  
   667     0.015817     0.448573  
   668     0.015749     0.448589  
   669     0.015679     0.448619  
   670     0.015602     0.448636  
   671     0.015542     0.448693  
   672     0.015474     0.448742  
   673     0.015403     0.448735  
   674     0.015332     0.448761  
   675     0.015269     0.448800  
   676     0.015199     0.448810  
   677     0.015136     0.448769  
   678     0.015071     0.448775  
   679     0.014999     0.448751  
   680     0.014934     0.448693  
   681     0.014865     0.448671  
   682     0.014804     0.448650  
   683     0.014735     0.448658  
   684     0.014659     0.448598  
   685     0.014589     0.448554  
   686     0.014530     0.448548  
   687     0.014467     0.448543  
   688     0.014405     0.448591  
   689     0.014341     0.448568  
   690     0.014276     0.448529  
   691     0.014214     0.448547  
   692     0.014152     0.448483  
   693     0.014082     0.448470  
   694     0.014022     0.448445  
   695     0.013961     0.448508  
   696     0.013906     0.448453  
   697     0.013840     0.448428  
   698     0.013781     0.448433  
   699     0.013715     0.448422  
   700     0.013660     0.448469  
   701     0.013605     0.448392  
   702     0.013537     0.448358  
   703     0.013473     0.448280  
   704     0.013410     0.448374  
   705     0.013350     0.448345  
   706     0.013291     0.448312  
   707     0.013240     0.448337  
   708     0.013178     0.448378  
   709     0.013116     0.448358  
   710     0.013060     0.448270  
   711     0.013006     0.448212  
   712     0.012945     0.448231  
   713     0.012889     0.448174  
   714     0.012830     0.448163  
   715     0.012776     0.448071  
   716     0.012720     0.448089  
   717     0.012674     0.448066  
   718     0.012616     0.447959  
   719     0.012558     0.447974  
   720     0.012510     0.447917  
   721     0.012457     0.447903  
   722     0.012404     0.447957  
   723     0.012348     0.448017  
   724     0.012299     0.448021  
   725     0.012249     0.447984  
   726     0.012195     0.447987  
   727     0.012135     0.448073  
   728     0.012084     0.448067  
   729     0.012034     0.448080  
   730     0.011983     0.448074  
   731     0.011932     0.448148  
   732     0.011878     0.448116  
   733     0.011822     0.448151  
   734     0.011771     0.448173  
   735     0.011717     0.448119  
   736     0.011667     0.448108  
   737     0.011608     0.448077  
   738     0.011556     0.448092  
   739     0.011510     0.448043  
   740     0.011455     0.448068  
   741     0.011406     0.448044  
   742     0.011353     0.448053  
   743     0.011299     0.448017  
   744     0.011249     0.447999  
   745     0.011201     0.448015  
   746     0.011153     0.447965  
   747     0.011106     0.447936  
   748     0.011055     0.447932  
   749     0.011010     0.447865  
   750     0.010963     0.447803  
   751     0.010917     0.447750  
   752     0.010870     0.447770  
   753     0.010821     0.447718  
   754     0.010775     0.447724  
   755     0.010728     0.447704  
   756     0.010685     0.447751  
   757     0.010642     0.447667  
   758     0.010594     0.447718  
   759     0.010548     0.447729  
   760     0.010505     0.447702  
   761     0.010455     0.447711  
   762     0.010408     0.447727  
   763     0.010363     0.447662  
   764     0.010317     0.447637  
   765     0.010267     0.447640  
   766     0.010220     0.447645  
   767     0.010177     0.447694  
   768     0.010130     0.447640  
   769     0.010086     0.447658  
   770     0.010045     0.447617  
   771     0.010001     0.447643  
   772     0.009962     0.447611  
   773     0.009917     0.447581  
   774     0.009873     0.447606  
   775     0.009826     0.447618  
   776     0.009784     0.447666  
   777     0.009736     0.447671  
   778     0.009697     0.447658  
   779     0.009658     0.447574  
   780     0.009615     0.447517  
   781     0.009574     0.447463  
   782     0.009533     0.447404  
   783     0.009493     0.447418  
   784     0.009460     0.447422  
   785     0.009418     0.447384  
   786     0.009379     0.447419  
   787     0.009338     0.447470  
   788     0.009297     0.447461  
   789     0.009254     0.447492  
   790     0.009216     0.447423  
   791     0.009179     0.447361  
   792     0.009135     0.447371  
   793     0.009094     0.447366  
   794     0.009051     0.447316  
   795     0.009012     0.447395  
   796     0.008973     0.447386  
   797     0.008933     0.447332  
   798     0.008894     0.447357  
   799     0.008857     0.447310  
   800     0.008818     0.447278  
   801     0.008781     0.447285  
   802     0.008744     0.447220  
   803     0.008702     0.447189  
   804     0.008664     0.447183  
   805     0.008625     0.447198  
   806     0.008586     0.447198  
   807     0.008550     0.447217  
   808     0.008513     0.447170  
   809     0.008475     0.447182  
   810     0.008436     0.447205  
   811     0.008398     0.447146  
   812     0.008356     0.447159  
   813     0.008318     0.447184  
   814     0.008280     0.447167  
   815     0.008239     0.447183  
   816     0.008209     0.447157  
   817     0.008171     0.447105  
   818     0.008135     0.447052  
   819     0.008100     0.447052  
   820     0.008066     0.447055  
   821     0.008032     0.447077  
   822     0.007996     0.447063  
   823     0.007960     0.447057  
   824     0.007926     0.447042  
   825     0.007892     0.447006  
   826     0.007856     0.446989  
   827     0.007820     0.446914  
   828     0.007787     0.446975  
   829     0.007753     0.447019  
   830     0.007716     0.446992  
   831     0.007683     0.446959  
   832     0.007650     0.446887  
   833     0.007618     0.446854  
   834     0.007584     0.446863  
   835     0.007549     0.446832  
   836     0.007517     0.446801  
   837     0.007487     0.446794  
   838     0.007454     0.446765  
   839     0.007417     0.446813  
   840     0.007384     0.446808  
   841     0.007353     0.446828  
   842     0.007322     0.446810  
   843     0.007289     0.446804  
   844     0.007255     0.446832  
   845     0.007223     0.446830  
   846     0.007190     0.446800  
   847     0.007160     0.446773  
   848     0.007134     0.446739  
   849     0.007105     0.446760  
   850     0.007072     0.446696  
   851     0.007043     0.446702  
   852     0.007009     0.446672  
   853     0.006981     0.446582  
   854     0.006949     0.446585  
   855     0.006920     0.446611  
   856     0.006889     0.446608  
   857     0.006860     0.446594  
   858     0.006829     0.446622  
   859     0.006796     0.446609  
   860     0.006767     0.446606  
   861     0.006741     0.446621  
   862     0.006712     0.446623  
   863     0.006685     0.446607  
   864     0.006655     0.446576  
   865     0.006628     0.446583  
   866     0.006598     0.446533  
   867     0.006571     0.446561  
   868     0.006542     0.446547  
   869     0.006516     0.446506  
   870     0.006488     0.446474  
   871     0.006459     0.446456  
   872     0.006432     0.446398  
   873     0.006401     0.446417  
   874     0.006376     0.446399  
   875     0.006347     0.446372  
   876     0.006323     0.446381  
   877     0.006295     0.446376  
   878     0.006267     0.446341  
   879     0.006241     0.446351  
   880     0.006213     0.446368  
   881     0.006187     0.446358  
   882     0.006159     0.446334  
   883     0.006132     0.446336  
   884     0.006104     0.446360  
   885     0.006075     0.446366  
   886     0.006052     0.446358  
   887     0.006024     0.446361  
   888     0.006000     0.446335  
   889     0.005974     0.446339  
   890     0.005949     0.446345  
   891     0.005925     0.446346  
   892     0.005898     0.446350  
   893     0.005871     0.446320  
   894     0.005844     0.446360  
   895     0.005817     0.446356  
   896     0.005791     0.446358  
   897     0.005764     0.446327  
   898     0.005740     0.446368  
   899     0.005717     0.446362  
   900     0.005691     0.446398  
   901     0.005664     0.446427  
   902     0.005638     0.446362  
   903     0.005614     0.446397  
   904     0.005589     0.446393  
   905     0.005565     0.446368  
   906     0.005541     0.446404  
   907     0.005518     0.446362  
   908     0.005495     0.446361  
   909     0.005468     0.446348  
   910     0.005446     0.446350  
   911     0.005425     0.446359  
   912     0.005402     0.446356  
   913     0.005378     0.446367  
   914     0.005354     0.446390  
   915     0.005331     0.446370  
   916     0.005309     0.446355  
   917     0.005287     0.446341  
   918     0.005264     0.446273  
   919     0.005242     0.446287  
   920     0.005217     0.446263  
   921     0.005194     0.446230  
   922     0.005174     0.446221  
   923     0.005150     0.446208  
   924     0.005128     0.446213  
   925     0.005107     0.446197  
   926     0.005086     0.446209  
   927     0.005064     0.446217  
   928     0.005042     0.446207  
   929     0.005019     0.446179  
   930     0.004998     0.446173  
   931     0.004975     0.446104  
   932     0.004950     0.446114  
   933     0.004927     0.446065  
   934     0.004907     0.446062  
   935     0.004888     0.446060  
   936     0.004869     0.446034  
   937     0.004848     0.446017  
   938     0.004826     0.446009  
   939     0.004808     0.446021  
   940     0.004788     0.446010  
   941     0.004767     0.446005  
   942     0.004747     0.446024  
   943     0.004725     0.446027  
   944     0.004705     0.446022  
   945     0.004685     0.446034  
   946     0.004667     0.446039  
   947     0.004648     0.446024  
   948     0.004627     0.446026  
   949     0.004608     0.446022  
   950     0.004588     0.446011  
   951     0.004568     0.445995  
   952     0.004550     0.446000  
   953     0.004530     0.445972  
   954     0.004508     0.445948  
   955     0.004488     0.445902  
   956     0.004468     0.445896  
   957     0.004450     0.445885  
   958     0.004432     0.445887  
   959     0.004414     0.445915  
   960     0.004396     0.445898  
   961     0.004378     0.445945  
   962     0.004359     0.445940  
   963     0.004341     0.445896  
   964     0.004324     0.445908  
   965     0.004304     0.445918  
   966     0.004284     0.445870  
   967     0.004266     0.445818  
   968     0.004248     0.445855  
   969     0.004230     0.445865  
   970     0.004211     0.445842  
   971     0.004192     0.445847  
   972     0.004175     0.445868  
   973     0.004156     0.445880  
   974     0.004140     0.445900  
   975     0.004127     0.445910  
   976     0.004110     0.445869  
   977     0.004095     0.445893  
   978     0.004077     0.445905  
   979     0.004059     0.445888  
   980     0.004040     0.445876  
   981     0.004023     0.445889  
   982     0.004008     0.445883  
   983     0.003991     0.445893  
   984     0.003975     0.445878  
   985     0.003958     0.445901  
   986     0.003942     0.445881  
   987     0.003926     0.445905  
   988     0.003910     0.445885  
   989     0.003893     0.445910  
   990     0.003875     0.445853  
   991     0.003859     0.445880  
   992     0.003840     0.445876  
   993     0.003825     0.445833  
   994     0.003809     0.445809  
   995     0.003791     0.445815  
   996     0.003775     0.445842  
   997     0.003758     0.445886  
   998     0.003742     0.445900  
   999     0.003725     0.445912  
  1000     0.003711     0.445900  
  1001     0.003697     0.445906  
  1002     0.003680     0.445935  
  1003     0.003663     0.445955  
  1004     0.003649     0.445953  
  1005     0.003632     0.445950  
  1006     0.003615     0.445945  
  1007     0.003600     0.445967  
  1008     0.003584     0.445954  
  1009     0.003567     0.445943  
  1010     0.003552     0.445949  
  1011     0.003536     0.445987  
  1012     0.003522     0.445997  
  1013     0.003507     0.445970  
  1014     0.003493     0.445957  
  1015     0.003479     0.445896  
  1016     0.003465     0.445887  
  1017     0.003451     0.445895  
  1018     0.003436     0.445885  
  1019     0.003420     0.445880  
  1020     0.003405     0.445868  
  1021     0.003390     0.445862  
  1022     0.003374     0.445883  
  1023     0.003359     0.445827  
  1024     0.003344     0.445839  
  1025     0.003330     0.445843  
  1026     0.003315     0.445827  
  1027     0.003301     0.445806  
  1028     0.003287     0.445842  
  1029     0.003274     0.445846  
  1030     0.003260     0.445872  
  1031     0.003247     0.445868  
  1032     0.003234     0.445848  
  1033     0.003220     0.445818  
  1034     0.003207     0.445811  
  1035     0.003193     0.445794  
  1036     0.003180     0.445780  
  1037     0.003167     0.445764  
  1038     0.003155     0.445770  
  1039     0.003141     0.445764  
  1040     0.003127     0.445742  
  1041     0.003113     0.445750  
  1042     0.003101     0.445728  
  1043     0.003087     0.445738  
  1044     0.003075     0.445719  
  1045     0.003062     0.445743  
  1046     0.003048     0.445746  
  1047     0.003034     0.445718  
  1048     0.003023     0.445746  
  1049     0.003011     0.445742  
  1050     0.002997     0.445721  
  1051     0.002984     0.445737  
  1052     0.002970     0.445725  
  1053     0.002958     0.445702  
  1054     0.002945     0.445690  
  1055     0.002932     0.445703  
  1056     0.002920     0.445673  
  1057     0.002908     0.445692  
  1058     0.002895     0.445696  
  1059     0.002882     0.445685  
  1060     0.002871     0.445690  
  1061     0.002861     0.445677  
  1062     0.002850     0.445687  
  1063     0.002836     0.445684  
  1064     0.002823     0.445617  
  1065     0.002811     0.445643  
  1066     0.002801     0.445650  
  1067     0.002791     0.445621  
  1068     0.002780     0.445616  
  1069     0.002768     0.445613  
  1070     0.002757     0.445611  
  1071     0.002743     0.445568  
  1072     0.002732     0.445578  
  1073     0.002720     0.445601  
  1074     0.002709     0.445591  
  1075     0.002697     0.445589  
  1076     0.002685     0.445562  
  1077     0.002675     0.445533  
  1078     0.002662     0.445510  
  1079     0.002651     0.445523  
  1080     0.002641     0.445539  
  1081     0.002631     0.445534  
  1082     0.002620     0.445536  
  1083     0.002610     0.445532  
  1084     0.002599     0.445513  
  1085     0.002587     0.445522  
  1086     0.002576     0.445559  
  1087     0.002565     0.445559  
  1088     0.002554     0.445582  
  1089     0.002544     0.445566  
  1090     0.002534     0.445556  
  1091     0.002524     0.445555  
  1092     0.002513     0.445532  
  1093     0.002501     0.445505  
  1094     0.002490     0.445531  
  1095     0.002479     0.445520  
  1096     0.002469     0.445517  
  1097     0.002460     0.445501  
  1098     0.002451     0.445493  
  1099     0.002440     0.445474  
  1100     0.002431     0.445457  
  1101     0.002420     0.445467  
  1102     0.002410     0.445454  
  1103     0.002399     0.445474  
  1104     0.002390     0.445491  
  1105     0.002380     0.445508  
  1106     0.002370     0.445482  
  1107     0.002359     0.445501  
  1108     0.002349     0.445514  
  1109     0.002339     0.445524  
  1110     0.002329     0.445525  
  1111     0.002320     0.445516  
  1112     0.002311     0.445509  
  1113     0.002300     0.445513  
  1114     0.002290     0.445537  
  1115     0.002280     0.445522  
  1116     0.002270     0.445496  
  1117     0.002260     0.445498  
  1118     0.002249     0.445494  
  1119     0.002240     0.445483  
  1120     0.002230     0.445489  
  1121     0.002222     0.445480  
  1122     0.002213     0.445481  
  1123     0.002204     0.445424  
  1124     0.002194     0.445428  
  1125     0.002186     0.445421  
  1126     0.002177     0.445424  
  1127     0.002169     0.445459  
  1128     0.002161     0.445461  
  1129     0.002151     0.445478  
  1130     0.002143     0.445449  
  1131     0.002134     0.445427  
  1132     0.002125     0.445444  
  1133     0.002115     0.445474  
  1134     0.002105     0.445499  
  1135     0.002096     0.445473  
  1136     0.002087     0.445480  
  1137     0.002078     0.445416  
  1138     0.002070     0.445435  
  1139     0.002061     0.445415  
  1140     0.002053     0.445415  
  1141     0.002045     0.445405  
  1142     0.002035     0.445417  
  1143     0.002027     0.445392  
  1144     0.002018     0.445379  
  1145     0.002010     0.445376  
  1146     0.002001     0.445367  
  1147     0.001993     0.445367  
  1148     0.001984     0.445349  
  1149     0.001975     0.445345  
  1150     0.001967     0.445325  
  1151     0.001960     0.445318  
  1152     0.001953     0.445304  
  1153     0.001945     0.445315  
  1154     0.001937     0.445315  
  1155     0.001930     0.445322  
  1156     0.001921     0.445316  
  1157     0.001912     0.445296  
  1158     0.001904     0.445301  
  1159     0.001897     0.445312  
  1160     0.001889     0.445296  
  1161     0.001881     0.445284  
  1162     0.001873     0.445251  
  1163     0.001864     0.445242  
  1164     0.001856     0.445237  
  1165     0.001848     0.445226  
  1166     0.001841     0.445214  
  1167     0.001833     0.445219  
  1168     0.001824     0.445202  
  1169     0.001818     0.445199  
  1170     0.001809     0.445211  
  1171     0.001802     0.445174  
  1172     0.001795     0.445186  
  1173     0.001788     0.445176  
  1174     0.001780     0.445164  
  1175     0.001772     0.445144  
  1176     0.001765     0.445147  
  1177     0.001758     0.445150  
  1178     0.001751     0.445165  
  1179     0.001743     0.445166  
  1180     0.001736     0.445163  
  1181     0.001728     0.445179  
  1182     0.001721     0.445167  
  1183     0.001714     0.445172  
  1184     0.001707     0.445158  
  1185     0.001699     0.445149  
  1186     0.001691     0.445142  
  1187     0.001683     0.445140  
  1188     0.001675     0.445148  
  1189     0.001668     0.445160  
  1190     0.001660     0.445177  
  1191     0.001653     0.445170  
  1192     0.001645     0.445168  
  1193     0.001638     0.445157  
  1194     0.001631     0.445167  
  1195     0.001624     0.445147  
  1196     0.001618     0.445156  
  1197     0.001611     0.445154  
  1198     0.001604     0.445160  
  1199     0.001597     0.445141  
  1200     0.001590     0.445154  
  1201     0.001584     0.445158  
  1202     0.001578     0.445164  
  1203     0.001570     0.445180  
  1204     0.001564     0.445173  
  1205     0.001558     0.445162  
  1206     0.001552     0.445155  
  1207     0.001545     0.445150  
  1208     0.001537     0.445133  
  1209     0.001531     0.445130  
  1210     0.001524     0.445142  
  1211     0.001517     0.445144  
  1212     0.001509     0.445156  
  1213     0.001504     0.445147  
  1214     0.001497     0.445121  
  1215     0.001492     0.445132  
  1216     0.001486     0.445139  
  1217     0.001480     0.445151  
  1218     0.001474     0.445160  
  1219     0.001467     0.445144  
  1220     0.001461     0.445133  
  1221     0.001454     0.445122  
  1222     0.001447     0.445109  
  1223     0.001441     0.445123  
  1224     0.001434     0.445102  
  1225     0.001428     0.445091  
  1226     0.001422     0.445090  
  1227     0.001417     0.445078  
  1228     0.001411     0.445089  
  1229     0.001406     0.445088  
  1230     0.001400     0.445101  
  1231     0.001394     0.445090  
  1232     0.001388     0.445077  
  1233     0.001383     0.445042  
  1234     0.001377     0.445041  
  1235     0.001372     0.445037  
  1236     0.001366     0.445016  
  1237     0.001360     0.445008  
  1238     0.001355     0.444998  
  1239     0.001349     0.444987  
  1240     0.001343     0.444976  
  1241     0.001336     0.444957  
  1242     0.001331     0.444952  
  1243     0.001326     0.444946  
  1244     0.001320     0.444950  
  1245     0.001314     0.444935  
  1246     0.001309     0.444929  
  1247     0.001304     0.444923  
  1248     0.001298     0.444923  
  1249     0.001294     0.444913  
  1250     0.001289     0.444908  
  1251     0.001284     0.444920  
  1252     0.001279     0.444922  
  1253     0.001273     0.444942  
  1254     0.001268     0.444938  
  1255     0.001263     0.444925  
  1256     0.001257     0.444918  
  1257     0.001252     0.444908  
  1258     0.001246     0.444897  
  1259     0.001242     0.444898  
  1260     0.001236     0.444907  
  1261     0.001231     0.444902  
  1262     0.001225     0.444918  
  1263     0.001221     0.444917  
  1264     0.001215     0.444919  
  1265     0.001210     0.444910  
  1266     0.001205     0.444894  
  1267     0.001199     0.444892  
  1268     0.001194     0.444896  
  1269     0.001189     0.444865  
  1270     0.001184     0.444874  
  1271     0.001179     0.444860  
  1272     0.001175     0.444847  
  1273     0.001170     0.444850  
  1274     0.001165     0.444852  
  1275     0.001161     0.444861  
  1276     0.001156     0.444861  
  1277     0.001151     0.444858  
  1278     0.001147     0.444870  
  1279     0.001142     0.444878  
  1280     0.001137     0.444884  
  1281     0.001132     0.444892  
  1282     0.001128     0.444904  
  1283     0.001123     0.444905  
  1284     0.001119     0.444934  
  1285     0.001114     0.444927  
  1286     0.001109     0.444917  
  1287     0.001105     0.444917  
  1288     0.001100     0.444913  
  1289     0.001095     0.444901  
  1290     0.001091     0.444888  
  1291     0.001086     0.444884  
  1292     0.001082     0.444878  
  1293     0.001077     0.444881  
  1294     0.001073     0.444871  
  1295     0.001068     0.444862  
  1296     0.001064     0.444853  
  1297     0.001060     0.444850  
  1298     0.001055     0.444838  
  1299     0.001051     0.444831  
  1300     0.001047     0.444832  
  1301     0.001043     0.444828  
  1302     0.001038     0.444820  
  1303     0.001034     0.444810  
  1304     0.001030     0.444823  
  1305     0.001026     0.444806  
  1306     0.001022     0.444805  
  1307     0.001017     0.444803  
  1308     0.001013     0.444811  
  1309     0.001008     0.444781  
  1310     0.001005     0.444772  
  1311     0.001001     0.444778  
  1312     0.000997     0.444776  
  1313     0.000992     0.444759  
  1314     0.000988     0.444758  
  1315     0.000985     0.444738  
  1316     0.000981     0.444725  
  1317     0.000977     0.444729  
  1318     0.000974     0.444712  
  1319     0.000970     0.444699  
  1320     0.000966     0.444678  
  1321     0.000962     0.444682  
  1322     0.000957     0.444668  
  1323     0.000953     0.444664  
  1324     0.000948     0.444658  
  1325     0.000945     0.444672  
  1326     0.000941     0.444659  
  1327     0.000937     0.444664  
  1328     0.000933     0.444687  
  1329     0.000930     0.444683  
  1330     0.000926     0.444695  
  1331     0.000922     0.444690  
  1332     0.000918     0.444700  
  1333     0.000914     0.444706  
  1334     0.000911     0.444706  
  1335     0.000907     0.444696  
  1336     0.000904     0.444685  
  1337     0.000900     0.444691  
  1338     0.000897     0.444693  
  1339     0.000893     0.444694  
  1340     0.000890     0.444710  
  1341     0.000886     0.444695  
  1342     0.000882     0.444708  
  1343     0.000879     0.444707  
  1344     0.000875     0.444710  
  1345     0.000871     0.444707  
  1346     0.000868     0.444716  
  1347     0.000865     0.444712  
  1348     0.000861     0.444713  
  1349     0.000857     0.444698  
  1350     0.000854     0.444686  
  1351     0.000850     0.444688  
  1352     0.000847     0.444697  
  1353     0.000843     0.444716  
  1354     0.000840     0.444723  
  1355     0.000836     0.444729  
  1356     0.000832     0.444737  
  1357     0.000829     0.444735  
  1358     0.000825     0.444735  
  1359     0.000821     0.444725  
  1360     0.000818     0.444721  
  1361     0.000815     0.444723  
  1362     0.000811     0.444729  
  1363     0.000808     0.444689  
  1364     0.000805     0.444696  
  1365     0.000802     0.444677  
  1366     0.000799     0.444679  
  1367     0.000795     0.444661  
  1368     0.000792     0.444647  
  1369     0.000789     0.444647  
  1370     0.000786     0.444649  
  1371     0.000783     0.444642  
  1372     0.000780     0.444638  
  1373     0.000776     0.444632  
  1374     0.000773     0.444625  
  1375     0.000770     0.444627  
  1376     0.000768     0.444625  
  1377     0.000764     0.444614  
  1378     0.000761     0.444595  
  1379     0.000757     0.444597  
  1380     0.000754     0.444594  
  1381     0.000751     0.444605  
  1382     0.000747     0.444604  
  1383     0.000744     0.444609  
  1384     0.000741     0.444585  
  1385     0.000738     0.444586  
  1386     0.000735     0.444591  
  1387     0.000732     0.444571  
  1388     0.000729     0.444572  
  1389     0.000726     0.444573  
  1390     0.000723     0.444587  
  1391     0.000720     0.444597  
  1392     0.000718     0.444600  
  1393     0.000714     0.444580  
  1394     0.000711     0.444571  
  1395     0.000709     0.444573  
  1396     0.000706     0.444558  
  1397     0.000703     0.444543  
  1398     0.000700     0.444548  
  1399     0.000697     0.444548  
  1400     0.000694     0.444525  
  1401     0.000691     0.444526  
  1402     0.000689     0.444529  
  1403     0.000686     0.444541  
  1404     0.000683     0.444531  
  1405     0.000680     0.444508  
  1406     0.000677     0.444510  
  1407     0.000674     0.444498  
  1408     0.000671     0.444486  
  1409     0.000669     0.444480  
  1410     0.000665     0.444487  
  1411     0.000662     0.444493  
  1412     0.000660     0.444513  
  1413     0.000657     0.444511  
  1414     0.000655     0.444511  
  1415     0.000652     0.444515  
  1416     0.000649     0.444519  
  1417     0.000646     0.444518  
  1418     0.000644     0.444503  
  1419     0.000641     0.444500  
  1420     0.000638     0.444487  
  1421     0.000636     0.444485  
  1422     0.000633     0.444470  
  1423     0.000630     0.444469  
  1424     0.000628     0.444470  
  1425     0.000625     0.444466  
  1426     0.000623     0.444458  
  1427     0.000620     0.444449  
  1428     0.000618     0.444439  
  1429     0.000615     0.444443  
  1430     0.000613     0.444440  
  1431     0.000610     0.444433  
  1432     0.000608     0.444425  
  1433     0.000605     0.444402  
  1434     0.000603     0.444403  
  1435     0.000600     0.444407  
  1436     0.000598     0.444404  
  1437     0.000595     0.444404  
  1438     0.000593     0.444411  
  1439     0.000591     0.444399  
  1440     0.000588     0.444401  
  1441     0.000586     0.444385  
  1442     0.000584     0.444372  
  1443     0.000582     0.444376  
  1444     0.000580     0.444383  
  1445     0.000577     0.444384  
  1446     0.000575     0.444381  
  1447     0.000573     0.444370  
  1448     0.000570     0.444374  
  1449     0.000568     0.444394  
  1450     0.000565     0.444390  
  1451     0.000563     0.444399  
  1452     0.000561     0.444402  
  1453     0.000558     0.444398  
  1454     0.000556     0.444401  
  1455     0.000554     0.444393  
  1456     0.000551     0.444400  
  1457     0.000549     0.444408  
  1458     0.000546     0.444409  
  1459     0.000544     0.444401  
  1460     0.000542     0.444387  
  1461     0.000540     0.444387  
  1462     0.000538     0.444386  
  1463     0.000536     0.444387  
  1464     0.000534     0.444370  
  1465     0.000532     0.444375  
  1466     0.000529     0.444380  
  1467     0.000527     0.444382  
  1468     0.000525     0.444382  
  1469     0.000523     0.444368  
  1470     0.000521     0.444382  
  1471     0.000519     0.444404  
  1472     0.000517     0.444404  
  1473     0.000515     0.444417  
  1474     0.000512     0.444412  
  1475     0.000510     0.444415  
  1476     0.000508     0.444410  
  1477     0.000506     0.444400  
  1478     0.000504     0.444383  
  1479     0.000502     0.444398  
  1480     0.000500     0.444389  
  1481     0.000498     0.444386  
  1482     0.000497     0.444376  
  1483     0.000495     0.444358  
  1484     0.000492     0.444366  
  1485     0.000490     0.444386  
  1486     0.000488     0.444384  
  1487     0.000486     0.444377  
  1488     0.000484     0.444380  
  1489     0.000482     0.444373  
  1490     0.000480     0.444373  
  1491     0.000479     0.444368  
  1492     0.000477     0.444366  
  1493     0.000475     0.444357  
  1494     0.000473     0.444342  
  1495     0.000471     0.444340  
  1496     0.000469     0.444350  
  1497     0.000467     0.444345  
  1498     0.000465     0.444338  
  1499     0.000463     0.444340  
  1500     0.000461     0.444334  
  1501     0.000459     0.444331  
  1502     0.000457     0.444331  
  1503     0.000456     0.444337  
  1504     0.000453     0.444332  
  1505     0.000452     0.444330  
  1506     0.000450     0.444327  
  1507     0.000448     0.444336  
  1508     0.000446     0.444333  
  1509     0.000444     0.444340  
  1510     0.000442     0.444337  
  1511     0.000440     0.444342  
  1512     0.000439     0.444325  
  1513     0.000437     0.444326  
  1514     0.000435     0.444310  
  1515     0.000433     0.444318  
  1516     0.000431     0.444320  
  1517     0.000430     0.444309  
  1518     0.000428     0.444302  
  1519     0.000426     0.444294  
  1520     0.000425     0.444289  
  1521     0.000423     0.444304  
  1522     0.000421     0.444301  
  1523     0.000419     0.444304  
  1524     0.000418     0.444302  
  1525     0.000416     0.444286  
  1526     0.000414     0.444294  
  1527     0.000412     0.444282  
  1528     0.000411     0.444294  
  1529     0.000409     0.444290  
  1530     0.000407     0.444301  
  1531     0.000405     0.444301  
  1532     0.000404     0.444297  
  1533     0.000402     0.444295  
  1534     0.000401     0.444298  
  1535     0.000399     0.444292  
  1536     0.000397     0.444307  
  1537     0.000396     0.444302  
  1538     0.000394     0.444305  
  1539     0.000393     0.444298  
  1540     0.000391     0.444291  
  1541     0.000389     0.444303  
  1542     0.000388     0.444311  
  1543     0.000386     0.444314  
  1544     0.000384     0.444306  
  1545     0.000383     0.444309  
  1546     0.000381     0.444311  
  1547     0.000380     0.444319  
  1548     0.000378     0.444307  
  1549     0.000377     0.444302  
  1550     0.000375     0.444312  
  1551     0.000374     0.444302  
  1552     0.000372     0.444291  
  1553     0.000371     0.444289  
  1554     0.000369     0.444283  
  1555     0.000368     0.444297  
  1556     0.000366     0.444289  
  1557     0.000365     0.444293  
  1558     0.000363     0.444297  
  1559     0.000362     0.444297  
  1560     0.000360     0.444298  
  1561     0.000359     0.444301  
  1562     0.000357     0.444291  
  1563     0.000356     0.444299  
  1564     0.000354     0.444293  
  1565     0.000353     0.444280  
  1566     0.000351     0.444271  
  1567     0.000350     0.444267  
  1568     0.000348     0.444258  
  1569     0.000347     0.444259  
  1570     0.000346     0.444260  
  1571     0.000344     0.444256  
  1572     0.000343     0.444257  
  1573     0.000341     0.444259  
  1574     0.000340     0.444261  
  1575     0.000339     0.444260  
  1576     0.000337     0.444247  
  1577     0.000336     0.444233  
  1578     0.000334     0.444234  
  1579     0.000333     0.444236  
  1580     0.000332     0.444233  
  1581     0.000330     0.444234  
  1582     0.000329     0.444247  
  1583     0.000328     0.444257  
  1584     0.000326     0.444245  
  1585     0.000325     0.444240  
  1586     0.000324     0.444232  
  1587     0.000322     0.444234  
  1588     0.000321     0.444233  
  1589     0.000320     0.444232  
  1590     0.000319     0.444226  
  1591     0.000317     0.444210  
  1592     0.000316     0.444209  
  1593     0.000315     0.444199  
  1594     0.000314     0.444198  
  1595     0.000312     0.444194  
  1596     0.000311     0.444203  
  1597     0.000310     0.444205  
  1598     0.000309     0.444207  
  1599     0.000307     0.444213  
  1600     0.000306     0.444223  
  1601     0.000305     0.444226  
  1602     0.000303     0.444220  
  1603     0.000302     0.444221  
  1604     0.000301     0.444219  
  1605     0.000300     0.444229  
  1606     0.000299     0.444224  
  1607     0.000298     0.444219  
  1608     0.000297     0.444223  
  1609     0.000295     0.444224  
  1610     0.000294     0.444227  
  1611     0.000293     0.444227  
  1612     0.000292     0.444230  
  1613     0.000290     0.444227  
  1614     0.000289     0.444221  
  1615     0.000288     0.444219  
  1616     0.000287     0.444217  
  1617     0.000286     0.444205  
  1618     0.000285     0.444200  
  1619     0.000284     0.444200  
  1620     0.000283     0.444209  
  1621     0.000282     0.444198  
  1622     0.000280     0.444196  
  1623     0.000279     0.444191  
  1624     0.000278     0.444193  
  1625     0.000277     0.444200  
  1626     0.000276     0.444200  
  1627     0.000275     0.444204  
  1628     0.000274     0.444206  
  1629     0.000273     0.444208  
  1630     0.000272     0.444217  
  1631     0.000271     0.444221  
  1632     0.000270     0.444220  
  1633     0.000269     0.444206  
  1634     0.000268     0.444203  
  1635     0.000267     0.444197  
  1636     0.000266     0.444193  
  1637     0.000265     0.444198  
  1638     0.000263     0.444198  
  1639     0.000262     0.444198  
  1640     0.000261     0.444192  
  1641     0.000260     0.444195  
  1642     0.000259     0.444197  
  1643     0.000258     0.444197  
  1644     0.000257     0.444193  
  1645     0.000256     0.444196  
  1646     0.000255     0.444198  
  1647     0.000254     0.444199  
  1648     0.000253     0.444193  
  1649     0.000252     0.444177  
  1650     0.000251     0.444176  
  1651     0.000250     0.444168  
  1652     0.000249     0.444165  
  1653     0.000248     0.444160  
  1654     0.000247     0.444158  
  1655     0.000246     0.444156  
  1656     0.000245     0.444145  
  1657     0.000244     0.444150  
  1658     0.000243     0.444149  
  1659     0.000242     0.444140  
  1660     0.000241     0.444139  
  1661     0.000240     0.444143  
  1662     0.000239     0.444142  
  1663     0.000238     0.444139  
  1664     0.000237     0.444134  
  1665     0.000236     0.444128  
  1666     0.000235     0.444116  
  1667     0.000234     0.444121  
  1668     0.000233     0.444119  
  1669     0.000232     0.444116  
  1670     0.000231     0.444117  
  1671     0.000230     0.444115  
  1672     0.000230     0.444123  
  1673     0.000229     0.444131  
  1674     0.000228     0.444137  
  1675     0.000227     0.444143  
  1676     0.000226     0.444143  
  1677     0.000225     0.444147  
  1678     0.000224     0.444147  
  1679     0.000223     0.444146  
  1680     0.000222     0.444148  
  1681     0.000222     0.444144  
  1682     0.000221     0.444140  
  1683     0.000220     0.444136  
  1684     0.000219     0.444130  
  1685     0.000218     0.444132  
  1686     0.000217     0.444133  
  1687     0.000217     0.444134  
  1688     0.000216     0.444136  
  1689     0.000215     0.444139  
  1690     0.000214     0.444138  
  1691     0.000213     0.444126  
  1692     0.000212     0.444129  
  1693     0.000211     0.444129  
  1694     0.000210     0.444128  
  1695     0.000209     0.444122  
  1696     0.000209     0.444120  
  1697     0.000208     0.444116  
  1698     0.000207     0.444114  
  1699     0.000206     0.444105  
  1700     0.000205     0.444107  
  1701     0.000205     0.444109  
  1702     0.000204     0.444099  
  1703     0.000203     0.444106  
  1704     0.000202     0.444108  
  1705     0.000201     0.444107  
  1706     0.000200     0.444104  
  1707     0.000200     0.444102  
  1708     0.000199     0.444110  
  1709     0.000198     0.444110  
  1710     0.000197     0.444112  
  1711     0.000196     0.444115  
  1712     0.000196     0.444116  
  1713     0.000195     0.444118  
  1714     0.000194     0.444108  
  1715     0.000193     0.444109  
  1716     0.000192     0.444108  
  1717     0.000192     0.444111  
  1718     0.000191     0.444102  
  1719     0.000190     0.444102  
  1720     0.000189     0.444103  
  1721     0.000189     0.444103  
  1722     0.000188     0.444102  
  1723     0.000187     0.444107  
  1724     0.000186     0.444108  
  1725     0.000185     0.444106  
  1726     0.000185     0.444104  
  1727     0.000184     0.444105  
  1728     0.000183     0.444105  
  1729     0.000183     0.444108  
  1730     0.000182     0.444105  
  1731     0.000181     0.444101  
  1732     0.000180     0.444104  
  1733     0.000180     0.444108  
  1734     0.000179     0.444123  
  1735     0.000178     0.444128  
  1736     0.000177     0.444122  
  1737     0.000177     0.444121  
  1738     0.000176     0.444118  
  1739     0.000175     0.444125  
  1740     0.000175     0.444116  
  1741     0.000174     0.444125  
  1742     0.000173     0.444130  
  1743     0.000172     0.444130  
  1744     0.000172     0.444125  
  1745     0.000171     0.444126  
  1746     0.000170     0.444124  
  1747     0.000170     0.444125  
  1748     0.000169     0.444118  
  1749     0.000169     0.444115  
  1750     0.000168     0.444117  
  1751     0.000167     0.444119  
  1752     0.000167     0.444123  
  1753     0.000166     0.444117  
  1754     0.000165     0.444115  
  1755     0.000164     0.444110  
  1756     0.000164     0.444117  
  1757     0.000163     0.444117  
  1758     0.000163     0.444114  
  1759     0.000162     0.444118  
  1760     0.000161     0.444128  
  1761     0.000161     0.444137  
  1762     0.000160     0.444141  
  1763     0.000159     0.444138  
  1764     0.000159     0.444140  
  1765     0.000158     0.444134  
  1766     0.000158     0.444135  
  1767     0.000157     0.444131  
  1768     0.000156     0.444126  
  1769     0.000156     0.444129  
  1770     0.000155     0.444127  
  1771     0.000155     0.444122  
  1772     0.000154     0.444123  
  1773     0.000153     0.444127  
  1774     0.000153     0.444132  
  1775     0.000152     0.444131  
  1776     0.000152     0.444130  
  1777     0.000151     0.444135  
  1778     0.000150     0.444136  
  1779     0.000150     0.444135  
  1780     0.000149     0.444128  
  1781     0.000149     0.444127  
  1782     0.000148     0.444130  
  1783     0.000148     0.444126  
  1784     0.000147     0.444124  
  1785     0.000146     0.444114  
  1786     0.000146     0.444108  
  1787     0.000145     0.444110  
  1788     0.000145     0.444109  
  1789     0.000144     0.444106  
  1790     0.000143     0.444099  
  1791     0.000143     0.444096  
  1792     0.000142     0.444091  
  1793     0.000142     0.444091  
  1794     0.000141     0.444093  
  1795     0.000141     0.444102  
  1796     0.000140     0.444095  
  1797     0.000140     0.444097  
  1798     0.000139     0.444101  
  1799     0.000138     0.444097  
  1800     0.000138     0.444095  
  1801     0.000137     0.444093  
  1802     0.000137     0.444097  
  1803     0.000136     0.444087  
  1804     0.000136     0.444090  
  1805     0.000135     0.444087  
  1806     0.000135     0.444086  
  1807     0.000134     0.444083  
  1808     0.000133     0.444080  
  1809     0.000133     0.444079  
  1810     0.000132     0.444069  
  1811     0.000132     0.444069  
  1812     0.000131     0.444071  
  1813     0.000131     0.444069  
  1814     0.000130     0.444062  
  1815     0.000130     0.444061  
  1816     0.000129     0.444058  
  1817     0.000129     0.444056  
  1818     0.000128     0.444060  
  1819     0.000128     0.444050  
  1820     0.000127     0.444052  
  1821     0.000126     0.444053  
  1822     0.000126     0.444057  
  1823     0.000125     0.444051  
  1824     0.000125     0.444053  
  1825     0.000124     0.444053  
  1826     0.000124     0.444054  
  1827     0.000124     0.444047  
  1828     0.000123     0.444047  
  1829     0.000123     0.444051  
  1830     0.000122     0.444050  
  1831     0.000122     0.444048  
  1832     0.000121     0.444055  
  1833     0.000121     0.444052  
  1834     0.000120     0.444050  
  1835     0.000120     0.444049  
  1836     0.000119     0.444051  
  1837     0.000119     0.444050  
  1838     0.000118     0.444046  
  1839     0.000118     0.444041  
  1840     0.000118     0.444044  
  1841     0.000117     0.444040  
  1842     0.000117     0.444037  
  1843     0.000116     0.444037  
  1844     0.000116     0.444034  
  1845     0.000115     0.444042  
  1846     0.000115     0.444037  
  1847     0.000114     0.444037  
  1848     0.000114     0.444037  
  1849     0.000114     0.444039  
  1850     0.000113     0.444040  
  1851     0.000113     0.444045  
  1852     0.000112     0.444044  
  1853     0.000112     0.444045  
  1854     0.000111     0.444047  
  1855     0.000111     0.444039  
  1856     0.000110     0.444037  
  1857     0.000110     0.444041  
  1858     0.000109     0.444042  
  1859     0.000109     0.444044  
  1860     0.000109     0.444048  
  1861     0.000108     0.444052  
  1862     0.000108     0.444055  
  1863     0.000107     0.444062  
  1864     0.000107     0.444061  
  1865     0.000106     0.444063  
  1866     0.000106     0.444062  
  1867     0.000106     0.444063  
  1868     0.000105     0.444060  
  1869     0.000105     0.444054  
  1870     0.000104     0.444059  
  1871     0.000104     0.444059  
  1872     0.000103     0.444061  
  1873     0.000103     0.444057  
  1874     0.000103     0.444054  
  1875     0.000102     0.444048  
  1876     0.000102     0.444042  
  1877     0.000101     0.444038  
  1878     0.000101     0.444040  
  1879     0.000101     0.444043  
  1880     0.000100     0.444042  
  1881     0.000100     0.444037  
  1882     0.000099     0.444038  
  1883     0.000099     0.444037  
  1884     0.000099     0.444037  
  1885     0.000098     0.444033  
  1886     0.000098     0.444037  
  1887     0.000097     0.444040  
  1888     0.000097     0.444037  
  1889     0.000097     0.444037  
  1890     0.000096     0.444034  
  1891     0.000096     0.444030  
  1892     0.000096     0.444029  
  1893     0.000095     0.444030  
  1894     0.000095     0.444036  
  1895     0.000094     0.444032  
  1896     0.000094     0.444028  
  1897     0.000094     0.444030  
  1898     0.000093     0.444032  
  1899     0.000093     0.444033  
  1900     0.000092     0.444032  
  1901     0.000092     0.444030  
  1902     0.000092     0.444035  
  1903     0.000091     0.444034  
  1904     0.000091     0.444037  
  1905     0.000091     0.444037  
  1906     0.000090     0.444030  
  1907     0.000090     0.444029  
  1908     0.000090     0.444029  
  1909     0.000089     0.444027  
  1910     0.000089     0.444028  
  1911     0.000089     0.444034  
  1912     0.000088     0.444034  
  1913     0.000088     0.444033  
  1914     0.000087     0.444037  
  1915     0.000087     0.444034  
  1916     0.000087     0.444032  
  1917     0.000086     0.444030  
  1918     0.000086     0.444027  
  1919     0.000086     0.444031  
  1920     0.000085     0.444031  
  1921     0.000085     0.444033  
  1922     0.000085     0.444028  
  1923     0.000084     0.444026  
  1924     0.000084     0.444024  
  1925     0.000084     0.444024  
  1926     0.000083     0.444025  
  1927     0.000083     0.444022  
  1928     0.000083     0.444026  
  1929     0.000082     0.444030  
  1930     0.000082     0.444032  
  1931     0.000082     0.444031  
  1932     0.000081     0.444030  
  1933     0.000081     0.444031  
  1934     0.000081     0.444034  
  1935     0.000080     0.444034  
  1936     0.000080     0.444029  
  1937     0.000080     0.444028  
  1938     0.000079     0.444027  
  1939     0.000079     0.444029  
  1940     0.000079     0.444030  
  1941     0.000078     0.444029  
  1942     0.000078     0.444027  
  1943     0.000078     0.444024  
  1944     0.000077     0.444025  
  1945     0.000077     0.444022  
  1946     0.000077     0.444019  
  1947     0.000077     0.444015  
  1948     0.000076     0.444012  
  1949     0.000076     0.444008  
  1950     0.000076     0.444007  
  1951     0.000075     0.444004  
  1952     0.000075     0.444003  
  1953     0.000075     0.444005  
  1954     0.000074     0.444006  
  1955     0.000074     0.444008  
  1956     0.000074     0.444005  
  1957     0.000073     0.443999  
  1958     0.000073     0.443998  
  1959     0.000073     0.444004  
  1960     0.000073     0.444004  
  1961     0.000072     0.444001  
  1962     0.000072     0.443993  
  1963     0.000072     0.443993  
  1964     0.000071     0.443991  
  1965     0.000071     0.443992  
  1966     0.000071     0.443986  
  1967     0.000071     0.443991  
  1968     0.000070     0.443996  
  1969     0.000070     0.443997  
  1970     0.000070     0.443997  
  1971     0.000069     0.443997  
  1972     0.000069     0.443999  
  1973     0.000069     0.443997  
  1974     0.000069     0.443994  
  1975     0.000068     0.443991  
  1976     0.000068     0.443995  
  1977     0.000068     0.443988  
  1978     0.000067     0.443990  
  1979     0.000067     0.443992  
  1980     0.000067     0.443993  
  1981     0.000067     0.443997  
  1982     0.000066     0.443991  
  1983     0.000066     0.443992  
  1984     0.000066     0.443990  
  1985     0.000066     0.443993  
  1986     0.000065     0.443987  
  1987     0.000065     0.443989  
  1988     0.000065     0.443992  
  1989     0.000064     0.443989  
  1990     0.000064     0.443988  
  1991     0.000064     0.443985  
  1992     0.000064     0.443987  
  1993     0.000063     0.443984  
  1994     0.000063     0.443982  
  1995     0.000063     0.443984  
  1996     0.000063     0.443986  
  1997     0.000062     0.443987  
  1998     0.000062     0.443984  
  1999     0.000062     0.443988  
  2000     0.000062     0.443986  
  2001     0.000061     0.443989  
  2002     0.000061     0.443990  
  2003     0.000061     0.443996  
  2004     0.000061     0.443995  
  2005     0.000061     0.443996  
  2006     0.000060     0.443994  
  2007     0.000060     0.443997  
  2008     0.000060     0.443997  
  2009     0.000060     0.443997  
  2010     0.000059     0.443992  
  2011     0.000059     0.443993  
  2012     0.000059     0.443993  
  2013     0.000059     0.443993  
  2014     0.000058     0.443994  
  2015     0.000058     0.443991  
  2016     0.000058     0.443993  
  2017     0.000058     0.443989  
  2018     0.000058     0.443986  
  2019     0.000057     0.443982  
  2020     0.000057     0.443983  
  2021     0.000057     0.443982  
  2022     0.000057     0.443986  
  2023     0.000056     0.443986  
  2024     0.000056     0.443984  
  2025     0.000056     0.443985  
  2026     0.000056     0.443988  
  2027     0.000056     0.443987  
  2028     0.000055     0.443986  
  2029     0.000055     0.443985  
  2030     0.000055     0.443986  
  2031     0.000055     0.443983  
  2032     0.000055     0.443982  * best
  2033     0.000054     0.443985  
  2034     0.000054     0.443990  
  2035     0.000054     0.443990  
  2036     0.000054     0.443988  
  2037     0.000053     0.443986  
  2038     0.000053     0.443984  
  2039     0.000053     0.443986  
  2040     0.000053     0.443983  
  2041     0.000053     0.443986  
  2042     0.000052     0.443984  
  2043     0.000052     0.443984  
  2044     0.000052     0.443987  
  2045     0.000052     0.443990  
  2046     0.000051     0.443990  
  2047     0.000051     0.443991  
  2048     0.000051     0.443992  
  2049     0.000051     0.443991  
  2050     0.000051     0.443993  
  2051     0.000050     0.443997  
  2052     0.000050     0.443996  
  2053     0.000050     0.443993  
  2054     0.000050     0.443995  
  2055     0.000050     0.443997  
  2056     0.000049     0.443998  
  2057     0.000049     0.443998  
  2058     0.000049     0.443998  
  2059     0.000049     0.444001  
  2060     0.000049     0.444005  
  2061     0.000048     0.444004  
  2062     0.000048     0.444005  
  2063     0.000048     0.444005  
  2064     0.000048     0.444007  
  2065     0.000048     0.444006  
  2066     0.000048     0.444004  
  2067     0.000047     0.444006  
  2068     0.000047     0.444004  
  2069     0.000047     0.444002  
  2070     0.000047     0.444003  
  2071     0.000047     0.444001  
  2072     0.000046     0.444001  
  2073     0.000046     0.444001  
  2074     0.000046     0.444004  
  2075     0.000046     0.444009  
  2076     0.000046     0.444007  
  2077     0.000046     0.444007  
  2078     0.000045     0.444008  
  2079     0.000045     0.444008  
  2080     0.000045     0.444006  
  2081     0.000045     0.444006  
  2082     0.000045     0.444006  
  2083     0.000045     0.444008  
  2084     0.000044     0.444007  
  2085     0.000044     0.444009  
  2086     0.000044     0.444007  
  2087     0.000044     0.444006  
  2088     0.000044     0.444006  
  2089     0.000044     0.444004  
  2090     0.000043     0.444007  
  2091     0.000043     0.444008  
  2092     0.000043     0.444010  
  2093     0.000043     0.444007  
  2094     0.000043     0.444006  
  2095     0.000042     0.444005  
  2096     0.000042     0.444006  
  2097     0.000042     0.444006  
  2098     0.000042     0.444008  
  2099     0.000042     0.444007  
  2100     0.000042     0.444005  
  2101     0.000041     0.444006  
  2102     0.000041     0.444006  
  2103     0.000041     0.444005  
  2104     0.000041     0.444006  
  2105     0.000041     0.444000  
  2106     0.000041     0.444004  
  2107     0.000040     0.444004  
  2108     0.000040     0.444006  
  2109     0.000040     0.444006  
  2110     0.000040     0.444009  
  2111     0.000040     0.444008  
  2112     0.000040     0.444008  
  2113     0.000040     0.444004  
  2114     0.000039     0.444007  
  2115     0.000039     0.444004  
  2116     0.000039     0.444008  
  2117     0.000039     0.444012  
  2118     0.000039     0.444010  
  2119     0.000039     0.444012  
  2120     0.000038     0.444009  
  2121     0.000038     0.444009  
  2122     0.000038     0.444009  
  2123     0.000038     0.444008  
  2124     0.000038     0.444008  
  2125     0.000038     0.444006  
  2126     0.000038     0.444008  
  2127     0.000037     0.444010  
  2128     0.000037     0.444013  
  2129     0.000037     0.444011  
  2130     0.000037     0.444014  
  2131     0.000037     0.444012  
  2132     0.000037     0.444014  
# best iteration 2032 (val l2 0.443982)
# Spearman  train +0.9951  val +0.7546  test +0.7497
