# boltz_conf seed 1
# Boltz confidence metrics (ipTM, pTM, pLDDT, ...)
# input dim 9, 5,441 parameters
# Linear(n_in,128) -> GELU -> Dropout(0.3) -> Linear(128,32) -> GELU -> Dropout(0.3) -> Linear(32,1)
# Adam lr=0.001 weight_decay=0.0001 batch=32 dropout=0.3
# loss = MSE on standardised log10 half-life
# early stopping on validation loss, patience 40, max 300 epochs
#
 epoch  train_batch        train          val  note
     1     0.880459     0.833195     0.871624  * best
     2     0.840597     0.821095     0.860159  * best
     3     0.832474     0.812710     0.845698  * best
     4     0.826674     0.813501     0.839664  * best
     5     0.823186     0.807321     0.840995  
     6     0.822345     0.808897     0.836691  * best
     7     0.821539     0.809691     0.844311  
     8     0.815622     0.805537     0.840822  
     9     0.819370     0.801309     0.839334  
    10     0.813041     0.799772     0.839387  
    11     0.815618     0.798976     0.831638  * best
    12     0.809114     0.795330     0.831345  * best
    13     0.808207     0.794178     0.830670  * best
    14     0.804926     0.794649     0.823647  * best
    15     0.809184     0.796457     0.836076  
    16     0.807791     0.789474     0.831580  
    17     0.804732     0.789011     0.828552  
    18     0.802070     0.790226     0.830892  
    19     0.803877     0.785964     0.825872  
    20     0.799862     0.783985     0.825486  
    21     0.798858     0.786329     0.830875  
    22     0.799743     0.783295     0.830223  
    23     0.800867     0.782796     0.824976  
    24     0.800457     0.781517     0.824315  
    25     0.799658     0.781536     0.832606  
    26     0.796617     0.779779     0.821020  * best
    27     0.798374     0.777974     0.819748  * best
    28     0.800125     0.778108     0.820565  
    29     0.792761     0.778859     0.822833  
    30     0.790027     0.776463     0.819980  
    31     0.794348     0.778867     0.823920  
    32     0.793704     0.775579     0.822057  
    33     0.792728     0.775717     0.822101  
    34     0.793286     0.774942     0.819824  
    35     0.788301     0.775251     0.811839  * best
    36     0.793994     0.775335     0.823658  
    37     0.791630     0.775306     0.815208  
    38     0.793794     0.770676     0.817375  
    39     0.790697     0.774817     0.818197  
    40     0.791474     0.775155     0.815008  
    41     0.791384     0.771566     0.815266  
    42     0.787686     0.770619     0.813785  
    43     0.791614     0.770574     0.815879  
    44     0.787802     0.769960     0.818858  
    45     0.790091     0.769665     0.812588  
    46     0.787815     0.766831     0.815057  
    47     0.788256     0.769135     0.812356  
    48     0.791043     0.768506     0.815621  
    49     0.788527     0.768796     0.809199  * best
    50     0.785852     0.768382     0.822218  
    51     0.783467     0.766953     0.822139  
    52     0.789852     0.765726     0.810518  
    53     0.788717     0.765955     0.817257  
    54     0.788473     0.766631     0.816322  
    55     0.790036     0.767955     0.817346  
    56     0.785599     0.764961     0.814337  
    57     0.785512     0.766567     0.807731  * best
    58     0.792467     0.765841     0.813161  
    59     0.784327     0.765540     0.807485  * best
    60     0.788163     0.766101     0.812434  
    61     0.783910     0.765405     0.820340  
    62     0.783029     0.767398     0.824802  
    63     0.782644     0.764127     0.810557  
    64     0.784059     0.762155     0.812299  
    65     0.787643     0.771908     0.809459  
    66     0.789223     0.766793     0.821241  
    67     0.782303     0.764393     0.813739  
    68     0.785198     0.762054     0.814600  
    69     0.782170     0.763931     0.815896  
    70     0.783566     0.762239     0.812177  
    71     0.784454     0.766627     0.817288  
    72     0.781775     0.767352     0.820961  
    73     0.782092     0.765971     0.811722  
    74     0.776159     0.768937     0.816772  
    75     0.781946     0.762072     0.810264  
    76     0.784381     0.761967     0.813559  
    77     0.783813     0.764639     0.810493  
    78     0.786076     0.763278     0.807755  
    79     0.780654     0.760769     0.815779  
    80     0.783320     0.767119     0.807877  
    81     0.787176     0.762069     0.815670  
    82     0.786585     0.772172     0.824477  
    83     0.782101     0.763861     0.825662  
    84     0.781836     0.760177     0.817412  
    85     0.780896     0.758579     0.815241  
    86     0.784139     0.762859     0.814203  
    87     0.780552     0.760694     0.815834  
    88     0.779212     0.757150     0.814176  
    89     0.778134     0.761063     0.818144  
    90     0.783971     0.760618     0.812194  
    91     0.782690     0.756751     0.811526  
    92     0.776364     0.758227     0.812292  
    93     0.775772     0.756468     0.811373  
    94     0.777707     0.758674     0.808717  
    95     0.775679     0.756927     0.813302  
    96     0.778303     0.756154     0.811585  
    97     0.777525     0.758256     0.806621  * best
    98     0.779394     0.760430     0.816033  
    99     0.782170     0.759085     0.813981  
   100     0.777095     0.756934     0.813159  
   101     0.774509     0.756556     0.817061  
   102     0.778203     0.760284     0.822992  
   103     0.782862     0.755816     0.813173  
   104     0.780649     0.760411     0.818858  
   105     0.781250     0.758138     0.812485  
   106     0.776582     0.756225     0.811297  
   107     0.777549     0.758977     0.819145  
   108     0.779163     0.756206     0.819161  
   109     0.782706     0.753738     0.810475  
   110     0.774779     0.755338     0.816897  
   111     0.775504     0.756579     0.810975  
   112     0.774567     0.755908     0.810910  
   113     0.776761     0.759510     0.816742  
   114     0.777960     0.757240     0.815679  
   115     0.776428     0.757675     0.825738  
   116     0.771626     0.753945     0.810628  
   117     0.775697     0.752056     0.815482  
   118     0.775003     0.753275     0.813981  
   119     0.778379     0.758075     0.816018  
   120     0.775526     0.752250     0.814517  
   121     0.774298     0.754186     0.813322  
   122     0.778106     0.755231     0.812279  
   123     0.778044     0.754322     0.811401  
   124     0.778051     0.760685     0.823154  
   125     0.775887     0.752558     0.814198  
   126     0.779370     0.750913     0.813597  
   127     0.778237     0.755558     0.816754  
   128     0.774469     0.751668     0.820778  
   129     0.775953     0.758261     0.814367  
   130     0.778516     0.753992     0.811251  
   131     0.775710     0.758020     0.816218  
   132     0.776904     0.752623     0.813198  
   133     0.772334     0.753025     0.814620  
   134     0.772105     0.752430     0.808305  
   135     0.776231     0.751347     0.811671  
   136     0.772310     0.750529     0.813624  
   137     0.776346     0.756031     0.814979  
# stopped at epoch 137: no improvement for 40 epochs
# restored epoch 97 (val MSE 0.806621)
# Spearman  train +0.4810  val +0.4444  test +0.4473
