# gbm_seq+energy+edge seed 0
# boosted trees on seq+energy+edge
# inputs 15740, 69 trees
# LightGBM gradient-boosted trees, objective l2, lr 0.05, num_leaves 31, min_data_in_leaf 20, feature_fraction 0.3, bagging 0.8, lambda_l2 1.0, up to 3000 rounds, early stopping 100 on validation l2
# loss = l2 on standardised log10 half-life
#
 round        train          val  note
     1     0.960734     0.813359  
     2     0.923648     0.815080  
     3     0.888493     0.804270  
     4     0.857127     0.805964  
     5     0.826423     0.803206  
     6     0.798481     0.793173  
     7     0.772765     0.791397  
     8     0.748123     0.792517  
     9     0.726576     0.789447  
    10     0.706530     0.788883  
    11     0.687720     0.785432  
    12     0.670464     0.780831  
    13     0.654229     0.777808  
    14     0.638332     0.783627  
    15     0.623668     0.790943  
    16     0.609904     0.795961  
    17     0.597230     0.794599  
    18     0.585064     0.794590  
    19     0.573428     0.793362  
    20     0.562689     0.788084  
    21     0.552805     0.785805  
    22     0.543268     0.784425  
    23     0.533981     0.781585  
    24     0.525134     0.779025  
    25     0.516876     0.783064  
    26     0.509401     0.783761  
    27     0.501910     0.785606  
    28     0.495170     0.781546  
    29     0.488587     0.782146  
    30     0.482086     0.779441  
    31     0.476165     0.775720  
    32     0.469846     0.776877  
    33     0.463730     0.774849  
    34     0.457974     0.772772  
    35     0.452446     0.773782  
    36     0.447386     0.771697  
    37     0.442558     0.769935  
    38     0.437343     0.767387  
    39     0.432458     0.765772  
    40     0.427249     0.763719  
    41     0.422710     0.764125  
    42     0.418185     0.763086  
    43     0.413733     0.764047  
    44     0.409413     0.762926  
    45     0.404950     0.762887  
    46     0.400936     0.761559  
    47     0.397345     0.761475  
    48     0.393641     0.761028  
    49     0.390027     0.759636  
    50     0.386206     0.760677  
    51     0.382261     0.761178  
    52     0.379060     0.760847  
    53     0.375303     0.761044  
    54     0.371976     0.760362  
    55     0.368387     0.761924  
    56     0.365328     0.761261  
    57     0.362063     0.761574  
    58     0.358946     0.760612  
    59     0.355802     0.760516  
    60     0.352794     0.760743  
    61     0.349819     0.760012  
    62     0.346738     0.759352  
    63     0.343960     0.759443  
    64     0.340939     0.760057  
    65     0.338128     0.758768  
    66     0.335301     0.759296  
    67     0.332485     0.759055  
    68     0.329642     0.759347  
    69     0.326858     0.758494  * best
    70     0.324212     0.758975  
    71     0.321534     0.760837  
    72     0.318604     0.760019  
    73     0.316084     0.759532  
    74     0.313549     0.759548  
    75     0.311012     0.759388  
    76     0.308776     0.760053  
    77     0.306403     0.759399  
    78     0.303973     0.759584  
    79     0.301617     0.758746  
    80     0.299279     0.758654  
    81     0.296979     0.759349  
    82     0.294620     0.759349  
    83     0.292446     0.759963  
    84     0.290316     0.758821  
    85     0.288072     0.759622  
    86     0.286005     0.761508  
    87     0.283784     0.761101  
    88     0.281722     0.761008  
    89     0.279789     0.761314  
    90     0.277736     0.761807  
    91     0.275590     0.763033  
    92     0.273574     0.764134  
    93     0.271542     0.764112  
    94     0.269476     0.764458  
    95     0.267352     0.763709  
    96     0.265498     0.763452  
    97     0.263608     0.763567  
    98     0.261628     0.766905  
    99     0.259755     0.766970  
   100     0.258000     0.768437  
   101     0.256201     0.768488  
   102     0.254351     0.768525  
   103     0.252596     0.768090  
   104     0.250838     0.769080  
   105     0.249201     0.769452  
   106     0.247515     0.769618  
   107     0.245877     0.770136  
   108     0.244163     0.771051  
   109     0.242553     0.770423  
   110     0.240929     0.770989  
   111     0.239314     0.771354  
   112     0.237779     0.773947  
   113     0.236256     0.773288  
   114     0.234556     0.773517  
   115     0.232838     0.774838  
   116     0.231238     0.774062  
   117     0.229620     0.773648  
   118     0.227957     0.774611  
   119     0.226414     0.774356  
   120     0.224920     0.774310  
   121     0.223426     0.772512  
   122     0.221945     0.772066  
   123     0.220471     0.772869  
   124     0.219105     0.772506  
   125     0.217650     0.772403  
   126     0.216263     0.770618  
   127     0.214902     0.770754  
   128     0.213529     0.770161  
   129     0.212199     0.770214  
   130     0.210781     0.771089  
   131     0.209337     0.770709  
   132     0.208066     0.770403  
   133     0.206768     0.769693  
   134     0.205405     0.769781  
   135     0.204048     0.769165  
   136     0.202692     0.768929  
   137     0.201464     0.768913  
   138     0.200091     0.769745  
   139     0.198765     0.769212  
   140     0.197505     0.768207  
   141     0.196148     0.768966  
   142     0.195041     0.768805  
   143     0.193841     0.769815  
   144     0.192705     0.770149  
   145     0.191486     0.770301  
   146     0.190336     0.769713  
   147     0.189183     0.769625  
   148     0.188074     0.769193  
   149     0.186887     0.768826  
   150     0.185633     0.769454  
   151     0.184505     0.769674  
   152     0.183381     0.769983  
   153     0.182230     0.770498  
   154     0.181119     0.770799  
   155     0.180044     0.771094  
   156     0.178923     0.771306  
   157     0.177756     0.771547  
   158     0.176671     0.771922  
   159     0.175599     0.771970  
   160     0.174556     0.772226  
   161     0.173570     0.772038  
   162     0.172498     0.772299  
   163     0.171517     0.772356  
   164     0.170422     0.771652  
   165     0.169319     0.771741  
   166     0.168320     0.772607  
   167     0.167349     0.772153  
   168     0.166383     0.772497  
   169     0.165433     0.772098  
# best iteration 69 (val l2 0.758494)
# Spearman  train +0.8464  val +0.1206  test -0.2052
