# gbm_edge seed 2
# boosted trees on edge
# inputs 14450, 1,892 trees
# LightGBM gradient-boosted trees, objective l2, lr 0.05, num_leaves 31, min_data_in_leaf 20, feature_fraction 0.3, bagging 0.8, lambda_l2 1.0, up to 3000 rounds, early stopping 100 on validation l2
# loss = l2 on standardised log10 half-life
#
 round        train          val  note
     1     0.966104     0.978179  
     2     0.936062     0.949287  
     3     0.906946     0.922756  
     4     0.879095     0.899712  
     5     0.853601     0.877701  
     6     0.830429     0.858479  
     7     0.808012     0.839603  
     8     0.788002     0.823034  
     9     0.769187     0.806660  
    10     0.751474     0.793145  
    11     0.734710     0.778702  
    12     0.718386     0.765991  
    13     0.703377     0.754342  
    14     0.690081     0.743649  
    15     0.676649     0.732929  
    16     0.664308     0.723340  
    17     0.652752     0.714687  
    18     0.641787     0.706003  
    19     0.631039     0.697627  
    20     0.621063     0.690271  
    21     0.611665     0.683157  
    22     0.602480     0.675977  
    23     0.593508     0.668957  
    24     0.586211     0.664615  
    25     0.578318     0.659456  
    26     0.570193     0.653910  
    27     0.562807     0.648071  
    28     0.555767     0.643119  
    29     0.548729     0.638689  
    30     0.542447     0.634112  
    31     0.536337     0.630670  
    32     0.530041     0.625639  
    33     0.524241     0.622373  
    34     0.518596     0.618675  
    35     0.513176     0.615481  
    36     0.507543     0.611145  
    37     0.502487     0.609163  
    38     0.497220     0.605434  
    39     0.492619     0.603257  
    40     0.488124     0.600791  
    41     0.483258     0.597681  
    42     0.478515     0.593957  
    43     0.473830     0.590558  
    44     0.469487     0.587790  
    45     0.465082     0.585536  
    46     0.460959     0.584090  
    47     0.456937     0.582500  
    48     0.452958     0.579999  
    49     0.448819     0.577340  
    50     0.444942     0.575741  
    51     0.441095     0.574184  
    52     0.437336     0.572648  
    53     0.433624     0.571447  
    54     0.430332     0.569722  
    55     0.426505     0.567642  
    56     0.423051     0.565898  
    57     0.419708     0.564177  
    58     0.416476     0.562678  
    59     0.413182     0.561695  
    60     0.409915     0.560254  
    61     0.406593     0.557571  
    62     0.403360     0.556442  
    63     0.400157     0.554802  
    64     0.397028     0.554023  
    65     0.393838     0.552192  
    66     0.390788     0.551127  
    67     0.387666     0.548978  
    68     0.384574     0.548065  
    69     0.381695     0.547038  
    70     0.378757     0.545829  
    71     0.375931     0.544693  
    72     0.373140     0.543533  
    73     0.370546     0.543054  
    74     0.367625     0.541675  
    75     0.364791     0.540278  
    76     0.361839     0.539143  
    77     0.359033     0.537255  
    78     0.356581     0.536541  
    79     0.354050     0.535060  
    80     0.351724     0.534622  
    81     0.349205     0.533915  
    82     0.346814     0.533257  
    83     0.344253     0.532610  
    84     0.341846     0.531859  
    85     0.339292     0.530516  
    86     0.336875     0.529151  
    87     0.334688     0.528236  
    88     0.332370     0.527208  
    89     0.330010     0.526649  
    90     0.327786     0.525744  
    91     0.325693     0.524789  
    92     0.323484     0.523664  
    93     0.321437     0.523164  
    94     0.319125     0.522533  
    95     0.316793     0.521678  
    96     0.314555     0.520911  
    97     0.312358     0.520367  
    98     0.310290     0.519500  
    99     0.308124     0.519142  
   100     0.306031     0.518458  
   101     0.303949     0.517750  
   102     0.301866     0.516593  
   103     0.300002     0.516476  
   104     0.298006     0.515878  
   105     0.296112     0.515131  
   106     0.294136     0.514571  
   107     0.292224     0.513914  
   108     0.290258     0.513049  
   109     0.288448     0.512498  
   110     0.286524     0.511920  
   111     0.284680     0.511518  
   112     0.282822     0.511093  
   113     0.281003     0.511103  
   114     0.279311     0.510823  
   115     0.277543     0.509926  
   116     0.275886     0.509252  
   117     0.274188     0.508929  
   118     0.272552     0.508409  
   119     0.270835     0.508041  
   120     0.269207     0.507337  
   121     0.267543     0.507070  
   122     0.265924     0.506725  
   123     0.264257     0.506519  
   124     0.262610     0.505493  
   125     0.261012     0.504787  
   126     0.259319     0.504320  
   127     0.257758     0.504228  
   128     0.256107     0.503853  
   129     0.254465     0.503044  
   130     0.252894     0.502346  
   131     0.251257     0.501364  
   132     0.249805     0.500760  
   133     0.248390     0.500697  
   134     0.246920     0.500106  
   135     0.245401     0.499922  
   136     0.243873     0.499276  
   137     0.242324     0.498916  
   138     0.240932     0.498427  
   139     0.239595     0.498125  
   140     0.238125     0.497340  
   141     0.236530     0.496779  
   142     0.235126     0.496322  
   143     0.233777     0.496072  
   144     0.232299     0.495436  
   145     0.230953     0.495016  
   146     0.229737     0.494608  
   147     0.228504     0.494594  
   148     0.227162     0.494618  
   149     0.225755     0.493790  
   150     0.224448     0.493368  
   151     0.223244     0.492946  
   152     0.222006     0.492893  
   153     0.220734     0.492651  
   154     0.219569     0.492389  
   155     0.218267     0.491957  
   156     0.217046     0.491712  
   157     0.215737     0.491852  
   158     0.214496     0.491839  
   159     0.213263     0.491509  
   160     0.212176     0.491528  
   161     0.211017     0.491270  
   162     0.209857     0.490997  
   163     0.208565     0.490204  
   164     0.207390     0.489778  
   165     0.206295     0.489522  
   166     0.205154     0.489214  
   167     0.204001     0.488931  
   168     0.202900     0.488817  
   169     0.201764     0.488417  
   170     0.200703     0.487986  
   171     0.199547     0.487605  
   172     0.198531     0.487327  
   173     0.197385     0.486965  
   174     0.196223     0.486606  
   175     0.195109     0.486600  
   176     0.194021     0.486319  
   177     0.192970     0.486033  
   178     0.191921     0.486047  
   179     0.190790     0.485957  
   180     0.189760     0.485810  
   181     0.188690     0.485519  
   182     0.187622     0.485617  
   183     0.186643     0.485603  
   184     0.185642     0.485540  
   185     0.184562     0.485296  
   186     0.183664     0.484813  
   187     0.182614     0.484329  
   188     0.181576     0.483867  
   189     0.180542     0.483636  
   190     0.179555     0.483376  
   191     0.178660     0.483424  
   192     0.177676     0.483163  
   193     0.176760     0.482965  
   194     0.175769     0.483065  
   195     0.174795     0.482891  
   196     0.173850     0.482532  
   197     0.172849     0.482419  
   198     0.172010     0.482319  
   199     0.171166     0.482108  
   200     0.170215     0.481897  
   201     0.169296     0.481514  
   202     0.168421     0.481420  
   203     0.167463     0.481248  
   204     0.166523     0.481441  
   205     0.165616     0.481200  
   206     0.164770     0.480906  
   207     0.163903     0.480800  
   208     0.163070     0.480756  
   209     0.162203     0.480492  
   210     0.161366     0.480150  
   211     0.160465     0.480004  
   212     0.159569     0.480084  
   213     0.158798     0.480349  
   214     0.157902     0.479962  
   215     0.156959     0.479633  
   216     0.156181     0.479547  
   217     0.155358     0.479442  
   218     0.154622     0.479582  
   219     0.153836     0.479331  
   220     0.153013     0.479047  
   221     0.152279     0.479131  
   222     0.151432     0.479042  
   223     0.150722     0.478888  
   224     0.149887     0.478869  
   225     0.149071     0.478593  
   226     0.148400     0.478401  
   227     0.147644     0.477973  
   228     0.146855     0.477739  
   229     0.146071     0.477487  
   230     0.145312     0.477305  
   231     0.144598     0.477456  
   232     0.143841     0.477433  
   233     0.143043     0.477061  
   234     0.142315     0.476746  
   235     0.141570     0.476612  
   236     0.140893     0.476575  
   237     0.140167     0.476655  
   238     0.139461     0.476570  
   239     0.138703     0.476267  
   240     0.138000     0.475844  
   241     0.137371     0.475469  
   242     0.136677     0.475540  
   243     0.136022     0.475515  
   244     0.135318     0.475321  
   245     0.134549     0.475145  
   246     0.133870     0.474996  
   247     0.133215     0.474757  
   248     0.132533     0.474757  
   249     0.131892     0.474654  
   250     0.131265     0.474449  
   251     0.130694     0.474589  
   252     0.129995     0.474101  
   253     0.129354     0.473838  
   254     0.128720     0.473604  
   255     0.128018     0.473476  
   256     0.127416     0.473143  
   257     0.126834     0.473004  
   258     0.126153     0.473021  
   259     0.125535     0.473020  
   260     0.124923     0.472894  
   261     0.124280     0.472882  
   262     0.123640     0.472820  
   263     0.123042     0.472472  
   264     0.122447     0.472323  
   265     0.121836     0.472115  
   266     0.121179     0.471883  
   267     0.120580     0.471713  
   268     0.119942     0.471489  
   269     0.119383     0.471220  
   270     0.118793     0.471294  
   271     0.118189     0.471128  
   272     0.117599     0.470958  
   273     0.117022     0.470966  
   274     0.116502     0.470987  
   275     0.115903     0.470552  
   276     0.115310     0.470494  
   277     0.114764     0.470305  
   278     0.114198     0.470010  
   279     0.113623     0.469917  
   280     0.113105     0.469679  
   281     0.112537     0.469334  
   282     0.111944     0.469220  
   283     0.111414     0.469157  
   284     0.110901     0.469296  
   285     0.110365     0.469227  
   286     0.109765     0.469213  
   287     0.109269     0.469251  
   288     0.108736     0.469111  
   289     0.108228     0.468829  
   290     0.107698     0.468678  
   291     0.107197     0.468796  
   292     0.106645     0.468630  
   293     0.106114     0.468537  
   294     0.105620     0.468339  
   295     0.105113     0.468560  
   296     0.104629     0.468590  
   297     0.104132     0.468391  
   298     0.103592     0.468264  
   299     0.103089     0.467976  
   300     0.102557     0.467934  
   301     0.102047     0.468027  
   302     0.101559     0.467852  
   303     0.101072     0.467838  
   304     0.100622     0.467792  
   305     0.100136     0.467729  
   306     0.099670     0.467730  
   307     0.099171     0.467390  
   308     0.098745     0.467324  
   309     0.098249     0.467173  
   310     0.097777     0.466944  
   311     0.097332     0.466692  
   312     0.096863     0.466512  
   313     0.096373     0.466383  
   314     0.095906     0.466297  
   315     0.095510     0.466219  
   316     0.095015     0.466120  
   317     0.094580     0.466253  
   318     0.094158     0.466243  
   319     0.093689     0.466391  
   320     0.093252     0.466391  
   321     0.092800     0.466292  
   322     0.092342     0.466120  
   323     0.091918     0.465804  
   324     0.091488     0.465863  
   325     0.091046     0.465723  
   326     0.090611     0.465653  
   327     0.090227     0.465556  
   328     0.089772     0.465434  
   329     0.089362     0.465548  
   330     0.088938     0.465512  
   331     0.088563     0.465356  
   332     0.088119     0.465338  
   333     0.087692     0.465244  
   334     0.087272     0.465521  
   335     0.086862     0.465305  
   336     0.086427     0.465150  
   337     0.086017     0.465254  
   338     0.085654     0.465305  
   339     0.085243     0.465331  
   340     0.084849     0.465250  
   341     0.084470     0.465210  
   342     0.084052     0.465147  
   343     0.083694     0.465255  
   344     0.083313     0.465124  
   345     0.082943     0.464935  
   346     0.082531     0.464761  
   347     0.082164     0.464864  
   348     0.081772     0.464634  
   349     0.081405     0.464564  
   350     0.081032     0.464747  
   351     0.080619     0.464687  
   352     0.080237     0.464491  
   353     0.079883     0.464454  
   354     0.079535     0.464486  
   355     0.079164     0.464706  
   356     0.078779     0.464786  
   357     0.078438     0.464609  
   358     0.078083     0.464433  
   359     0.077733     0.464529  
   360     0.077389     0.464509  
   361     0.077017     0.464279  
   362     0.076661     0.464078  
   363     0.076265     0.463841  
   364     0.075907     0.463773  
   365     0.075544     0.463604  
   366     0.075201     0.463372  
   367     0.074854     0.463131  
   368     0.074516     0.462906  
   369     0.074163     0.462732  
   370     0.073847     0.462635  
   371     0.073517     0.462553  
   372     0.073144     0.462449  
   373     0.072834     0.462602  
   374     0.072503     0.462550  
   375     0.072155     0.462572  
   376     0.071849     0.462457  
   377     0.071517     0.462373  
   378     0.071194     0.462387  
   379     0.070881     0.462315  
   380     0.070527     0.462125  
   381     0.070218     0.462034  
   382     0.069887     0.462034  
   383     0.069570     0.461950  
   384     0.069256     0.461797  
   385     0.068951     0.461797  
   386     0.068659     0.461668  
   387     0.068319     0.461532  
   388     0.068013     0.461379  
   389     0.067672     0.461343  
   390     0.067376     0.461314  
   391     0.067048     0.461133  
   392     0.066759     0.461076  
   393     0.066450     0.461191  
   394     0.066157     0.460982  
   395     0.065838     0.460929  
   396     0.065564     0.460779  
   397     0.065286     0.460879  
   398     0.065005     0.460969  
   399     0.064742     0.461122  
   400     0.064447     0.461143  
   401     0.064169     0.461098  
   402     0.063865     0.461057  
   403     0.063586     0.460972  
   404     0.063281     0.460983  
   405     0.063014     0.460946  
   406     0.062723     0.460932  
   407     0.062449     0.460754  
   408     0.062136     0.460857  
   409     0.061857     0.460681  
   410     0.061567     0.460540  
   411     0.061314     0.460441  
   412     0.061029     0.460490  
   413     0.060762     0.460312  
   414     0.060500     0.460289  
   415     0.060218     0.460201  
   416     0.059971     0.460039  
   417     0.059700     0.460138  
   418     0.059429     0.460103  
   419     0.059164     0.460057  
   420     0.058893     0.459999  
   421     0.058608     0.459962  
   422     0.058369     0.460044  
   423     0.058087     0.459950  
   424     0.057811     0.459792  
   425     0.057541     0.459585  
   426     0.057283     0.459503  
   427     0.057025     0.459430  
   428     0.056774     0.459285  
   429     0.056496     0.459434  
   430     0.056226     0.459399  
   431     0.056007     0.459366  
   432     0.055769     0.459399  
   433     0.055516     0.459239  
   434     0.055267     0.459313  
   435     0.055005     0.459238  
   436     0.054765     0.459144  
   437     0.054512     0.459007  
   438     0.054241     0.458814  
   439     0.053994     0.458614  
   440     0.053774     0.458519  
   441     0.053526     0.458320  
   442     0.053280     0.458263  
   443     0.053019     0.458473  
   444     0.052800     0.458453  
   445     0.052544     0.458378  
   446     0.052305     0.458354  
   447     0.052063     0.458332  
   448     0.051827     0.458355  
   449     0.051597     0.458313  
   450     0.051358     0.458427  
   451     0.051138     0.458520  
   452     0.050891     0.458460  
   453     0.050649     0.458374  
   454     0.050436     0.458427  
   455     0.050240     0.458349  
   456     0.050018     0.458315  
   457     0.049788     0.458207  
   458     0.049587     0.458157  
   459     0.049365     0.458112  
   460     0.049160     0.458016  
   461     0.048927     0.458071  
   462     0.048688     0.458142  
   463     0.048481     0.458132  
   464     0.048265     0.458073  
   465     0.048049     0.458018  
   466     0.047830     0.457849  
   467     0.047603     0.457799  
   468     0.047397     0.457711  
   469     0.047214     0.457636  
   470     0.047032     0.457588  
   471     0.046831     0.457509  
   472     0.046634     0.457492  
   473     0.046418     0.457507  
   474     0.046210     0.457535  
   475     0.045992     0.457466  
   476     0.045778     0.457191  
   477     0.045569     0.457126  
   478     0.045349     0.457086  
   479     0.045155     0.456994  
   480     0.044953     0.457032  
   481     0.044736     0.456992  
   482     0.044546     0.456891  
   483     0.044371     0.457005  
   484     0.044158     0.457131  
   485     0.043981     0.457036  
   486     0.043797     0.456967  
   487     0.043599     0.456955  
   488     0.043399     0.456841  
   489     0.043194     0.456855  
   490     0.043002     0.456766  
   491     0.042792     0.456515  
   492     0.042597     0.456435  
   493     0.042425     0.456354  
   494     0.042256     0.456327  
   495     0.042072     0.456238  
   496     0.041875     0.456189  
   497     0.041699     0.456141  
   498     0.041525     0.456076  
   499     0.041338     0.455980  
   500     0.041160     0.455956  
   501     0.040960     0.455803  
   502     0.040768     0.455745  
   503     0.040593     0.455901  
   504     0.040417     0.455864  
   505     0.040261     0.455793  
   506     0.040091     0.455696  
   507     0.039910     0.455670  
   508     0.039739     0.455795  
   509     0.039566     0.455757  
   510     0.039394     0.455750  
   511     0.039224     0.455772  
   512     0.039065     0.455610  
   513     0.038892     0.455698  
   514     0.038740     0.455651  
   515     0.038568     0.455620  
   516     0.038375     0.455521  
   517     0.038211     0.455574  
   518     0.038046     0.455450  
   519     0.037887     0.455392  
   520     0.037709     0.455291  
   521     0.037548     0.455339  
   522     0.037395     0.455465  
   523     0.037243     0.455527  
   524     0.037097     0.455568  
   525     0.036927     0.455464  
   526     0.036776     0.455417  
   527     0.036616     0.455306  
   528     0.036462     0.455202  
   529     0.036291     0.455156  
   530     0.036134     0.455151  
   531     0.035975     0.455128  
   532     0.035834     0.455075  
   533     0.035681     0.454970  
   534     0.035519     0.454967  
   535     0.035370     0.455010  
   536     0.035217     0.454992  
   537     0.035073     0.454899  
   538     0.034920     0.454964  
   539     0.034782     0.454987  
   540     0.034627     0.454979  
   541     0.034466     0.455017  
   542     0.034328     0.454929  
   543     0.034174     0.455048  
   544     0.034001     0.455103  
   545     0.033839     0.455080  
   546     0.033705     0.455138  
   547     0.033551     0.455033  
   548     0.033407     0.454900  
   549     0.033286     0.454843  
   550     0.033137     0.454762  
   551     0.032998     0.454787  
   552     0.032869     0.454837  
   553     0.032718     0.454801  
   554     0.032579     0.454750  
   555     0.032435     0.454625  
   556     0.032309     0.454548  
   557     0.032177     0.454478  
   558     0.032044     0.454512  
   559     0.031913     0.454517  
   560     0.031773     0.454416  
   561     0.031637     0.454431  
   562     0.031516     0.454510  
   563     0.031390     0.454549  
   564     0.031265     0.454616  
   565     0.031144     0.454548  
   566     0.031012     0.454541  
   567     0.030866     0.454401  
   568     0.030729     0.454317  
   569     0.030594     0.454171  
   570     0.030454     0.454122  
   571     0.030314     0.454233  
   572     0.030182     0.454310  
   573     0.030057     0.454274  
   574     0.029901     0.454387  
   575     0.029770     0.454392  
   576     0.029631     0.454320  
   577     0.029513     0.454253  
   578     0.029396     0.454207  
   579     0.029273     0.454113  
   580     0.029158     0.454069  
   581     0.029032     0.454142  
   582     0.028911     0.454173  
   583     0.028778     0.454092  
   584     0.028644     0.454057  
   585     0.028526     0.454031  
   586     0.028392     0.453981  
   587     0.028262     0.453863  
   588     0.028150     0.453864  
   589     0.028018     0.453909  
   590     0.027907     0.453871  
   591     0.027785     0.453758  
   592     0.027674     0.453717  
   593     0.027566     0.453684  
   594     0.027439     0.453608  
   595     0.027312     0.453640  
   596     0.027198     0.453643  
   597     0.027088     0.453704  
   598     0.026968     0.453671  
   599     0.026850     0.453681  
   600     0.026743     0.453603  
   601     0.026623     0.453589  
   602     0.026521     0.453575  
   603     0.026419     0.453652  
   604     0.026314     0.453555  
   605     0.026203     0.453616  
   606     0.026095     0.453571  
   607     0.025997     0.453541  
   608     0.025875     0.453552  
   609     0.025756     0.453449  
   610     0.025652     0.453295  
   611     0.025543     0.453366  
   612     0.025433     0.453334  
   613     0.025320     0.453310  
   614     0.025207     0.453346  
   615     0.025101     0.453344  
   616     0.025006     0.453341  
   617     0.024908     0.453388  
   618     0.024806     0.453412  
   619     0.024703     0.453372  
   620     0.024602     0.453319  
   621     0.024509     0.453356  
   622     0.024404     0.453353  
   623     0.024313     0.453292  
   624     0.024219     0.453363  
   625     0.024108     0.453491  
   626     0.024017     0.453492  
   627     0.023915     0.453506  
   628     0.023816     0.453617  
   629     0.023712     0.453558  
   630     0.023609     0.453534  
   631     0.023514     0.453510  
   632     0.023413     0.453507  
   633     0.023312     0.453480  
   634     0.023209     0.453484  
   635     0.023104     0.453539  
   636     0.023011     0.453537  
   637     0.022926     0.453473  
   638     0.022836     0.453392  
   639     0.022749     0.453413  
   640     0.022653     0.453401  
   641     0.022552     0.453359  
   642     0.022464     0.453340  
   643     0.022371     0.453360  
   644     0.022274     0.453313  
   645     0.022177     0.453267  
   646     0.022081     0.453298  
   647     0.021987     0.453409  
   648     0.021900     0.453430  
   649     0.021801     0.453461  
   650     0.021711     0.453518  
   651     0.021623     0.453545  
   652     0.021534     0.453490  
   653     0.021444     0.453459  
   654     0.021348     0.453455  
   655     0.021257     0.453423  
   656     0.021166     0.453386  
   657     0.021076     0.453337  
   658     0.020992     0.453369  
   659     0.020906     0.453334  
   660     0.020820     0.453283  
   661     0.020737     0.453310  
   662     0.020650     0.453355  
   663     0.020563     0.453387  
   664     0.020488     0.453384  
   665     0.020402     0.453414  
   666     0.020319     0.453419  
   667     0.020233     0.453417  
   668     0.020149     0.453318  
   669     0.020059     0.453351  
   670     0.019973     0.453405  
   671     0.019891     0.453392  
   672     0.019810     0.453398  
   673     0.019723     0.453341  
   674     0.019642     0.453312  
   675     0.019566     0.453251  
   676     0.019486     0.453180  
   677     0.019401     0.453198  
   678     0.019313     0.453251  
   679     0.019233     0.453123  
   680     0.019154     0.453155  
   681     0.019064     0.453106  
   682     0.018975     0.453060  
   683     0.018897     0.453068  
   684     0.018825     0.453037  
   685     0.018750     0.453140  
   686     0.018677     0.453126  
   687     0.018595     0.453124  
   688     0.018506     0.453094  
   689     0.018430     0.453119  
   690     0.018351     0.452985  
   691     0.018283     0.453009  
   692     0.018213     0.452961  
   693     0.018135     0.452953  
   694     0.018054     0.452903  
   695     0.017990     0.452819  
   696     0.017911     0.452831  
   697     0.017839     0.452766  
   698     0.017765     0.452704  
   699     0.017685     0.452736  
   700     0.017612     0.452608  
   701     0.017537     0.452506  
   702     0.017457     0.452466  
   703     0.017383     0.452482  
   704     0.017309     0.452499  
   705     0.017240     0.452601  
   706     0.017165     0.452643  
   707     0.017092     0.452552  
   708     0.017025     0.452627  
   709     0.016951     0.452596  
   710     0.016885     0.452652  
   711     0.016825     0.452626  
   712     0.016757     0.452613  
   713     0.016695     0.452569  
   714     0.016624     0.452556  
   715     0.016549     0.452505  
   716     0.016479     0.452555  
   717     0.016414     0.452583  
   718     0.016347     0.452500  
   719     0.016275     0.452501  
   720     0.016209     0.452555  
   721     0.016142     0.452597  
   722     0.016068     0.452569  
   723     0.016006     0.452577  
   724     0.015944     0.452548  
   725     0.015877     0.452576  
   726     0.015809     0.452511  
   727     0.015744     0.452493  
   728     0.015691     0.452506  
   729     0.015627     0.452443  
   730     0.015559     0.452474  
   731     0.015488     0.452485  
   732     0.015427     0.452418  
   733     0.015366     0.452342  
   734     0.015308     0.452311  
   735     0.015239     0.452342  
   736     0.015175     0.452371  
   737     0.015114     0.452307  
   738     0.015051     0.452320  
   739     0.014995     0.452319  
   740     0.014936     0.452337  
   741     0.014870     0.452332  
   742     0.014802     0.452219  
   743     0.014741     0.452237  
   744     0.014693     0.452224  
   745     0.014630     0.452148  
   746     0.014563     0.452074  
   747     0.014502     0.452015  
   748     0.014437     0.452003  
   749     0.014371     0.451953  
   750     0.014313     0.451960  
   751     0.014251     0.451982  
   752     0.014185     0.451899  
   753     0.014128     0.451935  
   754     0.014062     0.451832  
   755     0.014004     0.451767  
   756     0.013959     0.451797  
   757     0.013906     0.451769  
   758     0.013848     0.451822  
   759     0.013796     0.451764  
   760     0.013740     0.451768  
   761     0.013685     0.451737  
   762     0.013624     0.451689  
   763     0.013565     0.451708  
   764     0.013512     0.451687  
   765     0.013459     0.451665  
   766     0.013399     0.451673  
   767     0.013349     0.451670  
   768     0.013298     0.451576  
   769     0.013241     0.451588  
   770     0.013189     0.451582  
   771     0.013135     0.451597  
   772     0.013085     0.451570  
   773     0.013026     0.451586  
   774     0.012978     0.451548  
   775     0.012920     0.451500  
   776     0.012868     0.451528  
   777     0.012819     0.451529  
   778     0.012770     0.451490  
   779     0.012712     0.451400  
   780     0.012661     0.451412  
   781     0.012614     0.451409  
   782     0.012567     0.451375  
   783     0.012521     0.451367  
   784     0.012467     0.451377  
   785     0.012417     0.451395  
   786     0.012366     0.451452  
   787     0.012315     0.451426  
   788     0.012267     0.451420  
   789     0.012219     0.451376  
   790     0.012167     0.451317  
   791     0.012115     0.451400  
   792     0.012056     0.451341  
   793     0.012007     0.451334  
   794     0.011967     0.451301  
   795     0.011916     0.451249  
   796     0.011862     0.451288  
   797     0.011807     0.451279  
   798     0.011758     0.451297  
   799     0.011709     0.451298  
   800     0.011666     0.451273  
   801     0.011618     0.451286  
   802     0.011575     0.451238  
   803     0.011532     0.451258  
   804     0.011480     0.451269  
   805     0.011432     0.451338  
   806     0.011388     0.451359  
   807     0.011343     0.451306  
   808     0.011296     0.451271  
   809     0.011253     0.451280  
   810     0.011210     0.451318  
   811     0.011162     0.451267  
   812     0.011118     0.451249  
   813     0.011069     0.451188  
   814     0.011029     0.451136  
   815     0.010989     0.451090  
   816     0.010943     0.451046  
   817     0.010900     0.451037  
   818     0.010852     0.451006  
   819     0.010806     0.451006  
   820     0.010764     0.450987  
   821     0.010726     0.450982  
   822     0.010681     0.451015  
   823     0.010640     0.451035  
   824     0.010598     0.450982  
   825     0.010553     0.451015  
   826     0.010512     0.451003  
   827     0.010471     0.450995  
   828     0.010431     0.450978  
   829     0.010389     0.451015  
   830     0.010346     0.450979  
   831     0.010307     0.450994  
   832     0.010268     0.450972  
   833     0.010221     0.450837  
   834     0.010178     0.450881  
   835     0.010138     0.450944  
   836     0.010096     0.450962  
   837     0.010056     0.451087  
   838     0.010018     0.451105  
   839     0.009977     0.451113  
   840     0.009942     0.451074  
   841     0.009907     0.451056  
   842     0.009859     0.451055  
   843     0.009818     0.451092  
   844     0.009782     0.451041  
   845     0.009750     0.451037  
   846     0.009708     0.451029  
   847     0.009669     0.450963  
   848     0.009628     0.450986  
   849     0.009592     0.450983  
   850     0.009558     0.450977  
   851     0.009520     0.450933  
   852     0.009481     0.450903  
   853     0.009438     0.450900  
   854     0.009399     0.450914  
   855     0.009358     0.450908  
   856     0.009316     0.450872  
   857     0.009282     0.450904  
   858     0.009248     0.450946  
   859     0.009213     0.450939  
   860     0.009176     0.450920  
   861     0.009140     0.450972  
   862     0.009104     0.450944  
   863     0.009068     0.450969  
   864     0.009034     0.450925  
   865     0.008997     0.450914  
   866     0.008961     0.450919  
   867     0.008923     0.450944  
   868     0.008891     0.450950  
   869     0.008857     0.450996  
   870     0.008818     0.450994  
   871     0.008779     0.450991  
   872     0.008743     0.451022  
   873     0.008710     0.451100  
   874     0.008675     0.451069  
   875     0.008644     0.451095  
   876     0.008613     0.451030  
   877     0.008583     0.450985  
   878     0.008550     0.450932  
   879     0.008517     0.450883  
   880     0.008481     0.450867  
   881     0.008447     0.450904  
   882     0.008417     0.450909  
   883     0.008380     0.450850  
   884     0.008350     0.450860  
   885     0.008317     0.450814  
   886     0.008285     0.450838  
   887     0.008245     0.450806  
   888     0.008211     0.450793  
   889     0.008182     0.450741  
   890     0.008148     0.450739  
   891     0.008115     0.450745  
   892     0.008085     0.450747  
   893     0.008052     0.450774  
   894     0.008023     0.450780  
   895     0.007992     0.450752  
   896     0.007960     0.450781  
   897     0.007930     0.450831  
   898     0.007897     0.450831  
   899     0.007864     0.450806  
   900     0.007829     0.450802  
   901     0.007798     0.450795  
   902     0.007765     0.450754  
   903     0.007733     0.450770  
   904     0.007698     0.450831  
   905     0.007668     0.450843  
   906     0.007640     0.450835  
   907     0.007609     0.450824  
   908     0.007577     0.450767  
   909     0.007548     0.450739  
   910     0.007518     0.450710  
   911     0.007490     0.450727  
   912     0.007457     0.450732  
   913     0.007425     0.450703  
   914     0.007396     0.450709  
   915     0.007363     0.450706  
   916     0.007331     0.450771  
   917     0.007301     0.450794  
   918     0.007272     0.450757  
   919     0.007240     0.450730  
   920     0.007214     0.450730  
   921     0.007184     0.450749  
   922     0.007154     0.450765  
   923     0.007126     0.450742  
   924     0.007101     0.450734  
   925     0.007071     0.450725  
   926     0.007039     0.450751  
   927     0.007013     0.450792  
   928     0.006986     0.450812  
   929     0.006958     0.450807  
   930     0.006931     0.450810  
   931     0.006905     0.450786  
   932     0.006877     0.450805  
   933     0.006846     0.450786  
   934     0.006818     0.450741  
   935     0.006793     0.450730  
   936     0.006765     0.450730  
   937     0.006739     0.450725  
   938     0.006714     0.450710  
   939     0.006686     0.450691  
   940     0.006660     0.450756  
   941     0.006632     0.450688  
   942     0.006604     0.450655  
   943     0.006577     0.450619  
   944     0.006551     0.450640  
   945     0.006525     0.450614  
   946     0.006501     0.450595  
   947     0.006473     0.450560  
   948     0.006447     0.450521  
   949     0.006421     0.450523  
   950     0.006393     0.450502  
   951     0.006369     0.450479  
   952     0.006343     0.450441  
   953     0.006318     0.450443  
   954     0.006291     0.450480  
   955     0.006263     0.450497  
   956     0.006239     0.450470  
   957     0.006214     0.450469  
   958     0.006192     0.450464  
   959     0.006167     0.450415  
   960     0.006141     0.450413  
   961     0.006115     0.450378  
   962     0.006088     0.450421  
   963     0.006066     0.450446  
   964     0.006041     0.450460  
   965     0.006013     0.450456  
   966     0.005990     0.450456  
   967     0.005964     0.450433  
   968     0.005944     0.450448  
   969     0.005923     0.450457  
   970     0.005902     0.450453  
   971     0.005880     0.450431  
   972     0.005856     0.450443  
   973     0.005832     0.450481  
   974     0.005810     0.450439  
   975     0.005787     0.450463  
   976     0.005763     0.450500  
   977     0.005743     0.450441  
   978     0.005720     0.450475  
   979     0.005694     0.450536  
   980     0.005669     0.450510  
   981     0.005648     0.450518  
   982     0.005627     0.450502  
   983     0.005608     0.450522  
   984     0.005586     0.450538  
   985     0.005563     0.450535  
   986     0.005541     0.450527  
   987     0.005519     0.450533  
   988     0.005498     0.450528  
   989     0.005479     0.450537  
   990     0.005458     0.450512  
   991     0.005438     0.450494  
   992     0.005419     0.450544  
   993     0.005398     0.450509  
   994     0.005375     0.450535  
   995     0.005355     0.450505  
   996     0.005334     0.450465  
   997     0.005312     0.450450  
   998     0.005292     0.450472  
   999     0.005270     0.450459  
  1000     0.005248     0.450476  
  1001     0.005224     0.450482  
  1002     0.005204     0.450487  
  1003     0.005185     0.450468  
  1004     0.005166     0.450458  
  1005     0.005144     0.450470  
  1006     0.005123     0.450492  
  1007     0.005103     0.450462  
  1008     0.005082     0.450448  
  1009     0.005063     0.450484  
  1010     0.005041     0.450483  
  1011     0.005020     0.450511  
  1012     0.004998     0.450529  
  1013     0.004977     0.450552  
  1014     0.004959     0.450602  
  1015     0.004941     0.450587  
  1016     0.004924     0.450642  
  1017     0.004905     0.450599  
  1018     0.004886     0.450619  
  1019     0.004865     0.450609  
  1020     0.004844     0.450594  
  1021     0.004822     0.450582  
  1022     0.004800     0.450639  
  1023     0.004781     0.450621  
  1024     0.004765     0.450651  
  1025     0.004747     0.450602  
  1026     0.004727     0.450587  
  1027     0.004709     0.450573  
  1028     0.004689     0.450587  
  1029     0.004671     0.450590  
  1030     0.004653     0.450589  
  1031     0.004632     0.450577  
  1032     0.004616     0.450536  
  1033     0.004600     0.450526  
  1034     0.004582     0.450518  
  1035     0.004564     0.450519  
  1036     0.004546     0.450449  
  1037     0.004525     0.450406  
  1038     0.004507     0.450412  
  1039     0.004488     0.450434  
  1040     0.004467     0.450443  
  1041     0.004452     0.450459  
  1042     0.004433     0.450449  
  1043     0.004416     0.450444  
  1044     0.004398     0.450460  
  1045     0.004381     0.450465  
  1046     0.004366     0.450470  
  1047     0.004351     0.450454  
  1048     0.004332     0.450474  
  1049     0.004316     0.450467  
  1050     0.004299     0.450458  
  1051     0.004284     0.450453  
  1052     0.004267     0.450445  
  1053     0.004250     0.450436  
  1054     0.004234     0.450420  
  1055     0.004219     0.450437  
  1056     0.004202     0.450418  
  1057     0.004189     0.450391  
  1058     0.004174     0.450376  
  1059     0.004159     0.450362  
  1060     0.004143     0.450370  
  1061     0.004127     0.450373  
  1062     0.004111     0.450368  
  1063     0.004093     0.450375  
  1064     0.004074     0.450341  
  1065     0.004057     0.450312  
  1066     0.004043     0.450282  
  1067     0.004027     0.450275  
  1068     0.004010     0.450290  
  1069     0.003995     0.450251  
  1070     0.003978     0.450204  
  1071     0.003964     0.450205  
  1072     0.003950     0.450163  
  1073     0.003933     0.450159  
  1074     0.003918     0.450156  
  1075     0.003904     0.450171  
  1076     0.003886     0.450119  
  1077     0.003869     0.450169  
  1078     0.003855     0.450176  
  1079     0.003841     0.450185  
  1080     0.003827     0.450150  
  1081     0.003814     0.450160  
  1082     0.003800     0.450150  
  1083     0.003784     0.450154  
  1084     0.003770     0.450110  
  1085     0.003755     0.450103  
  1086     0.003739     0.450122  
  1087     0.003724     0.450118  
  1088     0.003712     0.450157  
  1089     0.003699     0.450137  
  1090     0.003685     0.450152  
  1091     0.003671     0.450232  
  1092     0.003656     0.450204  
  1093     0.003643     0.450182  
  1094     0.003630     0.450150  
  1095     0.003617     0.450149  
  1096     0.003601     0.450175  
  1097     0.003588     0.450153  
  1098     0.003572     0.450155  
  1099     0.003558     0.450209  
  1100     0.003545     0.450201  
  1101     0.003531     0.450243  
  1102     0.003518     0.450216  
  1103     0.003505     0.450237  
  1104     0.003491     0.450259  
  1105     0.003476     0.450223  
  1106     0.003462     0.450192  
  1107     0.003449     0.450176  
  1108     0.003436     0.450190  
  1109     0.003421     0.450176  
  1110     0.003408     0.450173  
  1111     0.003396     0.450157  
  1112     0.003381     0.450163  
  1113     0.003366     0.450143  
  1114     0.003354     0.450159  
  1115     0.003341     0.450152  
  1116     0.003329     0.450135  
  1117     0.003315     0.450141  
  1118     0.003304     0.450166  
  1119     0.003292     0.450166  
  1120     0.003279     0.450171  
  1121     0.003266     0.450196  
  1122     0.003253     0.450173  
  1123     0.003241     0.450169  
  1124     0.003231     0.450170  
  1125     0.003220     0.450189  
  1126     0.003207     0.450164  
  1127     0.003195     0.450175  
  1128     0.003183     0.450154  
  1129     0.003171     0.450167  
  1130     0.003159     0.450152  
  1131     0.003146     0.450136  
  1132     0.003133     0.450117  
  1133     0.003123     0.450137  
  1134     0.003112     0.450139  
  1135     0.003099     0.450117  
  1136     0.003088     0.450109  
  1137     0.003074     0.450089  
  1138     0.003061     0.450101  
  1139     0.003049     0.450092  
  1140     0.003038     0.450079  
  1141     0.003026     0.450076  
  1142     0.003012     0.450048  
  1143     0.003001     0.450011  
  1144     0.002991     0.450024  
  1145     0.002980     0.450006  
  1146     0.002968     0.449998  
  1147     0.002957     0.450029  
  1148     0.002945     0.450059  
  1149     0.002932     0.450065  
  1150     0.002919     0.450086  
  1151     0.002908     0.450087  
  1152     0.002897     0.450072  
  1153     0.002886     0.450050  
  1154     0.002873     0.450020  
  1155     0.002861     0.450030  
  1156     0.002848     0.450020  
  1157     0.002838     0.450021  
  1158     0.002827     0.449994  
  1159     0.002816     0.450009  
  1160     0.002804     0.450009  
  1161     0.002793     0.449984  
  1162     0.002781     0.449976  
  1163     0.002770     0.449976  
  1164     0.002761     0.449961  
  1165     0.002750     0.449965  
  1166     0.002739     0.449972  
  1167     0.002728     0.449960  
  1168     0.002716     0.449989  
  1169     0.002705     0.450005  
  1170     0.002694     0.449989  
  1171     0.002684     0.449969  
  1172     0.002673     0.449917  
  1173     0.002662     0.449891  
  1174     0.002651     0.449882  
  1175     0.002640     0.449855  
  1176     0.002627     0.449912  
  1177     0.002618     0.449931  
  1178     0.002608     0.449951  
  1179     0.002598     0.449945  
  1180     0.002588     0.449948  
  1181     0.002578     0.449912  
  1182     0.002568     0.449918  
  1183     0.002556     0.449915  
  1184     0.002546     0.449915  
  1185     0.002535     0.449889  
  1186     0.002526     0.449892  
  1187     0.002516     0.449907  
  1188     0.002507     0.449902  
  1189     0.002497     0.449920  
  1190     0.002488     0.449896  
  1191     0.002477     0.449882  
  1192     0.002468     0.449861  
  1193     0.002458     0.449873  
  1194     0.002449     0.449889  
  1195     0.002440     0.449889  
  1196     0.002431     0.449906  
  1197     0.002423     0.449904  
  1198     0.002414     0.449899  
  1199     0.002403     0.449893  
  1200     0.002394     0.449904  
  1201     0.002384     0.449906  
  1202     0.002374     0.449903  
  1203     0.002366     0.449902  
  1204     0.002356     0.449879  
  1205     0.002347     0.449880  
  1206     0.002337     0.449886  
  1207     0.002327     0.449830  
  1208     0.002318     0.449843  
  1209     0.002308     0.449827  
  1210     0.002299     0.449841  
  1211     0.002290     0.449827  
  1212     0.002282     0.449839  
  1213     0.002273     0.449817  
  1214     0.002265     0.449820  
  1215     0.002257     0.449824  
  1216     0.002248     0.449824  
  1217     0.002240     0.449812  
  1218     0.002230     0.449814  
  1219     0.002223     0.449797  
  1220     0.002214     0.449772  
  1221     0.002207     0.449781  
  1222     0.002198     0.449767  
  1223     0.002189     0.449729  
  1224     0.002180     0.449694  
  1225     0.002173     0.449712  
  1226     0.002165     0.449702  
  1227     0.002157     0.449737  
  1228     0.002149     0.449723  
  1229     0.002142     0.449716  
  1230     0.002133     0.449717  
  1231     0.002126     0.449698  
  1232     0.002116     0.449684  
  1233     0.002107     0.449684  
  1234     0.002099     0.449675  
  1235     0.002092     0.449693  
  1236     0.002084     0.449689  
  1237     0.002076     0.449697  
  1238     0.002068     0.449684  
  1239     0.002059     0.449689  
  1240     0.002051     0.449695  
  1241     0.002043     0.449702  
  1242     0.002035     0.449692  
  1243     0.002027     0.449660  
  1244     0.002019     0.449636  
  1245     0.002011     0.449630  
  1246     0.002004     0.449619  
  1247     0.001996     0.449637  
  1248     0.001988     0.449639  
  1249     0.001981     0.449627  
  1250     0.001972     0.449608  
  1251     0.001964     0.449614  
  1252     0.001957     0.449634  
  1253     0.001950     0.449646  
  1254     0.001942     0.449631  
  1255     0.001934     0.449622  
  1256     0.001926     0.449598  
  1257     0.001919     0.449594  
  1258     0.001911     0.449571  
  1259     0.001902     0.449555  
  1260     0.001895     0.449544  
  1261     0.001888     0.449548  
  1262     0.001880     0.449536  
  1263     0.001873     0.449529  
  1264     0.001866     0.449509  
  1265     0.001860     0.449489  
  1266     0.001852     0.449488  
  1267     0.001844     0.449468  
  1268     0.001837     0.449479  
  1269     0.001830     0.449467  
  1270     0.001822     0.449483  
  1271     0.001816     0.449466  
  1272     0.001810     0.449469  
  1273     0.001802     0.449452  
  1274     0.001796     0.449443  
  1275     0.001789     0.449449  
  1276     0.001783     0.449458  
  1277     0.001775     0.449462  
  1278     0.001768     0.449460  
  1279     0.001761     0.449472  
  1280     0.001755     0.449491  
  1281     0.001748     0.449500  
  1282     0.001742     0.449486  
  1283     0.001735     0.449481  
  1284     0.001728     0.449503  
  1285     0.001721     0.449515  
  1286     0.001715     0.449499  
  1287     0.001708     0.449506  
  1288     0.001702     0.449502  
  1289     0.001694     0.449496  
  1290     0.001688     0.449492  
  1291     0.001681     0.449478  
  1292     0.001674     0.449478  
  1293     0.001668     0.449507  
  1294     0.001663     0.449512  
  1295     0.001656     0.449532  
  1296     0.001649     0.449499  
  1297     0.001643     0.449474  
  1298     0.001637     0.449494  
  1299     0.001631     0.449494  
  1300     0.001625     0.449495  
  1301     0.001619     0.449481  
  1302     0.001613     0.449478  
  1303     0.001606     0.449478  
  1304     0.001600     0.449477  
  1305     0.001594     0.449481  
  1306     0.001588     0.449476  
  1307     0.001582     0.449471  
  1308     0.001575     0.449460  
  1309     0.001569     0.449459  
  1310     0.001563     0.449444  
  1311     0.001556     0.449433  
  1312     0.001551     0.449430  
  1313     0.001546     0.449437  
  1314     0.001540     0.449437  
  1315     0.001534     0.449428  
  1316     0.001529     0.449426  
  1317     0.001524     0.449446  
  1318     0.001518     0.449451  
  1319     0.001513     0.449450  
  1320     0.001507     0.449444  
  1321     0.001500     0.449441  
  1322     0.001495     0.449438  
  1323     0.001490     0.449414  
  1324     0.001483     0.449390  
  1325     0.001477     0.449392  
  1326     0.001471     0.449392  
  1327     0.001466     0.449412  
  1328     0.001461     0.449402  
  1329     0.001456     0.449428  
  1330     0.001450     0.449446  
  1331     0.001445     0.449469  
  1332     0.001439     0.449484  
  1333     0.001434     0.449474  
  1334     0.001429     0.449473  
  1335     0.001424     0.449466  
  1336     0.001418     0.449436  
  1337     0.001412     0.449425  
  1338     0.001407     0.449402  
  1339     0.001402     0.449394  
  1340     0.001398     0.449388  
  1341     0.001392     0.449404  
  1342     0.001386     0.449411  
  1343     0.001381     0.449413  
  1344     0.001375     0.449414  
  1345     0.001370     0.449408  
  1346     0.001364     0.449414  
  1347     0.001359     0.449378  
  1348     0.001354     0.449386  
  1349     0.001349     0.449376  
  1350     0.001344     0.449371  
  1351     0.001339     0.449364  
  1352     0.001333     0.449356  
  1353     0.001328     0.449353  
  1354     0.001323     0.449364  
  1355     0.001319     0.449366  
  1356     0.001313     0.449383  
  1357     0.001309     0.449366  
  1358     0.001305     0.449359  
  1359     0.001299     0.449367  
  1360     0.001294     0.449360  
  1361     0.001290     0.449371  
  1362     0.001284     0.449373  
  1363     0.001279     0.449387  
  1364     0.001274     0.449390  
  1365     0.001269     0.449365  
  1366     0.001265     0.449370  
  1367     0.001260     0.449357  
  1368     0.001256     0.449341  
  1369     0.001251     0.449346  
  1370     0.001246     0.449334  
  1371     0.001242     0.449311  
  1372     0.001237     0.449301  
  1373     0.001233     0.449293  
  1374     0.001228     0.449286  
  1375     0.001223     0.449289  
  1376     0.001219     0.449305  
  1377     0.001215     0.449289  
  1378     0.001210     0.449268  
  1379     0.001205     0.449254  
  1380     0.001200     0.449259  
  1381     0.001196     0.449259  
  1382     0.001191     0.449227  
  1383     0.001186     0.449233  
  1384     0.001182     0.449231  
  1385     0.001177     0.449236  
  1386     0.001173     0.449228  
  1387     0.001169     0.449233  
  1388     0.001164     0.449240  
  1389     0.001161     0.449257  
  1390     0.001156     0.449257  
  1391     0.001151     0.449258  
  1392     0.001147     0.449261  
  1393     0.001143     0.449281  
  1394     0.001139     0.449290  
  1395     0.001135     0.449295  
  1396     0.001130     0.449303  
  1397     0.001126     0.449297  
  1398     0.001122     0.449286  
  1399     0.001117     0.449289  
  1400     0.001112     0.449291  
  1401     0.001109     0.449271  
  1402     0.001105     0.449276  
  1403     0.001101     0.449263  
  1404     0.001096     0.449280  
  1405     0.001092     0.449306  
  1406     0.001088     0.449318  
  1407     0.001083     0.449330  
  1408     0.001079     0.449332  
  1409     0.001075     0.449316  
  1410     0.001070     0.449326  
  1411     0.001066     0.449328  
  1412     0.001062     0.449333  
  1413     0.001057     0.449341  
  1414     0.001053     0.449339  
  1415     0.001049     0.449335  
  1416     0.001045     0.449331  
  1417     0.001041     0.449312  
  1418     0.001037     0.449335  
  1419     0.001033     0.449330  
  1420     0.001030     0.449326  
  1421     0.001026     0.449316  
  1422     0.001022     0.449314  
  1423     0.001019     0.449300  
  1424     0.001015     0.449291  
  1425     0.001012     0.449295  
  1426     0.001008     0.449277  
  1427     0.001005     0.449280  
  1428     0.001001     0.449277  
  1429     0.000997     0.449267  
  1430     0.000994     0.449262  
  1431     0.000990     0.449267  
  1432     0.000986     0.449273  
  1433     0.000982     0.449265  
  1434     0.000978     0.449256  
  1435     0.000974     0.449244  
  1436     0.000970     0.449258  
  1437     0.000967     0.449245  
  1438     0.000963     0.449246  
  1439     0.000960     0.449255  
  1440     0.000956     0.449259  
  1441     0.000953     0.449251  
  1442     0.000950     0.449249  
  1443     0.000945     0.449238  
  1444     0.000942     0.449253  
  1445     0.000938     0.449278  
  1446     0.000935     0.449261  
  1447     0.000931     0.449247  
  1448     0.000928     0.449247  
  1449     0.000924     0.449255  
  1450     0.000920     0.449261  
  1451     0.000917     0.449260  
  1452     0.000914     0.449242  
  1453     0.000910     0.449248  
  1454     0.000906     0.449245  
  1455     0.000903     0.449257  
  1456     0.000899     0.449248  
  1457     0.000896     0.449248  
  1458     0.000893     0.449241  
  1459     0.000890     0.449236  
  1460     0.000886     0.449244  
  1461     0.000883     0.449245  
  1462     0.000880     0.449244  
  1463     0.000877     0.449241  
  1464     0.000874     0.449269  
  1465     0.000870     0.449263  
  1466     0.000867     0.449259  
  1467     0.000864     0.449254  
  1468     0.000860     0.449261  
  1469     0.000857     0.449264  
  1470     0.000853     0.449256  
  1471     0.000850     0.449244  
  1472     0.000847     0.449260  
  1473     0.000844     0.449248  
  1474     0.000841     0.449251  
  1475     0.000838     0.449246  
  1476     0.000835     0.449249  
  1477     0.000831     0.449255  
  1478     0.000828     0.449241  
  1479     0.000825     0.449238  
  1480     0.000822     0.449239  
  1481     0.000819     0.449220  
  1482     0.000816     0.449221  
  1483     0.000813     0.449211  
  1484     0.000809     0.449197  
  1485     0.000806     0.449188  
  1486     0.000803     0.449191  
  1487     0.000800     0.449189  
  1488     0.000797     0.449161  
  1489     0.000795     0.449165  
  1490     0.000792     0.449176  
  1491     0.000789     0.449177  
  1492     0.000786     0.449167  
  1493     0.000783     0.449160  
  1494     0.000780     0.449173  
  1495     0.000777     0.449181  
  1496     0.000774     0.449175  
  1497     0.000771     0.449164  
  1498     0.000768     0.449177  
  1499     0.000765     0.449163  
  1500     0.000762     0.449147  
  1501     0.000759     0.449148  
  1502     0.000756     0.449153  
  1503     0.000753     0.449157  
  1504     0.000750     0.449162  
  1505     0.000748     0.449153  
  1506     0.000745     0.449161  
  1507     0.000742     0.449156  
  1508     0.000739     0.449154  
  1509     0.000736     0.449166  
  1510     0.000734     0.449169  
  1511     0.000731     0.449157  
  1512     0.000729     0.449148  
  1513     0.000726     0.449148  
  1514     0.000723     0.449157  
  1515     0.000720     0.449160  
  1516     0.000717     0.449167  
  1517     0.000714     0.449165  
  1518     0.000712     0.449152  
  1519     0.000709     0.449151  
  1520     0.000706     0.449156  
  1521     0.000704     0.449154  
  1522     0.000701     0.449160  
  1523     0.000698     0.449165  
  1524     0.000695     0.449161  
  1525     0.000693     0.449161  
  1526     0.000690     0.449161  
  1527     0.000688     0.449156  
  1528     0.000685     0.449162  
  1529     0.000683     0.449158  
  1530     0.000680     0.449127  
  1531     0.000677     0.449140  
  1532     0.000674     0.449142  
  1533     0.000672     0.449143  
  1534     0.000669     0.449147  
  1535     0.000667     0.449150  
  1536     0.000664     0.449156  
  1537     0.000661     0.449157  
  1538     0.000659     0.449156  
  1539     0.000657     0.449173  
  1540     0.000654     0.449184  
  1541     0.000652     0.449182  
  1542     0.000649     0.449189  
  1543     0.000647     0.449182  
  1544     0.000645     0.449179  
  1545     0.000642     0.449205  
  1546     0.000640     0.449207  
  1547     0.000637     0.449199  
  1548     0.000635     0.449199  
  1549     0.000632     0.449200  
  1550     0.000630     0.449199  
  1551     0.000628     0.449200  
  1552     0.000625     0.449211  
  1553     0.000623     0.449216  
  1554     0.000620     0.449218  
  1555     0.000618     0.449197  
  1556     0.000616     0.449189  
  1557     0.000613     0.449200  
  1558     0.000611     0.449208  
  1559     0.000609     0.449217  
  1560     0.000607     0.449229  
  1561     0.000604     0.449244  
  1562     0.000602     0.449243  
  1563     0.000600     0.449243  
  1564     0.000598     0.449248  
  1565     0.000595     0.449238  
  1566     0.000593     0.449227  
  1567     0.000590     0.449227  
  1568     0.000588     0.449221  
  1569     0.000586     0.449228  
  1570     0.000584     0.449223  
  1571     0.000582     0.449231  
  1572     0.000579     0.449246  
  1573     0.000577     0.449248  
  1574     0.000575     0.449255  
  1575     0.000573     0.449255  
  1576     0.000571     0.449239  
  1577     0.000568     0.449241  
  1578     0.000566     0.449217  
  1579     0.000564     0.449199  
  1580     0.000562     0.449205  
  1581     0.000560     0.449196  
  1582     0.000557     0.449203  
  1583     0.000555     0.449203  
  1584     0.000553     0.449206  
  1585     0.000551     0.449206  
  1586     0.000549     0.449216  
  1587     0.000547     0.449212  
  1588     0.000545     0.449210  
  1589     0.000543     0.449212  
  1590     0.000541     0.449201  
  1591     0.000539     0.449214  
  1592     0.000537     0.449213  
  1593     0.000535     0.449209  
  1594     0.000533     0.449216  
  1595     0.000531     0.449213  
  1596     0.000529     0.449209  
  1597     0.000527     0.449202  
  1598     0.000525     0.449190  
  1599     0.000523     0.449188  
  1600     0.000521     0.449173  
  1601     0.000519     0.449165  
  1602     0.000517     0.449155  
  1603     0.000515     0.449177  
  1604     0.000513     0.449168  
  1605     0.000511     0.449161  
  1606     0.000509     0.449161  
  1607     0.000507     0.449166  
  1608     0.000505     0.449162  
  1609     0.000503     0.449165  
  1610     0.000501     0.449164  
  1611     0.000499     0.449166  
  1612     0.000497     0.449149  
  1613     0.000495     0.449141  
  1614     0.000493     0.449131  
  1615     0.000491     0.449129  
  1616     0.000490     0.449124  
  1617     0.000488     0.449131  
  1618     0.000486     0.449140  
  1619     0.000484     0.449141  
  1620     0.000483     0.449139  
  1621     0.000481     0.449135  
  1622     0.000479     0.449138  
  1623     0.000478     0.449134  
  1624     0.000476     0.449130  
  1625     0.000474     0.449132  
  1626     0.000472     0.449130  
  1627     0.000470     0.449131  
  1628     0.000468     0.449144  
  1629     0.000467     0.449138  
  1630     0.000465     0.449147  
  1631     0.000463     0.449150  
  1632     0.000462     0.449145  
  1633     0.000460     0.449158  
  1634     0.000458     0.449151  
  1635     0.000456     0.449154  
  1636     0.000455     0.449158  
  1637     0.000453     0.449164  
  1638     0.000451     0.449161  
  1639     0.000450     0.449161  
  1640     0.000448     0.449176  
  1641     0.000446     0.449181  
  1642     0.000445     0.449168  
  1643     0.000443     0.449164  
  1644     0.000441     0.449164  
  1645     0.000439     0.449165  
  1646     0.000438     0.449167  
  1647     0.000436     0.449167  
  1648     0.000434     0.449175  
  1649     0.000433     0.449174  
  1650     0.000431     0.449178  
  1651     0.000430     0.449186  
  1652     0.000428     0.449178  
  1653     0.000426     0.449172  
  1654     0.000424     0.449169  
  1655     0.000422     0.449167  
  1656     0.000421     0.449155  
  1657     0.000420     0.449153  
  1658     0.000418     0.449156  
  1659     0.000417     0.449159  
  1660     0.000415     0.449151  
  1661     0.000413     0.449142  
  1662     0.000412     0.449139  
  1663     0.000410     0.449142  
  1664     0.000409     0.449143  
  1665     0.000407     0.449134  
  1666     0.000406     0.449131  
  1667     0.000404     0.449135  
  1668     0.000403     0.449120  
  1669     0.000401     0.449114  
  1670     0.000400     0.449111  
  1671     0.000398     0.449111  
  1672     0.000397     0.449118  
  1673     0.000395     0.449116  
  1674     0.000394     0.449115  
  1675     0.000392     0.449105  
  1676     0.000391     0.449103  
  1677     0.000389     0.449105  
  1678     0.000388     0.449095  
  1679     0.000386     0.449088  
  1680     0.000384     0.449086  
  1681     0.000383     0.449088  
  1682     0.000381     0.449097  
  1683     0.000380     0.449096  
  1684     0.000379     0.449100  
  1685     0.000377     0.449097  
  1686     0.000376     0.449094  
  1687     0.000374     0.449086  
  1688     0.000373     0.449095  
  1689     0.000372     0.449095  
  1690     0.000370     0.449097  
  1691     0.000369     0.449101  
  1692     0.000368     0.449101  
  1693     0.000366     0.449104  
  1694     0.000365     0.449097  
  1695     0.000364     0.449084  
  1696     0.000362     0.449079  
  1697     0.000361     0.449070  
  1698     0.000360     0.449059  
  1699     0.000358     0.449059  
  1700     0.000357     0.449059  
  1701     0.000356     0.449049  
  1702     0.000354     0.449043  
  1703     0.000353     0.449044  
  1704     0.000351     0.449030  
  1705     0.000350     0.449045  
  1706     0.000349     0.449043  
  1707     0.000347     0.449040  
  1708     0.000346     0.449033  
  1709     0.000345     0.449033  
  1710     0.000344     0.449029  
  1711     0.000342     0.449034  
  1712     0.000341     0.449035  
  1713     0.000340     0.449038  
  1714     0.000339     0.449039  
  1715     0.000337     0.449040  
  1716     0.000336     0.449041  
  1717     0.000335     0.449036  
  1718     0.000334     0.449038  
  1719     0.000333     0.449031  
  1720     0.000331     0.449027  
  1721     0.000330     0.449038  
  1722     0.000329     0.449033  
  1723     0.000328     0.449042  
  1724     0.000326     0.449040  
  1725     0.000325     0.449036  
  1726     0.000324     0.449043  
  1727     0.000323     0.449041  
  1728     0.000322     0.449039  
  1729     0.000321     0.449029  
  1730     0.000319     0.449015  
  1731     0.000318     0.449017  
  1732     0.000317     0.449018  
  1733     0.000316     0.449018  
  1734     0.000315     0.449012  
  1735     0.000313     0.449007  
  1736     0.000312     0.449004  
  1737     0.000311     0.449003  
  1738     0.000310     0.449009  
  1739     0.000309     0.449007  
  1740     0.000307     0.449004  
  1741     0.000306     0.448999  
  1742     0.000305     0.448991  
  1743     0.000304     0.448994  
  1744     0.000303     0.448994  
  1745     0.000302     0.449005  
  1746     0.000301     0.449001  
  1747     0.000300     0.449001  
  1748     0.000299     0.448999  
  1749     0.000298     0.448998  
  1750     0.000297     0.449003  
  1751     0.000295     0.448989  
  1752     0.000294     0.448984  
  1753     0.000293     0.448986  
  1754     0.000292     0.448976  
  1755     0.000291     0.448971  
  1756     0.000291     0.448972  
  1757     0.000289     0.448972  
  1758     0.000288     0.448975  
  1759     0.000287     0.448980  
  1760     0.000286     0.448982  
  1761     0.000285     0.448978  
  1762     0.000284     0.448983  
  1763     0.000283     0.448988  
  1764     0.000282     0.448987  
  1765     0.000281     0.448988  
  1766     0.000280     0.448981  
  1767     0.000279     0.448976  
  1768     0.000278     0.448977  
  1769     0.000277     0.448967  
  1770     0.000276     0.448965  
  1771     0.000275     0.448964  
  1772     0.000274     0.448965  
  1773     0.000273     0.448968  
  1774     0.000272     0.448972  
  1775     0.000271     0.448965  
  1776     0.000270     0.448966  
  1777     0.000269     0.448956  
  1778     0.000268     0.448954  
  1779     0.000266     0.448951  
  1780     0.000266     0.448942  
  1781     0.000265     0.448940  
  1782     0.000264     0.448941  
  1783     0.000263     0.448940  
  1784     0.000262     0.448941  
  1785     0.000261     0.448950  
  1786     0.000260     0.448957  
  1787     0.000259     0.448952  
  1788     0.000258     0.448949  
  1789     0.000257     0.448948  
  1790     0.000256     0.448943  
  1791     0.000255     0.448943  
  1792     0.000254     0.448939  
  1793     0.000254     0.448935  
  1794     0.000253     0.448938  
  1795     0.000252     0.448932  
  1796     0.000251     0.448931  
  1797     0.000250     0.448931  
  1798     0.000249     0.448922  
  1799     0.000248     0.448926  
  1800     0.000247     0.448944  
  1801     0.000246     0.448944  
  1802     0.000245     0.448950  
  1803     0.000244     0.448951  
  1804     0.000243     0.448943  
  1805     0.000243     0.448944  
  1806     0.000242     0.448948  
  1807     0.000241     0.448945  
  1808     0.000240     0.448946  
  1809     0.000239     0.448940  
  1810     0.000238     0.448930  
  1811     0.000237     0.448938  
  1812     0.000236     0.448940  
  1813     0.000235     0.448940  
  1814     0.000235     0.448948  
  1815     0.000234     0.448944  
  1816     0.000233     0.448941  
  1817     0.000232     0.448941  
  1818     0.000231     0.448932  
  1819     0.000230     0.448930  
  1820     0.000230     0.448929  
  1821     0.000229     0.448920  
  1822     0.000228     0.448926  
  1823     0.000227     0.448922  
  1824     0.000226     0.448928  
  1825     0.000225     0.448934  
  1826     0.000225     0.448943  
  1827     0.000224     0.448938  
  1828     0.000223     0.448941  
  1829     0.000222     0.448945  
  1830     0.000221     0.448944  
  1831     0.000220     0.448948  
  1832     0.000219     0.448948  
  1833     0.000219     0.448963  
  1834     0.000218     0.448958  
  1835     0.000217     0.448960  
  1836     0.000216     0.448962  
  1837     0.000216     0.448962  
  1838     0.000215     0.448962  
  1839     0.000214     0.448957  
  1840     0.000213     0.448962  
  1841     0.000213     0.448964  
  1842     0.000212     0.448971  
  1843     0.000211     0.448970  
  1844     0.000210     0.448971  
  1845     0.000209     0.448971  
  1846     0.000209     0.448978  
  1847     0.000208     0.448971  
  1848     0.000207     0.448968  
  1849     0.000206     0.448970  
  1850     0.000206     0.448964  
  1851     0.000205     0.448966  
  1852     0.000204     0.448965  
  1853     0.000203     0.448973  
  1854     0.000203     0.448970  
  1855     0.000202     0.448962  
  1856     0.000201     0.448969  
  1857     0.000200     0.448969  
  1858     0.000200     0.448960  
  1859     0.000199     0.448968  
  1860     0.000198     0.448965  
  1861     0.000198     0.448962  
  1862     0.000197     0.448963  
  1863     0.000196     0.448962  
  1864     0.000195     0.448961  
  1865     0.000195     0.448956  
  1866     0.000194     0.448951  
  1867     0.000193     0.448948  
  1868     0.000193     0.448947  
  1869     0.000192     0.448953  
  1870     0.000191     0.448952  
  1871     0.000190     0.448946  
  1872     0.000190     0.448949  
  1873     0.000189     0.448951  
  1874     0.000188     0.448948  
  1875     0.000188     0.448952  
  1876     0.000187     0.448944  
  1877     0.000186     0.448947  
  1878     0.000185     0.448935  
  1879     0.000185     0.448926  
  1880     0.000184     0.448920  
  1881     0.000183     0.448924  
  1882     0.000183     0.448921  
  1883     0.000182     0.448918  
  1884     0.000181     0.448920  
  1885     0.000181     0.448918  
  1886     0.000180     0.448924  
  1887     0.000179     0.448924  
  1888     0.000178     0.448918  
  1889     0.000178     0.448910  
  1890     0.000177     0.448907  
  1891     0.000176     0.448907  
  1892     0.000176     0.448903  * best
  1893     0.000175     0.448904  
  1894     0.000174     0.448912  
  1895     0.000174     0.448920  
  1896     0.000173     0.448918  
  1897     0.000173     0.448918  
  1898     0.000172     0.448926  
  1899     0.000171     0.448924  
  1900     0.000171     0.448936  
  1901     0.000170     0.448934  
  1902     0.000170     0.448936  
  1903     0.000169     0.448934  
  1904     0.000168     0.448939  
  1905     0.000168     0.448937  
  1906     0.000167     0.448936  
  1907     0.000167     0.448937  
  1908     0.000166     0.448937  
  1909     0.000165     0.448938  
  1910     0.000165     0.448941  
  1911     0.000164     0.448934  
  1912     0.000164     0.448935  
  1913     0.000163     0.448932  
  1914     0.000162     0.448924  
  1915     0.000162     0.448927  
  1916     0.000161     0.448927  
  1917     0.000161     0.448925  
  1918     0.000160     0.448920  
  1919     0.000159     0.448920  
  1920     0.000159     0.448915  
  1921     0.000158     0.448918  
  1922     0.000157     0.448920  
  1923     0.000157     0.448927  
  1924     0.000156     0.448927  
  1925     0.000156     0.448928  
  1926     0.000155     0.448932  
  1927     0.000154     0.448926  
  1928     0.000154     0.448924  
  1929     0.000153     0.448925  
  1930     0.000153     0.448925  
  1931     0.000152     0.448928  
  1932     0.000152     0.448932  
  1933     0.000151     0.448939  
  1934     0.000151     0.448942  
  1935     0.000150     0.448930  
  1936     0.000149     0.448928  
  1937     0.000149     0.448919  
  1938     0.000148     0.448923  
  1939     0.000148     0.448913  
  1940     0.000147     0.448918  
  1941     0.000147     0.448926  
  1942     0.000146     0.448924  
  1943     0.000146     0.448925  
  1944     0.000145     0.448927  
  1945     0.000145     0.448927  
  1946     0.000144     0.448928  
  1947     0.000143     0.448929  
  1948     0.000143     0.448923  
  1949     0.000142     0.448930  
  1950     0.000142     0.448932  
  1951     0.000141     0.448932  
  1952     0.000141     0.448928  
  1953     0.000140     0.448924  
  1954     0.000140     0.448922  
  1955     0.000139     0.448921  
  1956     0.000139     0.448922  
  1957     0.000138     0.448928  
  1958     0.000138     0.448935  
  1959     0.000137     0.448928  
  1960     0.000137     0.448929  
  1961     0.000136     0.448931  
  1962     0.000136     0.448931  
  1963     0.000135     0.448928  
  1964     0.000135     0.448930  
  1965     0.000134     0.448929  
  1966     0.000134     0.448932  
  1967     0.000134     0.448930  
  1968     0.000133     0.448932  
  1969     0.000133     0.448931  
  1970     0.000132     0.448926  
  1971     0.000132     0.448922  
  1972     0.000131     0.448916  
  1973     0.000131     0.448913  
  1974     0.000130     0.448914  
  1975     0.000130     0.448922  
  1976     0.000129     0.448924  
  1977     0.000129     0.448928  
  1978     0.000128     0.448925  
  1979     0.000128     0.448924  
  1980     0.000128     0.448926  
  1981     0.000127     0.448929  
  1982     0.000127     0.448933  
  1983     0.000126     0.448936  
  1984     0.000126     0.448940  
  1985     0.000125     0.448944  
  1986     0.000125     0.448949  
  1987     0.000124     0.448945  
  1988     0.000124     0.448954  
  1989     0.000123     0.448949  
  1990     0.000123     0.448951  
  1991     0.000122     0.448953  
  1992     0.000122     0.448942  
# best iteration 1892 (val l2 0.448903)
# Spearman  train +0.9951  val +0.7487  test +0.7491
