# gbm_seq+energy seed 0
# boosted trees on seq+energy
# inputs 1290, 2,215 trees
# LightGBM gradient-boosted trees, objective l2, lr 0.05, num_leaves 31, min_data_in_leaf 20, feature_fraction 0.3, bagging 0.8, lambda_l2 1.0, up to 3000 rounds, early stopping 100 on validation l2
# loss = l2 on standardised log10 half-life
#
 round        train          val  note
     1     0.969086     0.981044  
     2     0.938340     0.952719  
     3     0.911294     0.927845  
     4     0.886057     0.904645  
     5     0.862955     0.883229  
     6     0.842525     0.864985  
     7     0.822825     0.846958  
     8     0.804182     0.830832  
     9     0.785878     0.814169  
    10     0.768151     0.798704  
    11     0.752979     0.785993  
    12     0.738934     0.773195  
    13     0.726950     0.762674  
    14     0.714238     0.751738  
    15     0.703310     0.743093  
    16     0.692796     0.733897  
    17     0.683395     0.726440  
    18     0.674648     0.719167  
    19     0.665699     0.712017  
    20     0.657518     0.705549  
    21     0.650420     0.699919  
    22     0.642528     0.693751  
    23     0.635163     0.688340  
    24     0.628647     0.683815  
    25     0.622190     0.679597  
    26     0.616435     0.675882  
    27     0.611167     0.672352  
    28     0.604970     0.667149  
    29     0.599680     0.663299  
    30     0.594819     0.660756  
    31     0.589572     0.657475  
    32     0.585323     0.654750  
    33     0.581051     0.652186  
    34     0.576969     0.650276  
    35     0.572815     0.648136  
    36     0.568610     0.645823  
    37     0.564623     0.643359  
    38     0.560513     0.641386  
    39     0.556515     0.638847  
    40     0.552562     0.636874  
    41     0.548824     0.634430  
    42     0.545128     0.632934  
    43     0.541021     0.630247  
    44     0.537978     0.628995  
    45     0.534878     0.627347  
    46     0.530681     0.624916  
    47     0.527839     0.623968  
    48     0.524529     0.622666  
    49     0.521692     0.620920  
    50     0.518985     0.619801  
    51     0.515965     0.618762  
    52     0.512916     0.617350  
    53     0.509942     0.616303  
    54     0.507249     0.614538  
    55     0.504388     0.612650  
    56     0.501669     0.611743  
    57     0.498777     0.610510  
    58     0.495691     0.608526  
    59     0.493211     0.607497  
    60     0.490332     0.605932  
    61     0.488184     0.605638  
    62     0.485664     0.604573  
    63     0.483086     0.603594  
    64     0.480828     0.602810  
    65     0.478399     0.601377  
    66     0.475851     0.601314  
    67     0.473485     0.600371  
    68     0.471106     0.599252  
    69     0.468967     0.598904  
    70     0.466258     0.597559  
    71     0.463969     0.596379  
    72     0.461640     0.595744  
    73     0.459433     0.594764  
    74     0.457537     0.594559  
    75     0.455212     0.593478  
    76     0.453017     0.592983  
    77     0.451035     0.592459  
    78     0.448973     0.591315  
    79     0.447087     0.590999  
    80     0.445000     0.590033  
    81     0.442866     0.589510  
    82     0.440920     0.588874  
    83     0.438905     0.588024  
    84     0.437101     0.587950  
    85     0.435017     0.587366  
    86     0.433353     0.587096  
    87     0.431554     0.586425  
    88     0.429679     0.585816  
    89     0.427794     0.585295  
    90     0.425844     0.584916  
    91     0.423638     0.584333  
    92     0.421941     0.583665  
    93     0.419975     0.583447  
    94     0.418277     0.582911  
    95     0.416519     0.582364  
    96     0.414733     0.581623  
    97     0.412807     0.581256  
    98     0.411134     0.580422  
    99     0.409249     0.579257  
   100     0.407345     0.579041  
   101     0.405575     0.579288  
   102     0.403874     0.578664  
   103     0.402103     0.578123  
   104     0.400269     0.577717  
   105     0.398599     0.577387  
   106     0.396917     0.577338  
   107     0.395024     0.576204  
   108     0.393532     0.575964  
   109     0.391691     0.575282  
   110     0.389980     0.574542  
   111     0.388278     0.573846  
   112     0.386657     0.573267  
   113     0.384937     0.572408  
   114     0.383390     0.571701  
   115     0.381859     0.571236  
   116     0.380419     0.571041  
   117     0.378926     0.570836  
   118     0.377467     0.570674  
   119     0.375915     0.570481  
   120     0.374399     0.570031  
   121     0.372842     0.569555  
   122     0.371409     0.569367  
   123     0.369886     0.569187  
   124     0.368384     0.568685  
   125     0.366837     0.568733  
   126     0.365331     0.567872  
   127     0.363861     0.567517  
   128     0.362395     0.567870  
   129     0.361002     0.567852  
   130     0.359622     0.567707  
   131     0.358065     0.567527  
   132     0.356242     0.566353  
   133     0.354840     0.565803  
   134     0.353488     0.565434  
   135     0.352132     0.565286  
   136     0.350819     0.564749  
   137     0.349512     0.564493  
   138     0.348209     0.564602  
   139     0.346691     0.564571  
   140     0.345243     0.564742  
   141     0.344007     0.564393  
   142     0.342427     0.563326  
   143     0.340920     0.562558  
   144     0.339545     0.562237  
   145     0.338253     0.561759  
   146     0.337050     0.561743  
   147     0.335832     0.561509  
   148     0.334625     0.561354  
   149     0.332960     0.560843  
   150     0.331875     0.560280  
   151     0.330349     0.559843  
   152     0.329046     0.559016  
   153     0.327893     0.558818  
   154     0.326636     0.558793  
   155     0.325486     0.558684  
   156     0.324343     0.558734  
   157     0.323160     0.558183  
   158     0.321964     0.558077  
   159     0.320830     0.557907  
   160     0.319542     0.557609  
   161     0.318299     0.556947  
   162     0.317222     0.556730  
   163     0.316025     0.556973  
   164     0.314796     0.556382  
   165     0.313703     0.556151  
   166     0.312607     0.556376  
   167     0.311438     0.556259  
   168     0.310274     0.556309  
   169     0.309134     0.555787  
   170     0.307874     0.555718  
   171     0.306640     0.555532  
   172     0.305373     0.555014  
   173     0.304190     0.554716  
   174     0.303026     0.554735  
   175     0.301980     0.554602  
   176     0.300792     0.553789  
   177     0.299620     0.553677  
   178     0.298594     0.553419  
   179     0.297513     0.553267  
   180     0.296365     0.552626  
   181     0.295295     0.552653  
   182     0.294173     0.552521  
   183     0.293114     0.552139  
   184     0.292096     0.552188  
   185     0.291198     0.552137  
   186     0.290158     0.552018  
   187     0.289259     0.551966  
   188     0.288132     0.551481  
   189     0.286960     0.551187  
   190     0.285952     0.550964  
   191     0.284970     0.550882  
   192     0.283827     0.550828  
   193     0.282736     0.550654  
   194     0.281700     0.550683  
   195     0.280722     0.550404  
   196     0.279762     0.550002  
   197     0.278710     0.549568  
   198     0.277720     0.549320  
   199     0.276768     0.549009  
   200     0.275783     0.548824  
   201     0.274792     0.548860  
   202     0.273944     0.548607  
   203     0.273077     0.548741  
   204     0.272120     0.548646  
   205     0.271210     0.548565  
   206     0.270134     0.548156  
   207     0.269246     0.548028  
   208     0.268402     0.547736  
   209     0.267563     0.547232  
   210     0.266663     0.546806  
   211     0.265638     0.546267  
   212     0.264736     0.546130  
   213     0.263639     0.546040  
   214     0.262754     0.546179  
   215     0.261777     0.546060  
   216     0.260782     0.545909  
   217     0.259802     0.545627  
   218     0.258992     0.545537  
   219     0.258155     0.545260  
   220     0.257325     0.545053  
   221     0.256421     0.544884  
   222     0.255489     0.544715  
   223     0.254537     0.544598  
   224     0.253788     0.544500  
   225     0.252971     0.544287  
   226     0.252034     0.544102  
   227     0.251270     0.544211  
   228     0.250375     0.544136  
   229     0.249484     0.543752  
   230     0.248579     0.543763  
   231     0.247727     0.543507  
   232     0.246860     0.543430  
   233     0.245829     0.543194  
   234     0.244856     0.542959  
   235     0.244005     0.542985  
   236     0.243314     0.542940  
   237     0.242594     0.542655  
   238     0.241704     0.542465  
   239     0.240863     0.542276  
   240     0.240055     0.542133  
   241     0.239175     0.542108  
   242     0.238408     0.542135  
   243     0.237595     0.541981  
   244     0.236900     0.541720  
   245     0.236132     0.541716  
   246     0.235396     0.541698  
   247     0.234749     0.541733  
   248     0.233927     0.541677  
   249     0.233069     0.541453  
   250     0.232325     0.541283  
   251     0.231556     0.541196  
   252     0.230755     0.541292  
   253     0.229985     0.540884  
   254     0.229275     0.540785  
   255     0.228494     0.540589  
   256     0.227785     0.540305  
   257     0.227049     0.540325  
   258     0.226422     0.540290  
   259     0.225728     0.540232  
   260     0.225012     0.540048  
   261     0.224261     0.539734  
   262     0.223588     0.539864  
   263     0.222808     0.539633  
   264     0.222192     0.539226  
   265     0.221473     0.539018  
   266     0.220885     0.538950  
   267     0.220124     0.539088  
   268     0.219328     0.539059  
   269     0.218649     0.538988  
   270     0.217857     0.538826  
   271     0.217179     0.538817  
   272     0.216477     0.538929  
   273     0.215794     0.539054  
   274     0.215067     0.538925  
   275     0.214430     0.538856  
   276     0.213808     0.538798  
   277     0.213127     0.538764  
   278     0.212337     0.538682  
   279     0.211634     0.538423  
   280     0.210994     0.538469  
   281     0.210319     0.538224  
   282     0.209623     0.538236  
   283     0.209044     0.538331  
   284     0.208412     0.538379  
   285     0.207837     0.538311  
   286     0.207281     0.538476  
   287     0.206658     0.538124  
   288     0.206043     0.537906  
   289     0.205488     0.537986  
   290     0.204786     0.538187  
   291     0.204207     0.538030  
   292     0.203535     0.538198  
   293     0.202920     0.538221  
   294     0.202389     0.538197  
   295     0.201795     0.538190  
   296     0.201216     0.538353  
   297     0.200552     0.538109  
   298     0.199910     0.537638  
   299     0.199162     0.537702  
   300     0.198531     0.537575  
   301     0.197912     0.537106  
   302     0.197352     0.537007  
   303     0.196648     0.536706  
   304     0.196010     0.536402  
   305     0.195269     0.536330  
   306     0.194605     0.535932  
   307     0.193910     0.535908  
   308     0.193324     0.535536  
   309     0.192652     0.535102  
   310     0.191966     0.535221  
   311     0.191332     0.535144  
   312     0.190717     0.534954  
   313     0.190112     0.534915  
   314     0.189512     0.534721  
   315     0.188894     0.534777  
   316     0.188284     0.534609  
   317     0.187634     0.534575  
   318     0.186848     0.533974  
   319     0.186261     0.533929  
   320     0.185691     0.533804  
   321     0.185083     0.533799  
   322     0.184523     0.533852  
   323     0.183964     0.533587  
   324     0.183411     0.533335  
   325     0.182873     0.533251  
   326     0.182298     0.533393  
   327     0.181766     0.533196  
   328     0.181174     0.533219  
   329     0.180553     0.533340  
   330     0.179943     0.533249  
   331     0.179404     0.533125  
   332     0.178845     0.532969  
   333     0.178234     0.532797  
   334     0.177589     0.532674  
   335     0.177041     0.532626  
   336     0.176460     0.532479  
   337     0.175999     0.532351  
   338     0.175485     0.532148  
   339     0.174808     0.531721  
   340     0.174215     0.531619  
   341     0.173619     0.531418  
   342     0.172956     0.530929  
   343     0.172466     0.530999  
   344     0.171890     0.530729  
   345     0.171479     0.530804  
   346     0.170983     0.530630  
   347     0.170406     0.530648  
   348     0.169952     0.530640  
   349     0.169482     0.530361  
   350     0.169033     0.530475  
   351     0.168611     0.530365  
   352     0.168146     0.530246  
   353     0.167624     0.529897  
   354     0.167117     0.530026  
   355     0.166531     0.529901  
   356     0.166029     0.529739  
   357     0.165470     0.529650  
   358     0.165056     0.529563  
   359     0.164656     0.529654  
   360     0.164051     0.529721  
   361     0.163543     0.529700  
   362     0.163046     0.529457  
   363     0.162548     0.529363  
   364     0.162064     0.529030  
   365     0.161491     0.528824  
   366     0.160919     0.528911  
   367     0.160481     0.528671  
   368     0.160010     0.528343  
   369     0.159537     0.528365  
   370     0.159125     0.528485  
   371     0.158743     0.528464  
   372     0.158228     0.528318  
   373     0.157757     0.528220  
   374     0.157340     0.528134  
   375     0.156815     0.527952  
   376     0.156340     0.528063  
   377     0.155831     0.528382  
   378     0.155355     0.528395  
   379     0.154847     0.528233  
   380     0.154376     0.528233  
   381     0.153984     0.527941  
   382     0.153540     0.527980  
   383     0.153074     0.527853  
   384     0.152424     0.527407  
   385     0.152039     0.527276  
   386     0.151597     0.527267  
   387     0.151127     0.527028  
   388     0.150619     0.527060  
   389     0.150092     0.527071  
   390     0.149585     0.526923  
   391     0.149030     0.526734  
   392     0.148532     0.526733  
   393     0.148085     0.526779  
   394     0.147651     0.526731  
   395     0.147229     0.526631  
   396     0.146817     0.526515  
   397     0.146420     0.526279  
   398     0.145957     0.526173  
   399     0.145498     0.526058  
   400     0.145118     0.525984  
   401     0.144668     0.525970  
   402     0.144227     0.525650  
   403     0.143794     0.525584  
   404     0.143435     0.525551  
   405     0.143010     0.525398  
   406     0.142559     0.525351  
   407     0.142075     0.525309  
   408     0.141676     0.525247  
   409     0.141259     0.525170  
   410     0.140875     0.525177  
   411     0.140429     0.525152  
   412     0.139975     0.525035  
   413     0.139579     0.525050  
   414     0.139163     0.524897  
   415     0.138735     0.524972  
   416     0.138340     0.524927  
   417     0.137959     0.524968  
   418     0.137570     0.525052  
   419     0.137117     0.524688  
   420     0.136719     0.524279  
   421     0.136336     0.523993  
   422     0.135996     0.524095  
   423     0.135545     0.524007  
   424     0.135097     0.524024  
   425     0.134648     0.524047  
   426     0.134275     0.524095  
   427     0.133869     0.523960  
   428     0.133432     0.523918  
   429     0.132999     0.524001  
   430     0.132618     0.524030  
   431     0.132199     0.523949  
   432     0.131822     0.523882  
   433     0.131377     0.523573  
   434     0.131000     0.523688  
   435     0.130633     0.523574  
   436     0.130219     0.523611  
   437     0.129828     0.523699  
   438     0.129388     0.523619  
   439     0.128987     0.523784  
   440     0.128623     0.523821  
   441     0.128224     0.523922  
   442     0.127817     0.524083  
   443     0.127379     0.524074  
   444     0.127027     0.524046  
   445     0.126664     0.523960  
   446     0.126290     0.523963  
   447     0.125927     0.523750  
   448     0.125523     0.523800  
   449     0.125152     0.523663  
   450     0.124806     0.523510  
   451     0.124471     0.523315  
   452     0.124084     0.523350  
   453     0.123785     0.523392  
   454     0.123401     0.523373  
   455     0.123023     0.523466  
   456     0.122625     0.523416  
   457     0.122277     0.523403  
   458     0.121928     0.523381  
   459     0.121534     0.523281  
   460     0.121196     0.523282  
   461     0.120799     0.523241  
   462     0.120384     0.523078  
   463     0.119995     0.523087  
   464     0.119679     0.523288  
   465     0.119326     0.523406  
   466     0.118946     0.523425  
   467     0.118630     0.523338  
   468     0.118203     0.523318  
   469     0.117841     0.523248  
   470     0.117512     0.523069  
   471     0.117152     0.523097  
   472     0.116782     0.523178  
   473     0.116429     0.523057  
   474     0.116092     0.523104  
   475     0.115722     0.523007  
   476     0.115368     0.522954  
   477     0.115011     0.522922  
   478     0.114645     0.522936  
   479     0.114363     0.523009  
   480     0.114051     0.523006  
   481     0.113687     0.522756  
   482     0.113355     0.522734  
   483     0.113023     0.522572  
   484     0.112701     0.522521  
   485     0.112372     0.522527  
   486     0.112039     0.522487  
   487     0.111741     0.522311  
   488     0.111461     0.522442  
   489     0.111143     0.522465  
   490     0.110836     0.522311  
   491     0.110558     0.522297  
   492     0.110239     0.522382  
   493     0.109844     0.522290  
   494     0.109525     0.522256  
   495     0.109158     0.522084  
   496     0.108852     0.522042  
   497     0.108480     0.521998  
   498     0.108148     0.521925  
   499     0.107883     0.522024  
   500     0.107542     0.522066  
   501     0.107230     0.522006  
   502     0.106904     0.521909  
   503     0.106588     0.521987  
   504     0.106222     0.521856  
   505     0.105914     0.521917  
   506     0.105640     0.521961  
   507     0.105288     0.521902  
   508     0.104973     0.521877  
   509     0.104678     0.521962  
   510     0.104338     0.521851  
   511     0.103994     0.521886  
   512     0.103672     0.521735  
   513     0.103347     0.521496  
   514     0.103094     0.521591  
   515     0.102790     0.521501  
   516     0.102546     0.521671  
   517     0.102175     0.521496  
   518     0.101915     0.521511  
   519     0.101623     0.521454  
   520     0.101302     0.521316  
   521     0.101029     0.521198  
   522     0.100738     0.521302  
   523     0.100409     0.521357  
   524     0.100098     0.521359  
   525     0.099823     0.521348  
   526     0.099485     0.521192  
   527     0.099180     0.521249  
   528     0.098857     0.521272  
   529     0.098586     0.521300  
   530     0.098291     0.521309  
   531     0.098022     0.521198  
   532     0.097683     0.521088  
   533     0.097346     0.521123  
   534     0.097055     0.521122  
   535     0.096749     0.520975  
   536     0.096437     0.521046  
   537     0.096158     0.521067  
   538     0.095892     0.521231  
   539     0.095613     0.521207  
   540     0.095335     0.521204  
   541     0.095042     0.521220  
   542     0.094788     0.521224  
   543     0.094515     0.521088  
   544     0.094170     0.520799  
   545     0.093867     0.520772  
   546     0.093627     0.520615  
   547     0.093348     0.520579  
   548     0.093068     0.520543  
   549     0.092762     0.520623  
   550     0.092501     0.520574  
   551     0.092258     0.520534  
   552     0.091980     0.520436  
   553     0.091706     0.520356  
   554     0.091391     0.520310  
   555     0.091118     0.520158  
   556     0.090882     0.520256  
   557     0.090616     0.520138  
   558     0.090334     0.519976  
   559     0.090044     0.519915  
   560     0.089747     0.519780  
   561     0.089470     0.519709  
   562     0.089190     0.519876  
   563     0.088973     0.519878  
   564     0.088771     0.519797  
   565     0.088480     0.519641  
   566     0.088250     0.519578  
   567     0.088015     0.519673  
   568     0.087796     0.519637  
   569     0.087588     0.519519  
   570     0.087318     0.519659  
   571     0.087069     0.519568  
   572     0.086846     0.519545  
   573     0.086615     0.519627  
   574     0.086379     0.519504  
   575     0.086140     0.519499  
   576     0.085926     0.519417  
   577     0.085628     0.519479  
   578     0.085390     0.519390  
   579     0.085116     0.519359  
   580     0.084910     0.519187  
   581     0.084688     0.519289  
   582     0.084448     0.519275  
   583     0.084213     0.519156  
   584     0.083961     0.519136  
   585     0.083713     0.519194  
   586     0.083451     0.519115  
   587     0.083182     0.519111  
   588     0.082985     0.519290  
   589     0.082781     0.519114  
   590     0.082564     0.519295  
   591     0.082330     0.519401  
   592     0.082108     0.519456  
   593     0.081838     0.519413  
   594     0.081565     0.519203  
   595     0.081329     0.519350  
   596     0.081053     0.519185  
   597     0.080860     0.519257  
   598     0.080614     0.519355  
   599     0.080377     0.519379  
   600     0.080177     0.519378  
   601     0.079936     0.519185  
   602     0.079707     0.519164  
   603     0.079471     0.519289  
   604     0.079230     0.519124  
   605     0.079023     0.519061  
   606     0.078775     0.518896  
   607     0.078557     0.518879  
   608     0.078373     0.518808  
   609     0.078151     0.518580  
   610     0.077926     0.518466  
   611     0.077748     0.518482  
   612     0.077529     0.518570  
   613     0.077286     0.518415  
   614     0.077082     0.518255  
   615     0.076845     0.518271  
   616     0.076634     0.518390  
   617     0.076392     0.518463  
   618     0.076181     0.518348  
   619     0.075935     0.518334  
   620     0.075727     0.518390  
   621     0.075522     0.518306  
   622     0.075345     0.518282  
   623     0.075144     0.518202  
   624     0.074921     0.518175  
   625     0.074707     0.518183  
   626     0.074519     0.518209  
   627     0.074361     0.518121  
   628     0.074178     0.518047  
   629     0.073957     0.518031  
   630     0.073730     0.517933  
   631     0.073520     0.517770  
   632     0.073337     0.517892  
   633     0.073152     0.517938  
   634     0.072897     0.517817  
   635     0.072693     0.517823  
   636     0.072500     0.517717  
   637     0.072328     0.517607  
   638     0.072137     0.517608  
   639     0.071874     0.517322  
   640     0.071676     0.517213  
   641     0.071481     0.517196  
   642     0.071266     0.517224  
   643     0.071058     0.517109  
   644     0.070848     0.517100  
   645     0.070649     0.517220  
   646     0.070477     0.517126  
   647     0.070260     0.516935  
   648     0.070085     0.516821  
   649     0.069888     0.516682  
   650     0.069676     0.516534  
   651     0.069516     0.516504  
   652     0.069359     0.516518  
   653     0.069151     0.516524  
   654     0.068966     0.516454  
   655     0.068766     0.516379  
   656     0.068546     0.516271  
   657     0.068327     0.516181  
   658     0.068109     0.516193  
   659     0.067924     0.516185  
   660     0.067739     0.516221  
   661     0.067543     0.516190  
   662     0.067329     0.516085  
   663     0.067127     0.515970  
   664     0.066893     0.515962  
   665     0.066673     0.515974  
   666     0.066489     0.515919  
   667     0.066286     0.515945  
   668     0.066117     0.516013  
   669     0.065951     0.515947  
   670     0.065801     0.516015  
   671     0.065601     0.515936  
   672     0.065411     0.515859  
   673     0.065241     0.515840  
   674     0.065040     0.515798  
   675     0.064853     0.515795  
   676     0.064665     0.515727  
   677     0.064460     0.515720  
   678     0.064294     0.515630  
   679     0.064113     0.515665  
   680     0.063928     0.515694  
   681     0.063760     0.515540  
   682     0.063583     0.515526  
   683     0.063433     0.515577  
   684     0.063257     0.515612  
   685     0.063079     0.515675  
   686     0.062895     0.515681  
   687     0.062729     0.515720  
   688     0.062545     0.515842  
   689     0.062361     0.515806  
   690     0.062203     0.515823  
   691     0.062045     0.515729  
   692     0.061884     0.515633  
   693     0.061708     0.515553  
   694     0.061532     0.515562  
   695     0.061377     0.515483  
   696     0.061213     0.515445  
   697     0.061030     0.515399  
   698     0.060883     0.515361  
   699     0.060692     0.515542  
   700     0.060545     0.515573  
   701     0.060392     0.515488  
   702     0.060189     0.515558  
   703     0.060008     0.515582  
   704     0.059848     0.515714  
   705     0.059696     0.515634  
   706     0.059558     0.515638  
   707     0.059386     0.515525  
   708     0.059231     0.515495  
   709     0.059097     0.515537  
   710     0.058931     0.515440  
   711     0.058760     0.515442  
   712     0.058587     0.515451  
   713     0.058411     0.515631  
   714     0.058234     0.515719  
   715     0.058063     0.515785  
   716     0.057909     0.515709  
   717     0.057750     0.515686  
   718     0.057596     0.515618  
   719     0.057394     0.515606  
   720     0.057219     0.515554  
   721     0.057044     0.515552  
   722     0.056852     0.515521  
   723     0.056684     0.515393  
   724     0.056531     0.515232  
   725     0.056380     0.515101  
   726     0.056237     0.515103  
   727     0.056062     0.515068  
   728     0.055878     0.515024  
   729     0.055705     0.514913  
   730     0.055548     0.514814  
   731     0.055380     0.514759  
   732     0.055236     0.514702  
   733     0.055085     0.514693  
   734     0.054910     0.514648  
   735     0.054756     0.514659  
   736     0.054614     0.514615  
   737     0.054457     0.514577  
   738     0.054329     0.514519  
   739     0.054184     0.514483  
   740     0.054024     0.514450  
   741     0.053853     0.514433  
   742     0.053740     0.514405  
   743     0.053604     0.514296  
   744     0.053478     0.514310  
   745     0.053346     0.514412  
   746     0.053215     0.514402  
   747     0.053072     0.514407  
   748     0.052936     0.514269  
   749     0.052786     0.514250  
   750     0.052660     0.514201  
   751     0.052532     0.514181  
   752     0.052382     0.514275  
   753     0.052242     0.514198  
   754     0.052104     0.514262  
   755     0.051954     0.514151  
   756     0.051834     0.514184  
   757     0.051696     0.514174  
   758     0.051552     0.514043  
   759     0.051400     0.514025  
   760     0.051259     0.513839  
   761     0.051113     0.513997  
   762     0.050988     0.514022  
   763     0.050870     0.513980  
   764     0.050733     0.513960  
   765     0.050580     0.513895  
   766     0.050449     0.513927  
   767     0.050287     0.513931  
   768     0.050153     0.514082  
   769     0.050016     0.514002  
   770     0.049859     0.514045  
   771     0.049727     0.514002  
   772     0.049574     0.514004  
   773     0.049456     0.513939  
   774     0.049327     0.514019  
   775     0.049203     0.514059  
   776     0.049048     0.514085  
   777     0.048927     0.514072  
   778     0.048788     0.514113  
   779     0.048664     0.514160  
   780     0.048557     0.514102  
   781     0.048428     0.514089  
   782     0.048307     0.514075  
   783     0.048168     0.513955  
   784     0.048045     0.513937  
   785     0.047897     0.513867  
   786     0.047775     0.513884  
   787     0.047633     0.513848  
   788     0.047498     0.513880  
   789     0.047359     0.513964  
   790     0.047232     0.513964  
   791     0.047091     0.513978  
   792     0.046971     0.513959  
   793     0.046836     0.513842  
   794     0.046709     0.513906  
   795     0.046585     0.513914  
   796     0.046443     0.513909  
   797     0.046332     0.513878  
   798     0.046203     0.513889  
   799     0.046067     0.513820  
   800     0.045956     0.513733  
   801     0.045844     0.513748  
   802     0.045697     0.513839  
   803     0.045550     0.513645  
   804     0.045421     0.513715  
   805     0.045286     0.513672  
   806     0.045151     0.513675  
   807     0.045038     0.513583  
   808     0.044914     0.513596  
   809     0.044804     0.513609  
   810     0.044686     0.513482  
   811     0.044556     0.513389  
   812     0.044450     0.513439  
   813     0.044326     0.513311  
   814     0.044219     0.513278  
   815     0.044089     0.513369  
   816     0.043962     0.513254  
   817     0.043847     0.513209  
   818     0.043731     0.513195  
   819     0.043600     0.513133  
   820     0.043500     0.513081  
   821     0.043376     0.513046  
   822     0.043257     0.512943  
   823     0.043134     0.512882  
   824     0.043019     0.512852  
   825     0.042893     0.512724  
   826     0.042797     0.512658  
   827     0.042695     0.512629  
   828     0.042583     0.512633  
   829     0.042443     0.512552  
   830     0.042345     0.512602  
   831     0.042227     0.512539  
   832     0.042108     0.512619  
   833     0.041991     0.512627  
   834     0.041872     0.512504  
   835     0.041790     0.512514  
   836     0.041679     0.512420  
   837     0.041549     0.512349  
   838     0.041427     0.512350  
   839     0.041317     0.512310  
   840     0.041216     0.512221  
   841     0.041087     0.512178  
   842     0.040970     0.512219  
   843     0.040859     0.512140  
   844     0.040737     0.512064  
   845     0.040628     0.512029  
   846     0.040526     0.512014  
   847     0.040414     0.511976  
   848     0.040293     0.511957  
   849     0.040180     0.511945  
   850     0.040072     0.511871  
   851     0.039968     0.511838  
   852     0.039848     0.511929  
   853     0.039739     0.511904  
   854     0.039640     0.511929  
   855     0.039530     0.511937  
   856     0.039445     0.511881  
   857     0.039329     0.511856  
   858     0.039231     0.511935  
   859     0.039128     0.512046  
   860     0.039012     0.512146  
   861     0.038903     0.512205  
   862     0.038814     0.512269  
   863     0.038702     0.512216  
   864     0.038602     0.512172  
   865     0.038496     0.512110  
   866     0.038406     0.512142  
   867     0.038289     0.512113  
   868     0.038175     0.512145  
   869     0.038069     0.511941  
   870     0.037972     0.511965  
   871     0.037880     0.511895  
   872     0.037781     0.511854  
   873     0.037672     0.511887  
   874     0.037567     0.511901  
   875     0.037477     0.511874  
   876     0.037371     0.511881  
   877     0.037278     0.511817  
   878     0.037173     0.511878  
   879     0.037086     0.511863  
   880     0.036987     0.511750  
   881     0.036884     0.511894  
   882     0.036795     0.511900  
   883     0.036696     0.511858  
   884     0.036605     0.511911  
   885     0.036512     0.511908  
   886     0.036404     0.511930  
   887     0.036315     0.511961  
   888     0.036215     0.511969  
   889     0.036110     0.511936  
   890     0.036033     0.511929  
   891     0.035936     0.511902  
   892     0.035833     0.511937  
   893     0.035729     0.511803  
   894     0.035630     0.511907  
   895     0.035541     0.511879  
   896     0.035453     0.511826  
   897     0.035360     0.511791  
   898     0.035274     0.511832  
   899     0.035165     0.511804  
   900     0.035067     0.511810  
   901     0.034957     0.511729  
   902     0.034865     0.511742  
   903     0.034765     0.511737  
   904     0.034673     0.511641  
   905     0.034563     0.511666  
   906     0.034462     0.511627  
   907     0.034382     0.511603  
   908     0.034294     0.511651  
   909     0.034191     0.511497  
   910     0.034097     0.511475  
   911     0.034008     0.511488  
   912     0.033926     0.511481  
   913     0.033841     0.511471  
   914     0.033754     0.511455  
   915     0.033667     0.511500  
   916     0.033577     0.511526  
   917     0.033493     0.511684  
   918     0.033402     0.511663  
   919     0.033315     0.511702  
   920     0.033214     0.511677  
   921     0.033136     0.511711  
   922     0.033031     0.511672  
   923     0.032950     0.511724  
   924     0.032857     0.511736  
   925     0.032772     0.511721  
   926     0.032661     0.511715  
   927     0.032571     0.511764  
   928     0.032501     0.511673  
   929     0.032412     0.511610  
   930     0.032315     0.511584  
   931     0.032226     0.511505  
   932     0.032141     0.511448  
   933     0.032054     0.511454  
   934     0.031958     0.511398  
   935     0.031866     0.511413  
   936     0.031798     0.511366  
   937     0.031722     0.511375  
   938     0.031630     0.511398  
   939     0.031554     0.511333  
   940     0.031484     0.511362  
   941     0.031399     0.511379  
   942     0.031323     0.511280  
   943     0.031235     0.511296  
   944     0.031163     0.511344  
   945     0.031066     0.511256  
   946     0.030968     0.511165  
   947     0.030879     0.511143  
   948     0.030801     0.511122  
   949     0.030718     0.511189  
   950     0.030653     0.511205  
   951     0.030579     0.511140  
   952     0.030491     0.511155  
   953     0.030402     0.511138  
   954     0.030328     0.511130  
   955     0.030246     0.511072  
   956     0.030172     0.511028  
   957     0.030104     0.511030  
   958     0.030034     0.511045  
   959     0.029946     0.511093  
   960     0.029863     0.511068  
   961     0.029800     0.510990  
   962     0.029719     0.510865  
   963     0.029633     0.510828  
   964     0.029551     0.510778  
   965     0.029478     0.510733  
   966     0.029407     0.510777  
   967     0.029326     0.510806  
   968     0.029230     0.510815  
   969     0.029144     0.510814  
   970     0.029065     0.510794  
   971     0.028991     0.510829  
   972     0.028923     0.510775  
   973     0.028825     0.510821  
   974     0.028746     0.510777  
   975     0.028679     0.510723  
   976     0.028602     0.510819  
   977     0.028516     0.510829  
   978     0.028444     0.510755  
   979     0.028364     0.510710  
   980     0.028288     0.510628  
   981     0.028206     0.510555  
   982     0.028127     0.510580  
   983     0.028054     0.510602  
   984     0.027976     0.510559  
   985     0.027901     0.510609  
   986     0.027834     0.510642  
   987     0.027750     0.510587  
   988     0.027667     0.510620  
   989     0.027597     0.510603  
   990     0.027517     0.510670  
   991     0.027427     0.510637  
   992     0.027359     0.510690  
   993     0.027285     0.510731  
   994     0.027215     0.510720  
   995     0.027138     0.510714  
   996     0.027075     0.510602  
   997     0.026988     0.510552  
   998     0.026926     0.510589  
   999     0.026847     0.510610  
  1000     0.026770     0.510549  
  1001     0.026711     0.510460  
  1002     0.026637     0.510399  
  1003     0.026574     0.510422  
  1004     0.026506     0.510480  
  1005     0.026445     0.510475  
  1006     0.026371     0.510457  
  1007     0.026298     0.510415  
  1008     0.026236     0.510468  
  1009     0.026158     0.510522  
  1010     0.026078     0.510460  
  1011     0.026024     0.510494  
  1012     0.025952     0.510576  
  1013     0.025884     0.510558  
  1014     0.025830     0.510649  
  1015     0.025757     0.510650  
  1016     0.025684     0.510758  
  1017     0.025610     0.510711  
  1018     0.025528     0.510709  
  1019     0.025446     0.510649  
  1020     0.025386     0.510610  
  1021     0.025323     0.510601  
  1022     0.025259     0.510654  
  1023     0.025191     0.510659  
  1024     0.025139     0.510654  
  1025     0.025065     0.510687  
  1026     0.025000     0.510702  
  1027     0.024938     0.510662  
  1028     0.024872     0.510660  
  1029     0.024796     0.510564  
  1030     0.024736     0.510543  
  1031     0.024675     0.510608  
  1032     0.024611     0.510640  
  1033     0.024542     0.510606  
  1034     0.024468     0.510679  
  1035     0.024399     0.510644  
  1036     0.024342     0.510581  
  1037     0.024276     0.510596  
  1038     0.024216     0.510582  
  1039     0.024159     0.510457  
  1040     0.024094     0.510373  
  1041     0.024028     0.510368  
  1042     0.023965     0.510364  
  1043     0.023903     0.510406  
  1044     0.023831     0.510375  
  1045     0.023761     0.510368  
  1046     0.023689     0.510257  
  1047     0.023621     0.510210  
  1048     0.023573     0.510139  
  1049     0.023512     0.510110  
  1050     0.023444     0.510097  
  1051     0.023367     0.510049  
  1052     0.023304     0.510010  
  1053     0.023245     0.510018  
  1054     0.023182     0.510018  
  1055     0.023101     0.509950  
  1056     0.023039     0.509943  
  1057     0.022975     0.510007  
  1058     0.022914     0.510018  
  1059     0.022854     0.510007  
  1060     0.022786     0.510102  
  1061     0.022722     0.510040  
  1062     0.022671     0.510057  
  1063     0.022611     0.509960  
  1064     0.022551     0.509994  
  1065     0.022487     0.509934  
  1066     0.022426     0.510026  
  1067     0.022361     0.509985  
  1068     0.022306     0.509941  
  1069     0.022238     0.509992  
  1070     0.022189     0.509957  
  1071     0.022131     0.509946  
  1072     0.022073     0.509935  
  1073     0.022011     0.509872  
  1074     0.021949     0.509839  
  1075     0.021907     0.509864  
  1076     0.021855     0.509894  
  1077     0.021797     0.509860  
  1078     0.021727     0.509829  
  1079     0.021665     0.509790  
  1080     0.021603     0.509778  
  1081     0.021547     0.509842  
  1082     0.021502     0.509889  
  1083     0.021447     0.509904  
  1084     0.021390     0.509923  
  1085     0.021327     0.509876  
  1086     0.021279     0.509860  
  1087     0.021226     0.509852  
  1088     0.021173     0.509943  
  1089     0.021124     0.509915  
  1090     0.021059     0.509919  
  1091     0.020990     0.509910  
  1092     0.020940     0.509957  
  1093     0.020890     0.509962  
  1094     0.020831     0.509926  
  1095     0.020778     0.509925  
  1096     0.020717     0.509907  
  1097     0.020662     0.509905  
  1098     0.020614     0.509902  
  1099     0.020558     0.509879  
  1100     0.020499     0.509819  
  1101     0.020434     0.509751  
  1102     0.020375     0.509868  
  1103     0.020325     0.509883  
  1104     0.020268     0.509823  
  1105     0.020210     0.509847  
  1106     0.020164     0.509909  
  1107     0.020104     0.509914  
  1108     0.020059     0.509924  
  1109     0.020004     0.509921  
  1110     0.019955     0.509898  
  1111     0.019908     0.509928  
  1112     0.019863     0.509946  
  1113     0.019821     0.510000  
  1114     0.019763     0.510033  
  1115     0.019711     0.509989  
  1116     0.019650     0.510005  
  1117     0.019602     0.510029  
  1118     0.019556     0.510027  
  1119     0.019502     0.509965  
  1120     0.019437     0.509974  
  1121     0.019384     0.509957  
  1122     0.019328     0.509991  
  1123     0.019276     0.509899  
  1124     0.019228     0.509787  
  1125     0.019177     0.509737  
  1126     0.019121     0.509705  
  1127     0.019073     0.509649  
  1128     0.019024     0.509618  
  1129     0.018985     0.509561  
  1130     0.018945     0.509513  
  1131     0.018893     0.509463  
  1132     0.018851     0.509462  
  1133     0.018808     0.509386  
  1134     0.018756     0.509444  
  1135     0.018708     0.509398  
  1136     0.018652     0.509461  
  1137     0.018605     0.509508  
  1138     0.018555     0.509482  
  1139     0.018505     0.509436  
  1140     0.018454     0.509510  
  1141     0.018406     0.509503  
  1142     0.018358     0.509442  
  1143     0.018313     0.509409  
  1144     0.018270     0.509365  
  1145     0.018223     0.509339  
  1146     0.018174     0.509336  
  1147     0.018128     0.509357  
  1148     0.018091     0.509399  
  1149     0.018050     0.509380  
  1150     0.018003     0.509330  
  1151     0.017963     0.509268  
  1152     0.017917     0.509281  
  1153     0.017873     0.509269  
  1154     0.017833     0.509336  
  1155     0.017787     0.509339  
  1156     0.017737     0.509361  
  1157     0.017686     0.509360  
  1158     0.017634     0.509393  
  1159     0.017586     0.509318  
  1160     0.017538     0.509276  
  1161     0.017492     0.509235  
  1162     0.017448     0.509195  
  1163     0.017400     0.509219  
  1164     0.017352     0.509221  
  1165     0.017304     0.509150  
  1166     0.017262     0.509189  
  1167     0.017219     0.509223  
  1168     0.017180     0.509230  
  1169     0.017143     0.509288  
  1170     0.017104     0.509328  
  1171     0.017051     0.509236  
  1172     0.017005     0.509277  
  1173     0.016964     0.509292  
  1174     0.016919     0.509268  
  1175     0.016870     0.509260  
  1176     0.016827     0.509302  
  1177     0.016786     0.509321  
  1178     0.016743     0.509274  
  1179     0.016694     0.509242  
  1180     0.016650     0.509244  
  1181     0.016620     0.509298  
  1182     0.016571     0.509289  
  1183     0.016527     0.509342  
  1184     0.016489     0.509273  
  1185     0.016454     0.509273  
  1186     0.016407     0.509299  
  1187     0.016367     0.509323  
  1188     0.016322     0.509349  
  1189     0.016282     0.509395  
  1190     0.016243     0.509433  
  1191     0.016210     0.509428  
  1192     0.016166     0.509443  
  1193     0.016128     0.509484  
  1194     0.016089     0.509433  
  1195     0.016043     0.509455  
  1196     0.016002     0.509490  
  1197     0.015963     0.509507  
  1198     0.015919     0.509554  
  1199     0.015881     0.509508  
  1200     0.015838     0.509500  
  1201     0.015791     0.509439  
  1202     0.015757     0.509451  
  1203     0.015717     0.509402  
  1204     0.015679     0.509378  
  1205     0.015641     0.509384  
  1206     0.015595     0.509351  
  1207     0.015564     0.509308  
  1208     0.015527     0.509312  
  1209     0.015483     0.509235  
  1210     0.015447     0.509265  
  1211     0.015411     0.509304  
  1212     0.015371     0.509268  
  1213     0.015330     0.509227  
  1214     0.015296     0.509278  
  1215     0.015251     0.509292  
  1216     0.015214     0.509253  
  1217     0.015177     0.509252  
  1218     0.015136     0.509191  
  1219     0.015096     0.509198  
  1220     0.015056     0.509153  
  1221     0.015025     0.509197  
  1222     0.014991     0.509169  
  1223     0.014953     0.509189  
  1224     0.014915     0.509213  
  1225     0.014869     0.509253  
  1226     0.014834     0.509205  
  1227     0.014795     0.509212  
  1228     0.014758     0.509246  
  1229     0.014725     0.509198  
  1230     0.014684     0.509146  
  1231     0.014644     0.509129  
  1232     0.014606     0.509105  
  1233     0.014566     0.509189  
  1234     0.014527     0.509152  
  1235     0.014493     0.509142  
  1236     0.014457     0.509103  
  1237     0.014410     0.509097  
  1238     0.014377     0.509093  
  1239     0.014338     0.509041  
  1240     0.014305     0.509047  
  1241     0.014268     0.508990  
  1242     0.014235     0.508979  
  1243     0.014201     0.508939  
  1244     0.014166     0.508928  
  1245     0.014125     0.508959  
  1246     0.014084     0.508961  
  1247     0.014051     0.508939  
  1248     0.014007     0.508927  
  1249     0.013968     0.508929  
  1250     0.013928     0.508944  
  1251     0.013888     0.508959  
  1252     0.013849     0.508899  
  1253     0.013814     0.508891  
  1254     0.013775     0.508886  
  1255     0.013733     0.508827  
  1256     0.013696     0.508807  
  1257     0.013652     0.508719  
  1258     0.013621     0.508726  
  1259     0.013588     0.508718  
  1260     0.013548     0.508660  
  1261     0.013519     0.508681  
  1262     0.013481     0.508682  
  1263     0.013451     0.508712  
  1264     0.013412     0.508728  
  1265     0.013385     0.508703  
  1266     0.013356     0.508716  
  1267     0.013324     0.508685  
  1268     0.013295     0.508707  
  1269     0.013267     0.508675  
  1270     0.013233     0.508618  
  1271     0.013195     0.508654  
  1272     0.013165     0.508646  
  1273     0.013126     0.508693  
  1274     0.013090     0.508659  
  1275     0.013052     0.508731  
  1276     0.013014     0.508691  
  1277     0.012985     0.508656  
  1278     0.012951     0.508566  
  1279     0.012909     0.508543  
  1280     0.012871     0.508581  
  1281     0.012835     0.508574  
  1282     0.012801     0.508591  
  1283     0.012763     0.508635  
  1284     0.012734     0.508618  
  1285     0.012697     0.508662  
  1286     0.012668     0.508639  
  1287     0.012633     0.508611  
  1288     0.012598     0.508637  
  1289     0.012564     0.508607  
  1290     0.012529     0.508585  
  1291     0.012502     0.508649  
  1292     0.012473     0.508642  
  1293     0.012443     0.508645  
  1294     0.012410     0.508677  
  1295     0.012380     0.508671  
  1296     0.012350     0.508632  
  1297     0.012317     0.508608  
  1298     0.012283     0.508640  
  1299     0.012252     0.508647  
  1300     0.012220     0.508617  
  1301     0.012186     0.508557  
  1302     0.012156     0.508557  
  1303     0.012128     0.508580  
  1304     0.012093     0.508580  
  1305     0.012058     0.508613  
  1306     0.012026     0.508590  
  1307     0.011993     0.508622  
  1308     0.011957     0.508559  
  1309     0.011925     0.508513  
  1310     0.011892     0.508549  
  1311     0.011862     0.508555  
  1312     0.011831     0.508559  
  1313     0.011794     0.508518  
  1314     0.011760     0.508568  
  1315     0.011738     0.508582  
  1316     0.011713     0.508529  
  1317     0.011675     0.508489  
  1318     0.011649     0.508517  
  1319     0.011620     0.508458  
  1320     0.011597     0.508423  
  1321     0.011561     0.508421  
  1322     0.011529     0.508417  
  1323     0.011501     0.508416  
  1324     0.011474     0.508382  
  1325     0.011444     0.508319  
  1326     0.011415     0.508308  
  1327     0.011385     0.508378  
  1328     0.011352     0.508329  
  1329     0.011321     0.508316  
  1330     0.011292     0.508274  
  1331     0.011263     0.508248  
  1332     0.011234     0.508231  
  1333     0.011207     0.508208  
  1334     0.011179     0.508241  
  1335     0.011155     0.508257  
  1336     0.011128     0.508309  
  1337     0.011099     0.508301  
  1338     0.011072     0.508307  
  1339     0.011050     0.508299  
  1340     0.011015     0.508277  
  1341     0.010986     0.508297  
  1342     0.010957     0.508289  
  1343     0.010932     0.508287  
  1344     0.010911     0.508245  
  1345     0.010882     0.508256  
  1346     0.010854     0.508295  
  1347     0.010831     0.508309  
  1348     0.010804     0.508303  
  1349     0.010775     0.508241  
  1350     0.010745     0.508210  
  1351     0.010719     0.508242  
  1352     0.010691     0.508209  
  1353     0.010661     0.508172  
  1354     0.010636     0.508164  
  1355     0.010608     0.508128  
  1356     0.010580     0.508146  
  1357     0.010553     0.508108  
  1358     0.010520     0.508101  
  1359     0.010495     0.508138  
  1360     0.010466     0.508186  
  1361     0.010432     0.508199  
  1362     0.010411     0.508227  
  1363     0.010378     0.508261  
  1364     0.010353     0.508228  
  1365     0.010323     0.508256  
  1366     0.010302     0.508263  
  1367     0.010273     0.508234  
  1368     0.010242     0.508247  
  1369     0.010210     0.508224  
  1370     0.010181     0.508197  
  1371     0.010160     0.508217  
  1372     0.010133     0.508209  
  1373     0.010099     0.508151  
  1374     0.010074     0.508117  
  1375     0.010051     0.508136  
  1376     0.010023     0.508123  
  1377     0.010002     0.508080  
  1378     0.009971     0.508071  
  1379     0.009944     0.508052  
  1380     0.009915     0.508049  
  1381     0.009889     0.508077  
  1382     0.009865     0.508062  
  1383     0.009834     0.508083  
  1384     0.009816     0.508061  
  1385     0.009789     0.508066  
  1386     0.009761     0.508043  
  1387     0.009738     0.507983  
  1388     0.009713     0.508025  
  1389     0.009692     0.508072  
  1390     0.009665     0.508045  
  1391     0.009637     0.508065  
  1392     0.009615     0.508038  
  1393     0.009588     0.508021  
  1394     0.009564     0.508011  
  1395     0.009543     0.508039  
  1396     0.009514     0.508027  
  1397     0.009488     0.508085  
  1398     0.009462     0.508079  
  1399     0.009439     0.508008  
  1400     0.009416     0.508021  
  1401     0.009394     0.508011  
  1402     0.009371     0.508081  
  1403     0.009346     0.508041  
  1404     0.009317     0.508008  
  1405     0.009291     0.508052  
  1406     0.009267     0.508061  
  1407     0.009247     0.508086  
  1408     0.009225     0.508132  
  1409     0.009203     0.508133  
  1410     0.009180     0.508115  
  1411     0.009157     0.508117  
  1412     0.009132     0.508131  
  1413     0.009107     0.508139  
  1414     0.009084     0.508129  
  1415     0.009062     0.508148  
  1416     0.009042     0.508176  
  1417     0.009019     0.508104  
  1418     0.008995     0.508126  
  1419     0.008976     0.508110  
  1420     0.008954     0.508117  
  1421     0.008926     0.508177  
  1422     0.008904     0.508168  
  1423     0.008881     0.508140  
  1424     0.008858     0.508195  
  1425     0.008834     0.508193  
  1426     0.008815     0.508161  
  1427     0.008789     0.508167  
  1428     0.008767     0.508141  
  1429     0.008743     0.508176  
  1430     0.008723     0.508171  
  1431     0.008698     0.508210  
  1432     0.008673     0.508251  
  1433     0.008652     0.508256  
  1434     0.008631     0.508225  
  1435     0.008608     0.508218  
  1436     0.008582     0.508220  
  1437     0.008559     0.508208  
  1438     0.008537     0.508208  
  1439     0.008514     0.508216  
  1440     0.008489     0.508221  
  1441     0.008470     0.508214  
  1442     0.008447     0.508193  
  1443     0.008426     0.508193  
  1444     0.008405     0.508184  
  1445     0.008383     0.508153  
  1446     0.008363     0.508158  
  1447     0.008337     0.508103  
  1448     0.008314     0.508068  
  1449     0.008292     0.508051  
  1450     0.008269     0.508064  
  1451     0.008249     0.508060  
  1452     0.008226     0.508042  
  1453     0.008207     0.508040  
  1454     0.008189     0.508025  
  1455     0.008169     0.507968  
  1456     0.008149     0.507964  
  1457     0.008129     0.507953  
  1458     0.008107     0.507967  
  1459     0.008082     0.508002  
  1460     0.008059     0.508001  
  1461     0.008038     0.508067  
  1462     0.008018     0.508043  
  1463     0.007998     0.507970  
  1464     0.007983     0.507955  
  1465     0.007961     0.507961  
  1466     0.007944     0.507981  
  1467     0.007928     0.508019  
  1468     0.007910     0.507999  
  1469     0.007888     0.507995  
  1470     0.007871     0.508003  
  1471     0.007849     0.508028  
  1472     0.007829     0.508045  
  1473     0.007810     0.508024  
  1474     0.007790     0.508035  
  1475     0.007772     0.508001  
  1476     0.007752     0.507964  
  1477     0.007730     0.507938  
  1478     0.007711     0.507935  
  1479     0.007688     0.507905  
  1480     0.007671     0.507868  
  1481     0.007649     0.507839  
  1482     0.007627     0.507825  
  1483     0.007606     0.507845  
  1484     0.007584     0.507853  
  1485     0.007565     0.507866  
  1486     0.007546     0.507836  
  1487     0.007528     0.507825  
  1488     0.007507     0.507843  
  1489     0.007486     0.507804  
  1490     0.007470     0.507858  
  1491     0.007449     0.507859  
  1492     0.007428     0.507839  
  1493     0.007408     0.507828  
  1494     0.007391     0.507872  
  1495     0.007372     0.507834  
  1496     0.007352     0.507794  
  1497     0.007334     0.507764  
  1498     0.007315     0.507797  
  1499     0.007297     0.507738  
  1500     0.007279     0.507759  
  1501     0.007259     0.507734  
  1502     0.007240     0.507736  
  1503     0.007220     0.507685  
  1504     0.007203     0.507701  
  1505     0.007188     0.507677  
  1506     0.007170     0.507740  
  1507     0.007150     0.507722  
  1508     0.007133     0.507744  
  1509     0.007115     0.507721  
  1510     0.007097     0.507763  
  1511     0.007080     0.507760  
  1512     0.007064     0.507726  
  1513     0.007049     0.507712  
  1514     0.007028     0.507725  
  1515     0.007009     0.507680  
  1516     0.006989     0.507628  
  1517     0.006969     0.507660  
  1518     0.006949     0.507611  
  1519     0.006935     0.507630  
  1520     0.006914     0.507637  
  1521     0.006897     0.507590  
  1522     0.006884     0.507597  
  1523     0.006863     0.507609  
  1524     0.006843     0.507600  
  1525     0.006825     0.507665  
  1526     0.006809     0.507645  
  1527     0.006791     0.507610  
  1528     0.006773     0.507614  
  1529     0.006754     0.507644  
  1530     0.006733     0.507590  
  1531     0.006717     0.507580  
  1532     0.006701     0.507583  
  1533     0.006683     0.507593  
  1534     0.006668     0.507587  
  1535     0.006651     0.507593  
  1536     0.006634     0.507627  
  1537     0.006618     0.507646  
  1538     0.006601     0.507662  
  1539     0.006580     0.507616  
  1540     0.006563     0.507585  
  1541     0.006545     0.507590  
  1542     0.006528     0.507598  
  1543     0.006512     0.507610  
  1544     0.006495     0.507623  
  1545     0.006481     0.507622  
  1546     0.006464     0.507619  
  1547     0.006448     0.507616  
  1548     0.006428     0.507599  
  1549     0.006409     0.507600  
  1550     0.006389     0.507621  
  1551     0.006374     0.507649  
  1552     0.006358     0.507663  
  1553     0.006342     0.507639  
  1554     0.006324     0.507601  
  1555     0.006307     0.507630  
  1556     0.006291     0.507604  
  1557     0.006277     0.507613  
  1558     0.006263     0.507598  
  1559     0.006247     0.507594  
  1560     0.006231     0.507593  
  1561     0.006213     0.507565  
  1562     0.006196     0.507566  
  1563     0.006180     0.507576  
  1564     0.006162     0.507556  
  1565     0.006146     0.507560  
  1566     0.006130     0.507542  
  1567     0.006115     0.507553  
  1568     0.006100     0.507542  
  1569     0.006087     0.507523  
  1570     0.006075     0.507531  
  1571     0.006055     0.507533  
  1572     0.006039     0.507520  
  1573     0.006023     0.507509  
  1574     0.006008     0.507528  
  1575     0.005990     0.507493  
  1576     0.005972     0.507499  
  1577     0.005956     0.507500  
  1578     0.005938     0.507544  
  1579     0.005925     0.507561  
  1580     0.005909     0.507558  
  1581     0.005896     0.507542  
  1582     0.005881     0.507546  
  1583     0.005869     0.507541  
  1584     0.005852     0.507514  
  1585     0.005835     0.507526  
  1586     0.005818     0.507504  
  1587     0.005802     0.507515  
  1588     0.005788     0.507517  
  1589     0.005773     0.507548  
  1590     0.005760     0.507549  
  1591     0.005744     0.507553  
  1592     0.005730     0.507582  
  1593     0.005715     0.507574  
  1594     0.005699     0.507595  
  1595     0.005683     0.507593  
  1596     0.005667     0.507577  
  1597     0.005651     0.507568  
  1598     0.005637     0.507567  
  1599     0.005622     0.507580  
  1600     0.005609     0.507601  
  1601     0.005594     0.507627  
  1602     0.005579     0.507617  
  1603     0.005561     0.507613  
  1604     0.005544     0.507598  
  1605     0.005531     0.507592  
  1606     0.005517     0.507593  
  1607     0.005501     0.507610  
  1608     0.005486     0.507561  
  1609     0.005473     0.507536  
  1610     0.005458     0.507542  
  1611     0.005445     0.507528  
  1612     0.005432     0.507554  
  1613     0.005420     0.507533  
  1614     0.005405     0.507541  
  1615     0.005392     0.507550  
  1616     0.005378     0.507543  
  1617     0.005365     0.507516  
  1618     0.005352     0.507507  
  1619     0.005339     0.507505  
  1620     0.005324     0.507517  
  1621     0.005309     0.507526  
  1622     0.005297     0.507516  
  1623     0.005282     0.507450  
  1624     0.005269     0.507473  
  1625     0.005254     0.507479  
  1626     0.005242     0.507474  
  1627     0.005230     0.507483  
  1628     0.005217     0.507472  
  1629     0.005204     0.507455  
  1630     0.005194     0.507449  
  1631     0.005183     0.507445  
  1632     0.005172     0.507444  
  1633     0.005157     0.507434  
  1634     0.005142     0.507424  
  1635     0.005127     0.507438  
  1636     0.005113     0.507440  
  1637     0.005100     0.507396  
  1638     0.005087     0.507400  
  1639     0.005074     0.507364  
  1640     0.005062     0.507337  
  1641     0.005052     0.507371  
  1642     0.005040     0.507380  
  1643     0.005027     0.507349  
  1644     0.005016     0.507361  
  1645     0.005003     0.507364  
  1646     0.004989     0.507381  
  1647     0.004977     0.507358  
  1648     0.004962     0.507362  
  1649     0.004951     0.507349  
  1650     0.004938     0.507352  
  1651     0.004924     0.507371  
  1652     0.004911     0.507356  
  1653     0.004900     0.507339  
  1654     0.004888     0.507325  
  1655     0.004875     0.507344  
  1656     0.004861     0.507353  
  1657     0.004850     0.507346  
  1658     0.004837     0.507327  
  1659     0.004826     0.507337  
  1660     0.004814     0.507322  
  1661     0.004801     0.507308  
  1662     0.004787     0.507329  
  1663     0.004777     0.507321  
  1664     0.004762     0.507285  
  1665     0.004751     0.507323  
  1666     0.004740     0.507297  
  1667     0.004726     0.507309  
  1668     0.004716     0.507305  
  1669     0.004705     0.507340  
  1670     0.004693     0.507335  
  1671     0.004680     0.507335  
  1672     0.004668     0.507305  
  1673     0.004657     0.507277  
  1674     0.004645     0.507259  
  1675     0.004632     0.507225  
  1676     0.004620     0.507244  
  1677     0.004607     0.507259  
  1678     0.004595     0.507295  
  1679     0.004584     0.507291  
  1680     0.004571     0.507338  
  1681     0.004558     0.507308  
  1682     0.004545     0.507270  
  1683     0.004531     0.507277  
  1684     0.004518     0.507274  
  1685     0.004507     0.507279  
  1686     0.004495     0.507305  
  1687     0.004485     0.507303  
  1688     0.004475     0.507312  
  1689     0.004464     0.507313  
  1690     0.004453     0.507291  
  1691     0.004440     0.507259  
  1692     0.004430     0.507255  
  1693     0.004418     0.507241  
  1694     0.004408     0.507283  
  1695     0.004395     0.507281  
  1696     0.004384     0.507291  
  1697     0.004372     0.507305  
  1698     0.004361     0.507338  
  1699     0.004350     0.507303  
  1700     0.004339     0.507327  
  1701     0.004329     0.507318  
  1702     0.004317     0.507292  
  1703     0.004307     0.507322  
  1704     0.004296     0.507330  
  1705     0.004285     0.507310  
  1706     0.004275     0.507301  
  1707     0.004263     0.507276  
  1708     0.004252     0.507249  
  1709     0.004243     0.507257  
  1710     0.004233     0.507276  
  1711     0.004222     0.507291  
  1712     0.004214     0.507274  
  1713     0.004202     0.507244  
  1714     0.004191     0.507279  
  1715     0.004181     0.507279  
  1716     0.004170     0.507280  
  1717     0.004159     0.507282  
  1718     0.004149     0.507274  
  1719     0.004138     0.507252  
  1720     0.004127     0.507254  
  1721     0.004118     0.507254  
  1722     0.004110     0.507234  
  1723     0.004101     0.507241  
  1724     0.004090     0.507259  
  1725     0.004079     0.507241  
  1726     0.004068     0.507261  
  1727     0.004058     0.507226  
  1728     0.004047     0.507235  
  1729     0.004036     0.507226  
  1730     0.004027     0.507196  
  1731     0.004017     0.507199  
  1732     0.004007     0.507212  
  1733     0.003997     0.507221  
  1734     0.003989     0.507230  
  1735     0.003979     0.507229  
  1736     0.003968     0.507184  
  1737     0.003957     0.507175  
  1738     0.003945     0.507173  
  1739     0.003933     0.507209  
  1740     0.003922     0.507190  
  1741     0.003912     0.507172  
  1742     0.003903     0.507171  
  1743     0.003893     0.507159  
  1744     0.003882     0.507146  
  1745     0.003870     0.507202  
  1746     0.003858     0.507147  
  1747     0.003847     0.507151  
  1748     0.003838     0.507127  
  1749     0.003828     0.507135  
  1750     0.003818     0.507139  
  1751     0.003808     0.507130  
  1752     0.003796     0.507148  
  1753     0.003784     0.507146  
  1754     0.003775     0.507176  
  1755     0.003765     0.507184  
  1756     0.003757     0.507157  
  1757     0.003749     0.507129  
  1758     0.003738     0.507138  
  1759     0.003729     0.507144  
  1760     0.003717     0.507152  
  1761     0.003708     0.507154  
  1762     0.003700     0.507133  
  1763     0.003692     0.507143  
  1764     0.003683     0.507135  
  1765     0.003672     0.507156  
  1766     0.003662     0.507153  
  1767     0.003651     0.507177  
  1768     0.003643     0.507179  
  1769     0.003634     0.507160  
  1770     0.003623     0.507170  
  1771     0.003613     0.507164  
  1772     0.003604     0.507132  
  1773     0.003595     0.507128  
  1774     0.003584     0.507100  
  1775     0.003575     0.507107  
  1776     0.003566     0.507097  
  1777     0.003557     0.507091  
  1778     0.003547     0.507112  
  1779     0.003540     0.507116  
  1780     0.003532     0.507103  
  1781     0.003523     0.507080  
  1782     0.003515     0.507071  
  1783     0.003507     0.507064  
  1784     0.003497     0.507043  
  1785     0.003489     0.507059  
  1786     0.003479     0.507054  
  1787     0.003470     0.507048  
  1788     0.003463     0.507052  
  1789     0.003454     0.507042  
  1790     0.003444     0.507036  
  1791     0.003436     0.507064  
  1792     0.003428     0.507040  
  1793     0.003419     0.507004  
  1794     0.003412     0.507004  
  1795     0.003404     0.506999  
  1796     0.003396     0.506996  
  1797     0.003388     0.506996  
  1798     0.003378     0.506996  
  1799     0.003370     0.506998  
  1800     0.003362     0.506993  
  1801     0.003353     0.506982  
  1802     0.003343     0.507010  
  1803     0.003335     0.507032  
  1804     0.003327     0.507043  
  1805     0.003320     0.507035  
  1806     0.003313     0.507043  
  1807     0.003305     0.507050  
  1808     0.003296     0.507034  
  1809     0.003289     0.507044  
  1810     0.003282     0.507041  
  1811     0.003274     0.507058  
  1812     0.003265     0.507039  
  1813     0.003257     0.507031  
  1814     0.003249     0.507033  
  1815     0.003241     0.507042  
  1816     0.003234     0.507038  
  1817     0.003227     0.507020  
  1818     0.003217     0.507032  
  1819     0.003209     0.507039  
  1820     0.003202     0.507037  
  1821     0.003194     0.507049  
  1822     0.003185     0.507039  
  1823     0.003177     0.507051  
  1824     0.003168     0.507056  
  1825     0.003159     0.507021  
  1826     0.003151     0.507045  
  1827     0.003144     0.507067  
  1828     0.003135     0.507044  
  1829     0.003129     0.507018  
  1830     0.003121     0.507044  
  1831     0.003111     0.507039  
  1832     0.003104     0.507029  
  1833     0.003096     0.507042  
  1834     0.003089     0.507046  
  1835     0.003080     0.507023  
  1836     0.003073     0.507025  
  1837     0.003066     0.507031  
  1838     0.003058     0.507036  
  1839     0.003051     0.507034  
  1840     0.003040     0.507042  
  1841     0.003033     0.507035  
  1842     0.003026     0.507008  
  1843     0.003018     0.507017  
  1844     0.003012     0.507026  
  1845     0.003004     0.507055  
  1846     0.002997     0.507033  
  1847     0.002990     0.507029  
  1848     0.002982     0.506999  
  1849     0.002973     0.507013  
  1850     0.002966     0.507022  
  1851     0.002959     0.507016  
  1852     0.002952     0.507001  
  1853     0.002945     0.506995  
  1854     0.002938     0.506977  
  1855     0.002930     0.506937  
  1856     0.002923     0.506937  
  1857     0.002915     0.506916  
  1858     0.002907     0.506907  
  1859     0.002900     0.506881  
  1860     0.002891     0.506866  
  1861     0.002885     0.506882  
  1862     0.002877     0.506902  
  1863     0.002870     0.506884  
  1864     0.002864     0.506878  
  1865     0.002857     0.506878  
  1866     0.002850     0.506857  
  1867     0.002842     0.506825  
  1868     0.002835     0.506825  
  1869     0.002827     0.506817  
  1870     0.002822     0.506828  
  1871     0.002815     0.506848  
  1872     0.002809     0.506857  
  1873     0.002800     0.506860  
  1874     0.002793     0.506842  
  1875     0.002787     0.506861  
  1876     0.002780     0.506863  
  1877     0.002773     0.506874  
  1878     0.002766     0.506876  
  1879     0.002758     0.506867  
  1880     0.002751     0.506860  
  1881     0.002743     0.506852  
  1882     0.002737     0.506819  
  1883     0.002729     0.506809  
  1884     0.002723     0.506791  
  1885     0.002716     0.506778  
  1886     0.002709     0.506762  
  1887     0.002701     0.506738  
  1888     0.002694     0.506740  
  1889     0.002688     0.506738  
  1890     0.002680     0.506757  
  1891     0.002673     0.506744  
  1892     0.002664     0.506747  
  1893     0.002658     0.506743  
  1894     0.002650     0.506738  
  1895     0.002642     0.506718  
  1896     0.002636     0.506712  
  1897     0.002630     0.506719  
  1898     0.002623     0.506703  
  1899     0.002616     0.506717  
  1900     0.002609     0.506715  
  1901     0.002602     0.506695  
  1902     0.002596     0.506686  
  1903     0.002588     0.506710  
  1904     0.002582     0.506707  
  1905     0.002575     0.506712  
  1906     0.002569     0.506675  
  1907     0.002563     0.506677  
  1908     0.002558     0.506660  
  1909     0.002551     0.506649  
  1910     0.002544     0.506642  
  1911     0.002538     0.506629  
  1912     0.002531     0.506626  
  1913     0.002525     0.506646  
  1914     0.002518     0.506633  
  1915     0.002511     0.506634  
  1916     0.002504     0.506616  
  1917     0.002498     0.506636  
  1918     0.002491     0.506633  
  1919     0.002485     0.506618  
  1920     0.002478     0.506597  
  1921     0.002471     0.506592  
  1922     0.002464     0.506589  
  1923     0.002458     0.506582  
  1924     0.002452     0.506575  
  1925     0.002445     0.506579  
  1926     0.002439     0.506584  
  1927     0.002433     0.506597  
  1928     0.002426     0.506575  
  1929     0.002419     0.506575  
  1930     0.002414     0.506591  
  1931     0.002408     0.506596  
  1932     0.002402     0.506603  
  1933     0.002396     0.506598  
  1934     0.002390     0.506627  
  1935     0.002385     0.506626  
  1936     0.002378     0.506623  
  1937     0.002371     0.506627  
  1938     0.002364     0.506632  
  1939     0.002359     0.506654  
  1940     0.002354     0.506652  
  1941     0.002348     0.506646  
  1942     0.002342     0.506646  
  1943     0.002337     0.506684  
  1944     0.002330     0.506680  
  1945     0.002324     0.506676  
  1946     0.002318     0.506672  
  1947     0.002313     0.506685  
  1948     0.002307     0.506685  
  1949     0.002301     0.506680  
  1950     0.002295     0.506685  
  1951     0.002289     0.506665  
  1952     0.002282     0.506646  
  1953     0.002275     0.506674  
  1954     0.002270     0.506648  
  1955     0.002265     0.506665  
  1956     0.002261     0.506657  
  1957     0.002255     0.506644  
  1958     0.002249     0.506640  
  1959     0.002244     0.506671  
  1960     0.002239     0.506666  
  1961     0.002234     0.506677  
  1962     0.002229     0.506671  
  1963     0.002224     0.506659  
  1964     0.002218     0.506661  
  1965     0.002213     0.506648  
  1966     0.002207     0.506638  
  1967     0.002202     0.506655  
  1968     0.002197     0.506652  
  1969     0.002192     0.506655  
  1970     0.002187     0.506672  
  1971     0.002181     0.506671  
  1972     0.002176     0.506672  
  1973     0.002169     0.506686  
  1974     0.002164     0.506686  
  1975     0.002159     0.506676  
  1976     0.002154     0.506678  
  1977     0.002149     0.506666  
  1978     0.002145     0.506647  
  1979     0.002140     0.506649  
  1980     0.002135     0.506640  
  1981     0.002129     0.506653  
  1982     0.002124     0.506663  
  1983     0.002118     0.506685  
  1984     0.002113     0.506673  
  1985     0.002108     0.506666  
  1986     0.002103     0.506678  
  1987     0.002099     0.506670  
  1988     0.002093     0.506670  
  1989     0.002088     0.506663  
  1990     0.002083     0.506649  
  1991     0.002079     0.506635  
  1992     0.002074     0.506613  
  1993     0.002070     0.506625  
  1994     0.002063     0.506648  
  1995     0.002059     0.506632  
  1996     0.002055     0.506620  
  1997     0.002050     0.506636  
  1998     0.002046     0.506642  
  1999     0.002041     0.506656  
  2000     0.002036     0.506651  
  2001     0.002030     0.506644  
  2002     0.002025     0.506641  
  2003     0.002020     0.506646  
  2004     0.002015     0.506630  
  2005     0.002010     0.506631  
  2006     0.002005     0.506604  
  2007     0.002000     0.506583  
  2008     0.001996     0.506591  
  2009     0.001991     0.506600  
  2010     0.001987     0.506588  
  2011     0.001983     0.506573  
  2012     0.001978     0.506582  
  2013     0.001973     0.506576  
  2014     0.001969     0.506572  
  2015     0.001964     0.506573  
  2016     0.001960     0.506575  
  2017     0.001955     0.506572  
  2018     0.001950     0.506575  
  2019     0.001944     0.506563  
  2020     0.001938     0.506556  
  2021     0.001933     0.506557  
  2022     0.001928     0.506551  
  2023     0.001922     0.506556  
  2024     0.001918     0.506559  
  2025     0.001913     0.506554  
  2026     0.001908     0.506580  
  2027     0.001904     0.506577  
  2028     0.001899     0.506567  
  2029     0.001894     0.506578  
  2030     0.001889     0.506561  
  2031     0.001884     0.506534  
  2032     0.001879     0.506515  
  2033     0.001875     0.506520  
  2034     0.001870     0.506538  
  2035     0.001865     0.506539  
  2036     0.001859     0.506512  
  2037     0.001855     0.506507  
  2038     0.001851     0.506489  
  2039     0.001847     0.506495  
  2040     0.001842     0.506477  
  2041     0.001838     0.506472  
  2042     0.001833     0.506458  
  2043     0.001828     0.506453  
  2044     0.001824     0.506460  
  2045     0.001820     0.506452  
  2046     0.001815     0.506442  
  2047     0.001810     0.506427  
  2048     0.001806     0.506432  
  2049     0.001801     0.506421  
  2050     0.001797     0.506409  
  2051     0.001793     0.506393  
  2052     0.001788     0.506392  
  2053     0.001783     0.506394  
  2054     0.001779     0.506381  
  2055     0.001775     0.506387  
  2056     0.001771     0.506397  
  2057     0.001765     0.506401  
  2058     0.001761     0.506379  
  2059     0.001757     0.506377  
  2060     0.001753     0.506382  
  2061     0.001749     0.506362  
  2062     0.001744     0.506350  
  2063     0.001739     0.506348  
  2064     0.001735     0.506360  
  2065     0.001731     0.506360  
  2066     0.001726     0.506378  
  2067     0.001722     0.506371  
  2068     0.001717     0.506359  
  2069     0.001714     0.506345  
  2070     0.001710     0.506356  
  2071     0.001705     0.506373  
  2072     0.001700     0.506381  
  2073     0.001696     0.506348  
  2074     0.001692     0.506349  
  2075     0.001689     0.506364  
  2076     0.001686     0.506369  
  2077     0.001681     0.506348  
  2078     0.001676     0.506348  
  2079     0.001672     0.506356  
  2080     0.001668     0.506368  
  2081     0.001664     0.506385  
  2082     0.001660     0.506407  
  2083     0.001655     0.506416  
  2084     0.001651     0.506406  
  2085     0.001647     0.506403  
  2086     0.001642     0.506377  
  2087     0.001638     0.506359  
  2088     0.001633     0.506353  
  2089     0.001629     0.506363  
  2090     0.001625     0.506349  
  2091     0.001621     0.506348  
  2092     0.001618     0.506351  
  2093     0.001615     0.506360  
  2094     0.001610     0.506376  
  2095     0.001606     0.506368  
  2096     0.001601     0.506362  
  2097     0.001597     0.506361  
  2098     0.001592     0.506376  
  2099     0.001588     0.506340  
  2100     0.001583     0.506333  
  2101     0.001580     0.506317  
  2102     0.001575     0.506316  
  2103     0.001571     0.506315  
  2104     0.001567     0.506308  
  2105     0.001564     0.506285  
  2106     0.001559     0.506292  
  2107     0.001555     0.506305  
  2108     0.001552     0.506303  
  2109     0.001548     0.506295  
  2110     0.001545     0.506298  
  2111     0.001541     0.506293  
  2112     0.001537     0.506271  
  2113     0.001533     0.506293  
  2114     0.001530     0.506293  
  2115     0.001527     0.506286  
  2116     0.001522     0.506287  
  2117     0.001519     0.506280  
  2118     0.001515     0.506292  
  2119     0.001511     0.506278  
  2120     0.001507     0.506286  
  2121     0.001502     0.506294  
  2122     0.001497     0.506304  
  2123     0.001493     0.506285  
  2124     0.001489     0.506287  
  2125     0.001485     0.506285  
  2126     0.001482     0.506290  
  2127     0.001478     0.506289  
  2128     0.001474     0.506296  
  2129     0.001470     0.506287  
  2130     0.001467     0.506308  
  2131     0.001463     0.506315  
  2132     0.001458     0.506332  
  2133     0.001455     0.506326  
  2134     0.001452     0.506305  
  2135     0.001448     0.506301  
  2136     0.001445     0.506293  
  2137     0.001441     0.506273  
  2138     0.001438     0.506281  
  2139     0.001435     0.506265  
  2140     0.001431     0.506267  
  2141     0.001427     0.506255  
  2142     0.001424     0.506257  
  2143     0.001421     0.506265  
  2144     0.001417     0.506260  
  2145     0.001413     0.506244  
  2146     0.001410     0.506250  
  2147     0.001407     0.506222  
  2148     0.001403     0.506217  
  2149     0.001399     0.506212  
  2150     0.001397     0.506212  
  2151     0.001393     0.506222  
  2152     0.001389     0.506208  
  2153     0.001386     0.506198  
  2154     0.001383     0.506195  
  2155     0.001380     0.506184  
  2156     0.001375     0.506179  
  2157     0.001371     0.506186  
  2158     0.001368     0.506187  
  2159     0.001364     0.506174  
  2160     0.001361     0.506185  
  2161     0.001357     0.506185  
  2162     0.001354     0.506182  
  2163     0.001351     0.506182  
  2164     0.001347     0.506180  
  2165     0.001343     0.506176  
  2166     0.001340     0.506180  
  2167     0.001336     0.506154  
  2168     0.001333     0.506144  
  2169     0.001330     0.506148  
  2170     0.001326     0.506166  
  2171     0.001322     0.506156  
  2172     0.001319     0.506157  
  2173     0.001316     0.506135  
  2174     0.001312     0.506146  
  2175     0.001309     0.506130  
  2176     0.001305     0.506129  
  2177     0.001302     0.506138  
  2178     0.001299     0.506135  
  2179     0.001295     0.506134  
  2180     0.001292     0.506127  
  2181     0.001288     0.506140  
  2182     0.001285     0.506137  
  2183     0.001282     0.506129  
  2184     0.001279     0.506121  
  2185     0.001276     0.506113  
  2186     0.001273     0.506104  
  2187     0.001270     0.506100  
  2188     0.001267     0.506085  
  2189     0.001264     0.506083  
  2190     0.001261     0.506081  
  2191     0.001257     0.506071  
  2192     0.001254     0.506062  
  2193     0.001251     0.506047  
  2194     0.001248     0.506047  
  2195     0.001245     0.506031  
  2196     0.001242     0.506027  
  2197     0.001239     0.506018  
  2198     0.001236     0.506017  
  2199     0.001234     0.506012  
  2200     0.001231     0.506006  
  2201     0.001228     0.506009  
  2202     0.001224     0.506010  
  2203     0.001221     0.506013  
  2204     0.001217     0.506005  
  2205     0.001215     0.505997  
  2206     0.001212     0.505990  
  2207     0.001209     0.505988  
  2208     0.001206     0.505980  
  2209     0.001203     0.505983  
  2210     0.001201     0.505988  
  2211     0.001198     0.505983  
  2212     0.001195     0.505987  
  2213     0.001193     0.505978  
  2214     0.001189     0.505967  
  2215     0.001187     0.505956  * best
  2216     0.001184     0.505957  
  2217     0.001180     0.505956  
  2218     0.001178     0.505964  
  2219     0.001174     0.505967  
  2220     0.001171     0.505980  
  2221     0.001168     0.505987  
  2222     0.001165     0.505998  
  2223     0.001162     0.506000  
  2224     0.001159     0.506002  
  2225     0.001156     0.505995  
  2226     0.001154     0.505984  
  2227     0.001150     0.506000  
  2228     0.001148     0.506005  
  2229     0.001146     0.505997  
  2230     0.001143     0.505993  
  2231     0.001141     0.506000  
  2232     0.001139     0.505999  
  2233     0.001135     0.506022  
  2234     0.001133     0.506024  
  2235     0.001129     0.506042  
  2236     0.001126     0.506040  
  2237     0.001123     0.506048  
  2238     0.001121     0.506061  
  2239     0.001117     0.506065  
  2240     0.001115     0.506083  
  2241     0.001112     0.506090  
  2242     0.001109     0.506079  
  2243     0.001107     0.506058  
  2244     0.001104     0.506072  
  2245     0.001101     0.506062  
  2246     0.001098     0.506072  
  2247     0.001095     0.506064  
  2248     0.001093     0.506055  
  2249     0.001090     0.506055  
  2250     0.001087     0.506043  
  2251     0.001084     0.506036  
  2252     0.001082     0.506036  
  2253     0.001079     0.506042  
  2254     0.001077     0.506025  
  2255     0.001075     0.506014  
  2256     0.001072     0.506008  
  2257     0.001070     0.506010  
  2258     0.001067     0.506016  
  2259     0.001065     0.506017  
  2260     0.001062     0.506008  
  2261     0.001060     0.505995  
  2262     0.001057     0.506006  
  2263     0.001054     0.506001  
  2264     0.001051     0.506002  
  2265     0.001048     0.506007  
  2266     0.001045     0.505999  
  2267     0.001042     0.506005  
  2268     0.001040     0.506010  
  2269     0.001037     0.506003  
  2270     0.001035     0.505997  
  2271     0.001033     0.505999  
  2272     0.001031     0.506001  
  2273     0.001028     0.505989  
  2274     0.001025     0.505997  
  2275     0.001023     0.505994  
  2276     0.001021     0.505983  
  2277     0.001018     0.505990  
  2278     0.001015     0.505986  
  2279     0.001013     0.505988  
  2280     0.001010     0.505997  
  2281     0.001008     0.506004  
  2282     0.001006     0.505995  
  2283     0.001004     0.506001  
  2284     0.001001     0.506007  
  2285     0.000999     0.506009  
  2286     0.000997     0.506001  
  2287     0.000994     0.506000  
  2288     0.000991     0.506008  
  2289     0.000989     0.506017  
  2290     0.000986     0.506009  
  2291     0.000984     0.506024  
  2292     0.000982     0.506019  
  2293     0.000980     0.506020  
  2294     0.000978     0.506027  
  2295     0.000976     0.506020  
  2296     0.000973     0.506018  
  2297     0.000970     0.506024  
  2298     0.000968     0.506002  
  2299     0.000965     0.506020  
  2300     0.000963     0.506022  
  2301     0.000960     0.506023  
  2302     0.000958     0.506017  
  2303     0.000955     0.506012  
  2304     0.000953     0.506012  
  2305     0.000950     0.506013  
  2306     0.000948     0.506012  
  2307     0.000946     0.506013  
  2308     0.000943     0.506020  
  2309     0.000941     0.506031  
  2310     0.000938     0.506026  
  2311     0.000936     0.506020  
  2312     0.000934     0.506013  
  2313     0.000931     0.506018  
  2314     0.000929     0.506019  
  2315     0.000927     0.506033  
# best iteration 2215 (val l2 0.505956)
# Spearman  train +0.9949  val +0.7068  test +0.7178
