# gbm_edge seed 2
# boosted trees on edge
# inputs 14450, 24 trees
# LightGBM gradient-boosted trees, objective l2, lr 0.05, num_leaves 31, min_data_in_leaf 20, feature_fraction 0.3, bagging 0.8, lambda_l2 1.0, up to 3000 rounds, early stopping 100 on validation l2
# loss = l2 on standardised log10 half-life
#
 round        train          val  note
     1     0.960004     0.804814  
     2     0.923751     0.796071  
     3     0.890343     0.784939  
     4     0.857868     0.774220  
     5     0.830267     0.770215  
     6     0.804508     0.764986  
     7     0.780076     0.760814  
     8     0.757309     0.754174  
     9     0.735356     0.749773  
    10     0.715800     0.746812  
    11     0.697856     0.741612  
    12     0.680745     0.737478  
    13     0.664356     0.730209  
    14     0.649063     0.727509  
    15     0.635658     0.724447  
    16     0.621675     0.721904  
    17     0.608712     0.717703  
    18     0.596846     0.718746  
    19     0.585660     0.718040  
    20     0.575059     0.717565  
    21     0.564570     0.714431  
    22     0.554794     0.713242  
    23     0.545011     0.712855  
    24     0.536766     0.712426  * best
    25     0.528303     0.713412  
    26     0.520409     0.716389  
    27     0.512733     0.717063  
    28     0.505310     0.718502  
    29     0.498410     0.719323  
    30     0.491081     0.720327  
    31     0.484448     0.721463  
    32     0.477938     0.720899  
    33     0.471728     0.721829  
    34     0.466146     0.722827  
    35     0.460979     0.723039  
    36     0.455931     0.722839  
    37     0.450705     0.724465  
    38     0.445473     0.726025  
    39     0.440389     0.725414  
    40     0.435907     0.727692  
    41     0.430507     0.728970  
    42     0.426122     0.731385  
    43     0.421447     0.731993  
    44     0.417183     0.733158  
    45     0.413263     0.734557  
    46     0.408924     0.735559  
    47     0.404476     0.736314  
    48     0.400654     0.738933  
    49     0.396696     0.740342  
    50     0.393212     0.742114  
    51     0.389826     0.742916  
    52     0.386240     0.744778  
    53     0.382751     0.745070  
    54     0.379411     0.747181  
    55     0.376085     0.747475  
    56     0.372915     0.748941  
    57     0.369631     0.751069  
    58     0.366602     0.751514  
    59     0.363515     0.750249  
    60     0.360302     0.751267  
    61     0.357147     0.750588  
    62     0.353902     0.752294  
    63     0.350812     0.753326  
    64     0.348012     0.754221  
    65     0.344770     0.754922  
    66     0.341970     0.755241  
    67     0.338902     0.757787  
    68     0.336024     0.758339  
    69     0.333195     0.758360  
    70     0.330553     0.758983  
    71     0.327964     0.760241  
    72     0.325420     0.761123  
    73     0.323009     0.761664  
    74     0.320334     0.762333  
    75     0.317982     0.764624  
    76     0.315491     0.764991  
    77     0.313158     0.764483  
    78     0.310630     0.765256  
    79     0.308345     0.766121  
    80     0.306157     0.765218  
    81     0.303880     0.765524  
    82     0.301654     0.766557  
    83     0.299290     0.766303  
    84     0.297151     0.765151  
    85     0.294915     0.764488  
    86     0.292818     0.765024  
    87     0.290512     0.764178  
    88     0.288258     0.764323  
    89     0.286081     0.765082  
    90     0.284039     0.764180  
    91     0.281873     0.765211  
    92     0.279825     0.765903  
    93     0.277736     0.765513  
    94     0.275726     0.766885  
    95     0.273643     0.769042  
    96     0.271630     0.769467  
    97     0.269700     0.769133  
    98     0.267661     0.771488  
    99     0.265797     0.772111  
   100     0.263821     0.771589  
   101     0.261975     0.773773  
   102     0.260000     0.774579  
   103     0.258074     0.776197  
   104     0.256325     0.775313  
   105     0.254603     0.775621  
   106     0.252825     0.775188  
   107     0.251176     0.777130  
   108     0.249526     0.777757  
   109     0.247759     0.779280  
   110     0.246097     0.779475  
   111     0.244381     0.779977  
   112     0.242673     0.778562  
   113     0.241126     0.779497  
   114     0.239474     0.778928  
   115     0.237875     0.780110  
   116     0.236252     0.780126  
   117     0.234484     0.780696  
   118     0.232950     0.781433  
   119     0.231431     0.782246  
   120     0.229896     0.781171  
   121     0.228464     0.782145  
   122     0.226797     0.782829  
   123     0.225400     0.782218  
   124     0.223910     0.782331  
# best iteration 24 (val l2 0.712426)
# Spearman  train +0.7614  val +0.1524  test -0.0934
