# gbm_seq+node+edge seed 0
# boosted trees on seq+node+edge
# inputs 26830, 35 trees
# LightGBM gradient-boosted trees, objective l2, lr 0.05, num_leaves 31, min_data_in_leaf 20, feature_fraction 0.3, bagging 0.8, lambda_l2 1.0, up to 3000 rounds, early stopping 100 on validation l2
# loss = l2 on standardised log10 half-life
#
 round        train          val  note
     1     0.959011     0.804542  
     2     0.922157     0.800676  
     3     0.888399     0.789899  
     4     0.856579     0.784185  
     5     0.826272     0.777887  
     6     0.800691     0.770480  
     7     0.775094     0.764031  
     8     0.751341     0.765901  
     9     0.729029     0.762204  
    10     0.707719     0.758806  
    11     0.687968     0.754207  
    12     0.669136     0.750854  
    13     0.652435     0.751075  
    14     0.637057     0.750451  
    15     0.623196     0.747409  
    16     0.609119     0.746903  
    17     0.596204     0.747729  
    18     0.583817     0.748929  
    19     0.572370     0.749368  
    20     0.561276     0.746050  
    21     0.550414     0.746640  
    22     0.540599     0.743223  
    23     0.531595     0.745171  
    24     0.522537     0.744239  
    25     0.513549     0.743355  
    26     0.505061     0.743936  
    27     0.497845     0.744634  
    28     0.490790     0.746864  
    29     0.484140     0.745424  
    30     0.477695     0.744881  
    31     0.471727     0.745027  
    32     0.465586     0.745206  
    33     0.459316     0.743989  
    34     0.453264     0.743123  
    35     0.447690     0.742949  * best
    36     0.442169     0.744400  
    37     0.437143     0.743320  
    38     0.431705     0.744598  
    39     0.426865     0.744422  
    40     0.421773     0.745679  
    41     0.417066     0.746595  
    42     0.412821     0.746718  
    43     0.408199     0.747859  
    44     0.404112     0.748919  
    45     0.399987     0.748741  
    46     0.395891     0.748046  
    47     0.392073     0.748602  
    48     0.388276     0.748284  
    49     0.384316     0.748798  
    50     0.380691     0.749772  
    51     0.376994     0.751607  
    52     0.373525     0.752537  
    53     0.370026     0.752247  
    54     0.366754     0.752186  
    55     0.363537     0.752476  
    56     0.360215     0.751706  
    57     0.356977     0.752422  
    58     0.353907     0.752514  
    59     0.350764     0.753003  
    60     0.347488     0.753935  
    61     0.344287     0.755616  
    62     0.341220     0.755585  
    63     0.338415     0.755393  
    64     0.335281     0.754704  
    65     0.332375     0.756878  
    66     0.329578     0.758893  
    67     0.326712     0.758210  
    68     0.323853     0.757969  
    69     0.321315     0.758414  
    70     0.318586     0.757722  
    71     0.315899     0.757583  
    72     0.313173     0.758027  
    73     0.310645     0.758159  
    74     0.307980     0.758082  
    75     0.305605     0.758249  
    76     0.303306     0.759124  
    77     0.300786     0.758740  
    78     0.298303     0.759600  
    79     0.295974     0.760503  
    80     0.293486     0.759072  
    81     0.291121     0.761022  
    82     0.288917     0.762937  
    83     0.286698     0.763329  
    84     0.284286     0.764940  
    85     0.282096     0.765524  
    86     0.279803     0.768255  
    87     0.277631     0.768344  
    88     0.275549     0.769806  
    89     0.273372     0.770481  
    90     0.271268     0.769755  
    91     0.269099     0.770422  
    92     0.266962     0.770487  
    93     0.264924     0.771140  
    94     0.262834     0.771612  
    95     0.260772     0.771511  
    96     0.258764     0.772506  
    97     0.256769     0.773642  
    98     0.254763     0.774698  
    99     0.252871     0.773885  
   100     0.251121     0.773463  
   101     0.249232     0.772709  
   102     0.247221     0.772408  
   103     0.245403     0.773006  
   104     0.243584     0.773708  
   105     0.241932     0.773184  
   106     0.240054     0.774260  
   107     0.238213     0.774987  
   108     0.236492     0.775770  
   109     0.234835     0.776811  
   110     0.233147     0.776273  
   111     0.231495     0.776593  
   112     0.229920     0.776165  
   113     0.228204     0.775966  
   114     0.226597     0.775289  
   115     0.225104     0.775143  
   116     0.223466     0.775906  
   117     0.221847     0.777073  
   118     0.220265     0.777806  
   119     0.218855     0.777679  
   120     0.217358     0.779020  
   121     0.215796     0.778313  
   122     0.214286     0.779765  
   123     0.212733     0.780343  
   124     0.211196     0.780804  
   125     0.209699     0.780615  
   126     0.208274     0.780095  
   127     0.206688     0.779981  
   128     0.205192     0.779532  
   129     0.203873     0.779682  
   130     0.202493     0.779228  
   131     0.201238     0.779329  
   132     0.199895     0.778389  
   133     0.198523     0.778886  
   134     0.197255     0.778238  
   135     0.195996     0.778040  
# best iteration 35 (val l2 0.742949)
# Spearman  train +0.7951  val +0.0867  test -0.2589
