# mlp_seq+energy+edge seed 2
# perceptron on seq+energy+edge
# inputs [(15740,)], 2,019,009 parameters
# Linear(n_in,128) -> GELU -> Dropout(0.3) -> Linear(128,32) -> GELU -> Dropout(0.3) -> Linear(32,1)
# Adam lr=0.001 weight_decay=0.0001 batch=32 dropout=0.3
# loss = MSE on standardised log10 half-life
# early stopping on validation loss, patience 40, max 300 epochs
#
 epoch  train_batch        train          val  note
     1     5.841142     9.425262     0.885601  * best
     2     5.293811    13.656456     0.910188  
     3    16.304971     2.543039     0.816250  * best
     4     4.003170     1.048217     0.759219  * best
     5     1.214366     0.677306     0.776338  
     6     0.698237     0.642409     0.752165  * best
     7     0.935646     0.517226     0.856536  
     8     0.621202     0.478179     0.810460  
     9     0.580133     0.467880     0.827072  
    10     0.561320     0.436826     0.779090  
    11     0.517306     0.381757     0.760736  
    12     0.480984     0.358641     0.780368  
    13     0.491476     0.356441     0.775619  
    14     0.470851     0.355086     0.765627  
    15     0.447128     0.308203     0.766493  
    16     0.433149     0.301621     0.805797  
    17     0.417471     0.296797     0.759415  
    18     0.404673     0.266018     0.828164  
    19     0.458352     0.273776     0.949216  
    20     0.450465     0.290328     0.758072  
    21     0.448479     0.281110     0.933031  
    22     0.417259     0.292150     0.712377  * best
    23     0.401233     0.246758     0.779713  
    24     0.402042     0.255724     0.856795  
    25     0.422528     0.619386     0.812667  
    26     0.777721     0.391200     0.718733  
    27     0.461633     0.250141     0.812213  
    28     0.847225     0.357098     0.766593  
    29     0.589855     0.569629     0.745141  
    30     0.513334     0.321484     0.758791  
    31     0.488903     0.325288     0.795187  
    32     0.464993     0.278434     0.802394  
    33     0.556454     0.336170     0.761624  
    34     0.517728     0.314440     0.804677  
    35     0.510948     0.325438     0.769353  
    36     0.507446     0.260058     0.853120  
    37     0.449892     0.308376     0.728111  
    38     0.429612     0.282186     0.700320  * best
    39     0.432316     0.236077     0.821147  
    40     0.409959     0.264902     0.722923  
    41     0.619676     0.554257     0.730602  
    42     0.573326     0.445334     0.723252  
    43     0.546065     0.400452     0.739340  
    44     0.534963     0.337687     0.759442  
    45     0.722698     0.404073     0.700695  
    46     0.540660     0.381055     0.722166  
    47     0.554000     0.428913     0.732579  
    48     0.530053     0.423760     0.725101  
    49     0.516963     0.410755     0.733776  
    50     0.508039     0.345589     0.777443  
    51     0.514264     0.385346     0.753515  
    52     0.514367     0.371826     0.745863  
    53     0.596432     0.376757     0.721407  
    54     0.553181     0.332811     0.843361  
    55     0.663390     0.415910     0.693973  * best
    56     0.545965     0.346949     0.732816  
    57     0.509663     0.333139     0.738150  
    58     0.480481     0.342822     0.708707  
    59     0.457774     0.304090     0.714875  
    60     0.475701     0.269330     0.746777  
    61     0.458344     0.278704     0.736225  
    62     0.435859     0.275636     0.754743  
    63     0.424104     0.245717     0.743874  
    64     0.423142     0.289070     0.714294  
    65     0.407584     0.256269     0.741786  
    66     0.404434     0.270109     0.741832  
    67     0.396021     0.239505     0.762334  
    68     0.391910     0.248252     0.732732  
    69     0.387137     0.302273     0.728312  
    70     0.384517     0.247477     0.802016  
    71     0.419199     0.280373     0.725727  
    72     0.808976     0.341360     0.731004  
    73     0.478395     0.278546     0.786883  
    74     0.431578     0.267643     0.758331  
    75     0.398792     0.228093     0.752650  
    76     0.403847     0.231679     0.846488  
    77     0.393278     0.227051     0.769482  
    78     0.406020     0.228115     0.760355  
    79     0.403865     0.258585     0.715377  
    80     0.381061     0.223302     0.730502  
    81     0.455689     0.260268     0.767832  
    82     0.417667     0.238191     0.796316  
    83     0.511290     0.258356     0.753999  
    84     0.411096     0.264594     0.828764  
    85     0.406522     0.231044     0.783008  
    86     0.403217     0.214578     0.747008  
    87     0.393792     0.221870     0.788227  
    88     0.385147     0.197170     0.737166  
    89     0.370855     0.220862     0.777353  
    90     0.351844     0.238945     0.729658  
    91     0.352824     0.188304     0.853593  
    92     0.361736     0.195614     0.842769  
    93     0.349007     0.215356     0.759848  
    94     0.363099     0.200525     0.714436  
    95     0.352620     0.199003     0.761895  
# stopped at epoch 95: no improvement for 40 epochs
# restored epoch 55 (val MSE 0.693973)
# Spearman  train +0.8399  val +0.1946  test +0.0624
