# gbm_node+edge seed 1
# boosted trees on node+edge
# inputs 25970, 24 trees
# LightGBM gradient-boosted trees, objective l2, lr 0.05, num_leaves 31, min_data_in_leaf 20, feature_fraction 0.3, bagging 0.8, lambda_l2 1.0, up to 3000 rounds, early stopping 100 on validation l2
# loss = l2 on standardised log10 half-life
#
 round        train          val  note
     1     0.961177     0.802439  
     2     0.923084     0.791382  
     3     0.889219     0.779576  
     4     0.858596     0.772105  
     5     0.830243     0.768220  
     6     0.804593     0.755954  
     7     0.779758     0.750352  
     8     0.756339     0.747249  
     9     0.734598     0.744591  
    10     0.714115     0.737398  
    11     0.694472     0.736312  
    12     0.677279     0.734494  
    13     0.660880     0.732557  
    14     0.645454     0.731364  
    15     0.631462     0.726754  
    16     0.617744     0.724730  
    17     0.604006     0.725449  
    18     0.592148     0.722350  
    19     0.580785     0.721484  
    20     0.570768     0.720788  
    21     0.559619     0.720416  
    22     0.549920     0.720044  
    23     0.540395     0.718279  
    24     0.531751     0.717383  * best
    25     0.522685     0.718298  
    26     0.514200     0.719616  
    27     0.506632     0.721129  
    28     0.499393     0.721436  
    29     0.492067     0.721107  
    30     0.485043     0.720982  
    31     0.478504     0.723058  
    32     0.472584     0.722962  
    33     0.466518     0.723481  
    34     0.460329     0.725535  
    35     0.454624     0.727289  
    36     0.449122     0.726906  
    37     0.443850     0.727966  
    38     0.438709     0.727858  
    39     0.433859     0.729838  
    40     0.428927     0.732542  
    41     0.423693     0.730782  
    42     0.419240     0.731604  
    43     0.414528     0.732213  
    44     0.410114     0.733293  
    45     0.405949     0.733702  
    46     0.402098     0.733364  
    47     0.397759     0.734540  
    48     0.393522     0.732415  
    49     0.389834     0.733337  
    50     0.386076     0.734978  
    51     0.382305     0.735163  
    52     0.378733     0.736157  
    53     0.374734     0.736067  
    54     0.371004     0.736699  
    55     0.367638     0.737792  
    56     0.364308     0.739359  
    57     0.361136     0.740449  
    58     0.357476     0.742864  
    59     0.354121     0.742700  
    60     0.350944     0.741464  
    61     0.347730     0.743308  
    62     0.344656     0.743471  
    63     0.341748     0.743644  
    64     0.338637     0.743267  
    65     0.335566     0.743349  
    66     0.332847     0.743407  
    67     0.330005     0.743526  
    68     0.327131     0.742679  
    69     0.324116     0.742346  
    70     0.321323     0.742161  
    71     0.318588     0.743776  
    72     0.315928     0.744112  
    73     0.313041     0.745450  
    74     0.310565     0.745981  
    75     0.307990     0.746574  
    76     0.305527     0.747218  
    77     0.303076     0.748741  
    78     0.300539     0.748295  
    79     0.297973     0.748512  
    80     0.295505     0.748503  
    81     0.293104     0.749527  
    82     0.290843     0.748730  
    83     0.288528     0.749886  
    84     0.286199     0.749556  
    85     0.283922     0.750188  
    86     0.281652     0.750680  
    87     0.279464     0.751149  
    88     0.277336     0.751738  
    89     0.275020     0.754072  
    90     0.272901     0.754528  
    91     0.270715     0.755398  
    92     0.268617     0.755006  
    93     0.266543     0.755678  
    94     0.264504     0.758731  
    95     0.262646     0.761070  
    96     0.260778     0.761670  
    97     0.258660     0.761035  
    98     0.256786     0.760597  
    99     0.254908     0.761118  
   100     0.252948     0.761423  
   101     0.251101     0.762294  
   102     0.249139     0.762466  
   103     0.247367     0.763916  
   104     0.245547     0.763707  
   105     0.243795     0.765027  
   106     0.242072     0.765089  
   107     0.240257     0.764863  
   108     0.238470     0.765320  
   109     0.236795     0.765720  
   110     0.234885     0.765314  
   111     0.233094     0.765951  
   112     0.231471     0.766484  
   113     0.229586     0.767648  
   114     0.227995     0.767071  
   115     0.226467     0.766950  
   116     0.224914     0.767758  
   117     0.223267     0.767886  
   118     0.221724     0.771065  
   119     0.220185     0.770988  
   120     0.218562     0.771669  
   121     0.217161     0.771494  
   122     0.215710     0.771215  
   123     0.214274     0.771978  
   124     0.212685     0.771989  
# best iteration 24 (val l2 0.717383)
# Spearman  train +0.7681  val +0.1461  test -0.0225
