# gbm_boltz seed 0
# boosted trees on boltz
# inputs 1547, 2,511 trees
# LightGBM gradient-boosted trees, objective l2, lr 0.05, num_leaves 31, min_data_in_leaf 20, feature_fraction 0.3, bagging 0.8, lambda_l2 1.0, up to 3000 rounds, early stopping 100 on validation l2
# loss = l2 on standardised log10 half-life
#
 round        train          val  note
     1     0.967185     0.979560  
     2     0.937150     0.953836  
     3     0.908045     0.928387  
     4     0.882510     0.905671  
     5     0.858913     0.884829  
     6     0.836098     0.864180  
     7     0.814381     0.845165  
     8     0.794054     0.827881  
     9     0.776153     0.812166  
    10     0.758640     0.797308  
    11     0.741771     0.782267  
    12     0.725826     0.769028  
    13     0.710553     0.756896  
    14     0.696916     0.745565  
    15     0.683626     0.735407  
    16     0.671518     0.725900  
    17     0.659572     0.716524  
    18     0.648678     0.707984  
    19     0.638539     0.699680  
    20     0.627813     0.691687  
    21     0.617808     0.685123  
    22     0.608231     0.678153  
    23     0.599086     0.671927  
    24     0.589985     0.664391  
    25     0.581955     0.658115  
    26     0.574395     0.653873  
    27     0.567079     0.648963  
    28     0.560307     0.644060  
    29     0.553828     0.639579  
    30     0.546689     0.633772  
    31     0.540061     0.629052  
    32     0.533957     0.624241  
    33     0.527426     0.620349  
    34     0.522218     0.617262  
    35     0.516529     0.613690  
    36     0.510684     0.610649  
    37     0.505534     0.607105  
    38     0.500165     0.603866  
    39     0.495446     0.601121  
    40     0.490630     0.598069  
    41     0.485636     0.595857  
    42     0.480626     0.592209  
    43     0.476176     0.589323  
    44     0.472070     0.587410  
    45     0.467671     0.584957  
    46     0.463201     0.582530  
    47     0.459059     0.579745  
    48     0.455194     0.577744  
    49     0.451430     0.575361  
    50     0.447483     0.573533  
    51     0.443841     0.571555  
    52     0.440231     0.569541  
    53     0.436825     0.568293  
    54     0.433215     0.565533  
    55     0.429731     0.564105  
    56     0.426266     0.562629  
    57     0.422338     0.560731  
    58     0.419188     0.559434  
    59     0.416070     0.557816  
    60     0.412823     0.556038  
    61     0.409793     0.554340  
    62     0.406696     0.552932  
    63     0.403473     0.551611  
    64     0.400570     0.551053  
    65     0.397571     0.549830  
    66     0.394932     0.548806  
    67     0.391917     0.547533  
    68     0.389216     0.546481  
    69     0.386228     0.544690  
    70     0.383604     0.544285  
    71     0.380944     0.543019  
    72     0.378495     0.541915  
    73     0.375908     0.541250  
    74     0.373259     0.539849  
    75     0.370662     0.538316  
    76     0.368220     0.537134  
    77     0.365842     0.536162  
    78     0.363416     0.534911  
    79     0.360860     0.533886  
    80     0.358435     0.532834  
    81     0.356230     0.531921  
    82     0.353914     0.530987  
    83     0.351503     0.529954  
    84     0.349181     0.528885  
    85     0.347020     0.527826  
    86     0.344641     0.526667  
    87     0.342237     0.525818  
    88     0.339992     0.525319  
    89     0.337922     0.524238  
    90     0.335713     0.523333  
    91     0.333592     0.522538  
    92     0.331577     0.522331  
    93     0.329448     0.521614  
    94     0.327320     0.520822  
    95     0.325422     0.520091  
    96     0.323459     0.519713  
    97     0.321500     0.518913  
    98     0.319490     0.518244  
    99     0.317518     0.517658  
   100     0.315740     0.517089  
   101     0.313682     0.515718  
   102     0.311767     0.514777  
   103     0.309979     0.514311  
   104     0.308098     0.513378  
   105     0.306255     0.512859  
   106     0.304484     0.512144  
   107     0.302735     0.511534  
   108     0.300917     0.510911  
   109     0.299197     0.510396  
   110     0.297549     0.509920  
   111     0.295661     0.509142  
   112     0.293970     0.508705  
   113     0.292354     0.508199  
   114     0.290557     0.507504  
   115     0.288865     0.506865  
   116     0.287245     0.506336  
   117     0.285509     0.505268  
   118     0.283785     0.504457  
   119     0.282210     0.504177  
   120     0.280649     0.503931  
   121     0.279026     0.503024  
   122     0.277574     0.502278  
   123     0.276035     0.501674  
   124     0.274393     0.500673  
   125     0.272944     0.500537  
   126     0.271442     0.500182  
   127     0.270045     0.499674  
   128     0.268461     0.498657  
   129     0.267180     0.498780  
   130     0.265786     0.498606  
   131     0.264311     0.497530  
   132     0.262965     0.497241  
   133     0.261523     0.496787  
   134     0.260156     0.496463  
   135     0.258631     0.496075  
   136     0.257226     0.495390  
   137     0.255782     0.494791  
   138     0.254420     0.494331  
   139     0.252955     0.493987  
   140     0.251616     0.493709  
   141     0.250314     0.493291  
   142     0.249138     0.493031  
   143     0.247849     0.492705  
   144     0.246690     0.492459  
   145     0.245463     0.491879  
   146     0.244099     0.491141  
   147     0.242822     0.490871  
   148     0.241551     0.490633  
   149     0.240282     0.490564  
   150     0.238966     0.490383  
   151     0.237641     0.489983  
   152     0.236488     0.489625  
   153     0.235247     0.488970  
   154     0.234060     0.488835  
   155     0.232898     0.488310  
   156     0.231704     0.488029  
   157     0.230544     0.487441  
   158     0.229322     0.487135  
   159     0.228182     0.486804  
   160     0.227086     0.486702  
   161     0.225870     0.486587  
   162     0.224770     0.486120  
   163     0.223555     0.486188  
   164     0.222424     0.485652  
   165     0.221329     0.485306  
   166     0.220222     0.485154  
   167     0.219125     0.484664  
   168     0.218003     0.484313  
   169     0.216919     0.484022  
   170     0.215842     0.483531  
   171     0.214768     0.483513  
   172     0.213676     0.483386  
   173     0.212719     0.483123  
   174     0.211713     0.482896  
   175     0.210712     0.482736  
   176     0.209661     0.481956  
   177     0.208608     0.481471  
   178     0.207468     0.480950  
   179     0.206493     0.480878  
   180     0.205456     0.480614  
   181     0.204399     0.480721  
   182     0.203434     0.480400  
   183     0.202405     0.480203  
   184     0.201412     0.479855  
   185     0.200443     0.479547  
   186     0.199453     0.479441  
   187     0.198535     0.479433  
   188     0.197593     0.479106  
   189     0.196549     0.479079  
   190     0.195718     0.478815  
   191     0.194842     0.478658  
   192     0.193941     0.478467  
   193     0.192971     0.478511  
   194     0.192057     0.478361  
   195     0.191094     0.478366  
   196     0.190238     0.478276  
   197     0.189335     0.478409  
   198     0.188497     0.478380  
   199     0.187575     0.478373  
   200     0.186716     0.478446  
   201     0.185817     0.478217  
   202     0.184899     0.477781  
   203     0.183964     0.477490  
   204     0.183112     0.477477  
   205     0.182279     0.477372  
   206     0.181453     0.477054  
   207     0.180676     0.476520  
   208     0.179787     0.476114  
   209     0.178964     0.476102  
   210     0.178129     0.475780  
   211     0.177296     0.475399  
   212     0.176491     0.475145  
   213     0.175780     0.475113  
   214     0.174963     0.475027  
   215     0.174117     0.475054  
   216     0.173342     0.474953  
   217     0.172525     0.475096  
   218     0.171680     0.474990  
   219     0.170967     0.474607  
   220     0.170137     0.474202  
   221     0.169335     0.473999  
   222     0.168471     0.473829  
   223     0.167735     0.473828  
   224     0.166949     0.473550  
   225     0.166240     0.473457  
   226     0.165496     0.473443  
   227     0.164754     0.473191  
   228     0.164014     0.473085  
   229     0.163364     0.473218  
   230     0.162640     0.473067  
   231     0.161934     0.472934  
   232     0.161209     0.472731  
   233     0.160526     0.472704  
   234     0.159774     0.472652  
   235     0.159145     0.472921  
   236     0.158385     0.472625  
   237     0.157593     0.472393  
   238     0.156898     0.471975  
   239     0.156131     0.471690  
   240     0.155439     0.471530  
   241     0.154767     0.471439  
   242     0.154114     0.471312  
   243     0.153485     0.471033  
   244     0.152808     0.470772  
   245     0.152118     0.470678  
   246     0.151492     0.470482  
   247     0.150878     0.470567  
   248     0.150204     0.470722  
   249     0.149589     0.470497  
   250     0.148991     0.470475  
   251     0.148338     0.470656  
   252     0.147738     0.470238  
   253     0.147086     0.469998  
   254     0.146420     0.469856  
   255     0.145778     0.469605  
   256     0.145170     0.469687  
   257     0.144546     0.469237  
   258     0.143941     0.469272  
   259     0.143332     0.468930  
   260     0.142645     0.468748  
   261     0.142025     0.468762  
   262     0.141390     0.468511  
   263     0.140698     0.468284  
   264     0.140088     0.468276  
   265     0.139537     0.468140  
   266     0.138931     0.468063  
   267     0.138288     0.467709  
   268     0.137686     0.467769  
   269     0.137118     0.467988  
   270     0.136502     0.467828  
   271     0.136006     0.467914  
   272     0.135391     0.468007  
   273     0.134811     0.468007  
   274     0.134225     0.467913  
   275     0.133651     0.467859  
   276     0.133099     0.467887  
   277     0.132516     0.467602  
   278     0.131903     0.467397  
   279     0.131360     0.467307  
   280     0.130782     0.467138  
   281     0.130208     0.467264  
   282     0.129641     0.467083  
   283     0.129059     0.467000  
   284     0.128510     0.466837  
   285     0.128030     0.466708  
   286     0.127530     0.466868  
   287     0.126963     0.466786  
   288     0.126419     0.466620  
   289     0.125901     0.466466  
   290     0.125393     0.466223  
   291     0.124868     0.466439  
   292     0.124394     0.466508  
   293     0.123902     0.466494  
   294     0.123424     0.466444  
   295     0.122970     0.466367  
   296     0.122392     0.466257  
   297     0.121902     0.466201  
   298     0.121390     0.466005  
   299     0.120852     0.465895  
   300     0.120323     0.466107  
   301     0.119857     0.466173  
   302     0.119371     0.466417  
   303     0.118908     0.466508  
   304     0.118431     0.466326  
   305     0.117930     0.466266  
   306     0.117448     0.466283  
   307     0.116946     0.466221  
   308     0.116426     0.466239  
   309     0.115932     0.466299  
   310     0.115421     0.466005  
   311     0.114942     0.465988  
   312     0.114469     0.465849  
   313     0.113917     0.465885  
   314     0.113470     0.465853  
   315     0.112986     0.465577  
   316     0.112526     0.465404  
   317     0.112057     0.465223  
   318     0.111618     0.465268  
   319     0.111150     0.465148  
   320     0.110670     0.465165  
   321     0.110168     0.464837  
   322     0.109687     0.464810  
   323     0.109222     0.464753  
   324     0.108781     0.464563  
   325     0.108274     0.464378  
   326     0.107802     0.464429  
   327     0.107303     0.464273  
   328     0.106903     0.464242  
   329     0.106479     0.464016  
   330     0.106039     0.463859  
   331     0.105586     0.464204  
   332     0.105125     0.463812  
   333     0.104654     0.463824  
   334     0.104256     0.463455  
   335     0.103839     0.463533  
   336     0.103468     0.463432  
   337     0.103001     0.463261  
   338     0.102591     0.463039  
   339     0.102127     0.462751  
   340     0.101668     0.462671  
   341     0.101284     0.462555  
   342     0.100841     0.462460  
   343     0.100428     0.462560  
   344     0.099982     0.462482  
   345     0.099615     0.462287  
   346     0.099177     0.462255  
   347     0.098807     0.462168  
   348     0.098393     0.462191  
   349     0.097974     0.462268  
   350     0.097568     0.462170  
   351     0.097170     0.462049  
   352     0.096760     0.461946  
   353     0.096372     0.462078  
   354     0.095999     0.462030  
   355     0.095630     0.462022  
   356     0.095248     0.461881  
   357     0.094884     0.461795  
   358     0.094517     0.461845  
   359     0.094148     0.461634  
   360     0.093777     0.461495  
   361     0.093392     0.461545  
   362     0.093005     0.461293  
   363     0.092654     0.461380  
   364     0.092284     0.461242  
   365     0.091907     0.461197  
   366     0.091538     0.461053  
   367     0.091156     0.460949  
   368     0.090793     0.461010  
   369     0.090398     0.460912  
   370     0.090033     0.460734  
   371     0.089646     0.460819  
   372     0.089315     0.460704  
   373     0.088924     0.460627  
   374     0.088553     0.460578  
   375     0.088204     0.460612  
   376     0.087822     0.460582  
   377     0.087483     0.460588  
   378     0.087146     0.460674  
   379     0.086799     0.460631  
   380     0.086429     0.460481  
   381     0.086093     0.460248  
   382     0.085762     0.460192  
   383     0.085376     0.459991  
   384     0.085036     0.459847  
   385     0.084695     0.459930  
   386     0.084327     0.459832  
   387     0.084007     0.459685  
   388     0.083649     0.459596  
   389     0.083340     0.459659  
   390     0.083026     0.459588  
   391     0.082668     0.459622  
   392     0.082305     0.459567  
   393     0.081974     0.459553  
   394     0.081653     0.459469  
   395     0.081271     0.459345  
   396     0.080963     0.459240  
   397     0.080646     0.459198  
   398     0.080327     0.459086  
   399     0.080021     0.458923  
   400     0.079683     0.459118  
   401     0.079336     0.458999  
   402     0.079028     0.459205  
   403     0.078722     0.459314  
   404     0.078411     0.459272  
   405     0.078089     0.459397  
   406     0.077788     0.459354  
   407     0.077468     0.459443  
   408     0.077181     0.459381  
   409     0.076867     0.459093  
   410     0.076584     0.459108  
   411     0.076279     0.458968  
   412     0.075998     0.458909  
   413     0.075702     0.458928  
   414     0.075385     0.458960  
   415     0.075091     0.458979  
   416     0.074789     0.458933  
   417     0.074474     0.458789  
   418     0.074175     0.458727  
   419     0.073868     0.458702  
   420     0.073579     0.458596  
   421     0.073279     0.458471  
   422     0.072995     0.458578  
   423     0.072764     0.458379  
   424     0.072488     0.458324  
   425     0.072192     0.458156  
   426     0.071907     0.458120  
   427     0.071645     0.458049  
   428     0.071347     0.457746  
   429     0.071057     0.457731  
   430     0.070772     0.457722  
   431     0.070503     0.457839  
   432     0.070222     0.457799  
   433     0.069967     0.457926  
   434     0.069720     0.457700  
   435     0.069473     0.457717  
   436     0.069209     0.457803  
   437     0.068952     0.457984  
   438     0.068695     0.457969  
   439     0.068463     0.457982  
   440     0.068174     0.457977  
   441     0.067911     0.457887  
   442     0.067655     0.458032  
   443     0.067381     0.457945  
   444     0.067128     0.458009  
   445     0.066850     0.458135  
   446     0.066580     0.458040  
   447     0.066353     0.457974  
   448     0.066106     0.457884  
   449     0.065860     0.457785  
   450     0.065574     0.457816  
   451     0.065321     0.457909  
   452     0.065054     0.457896  
   453     0.064826     0.457783  
   454     0.064567     0.457880  
   455     0.064336     0.457790  
   456     0.064091     0.457731  
   457     0.063876     0.457762  
   458     0.063622     0.457667  
   459     0.063404     0.457634  
   460     0.063126     0.457550  
   461     0.062858     0.457301  
   462     0.062619     0.457250  
   463     0.062388     0.457267  
   464     0.062147     0.457163  
   465     0.061910     0.457172  
   466     0.061683     0.457056  
   467     0.061442     0.457213  
   468     0.061216     0.457003  
   469     0.060960     0.456960  
   470     0.060722     0.456933  
   471     0.060453     0.456857  
   472     0.060226     0.456670  
   473     0.059995     0.456639  
   474     0.059783     0.456579  
   475     0.059555     0.456473  
   476     0.059329     0.456462  
   477     0.059104     0.456260  
   478     0.058882     0.456387  
   479     0.058672     0.456314  
   480     0.058440     0.456139  
   481     0.058230     0.456205  
   482     0.057987     0.456294  
   483     0.057773     0.456309  
   484     0.057562     0.456228  
   485     0.057332     0.456113  
   486     0.057131     0.456193  
   487     0.056922     0.456221  
   488     0.056716     0.456215  
   489     0.056489     0.456309  
   490     0.056288     0.456332  
   491     0.056080     0.456321  
   492     0.055870     0.456375  
   493     0.055671     0.456472  
   494     0.055460     0.456375  
   495     0.055271     0.456382  
   496     0.055063     0.456434  
   497     0.054865     0.456333  
   498     0.054662     0.456193  
   499     0.054445     0.456139  
   500     0.054241     0.456065  
   501     0.054050     0.456223  
   502     0.053859     0.456238  
   503     0.053631     0.456106  
   504     0.053435     0.455942  
   505     0.053249     0.456013  
   506     0.053030     0.456100  
   507     0.052868     0.456250  
   508     0.052681     0.456278  
   509     0.052475     0.456178  
   510     0.052321     0.456183  
   511     0.052105     0.456167  
   512     0.051939     0.455899  
   513     0.051737     0.455853  
   514     0.051564     0.455885  
   515     0.051392     0.455882  
   516     0.051208     0.455997  
   517     0.051026     0.455959  
   518     0.050825     0.455841  
   519     0.050641     0.455705  
   520     0.050433     0.455624  
   521     0.050245     0.455520  
   522     0.050044     0.455448  
   523     0.049872     0.455477  
   524     0.049685     0.455500  
   525     0.049498     0.455416  
   526     0.049292     0.455383  
   527     0.049101     0.455396  
   528     0.048938     0.455414  
   529     0.048728     0.455425  
   530     0.048554     0.455359  
   531     0.048362     0.455289  
   532     0.048188     0.455259  
   533     0.048020     0.455334  
   534     0.047862     0.455279  
   535     0.047691     0.455375  
   536     0.047532     0.455386  
   537     0.047362     0.455431  
   538     0.047186     0.455389  
   539     0.047016     0.455316  
   540     0.046852     0.455334  
   541     0.046664     0.455482  
   542     0.046500     0.455447  
   543     0.046295     0.455414  
   544     0.046121     0.455365  
   545     0.045963     0.455430  
   546     0.045819     0.455261  
   547     0.045653     0.455241  
   548     0.045498     0.455239  
   549     0.045341     0.455112  
   550     0.045188     0.455146  
   551     0.045028     0.455081  
   552     0.044891     0.455019  
   553     0.044743     0.454844  
   554     0.044573     0.454945  
   555     0.044411     0.454921  
   556     0.044225     0.454874  
   557     0.044051     0.454725  
   558     0.043894     0.454677  
   559     0.043730     0.454586  
   560     0.043568     0.454545  
   561     0.043407     0.454539  
   562     0.043251     0.454591  
   563     0.043094     0.454647  
   564     0.042938     0.454639  
   565     0.042782     0.454636  
   566     0.042646     0.454689  
   567     0.042503     0.454560  
   568     0.042342     0.454566  
   569     0.042193     0.454504  
   570     0.042036     0.454471  
   571     0.041867     0.454469  
   572     0.041712     0.454403  
   573     0.041560     0.454331  
   574     0.041406     0.454269  
   575     0.041250     0.454115  
   576     0.041081     0.454109  
   577     0.040946     0.454120  
   578     0.040798     0.454272  
   579     0.040650     0.454252  
   580     0.040512     0.454158  
   581     0.040389     0.454328  
   582     0.040250     0.454262  
   583     0.040107     0.454270  
   584     0.039967     0.454240  
   585     0.039813     0.454158  
   586     0.039655     0.454216  
   587     0.039515     0.454217  
   588     0.039373     0.454168  
   589     0.039244     0.454091  
   590     0.039090     0.454009  
   591     0.038942     0.454009  
   592     0.038790     0.453979  
   593     0.038655     0.453984  
   594     0.038510     0.453871  
   595     0.038366     0.453884  
   596     0.038219     0.453787  
   597     0.038089     0.453749  
   598     0.037976     0.453710  
   599     0.037839     0.453610  
   600     0.037708     0.453696  
   601     0.037589     0.453637  
   602     0.037447     0.453767  
   603     0.037317     0.453794  
   604     0.037183     0.453707  
   605     0.037059     0.453637  
   606     0.036939     0.453543  
   607     0.036814     0.453485  
   608     0.036678     0.453525  
   609     0.036543     0.453330  
   610     0.036402     0.453310  
   611     0.036249     0.453299  
   612     0.036113     0.453267  
   613     0.035984     0.453091  
   614     0.035860     0.453024  
   615     0.035730     0.452987  
   616     0.035587     0.453049  
   617     0.035466     0.453027  
   618     0.035351     0.452918  
   619     0.035220     0.452891  
   620     0.035103     0.453016  
   621     0.034957     0.453053  
   622     0.034836     0.453064  
   623     0.034711     0.453015  
   624     0.034602     0.452972  
   625     0.034464     0.452883  
   626     0.034353     0.452830  
   627     0.034228     0.452776  
   628     0.034097     0.452732  
   629     0.033979     0.452823  
   630     0.033858     0.452876  
   631     0.033737     0.452884  
   632     0.033613     0.452911  
   633     0.033488     0.452948  
   634     0.033378     0.453007  
   635     0.033253     0.453123  
   636     0.033135     0.453120  
   637     0.033012     0.453180  
   638     0.032899     0.453190  
   639     0.032793     0.453096  
   640     0.032666     0.453036  
   641     0.032560     0.452922  
   642     0.032439     0.452884  
   643     0.032314     0.452883  
   644     0.032184     0.452736  
   645     0.032086     0.452732  
   646     0.031991     0.452756  
   647     0.031885     0.452756  
   648     0.031781     0.452723  
   649     0.031669     0.452771  
   650     0.031557     0.452711  
   651     0.031446     0.452813  
   652     0.031342     0.452752  
   653     0.031226     0.452704  
   654     0.031100     0.452620  
   655     0.030979     0.452665  
   656     0.030868     0.452610  
   657     0.030751     0.452505  
   658     0.030661     0.452566  
   659     0.030551     0.452632  
   660     0.030428     0.452682  
   661     0.030318     0.452573  
   662     0.030217     0.452601  
   663     0.030113     0.452572  
   664     0.030009     0.452505  
   665     0.029905     0.452489  
   666     0.029786     0.452550  
   667     0.029680     0.452599  
   668     0.029573     0.452647  
   669     0.029473     0.452565  
   670     0.029377     0.452582  
   671     0.029279     0.452441  
   672     0.029180     0.452482  
   673     0.029064     0.452445  
   674     0.028966     0.452444  
   675     0.028868     0.452385  
   676     0.028777     0.452382  
   677     0.028679     0.452408  
   678     0.028572     0.452299  
   679     0.028474     0.452277  
   680     0.028370     0.452236  
   681     0.028264     0.452181  
   682     0.028162     0.452175  
   683     0.028059     0.452175  
   684     0.027972     0.452120  
   685     0.027883     0.452059  
   686     0.027785     0.452153  
   687     0.027696     0.452216  
   688     0.027603     0.452181  
   689     0.027517     0.452120  
   690     0.027412     0.452202  
   691     0.027315     0.452189  
   692     0.027215     0.452184  
   693     0.027117     0.452177  
   694     0.027023     0.452082  
   695     0.026921     0.452058  
   696     0.026834     0.452103  
   697     0.026744     0.452088  
   698     0.026658     0.452129  
   699     0.026569     0.452163  
   700     0.026484     0.452165  
   701     0.026393     0.452186  
   702     0.026323     0.452118  
   703     0.026222     0.452114  
   704     0.026127     0.452164  
   705     0.026045     0.452192  
   706     0.025948     0.452083  
   707     0.025864     0.452018  
   708     0.025768     0.452003  
   709     0.025672     0.451981  
   710     0.025571     0.451870  
   711     0.025483     0.451845  
   712     0.025398     0.451748  
   713     0.025314     0.451845  
   714     0.025220     0.451884  
   715     0.025126     0.451861  
   716     0.025048     0.452018  
   717     0.024963     0.451940  
   718     0.024880     0.451938  
   719     0.024788     0.451958  
   720     0.024710     0.451924  
   721     0.024617     0.451863  
   722     0.024538     0.451828  
   723     0.024460     0.451808  
   724     0.024375     0.451798  
   725     0.024284     0.451784  
   726     0.024204     0.451704  
   727     0.024125     0.451667  
   728     0.024036     0.451607  
   729     0.023949     0.451512  
   730     0.023866     0.451428  
   731     0.023788     0.451501  
   732     0.023704     0.451487  
   733     0.023625     0.451551  
   734     0.023547     0.451521  
   735     0.023478     0.451419  
   736     0.023398     0.451311  
   737     0.023314     0.451318  
   738     0.023233     0.451319  
   739     0.023159     0.451264  
   740     0.023085     0.451343  
   741     0.023004     0.451434  
   742     0.022920     0.451489  
   743     0.022844     0.451454  
   744     0.022764     0.451545  
   745     0.022682     0.451476  
   746     0.022603     0.451474  
   747     0.022521     0.451420  
   748     0.022445     0.451391  
   749     0.022367     0.451345  
   750     0.022291     0.451282  
   751     0.022205     0.451250  
   752     0.022131     0.451262  
   753     0.022053     0.451256  
   754     0.021978     0.451258  
   755     0.021908     0.451276  
   756     0.021829     0.451315  
   757     0.021756     0.451370  
   758     0.021673     0.451346  
   759     0.021595     0.451396  
   760     0.021517     0.451413  
   761     0.021444     0.451329  
   762     0.021366     0.451243  
   763     0.021283     0.451295  
   764     0.021215     0.451269  
   765     0.021145     0.451258  
   766     0.021080     0.451231  
   767     0.021013     0.451247  
   768     0.020940     0.451092  
   769     0.020868     0.451135  
   770     0.020791     0.451110  
   771     0.020726     0.451134  
   772     0.020651     0.451176  
   773     0.020585     0.451152  
   774     0.020503     0.451012  
   775     0.020429     0.451061  
   776     0.020366     0.450971  
   777     0.020299     0.451016  
   778     0.020229     0.451025  
   779     0.020153     0.450986  
   780     0.020081     0.451042  
   781     0.020010     0.450986  
   782     0.019935     0.450957  
   783     0.019865     0.450938  
   784     0.019796     0.450916  
   785     0.019723     0.450959  
   786     0.019658     0.451023  
   787     0.019584     0.451098  
   788     0.019518     0.451131  
   789     0.019448     0.451162  
   790     0.019382     0.451164  
   791     0.019318     0.451146  
   792     0.019244     0.451123  
   793     0.019173     0.451092  
   794     0.019107     0.451052  
   795     0.019047     0.451027  
   796     0.018989     0.451040  
   797     0.018923     0.451013  
   798     0.018854     0.451045  
   799     0.018794     0.451002  
   800     0.018733     0.451054  
   801     0.018663     0.451035  
   802     0.018608     0.450953  
   803     0.018552     0.451006  
   804     0.018491     0.451010  
   805     0.018430     0.450996  
   806     0.018359     0.451006  
   807     0.018287     0.451013  
   808     0.018223     0.450938  
   809     0.018158     0.450973  
   810     0.018101     0.450942  
   811     0.018038     0.450998  
   812     0.017971     0.450906  
   813     0.017920     0.450828  
   814     0.017858     0.450775  
   815     0.017805     0.450750  
   816     0.017750     0.450718  
   817     0.017691     0.450675  
   818     0.017626     0.450633  
   819     0.017559     0.450628  
   820     0.017500     0.450661  
   821     0.017444     0.450655  
   822     0.017384     0.450664  
   823     0.017329     0.450664  
   824     0.017273     0.450667  
   825     0.017213     0.450663  
   826     0.017159     0.450680  
   827     0.017104     0.450607  
   828     0.017044     0.450725  
   829     0.016987     0.450695  
   830     0.016937     0.450716  
   831     0.016877     0.450720  
   832     0.016817     0.450640  
   833     0.016761     0.450582  
   834     0.016703     0.450545  
   835     0.016647     0.450499  
   836     0.016595     0.450511  
   837     0.016547     0.450556  
   838     0.016498     0.450574  
   839     0.016440     0.450644  
   840     0.016386     0.450648  
   841     0.016331     0.450640  
   842     0.016282     0.450655  
   843     0.016223     0.450638  
   844     0.016165     0.450680  
   845     0.016108     0.450725  
   846     0.016060     0.450764  
   847     0.016013     0.450735  
   848     0.015961     0.450727  
   849     0.015909     0.450766  
   850     0.015852     0.450754  
   851     0.015799     0.450755  
   852     0.015747     0.450757  
   853     0.015694     0.450745  
   854     0.015641     0.450710  
   855     0.015582     0.450742  
   856     0.015529     0.450751  
   857     0.015484     0.450785  
   858     0.015441     0.450816  
   859     0.015389     0.450858  
   860     0.015330     0.450804  
   861     0.015282     0.450791  
   862     0.015231     0.450838  
   863     0.015171     0.450811  
   864     0.015118     0.450783  
   865     0.015063     0.450776  
   866     0.015016     0.450746  
   867     0.014963     0.450704  
   868     0.014916     0.450661  
   869     0.014861     0.450578  
   870     0.014815     0.450597  
   871     0.014766     0.450602  
   872     0.014718     0.450533  
   873     0.014676     0.450524  
   874     0.014632     0.450520  
   875     0.014581     0.450530  
   876     0.014536     0.450434  
   877     0.014492     0.450412  
   878     0.014446     0.450401  
   879     0.014401     0.450406  
   880     0.014354     0.450390  
   881     0.014307     0.450420  
   882     0.014256     0.450345  
   883     0.014205     0.450395  
   884     0.014158     0.450347  
   885     0.014112     0.450312  
   886     0.014068     0.450312  
   887     0.014023     0.450366  
   888     0.013979     0.450363  
   889     0.013933     0.450385  
   890     0.013892     0.450334  
   891     0.013850     0.450364  
   892     0.013810     0.450274  
   893     0.013763     0.450307  
   894     0.013709     0.450275  
   895     0.013664     0.450280  
   896     0.013620     0.450286  
   897     0.013577     0.450274  
   898     0.013531     0.450266  
   899     0.013480     0.450307  
   900     0.013441     0.450272  
   901     0.013402     0.450284  
   902     0.013364     0.450360  
   903     0.013321     0.450388  
   904     0.013270     0.450345  
   905     0.013230     0.450361  
   906     0.013190     0.450310  
   907     0.013148     0.450238  
   908     0.013104     0.450169  
   909     0.013062     0.450171  
   910     0.013023     0.450166  
   911     0.012979     0.450122  
   912     0.012943     0.450071  
   913     0.012894     0.450079  
   914     0.012847     0.450063  
   915     0.012807     0.450081  
   916     0.012766     0.450126  
   917     0.012726     0.450156  
   918     0.012686     0.450108  
   919     0.012646     0.450066  
   920     0.012611     0.450064  
   921     0.012571     0.450080  
   922     0.012525     0.450044  
   923     0.012485     0.450052  
   924     0.012441     0.450090  
   925     0.012400     0.450042  
   926     0.012362     0.449990  
   927     0.012325     0.449967  
   928     0.012289     0.449949  
   929     0.012242     0.449974  
   930     0.012199     0.449930  
   931     0.012166     0.449950  
   932     0.012123     0.449948  
   933     0.012082     0.449911  
   934     0.012041     0.449902  
   935     0.012004     0.449855  
   936     0.011969     0.449821  
   937     0.011928     0.449858  
   938     0.011884     0.449832  
   939     0.011845     0.449872  
   940     0.011804     0.449903  
   941     0.011765     0.449873  
   942     0.011729     0.449828  
   943     0.011694     0.449864  
   944     0.011652     0.449857  
   945     0.011616     0.449869  
   946     0.011582     0.449837  
   947     0.011540     0.449802  
   948     0.011507     0.449777  
   949     0.011465     0.449724  
   950     0.011425     0.449697  
   951     0.011388     0.449674  
   952     0.011352     0.449666  
   953     0.011316     0.449673  
   954     0.011276     0.449671  
   955     0.011239     0.449697  
   956     0.011200     0.449666  
   957     0.011162     0.449622  
   958     0.011127     0.449631  
   959     0.011093     0.449615  
   960     0.011050     0.449593  
   961     0.011018     0.449641  
   962     0.010983     0.449589  
   963     0.010947     0.449573  
   964     0.010911     0.449530  
   965     0.010870     0.449508  
   966     0.010835     0.449369  
   967     0.010798     0.449317  
   968     0.010756     0.449339  
   969     0.010719     0.449314  
   970     0.010690     0.449282  
   971     0.010658     0.449270  
   972     0.010622     0.449297  
   973     0.010585     0.449308  
   974     0.010551     0.449323  
   975     0.010510     0.449295  
   976     0.010479     0.449279  
   977     0.010445     0.449243  
   978     0.010414     0.449172  
   979     0.010378     0.449132  
   980     0.010342     0.449126  
   981     0.010309     0.449068  
   982     0.010276     0.449072  
   983     0.010239     0.449048  
   984     0.010208     0.449039  
   985     0.010174     0.448982  
   986     0.010138     0.449016  
   987     0.010105     0.449074  
   988     0.010073     0.449036  
   989     0.010042     0.449032  
   990     0.010009     0.449008  
   991     0.009976     0.448958  
   992     0.009943     0.448940  
   993     0.009912     0.448941  
   994     0.009878     0.448893  
   995     0.009847     0.448885  
   996     0.009815     0.448856  
   997     0.009785     0.448888  
   998     0.009756     0.448881  
   999     0.009721     0.448882  
  1000     0.009695     0.448928  
  1001     0.009664     0.448949  
  1002     0.009637     0.448985  
  1003     0.009606     0.449031  
  1004     0.009577     0.449000  
  1005     0.009543     0.448939  
  1006     0.009513     0.448875  
  1007     0.009482     0.448868  
  1008     0.009446     0.448921  
  1009     0.009411     0.448897  
  1010     0.009379     0.448891  
  1011     0.009352     0.448886  
  1012     0.009323     0.448880  
  1013     0.009292     0.448923  
  1014     0.009260     0.448961  
  1015     0.009230     0.448959  
  1016     0.009205     0.448934  
  1017     0.009175     0.448883  
  1018     0.009146     0.448851  
  1019     0.009119     0.448850  
  1020     0.009089     0.448875  
  1021     0.009060     0.448877  
  1022     0.009028     0.448888  
  1023     0.008996     0.448895  
  1024     0.008968     0.448886  
  1025     0.008939     0.448899  
  1026     0.008910     0.448950  
  1027     0.008880     0.448910  
  1028     0.008847     0.448867  
  1029     0.008817     0.448854  
  1030     0.008787     0.448836  
  1031     0.008759     0.448833  
  1032     0.008730     0.448828  
  1033     0.008701     0.448797  
  1034     0.008673     0.448842  
  1035     0.008644     0.448827  
  1036     0.008616     0.448783  
  1037     0.008587     0.448754  
  1038     0.008562     0.448751  
  1039     0.008536     0.448775  
  1040     0.008507     0.448773  
  1041     0.008480     0.448793  
  1042     0.008457     0.448809  
  1043     0.008428     0.448795  
  1044     0.008399     0.448805  
  1045     0.008375     0.448797  
  1046     0.008348     0.448778  
  1047     0.008323     0.448758  
  1048     0.008299     0.448729  
  1049     0.008276     0.448711  
  1050     0.008247     0.448752  
  1051     0.008219     0.448742  
  1052     0.008192     0.448724  
  1053     0.008164     0.448694  
  1054     0.008136     0.448659  
  1055     0.008109     0.448737  
  1056     0.008083     0.448704  
  1057     0.008061     0.448696  
  1058     0.008032     0.448688  
  1059     0.008005     0.448672  
  1060     0.007979     0.448708  
  1061     0.007956     0.448625  
  1062     0.007933     0.448622  
  1063     0.007906     0.448592  
  1064     0.007879     0.448633  
  1065     0.007852     0.448594  
  1066     0.007827     0.448637  
  1067     0.007800     0.448634  
  1068     0.007776     0.448608  
  1069     0.007753     0.448631  
  1070     0.007730     0.448663  
  1071     0.007706     0.448624  
  1072     0.007681     0.448641  
  1073     0.007655     0.448649  
  1074     0.007627     0.448653  
  1075     0.007603     0.448644  
  1076     0.007580     0.448662  
  1077     0.007555     0.448661  
  1078     0.007533     0.448662  
  1079     0.007508     0.448644  
  1080     0.007483     0.448601  
  1081     0.007458     0.448599  
  1082     0.007432     0.448609  
  1083     0.007408     0.448601  
  1084     0.007384     0.448550  
  1085     0.007363     0.448541  
  1086     0.007338     0.448523  
  1087     0.007317     0.448501  
  1088     0.007295     0.448463  
  1089     0.007272     0.448456  
  1090     0.007247     0.448454  
  1091     0.007225     0.448404  
  1092     0.007203     0.448400  
  1093     0.007179     0.448388  
  1094     0.007159     0.448408  
  1095     0.007141     0.448462  
  1096     0.007123     0.448438  
  1097     0.007100     0.448388  
  1098     0.007079     0.448408  
  1099     0.007055     0.448387  
  1100     0.007034     0.448382  
  1101     0.007009     0.448393  
  1102     0.006987     0.448381  
  1103     0.006965     0.448427  
  1104     0.006945     0.448447  
  1105     0.006925     0.448436  
  1106     0.006900     0.448426  
  1107     0.006878     0.448423  
  1108     0.006856     0.448433  
  1109     0.006833     0.448428  
  1110     0.006812     0.448441  
  1111     0.006792     0.448443  
  1112     0.006767     0.448395  
  1113     0.006747     0.448409  
  1114     0.006728     0.448357  
  1115     0.006705     0.448356  
  1116     0.006682     0.448361  
  1117     0.006662     0.448350  
  1118     0.006642     0.448309  
  1119     0.006621     0.448305  
  1120     0.006599     0.448320  
  1121     0.006582     0.448243  
  1122     0.006559     0.448326  
  1123     0.006541     0.448340  
  1124     0.006520     0.448318  
  1125     0.006496     0.448338  
  1126     0.006474     0.448361  
  1127     0.006454     0.448385  
  1128     0.006433     0.448367  
  1129     0.006416     0.448406  
  1130     0.006396     0.448380  
  1131     0.006373     0.448402  
  1132     0.006352     0.448413  
  1133     0.006333     0.448427  
  1134     0.006311     0.448463  
  1135     0.006291     0.448437  
  1136     0.006273     0.448412  
  1137     0.006255     0.448393  
  1138     0.006235     0.448398  
  1139     0.006213     0.448383  
  1140     0.006190     0.448374  
  1141     0.006172     0.448398  
  1142     0.006156     0.448327  
  1143     0.006135     0.448287  
  1144     0.006117     0.448285  
  1145     0.006097     0.448257  
  1146     0.006078     0.448241  
  1147     0.006058     0.448255  
  1148     0.006041     0.448251  
  1149     0.006023     0.448282  
  1150     0.006005     0.448243  
  1151     0.005986     0.448226  
  1152     0.005966     0.448258  
  1153     0.005949     0.448263  
  1154     0.005931     0.448274  
  1155     0.005915     0.448234  
  1156     0.005898     0.448213  
  1157     0.005879     0.448202  
  1158     0.005862     0.448178  
  1159     0.005842     0.448188  
  1160     0.005823     0.448149  
  1161     0.005805     0.448139  
  1162     0.005787     0.448125  
  1163     0.005767     0.448149  
  1164     0.005750     0.448165  
  1165     0.005733     0.448178  
  1166     0.005714     0.448224  
  1167     0.005700     0.448199  
  1168     0.005680     0.448190  
  1169     0.005663     0.448190  
  1170     0.005646     0.448145  
  1171     0.005629     0.448118  
  1172     0.005613     0.448146  
  1173     0.005597     0.448170  
  1174     0.005579     0.448178  
  1175     0.005562     0.448174  
  1176     0.005545     0.448190  
  1177     0.005527     0.448211  
  1178     0.005509     0.448198  
  1179     0.005493     0.448207  
  1180     0.005474     0.448196  
  1181     0.005456     0.448182  
  1182     0.005436     0.448178  
  1183     0.005419     0.448175  
  1184     0.005402     0.448193  
  1185     0.005387     0.448153  
  1186     0.005370     0.448149  
  1187     0.005353     0.448159  
  1188     0.005335     0.448174  
  1189     0.005322     0.448192  
  1190     0.005304     0.448172  
  1191     0.005286     0.448162  
  1192     0.005271     0.448167  
  1193     0.005255     0.448198  
  1194     0.005238     0.448176  
  1195     0.005223     0.448176  
  1196     0.005207     0.448152  
  1197     0.005190     0.448148  
  1198     0.005175     0.448133  
  1199     0.005161     0.448144  
  1200     0.005143     0.448136  
  1201     0.005129     0.448127  
  1202     0.005112     0.448143  
  1203     0.005098     0.448133  
  1204     0.005083     0.448144  
  1205     0.005069     0.448136  
  1206     0.005052     0.448147  
  1207     0.005037     0.448146  
  1208     0.005021     0.448136  
  1209     0.005007     0.448139  
  1210     0.004992     0.448123  
  1211     0.004979     0.448125  
  1212     0.004963     0.448134  
  1213     0.004948     0.448145  
  1214     0.004933     0.448140  
  1215     0.004918     0.448139  
  1216     0.004904     0.448162  
  1217     0.004887     0.448187  
  1218     0.004870     0.448180  
  1219     0.004857     0.448154  
  1220     0.004841     0.448162  
  1221     0.004827     0.448164  
  1222     0.004813     0.448149  
  1223     0.004797     0.448156  
  1224     0.004782     0.448112  
  1225     0.004769     0.448140  
  1226     0.004754     0.448112  
  1227     0.004740     0.448088  
  1228     0.004723     0.448039  
  1229     0.004707     0.448058  
  1230     0.004694     0.448079  
  1231     0.004678     0.448081  
  1232     0.004666     0.448093  
  1233     0.004652     0.448110  
  1234     0.004639     0.448115  
  1235     0.004626     0.448104  
  1236     0.004613     0.448094  
  1237     0.004599     0.448107  
  1238     0.004584     0.448099  
  1239     0.004568     0.448130  
  1240     0.004553     0.448124  
  1241     0.004539     0.448098  
  1242     0.004525     0.448098  
  1243     0.004511     0.448097  
  1244     0.004498     0.448082  
  1245     0.004484     0.448072  
  1246     0.004470     0.448040  
  1247     0.004457     0.448033  
  1248     0.004443     0.448004  
  1249     0.004432     0.447979  
  1250     0.004420     0.447955  
  1251     0.004406     0.447955  
  1252     0.004392     0.447932  
  1253     0.004375     0.447910  
  1254     0.004360     0.447894  
  1255     0.004348     0.447902  
  1256     0.004335     0.447902  
  1257     0.004321     0.447932  
  1258     0.004307     0.447965  
  1259     0.004293     0.447974  
  1260     0.004281     0.447975  
  1261     0.004269     0.447957  
  1262     0.004256     0.447964  
  1263     0.004242     0.447973  
  1264     0.004230     0.448006  
  1265     0.004219     0.448010  
  1266     0.004206     0.448030  
  1267     0.004192     0.448024  
  1268     0.004180     0.448024  
  1269     0.004168     0.447987  
  1270     0.004156     0.448001  
  1271     0.004142     0.447991  
  1272     0.004131     0.448008  
  1273     0.004118     0.448019  
  1274     0.004103     0.448019  
  1275     0.004089     0.448015  
  1276     0.004075     0.448048  
  1277     0.004063     0.448053  
  1278     0.004048     0.448035  
  1279     0.004036     0.448027  
  1280     0.004021     0.448040  
  1281     0.004009     0.448078  
  1282     0.003996     0.448096  
  1283     0.003982     0.448081  
  1284     0.003970     0.448048  
  1285     0.003958     0.448056  
  1286     0.003947     0.448041  
  1287     0.003935     0.448059  
  1288     0.003924     0.448053  
  1289     0.003913     0.448036  
  1290     0.003900     0.448068  
  1291     0.003887     0.448096  
  1292     0.003875     0.448087  
  1293     0.003864     0.448080  
  1294     0.003851     0.448063  
  1295     0.003838     0.448087  
  1296     0.003825     0.448058  
  1297     0.003814     0.448044  
  1298     0.003801     0.448033  
  1299     0.003790     0.448023  
  1300     0.003777     0.448014  
  1301     0.003764     0.448024  
  1302     0.003752     0.448031  
  1303     0.003739     0.448042  
  1304     0.003728     0.448004  
  1305     0.003717     0.448015  
  1306     0.003705     0.448015  
  1307     0.003694     0.448000  
  1308     0.003682     0.447981  
  1309     0.003673     0.447982  
  1310     0.003662     0.447989  
  1311     0.003650     0.447972  
  1312     0.003639     0.447958  
  1313     0.003628     0.447939  
  1314     0.003619     0.447917  
  1315     0.003609     0.447930  
  1316     0.003599     0.447943  
  1317     0.003588     0.447936  
  1318     0.003578     0.447929  
  1319     0.003568     0.447901  
  1320     0.003558     0.447874  
  1321     0.003548     0.447857  
  1322     0.003536     0.447787  
  1323     0.003525     0.447758  
  1324     0.003515     0.447763  
  1325     0.003506     0.447752  
  1326     0.003496     0.447727  
  1327     0.003485     0.447730  
  1328     0.003473     0.447700  
  1329     0.003462     0.447693  
  1330     0.003452     0.447693  
  1331     0.003440     0.447674  
  1332     0.003428     0.447636  
  1333     0.003418     0.447607  
  1334     0.003407     0.447597  
  1335     0.003397     0.447585  
  1336     0.003388     0.447575  
  1337     0.003378     0.447564  
  1338     0.003369     0.447581  
  1339     0.003358     0.447551  
  1340     0.003348     0.447546  
  1341     0.003340     0.447542  
  1342     0.003330     0.447574  
  1343     0.003319     0.447543  
  1344     0.003310     0.447534  
  1345     0.003300     0.447554  
  1346     0.003290     0.447554  
  1347     0.003281     0.447540  
  1348     0.003273     0.447539  
  1349     0.003263     0.447519  
  1350     0.003253     0.447533  
  1351     0.003242     0.447530  
  1352     0.003231     0.447524  
  1353     0.003221     0.447525  
  1354     0.003211     0.447517  
  1355     0.003201     0.447478  
  1356     0.003193     0.447464  
  1357     0.003183     0.447482  
  1358     0.003173     0.447478  
  1359     0.003164     0.447492  
  1360     0.003155     0.447511  
  1361     0.003145     0.447525  
  1362     0.003136     0.447504  
  1363     0.003127     0.447525  
  1364     0.003117     0.447497  
  1365     0.003110     0.447501  
  1366     0.003101     0.447502  
  1367     0.003091     0.447484  
  1368     0.003082     0.447484  
  1369     0.003073     0.447477  
  1370     0.003064     0.447449  
  1371     0.003054     0.447451  
  1372     0.003045     0.447428  
  1373     0.003036     0.447417  
  1374     0.003028     0.447383  
  1375     0.003018     0.447408  
  1376     0.003010     0.447396  
  1377     0.003001     0.447417  
  1378     0.002992     0.447406  
  1379     0.002983     0.447392  
  1380     0.002974     0.447399  
  1381     0.002965     0.447370  
  1382     0.002956     0.447360  
  1383     0.002948     0.447359  
  1384     0.002939     0.447349  
  1385     0.002932     0.447359  
  1386     0.002923     0.447379  
  1387     0.002913     0.447382  
  1388     0.002904     0.447402  
  1389     0.002894     0.447398  
  1390     0.002885     0.447400  
  1391     0.002877     0.447393  
  1392     0.002867     0.447400  
  1393     0.002858     0.447369  
  1394     0.002849     0.447362  
  1395     0.002839     0.447355  
  1396     0.002831     0.447356  
  1397     0.002821     0.447350  
  1398     0.002812     0.447388  
  1399     0.002802     0.447375  
  1400     0.002794     0.447351  
  1401     0.002785     0.447342  
  1402     0.002776     0.447352  
  1403     0.002768     0.447352  
  1404     0.002759     0.447349  
  1405     0.002750     0.447338  
  1406     0.002741     0.447332  
  1407     0.002732     0.447316  
  1408     0.002724     0.447304  
  1409     0.002715     0.447328  
  1410     0.002707     0.447311  
  1411     0.002699     0.447286  
  1412     0.002692     0.447258  
  1413     0.002684     0.447243  
  1414     0.002677     0.447237  
  1415     0.002669     0.447266  
  1416     0.002661     0.447243  
  1417     0.002654     0.447241  
  1418     0.002645     0.447260  
  1419     0.002637     0.447277  
  1420     0.002629     0.447261  
  1421     0.002620     0.447248  
  1422     0.002611     0.447268  
  1423     0.002602     0.447263  
  1424     0.002594     0.447280  
  1425     0.002587     0.447282  
  1426     0.002579     0.447282  
  1427     0.002573     0.447287  
  1428     0.002565     0.447288  
  1429     0.002557     0.447313  
  1430     0.002550     0.447345  
  1431     0.002541     0.447341  
  1432     0.002533     0.447363  
  1433     0.002524     0.447338  
  1434     0.002516     0.447324  
  1435     0.002509     0.447326  
  1436     0.002502     0.447337  
  1437     0.002494     0.447343  
  1438     0.002488     0.447347  
  1439     0.002480     0.447328  
  1440     0.002473     0.447320  
  1441     0.002466     0.447311  
  1442     0.002458     0.447302  
  1443     0.002451     0.447296  
  1444     0.002444     0.447298  
  1445     0.002439     0.447307  
  1446     0.002431     0.447298  
  1447     0.002425     0.447293  
  1448     0.002418     0.447274  
  1449     0.002411     0.447249  
  1450     0.002404     0.447246  
  1451     0.002397     0.447242  
  1452     0.002390     0.447246  
  1453     0.002383     0.447226  
  1454     0.002376     0.447210  
  1455     0.002369     0.447220  
  1456     0.002362     0.447208  
  1457     0.002355     0.447220  
  1458     0.002348     0.447213  
  1459     0.002341     0.447201  
  1460     0.002335     0.447195  
  1461     0.002328     0.447157  
  1462     0.002321     0.447173  
  1463     0.002315     0.447179  
  1464     0.002309     0.447197  
  1465     0.002302     0.447205  
  1466     0.002295     0.447183  
  1467     0.002289     0.447176  
  1468     0.002283     0.447172  
  1469     0.002276     0.447165  
  1470     0.002271     0.447164  
  1471     0.002264     0.447159  
  1472     0.002257     0.447127  
  1473     0.002250     0.447138  
  1474     0.002242     0.447130  
  1475     0.002237     0.447140  
  1476     0.002230     0.447138  
  1477     0.002222     0.447160  
  1478     0.002214     0.447159  
  1479     0.002209     0.447145  
  1480     0.002203     0.447137  
  1481     0.002196     0.447105  
  1482     0.002190     0.447104  
  1483     0.002184     0.447118  
  1484     0.002177     0.447109  
  1485     0.002171     0.447104  
  1486     0.002164     0.447100  
  1487     0.002157     0.447103  
  1488     0.002152     0.447102  
  1489     0.002145     0.447136  
  1490     0.002138     0.447101  
  1491     0.002131     0.447113  
  1492     0.002126     0.447098  
  1493     0.002119     0.447103  
  1494     0.002112     0.447076  
  1495     0.002105     0.447085  
  1496     0.002099     0.447055  
  1497     0.002092     0.447059  
  1498     0.002088     0.447064  
  1499     0.002081     0.447073  
  1500     0.002075     0.447074  
  1501     0.002069     0.447080  
  1502     0.002063     0.447047  
  1503     0.002055     0.447034  
  1504     0.002049     0.447041  
  1505     0.002043     0.447054  
  1506     0.002037     0.447074  
  1507     0.002030     0.447064  
  1508     0.002024     0.447074  
  1509     0.002020     0.447053  
  1510     0.002013     0.447044  
  1511     0.002007     0.447089  
  1512     0.002001     0.447064  
  1513     0.001995     0.447049  
  1514     0.001989     0.447028  
  1515     0.001983     0.447043  
  1516     0.001978     0.447051  
  1517     0.001972     0.447042  
  1518     0.001966     0.447059  
  1519     0.001961     0.447053  
  1520     0.001955     0.447031  
  1521     0.001949     0.447013  
  1522     0.001944     0.447032  
  1523     0.001938     0.447036  
  1524     0.001933     0.447044  
  1525     0.001927     0.447015  
  1526     0.001920     0.447006  
  1527     0.001914     0.447019  
  1528     0.001909     0.447042  
  1529     0.001904     0.447023  
  1530     0.001897     0.447038  
  1531     0.001891     0.447045  
  1532     0.001887     0.447028  
  1533     0.001881     0.447017  
  1534     0.001875     0.446995  
  1535     0.001869     0.446967  
  1536     0.001864     0.446978  
  1537     0.001858     0.446993  
  1538     0.001853     0.446990  
  1539     0.001848     0.446994  
  1540     0.001843     0.446993  
  1541     0.001838     0.446995  
  1542     0.001833     0.446980  
  1543     0.001828     0.447002  
  1544     0.001823     0.447015  
  1545     0.001817     0.447022  
  1546     0.001811     0.447034  
  1547     0.001806     0.447036  
  1548     0.001801     0.447049  
  1549     0.001796     0.447051  
  1550     0.001790     0.447067  
  1551     0.001785     0.447074  
  1552     0.001781     0.447076  
  1553     0.001775     0.447074  
  1554     0.001770     0.447069  
  1555     0.001765     0.447051  
  1556     0.001760     0.447024  
  1557     0.001753     0.447016  
  1558     0.001749     0.447018  
  1559     0.001744     0.447015  
  1560     0.001739     0.447002  
  1561     0.001734     0.446991  
  1562     0.001728     0.446978  
  1563     0.001722     0.446968  
  1564     0.001716     0.446988  
  1565     0.001711     0.446980  
  1566     0.001707     0.446969  
  1567     0.001702     0.446979  
  1568     0.001697     0.446969  
  1569     0.001692     0.446948  
  1570     0.001687     0.446938  
  1571     0.001682     0.446939  
  1572     0.001677     0.446950  
  1573     0.001672     0.446945  
  1574     0.001667     0.446938  
  1575     0.001662     0.446961  
  1576     0.001657     0.446950  
  1577     0.001652     0.446948  
  1578     0.001647     0.446944  
  1579     0.001642     0.446918  
  1580     0.001637     0.446934  
  1581     0.001633     0.446913  
  1582     0.001629     0.446896  
  1583     0.001624     0.446913  
  1584     0.001619     0.446901  
  1585     0.001614     0.446889  
  1586     0.001609     0.446909  
  1587     0.001604     0.446902  
  1588     0.001599     0.446888  
  1589     0.001593     0.446887  
  1590     0.001589     0.446888  
  1591     0.001583     0.446879  
  1592     0.001579     0.446883  
  1593     0.001574     0.446908  
  1594     0.001570     0.446895  
  1595     0.001565     0.446895  
  1596     0.001560     0.446872  
  1597     0.001555     0.446878  
  1598     0.001550     0.446886  
  1599     0.001546     0.446879  
  1600     0.001542     0.446895  
  1601     0.001538     0.446897  
  1602     0.001534     0.446898  
  1603     0.001529     0.446879  
  1604     0.001525     0.446876  
  1605     0.001520     0.446888  
  1606     0.001516     0.446905  
  1607     0.001512     0.446911  
  1608     0.001507     0.446916  
  1609     0.001502     0.446916  
  1610     0.001498     0.446915  
  1611     0.001494     0.446907  
  1612     0.001489     0.446900  
  1613     0.001485     0.446896  
  1614     0.001481     0.446901  
  1615     0.001476     0.446875  
  1616     0.001471     0.446870  
  1617     0.001468     0.446872  
  1618     0.001463     0.446894  
  1619     0.001459     0.446889  
  1620     0.001455     0.446890  
  1621     0.001452     0.446903  
  1622     0.001447     0.446875  
  1623     0.001443     0.446880  
  1624     0.001439     0.446877  
  1625     0.001435     0.446864  
  1626     0.001431     0.446877  
  1627     0.001427     0.446888  
  1628     0.001423     0.446878  
  1629     0.001419     0.446887  
  1630     0.001415     0.446879  
  1631     0.001411     0.446869  
  1632     0.001407     0.446871  
  1633     0.001402     0.446880  
  1634     0.001398     0.446876  
  1635     0.001394     0.446886  
  1636     0.001389     0.446893  
  1637     0.001385     0.446898  
  1638     0.001381     0.446889  
  1639     0.001378     0.446888  
  1640     0.001375     0.446879  
  1641     0.001371     0.446890  
  1642     0.001367     0.446893  
  1643     0.001364     0.446869  
  1644     0.001360     0.446858  
  1645     0.001356     0.446855  
  1646     0.001351     0.446872  
  1647     0.001347     0.446890  
  1648     0.001343     0.446900  
  1649     0.001339     0.446869  
  1650     0.001335     0.446850  
  1651     0.001330     0.446864  
  1652     0.001326     0.446846  
  1653     0.001322     0.446840  
  1654     0.001318     0.446836  
  1655     0.001314     0.446849  
  1656     0.001310     0.446843  
  1657     0.001306     0.446836  
  1658     0.001302     0.446835  
  1659     0.001298     0.446861  
  1660     0.001295     0.446853  
  1661     0.001291     0.446861  
  1662     0.001287     0.446865  
  1663     0.001284     0.446863  
  1664     0.001280     0.446834  
  1665     0.001277     0.446845  
  1666     0.001273     0.446850  
  1667     0.001270     0.446842  
  1668     0.001266     0.446844  
  1669     0.001263     0.446844  
  1670     0.001259     0.446832  
  1671     0.001255     0.446830  
  1672     0.001251     0.446827  
  1673     0.001246     0.446845  
  1674     0.001243     0.446834  
  1675     0.001239     0.446823  
  1676     0.001236     0.446808  
  1677     0.001232     0.446831  
  1678     0.001228     0.446827  
  1679     0.001225     0.446815  
  1680     0.001222     0.446820  
  1681     0.001218     0.446816  
  1682     0.001214     0.446809  
  1683     0.001210     0.446819  
  1684     0.001206     0.446815  
  1685     0.001202     0.446808  
  1686     0.001199     0.446787  
  1687     0.001195     0.446783  
  1688     0.001191     0.446780  
  1689     0.001188     0.446774  
  1690     0.001185     0.446756  
  1691     0.001181     0.446751  
  1692     0.001178     0.446727  
  1693     0.001175     0.446724  
  1694     0.001171     0.446706  
  1695     0.001168     0.446708  
  1696     0.001165     0.446728  
  1697     0.001162     0.446713  
  1698     0.001159     0.446704  
  1699     0.001155     0.446707  
  1700     0.001152     0.446703  
  1701     0.001148     0.446681  
  1702     0.001144     0.446698  
  1703     0.001141     0.446685  
  1704     0.001138     0.446678  
  1705     0.001134     0.446682  
  1706     0.001131     0.446692  
  1707     0.001128     0.446682  
  1708     0.001124     0.446655  
  1709     0.001122     0.446653  
  1710     0.001119     0.446649  
  1711     0.001115     0.446648  
  1712     0.001113     0.446672  
  1713     0.001109     0.446647  
  1714     0.001106     0.446653  
  1715     0.001103     0.446661  
  1716     0.001100     0.446667  
  1717     0.001097     0.446653  
  1718     0.001093     0.446652  
  1719     0.001090     0.446646  
  1720     0.001086     0.446650  
  1721     0.001083     0.446643  
  1722     0.001080     0.446625  
  1723     0.001077     0.446625  
  1724     0.001073     0.446606  
  1725     0.001070     0.446604  
  1726     0.001067     0.446608  
  1727     0.001064     0.446621  
  1728     0.001061     0.446612  
  1729     0.001058     0.446606  
  1730     0.001055     0.446600  
  1731     0.001052     0.446593  
  1732     0.001048     0.446607  
  1733     0.001046     0.446599  
  1734     0.001042     0.446581  
  1735     0.001040     0.446579  
  1736     0.001037     0.446593  
  1737     0.001033     0.446612  
  1738     0.001030     0.446611  
  1739     0.001028     0.446609  
  1740     0.001024     0.446610  
  1741     0.001021     0.446625  
  1742     0.001018     0.446626  
  1743     0.001015     0.446633  
  1744     0.001013     0.446640  
  1745     0.001010     0.446637  
  1746     0.001007     0.446636  
  1747     0.001004     0.446639  
  1748     0.001001     0.446621  
  1749     0.000999     0.446617  
  1750     0.000995     0.446622  
  1751     0.000993     0.446630  
  1752     0.000990     0.446628  
  1753     0.000987     0.446612  
  1754     0.000985     0.446587  
  1755     0.000982     0.446592  
  1756     0.000979     0.446583  
  1757     0.000976     0.446579  
  1758     0.000974     0.446579  
  1759     0.000971     0.446593  
  1760     0.000968     0.446594  
  1761     0.000965     0.446573  
  1762     0.000962     0.446572  
  1763     0.000959     0.446570  
  1764     0.000956     0.446574  
  1765     0.000953     0.446569  
  1766     0.000950     0.446578  
  1767     0.000947     0.446582  
  1768     0.000945     0.446590  
  1769     0.000942     0.446589  
  1770     0.000939     0.446576  
  1771     0.000936     0.446595  
  1772     0.000933     0.446584  
  1773     0.000931     0.446584  
  1774     0.000929     0.446579  
  1775     0.000926     0.446577  
  1776     0.000923     0.446568  
  1777     0.000921     0.446571  
  1778     0.000918     0.446574  
  1779     0.000916     0.446586  
  1780     0.000913     0.446585  
  1781     0.000910     0.446568  
  1782     0.000908     0.446564  
  1783     0.000905     0.446570  
  1784     0.000903     0.446574  
  1785     0.000900     0.446559  
  1786     0.000897     0.446565  
  1787     0.000895     0.446552  
  1788     0.000892     0.446552  
  1789     0.000889     0.446546  
  1790     0.000887     0.446541  
  1791     0.000885     0.446531  
  1792     0.000882     0.446541  
  1793     0.000880     0.446524  
  1794     0.000878     0.446510  
  1795     0.000875     0.446524  
  1796     0.000873     0.446523  
  1797     0.000871     0.446523  
  1798     0.000868     0.446515  
  1799     0.000866     0.446506  
  1800     0.000863     0.446494  
  1801     0.000860     0.446501  
  1802     0.000858     0.446502  
  1803     0.000855     0.446506  
  1804     0.000853     0.446480  
  1805     0.000850     0.446476  
  1806     0.000848     0.446464  
  1807     0.000846     0.446477  
  1808     0.000843     0.446475  
  1809     0.000841     0.446477  
  1810     0.000838     0.446473  
  1811     0.000836     0.446474  
  1812     0.000834     0.446472  
  1813     0.000831     0.446484  
  1814     0.000829     0.446473  
  1815     0.000826     0.446475  
  1816     0.000824     0.446475  
  1817     0.000822     0.446456  
  1818     0.000819     0.446460  
  1819     0.000817     0.446456  
  1820     0.000814     0.446454  
  1821     0.000812     0.446470  
  1822     0.000810     0.446464  
  1823     0.000808     0.446466  
  1824     0.000805     0.446468  
  1825     0.000803     0.446457  
  1826     0.000800     0.446462  
  1827     0.000798     0.446456  
  1828     0.000796     0.446466  
  1829     0.000794     0.446459  
  1830     0.000791     0.446473  
  1831     0.000789     0.446489  
  1832     0.000786     0.446488  
  1833     0.000784     0.446502  
  1834     0.000782     0.446503  
  1835     0.000779     0.446504  
  1836     0.000777     0.446493  
  1837     0.000774     0.446477  
  1838     0.000772     0.446482  
  1839     0.000770     0.446495  
  1840     0.000768     0.446489  
  1841     0.000766     0.446503  
  1842     0.000764     0.446488  
  1843     0.000761     0.446490  
  1844     0.000759     0.446497  
  1845     0.000757     0.446497  
  1846     0.000755     0.446489  
  1847     0.000753     0.446488  
  1848     0.000751     0.446508  
  1849     0.000749     0.446509  
  1850     0.000747     0.446507  
  1851     0.000745     0.446502  
  1852     0.000743     0.446490  
  1853     0.000741     0.446483  
  1854     0.000739     0.446469  
  1855     0.000737     0.446461  
  1856     0.000735     0.446461  
  1857     0.000733     0.446454  
  1858     0.000731     0.446475  
  1859     0.000729     0.446484  
  1860     0.000727     0.446480  
  1861     0.000725     0.446478  
  1862     0.000723     0.446476  
  1863     0.000721     0.446468  
  1864     0.000719     0.446472  
  1865     0.000717     0.446454  
  1866     0.000714     0.446453  
  1867     0.000713     0.446447  
  1868     0.000710     0.446439  
  1869     0.000708     0.446442  
  1870     0.000706     0.446444  
  1871     0.000704     0.446447  
  1872     0.000702     0.446436  
  1873     0.000700     0.446427  
  1874     0.000698     0.446427  
  1875     0.000696     0.446423  
  1876     0.000694     0.446411  
  1877     0.000692     0.446409  
  1878     0.000690     0.446414  
  1879     0.000688     0.446409  
  1880     0.000686     0.446409  
  1881     0.000684     0.446413  
  1882     0.000682     0.446414  
  1883     0.000680     0.446411  
  1884     0.000678     0.446418  
  1885     0.000676     0.446413  
  1886     0.000674     0.446407  
  1887     0.000672     0.446410  
  1888     0.000670     0.446401  
  1889     0.000668     0.446388  
  1890     0.000667     0.446390  
  1891     0.000665     0.446384  
  1892     0.000663     0.446378  
  1893     0.000661     0.446374  
  1894     0.000660     0.446374  
  1895     0.000658     0.446378  
  1896     0.000656     0.446384  
  1897     0.000654     0.446391  
  1898     0.000652     0.446376  
  1899     0.000650     0.446373  
  1900     0.000648     0.446365  
  1901     0.000646     0.446371  
  1902     0.000644     0.446364  
  1903     0.000642     0.446366  
  1904     0.000640     0.446360  
  1905     0.000638     0.446360  
  1906     0.000636     0.446364  
  1907     0.000634     0.446364  
  1908     0.000633     0.446360  
  1909     0.000631     0.446355  
  1910     0.000630     0.446336  
  1911     0.000628     0.446349  
  1912     0.000626     0.446351  
  1913     0.000624     0.446334  
  1914     0.000622     0.446336  
  1915     0.000620     0.446325  
  1916     0.000618     0.446322  
  1917     0.000616     0.446315  
  1918     0.000614     0.446303  
  1919     0.000612     0.446312  
  1920     0.000611     0.446320  
  1921     0.000609     0.446324  
  1922     0.000608     0.446325  
  1923     0.000606     0.446314  
  1924     0.000604     0.446300  
  1925     0.000602     0.446300  
  1926     0.000600     0.446295  
  1927     0.000598     0.446290  
  1928     0.000597     0.446287  
  1929     0.000595     0.446284  
  1930     0.000594     0.446284  
  1931     0.000592     0.446291  
  1932     0.000590     0.446298  
  1933     0.000589     0.446302  
  1934     0.000587     0.446311  
  1935     0.000585     0.446304  
  1936     0.000584     0.446295  
  1937     0.000582     0.446296  
  1938     0.000581     0.446296  
  1939     0.000579     0.446287  
  1940     0.000577     0.446295  
  1941     0.000576     0.446294  
  1942     0.000574     0.446283  
  1943     0.000572     0.446285  
  1944     0.000571     0.446287  
  1945     0.000569     0.446285  
  1946     0.000568     0.446286  
  1947     0.000566     0.446296  
  1948     0.000565     0.446302  
  1949     0.000563     0.446306  
  1950     0.000561     0.446302  
  1951     0.000560     0.446295  
  1952     0.000558     0.446299  
  1953     0.000557     0.446307  
  1954     0.000555     0.446308  
  1955     0.000554     0.446323  
  1956     0.000553     0.446304  
  1957     0.000551     0.446301  
  1958     0.000550     0.446289  
  1959     0.000548     0.446284  
  1960     0.000547     0.446287  
  1961     0.000545     0.446291  
  1962     0.000543     0.446292  
  1963     0.000542     0.446281  
  1964     0.000540     0.446286  
  1965     0.000539     0.446278  
  1966     0.000537     0.446284  
  1967     0.000536     0.446285  
  1968     0.000534     0.446282  
  1969     0.000533     0.446297  
  1970     0.000531     0.446295  
  1971     0.000530     0.446289  
  1972     0.000528     0.446281  
  1973     0.000527     0.446271  
  1974     0.000525     0.446281  
  1975     0.000524     0.446288  
  1976     0.000522     0.446285  
  1977     0.000521     0.446297  
  1978     0.000519     0.446307  
  1979     0.000518     0.446306  
  1980     0.000516     0.446298  
  1981     0.000515     0.446304  
  1982     0.000513     0.446297  
  1983     0.000512     0.446303  
  1984     0.000510     0.446295  
  1985     0.000509     0.446291  
  1986     0.000507     0.446293  
  1987     0.000506     0.446294  
  1988     0.000505     0.446298  
  1989     0.000503     0.446314  
  1990     0.000502     0.446307  
  1991     0.000501     0.446307  
  1992     0.000499     0.446309  
  1993     0.000498     0.446299  
  1994     0.000496     0.446306  
  1995     0.000495     0.446311  
  1996     0.000494     0.446313  
  1997     0.000492     0.446314  
  1998     0.000491     0.446317  
  1999     0.000490     0.446314  
  2000     0.000488     0.446299  
  2001     0.000487     0.446293  
  2002     0.000485     0.446291  
  2003     0.000484     0.446300  
  2004     0.000483     0.446297  
  2005     0.000481     0.446293  
  2006     0.000480     0.446296  
  2007     0.000479     0.446290  
  2008     0.000477     0.446288  
  2009     0.000476     0.446284  
  2010     0.000475     0.446284  
  2011     0.000473     0.446302  
  2012     0.000472     0.446307  
  2013     0.000471     0.446309  
  2014     0.000469     0.446312  
  2015     0.000468     0.446323  
  2016     0.000467     0.446320  
  2017     0.000466     0.446315  
  2018     0.000464     0.446311  
  2019     0.000463     0.446300  
  2020     0.000461     0.446308  
  2021     0.000460     0.446302  
  2022     0.000459     0.446294  
  2023     0.000457     0.446293  
  2024     0.000456     0.446289  
  2025     0.000455     0.446291  
  2026     0.000454     0.446281  
  2027     0.000452     0.446278  
  2028     0.000451     0.446280  
  2029     0.000449     0.446282  
  2030     0.000448     0.446271  
  2031     0.000447     0.446268  
  2032     0.000446     0.446260  
  2033     0.000445     0.446260  
  2034     0.000443     0.446262  
  2035     0.000442     0.446249  
  2036     0.000441     0.446236  
  2037     0.000440     0.446236  
  2038     0.000438     0.446228  
  2039     0.000437     0.446229  
  2040     0.000436     0.446229  
  2041     0.000435     0.446228  
  2042     0.000434     0.446228  
  2043     0.000432     0.446221  
  2044     0.000431     0.446216  
  2045     0.000430     0.446218  
  2046     0.000428     0.446228  
  2047     0.000427     0.446227  
  2048     0.000426     0.446229  
  2049     0.000425     0.446222  
  2050     0.000424     0.446233  
  2051     0.000422     0.446244  
  2052     0.000421     0.446236  
  2053     0.000420     0.446229  
  2054     0.000419     0.446233  
  2055     0.000417     0.446224  
  2056     0.000416     0.446228  
  2057     0.000415     0.446219  
  2058     0.000414     0.446219  
  2059     0.000413     0.446214  
  2060     0.000412     0.446218  
  2061     0.000411     0.446215  
  2062     0.000409     0.446208  
  2063     0.000408     0.446209  
  2064     0.000407     0.446205  
  2065     0.000406     0.446219  
  2066     0.000405     0.446208  
  2067     0.000404     0.446206  
  2068     0.000403     0.446202  
  2069     0.000401     0.446203  
  2070     0.000400     0.446197  
  2071     0.000399     0.446192  
  2072     0.000398     0.446198  
  2073     0.000397     0.446200  
  2074     0.000396     0.446192  
  2075     0.000395     0.446196  
  2076     0.000394     0.446190  
  2077     0.000393     0.446193  
  2078     0.000391     0.446191  
  2079     0.000390     0.446202  
  2080     0.000389     0.446196  
  2081     0.000388     0.446197  
  2082     0.000387     0.446190  
  2083     0.000386     0.446190  
  2084     0.000385     0.446178  
  2085     0.000384     0.446172  
  2086     0.000383     0.446175  
  2087     0.000382     0.446169  
  2088     0.000381     0.446163  
  2089     0.000380     0.446166  
  2090     0.000378     0.446173  
  2091     0.000377     0.446173  
  2092     0.000376     0.446166  
  2093     0.000375     0.446161  
  2094     0.000374     0.446166  
  2095     0.000373     0.446172  
  2096     0.000372     0.446159  
  2097     0.000371     0.446159  
  2098     0.000370     0.446159  
  2099     0.000369     0.446152  
  2100     0.000368     0.446142  
  2101     0.000367     0.446140  
  2102     0.000366     0.446144  
  2103     0.000365     0.446143  
  2104     0.000364     0.446142  
  2105     0.000363     0.446153  
  2106     0.000362     0.446157  
  2107     0.000361     0.446156  
  2108     0.000360     0.446148  
  2109     0.000359     0.446148  
  2110     0.000358     0.446145  
  2111     0.000357     0.446151  
  2112     0.000356     0.446146  
  2113     0.000355     0.446148  
  2114     0.000354     0.446148  
  2115     0.000353     0.446141  
  2116     0.000352     0.446139  
  2117     0.000351     0.446148  
  2118     0.000350     0.446152  
  2119     0.000349     0.446151  
  2120     0.000348     0.446151  
  2121     0.000347     0.446151  
  2122     0.000346     0.446154  
  2123     0.000345     0.446160  
  2124     0.000344     0.446161  
  2125     0.000343     0.446173  
  2126     0.000342     0.446170  
  2127     0.000341     0.446170  
  2128     0.000341     0.446175  
  2129     0.000340     0.446170  
  2130     0.000339     0.446176  
  2131     0.000338     0.446163  
  2132     0.000337     0.446175  
  2133     0.000336     0.446164  
  2134     0.000335     0.446167  
  2135     0.000334     0.446172  
  2136     0.000333     0.446174  
  2137     0.000332     0.446176  
  2138     0.000331     0.446163  
  2139     0.000330     0.446152  
  2140     0.000329     0.446158  
  2141     0.000328     0.446143  
  2142     0.000327     0.446140  
  2143     0.000326     0.446139  
  2144     0.000325     0.446147  
  2145     0.000324     0.446155  
  2146     0.000323     0.446147  
  2147     0.000322     0.446154  
  2148     0.000321     0.446147  
  2149     0.000320     0.446140  
  2150     0.000319     0.446143  
  2151     0.000319     0.446150  
  2152     0.000318     0.446156  
  2153     0.000317     0.446145  
  2154     0.000316     0.446146  
  2155     0.000315     0.446144  
  2156     0.000314     0.446147  
  2157     0.000313     0.446157  
  2158     0.000312     0.446147  
  2159     0.000312     0.446151  
  2160     0.000311     0.446153  
  2161     0.000310     0.446154  
  2162     0.000309     0.446160  
  2163     0.000308     0.446165  
  2164     0.000307     0.446175  
  2165     0.000306     0.446174  
  2166     0.000305     0.446170  
  2167     0.000304     0.446165  
  2168     0.000304     0.446165  
  2169     0.000303     0.446160  
  2170     0.000302     0.446160  
  2171     0.000301     0.446159  
  2172     0.000300     0.446154  
  2173     0.000299     0.446154  
  2174     0.000298     0.446157  
  2175     0.000298     0.446160  
  2176     0.000297     0.446151  
  2177     0.000296     0.446147  
  2178     0.000295     0.446140  
  2179     0.000294     0.446141  
  2180     0.000294     0.446140  
  2181     0.000293     0.446156  
  2182     0.000292     0.446150  
  2183     0.000291     0.446145  
  2184     0.000290     0.446143  
  2185     0.000289     0.446142  
  2186     0.000289     0.446146  
  2187     0.000288     0.446144  
  2188     0.000287     0.446147  
  2189     0.000287     0.446144  
  2190     0.000286     0.446143  
  2191     0.000285     0.446144  
  2192     0.000284     0.446139  
  2193     0.000283     0.446134  
  2194     0.000282     0.446123  
  2195     0.000282     0.446116  
  2196     0.000281     0.446121  
  2197     0.000280     0.446122  
  2198     0.000279     0.446127  
  2199     0.000278     0.446128  
  2200     0.000278     0.446130  
  2201     0.000277     0.446130  
  2202     0.000276     0.446123  
  2203     0.000275     0.446113  
  2204     0.000275     0.446117  
  2205     0.000274     0.446114  
  2206     0.000273     0.446117  
  2207     0.000272     0.446119  
  2208     0.000272     0.446133  
  2209     0.000271     0.446139  
  2210     0.000270     0.446138  
  2211     0.000269     0.446130  
  2212     0.000268     0.446127  
  2213     0.000268     0.446132  
  2214     0.000267     0.446138  
  2215     0.000266     0.446132  
  2216     0.000266     0.446126  
  2217     0.000265     0.446129  
  2218     0.000264     0.446133  
  2219     0.000263     0.446127  
  2220     0.000263     0.446128  
  2221     0.000262     0.446131  
  2222     0.000261     0.446136  
  2223     0.000261     0.446130  
  2224     0.000260     0.446129  
  2225     0.000259     0.446125  
  2226     0.000258     0.446118  
  2227     0.000258     0.446112  
  2228     0.000257     0.446110  
  2229     0.000256     0.446107  
  2230     0.000256     0.446105  
  2231     0.000255     0.446103  
  2232     0.000254     0.446102  
  2233     0.000254     0.446107  
  2234     0.000253     0.446111  
  2235     0.000253     0.446114  
  2236     0.000252     0.446114  
  2237     0.000251     0.446115  
  2238     0.000250     0.446114  
  2239     0.000250     0.446113  
  2240     0.000249     0.446117  
  2241     0.000248     0.446120  
  2242     0.000248     0.446117  
  2243     0.000247     0.446114  
  2244     0.000247     0.446111  
  2245     0.000246     0.446113  
  2246     0.000245     0.446109  
  2247     0.000244     0.446114  
  2248     0.000244     0.446113  
  2249     0.000243     0.446103  
  2250     0.000242     0.446099  
  2251     0.000242     0.446099  
  2252     0.000241     0.446105  
  2253     0.000240     0.446108  
  2254     0.000240     0.446112  
  2255     0.000239     0.446100  
  2256     0.000238     0.446101  
  2257     0.000238     0.446107  
  2258     0.000237     0.446107  
  2259     0.000237     0.446104  
  2260     0.000236     0.446109  
  2261     0.000235     0.446111  
  2262     0.000235     0.446103  
  2263     0.000234     0.446105  
  2264     0.000233     0.446110  
  2265     0.000233     0.446104  
  2266     0.000232     0.446103  
  2267     0.000232     0.446100  
  2268     0.000231     0.446100  
  2269     0.000230     0.446104  
  2270     0.000230     0.446108  
  2271     0.000229     0.446111  
  2272     0.000228     0.446113  
  2273     0.000228     0.446121  
  2274     0.000227     0.446121  
  2275     0.000227     0.446124  
  2276     0.000226     0.446118  
  2277     0.000225     0.446111  
  2278     0.000225     0.446118  
  2279     0.000224     0.446119  
  2280     0.000223     0.446119  
  2281     0.000223     0.446118  
  2282     0.000222     0.446113  
  2283     0.000222     0.446115  
  2284     0.000221     0.446102  
  2285     0.000220     0.446095  
  2286     0.000220     0.446106  
  2287     0.000219     0.446100  
  2288     0.000219     0.446098  
  2289     0.000218     0.446094  
  2290     0.000217     0.446092  
  2291     0.000217     0.446093  
  2292     0.000216     0.446096  
  2293     0.000216     0.446096  
  2294     0.000215     0.446094  
  2295     0.000214     0.446090  
  2296     0.000214     0.446090  
  2297     0.000213     0.446093  
  2298     0.000213     0.446090  
  2299     0.000212     0.446089  
  2300     0.000212     0.446083  
  2301     0.000211     0.446081  
  2302     0.000210     0.446076  
  2303     0.000210     0.446079  
  2304     0.000209     0.446082  
  2305     0.000209     0.446086  
  2306     0.000208     0.446086  
  2307     0.000207     0.446089  
  2308     0.000207     0.446087  
  2309     0.000206     0.446091  
  2310     0.000206     0.446091  
  2311     0.000205     0.446095  
  2312     0.000205     0.446091  
  2313     0.000204     0.446098  
  2314     0.000204     0.446095  
  2315     0.000203     0.446097  
  2316     0.000202     0.446099  
  2317     0.000202     0.446090  
  2318     0.000201     0.446092  
  2319     0.000201     0.446090  
  2320     0.000200     0.446099  
  2321     0.000200     0.446099  
  2322     0.000199     0.446104  
  2323     0.000199     0.446106  
  2324     0.000198     0.446095  
  2325     0.000198     0.446090  
  2326     0.000197     0.446089  
  2327     0.000197     0.446081  
  2328     0.000196     0.446073  
  2329     0.000196     0.446075  
  2330     0.000195     0.446077  
  2331     0.000195     0.446082  
  2332     0.000194     0.446076  
  2333     0.000193     0.446073  
  2334     0.000193     0.446067  
  2335     0.000193     0.446073  
  2336     0.000192     0.446073  
  2337     0.000192     0.446071  
  2338     0.000191     0.446073  
  2339     0.000190     0.446076  
  2340     0.000190     0.446071  
  2341     0.000189     0.446065  
  2342     0.000189     0.446072  
  2343     0.000188     0.446073  
  2344     0.000188     0.446071  
  2345     0.000187     0.446069  
  2346     0.000187     0.446069  
  2347     0.000186     0.446071  
  2348     0.000186     0.446063  
  2349     0.000185     0.446061  
  2350     0.000185     0.446060  
  2351     0.000184     0.446058  
  2352     0.000184     0.446061  
  2353     0.000183     0.446060  
  2354     0.000183     0.446055  
  2355     0.000182     0.446056  
  2356     0.000182     0.446062  
  2357     0.000181     0.446054  
  2358     0.000181     0.446050  
  2359     0.000180     0.446050  
  2360     0.000180     0.446048  
  2361     0.000179     0.446046  
  2362     0.000179     0.446042  
  2363     0.000178     0.446034  
  2364     0.000178     0.446029  
  2365     0.000177     0.446031  
  2366     0.000177     0.446025  
  2367     0.000176     0.446024  
  2368     0.000176     0.446024  
  2369     0.000175     0.446027  
  2370     0.000175     0.446024  
  2371     0.000174     0.446014  
  2372     0.000174     0.446011  
  2373     0.000173     0.446010  
  2374     0.000173     0.446010  
  2375     0.000172     0.446009  
  2376     0.000172     0.446010  
  2377     0.000172     0.446014  
  2378     0.000171     0.446011  
  2379     0.000171     0.446009  
  2380     0.000170     0.446003  
  2381     0.000170     0.446004  
  2382     0.000169     0.446003  
  2383     0.000169     0.446003  
  2384     0.000168     0.446000  
  2385     0.000168     0.446002  
  2386     0.000168     0.445999  
  2387     0.000167     0.445998  
  2388     0.000167     0.445997  
  2389     0.000166     0.446001  
  2390     0.000166     0.445995  
  2391     0.000165     0.446003  
  2392     0.000165     0.445999  
  2393     0.000164     0.445999  
  2394     0.000164     0.446001  
  2395     0.000163     0.446003  
  2396     0.000163     0.445998  
  2397     0.000162     0.446003  
  2398     0.000162     0.446009  
  2399     0.000161     0.446008  
  2400     0.000161     0.446017  
  2401     0.000161     0.446011  
  2402     0.000160     0.446009  
  2403     0.000160     0.446006  
  2404     0.000159     0.446006  
  2405     0.000159     0.446012  
  2406     0.000159     0.446012  
  2407     0.000158     0.446017  
  2408     0.000158     0.446019  
  2409     0.000157     0.446016  
  2410     0.000157     0.446010  
  2411     0.000156     0.446004  
  2412     0.000156     0.446003  
  2413     0.000156     0.446009  
  2414     0.000155     0.446001  
  2415     0.000155     0.446002  
  2416     0.000154     0.446004  
  2417     0.000154     0.445997  
  2418     0.000154     0.445997  
  2419     0.000153     0.445994  
  2420     0.000153     0.445995  
  2421     0.000152     0.445997  
  2422     0.000152     0.445997  
  2423     0.000151     0.445996  
  2424     0.000151     0.445994  
  2425     0.000151     0.445990  
  2426     0.000150     0.445991  
  2427     0.000150     0.445987  
  2428     0.000149     0.445986  
  2429     0.000149     0.445983  
  2430     0.000149     0.445986  
  2431     0.000148     0.445986  
  2432     0.000148     0.445987  
  2433     0.000148     0.445988  
  2434     0.000147     0.445987  
  2435     0.000147     0.445987  
  2436     0.000146     0.445981  
  2437     0.000146     0.445979  
  2438     0.000146     0.445980  
  2439     0.000145     0.445979  
  2440     0.000145     0.445980  
  2441     0.000144     0.445987  
  2442     0.000144     0.445991  
  2443     0.000144     0.445987  
  2444     0.000143     0.445986  
  2445     0.000143     0.445985  
  2446     0.000143     0.445991  
  2447     0.000142     0.445985  
  2448     0.000142     0.445986  
  2449     0.000141     0.445987  
  2450     0.000141     0.445987  
  2451     0.000141     0.445987  
  2452     0.000140     0.445987  
  2453     0.000140     0.445982  
  2454     0.000140     0.445980  
  2455     0.000139     0.445978  
  2456     0.000139     0.445981  
  2457     0.000139     0.445981  
  2458     0.000138     0.445977  
  2459     0.000138     0.445972  
  2460     0.000137     0.445970  
  2461     0.000137     0.445969  
  2462     0.000137     0.445963  
  2463     0.000136     0.445963  
  2464     0.000136     0.445957  
  2465     0.000135     0.445961  
  2466     0.000135     0.445958  
  2467     0.000135     0.445959  
  2468     0.000134     0.445960  
  2469     0.000134     0.445959  
  2470     0.000134     0.445953  
  2471     0.000133     0.445953  
  2472     0.000133     0.445956  
  2473     0.000132     0.445947  
  2474     0.000132     0.445947  
  2475     0.000132     0.445944  
  2476     0.000131     0.445947  
  2477     0.000131     0.445943  
  2478     0.000131     0.445949  
  2479     0.000130     0.445957  
  2480     0.000130     0.445952  
  2481     0.000130     0.445953  
  2482     0.000129     0.445947  
  2483     0.000129     0.445944  
  2484     0.000129     0.445941  
  2485     0.000128     0.445939  
  2486     0.000128     0.445931  
  2487     0.000127     0.445932  
  2488     0.000127     0.445936  
  2489     0.000127     0.445929  
  2490     0.000126     0.445926  
  2491     0.000126     0.445926  
  2492     0.000126     0.445921  
  2493     0.000125     0.445921  
  2494     0.000125     0.445918  
  2495     0.000125     0.445914  
  2496     0.000124     0.445908  
  2497     0.000124     0.445905  
  2498     0.000124     0.445903  
  2499     0.000123     0.445904  
  2500     0.000123     0.445903  
  2501     0.000123     0.445902  
  2502     0.000123     0.445899  
  2503     0.000122     0.445898  
  2504     0.000122     0.445901  
  2505     0.000122     0.445901  
  2506     0.000121     0.445905  
  2507     0.000121     0.445904  
  2508     0.000121     0.445901  
  2509     0.000120     0.445904  
  2510     0.000120     0.445896  
  2511     0.000120     0.445892  * best
  2512     0.000119     0.445899  
  2513     0.000119     0.445900  
  2514     0.000119     0.445903  
  2515     0.000118     0.445895  
  2516     0.000118     0.445900  
  2517     0.000118     0.445897  
  2518     0.000117     0.445895  
  2519     0.000117     0.445899  
  2520     0.000117     0.445903  
  2521     0.000117     0.445906  
  2522     0.000116     0.445901  
  2523     0.000116     0.445905  
  2524     0.000116     0.445909  
  2525     0.000115     0.445911  
  2526     0.000115     0.445910  
  2527     0.000115     0.445914  
  2528     0.000114     0.445913  
  2529     0.000114     0.445912  
  2530     0.000114     0.445915  
  2531     0.000114     0.445913  
  2532     0.000113     0.445912  
  2533     0.000113     0.445912  
  2534     0.000113     0.445910  
  2535     0.000112     0.445914  
  2536     0.000112     0.445917  
  2537     0.000112     0.445919  
  2538     0.000111     0.445918  
  2539     0.000111     0.445916  
  2540     0.000111     0.445917  
  2541     0.000110     0.445915  
  2542     0.000110     0.445914  
  2543     0.000110     0.445911  
  2544     0.000110     0.445911  
  2545     0.000109     0.445911  
  2546     0.000109     0.445915  
  2547     0.000109     0.445914  
  2548     0.000108     0.445912  
  2549     0.000108     0.445912  
  2550     0.000108     0.445913  
  2551     0.000107     0.445911  
  2552     0.000107     0.445909  
  2553     0.000107     0.445904  
  2554     0.000107     0.445897  
  2555     0.000106     0.445897  
  2556     0.000106     0.445901  
  2557     0.000106     0.445908  
  2558     0.000105     0.445903  
  2559     0.000105     0.445901  
  2560     0.000105     0.445904  
  2561     0.000105     0.445906  
  2562     0.000104     0.445906  
  2563     0.000104     0.445906  
  2564     0.000104     0.445906  
  2565     0.000103     0.445903  
  2566     0.000103     0.445899  
  2567     0.000103     0.445898  
  2568     0.000103     0.445898  
  2569     0.000102     0.445897  
  2570     0.000102     0.445896  
  2571     0.000102     0.445899  
  2572     0.000101     0.445903  
  2573     0.000101     0.445901  
  2574     0.000101     0.445907  
  2575     0.000101     0.445909  
  2576     0.000100     0.445907  
  2577     0.000100     0.445903  
  2578     0.000100     0.445899  
  2579     0.000100     0.445895  
  2580     0.000099     0.445897  
  2581     0.000099     0.445899  
  2582     0.000099     0.445904  
  2583     0.000099     0.445904  
  2584     0.000098     0.445903  
  2585     0.000098     0.445902  
  2586     0.000098     0.445908  
  2587     0.000098     0.445905  
  2588     0.000097     0.445905  
  2589     0.000097     0.445913  
  2590     0.000097     0.445912  
  2591     0.000097     0.445912  
  2592     0.000096     0.445910  
  2593     0.000096     0.445912  
  2594     0.000096     0.445911  
  2595     0.000096     0.445904  
  2596     0.000095     0.445904  
  2597     0.000095     0.445902  
  2598     0.000095     0.445901  
  2599     0.000095     0.445900  
  2600     0.000094     0.445904  
  2601     0.000094     0.445902  
  2602     0.000094     0.445903  
  2603     0.000094     0.445905  
  2604     0.000093     0.445911  
  2605     0.000093     0.445906  
  2606     0.000093     0.445906  
  2607     0.000093     0.445909  
  2608     0.000092     0.445907  
  2609     0.000092     0.445906  
  2610     0.000092     0.445905  
  2611     0.000092     0.445905  
# best iteration 2511 (val l2 0.445892)
# Spearman  train +0.9951  val +0.7510  test +0.7599
