# mlp_boltz+edge seed 1
# perceptron on boltz+edge
# inputs [(15997,)], 2,051,905 parameters
# Linear(n_in,128) -> GELU -> Dropout(0.3) -> Linear(128,32) -> GELU -> Dropout(0.3) -> Linear(32,1)
# Adam lr=0.001 weight_decay=0.0001 batch=32 dropout=0.3
# loss = MSE on standardised log10 half-life
# early stopping on validation loss, patience 40, max 300 epochs
#
 epoch  train_batch        train          val  note
     1   105.784797    99.402397     1.084307  * best
     2   138.767458    42.959816     0.766815  * best
     3    60.158425     1.940889     0.752694  * best
     4     4.565113    10.856509     0.714261  * best
     5    10.917296     1.541179     0.763280  
     6     5.082526     0.803014     0.707251  * best
     7     2.923974     9.611945     0.665206  * best
     8    16.285220     1.170551     0.659136  * best
     9     1.925917     0.750196     0.654367  * best
    10     2.270205     0.698307     0.750732  
    11     0.675726     0.522059     0.666308  
    12     0.852794     0.895150     0.833466  
    13     0.736209     0.566317     0.676731  
    14     0.597889     0.435795     0.655433  
    15     0.612242     0.390210     0.663978  
    16     0.539092     0.385735     0.664107  
    17     0.692154     0.389150     0.637437  * best
    18     0.583800     0.377603     0.657440  
    19     0.659900     0.513580     0.696686  
    20     0.677995     0.391082     0.666036  
    21     0.556537     0.369184     0.634472  * best
    22     0.515495     0.344064     0.647910  
    23     0.481622     0.342824     0.636290  
    24     0.458286     0.308975     0.649722  
    25     0.447083     0.289375     0.638488  
    26     0.428760     0.303458     0.636960  
    27     0.412303     0.254353     0.615033  * best
    28     0.411366     0.363469     0.626466  
    29     0.389659     0.247622     0.610884  * best
    30     0.388700     0.238927     0.666175  
    31     0.395021     0.272051     0.588624  * best
    32     0.374613     0.243724     0.619994  
    33     0.356333     0.218910     0.610820  
    34     0.366318     0.231205     0.640660  
    35     0.364885     0.223404     0.614036  
    36     0.347656     0.207415     0.606637  
    37     0.338151     0.235146     0.582798  * best
    38     0.333209     0.179914     0.650459  
    39     0.329317     0.195009     0.673198  
    40     0.388986     0.212794     0.654435  
    41     0.398300     0.233808     0.643942  
    42     0.354324     0.219985     0.640034  
    43     0.333100     0.179131     0.658205  
    44     0.318157     0.181664     0.627072  
    45     0.315734     0.170710     0.606527  
    46     0.328697     0.171584     0.629778  
    47     0.318196     0.294373     0.626644  
    48     0.583209     0.304394     0.646148  
    49     0.464078     0.329645     0.673762  
    50     0.423548     0.251290     0.631187  
    51     0.357921     0.196049     0.618834  
    52     0.329108     0.199134     0.577657  * best
    53     0.398000     0.229972     0.627282  
    54     0.497397     0.206625     0.580638  
    55     0.355307     0.220303     0.608950  
    56     0.352989     0.193824     0.594384  
    57     0.348716     0.196316     0.620016  
    58     0.323425     0.197236     0.582180  
    59     0.326205     0.201878     0.583950  
    60     0.325162     0.179210     0.663170  
    61     0.318686     0.166327     0.695882  
    62     0.321796     0.181689     0.621577  
    63     0.327857     0.163843     0.611322  
    64     0.356098     0.222918     0.574378  * best
    65     0.326729     0.180674     0.641502  
    66     0.392458     0.217795     0.682979  
    67     0.408073     0.237375     0.617860  
    68     0.404042     0.178810     0.611597  
    69     0.346633     0.172482     0.630529  
    70     0.353424     0.172826     0.625909  
    71     0.340531     0.204239     0.614571  
    72     0.341561     0.231361     0.632867  
    73     0.348708     0.162263     0.635119  
    74     0.319937     0.174025     0.603317  
    75     0.312905     0.177358     0.600388  
    76     0.315671     0.161627     0.598277  
    77     0.313653     0.157763     0.649639  
    78     0.319478     0.164362     0.654332  
    79     0.315183     0.157996     0.613610  
    80     0.412912     0.225895     0.660693  
    81     0.385754     0.210069     0.613209  
    82     0.913573     0.551405     0.704390  
    83     0.655938     0.499673     0.666481  
    84     0.588770     0.400112     0.640866  
    85     0.542689     0.367908     0.620405  
    86     0.507618     0.369272     0.637215  
    87     0.483231     0.322680     0.604639  
    88     0.488261     0.334368     0.620598  
    89     0.477074     0.330157     0.633558  
    90     0.472312     0.375682     0.623923  
    91     0.470852     0.273552     0.596710  
    92     0.476181     0.317413     0.634472  
    93     0.470784     0.297805     0.614543  
    94     0.465769     0.305003     0.597961  
    95     0.484137     0.316509     0.637641  
    96     0.461032     0.379833     0.639200  
    97     0.444407     0.293645     0.626371  
    98     0.431393     0.244782     0.678320  
    99     0.441006     0.262115     0.620367  
   100     0.497852     0.292411     0.631829  
   101     0.426952     0.260207     0.663231  
   102     0.431545     0.254868     0.659910  
   103     0.424446     0.245278     0.600039  
   104     0.427904     0.334536     0.650469  
# stopped at epoch 104: no improvement for 40 epochs
# restored epoch 64 (val MSE 0.574378)
# Spearman  train +0.9221  val +0.4807  test +0.4730
