# gbm_node+energy seed 1
# boosted trees on node+energy
# inputs 11950, 150 trees
# LightGBM gradient-boosted trees, objective l2, lr 0.05, num_leaves 31, min_data_in_leaf 20, feature_fraction 0.3, bagging 0.8, lambda_l2 1.0, up to 3000 rounds, early stopping 100 on validation l2
# loss = l2 on standardised log10 half-life
#
 round        train          val  note
     1     0.960110     0.802512  
     2     0.926792     0.789770  
     3     0.896823     0.781690  
     4     0.868612     0.772673  
     5     0.839708     0.776416  
     6     0.812784     0.766732  
     7     0.787302     0.760859  
     8     0.764151     0.753510  
     9     0.743091     0.754539  
    10     0.723270     0.752521  
    11     0.704859     0.758180  
    12     0.688048     0.760870  
    13     0.673063     0.762920  
    14     0.657130     0.761833  
    15     0.642563     0.759131  
    16     0.629162     0.759177  
    17     0.617259     0.754913  
    18     0.605842     0.755956  
    19     0.594166     0.754508  
    20     0.583968     0.749501  
    21     0.573718     0.744970  
    22     0.564149     0.744754  
    23     0.554832     0.739492  
    24     0.546105     0.739372  
    25     0.538337     0.738077  
    26     0.530768     0.735170  
    27     0.523670     0.735163  
    28     0.516112     0.735481  
    29     0.508977     0.731903  
    30     0.503070     0.730849  
    31     0.496601     0.731486  
    32     0.490521     0.731953  
    33     0.484372     0.730573  
    34     0.478724     0.729857  
    35     0.473179     0.728956  
    36     0.467636     0.727333  
    37     0.462344     0.728127  
    38     0.457246     0.729039  
    39     0.452681     0.727396  
    40     0.447680     0.727134  
    41     0.443023     0.727639  
    42     0.439018     0.730244  
    43     0.434678     0.729910  
    44     0.430357     0.731120  
    45     0.426123     0.730789  
    46     0.421987     0.731553  
    47     0.418039     0.731313  
    48     0.414395     0.730965  
    49     0.410883     0.731445  
    50     0.406781     0.728814  
    51     0.403023     0.728918  
    52     0.399568     0.728195  
    53     0.395730     0.727541  
    54     0.392036     0.725510  
    55     0.388870     0.725856  
    56     0.385458     0.724487  
    57     0.382084     0.725570  
    58     0.378958     0.725096  
    59     0.375847     0.724869  
    60     0.372760     0.725804  
    61     0.369842     0.727103  
    62     0.367036     0.726879  
    63     0.364084     0.726264  
    64     0.361353     0.727171  
    65     0.358231     0.726537  
    66     0.355605     0.727265  
    67     0.352953     0.727837  
    68     0.350482     0.727391  
    69     0.347917     0.727396  
    70     0.344757     0.726474  
    71     0.342086     0.726276  
    72     0.339480     0.725988  
    73     0.337131     0.725294  
    74     0.334596     0.726450  
    75     0.332225     0.725935  
    76     0.329949     0.726723  
    77     0.327510     0.727798  
    78     0.325331     0.727907  
    79     0.322859     0.727860  
    80     0.320561     0.727915  
    81     0.318039     0.727552  
    82     0.315812     0.727119  
    83     0.313668     0.727045  
    84     0.311363     0.727880  
    85     0.308965     0.728787  
    86     0.306856     0.729154  
    87     0.304641     0.728707  
    88     0.302296     0.727714  
    89     0.300319     0.727429  
    90     0.298242     0.727180  
    91     0.296146     0.727527  
    92     0.294044     0.727145  
    93     0.292110     0.727472  
    94     0.289995     0.727114  
    95     0.287884     0.727112  
    96     0.285999     0.727245  
    97     0.284176     0.727312  
    98     0.282241     0.726517  
    99     0.280278     0.727058  
   100     0.278424     0.727386  
   101     0.276699     0.726804  
   102     0.274785     0.726586  
   103     0.272896     0.726895  
   104     0.271136     0.727126  
   105     0.269382     0.727532  
   106     0.267593     0.726865  
   107     0.265731     0.726058  
   108     0.264137     0.726044  
   109     0.262462     0.725789  
   110     0.260703     0.725642  
   111     0.258969     0.725759  
   112     0.257199     0.727046  
   113     0.255598     0.726851  
   114     0.253970     0.726984  
   115     0.252133     0.726647  
   116     0.250508     0.726952  
   117     0.248834     0.726853  
   118     0.247213     0.727053  
   119     0.245740     0.726792  
   120     0.244094     0.725869  
   121     0.242598     0.725750  
   122     0.241025     0.726001  
   123     0.239662     0.726217  
   124     0.238130     0.725893  
   125     0.236564     0.725295  
   126     0.235119     0.724945  
   127     0.233617     0.725100  
   128     0.232073     0.725112  
   129     0.230608     0.725264  
   130     0.229211     0.725320  
   131     0.227788     0.725621  
   132     0.226320     0.725005  
   133     0.224815     0.724214  
   134     0.223465     0.724236  
   135     0.222065     0.724576  
   136     0.220781     0.724600  
   137     0.219460     0.724235  
   138     0.218126     0.724771  
   139     0.216860     0.725126  
   140     0.215461     0.725124  
   141     0.214156     0.724870  
   142     0.212841     0.724455  
   143     0.211543     0.724314  
   144     0.210286     0.724377  
   145     0.208955     0.723923  
   146     0.207708     0.723719  
   147     0.206453     0.724022  
   148     0.205120     0.723002  
   149     0.203792     0.722856  
   150     0.202505     0.721826  * best
   151     0.201355     0.721867  
   152     0.200106     0.722016  
   153     0.198909     0.722429  
   154     0.197713     0.722876  
   155     0.196477     0.722880  
   156     0.195329     0.722568  
   157     0.194134     0.723193  
   158     0.192954     0.723092  
   159     0.191705     0.722750  
   160     0.190668     0.722825  
   161     0.189511     0.722832  
   162     0.188407     0.723052  
   163     0.187350     0.723797  
   164     0.186288     0.723970  
   165     0.185324     0.723753  
   166     0.184207     0.723631  
   167     0.183174     0.723439  
   168     0.182122     0.723364  
   169     0.181123     0.723163  
   170     0.180047     0.723323  
   171     0.179078     0.723150  
   172     0.178118     0.723210  
   173     0.177012     0.723593  
   174     0.175998     0.725588  
   175     0.175010     0.725414  
   176     0.174054     0.724880  
   177     0.172998     0.724222  
   178     0.172042     0.724365  
   179     0.170991     0.724676  
   180     0.170035     0.724736  
   181     0.169072     0.724562  
   182     0.168093     0.724681  
   183     0.167177     0.724661  
   184     0.166207     0.724939  
   185     0.165343     0.725327  
   186     0.164379     0.725619  
   187     0.163445     0.725590  
   188     0.162525     0.725771  
   189     0.161563     0.726091  
   190     0.160593     0.725720  
   191     0.159691     0.725699  
   192     0.158853     0.726006  
   193     0.157960     0.726485  
   194     0.157032     0.726736  
   195     0.156180     0.725737  
   196     0.155301     0.725522  
   197     0.154475     0.725172  
   198     0.153583     0.725064  
   199     0.152685     0.725570  
   200     0.151907     0.725299  
   201     0.151123     0.725298  
   202     0.150369     0.725067  
   203     0.149520     0.725532  
   204     0.148719     0.725653  
   205     0.147863     0.725440  
   206     0.147027     0.725328  
   207     0.146189     0.725062  
   208     0.145391     0.725213  
   209     0.144611     0.725306  
   210     0.143793     0.725052  
   211     0.143057     0.725313  
   212     0.142271     0.725124  
   213     0.141483     0.725324  
   214     0.140749     0.725348  
   215     0.139924     0.725081  
   216     0.139121     0.723915  
   217     0.138272     0.723556  
   218     0.137498     0.723515  
   219     0.136700     0.723495  
   220     0.135956     0.723793  
   221     0.135218     0.723316  
   222     0.134474     0.723420  
   223     0.133727     0.722768  
   224     0.132964     0.722594  
   225     0.132232     0.723264  
   226     0.131513     0.723792  
   227     0.130794     0.724199  
   228     0.130023     0.724876  
   229     0.129353     0.724649  
   230     0.128706     0.724624  
   231     0.128085     0.724646  
   232     0.127378     0.724898  
   233     0.126668     0.724825  
   234     0.125998     0.724997  
   235     0.125388     0.724762  
   236     0.124777     0.724852  
   237     0.124062     0.725130  
   238     0.123417     0.725217  
   239     0.122767     0.725012  
   240     0.122087     0.725080  
   241     0.121434     0.725093  
   242     0.120820     0.724980  
   243     0.120221     0.725136  
   244     0.119538     0.725096  
   245     0.118888     0.724975  
   246     0.118285     0.725385  
   247     0.117665     0.725408  
   248     0.117072     0.725249  
   249     0.116430     0.725269  
   250     0.115794     0.725099  
# best iteration 150 (val l2 0.721826)
# Spearman  train +0.9122  val +0.2015  test -0.0323
