# seq_hla_pseudo seed 0
# NetMHCpan pseudosequence one-hot, 34 x 20
# input dim 680, 91,329 parameters
# Linear(n_in,128) -> GELU -> Dropout(0.3) -> Linear(128,32) -> GELU -> Dropout(0.3) -> Linear(32,1)
# Adam lr=0.001 weight_decay=0.0001 batch=32 dropout=0.3
# loss = MSE on standardised log10 half-life
# early stopping on validation loss, patience 40, max 300 epochs
#
 epoch  train_batch        train          val  note
     1     0.777816     0.729389     0.708240  * best
     2     0.727073     0.706963     0.678132  * best
     3     0.717847     0.707677     0.690423  
     4     0.711733     0.693633     0.677717  * best
     5     0.711910     0.689589     0.670365  * best
     6     0.709833     0.691974     0.674056  
     7     0.709771     0.691130     0.670585  
     8     0.709005     0.686838     0.665120  * best
     9     0.703512     0.685228     0.669242  
    10     0.704882     0.688357     0.674634  
    11     0.709572     0.685495     0.670407  
    12     0.704204     0.687630     0.673903  
    13     0.706519     0.684142     0.664609  * best
    14     0.701311     0.687543     0.664469  * best
    15     0.703153     0.693633     0.672570  
    16     0.700117     0.685459     0.668937  
    17     0.702536     0.688487     0.661800  * best
    18     0.702538     0.685413     0.671527  
    19     0.700779     0.690457     0.677997  
    20     0.701267     0.685451     0.670764  
    21     0.700905     0.688922     0.668325  
    22     0.703187     0.683780     0.662806  
    23     0.698096     0.688046     0.673265  
    24     0.700139     0.682790     0.667445  
    25     0.699586     0.685010     0.660580  * best
    26     0.699614     0.684669     0.669212  
    27     0.699785     0.688754     0.670521  
    28     0.700499     0.682630     0.663414  
    29     0.696564     0.682453     0.658109  * best
    30     0.698393     0.686759     0.663048  
    31     0.699503     0.682302     0.658646  
    32     0.703653     0.682841     0.668439  
    33     0.698295     0.688297     0.666965  
    34     0.700953     0.684705     0.657891  * best
    35     0.699401     0.685233     0.668263  
    36     0.695525     0.687400     0.665960  
    37     0.701883     0.682986     0.658160  
    38     0.696972     0.688662     0.662947  
    39     0.695670     0.685631     0.668564  
    40     0.702279     0.686419     0.672541  
    41     0.701254     0.687572     0.671865  
    42     0.698712     0.684480     0.665472  
    43     0.698799     0.683625     0.659023  
    44     0.698982     0.681333     0.663641  
    45     0.699824     0.681071     0.664123  
    46     0.698771     0.682036     0.662730  
    47     0.699054     0.682205     0.662880  
    48     0.698805     0.683729     0.665026  
    49     0.699253     0.682827     0.659044  
    50     0.698137     0.683201     0.664818  
    51     0.697945     0.689418     0.669726  
    52     0.699243     0.686348     0.662243  
    53     0.701737     0.685048     0.673085  
    54     0.699533     0.681935     0.659386  
    55     0.697900     0.682021     0.663278  
    56     0.700013     0.683156     0.661853  
    57     0.697154     0.681666     0.661208  
    58     0.699206     0.680739     0.659387  
    59     0.699480     0.681660     0.664819  
    60     0.702548     0.684758     0.663778  
    61     0.699050     0.683779     0.663991  
    62     0.695082     0.682060     0.671146  
    63     0.699704     0.684464     0.666430  
    64     0.698566     0.687878     0.669353  
    65     0.699686     0.682700     0.660455  
    66     0.701214     0.685554     0.666853  
    67     0.698263     0.693082     0.675496  
    68     0.699208     0.683060     0.664809  
    69     0.698554     0.681084     0.658931  
    70     0.697902     0.680863     0.657504  * best
    71     0.700841     0.682258     0.666426  
    72     0.696275     0.680256     0.660999  
    73     0.696617     0.679992     0.658088  
    74     0.698455     0.682949     0.660673  
    75     0.700590     0.684649     0.669673  
    76     0.700675     0.690745     0.671447  
    77     0.698948     0.681913     0.663313  
    78     0.699816     0.680457     0.657486  * best
    79     0.697748     0.690297     0.672510  
    80     0.699642     0.681323     0.658349  
    81     0.697396     0.681689     0.659557  
    82     0.698097     0.685813     0.662237  
    83     0.695881     0.679601     0.660885  
    84     0.699497     0.684108     0.664158  
    85     0.696615     0.686626     0.670153  
    86     0.696421     0.680339     0.660070  
    87     0.699262     0.681894     0.664687  
    88     0.696191     0.684198     0.660298  
    89     0.699827     0.682960     0.669524  
    90     0.698663     0.683071     0.664813  
    91     0.698200     0.681822     0.662539  
    92     0.700293     0.682439     0.662720  
    93     0.696199     0.683967     0.663553  
    94     0.697707     0.681747     0.663050  
    95     0.693693     0.680961     0.660486  
    96     0.699764     0.680324     0.661685  
    97     0.700150     0.682053     0.664793  
    98     0.696432     0.680515     0.658758  
    99     0.698817     0.681475     0.662048  
   100     0.698170     0.689607     0.671720  
   101     0.698608     0.682529     0.663611  
   102     0.703225     0.680635     0.660131  
   103     0.696126     0.688181     0.672742  
   104     0.697268     0.680718     0.664103  
   105     0.698192     0.681203     0.662259  
   106     0.696665     0.681045     0.660982  
   107     0.698778     0.684345     0.666947  
   108     0.697403     0.683135     0.662487  
   109     0.698628     0.680952     0.660920  
   110     0.698132     0.681103     0.662666  
   111     0.698333     0.681633     0.658222  
   112     0.698014     0.680656     0.657997  
   113     0.692230     0.686521     0.661972  
   114     0.698448     0.681230     0.662617  
   115     0.699675     0.685762     0.660952  
   116     0.693546     0.683186     0.663975  
   117     0.699236     0.685320     0.667408  
   118     0.696544     0.683653     0.665515  
# stopped at epoch 118: no improvement for 40 epochs
# restored epoch 78 (val MSE 0.657486)
# Spearman  train +0.5565  val +0.5620  test +0.5293
