# gbm_boltz+node seed 1
# boosted trees on boltz+node
# inputs 13067, 1,502 trees
# LightGBM gradient-boosted trees, objective l2, lr 0.05, num_leaves 31, min_data_in_leaf 20, feature_fraction 0.3, bagging 0.8, lambda_l2 1.0, up to 3000 rounds, early stopping 100 on validation l2
# loss = l2 on standardised log10 half-life
#
 round        train          val  note
     1     0.966765     0.978013  
     2     0.934195     0.949173  
     3     0.904297     0.923108  
     4     0.876805     0.898693  
     5     0.850505     0.875369  
     6     0.826137     0.853145  
     7     0.804104     0.832934  
     8     0.782423     0.814724  
     9     0.762102     0.797795  
    10     0.743590     0.782876  
    11     0.725886     0.767565  
    12     0.708935     0.752385  
    13     0.693645     0.740128  
    14     0.679354     0.728412  
    15     0.665170     0.717506  
    16     0.651223     0.705936  
    17     0.638561     0.696187  
    18     0.627272     0.686212  
    19     0.616203     0.678104  
    20     0.605373     0.670018  
    21     0.595576     0.662902  
    22     0.585755     0.655403  
    23     0.576393     0.648635  
    24     0.567453     0.641678  
    25     0.558700     0.634843  
    26     0.550372     0.628979  
    27     0.543065     0.623621  
    28     0.535691     0.617603  
    29     0.527928     0.612133  
    30     0.521024     0.607698  
    31     0.514234     0.603126  
    32     0.507653     0.599217  
    33     0.501512     0.595375  
    34     0.494879     0.590701  
    35     0.488627     0.586283  
    36     0.482393     0.582422  
    37     0.476888     0.579339  
    38     0.471273     0.576193  
    39     0.465883     0.573523  
    40     0.460844     0.570026  
    41     0.455751     0.566994  
    42     0.451215     0.564139  
    43     0.446696     0.561983  
    44     0.441706     0.559237  
    45     0.437189     0.556849  
    46     0.432756     0.554468  
    47     0.428675     0.552869  
    48     0.424154     0.550816  
    49     0.420053     0.548133  
    50     0.415916     0.546111  
    51     0.412024     0.544001  
    52     0.408057     0.541760  
    53     0.404270     0.540031  
    54     0.400095     0.537658  
    55     0.396787     0.536174  
    56     0.392982     0.534432  
    57     0.389716     0.532953  
    58     0.386139     0.531552  
    59     0.383179     0.529826  
    60     0.380012     0.528508  
    61     0.376839     0.526872  
    62     0.373608     0.525608  
    63     0.370387     0.524240  
    64     0.367294     0.523114  
    65     0.364424     0.521646  
    66     0.361311     0.519627  
    67     0.358346     0.518321  
    68     0.355416     0.516802  
    69     0.352470     0.515490  
    70     0.349733     0.514422  
    71     0.346683     0.513156  
    72     0.343939     0.512034  
    73     0.341506     0.511224  
    74     0.338719     0.509970  
    75     0.335920     0.508569  
    76     0.333357     0.507430  
    77     0.330810     0.506280  
    78     0.328346     0.505084  
    79     0.325873     0.503903  
    80     0.323115     0.502585  
    81     0.320798     0.501972  
    82     0.318565     0.501033  
    83     0.316177     0.500521  
    84     0.313602     0.499134  
    85     0.311458     0.498667  
    86     0.309022     0.497424  
    87     0.306590     0.495928  
    88     0.304338     0.495858  
    89     0.302065     0.495118  
    90     0.299833     0.494283  
    91     0.297519     0.492966  
    92     0.295383     0.492595  
    93     0.293255     0.492043  
    94     0.291122     0.491725  
    95     0.289010     0.490637  
    96     0.286791     0.489840  
    97     0.284753     0.489274  
    98     0.282730     0.488505  
    99     0.280694     0.487766  
   100     0.278814     0.486829  
   101     0.277043     0.486497  
   102     0.275188     0.485399  
   103     0.273389     0.484888  
   104     0.271535     0.483836  
   105     0.269747     0.483697  
   106     0.267952     0.483323  
   107     0.266235     0.482619  
   108     0.264518     0.482186  
   109     0.262913     0.481548  
   110     0.261291     0.481169  
   111     0.259519     0.480545  
   112     0.257797     0.479962  
   113     0.255952     0.478978  
   114     0.254170     0.478219  
   115     0.252510     0.477763  
   116     0.250957     0.477463  
   117     0.249303     0.476473  
   118     0.247571     0.475632  
   119     0.245981     0.475121  
   120     0.244513     0.474477  
   121     0.242961     0.474463  
   122     0.241363     0.473818  
   123     0.239867     0.473709  
   124     0.238385     0.473569  
   125     0.236853     0.472792  
   126     0.235467     0.472654  
   127     0.234083     0.472492  
   128     0.232621     0.471961  
   129     0.231193     0.472017  
   130     0.229620     0.471738  
   131     0.228233     0.471454  
   132     0.226754     0.470812  
   133     0.225365     0.470301  
   134     0.223918     0.469661  
   135     0.222364     0.469168  
   136     0.220904     0.469023  
   137     0.219507     0.468194  
   138     0.218110     0.467558  
   139     0.216841     0.467072  
   140     0.215477     0.466623  
   141     0.214063     0.466071  
   142     0.212789     0.465790  
   143     0.211490     0.465262  
   144     0.210148     0.464739  
   145     0.208817     0.464235  
   146     0.207601     0.464152  
   147     0.206355     0.464101  
   148     0.205162     0.464226  
   149     0.203912     0.464055  
   150     0.202639     0.463459  
   151     0.201417     0.463308  
   152     0.200206     0.462921  
   153     0.199017     0.462594  
   154     0.197770     0.462278  
   155     0.196508     0.462134  
   156     0.195318     0.461764  
   157     0.194172     0.461827  
   158     0.193058     0.461252  
   159     0.191957     0.460952  
   160     0.190849     0.460356  
   161     0.189747     0.459906  
   162     0.188571     0.459059  
   163     0.187432     0.458966  
   164     0.186285     0.458471  
   165     0.185149     0.457442  
   166     0.184158     0.457432  
   167     0.183060     0.457364  
   168     0.182013     0.456903  
   169     0.180832     0.456475  
   170     0.179775     0.456430  
   171     0.178814     0.456217  
   172     0.177789     0.455960  
   173     0.176791     0.456005  
   174     0.175866     0.455800  
   175     0.174904     0.455391  
   176     0.173874     0.455279  
   177     0.172855     0.455181  
   178     0.171796     0.454632  
   179     0.170868     0.454622  
   180     0.169855     0.454307  
   181     0.168845     0.454233  
   182     0.167892     0.453724  
   183     0.166965     0.453778  
   184     0.166146     0.453673  
   185     0.165208     0.453289  
   186     0.164258     0.453036  
   187     0.163395     0.452605  
   188     0.162380     0.452475  
   189     0.161404     0.452017  
   190     0.160576     0.451778  
   191     0.159704     0.451747  
   192     0.158826     0.451407  
   193     0.157961     0.451046  
   194     0.157179     0.450745  
   195     0.156250     0.450609  
   196     0.155368     0.450720  
   197     0.154538     0.450244  
   198     0.153739     0.449785  
   199     0.152872     0.449806  
   200     0.151977     0.449556  
   201     0.151184     0.449430  
   202     0.150370     0.449234  
   203     0.149524     0.449106  
   204     0.148693     0.448615  
   205     0.147903     0.448871  
   206     0.147061     0.448445  
   207     0.146276     0.448401  
   208     0.145492     0.448359  
   209     0.144688     0.448061  
   210     0.143910     0.447957  
   211     0.143137     0.447720  
   212     0.142386     0.447702  
   213     0.141615     0.447488  
   214     0.140867     0.447371  
   215     0.140123     0.447044  
   216     0.139417     0.446942  
   217     0.138671     0.446870  
   218     0.137900     0.446726  
   219     0.137127     0.446536  
   220     0.136367     0.446317  
   221     0.135661     0.446322  
   222     0.134952     0.446195  
   223     0.134248     0.446237  
   224     0.133511     0.446053  
   225     0.132816     0.445883  
   226     0.132108     0.445901  
   227     0.131395     0.445822  
   228     0.130737     0.445584  
   229     0.130056     0.445849  
   230     0.129351     0.445531  
   231     0.128710     0.445289  
   232     0.128018     0.445312  
   233     0.127261     0.445194  
   234     0.126605     0.445156  
   235     0.125967     0.445062  
   236     0.125350     0.444833  
   237     0.124708     0.444729  
   238     0.123997     0.444495  
   239     0.123331     0.444199  
   240     0.122700     0.444279  
   241     0.122008     0.443894  
   242     0.121423     0.443795  
   243     0.120755     0.443583  
   244     0.120140     0.443543  
   245     0.119520     0.443505  
   246     0.118912     0.443597  
   247     0.118293     0.443196  
   248     0.117665     0.443025  
   249     0.117013     0.443064  
   250     0.116418     0.442718  
   251     0.115740     0.442423  
   252     0.115170     0.442692  
   253     0.114543     0.442921  
   254     0.113983     0.442975  
   255     0.113386     0.442955  
   256     0.112812     0.442910  
   257     0.112152     0.442733  
   258     0.111588     0.442806  
   259     0.111002     0.442645  
   260     0.110452     0.442660  
   261     0.109866     0.442773  
   262     0.109254     0.442806  
   263     0.108732     0.442767  
   264     0.108187     0.442802  
   265     0.107653     0.442783  
   266     0.107164     0.442815  
   267     0.106543     0.442811  
   268     0.105960     0.442641  
   269     0.105436     0.442879  
   270     0.104933     0.442769  
   271     0.104353     0.442914  
   272     0.103795     0.442700  
   273     0.103282     0.442699  
   274     0.102711     0.442641  
   275     0.102196     0.442733  
   276     0.101674     0.442658  
   277     0.101179     0.442559  
   278     0.100689     0.442571  
   279     0.100187     0.442711  
   280     0.099649     0.442660  
   281     0.099153     0.442519  
   282     0.098703     0.442440  
   283     0.098205     0.442261  
   284     0.097720     0.442035  
   285     0.097225     0.441919  
   286     0.096726     0.441857  
   287     0.096250     0.441742  
   288     0.095742     0.441373  
   289     0.095292     0.441533  
   290     0.094828     0.441445  
   291     0.094356     0.441542  
   292     0.093865     0.441314  
   293     0.093406     0.441223  
   294     0.093030     0.441063  
   295     0.092579     0.440983  
   296     0.092121     0.440955  
   297     0.091656     0.440734  
   298     0.091191     0.440643  
   299     0.090721     0.440479  
   300     0.090269     0.440369  
   301     0.089795     0.440258  
   302     0.089379     0.440318  
   303     0.088924     0.440380  
   304     0.088511     0.440149  
   305     0.088055     0.440093  
   306     0.087624     0.439995  
   307     0.087221     0.440092  
   308     0.086765     0.439798  
   309     0.086316     0.439417  
   310     0.085849     0.439444  
   311     0.085413     0.439443  
   312     0.084965     0.439324  
   313     0.084557     0.439336  
   314     0.084177     0.439377  
   315     0.083773     0.439201  
   316     0.083312     0.439181  
   317     0.082938     0.438966  
   318     0.082537     0.438855  
   319     0.082147     0.439007  
   320     0.081760     0.438980  
   321     0.081344     0.438923  
   322     0.080957     0.438913  
   323     0.080565     0.438819  
   324     0.080172     0.438842  
   325     0.079809     0.438806  
   326     0.079414     0.438652  
   327     0.079046     0.438551  
   328     0.078670     0.438406  
   329     0.078271     0.438370  
   330     0.077899     0.438387  
   331     0.077482     0.438340  
   332     0.077101     0.438394  
   333     0.076756     0.438426  
   334     0.076405     0.438270  
   335     0.076033     0.438206  
   336     0.075674     0.438261  
   337     0.075318     0.438218  
   338     0.074982     0.438338  
   339     0.074636     0.438427  
   340     0.074251     0.438429  
   341     0.073900     0.438183  
   342     0.073531     0.438123  
   343     0.073193     0.438326  
   344     0.072857     0.438293  
   345     0.072506     0.438484  
   346     0.072136     0.438486  
   347     0.071803     0.438534  
   348     0.071474     0.438597  
   349     0.071159     0.438578  
   350     0.070809     0.438471  
   351     0.070481     0.438535  
   352     0.070147     0.438539  
   353     0.069802     0.438603  
   354     0.069449     0.438473  
   355     0.069109     0.438455  
   356     0.068770     0.438177  
   357     0.068444     0.438160  
   358     0.068113     0.438262  
   359     0.067768     0.438206  
   360     0.067434     0.438264  
   361     0.067106     0.438234  
   362     0.066792     0.438248  
   363     0.066458     0.438125  
   364     0.066158     0.438069  
   365     0.065845     0.438084  
   366     0.065541     0.438077  
   367     0.065217     0.438003  
   368     0.064907     0.437933  
   369     0.064592     0.437952  
   370     0.064277     0.438019  
   371     0.063965     0.437931  
   372     0.063664     0.437992  
   373     0.063334     0.437996  
   374     0.063066     0.438079  
   375     0.062782     0.438127  
   376     0.062490     0.438124  
   377     0.062193     0.438149  
   378     0.061895     0.438225  
   379     0.061567     0.438221  
   380     0.061279     0.438287  
   381     0.061015     0.438072  
   382     0.060720     0.438102  
   383     0.060446     0.438026  
   384     0.060188     0.438063  
   385     0.059900     0.438150  
   386     0.059645     0.438137  
   387     0.059379     0.438251  
   388     0.059111     0.438274  
   389     0.058818     0.438378  
   390     0.058526     0.438492  
   391     0.058249     0.438397  
   392     0.057981     0.438654  
   393     0.057706     0.438633  
   394     0.057430     0.438569  
   395     0.057141     0.438564  
   396     0.056907     0.438586  
   397     0.056636     0.438606  
   398     0.056357     0.438639  
   399     0.056092     0.438486  
   400     0.055836     0.438465  
   401     0.055582     0.438443  
   402     0.055327     0.438528  
   403     0.055070     0.438600  
   404     0.054806     0.438498  
   405     0.054555     0.438392  
   406     0.054311     0.438283  
   407     0.054091     0.438339  
   408     0.053847     0.438360  
   409     0.053590     0.438328  
   410     0.053340     0.438270  
   411     0.053098     0.438323  
   412     0.052840     0.438169  
   413     0.052601     0.438150  
   414     0.052338     0.438102  
   415     0.052110     0.438155  
   416     0.051855     0.438230  
   417     0.051644     0.438329  
   418     0.051436     0.438219  
   419     0.051229     0.438292  
   420     0.050996     0.438209  
   421     0.050758     0.438172  
   422     0.050532     0.438065  
   423     0.050316     0.438048  
   424     0.050077     0.438085  
   425     0.049853     0.438032  
   426     0.049622     0.437959  
   427     0.049396     0.437831  
   428     0.049150     0.437860  
   429     0.048920     0.437827  
   430     0.048695     0.437970  
   431     0.048461     0.437883  
   432     0.048241     0.437766  
   433     0.048003     0.437883  
   434     0.047811     0.437942  
   435     0.047583     0.438018  
   436     0.047355     0.437876  
   437     0.047148     0.437858  
   438     0.046949     0.438008  
   439     0.046723     0.437996  
   440     0.046506     0.437948  
   441     0.046298     0.437987  
   442     0.046096     0.438020  
   443     0.045883     0.438085  
   444     0.045662     0.438114  
   445     0.045455     0.438113  
   446     0.045264     0.438147  
   447     0.045055     0.438161  
   448     0.044826     0.437934  
   449     0.044626     0.437905  
   450     0.044419     0.437954  
   451     0.044223     0.437807  
   452     0.044016     0.437745  
   453     0.043819     0.437727  
   454     0.043593     0.437715  
   455     0.043402     0.437631  
   456     0.043208     0.437567  
   457     0.043008     0.437589  
   458     0.042826     0.437521  
   459     0.042631     0.437438  
   460     0.042426     0.437417  
   461     0.042249     0.437351  
   462     0.042053     0.437191  
   463     0.041870     0.437195  
   464     0.041685     0.437112  
   465     0.041500     0.437184  
   466     0.041322     0.437068  
   467     0.041148     0.437134  
   468     0.040971     0.437176  
   469     0.040793     0.437095  
   470     0.040588     0.437127  
   471     0.040400     0.437001  
   472     0.040228     0.436957  
   473     0.040047     0.436970  
   474     0.039874     0.436923  
   475     0.039690     0.436826  
   476     0.039511     0.436841  
   477     0.039327     0.436939  
   478     0.039158     0.437091  
   479     0.038984     0.437035  
   480     0.038832     0.436967  
   481     0.038648     0.436942  
   482     0.038490     0.436952  
   483     0.038312     0.436896  
   484     0.038143     0.436776  
   485     0.037967     0.436736  
   486     0.037806     0.436737  
   487     0.037623     0.436646  
   488     0.037437     0.436624  
   489     0.037261     0.436691  
   490     0.037098     0.436743  
   491     0.036911     0.436700  
   492     0.036756     0.436708  
   493     0.036592     0.436656  
   494     0.036437     0.436566  
   495     0.036272     0.436440  
   496     0.036116     0.436446  
   497     0.035956     0.436384  
   498     0.035782     0.436212  
   499     0.035615     0.436206  
   500     0.035441     0.436321  
   501     0.035275     0.436302  
   502     0.035124     0.436260  
   503     0.034972     0.436432  
   504     0.034823     0.436412  
   505     0.034662     0.436343  
   506     0.034500     0.436367  
   507     0.034344     0.436444  
   508     0.034182     0.436349  
   509     0.034030     0.436404  
   510     0.033890     0.436228  
   511     0.033754     0.436147  
   512     0.033600     0.436107  
   513     0.033435     0.436164  
   514     0.033282     0.436087  
   515     0.033125     0.436074  
   516     0.032970     0.436094  
   517     0.032819     0.436088  
   518     0.032675     0.435985  
   519     0.032546     0.435939  
   520     0.032399     0.435821  
   521     0.032262     0.435931  
   522     0.032117     0.435977  
   523     0.031979     0.435921  
   524     0.031850     0.435788  
   525     0.031692     0.435693  
   526     0.031554     0.435686  
   527     0.031410     0.435752  
   528     0.031277     0.435712  
   529     0.031133     0.435632  
   530     0.030980     0.435691  
   531     0.030826     0.435712  
   532     0.030680     0.435829  
   533     0.030546     0.435830  
   534     0.030428     0.435803  
   535     0.030284     0.435730  
   536     0.030150     0.435666  
   537     0.030009     0.435748  
   538     0.029871     0.435739  
   539     0.029742     0.435830  
   540     0.029618     0.435797  
   541     0.029498     0.435722  
   542     0.029363     0.435648  
   543     0.029224     0.435425  
   544     0.029091     0.435394  
   545     0.028970     0.435294  
   546     0.028837     0.435200  
   547     0.028700     0.435272  
   548     0.028575     0.435161  
   549     0.028449     0.435118  
   550     0.028315     0.435112  
   551     0.028175     0.435033  
   552     0.028033     0.434997  
   553     0.027914     0.434960  
   554     0.027793     0.435011  
   555     0.027679     0.434977  
   556     0.027560     0.434892  
   557     0.027432     0.434964  
   558     0.027305     0.434982  
   559     0.027175     0.434994  
   560     0.027050     0.434910  
   561     0.026923     0.434797  
   562     0.026814     0.434837  
   563     0.026694     0.434790  
   564     0.026583     0.434807  
   565     0.026474     0.434790  
   566     0.026348     0.434731  
   567     0.026231     0.434692  
   568     0.026111     0.434582  
   569     0.025996     0.434500  
   570     0.025886     0.434473  
   571     0.025771     0.434506  
   572     0.025671     0.434408  
   573     0.025568     0.434371  
   574     0.025453     0.434457  
   575     0.025334     0.434511  
   576     0.025217     0.434441  
   577     0.025115     0.434434  
   578     0.025008     0.434370  
   579     0.024903     0.434357  
   580     0.024798     0.434354  
   581     0.024701     0.434251  
   582     0.024590     0.434198  
   583     0.024482     0.434167  
   584     0.024366     0.434284  
   585     0.024252     0.434276  
   586     0.024135     0.434258  
   587     0.024033     0.434306  
   588     0.023920     0.434312  
   589     0.023817     0.434295  
   590     0.023710     0.434320  
   591     0.023609     0.434287  
   592     0.023508     0.434339  
   593     0.023395     0.434288  
   594     0.023288     0.434185  
   595     0.023196     0.434155  
   596     0.023093     0.434081  
   597     0.022993     0.434088  
   598     0.022891     0.434068  
   599     0.022793     0.434129  
   600     0.022696     0.434088  
   601     0.022589     0.434170  
   602     0.022487     0.434180  
   603     0.022378     0.434053  
   604     0.022283     0.434000  
   605     0.022180     0.434063  
   606     0.022077     0.434154  
   607     0.021978     0.434115  
   608     0.021877     0.434033  
   609     0.021786     0.434040  
   610     0.021679     0.433999  
   611     0.021584     0.433946  
   612     0.021492     0.433847  
   613     0.021404     0.433817  
   614     0.021311     0.433854  
   615     0.021218     0.433804  
   616     0.021121     0.433696  
   617     0.021017     0.433660  
   618     0.020927     0.433590  
   619     0.020837     0.433575  
   620     0.020736     0.433485  
   621     0.020639     0.433466  
   622     0.020549     0.433354  
   623     0.020454     0.433365  
   624     0.020355     0.433416  
   625     0.020258     0.433393  
   626     0.020178     0.433351  
   627     0.020088     0.433226  
   628     0.020005     0.433239  
   629     0.019919     0.433286  
   630     0.019837     0.433254  
   631     0.019756     0.433198  
   632     0.019666     0.433188  
   633     0.019592     0.433098  
   634     0.019509     0.433065  
   635     0.019435     0.433074  
   636     0.019350     0.433082  
   637     0.019263     0.433004  
   638     0.019183     0.432919  
   639     0.019097     0.432970  
   640     0.019017     0.432949  
   641     0.018935     0.432945  
   642     0.018858     0.432811  
   643     0.018778     0.432785  
   644     0.018700     0.432761  
   645     0.018629     0.432679  
   646     0.018551     0.432598  
   647     0.018468     0.432664  
   648     0.018378     0.432636  
   649     0.018297     0.432495  
   650     0.018216     0.432502  
   651     0.018132     0.432511  
   652     0.018058     0.432558  
   653     0.017985     0.432602  
   654     0.017900     0.432660  
   655     0.017824     0.432654  
   656     0.017754     0.432612  
   657     0.017683     0.432655  
   658     0.017611     0.432692  
   659     0.017532     0.432638  
   660     0.017453     0.432635  
   661     0.017372     0.432681  
   662     0.017312     0.432660  
   663     0.017233     0.432593  
   664     0.017155     0.432660  
   665     0.017089     0.432683  
   666     0.017013     0.432581  
   667     0.016928     0.432543  
   668     0.016855     0.432467  
   669     0.016783     0.432447  
   670     0.016717     0.432377  
   671     0.016653     0.432401  
   672     0.016575     0.432441  
   673     0.016506     0.432372  
   674     0.016440     0.432383  
   675     0.016374     0.432303  
   676     0.016300     0.432319  
   677     0.016234     0.432343  
   678     0.016172     0.432303  
   679     0.016104     0.432273  
   680     0.016037     0.432227  
   681     0.015964     0.432170  
   682     0.015898     0.432161  
   683     0.015825     0.432242  
   684     0.015762     0.432248  
   685     0.015692     0.432232  
   686     0.015623     0.432238  
   687     0.015551     0.432274  
   688     0.015490     0.432279  
   689     0.015427     0.432228  
   690     0.015360     0.432208  
   691     0.015295     0.432178  
   692     0.015226     0.432212  
   693     0.015157     0.432241  
   694     0.015085     0.432252  
   695     0.015016     0.432216  
   696     0.014948     0.432231  
   697     0.014886     0.432111  
   698     0.014818     0.432115  
   699     0.014751     0.432041  
   700     0.014696     0.432090  
   701     0.014632     0.432074  
   702     0.014579     0.432063  
   703     0.014513     0.431997  
   704     0.014455     0.431980  
   705     0.014396     0.431969  
   706     0.014330     0.431886  
   707     0.014265     0.431911  
   708     0.014202     0.431902  
   709     0.014143     0.431861  
   710     0.014084     0.431870  
   711     0.014027     0.431850  
   712     0.013963     0.431771  
   713     0.013906     0.431747  
   714     0.013847     0.431700  
   715     0.013788     0.431619  
   716     0.013733     0.431544  
   717     0.013680     0.431582  
   718     0.013626     0.431670  
   719     0.013566     0.431663  
   720     0.013509     0.431699  
   721     0.013450     0.431625  
   722     0.013385     0.431607  
   723     0.013324     0.431554  
   724     0.013271     0.431538  
   725     0.013217     0.431570  
   726     0.013155     0.431537  
   727     0.013098     0.431598  
   728     0.013041     0.431587  
   729     0.012989     0.431474  
   730     0.012937     0.431460  
   731     0.012887     0.431446  
   732     0.012832     0.431489  
   733     0.012773     0.431460  
   734     0.012724     0.431427  
   735     0.012675     0.431512  
   736     0.012616     0.431498  
   737     0.012566     0.431485  
   738     0.012516     0.431531  
   739     0.012465     0.431524  
   740     0.012421     0.431490  
   741     0.012368     0.431433  
   742     0.012311     0.431421  
   743     0.012266     0.431427  
   744     0.012219     0.431403  
   745     0.012171     0.431424  
   746     0.012117     0.431463  
   747     0.012066     0.431424  
   748     0.012016     0.431396  
   749     0.011967     0.431363  
   750     0.011919     0.431338  
   751     0.011869     0.431291  
   752     0.011824     0.431319  
   753     0.011763     0.431235  
   754     0.011718     0.431220  
   755     0.011677     0.431180  
   756     0.011630     0.431114  
   757     0.011586     0.431034  
   758     0.011539     0.430997  
   759     0.011489     0.431000  
   760     0.011438     0.430995  
   761     0.011387     0.431020  
   762     0.011335     0.431038  
   763     0.011286     0.431062  
   764     0.011239     0.431081  
   765     0.011195     0.431022  
   766     0.011149     0.431031  
   767     0.011103     0.430997  
   768     0.011052     0.430948  
   769     0.011004     0.430943  
   770     0.010959     0.430910  
   771     0.010915     0.430935  
   772     0.010872     0.430937  
   773     0.010830     0.430996  
   774     0.010788     0.431024  
   775     0.010738     0.431062  
   776     0.010694     0.431029  
   777     0.010654     0.431098  
   778     0.010610     0.431057  
   779     0.010563     0.431019  
   780     0.010515     0.431042  
   781     0.010471     0.431003  
   782     0.010427     0.430947  
   783     0.010387     0.430935  
   784     0.010346     0.430958  
   785     0.010304     0.430957  
   786     0.010263     0.430957  
   787     0.010225     0.431016  
   788     0.010184     0.431090  
   789     0.010137     0.431002  
   790     0.010090     0.430997  
   791     0.010046     0.431038  
   792     0.010007     0.431028  
   793     0.009964     0.430934  
   794     0.009918     0.430833  
   795     0.009876     0.430820  
   796     0.009835     0.430827  
   797     0.009790     0.430865  
   798     0.009751     0.430860  
   799     0.009712     0.430882  
   800     0.009666     0.430839  
   801     0.009625     0.430817  
   802     0.009582     0.430805  
   803     0.009545     0.430798  
   804     0.009500     0.430728  
   805     0.009465     0.430702  
   806     0.009426     0.430643  
   807     0.009390     0.430677  
   808     0.009346     0.430679  
   809     0.009307     0.430632  
   810     0.009267     0.430641  
   811     0.009230     0.430626  
   812     0.009191     0.430608  
   813     0.009157     0.430535  
   814     0.009121     0.430501  
   815     0.009083     0.430571  
   816     0.009044     0.430526  
   817     0.009009     0.430494  
   818     0.008975     0.430482  
   819     0.008940     0.430459  
   820     0.008898     0.430401  
   821     0.008862     0.430455  
   822     0.008825     0.430478  
   823     0.008789     0.430454  
   824     0.008747     0.430430  
   825     0.008709     0.430408  
   826     0.008669     0.430390  
   827     0.008632     0.430355  
   828     0.008595     0.430356  
   829     0.008556     0.430357  
   830     0.008523     0.430352  
   831     0.008489     0.430372  
   832     0.008455     0.430324  
   833     0.008421     0.430279  
   834     0.008389     0.430247  
   835     0.008355     0.430255  
   836     0.008320     0.430214  
   837     0.008287     0.430214  
   838     0.008253     0.430225  
   839     0.008222     0.430198  
   840     0.008188     0.430188  
   841     0.008157     0.430174  
   842     0.008120     0.430103  
   843     0.008090     0.430090  
   844     0.008058     0.430012  
   845     0.008024     0.429981  
   846     0.007990     0.429957  
   847     0.007953     0.429966  
   848     0.007918     0.429955  
   849     0.007890     0.429932  
   850     0.007862     0.429912  
   851     0.007831     0.429943  
   852     0.007795     0.429935  
   853     0.007762     0.429900  
   854     0.007729     0.429903  
   855     0.007697     0.429889  
   856     0.007664     0.429897  
   857     0.007631     0.429894  
   858     0.007601     0.429862  
   859     0.007570     0.429833  
   860     0.007540     0.429857  
   861     0.007510     0.429871  
   862     0.007478     0.429825  
   863     0.007445     0.429759  
   864     0.007411     0.429713  
   865     0.007383     0.429680  
   866     0.007352     0.429689  
   867     0.007320     0.429640  
   868     0.007290     0.429654  
   869     0.007261     0.429641  
   870     0.007230     0.429630  
   871     0.007200     0.429640  
   872     0.007172     0.429598  
   873     0.007142     0.429601  
   874     0.007109     0.429628  
   875     0.007081     0.429659  
   876     0.007050     0.429612  
   877     0.007021     0.429619  
   878     0.006992     0.429589  
   879     0.006963     0.429606  
   880     0.006937     0.429622  
   881     0.006906     0.429635  
   882     0.006878     0.429654  
   883     0.006849     0.429703  
   884     0.006824     0.429680  
   885     0.006793     0.429630  
   886     0.006764     0.429560  
   887     0.006732     0.429533  
   888     0.006700     0.429570  
   889     0.006673     0.429566  
   890     0.006645     0.429575  
   891     0.006617     0.429591  
   892     0.006590     0.429603  
   893     0.006563     0.429592  
   894     0.006539     0.429620  
   895     0.006512     0.429645  
   896     0.006483     0.429608  
   897     0.006458     0.429631  
   898     0.006428     0.429641  
   899     0.006398     0.429672  
   900     0.006375     0.429633  
   901     0.006350     0.429628  
   902     0.006325     0.429606  
   903     0.006302     0.429628  
   904     0.006273     0.429593  
   905     0.006248     0.429574  
   906     0.006224     0.429544  
   907     0.006198     0.429513  
   908     0.006170     0.429460  
   909     0.006144     0.429495  
   910     0.006116     0.429503  
   911     0.006090     0.429460  
   912     0.006064     0.429491  
   913     0.006039     0.429449  
   914     0.006015     0.429456  
   915     0.005988     0.429422  
   916     0.005960     0.429435  
   917     0.005937     0.429350  
   918     0.005913     0.429355  
   919     0.005888     0.429373  
   920     0.005867     0.429367  
   921     0.005845     0.429361  
   922     0.005819     0.429363  
   923     0.005795     0.429362  
   924     0.005771     0.429346  
   925     0.005746     0.429349  
   926     0.005722     0.429399  
   927     0.005697     0.429371  
   928     0.005676     0.429345  
   929     0.005651     0.429392  
   930     0.005627     0.429396  
   931     0.005606     0.429375  
   932     0.005584     0.429399  
   933     0.005562     0.429387  
   934     0.005537     0.429379  
   935     0.005513     0.429377  
   936     0.005492     0.429385  
   937     0.005468     0.429389  
   938     0.005445     0.429402  
   939     0.005420     0.429411  
   940     0.005399     0.429402  
   941     0.005378     0.429377  
   942     0.005359     0.429366  
   943     0.005337     0.429364  
   944     0.005316     0.429303  
   945     0.005291     0.429295  
   946     0.005270     0.429276  
   947     0.005249     0.429331  
   948     0.005226     0.429357  
   949     0.005204     0.429375  
   950     0.005182     0.429367  
   951     0.005160     0.429306  
   952     0.005139     0.429295  
   953     0.005118     0.429325  
   954     0.005098     0.429304  
   955     0.005079     0.429291  
   956     0.005058     0.429234  
   957     0.005038     0.429183  
   958     0.005017     0.429192  
   959     0.004998     0.429161  
   960     0.004979     0.429176  
   961     0.004956     0.429180  
   962     0.004936     0.429228  
   963     0.004913     0.429249  
   964     0.004894     0.429268  
   965     0.004874     0.429271  
   966     0.004855     0.429274  
   967     0.004836     0.429276  
   968     0.004817     0.429258  
   969     0.004797     0.429276  
   970     0.004780     0.429258  
   971     0.004761     0.429274  
   972     0.004740     0.429305  
   973     0.004722     0.429292  
   974     0.004702     0.429279  
   975     0.004685     0.429308  
   976     0.004666     0.429295  
   977     0.004646     0.429323  
   978     0.004629     0.429289  
   979     0.004610     0.429267  
   980     0.004589     0.429235  
   981     0.004570     0.429218  
   982     0.004553     0.429225  
   983     0.004533     0.429203  
   984     0.004514     0.429189  
   985     0.004498     0.429209  
   986     0.004479     0.429286  
   987     0.004459     0.429335  
   988     0.004440     0.429320  
   989     0.004421     0.429317  
   990     0.004404     0.429324  
   991     0.004386     0.429312  
   992     0.004367     0.429339  
   993     0.004349     0.429290  
   994     0.004334     0.429280  
   995     0.004318     0.429261  
   996     0.004300     0.429266  
   997     0.004282     0.429235  
   998     0.004265     0.429223  
   999     0.004248     0.429239  
  1000     0.004231     0.429222  
  1001     0.004212     0.429182  
  1002     0.004194     0.429214  
  1003     0.004178     0.429208  
  1004     0.004162     0.429189  
  1005     0.004143     0.429199  
  1006     0.004125     0.429172  
  1007     0.004108     0.429144  
  1008     0.004092     0.429150  
  1009     0.004077     0.429145  
  1010     0.004059     0.429130  
  1011     0.004042     0.429086  
  1012     0.004025     0.429067  
  1013     0.004010     0.429064  
  1014     0.003992     0.429069  
  1015     0.003977     0.429033  
  1016     0.003960     0.429066  
  1017     0.003943     0.429055  
  1018     0.003928     0.429078  
  1019     0.003912     0.429033  
  1020     0.003897     0.429051  
  1021     0.003880     0.429031  
  1022     0.003864     0.428988  
  1023     0.003848     0.429008  
  1024     0.003834     0.429064  
  1025     0.003820     0.429063  
  1026     0.003804     0.429076  
  1027     0.003790     0.429088  
  1028     0.003773     0.429083  
  1029     0.003760     0.429077  
  1030     0.003744     0.429093  
  1031     0.003728     0.429108  
  1032     0.003713     0.429111  
  1033     0.003698     0.429126  
  1034     0.003682     0.429122  
  1035     0.003667     0.429100  
  1036     0.003651     0.429073  
  1037     0.003637     0.429076  
  1038     0.003623     0.429088  
  1039     0.003609     0.429053  
  1040     0.003594     0.429029  
  1041     0.003579     0.429020  
  1042     0.003566     0.429041  
  1043     0.003552     0.429023  
  1044     0.003536     0.428990  
  1045     0.003523     0.428998  
  1046     0.003507     0.429006  
  1047     0.003494     0.429008  
  1048     0.003481     0.428992  
  1049     0.003466     0.429010  
  1050     0.003452     0.429042  
  1051     0.003439     0.429047  
  1052     0.003425     0.429066  
  1053     0.003411     0.429033  
  1054     0.003397     0.429030  
  1055     0.003383     0.429040  
  1056     0.003368     0.429031  
  1057     0.003354     0.429057  
  1058     0.003341     0.429047  
  1059     0.003328     0.429044  
  1060     0.003313     0.429065  
  1061     0.003300     0.429069  
  1062     0.003288     0.429055  
  1063     0.003276     0.429063  
  1064     0.003262     0.429065  
  1065     0.003250     0.429066  
  1066     0.003237     0.429081  
  1067     0.003225     0.429086  
  1068     0.003212     0.429046  
  1069     0.003198     0.429017  
  1070     0.003186     0.429023  
  1071     0.003174     0.429007  
  1072     0.003161     0.428993  
  1073     0.003148     0.428968  
  1074     0.003136     0.428999  
  1075     0.003123     0.428976  
  1076     0.003112     0.428964  
  1077     0.003099     0.428959  
  1078     0.003085     0.428974  
  1079     0.003074     0.428990  
  1080     0.003061     0.428981  
  1081     0.003050     0.428976  
  1082     0.003038     0.428968  
  1083     0.003025     0.428960  
  1084     0.003014     0.428950  
  1085     0.003002     0.428941  
  1086     0.002989     0.428971  
  1087     0.002976     0.428954  
  1088     0.002965     0.428942  
  1089     0.002952     0.428942  
  1090     0.002942     0.428958  
  1091     0.002931     0.428951  
  1092     0.002920     0.428971  
  1093     0.002910     0.428968  
  1094     0.002898     0.428996  
  1095     0.002888     0.428957  
  1096     0.002875     0.428942  
  1097     0.002863     0.428904  
  1098     0.002853     0.428927  
  1099     0.002841     0.428908  
  1100     0.002831     0.428913  
  1101     0.002819     0.428916  
  1102     0.002806     0.428914  
  1103     0.002793     0.428912  
  1104     0.002782     0.428901  
  1105     0.002771     0.428901  
  1106     0.002760     0.428882  
  1107     0.002750     0.428915  
  1108     0.002739     0.428928  
  1109     0.002727     0.428935  
  1110     0.002717     0.428963  
  1111     0.002706     0.428977  
  1112     0.002696     0.428986  
  1113     0.002685     0.428966  
  1114     0.002673     0.428926  
  1115     0.002661     0.428935  
  1116     0.002650     0.428956  
  1117     0.002639     0.428985  
  1118     0.002629     0.428960  
  1119     0.002619     0.428936  
  1120     0.002609     0.428931  
  1121     0.002598     0.428947  
  1122     0.002588     0.428984  
  1123     0.002577     0.428985  
  1124     0.002567     0.428963  
  1125     0.002556     0.428972  
  1126     0.002546     0.428969  
  1127     0.002537     0.428974  
  1128     0.002526     0.428982  
  1129     0.002516     0.428997  
  1130     0.002505     0.428985  
  1131     0.002496     0.428956  
  1132     0.002486     0.428969  
  1133     0.002476     0.428968  
  1134     0.002465     0.429000  
  1135     0.002457     0.429000  
  1136     0.002446     0.428996  
  1137     0.002437     0.428978  
  1138     0.002427     0.428962  
  1139     0.002419     0.428945  
  1140     0.002410     0.428924  
  1141     0.002400     0.428932  
  1142     0.002391     0.428926  
  1143     0.002383     0.428897  
  1144     0.002374     0.428869  
  1145     0.002365     0.428849  
  1146     0.002357     0.428849  
  1147     0.002347     0.428857  
  1148     0.002339     0.428872  
  1149     0.002329     0.428875  
  1150     0.002318     0.428832  
  1151     0.002310     0.428826  
  1152     0.002301     0.428824  
  1153     0.002293     0.428815  
  1154     0.002284     0.428809  
  1155     0.002274     0.428852  
  1156     0.002265     0.428853  
  1157     0.002256     0.428832  
  1158     0.002247     0.428845  
  1159     0.002237     0.428838  
  1160     0.002229     0.428819  
  1161     0.002220     0.428812  
  1162     0.002211     0.428823  
  1163     0.002201     0.428812  
  1164     0.002192     0.428801  
  1165     0.002183     0.428796  
  1166     0.002174     0.428778  
  1167     0.002164     0.428750  
  1168     0.002155     0.428727  
  1169     0.002146     0.428735  
  1170     0.002136     0.428706  
  1171     0.002127     0.428689  
  1172     0.002119     0.428682  
  1173     0.002111     0.428683  
  1174     0.002102     0.428691  
  1175     0.002094     0.428662  
  1176     0.002087     0.428676  
  1177     0.002079     0.428702  
  1178     0.002070     0.428694  
  1179     0.002063     0.428671  
  1180     0.002054     0.428700  
  1181     0.002047     0.428697  
  1182     0.002040     0.428698  
  1183     0.002032     0.428694  
  1184     0.002024     0.428691  
  1185     0.002017     0.428690  
  1186     0.002009     0.428704  
  1187     0.002001     0.428697  
  1188     0.001993     0.428707  
  1189     0.001985     0.428727  
  1190     0.001977     0.428700  
  1191     0.001969     0.428698  
  1192     0.001961     0.428703  
  1193     0.001953     0.428702  
  1194     0.001946     0.428707  
  1195     0.001939     0.428712  
  1196     0.001930     0.428717  
  1197     0.001922     0.428707  
  1198     0.001914     0.428740  
  1199     0.001906     0.428764  
  1200     0.001900     0.428758  
  1201     0.001893     0.428773  
  1202     0.001887     0.428761  
  1203     0.001879     0.428736  
  1204     0.001873     0.428727  
  1205     0.001866     0.428720  
  1206     0.001858     0.428717  
  1207     0.001851     0.428704  
  1208     0.001844     0.428690  
  1209     0.001836     0.428691  
  1210     0.001829     0.428674  
  1211     0.001823     0.428677  
  1212     0.001815     0.428680  
  1213     0.001808     0.428700  
  1214     0.001801     0.428700  
  1215     0.001793     0.428669  
  1216     0.001787     0.428679  
  1217     0.001779     0.428680  
  1218     0.001772     0.428684  
  1219     0.001766     0.428692  
  1220     0.001759     0.428688  
  1221     0.001752     0.428700  
  1222     0.001745     0.428684  
  1223     0.001738     0.428681  
  1224     0.001732     0.428693  
  1225     0.001724     0.428665  
  1226     0.001717     0.428651  
  1227     0.001711     0.428664  
  1228     0.001704     0.428683  
  1229     0.001697     0.428689  
  1230     0.001691     0.428681  
  1231     0.001684     0.428679  
  1232     0.001677     0.428685  
  1233     0.001670     0.428673  
  1234     0.001664     0.428665  
  1235     0.001658     0.428645  
  1236     0.001652     0.428657  
  1237     0.001645     0.428650  
  1238     0.001639     0.428604  
  1239     0.001632     0.428597  
  1240     0.001626     0.428592  
  1241     0.001620     0.428621  
  1242     0.001615     0.428653  
  1243     0.001608     0.428646  
  1244     0.001601     0.428663  
  1245     0.001594     0.428658  
  1246     0.001588     0.428663  
  1247     0.001581     0.428678  
  1248     0.001576     0.428674  
  1249     0.001570     0.428639  
  1250     0.001564     0.428653  
  1251     0.001557     0.428658  
  1252     0.001551     0.428665  
  1253     0.001545     0.428652  
  1254     0.001539     0.428635  
  1255     0.001534     0.428625  
  1256     0.001528     0.428634  
  1257     0.001522     0.428621  
  1258     0.001517     0.428625  
  1259     0.001511     0.428636  
  1260     0.001504     0.428641  
  1261     0.001499     0.428643  
  1262     0.001493     0.428635  
  1263     0.001487     0.428621  
  1264     0.001481     0.428617  
  1265     0.001475     0.428619  
  1266     0.001469     0.428601  
  1267     0.001464     0.428594  
  1268     0.001458     0.428582  
  1269     0.001451     0.428577  
  1270     0.001446     0.428594  
  1271     0.001440     0.428599  
  1272     0.001435     0.428601  
  1273     0.001429     0.428590  
  1274     0.001423     0.428585  
  1275     0.001418     0.428602  
  1276     0.001413     0.428581  
  1277     0.001407     0.428579  
  1278     0.001402     0.428576  
  1279     0.001397     0.428578  
  1280     0.001392     0.428564  
  1281     0.001386     0.428550  
  1282     0.001381     0.428546  
  1283     0.001376     0.428536  
  1284     0.001371     0.428535  
  1285     0.001366     0.428523  
  1286     0.001361     0.428520  
  1287     0.001356     0.428530  
  1288     0.001351     0.428557  
  1289     0.001345     0.428557  
  1290     0.001340     0.428573  
  1291     0.001334     0.428548  
  1292     0.001329     0.428527  
  1293     0.001324     0.428520  
  1294     0.001320     0.428503  
  1295     0.001315     0.428499  
  1296     0.001310     0.428484  
  1297     0.001305     0.428495  
  1298     0.001300     0.428485  
  1299     0.001294     0.428488  
  1300     0.001289     0.428483  
  1301     0.001284     0.428492  
  1302     0.001279     0.428479  
  1303     0.001274     0.428476  
  1304     0.001269     0.428464  
  1305     0.001264     0.428467  
  1306     0.001259     0.428474  
  1307     0.001253     0.428437  
  1308     0.001249     0.428446  
  1309     0.001244     0.428437  
  1310     0.001239     0.428454  
  1311     0.001234     0.428443  
  1312     0.001230     0.428421  
  1313     0.001225     0.428437  
  1314     0.001221     0.428438  
  1315     0.001215     0.428442  
  1316     0.001211     0.428438  
  1317     0.001206     0.428438  
  1318     0.001200     0.428438  
  1319     0.001196     0.428442  
  1320     0.001191     0.428427  
  1321     0.001186     0.428421  
  1322     0.001181     0.428430  
  1323     0.001177     0.428417  
  1324     0.001172     0.428407  
  1325     0.001168     0.428392  
  1326     0.001163     0.428370  
  1327     0.001158     0.428368  
  1328     0.001154     0.428374  
  1329     0.001149     0.428393  
  1330     0.001145     0.428395  
  1331     0.001141     0.428390  
  1332     0.001136     0.428393  
  1333     0.001132     0.428392  
  1334     0.001127     0.428370  
  1335     0.001123     0.428375  
  1336     0.001118     0.428364  
  1337     0.001114     0.428367  
  1338     0.001110     0.428358  
  1339     0.001105     0.428345  
  1340     0.001101     0.428346  
  1341     0.001097     0.428342  
  1342     0.001093     0.428322  
  1343     0.001089     0.428326  
  1344     0.001084     0.428343  
  1345     0.001080     0.428339  
  1346     0.001077     0.428335  
  1347     0.001072     0.428335  
  1348     0.001068     0.428324  
  1349     0.001064     0.428330  
  1350     0.001061     0.428299  
  1351     0.001057     0.428300  
  1352     0.001053     0.428291  
  1353     0.001050     0.428290  
  1354     0.001046     0.428284  
  1355     0.001042     0.428278  
  1356     0.001038     0.428297  
  1357     0.001034     0.428301  
  1358     0.001031     0.428300  
  1359     0.001026     0.428284  
  1360     0.001023     0.428281  
  1361     0.001019     0.428277  
  1362     0.001015     0.428275  
  1363     0.001011     0.428284  
  1364     0.001007     0.428279  
  1365     0.001002     0.428269  
  1366     0.000998     0.428271  
  1367     0.000994     0.428282  
  1368     0.000990     0.428264  
  1369     0.000986     0.428245  
  1370     0.000982     0.428254  
  1371     0.000979     0.428289  
  1372     0.000975     0.428298  
  1373     0.000971     0.428294  
  1374     0.000967     0.428296  
  1375     0.000963     0.428301  
  1376     0.000959     0.428285  
  1377     0.000956     0.428281  
  1378     0.000952     0.428246  
  1379     0.000948     0.428245  
  1380     0.000945     0.428227  
  1381     0.000941     0.428233  
  1382     0.000937     0.428234  
  1383     0.000934     0.428240  
  1384     0.000930     0.428231  
  1385     0.000926     0.428237  
  1386     0.000922     0.428254  
  1387     0.000919     0.428254  
  1388     0.000916     0.428264  
  1389     0.000912     0.428256  
  1390     0.000909     0.428273  
  1391     0.000905     0.428275  
  1392     0.000902     0.428272  
  1393     0.000899     0.428271  
  1394     0.000895     0.428254  
  1395     0.000891     0.428246  
  1396     0.000887     0.428244  
  1397     0.000883     0.428235  
  1398     0.000879     0.428241  
  1399     0.000876     0.428235  
  1400     0.000872     0.428240  
  1401     0.000869     0.428234  
  1402     0.000865     0.428202  
  1403     0.000862     0.428203  
  1404     0.000859     0.428201  
  1405     0.000855     0.428193  
  1406     0.000852     0.428202  
  1407     0.000848     0.428207  
  1408     0.000845     0.428203  
  1409     0.000842     0.428203  
  1410     0.000839     0.428221  
  1411     0.000835     0.428238  
  1412     0.000833     0.428238  
  1413     0.000829     0.428226  
  1414     0.000826     0.428217  
  1415     0.000823     0.428218  
  1416     0.000820     0.428214  
  1417     0.000817     0.428218  
  1418     0.000813     0.428222  
  1419     0.000810     0.428220  
  1420     0.000807     0.428209  
  1421     0.000804     0.428211  
  1422     0.000801     0.428215  
  1423     0.000798     0.428227  
  1424     0.000795     0.428228  
  1425     0.000792     0.428208  
  1426     0.000789     0.428212  
  1427     0.000787     0.428215  
  1428     0.000784     0.428200  
  1429     0.000781     0.428219  
  1430     0.000777     0.428207  
  1431     0.000774     0.428213  
  1432     0.000771     0.428228  
  1433     0.000768     0.428224  
  1434     0.000765     0.428230  
  1435     0.000763     0.428232  
  1436     0.000760     0.428233  
  1437     0.000757     0.428239  
  1438     0.000753     0.428235  
  1439     0.000751     0.428249  
  1440     0.000748     0.428249  
  1441     0.000745     0.428244  
  1442     0.000742     0.428244  
  1443     0.000739     0.428230  
  1444     0.000737     0.428226  
  1445     0.000734     0.428225  
  1446     0.000731     0.428227  
  1447     0.000728     0.428221  
  1448     0.000725     0.428219  
  1449     0.000723     0.428193  
  1450     0.000720     0.428180  
  1451     0.000717     0.428173  
  1452     0.000714     0.428173  
  1453     0.000712     0.428154  
  1454     0.000709     0.428149  
  1455     0.000706     0.428153  
  1456     0.000703     0.428159  
  1457     0.000700     0.428153  
  1458     0.000698     0.428155  
  1459     0.000694     0.428148  
  1460     0.000692     0.428140  
  1461     0.000689     0.428143  
  1462     0.000686     0.428156  
  1463     0.000684     0.428158  
  1464     0.000681     0.428156  
  1465     0.000678     0.428166  
  1466     0.000675     0.428158  
  1467     0.000673     0.428170  
  1468     0.000671     0.428157  
  1469     0.000668     0.428172  
  1470     0.000665     0.428161  
  1471     0.000662     0.428169  
  1472     0.000660     0.428170  
  1473     0.000657     0.428167  
  1474     0.000655     0.428173  
  1475     0.000652     0.428159  
  1476     0.000650     0.428185  
  1477     0.000647     0.428172  
  1478     0.000644     0.428175  
  1479     0.000642     0.428183  
  1480     0.000640     0.428186  
  1481     0.000637     0.428177  
  1482     0.000635     0.428171  
  1483     0.000632     0.428162  
  1484     0.000630     0.428159  
  1485     0.000627     0.428153  
  1486     0.000625     0.428145  
  1487     0.000622     0.428149  
  1488     0.000620     0.428152  
  1489     0.000618     0.428151  
  1490     0.000616     0.428147  
  1491     0.000613     0.428148  
  1492     0.000611     0.428148  
  1493     0.000608     0.428133  
  1494     0.000606     0.428125  
  1495     0.000604     0.428125  
  1496     0.000602     0.428130  
  1497     0.000599     0.428129  
  1498     0.000597     0.428136  
  1499     0.000595     0.428127  
  1500     0.000593     0.428119  
  1501     0.000590     0.428107  
  1502     0.000588     0.428099  * best
  1503     0.000586     0.428102  
  1504     0.000583     0.428114  
  1505     0.000581     0.428114  
  1506     0.000579     0.428114  
  1507     0.000577     0.428117  
  1508     0.000575     0.428107  
  1509     0.000573     0.428113  
  1510     0.000570     0.428124  
  1511     0.000568     0.428125  
  1512     0.000566     0.428142  
  1513     0.000564     0.428135  
  1514     0.000562     0.428128  
  1515     0.000559     0.428130  
  1516     0.000557     0.428128  
  1517     0.000555     0.428119  
  1518     0.000553     0.428128  
  1519     0.000551     0.428135  
  1520     0.000549     0.428146  
  1521     0.000547     0.428151  
  1522     0.000545     0.428131  
  1523     0.000542     0.428126  
  1524     0.000540     0.428125  
  1525     0.000538     0.428127  
  1526     0.000536     0.428133  
  1527     0.000534     0.428136  
  1528     0.000532     0.428134  
  1529     0.000530     0.428132  
  1530     0.000528     0.428152  
  1531     0.000526     0.428144  
  1532     0.000524     0.428172  
  1533     0.000522     0.428166  
  1534     0.000521     0.428160  
  1535     0.000519     0.428162  
  1536     0.000516     0.428148  
  1537     0.000515     0.428166  
  1538     0.000513     0.428168  
  1539     0.000511     0.428162  
  1540     0.000509     0.428169  
  1541     0.000507     0.428162  
  1542     0.000505     0.428171  
  1543     0.000503     0.428167  
  1544     0.000501     0.428168  
  1545     0.000499     0.428173  
  1546     0.000497     0.428168  
  1547     0.000495     0.428166  
  1548     0.000494     0.428162  
  1549     0.000492     0.428169  
  1550     0.000490     0.428175  
  1551     0.000488     0.428170  
  1552     0.000486     0.428161  
  1553     0.000484     0.428160  
  1554     0.000482     0.428164  
  1555     0.000480     0.428174  
  1556     0.000478     0.428168  
  1557     0.000477     0.428171  
  1558     0.000475     0.428165  
  1559     0.000473     0.428158  
  1560     0.000472     0.428167  
  1561     0.000470     0.428162  
  1562     0.000468     0.428167  
  1563     0.000466     0.428174  
  1564     0.000464     0.428177  
  1565     0.000463     0.428184  
  1566     0.000461     0.428186  
  1567     0.000459     0.428173  
  1568     0.000458     0.428178  
  1569     0.000456     0.428176  
  1570     0.000454     0.428163  
  1571     0.000452     0.428166  
  1572     0.000451     0.428176  
  1573     0.000449     0.428172  
  1574     0.000447     0.428167  
  1575     0.000446     0.428170  
  1576     0.000444     0.428172  
  1577     0.000442     0.428177  
  1578     0.000441     0.428179  
  1579     0.000439     0.428195  
  1580     0.000437     0.428191  
  1581     0.000435     0.428188  
  1582     0.000434     0.428177  
  1583     0.000432     0.428186  
  1584     0.000431     0.428188  
  1585     0.000429     0.428187  
  1586     0.000427     0.428179  
  1587     0.000426     0.428187  
  1588     0.000424     0.428184  
  1589     0.000422     0.428182  
  1590     0.000420     0.428176  
  1591     0.000419     0.428178  
  1592     0.000417     0.428172  
  1593     0.000416     0.428173  
  1594     0.000414     0.428178  
  1595     0.000412     0.428180  
  1596     0.000410     0.428183  
  1597     0.000409     0.428181  
  1598     0.000408     0.428185  
  1599     0.000406     0.428192  
  1600     0.000405     0.428197  
  1601     0.000403     0.428199  
  1602     0.000402     0.428190  
# best iteration 1502 (val l2 0.428099)
# Spearman  train +0.9950  val +0.7625  test +0.7742
