# mlp_seq+boltz+node+energy seed 0
# perceptron on seq+boltz+node+energy
# inputs [(14357,)], 1,841,985 parameters
# Linear(n_in,128) -> GELU -> Dropout(0.3) -> Linear(128,32) -> GELU -> Dropout(0.3) -> Linear(32,1)
# Adam lr=0.001 weight_decay=0.0001 batch=32 dropout=0.3
# loss = MSE on standardised log10 half-life
# early stopping on validation loss, patience 40, max 300 epochs
#
 epoch  train_batch        train          val  note
     1     1.657956     4.261517     0.847614  * best
     2     2.059463     4.512151     0.687461  * best
     3     9.523697     2.855106     0.698593  
     4     3.047627     0.571796     0.629838  * best
     5     0.750569     1.231653     0.621101  * best
     6     1.326050     0.436611     0.636054  
     7     0.592361     0.447454     0.610275  * best
     8     0.567234     0.434311     0.601944  * best
     9     0.543682     0.418528     0.609102  
    10     0.683827     0.361034     0.610431  
    11     0.506958     0.327801     0.613000  
    12     0.493065     0.319629     0.604488  
    13     0.463973     0.312404     0.610807  
    14     0.461871     0.319591     0.620562  
    15     0.438745     0.292620     0.601281  * best
    16     0.435604     0.280849     0.613046  
    17     0.427982     0.255491     0.593693  * best
    18     0.404014     0.245169     0.611718  
    19     0.400141     0.256931     0.620581  
    20     0.397778     0.216841     0.606501  
    21     0.390255     0.249107     0.594522  
    22     0.415849     0.244027     0.607581  
    23     0.387688     0.213030     0.595824  
    24     0.380877     0.225032     0.609476  
    25     0.374768     0.230739     0.613433  
    26     0.366311     0.227455     0.616924  
    27     0.368816     0.318136     0.608663  
    28     0.370281     0.208518     0.652263  
    29     0.350488     0.210640     0.604098  
    30     0.340335     0.189811     0.643537  
    31     0.343132     0.242487     0.607683  
    32     0.330028     0.191366     0.612205  
    33     0.338722     0.204605     0.617956  
    34     0.328384     0.188899     0.618840  
    35     0.329227     0.178409     0.614201  
    36     0.310931     0.171718     0.642909  
    37     0.317207     0.204804     0.605870  
    38     0.332716     0.173999     0.615969  
    39     0.357597     0.180371     0.648016  
    40     0.316796     0.167761     0.605837  
    41     0.315296     0.185074     0.598312  
    42     0.304175     0.208425     0.593057  * best
    43     0.313527     0.190903     0.597290  
    44     0.298987     0.193687     0.594928  
    45     0.305165     0.200947     0.594710  
    46     0.295229     0.151518     0.636380  
    47     0.295954     0.184308     0.620503  
    48     0.301939     0.176169     0.590124  * best
    49     0.298235     0.197394     0.581700  * best
    50     0.290781     0.169142     0.610695  
    51     0.292596     0.162374     0.624853  
    52     0.284152     0.179636     0.601576  
    53     0.386046     0.211258     0.637995  
    54     0.360119     0.193867     0.597433  
    55     0.407429     0.202694     0.601956  
    56     0.333939     0.196380     0.597740  
    57     0.316229     0.236704     0.616847  
    58     0.333218     0.172297     0.629616  
    59     0.321952     0.162477     0.621078  
    60     0.312388     0.208880     0.606796  
    61     0.362865     0.190914     0.631625  
    62     0.331861     0.154861     0.646200  
    63     0.319477     0.186434     0.590357  
    64     0.324848     0.166085     0.574259  * best
    65     0.308451     0.154449     0.647829  
    66     0.318406     0.189591     0.597924  
    67     0.321180     0.175244     0.613135  
    68     0.324946     0.214057     0.585066  
    69     0.320349     0.169527     0.617000  
    70     0.325509     0.169453     0.607701  
    71     0.307192     0.160160     0.622911  
    72     0.314208     0.164162     0.622001  
    73     0.310513     0.187002     0.633019  
    74     0.400200     0.198228     0.610074  
    75     0.364183     0.244860     0.617788  
    76     0.353728     0.197515     0.613877  
    77     0.348065     0.167990     0.650279  
    78     0.321284     0.186904     0.629547  
    79     0.317817     0.181000     0.628802  
    80     0.316163     0.168273     0.636785  
    81     0.314044     0.207721     0.623399  
    82     0.317054     0.200368     0.642594  
    83     0.418184     0.216528     0.613200  
    84     0.406713     0.223626     0.627934  
    85     0.383994     0.220776     0.594890  
    86     0.359697     0.198660     0.603742  
    87     0.360593     0.210799     0.606627  
    88     0.386648     0.166749     0.646352  
    89     0.346154     0.170830     0.627821  
    90     0.347215     0.206045     0.611572  
    91     0.337287     0.166237     0.616830  
    92     0.337167     0.166952     0.592953  
    93     0.334525     0.183643     0.626074  
    94     0.363638     0.168746     0.623166  
    95     0.335447     0.166345     0.623827  
    96     0.322463     0.190459     0.613713  
    97     0.311077     0.192293     0.612558  
    98     0.334597     0.168079     0.630904  
    99     0.305974     0.145164     0.637992  
   100     0.302810     0.155412     0.614125  
   101     0.335012     0.198068     0.589349  
   102     0.306786     0.152139     0.627005  
   103     0.299509     0.174569     0.640338  
   104     0.285900     0.154377     0.633577  
# stopped at epoch 104: no improvement for 40 epochs
# restored epoch 64 (val MSE 0.574259)
# Spearman  train +0.9247  val +0.4631  test +0.4524
