# gbm_energy seed 1
# boosted trees on energy
# inputs 430, 3 trees
# LightGBM gradient-boosted trees, objective l2, lr 0.05, num_leaves 31, min_data_in_leaf 20, feature_fraction 0.3, bagging 0.8, lambda_l2 1.0, up to 3000 rounds, early stopping 100 on validation l2
# loss = l2 on standardised log10 half-life
#
 round        train          val  note
     1     0.962045     0.808481  
     2     0.930364     0.813382  
     3     0.900815     0.808476  * best
     4     0.874421     0.814206  
     5     0.849476     0.813319  
     6     0.824136     0.814482  
     7     0.801504     0.821539  
     8     0.782349     0.821034  
     9     0.763704     0.826609  
    10     0.745481     0.828982  
    11     0.729063     0.829799  
    12     0.713672     0.830884  
    13     0.699970     0.835866  
    14     0.687008     0.828757  
    15     0.675039     0.830610  
    16     0.663815     0.832736  
    17     0.653129     0.835938  
    18     0.642773     0.828041  
    19     0.632909     0.830059  
    20     0.623426     0.832467  
    21     0.615330     0.835202  
    22     0.606721     0.844045  
    23     0.600023     0.843173  
    24     0.592864     0.847939  
    25     0.586663     0.845381  
    26     0.580008     0.851156  
    27     0.574535     0.853370  
    28     0.568577     0.852192  
    29     0.562423     0.848939  
    30     0.557232     0.846699  
    31     0.551783     0.854113  
    32     0.546446     0.854019  
    33     0.541649     0.850829  
    34     0.536513     0.849343  
    35     0.531963     0.848711  
    36     0.527526     0.846887  
    37     0.522992     0.849194  
    38     0.518882     0.848986  
    39     0.514920     0.848109  
    40     0.510299     0.845675  
    41     0.506861     0.845618  
    42     0.503476     0.849334  
    43     0.499753     0.852459  
    44     0.496521     0.854013  
    45     0.493049     0.852158  
    46     0.489914     0.850750  
    47     0.486274     0.847045  
    48     0.483077     0.846545  
    49     0.480126     0.846112  
    50     0.477067     0.843012  
    51     0.474135     0.845783  
    52     0.470778     0.845204  
    53     0.468011     0.843811  
    54     0.464478     0.842717  
    55     0.461261     0.843256  
    56     0.458576     0.841100  
    57     0.455760     0.836186  
    58     0.453005     0.834718  
    59     0.449835     0.836158  
    60     0.446765     0.839027  
    61     0.444124     0.839380  
    62     0.440752     0.839222  
    63     0.438356     0.842531  
    64     0.435877     0.843188  
    65     0.433428     0.842282  
    66     0.430414     0.841999  
    67     0.428160     0.840334  
    68     0.425293     0.839262  
    69     0.423022     0.842226  
    70     0.420785     0.841487  
    71     0.417976     0.840526  
    72     0.415315     0.838352  
    73     0.413367     0.839170  
    74     0.411349     0.836599  
    75     0.409437     0.836702  
    76     0.407314     0.837579  
    77     0.404949     0.837617  
    78     0.402877     0.837171  
    79     0.400477     0.832199  
    80     0.398490     0.832003  
    81     0.395897     0.827954  
    82     0.393842     0.828995  
    83     0.391718     0.828525  
    84     0.389478     0.829009  
    85     0.387373     0.826499  
    86     0.385674     0.825829  
    87     0.383790     0.823967  
    88     0.381861     0.824070  
    89     0.379611     0.822613  
    90     0.377731     0.822035  
    91     0.376025     0.822512  
    92     0.374339     0.822125  
    93     0.372480     0.820599  
    94     0.370791     0.819587  
    95     0.369034     0.819633  
    96     0.366562     0.821061  
    97     0.364794     0.821355  
    98     0.362936     0.821066  
    99     0.361255     0.820063  
   100     0.359543     0.821456  
   101     0.357657     0.822062  
   102     0.355812     0.820431  
   103     0.354236     0.818724  
# best iteration 3 (val l2 0.808476)
# Spearman  train +0.6474  val +0.0435  test -0.1277
