# boltz_conf seed 2
# Boltz confidence metrics (ipTM, pTM, pLDDT, ...)
# input dim 9, 5,441 parameters
# Linear(n_in,128) -> GELU -> Dropout(0.3) -> Linear(128,32) -> GELU -> Dropout(0.3) -> Linear(32,1)
# Adam lr=0.001 weight_decay=0.0001 batch=32 dropout=0.3
# loss = MSE on standardised log10 half-life
# early stopping on validation loss, patience 40, max 300 epochs
#
 epoch  train_batch        train          val  note
     1     0.879015     0.827278     0.826472  * best
     2     0.839558     0.823559     0.827257  
     3     0.835593     0.820473     0.814725  * best
     4     0.830238     0.810341     0.809936  * best
     5     0.829824     0.808589     0.808125  * best
     6     0.826361     0.806127     0.808410  
     7     0.823839     0.803546     0.805847  * best
     8     0.818112     0.804578     0.805814  * best
     9     0.816788     0.800906     0.801836  * best
    10     0.813156     0.797858     0.803079  
    11     0.817574     0.805079     0.805377  
    12     0.811483     0.795127     0.797278  * best
    13     0.809186     0.795256     0.799333  
    14     0.804908     0.793395     0.799382  
    15     0.804828     0.796368     0.804494  
    16     0.809214     0.790440     0.798270  
    17     0.803561     0.789769     0.794901  * best
    18     0.807313     0.785249     0.792092  * best
    19     0.795918     0.785067     0.794501  
    20     0.800532     0.786999     0.796646  
    21     0.802561     0.783492     0.791609  * best
    22     0.795871     0.782391     0.792930  
    23     0.802190     0.783273     0.792744  
    24     0.794581     0.783858     0.795491  
    25     0.796289     0.777099     0.789153  * best
    26     0.797386     0.777478     0.786984  * best
    27     0.800044     0.778877     0.791199  
    28     0.796289     0.776732     0.791462  
    29     0.795174     0.775146     0.788295  
    30     0.792727     0.776980     0.792871  
    31     0.793927     0.772628     0.785767  * best
    32     0.793444     0.775071     0.791739  
    33     0.791114     0.773318     0.790269  
    34     0.797323     0.777235     0.789305  
    35     0.790883     0.774808     0.788020  
    36     0.791167     0.774091     0.786361  
    37     0.793745     0.775819     0.792337  
    38     0.795371     0.770955     0.788528  
    39     0.795611     0.771337     0.787863  
    40     0.789158     0.771223     0.789648  
    41     0.785581     0.772484     0.789191  
    42     0.791687     0.769845     0.788511  
    43     0.787905     0.770798     0.791328  
    44     0.788027     0.772444     0.786524  
    45     0.788999     0.770592     0.785274  * best
    46     0.788480     0.770623     0.786574  
    47     0.782754     0.767301     0.783226  * best
    48     0.783638     0.767696     0.788806  
    49     0.788761     0.771024     0.791120  
    50     0.786175     0.769742     0.789699  
    51     0.787949     0.768075     0.783143  * best
    52     0.785477     0.769006     0.788908  
    53     0.781940     0.768023     0.787185  
    54     0.785612     0.765743     0.784256  
    55     0.783178     0.768678     0.787874  
    56     0.784467     0.768254     0.783115  * best
    57     0.784109     0.765085     0.783149  
    58     0.784481     0.763620     0.782454  * best
    59     0.783644     0.763547     0.781703  * best
    60     0.788073     0.764253     0.783251  
    61     0.779645     0.764161     0.785901  
    62     0.780968     0.772425     0.788951  
    63     0.781908     0.762024     0.784823  
    64     0.789546     0.764696     0.784932  
    65     0.778760     0.764149     0.781576  * best
    66     0.776541     0.760553     0.781593  
    67     0.784248     0.761883     0.783024  
    68     0.782852     0.761363     0.781769  
    69     0.784742     0.761573     0.781754  
    70     0.778934     0.761571     0.779193  * best
    71     0.781209     0.761234     0.783184  
    72     0.785980     0.762258     0.784337  
    73     0.783276     0.762532     0.783413  
    74     0.779011     0.760677     0.782152  
    75     0.780592     0.763453     0.785647  
    76     0.784728     0.761286     0.778804  * best
    77     0.786256     0.762707     0.782844  
    78     0.778320     0.761953     0.780083  
    79     0.777474     0.759074     0.781799  
    80     0.780303     0.763360     0.785833  
    81     0.784266     0.760826     0.782287  
    82     0.782193     0.762711     0.784936  
    83     0.782272     0.765930     0.781082  
    84     0.781386     0.761063     0.782438  
    85     0.779468     0.762428     0.783747  
    86     0.783808     0.760737     0.782561  
    87     0.779373     0.760656     0.780602  
    88     0.783321     0.760983     0.785477  
    89     0.777305     0.758241     0.782618  
    90     0.775631     0.763968     0.783074  
    91     0.783047     0.759425     0.780056  
    92     0.776215     0.758566     0.780453  
    93     0.780076     0.762448     0.786335  
    94     0.779497     0.758992     0.777949  * best
    95     0.779368     0.759343     0.783068  
    96     0.782219     0.758695     0.779187  
    97     0.777277     0.758058     0.778099  
    98     0.777235     0.762311     0.784288  
    99     0.778402     0.756641     0.778903  
   100     0.786694     0.757620     0.780422  
   101     0.778879     0.756274     0.778543  
   102     0.783145     0.758085     0.780314  
   103     0.784064     0.757023     0.783111  
   104     0.777999     0.758610     0.782395  
   105     0.775790     0.756549     0.777426  * best
   106     0.777141     0.755188     0.783398  
   107     0.782901     0.755371     0.777273  * best
   108     0.778908     0.756007     0.781986  
   109     0.777908     0.755135     0.777372  
   110     0.774648     0.757483     0.778435  
   111     0.777781     0.756137     0.780475  
   112     0.774443     0.757110     0.783181  
   113     0.776246     0.756301     0.777358  
   114     0.776638     0.754890     0.779325  
   115     0.775753     0.755949     0.779628  
   116     0.769238     0.755952     0.778942  
   117     0.779467     0.754894     0.779705  
   118     0.778984     0.759380     0.780814  
   119     0.776243     0.755247     0.780235  
   120     0.773885     0.761103     0.787513  
   121     0.778935     0.753102     0.778149  
   122     0.776640     0.755324     0.779711  
   123     0.773702     0.753519     0.776007  * best
   124     0.778616     0.760126     0.782544  
   125     0.774644     0.754932     0.778181  
   126     0.773350     0.753613     0.778481  
   127     0.778199     0.754213     0.778341  
   128     0.777308     0.753704     0.776859  
   129     0.776406     0.756482     0.783489  
   130     0.776509     0.753872     0.779370  
   131     0.774935     0.755823     0.780738  
   132     0.777261     0.753976     0.780060  
   133     0.774312     0.754513     0.781038  
   134     0.772992     0.752340     0.780148  
   135     0.777215     0.751775     0.775788  * best
   136     0.774981     0.754530     0.783624  
   137     0.775048     0.753039     0.778521  
   138     0.773516     0.756028     0.779966  
   139     0.777010     0.751514     0.776360  
   140     0.776124     0.758474     0.780272  
   141     0.774771     0.755945     0.786758  
   142     0.772772     0.756840     0.784640  
   143     0.773927     0.753805     0.779229  
   144     0.777660     0.755064     0.781429  
   145     0.777233     0.750675     0.782240  
   146     0.772719     0.753087     0.775091  * best
   147     0.779074     0.754148     0.779424  
   148     0.772789     0.754366     0.780404  
   149     0.775289     0.752044     0.778248  
   150     0.776578     0.751716     0.782792  
   151     0.773269     0.754061     0.783663  
   152     0.776474     0.752442     0.781115  
   153     0.771967     0.749234     0.779286  
   154     0.772187     0.753803     0.785187  
   155     0.775520     0.752511     0.780722  
   156     0.774666     0.749048     0.776752  
   157     0.772922     0.750775     0.776841  
   158     0.773958     0.754153     0.783054  
   159     0.776282     0.749141     0.773792  * best
   160     0.770964     0.748720     0.778932  
   161     0.770921     0.756397     0.785526  
   162     0.770746     0.754685     0.786019  
   163     0.769416     0.748222     0.777515  
   164     0.771697     0.753053     0.781313  
   165     0.769541     0.748199     0.779744  
   166     0.771596     0.752374     0.782717  
   167     0.771349     0.747597     0.778202  
   168     0.773699     0.748623     0.779423  
   169     0.772030     0.751303     0.779492  
   170     0.770095     0.753160     0.781952  
   171     0.769465     0.748926     0.780112  
   172     0.771488     0.748882     0.777358  
   173     0.777230     0.747453     0.776138  
   174     0.771558     0.749470     0.775473  
   175     0.771740     0.747091     0.776253  
   176     0.771380     0.749544     0.776473  
   177     0.768456     0.747720     0.775783  
   178     0.768561     0.749383     0.781552  
   179     0.773230     0.751170     0.783288  
   180     0.773035     0.748953     0.775616  
   181     0.770060     0.749124     0.779074  
   182     0.769676     0.749412     0.779047  
   183     0.769778     0.746982     0.779264  
   184     0.766984     0.746009     0.771245  * best
   185     0.769344     0.745630     0.770741  * best
   186     0.767919     0.745088     0.773902  
   187     0.772338     0.750507     0.784403  
   188     0.774032     0.756270     0.784565  
   189     0.770646     0.749556     0.780977  
   190     0.769359     0.748709     0.777776  
   191     0.771863     0.747989     0.776620  
   192     0.773866     0.746994     0.780252  
   193     0.770285     0.749873     0.780770  
   194     0.776798     0.746740     0.774920  
   195     0.772358     0.748123     0.778525  
   196     0.766575     0.747223     0.773576  
   197     0.767023     0.747517     0.773082  
   198     0.763764     0.745071     0.773634  
   199     0.771363     0.745834     0.779071  
   200     0.773494     0.746319     0.773859  
   201     0.768734     0.748207     0.782336  
   202     0.770873     0.747809     0.775195  
   203     0.766919     0.746428     0.776174  
   204     0.765185     0.747778     0.782051  
   205     0.767664     0.749604     0.784435  
   206     0.768506     0.743926     0.775249  
   207     0.765713     0.745201     0.776060  
   208     0.770302     0.745794     0.774405  
   209     0.766730     0.744041     0.776847  
   210     0.763363     0.746885     0.780243  
   211     0.772348     0.749156     0.780678  
   212     0.767900     0.746687     0.776573  
   213     0.769148     0.744205     0.776876  
   214     0.764910     0.745757     0.778865  
   215     0.772479     0.745102     0.773934  
   216     0.765854     0.743456     0.776750  
   217     0.769168     0.744361     0.772841  
   218     0.767819     0.748084     0.778862  
   219     0.768230     0.742919     0.775444  
   220     0.769583     0.745569     0.775223  
   221     0.767071     0.742759     0.774473  
   222     0.775774     0.743878     0.771766  
   223     0.768961     0.745333     0.772674  
   224     0.772794     0.743039     0.772548  
   225     0.771655     0.744769     0.776948  
# stopped at epoch 225: no improvement for 40 epochs
# restored epoch 185 (val MSE 0.770741)
# Spearman  train +0.4891  val +0.4571  test +0.4341
