# boltz_pooled+charge_struct seed 0
# pooled Boltz plus the structure-derived charges only
# input dim 1567, 204,865 parameters
# Linear(n_in,128) -> GELU -> Dropout(0.3) -> Linear(128,32) -> GELU -> Dropout(0.3) -> Linear(32,1)
# Adam lr=0.001 weight_decay=0.0001 batch=32 dropout=0.3
# loss = MSE on standardised log10 half-life
# early stopping on validation loss, patience 40, max 300 epochs
#
 epoch  train_batch        train          val  note
     1     0.617239     0.433314     0.563649  * best
     2     0.453937     0.333828     0.505263  * best
     3     0.391261     0.261753     0.475200  * best
     4     0.333980     0.260172     0.511124  
     5     0.311412     0.195589     0.469715  * best
     6     0.278341     0.184880     0.487771  
     7     0.255165     0.164969     0.476675  
     8     0.237974     0.142260     0.468209  * best
     9     0.215708     0.125010     0.456117  * best
    10     0.212960     0.138120     0.483994  
    11     0.205233     0.149633     0.478779  
    12     0.192912     0.106437     0.442333  * best
    13     0.182489     0.109763     0.460999  
    14     0.183368     0.092288     0.467014  
    15     0.171112     0.089993     0.457637  
    16     0.167742     0.082461     0.459590  
    17     0.163619     0.087162     0.458100  
    18     0.157289     0.079041     0.467378  
    19     0.156506     0.070582     0.457069  
    20     0.151246     0.077358     0.464142  
    21     0.150912     0.072656     0.464717  
    22     0.144804     0.071728     0.470082  
    23     0.145368     0.080185     0.478664  
    24     0.141068     0.060750     0.470488  
    25     0.133120     0.061596     0.466429  
    26     0.136219     0.068599     0.466214  
    27     0.133127     0.059339     0.465681  
    28     0.133935     0.066103     0.469388  
    29     0.131379     0.057863     0.464389  
    30     0.128877     0.059014     0.460256  
    31     0.132148     0.058538     0.464076  
    32     0.132011     0.060597     0.460159  
    33     0.131344     0.071108     0.486594  
    34     0.125714     0.059656     0.471122  
    35     0.122933     0.052272     0.465975  
    36     0.127991     0.061467     0.466469  
    37     0.119769     0.062231     0.483696  
    38     0.124154     0.048967     0.460675  
    39     0.115124     0.051261     0.478511  
    40     0.117945     0.064689     0.469448  
    41     0.119388     0.049908     0.471465  
    42     0.117515     0.048806     0.464371  
    43     0.118955     0.067333     0.477654  
    44     0.111545     0.045061     0.462620  
    45     0.117113     0.060685     0.465797  
    46     0.122406     0.059905     0.486105  
    47     0.113539     0.055617     0.470180  
    48     0.109078     0.049313     0.467083  
    49     0.109770     0.050291     0.464049  
    50     0.110826     0.052176     0.475291  
    51     0.113516     0.047082     0.463215  
    52     0.104857     0.049174     0.476005  
# stopped at epoch 52: no improvement for 40 epochs
# restored epoch 12 (val MSE 0.442333)
# Spearman  train +0.9508  val +0.7597  test +0.7550
