# mlp_boltz_pooled seed 1
# Boltz pooled blocks
# inputs [(1547,)], 202,305 parameters
# Linear(n_in,128) -> GELU -> Dropout(0.3) -> Linear(128,32) -> GELU -> Dropout(0.3) -> Linear(32,1)
# Adam lr=0.001 weight_decay=0.0001 batch=32 dropout=0.3
# loss = MSE on standardised log10 half-life
# early stopping on validation loss, patience 40, max 300 epochs
#
 epoch  train_batch        train          val  note
     1     0.596912     0.403105     0.619975  * best
     2     0.438672     0.323307     0.625868  
     3     0.389989     0.286886     0.622994  
     4     0.345339     0.232983     0.629147  
     5     0.317041     0.194158     0.636551  
     6     0.300651     0.197026     0.603252  * best
     7     0.275028     0.187362     0.599369  * best
     8     0.260180     0.173980     0.628696  
     9     0.246602     0.142721     0.624615  
    10     0.231547     0.136753     0.657819  
    11     0.228596     0.115611     0.665064  
    12     0.215804     0.125987     0.646197  
    13     0.204698     0.116522     0.640265  
    14     0.203863     0.111853     0.646214  
    15     0.192614     0.104290     0.640683  
    16     0.187414     0.106738     0.632232  
    17     0.178427     0.094280     0.664009  
    18     0.177397     0.102623     0.657765  
    19     0.170132     0.105392     0.664612  
    20     0.175096     0.100088     0.692016  
    21     0.166224     0.087778     0.660808  
    22     0.170995     0.100790     0.654938  
    23     0.164874     0.079379     0.651540  
    24     0.157402     0.081910     0.731137  
    25     0.161402     0.083012     0.675182  
    26     0.152507     0.079135     0.644921  
    27     0.157622     0.075976     0.644128  
    28     0.149286     0.074474     0.679321  
    29     0.146744     0.072141     0.662097  
    30     0.147824     0.080199     0.663006  
    31     0.145680     0.078603     0.687472  
    32     0.145197     0.077797     0.667633  
    33     0.147087     0.078000     0.647385  
    34     0.142477     0.069198     0.679999  
    35     0.141458     0.071496     0.734446  
    36     0.145042     0.068730     0.682814  
    37     0.139580     0.070590     0.644039  
    38     0.140142     0.065328     0.702329  
    39     0.139689     0.072586     0.656014  
    40     0.136407     0.065855     0.667174  
    41     0.137546     0.069160     0.678447  
    42     0.134022     0.073703     0.679090  
    43     0.135819     0.070948     0.675882  
    44     0.134646     0.064304     0.669448  
    45     0.132919     0.064339     0.721861  
    46     0.136162     0.065779     0.674294  
    47     0.135297     0.067963     0.720759  
# stopped at epoch 47: no improvement for 40 epochs
# restored epoch 7 (val MSE 0.599369)
# Spearman  train +0.9070  val +0.4233  test +0.4788
