# seq+charge seed 4
# sequence baseline plus both charge blocks: does charge add to sequence?
# input dim 939, 124,481 parameters
# Linear(n_in,128) -> GELU -> Dropout(0.3) -> Linear(128,32) -> GELU -> Dropout(0.3) -> Linear(32,1)
# Adam lr=0.001 weight_decay=0.0001 batch=32 dropout=0.3
# loss = MSE on standardised log10 half-life
# early stopping on validation loss, patience 40, max 300 epochs
#
 epoch  train_batch        train          val  note
     1     0.728523     0.546228     0.639106  * best
     2     0.566171     0.467370     0.582918  * best
     3     0.496608     0.390844     0.536631  * best
     4     0.445953     0.339486     0.503197  * best
     5     0.414377     0.290668     0.498487  * best
     6     0.385120     0.268191     0.493841  * best
     7     0.348166     0.249615     0.488246  * best
     8     0.336538     0.229511     0.477348  * best
     9     0.313344     0.234202     0.489763  
    10     0.298315     0.198399     0.485808  
    11     0.281633     0.182367     0.476088  * best
    12     0.278422     0.180534     0.476445  
    13     0.260997     0.177987     0.482481  
    14     0.257359     0.157742     0.468286  * best
    15     0.245745     0.166381     0.480592  
    16     0.230590     0.140223     0.470853  
    17     0.237353     0.149362     0.485546  
    18     0.229359     0.129372     0.483369  
    19     0.219700     0.135852     0.480302  
    20     0.212384     0.121014     0.497604  
    21     0.209429     0.126775     0.481826  
    22     0.207235     0.114521     0.469549  
    23     0.201964     0.115144     0.473150  
    24     0.205484     0.106201     0.494364  
    25     0.197008     0.106798     0.471839  
    26     0.187807     0.097913     0.479001  
    27     0.185489     0.100055     0.490228  
    28     0.182687     0.095181     0.475434  
    29     0.180264     0.094523     0.487275  
    30     0.188046     0.097375     0.485313  
    31     0.174009     0.089128     0.492353  
    32     0.171692     0.083858     0.496527  
    33     0.174206     0.084180     0.486700  
    34     0.171863     0.087727     0.496665  
    35     0.174857     0.079417     0.498229  
    36     0.166298     0.080691     0.493155  
    37     0.158873     0.085468     0.499751  
    38     0.161910     0.085105     0.515731  
    39     0.159416     0.078182     0.502143  
    40     0.163783     0.077896     0.486940  
    41     0.161131     0.075002     0.487947  
    42     0.155269     0.072950     0.503053  
    43     0.152223     0.067859     0.493814  
    44     0.153638     0.067939     0.500186  
    45     0.151233     0.074281     0.479116  
    46     0.148799     0.081146     0.497332  
    47     0.152028     0.067478     0.483754  
    48     0.150485     0.064829     0.483970  
    49     0.143445     0.064204     0.502830  
    50     0.142849     0.060956     0.487594  
    51     0.145070     0.060031     0.496996  
    52     0.143247     0.068648     0.498177  
    53     0.139281     0.063441     0.503565  
    54     0.140273     0.064539     0.496111  
# stopped at epoch 54: no improvement for 40 epochs
# restored epoch 14 (val MSE 0.468286)
# Spearman  train +0.9213  val +0.7438  test +0.7274
