# gbm_seq+node seed 0
# boosted trees on seq+node
# inputs 12380, 2,524 trees
# LightGBM gradient-boosted trees, objective l2, lr 0.05, num_leaves 31, min_data_in_leaf 20, feature_fraction 0.3, bagging 0.8, lambda_l2 1.0, up to 3000 rounds, early stopping 100 on validation l2
# loss = l2 on standardised log10 half-life
#
 round        train          val  note
     1     0.968962     0.979206  
     2     0.940945     0.955064  
     3     0.911267     0.927278  
     4     0.887910     0.905849  
     5     0.865079     0.883640  
     6     0.843384     0.863766  
     7     0.822426     0.844152  
     8     0.802876     0.826847  
     9     0.783116     0.809662  
    10     0.766686     0.795960  
    11     0.750059     0.781972  
    12     0.734129     0.768884  
    13     0.719490     0.756401  
    14     0.707111     0.746976  
    15     0.693587     0.735214  
    16     0.680501     0.724194  
    17     0.668638     0.715343  
    18     0.657947     0.706134  
    19     0.649533     0.699686  
    20     0.639882     0.691954  
    21     0.632244     0.687500  
    22     0.623150     0.681126  
    23     0.615508     0.675176  
    24     0.607296     0.670936  
    25     0.600504     0.667052  
    26     0.593284     0.662042  
    27     0.587524     0.658563  
    28     0.580627     0.653855  
    29     0.574593     0.650797  
    30     0.568331     0.646785  
    31     0.562164     0.643239  
    32     0.556712     0.641424  
    33     0.550803     0.637826  
    34     0.545420     0.634811  
    35     0.539392     0.631259  
    36     0.534602     0.629550  
    37     0.529388     0.626494  
    38     0.524756     0.625868  
    39     0.520416     0.623718  
    40     0.516286     0.621688  
    41     0.511690     0.619421  
    42     0.506578     0.615499  
    43     0.502493     0.613293  
    44     0.497855     0.611082  
    45     0.493203     0.609238  
    46     0.489096     0.607125  
    47     0.485132     0.605267  
    48     0.481227     0.602533  
    49     0.477538     0.602404  
    50     0.473649     0.600835  
    51     0.470046     0.599707  
    52     0.466440     0.598777  
    53     0.463007     0.597357  
    54     0.459600     0.595650  
    55     0.456304     0.594668  
    56     0.453169     0.593332  
    57     0.449783     0.591822  
    58     0.446388     0.590331  
    59     0.443005     0.589129  
    60     0.439874     0.588065  
    61     0.436804     0.587036  
    62     0.433553     0.586525  
    63     0.430469     0.586208  
    64     0.427431     0.585389  
    65     0.424649     0.584360  
    66     0.421818     0.583587  
    67     0.418840     0.582844  
    68     0.416198     0.582426  
    69     0.412964     0.580642  
    70     0.409895     0.579196  
    71     0.407087     0.578350  
    72     0.404552     0.577022  
    73     0.401885     0.576248  
    74     0.399260     0.575642  
    75     0.396295     0.574550  
    76     0.393485     0.572483  
    77     0.390936     0.571523  
    78     0.387986     0.570368  
    79     0.385512     0.569143  
    80     0.382723     0.567791  
    81     0.380219     0.567110  
    82     0.377809     0.565843  
    83     0.375393     0.564885  
    84     0.372870     0.564208  
    85     0.370266     0.562998  
    86     0.367953     0.561768  
    87     0.365718     0.561177  
    88     0.363580     0.560716  
    89     0.361426     0.560114  
    90     0.359000     0.559704  
    91     0.356902     0.559447  
    92     0.354578     0.558804  
    93     0.352290     0.557966  
    94     0.349860     0.556955  
    95     0.347778     0.556439  
    96     0.345611     0.555745  
    97     0.343477     0.555063  
    98     0.341320     0.554252  
    99     0.339225     0.553905  
   100     0.337052     0.553208  
   101     0.334987     0.552713  
   102     0.332894     0.551681  
   103     0.330924     0.551148  
   104     0.328938     0.550589  
   105     0.326880     0.550265  
   106     0.324859     0.550103  
   107     0.322846     0.549873  
   108     0.320911     0.549342  
   109     0.318918     0.548937  
   110     0.317089     0.548273  
   111     0.315182     0.547683  
   112     0.313236     0.547245  
   113     0.311357     0.546605  
   114     0.309471     0.545998  
   115     0.307647     0.545593  
   116     0.305935     0.545332  
   117     0.304056     0.544747  
   118     0.302377     0.543751  
   119     0.300552     0.543466  
   120     0.298521     0.543003  
   121     0.296686     0.542888  
   122     0.294890     0.542174  
   123     0.293138     0.541788  
   124     0.291357     0.541326  
   125     0.289782     0.541077  
   126     0.288217     0.540364  
   127     0.286450     0.539481  
   128     0.284724     0.538568  
   129     0.283083     0.538831  
   130     0.281451     0.538691  
   131     0.279826     0.538077  
   132     0.278159     0.537720  
   133     0.276510     0.537505  
   134     0.274978     0.537489  
   135     0.273526     0.536923  
   136     0.271890     0.536625  
   137     0.270417     0.536298  
   138     0.268900     0.535595  
   139     0.267208     0.535009  
   140     0.265794     0.534627  
   141     0.264266     0.534036  
   142     0.262937     0.533792  
   143     0.261508     0.533554  
   144     0.260033     0.532634  
   145     0.258519     0.532307  
   146     0.257095     0.531943  
   147     0.255707     0.531367  
   148     0.254322     0.530878  
   149     0.252928     0.530417  
   150     0.251529     0.530225  
   151     0.250165     0.529834  
   152     0.248785     0.530144  
   153     0.247398     0.530017  
   154     0.246112     0.530060  
   155     0.244772     0.529744  
   156     0.243425     0.529417  
   157     0.242210     0.529566  
   158     0.240970     0.529515  
   159     0.239643     0.529264  
   160     0.238420     0.529230  
   161     0.237159     0.528855  
   162     0.235802     0.528480  
   163     0.234545     0.528167  
   164     0.233184     0.528306  
   165     0.231982     0.528020  
   166     0.230704     0.527763  
   167     0.229421     0.527750  
   168     0.228126     0.527728  
   169     0.226854     0.527329  
   170     0.225598     0.527399  
   171     0.224434     0.527314  
   172     0.223260     0.526931  
   173     0.222044     0.526789  
   174     0.220912     0.526498  
   175     0.219699     0.526072  
   176     0.218496     0.526030  
   177     0.217361     0.526196  
   178     0.216190     0.526275  
   179     0.215061     0.525950  
   180     0.213918     0.525736  
   181     0.212776     0.525385  
   182     0.211632     0.525015  
   183     0.210553     0.524931  
   184     0.209455     0.524983  
   185     0.208379     0.524544  
   186     0.207278     0.524229  
   187     0.206150     0.523918  
   188     0.205132     0.523789  
   189     0.204111     0.523579  
   190     0.203101     0.523428  
   191     0.201990     0.523174  
   192     0.200978     0.522800  
   193     0.199909     0.522614  
   194     0.198798     0.522479  
   195     0.197643     0.522095  
   196     0.196602     0.521730  
   197     0.195379     0.521444  
   198     0.194315     0.521189  
   199     0.193314     0.520976  
   200     0.192314     0.520818  
   201     0.191398     0.520789  
   202     0.190294     0.520298  
   203     0.189390     0.520309  
   204     0.188349     0.520130  
   205     0.187363     0.519741  
   206     0.186296     0.519837  
   207     0.185317     0.519578  
   208     0.184428     0.519616  
   209     0.183370     0.519145  
   210     0.182375     0.518633  
   211     0.181448     0.518647  
   212     0.180530     0.518827  
   213     0.179664     0.518492  
   214     0.178782     0.518485  
   215     0.177880     0.518658  
   216     0.176986     0.518370  
   217     0.176081     0.518024  
   218     0.175236     0.518006  
   219     0.174400     0.517738  
   220     0.173604     0.517787  
   221     0.172716     0.517832  
   222     0.171883     0.517985  
   223     0.170877     0.517562  
   224     0.170026     0.517190  
   225     0.169240     0.517066  
   226     0.168481     0.516919  
   227     0.167619     0.516716  
   228     0.166831     0.516359  
   229     0.166053     0.516165  
   230     0.165338     0.516212  
   231     0.164569     0.516065  
   232     0.163753     0.515730  
   233     0.162928     0.515433  
   234     0.162173     0.515277  
   235     0.161400     0.514906  
   236     0.160555     0.514865  
   237     0.159812     0.514792  
   238     0.159082     0.514929  
   239     0.158286     0.514812  
   240     0.157453     0.514706  
   241     0.156724     0.514634  
   242     0.155918     0.514330  
   243     0.155157     0.514424  
   244     0.154434     0.514181  
   245     0.153709     0.514124  
   246     0.152943     0.513924  
   247     0.152222     0.513782  
   248     0.151454     0.513824  
   249     0.150794     0.513441  
   250     0.150027     0.513215  
   251     0.149321     0.513200  
   252     0.148570     0.513071  
   253     0.147931     0.513027  
   254     0.147188     0.512828  
   255     0.146526     0.512807  
   256     0.145849     0.512728  
   257     0.145166     0.512461  
   258     0.144442     0.512386  
   259     0.143760     0.512356  
   260     0.143051     0.512164  
   261     0.142333     0.512330  
   262     0.141576     0.512437  
   263     0.140898     0.512504  
   264     0.140252     0.512487  
   265     0.139596     0.512581  
   266     0.138932     0.512296  
   267     0.138313     0.512108  
   268     0.137637     0.511882  
   269     0.136970     0.511820  
   270     0.136292     0.511488  
   271     0.135579     0.511632  
   272     0.134921     0.511645  
   273     0.134285     0.511546  
   274     0.133653     0.511536  
   275     0.133015     0.511635  
   276     0.132365     0.511697  
   277     0.131744     0.511674  
   278     0.131148     0.511825  
   279     0.130517     0.511690  
   280     0.129896     0.511555  
   281     0.129215     0.511251  
   282     0.128546     0.511366  
   283     0.127955     0.511109  
   284     0.127392     0.510969  
   285     0.126765     0.510852  
   286     0.126090     0.510597  
   287     0.125518     0.510401  
   288     0.124942     0.510284  
   289     0.124357     0.510414  
   290     0.123695     0.510111  
   291     0.123048     0.510257  
   292     0.122475     0.509977  
   293     0.121845     0.510236  
   294     0.121290     0.510016  
   295     0.120750     0.509989  
   296     0.120170     0.510095  
   297     0.119637     0.510187  
   298     0.119089     0.510154  
   299     0.118558     0.509946  
   300     0.118006     0.509468  
   301     0.117471     0.509519  
   302     0.116897     0.509594  
   303     0.116382     0.509470  
   304     0.115815     0.509307  
   305     0.115276     0.509401  
   306     0.114706     0.509397  
   307     0.114098     0.509496  
   308     0.113531     0.509477  
   309     0.113035     0.509488  
   310     0.112493     0.509335  
   311     0.111992     0.509427  
   312     0.111455     0.509203  
   313     0.111000     0.509318  
   314     0.110467     0.509516  
   315     0.110005     0.509414  
   316     0.109484     0.509393  
   317     0.108965     0.509216  
   318     0.108469     0.509091  
   319     0.107980     0.508952  
   320     0.107514     0.508856  
   321     0.107023     0.508660  
   322     0.106517     0.508804  
   323     0.106010     0.508725  
   324     0.105505     0.508349  
   325     0.105029     0.508492  
   326     0.104537     0.508341  
   327     0.104084     0.508192  
   328     0.103643     0.508044  
   329     0.103222     0.508098  
   330     0.102715     0.508084  
   331     0.102215     0.508168  
   332     0.101648     0.507826  
   333     0.101171     0.507372  
   334     0.100681     0.507234  
   335     0.100207     0.507241  
   336     0.099715     0.507145  
   337     0.099223     0.507081  
   338     0.098783     0.507095  
   339     0.098267     0.507257  
   340     0.097784     0.507314  
   341     0.097286     0.507297  
   342     0.096829     0.507380  
   343     0.096354     0.507366  
   344     0.095935     0.507268  
   345     0.095483     0.507035  
   346     0.095046     0.506894  
   347     0.094587     0.506498  
   348     0.094175     0.506499  
   349     0.093766     0.506498  
   350     0.093296     0.506266  
   351     0.092848     0.506531  
   352     0.092409     0.506461  
   353     0.092051     0.506447  
   354     0.091615     0.506567  
   355     0.091192     0.506392  
   356     0.090781     0.506474  
   357     0.090333     0.506558  
   358     0.089932     0.506733  
   359     0.089545     0.506812  
   360     0.089117     0.506829  
   361     0.088723     0.506783  
   362     0.088345     0.506722  
   363     0.087969     0.506770  
   364     0.087577     0.506890  
   365     0.087172     0.506899  
   366     0.086749     0.506794  
   367     0.086375     0.506874  
   368     0.085966     0.506797  
   369     0.085618     0.506403  
   370     0.085216     0.506083  
   371     0.084844     0.506248  
   372     0.084449     0.506342  
   373     0.084047     0.506376  
   374     0.083697     0.506402  
   375     0.083321     0.506380  
   376     0.083011     0.506269  
   377     0.082625     0.506260  
   378     0.082269     0.506149  
   379     0.081899     0.506141  
   380     0.081556     0.506113  
   381     0.081162     0.505842  
   382     0.080766     0.505863  
   383     0.080425     0.505582  
   384     0.080036     0.505641  
   385     0.079692     0.505539  
   386     0.079319     0.505553  
   387     0.078945     0.505589  
   388     0.078618     0.505623  
   389     0.078265     0.505760  
   390     0.077922     0.505777  
   391     0.077574     0.505776  
   392     0.077233     0.505611  
   393     0.076898     0.505658  
   394     0.076570     0.505686  
   395     0.076241     0.505745  
   396     0.075915     0.505532  
   397     0.075552     0.505406  
   398     0.075199     0.505374  
   399     0.074841     0.505308  
   400     0.074500     0.505202  
   401     0.074143     0.505181  
   402     0.073792     0.505176  
   403     0.073428     0.505135  
   404     0.073119     0.505081  
   405     0.072723     0.505050  
   406     0.072395     0.505122  
   407     0.072062     0.505103  
   408     0.071735     0.504883  
   409     0.071446     0.504911  
   410     0.071124     0.505031  
   411     0.070796     0.504900  
   412     0.070461     0.504800  
   413     0.070124     0.504945  
   414     0.069777     0.504966  
   415     0.069483     0.504931  
   416     0.069169     0.504936  
   417     0.068842     0.504782  
   418     0.068520     0.504864  
   419     0.068189     0.504705  
   420     0.067880     0.504588  
   421     0.067597     0.504477  
   422     0.067277     0.504427  
   423     0.066990     0.504404  
   424     0.066716     0.504334  
   425     0.066418     0.504090  
   426     0.066164     0.504213  
   427     0.065882     0.504276  
   428     0.065563     0.504056  
   429     0.065244     0.503959  
   430     0.064940     0.504020  
   431     0.064658     0.503715  
   432     0.064357     0.503575  
   433     0.064050     0.503570  
   434     0.063751     0.503482  
   435     0.063435     0.503365  
   436     0.063164     0.503307  
   437     0.062873     0.503259  
   438     0.062575     0.503344  
   439     0.062305     0.503229  
   440     0.062049     0.503291  
   441     0.061784     0.503258  
   442     0.061516     0.503093  
   443     0.061210     0.503150  
   444     0.060924     0.503095  
   445     0.060636     0.503128  
   446     0.060377     0.503194  
   447     0.060101     0.503097  
   448     0.059800     0.503221  
   449     0.059523     0.503356  
   450     0.059273     0.503287  
   451     0.059006     0.503441  
   452     0.058763     0.503430  
   453     0.058508     0.503341  
   454     0.058263     0.503199  
   455     0.058014     0.503087  
   456     0.057787     0.503058  
   457     0.057548     0.503061  
   458     0.057303     0.503043  
   459     0.057098     0.502970  
   460     0.056848     0.503014  
   461     0.056601     0.503032  
   462     0.056347     0.503174  
   463     0.056094     0.503055  
   464     0.055865     0.502934  
   465     0.055631     0.502839  
   466     0.055391     0.502971  
   467     0.055125     0.502924  
   468     0.054913     0.502834  
   469     0.054643     0.502818  
   470     0.054405     0.502881  
   471     0.054165     0.502876  
   472     0.053946     0.502766  
   473     0.053711     0.502699  
   474     0.053459     0.502639  
   475     0.053197     0.502722  
   476     0.052974     0.502568  
   477     0.052728     0.502523  
   478     0.052506     0.502545  
   479     0.052279     0.502567  
   480     0.052022     0.502454  
   481     0.051773     0.502397  
   482     0.051536     0.502586  
   483     0.051323     0.502683  
   484     0.051106     0.502672  
   485     0.050891     0.502630  
   486     0.050662     0.502585  
   487     0.050435     0.502652  
   488     0.050206     0.502593  
   489     0.049977     0.502525  
   490     0.049753     0.502373  
   491     0.049545     0.502396  
   492     0.049320     0.502322  
   493     0.049093     0.502225  
   494     0.048882     0.502162  
   495     0.048705     0.502133  
   496     0.048491     0.502032  
   497     0.048284     0.501950  
   498     0.048060     0.501860  
   499     0.047850     0.501807  
   500     0.047616     0.501748  
   501     0.047365     0.501528  
   502     0.047180     0.501544  
   503     0.046978     0.501521  
   504     0.046756     0.501434  
   505     0.046564     0.501343  
   506     0.046380     0.501482  
   507     0.046192     0.501423  
   508     0.045987     0.501424  
   509     0.045766     0.501442  
   510     0.045567     0.501459  
   511     0.045358     0.501440  
   512     0.045170     0.501188  
   513     0.044983     0.501212  
   514     0.044785     0.501068  
   515     0.044608     0.501034  
   516     0.044414     0.501011  
   517     0.044225     0.500859  
   518     0.044006     0.500709  
   519     0.043820     0.500884  
   520     0.043608     0.500666  
   521     0.043427     0.500631  
   522     0.043259     0.500666  
   523     0.043078     0.500527  
   524     0.042900     0.500549  
   525     0.042724     0.500541  
   526     0.042542     0.500565  
   527     0.042343     0.500594  
   528     0.042141     0.500426  
   529     0.041974     0.500318  
   530     0.041810     0.500228  
   531     0.041638     0.500254  
   532     0.041460     0.500137  
   533     0.041282     0.500122  
   534     0.041108     0.500045  
   535     0.040924     0.500003  
   536     0.040760     0.499870  
   537     0.040591     0.499775  
   538     0.040406     0.499697  
   539     0.040228     0.499626  
   540     0.040058     0.499681  
   541     0.039906     0.499681  
   542     0.039738     0.499590  
   543     0.039564     0.499602  
   544     0.039407     0.499578  
   545     0.039238     0.499538  
   546     0.039064     0.499446  
   547     0.038899     0.499509  
   548     0.038723     0.499645  
   549     0.038542     0.499654  
   550     0.038376     0.499728  
   551     0.038206     0.499837  
   552     0.038065     0.499801  
   553     0.037915     0.499951  
   554     0.037748     0.499834  
   555     0.037606     0.499779  
   556     0.037452     0.499808  
   557     0.037310     0.499829  
   558     0.037150     0.499879  
   559     0.036960     0.499682  
   560     0.036790     0.499655  
   561     0.036636     0.499597  
   562     0.036487     0.499644  
   563     0.036330     0.499600  
   564     0.036188     0.499674  
   565     0.036030     0.499514  
   566     0.035874     0.499511  
   567     0.035722     0.499526  
   568     0.035578     0.499418  
   569     0.035430     0.499331  
   570     0.035293     0.499319  
   571     0.035145     0.499226  
   572     0.034993     0.499298  
   573     0.034846     0.499289  
   574     0.034693     0.499240  
   575     0.034554     0.499215  
   576     0.034406     0.499155  
   577     0.034254     0.499118  
   578     0.034108     0.499113  
   579     0.033964     0.499132  
   580     0.033814     0.499081  
   581     0.033677     0.499066  
   582     0.033525     0.499064  
   583     0.033386     0.498999  
   584     0.033253     0.498968  
   585     0.033109     0.498831  
   586     0.032975     0.498903  
   587     0.032843     0.498871  
   588     0.032686     0.498929  
   589     0.032566     0.498996  
   590     0.032423     0.499033  
   591     0.032280     0.498983  
   592     0.032132     0.498918  
   593     0.031992     0.498992  
   594     0.031852     0.498893  
   595     0.031723     0.498855  
   596     0.031590     0.498766  
   597     0.031462     0.498822  
   598     0.031334     0.498808  
   599     0.031204     0.498866  
   600     0.031066     0.498925  
   601     0.030924     0.498812  
   602     0.030786     0.498723  
   603     0.030667     0.498771  
   604     0.030540     0.498781  
   605     0.030414     0.498696  
   606     0.030292     0.498680  
   607     0.030155     0.498648  
   608     0.030019     0.498730  
   609     0.029882     0.498611  
   610     0.029758     0.498637  
   611     0.029641     0.498580  
   612     0.029518     0.498528  
   613     0.029399     0.498563  
   614     0.029275     0.498606  
   615     0.029150     0.498638  
   616     0.029015     0.498686  
   617     0.028884     0.498624  
   618     0.028756     0.498701  
   619     0.028631     0.498664  
   620     0.028518     0.498640  
   621     0.028413     0.498586  
   622     0.028302     0.498601  
   623     0.028188     0.498513  
   624     0.028071     0.498547  
   625     0.027952     0.498496  
   626     0.027832     0.498509  
   627     0.027723     0.498432  
   628     0.027607     0.498385  
   629     0.027503     0.498429  
   630     0.027386     0.498430  
   631     0.027272     0.498436  
   632     0.027156     0.498418  
   633     0.027031     0.498345  
   634     0.026920     0.498440  
   635     0.026800     0.498415  
   636     0.026696     0.498361  
   637     0.026585     0.498237  
   638     0.026479     0.498253  
   639     0.026373     0.498206  
   640     0.026265     0.498256  
   641     0.026153     0.498295  
   642     0.026025     0.498277  
   643     0.025918     0.498309  
   644     0.025815     0.498293  
   645     0.025702     0.498185  
   646     0.025594     0.498080  
   647     0.025488     0.498192  
   648     0.025383     0.498192  
   649     0.025262     0.498033  
   650     0.025149     0.498034  
   651     0.025037     0.498020  
   652     0.024941     0.498056  
   653     0.024828     0.498052  
   654     0.024722     0.498017  
   655     0.024618     0.498080  
   656     0.024520     0.498045  
   657     0.024428     0.497885  
   658     0.024314     0.497882  
   659     0.024201     0.497857  
   660     0.024097     0.497833  
   661     0.023998     0.497809  
   662     0.023895     0.497750  
   663     0.023785     0.497795  
   664     0.023688     0.497787  
   665     0.023594     0.497763  
   666     0.023494     0.497810  
   667     0.023399     0.497733  
   668     0.023309     0.497663  
   669     0.023209     0.497607  
   670     0.023099     0.497612  
   671     0.023002     0.497579  
   672     0.022915     0.497591  
   673     0.022824     0.497652  
   674     0.022742     0.497518  
   675     0.022653     0.497599  
   676     0.022557     0.497566  
   677     0.022459     0.497544  
   678     0.022367     0.497501  
   679     0.022276     0.497507  
   680     0.022186     0.497514  
   681     0.022101     0.497515  
   682     0.022010     0.497427  
   683     0.021915     0.497376  
   684     0.021818     0.497218  
   685     0.021730     0.497220  
   686     0.021639     0.497218  
   687     0.021549     0.497160  
   688     0.021460     0.497181  
   689     0.021373     0.497106  
   690     0.021292     0.497051  
   691     0.021207     0.497026  
   692     0.021123     0.497012  
   693     0.021046     0.496847  
   694     0.020963     0.496821  
   695     0.020866     0.496784  
   696     0.020791     0.496770  
   697     0.020708     0.496825  
   698     0.020629     0.496808  
   699     0.020543     0.496898  
   700     0.020462     0.496961  
   701     0.020376     0.496961  
   702     0.020293     0.496896  
   703     0.020213     0.496876  
   704     0.020121     0.496833  
   705     0.020034     0.496860  
   706     0.019950     0.496831  
   707     0.019861     0.496858  
   708     0.019793     0.496895  
   709     0.019717     0.496923  
   710     0.019640     0.496963  
   711     0.019548     0.496955  
   712     0.019462     0.496866  
   713     0.019382     0.496898  
   714     0.019307     0.496943  
   715     0.019239     0.496977  
   716     0.019162     0.496943  
   717     0.019094     0.496980  
   718     0.019010     0.496997  
   719     0.018932     0.496899  
   720     0.018859     0.496809  
   721     0.018778     0.496918  
   722     0.018705     0.496898  
   723     0.018629     0.496926  
   724     0.018551     0.496858  
   725     0.018464     0.496752  
   726     0.018391     0.496799  
   727     0.018311     0.496718  
   728     0.018235     0.496732  
   729     0.018153     0.496762  
   730     0.018082     0.496750  
   731     0.018015     0.496723  
   732     0.017954     0.496671  
   733     0.017880     0.496578  
   734     0.017805     0.496582  
   735     0.017741     0.496580  
   736     0.017668     0.496533  
   737     0.017597     0.496632  
   738     0.017515     0.496533  
   739     0.017444     0.496529  
   740     0.017371     0.496582  
   741     0.017304     0.496623  
   742     0.017226     0.496591  
   743     0.017159     0.496542  
   744     0.017095     0.496554  
   745     0.017015     0.496497  
   746     0.016941     0.496478  
   747     0.016872     0.496523  
   748     0.016815     0.496515  
   749     0.016739     0.496541  
   750     0.016674     0.496541  
   751     0.016606     0.496520  
   752     0.016532     0.496591  
   753     0.016462     0.496526  
   754     0.016402     0.496458  
   755     0.016333     0.496516  
   756     0.016267     0.496558  
   757     0.016199     0.496554  
   758     0.016132     0.496565  
   759     0.016068     0.496539  
   760     0.015998     0.496613  
   761     0.015938     0.496578  
   762     0.015874     0.496606  
   763     0.015813     0.496541  
   764     0.015754     0.496517  
   765     0.015700     0.496429  
   766     0.015631     0.496497  
   767     0.015573     0.496416  
   768     0.015502     0.496419  
   769     0.015435     0.496445  
   770     0.015370     0.496336  
   771     0.015307     0.496355  
   772     0.015253     0.496344  
   773     0.015185     0.496313  
   774     0.015125     0.496314  
   775     0.015059     0.496310  
   776     0.015001     0.496342  
   777     0.014945     0.496332  
   778     0.014889     0.496304  
   779     0.014833     0.496285  
   780     0.014772     0.496276  
   781     0.014709     0.496192  
   782     0.014650     0.496192  
   783     0.014586     0.496164  
   784     0.014531     0.496202  
   785     0.014469     0.496179  
   786     0.014408     0.496146  
   787     0.014348     0.496131  
   788     0.014287     0.496147  
   789     0.014219     0.496064  
   790     0.014161     0.496010  
   791     0.014109     0.496010  
   792     0.014051     0.496060  
   793     0.013998     0.496072  
   794     0.013943     0.496002  
   795     0.013882     0.495933  
   796     0.013829     0.495906  
   797     0.013771     0.495858  
   798     0.013712     0.495781  
   799     0.013660     0.495784  
   800     0.013607     0.495801  
   801     0.013556     0.495843  
   802     0.013501     0.495836  
   803     0.013444     0.495839  
   804     0.013387     0.495899  
   805     0.013329     0.495932  
   806     0.013273     0.495943  
   807     0.013217     0.495992  
   808     0.013162     0.495957  
   809     0.013110     0.495960  
   810     0.013058     0.495908  
   811     0.013003     0.495821  
   812     0.012954     0.495780  
   813     0.012900     0.495770  
   814     0.012847     0.495758  
   815     0.012796     0.495769  
   816     0.012746     0.495798  
   817     0.012691     0.495808  
   818     0.012641     0.495728  
   819     0.012582     0.495739  
   820     0.012528     0.495792  
   821     0.012473     0.495800  
   822     0.012424     0.495837  
   823     0.012372     0.495852  
   824     0.012319     0.495797  
   825     0.012269     0.495756  
   826     0.012223     0.495642  
   827     0.012172     0.495605  
   828     0.012126     0.495616  
   829     0.012082     0.495641  
   830     0.012037     0.495645  
   831     0.011994     0.495709  
   832     0.011943     0.495779  
   833     0.011898     0.495813  
   834     0.011854     0.495764  
   835     0.011801     0.495707  
   836     0.011756     0.495704  
   837     0.011709     0.495741  
   838     0.011661     0.495742  
   839     0.011619     0.495772  
   840     0.011573     0.495793  
   841     0.011531     0.495769  
   842     0.011484     0.495742  
   843     0.011446     0.495739  
   844     0.011401     0.495686  
   845     0.011349     0.495727  
   846     0.011298     0.495610  
   847     0.011252     0.495631  
   848     0.011203     0.495607  
   849     0.011157     0.495556  
   850     0.011113     0.495510  
   851     0.011066     0.495520  
   852     0.011018     0.495477  
   853     0.010973     0.495391  
   854     0.010930     0.495399  
   855     0.010887     0.495339  
   856     0.010839     0.495275  
   857     0.010799     0.495362  
   858     0.010758     0.495335  
   859     0.010719     0.495392  
   860     0.010682     0.495375  
   861     0.010635     0.495401  
   862     0.010589     0.495448  
   863     0.010546     0.495424  
   864     0.010507     0.495422  
   865     0.010464     0.495399  
   866     0.010421     0.495385  
   867     0.010385     0.495385  
   868     0.010344     0.495440  
   869     0.010301     0.495420  
   870     0.010256     0.495416  
   871     0.010218     0.495426  
   872     0.010173     0.495431  
   873     0.010134     0.495428  
   874     0.010093     0.495375  
   875     0.010058     0.495432  
   876     0.010021     0.495463  
   877     0.009982     0.495436  
   878     0.009946     0.495419  
   879     0.009904     0.495406  
   880     0.009861     0.495399  
   881     0.009822     0.495404  
   882     0.009778     0.495366  
   883     0.009746     0.495358  
   884     0.009710     0.495367  
   885     0.009668     0.495388  
   886     0.009631     0.495408  
   887     0.009593     0.495428  
   888     0.009554     0.495435  
   889     0.009518     0.495425  
   890     0.009479     0.495425  
   891     0.009441     0.495400  
   892     0.009406     0.495383  
   893     0.009367     0.495412  
   894     0.009330     0.495403  
   895     0.009285     0.495321  
   896     0.009248     0.495321  
   897     0.009214     0.495369  
   898     0.009176     0.495380  
   899     0.009138     0.495326  
   900     0.009101     0.495356  
   901     0.009065     0.495375  
   902     0.009031     0.495357  
   903     0.008994     0.495363  
   904     0.008958     0.495387  
   905     0.008927     0.495370  
   906     0.008891     0.495416  
   907     0.008846     0.495406  
   908     0.008816     0.495429  
   909     0.008777     0.495432  
   910     0.008740     0.495419  
   911     0.008713     0.495381  
   912     0.008675     0.495372  
   913     0.008640     0.495407  
   914     0.008605     0.495423  
   915     0.008568     0.495446  
   916     0.008535     0.495431  
   917     0.008501     0.495453  
   918     0.008464     0.495385  
   919     0.008432     0.495405  
   920     0.008403     0.495376  
   921     0.008369     0.495362  
   922     0.008331     0.495338  
   923     0.008298     0.495327  
   924     0.008264     0.495294  
   925     0.008231     0.495321  
   926     0.008196     0.495355  
   927     0.008166     0.495351  
   928     0.008134     0.495333  
   929     0.008103     0.495290  
   930     0.008071     0.495294  
   931     0.008041     0.495277  
   932     0.008011     0.495260  
   933     0.007978     0.495233  
   934     0.007946     0.495258  
   935     0.007918     0.495251  
   936     0.007880     0.495186  
   937     0.007844     0.495123  
   938     0.007812     0.495090  
   939     0.007780     0.495058  
   940     0.007747     0.495026  
   941     0.007712     0.494978  
   942     0.007682     0.494963  
   943     0.007654     0.495015  
   944     0.007624     0.495048  
   945     0.007593     0.495023  
   946     0.007561     0.494993  
   947     0.007533     0.494999  
   948     0.007503     0.495034  
   949     0.007475     0.494983  
   950     0.007441     0.494996  
   951     0.007412     0.494968  
   952     0.007380     0.494998  
   953     0.007349     0.495005  
   954     0.007318     0.495001  
   955     0.007288     0.494959  
   956     0.007258     0.494998  
   957     0.007229     0.494994  
   958     0.007203     0.495026  
   959     0.007177     0.495052  
   960     0.007148     0.494980  
   961     0.007122     0.494979  
   962     0.007096     0.494983  
   963     0.007067     0.494935  
   964     0.007040     0.494870  
   965     0.007008     0.494904  
   966     0.006979     0.494834  
   967     0.006953     0.494827  
   968     0.006930     0.494795  
   969     0.006898     0.494794  
   970     0.006871     0.494772  
   971     0.006842     0.494729  
   972     0.006816     0.494722  
   973     0.006786     0.494693  
   974     0.006759     0.494678  
   975     0.006734     0.494661  
   976     0.006707     0.494653  
   977     0.006682     0.494648  
   978     0.006657     0.494602  
   979     0.006636     0.494604  
   980     0.006610     0.494586  
   981     0.006586     0.494559  
   982     0.006559     0.494567  
   983     0.006530     0.494500  
   984     0.006500     0.494492  
   985     0.006473     0.494504  
   986     0.006451     0.494515  
   987     0.006429     0.494499  
   988     0.006403     0.494483  
   989     0.006382     0.494483  
   990     0.006357     0.494480  
   991     0.006333     0.494488  
   992     0.006306     0.494458  
   993     0.006284     0.494409  
   994     0.006258     0.494375  
   995     0.006236     0.494379  
   996     0.006211     0.494385  
   997     0.006185     0.494374  
   998     0.006160     0.494414  
   999     0.006138     0.494393  
  1000     0.006117     0.494374  
  1001     0.006092     0.494368  
  1002     0.006067     0.494339  
  1003     0.006047     0.494341  
  1004     0.006025     0.494339  
  1005     0.006003     0.494319  
  1006     0.005978     0.494362  
  1007     0.005958     0.494354  
  1008     0.005935     0.494357  
  1009     0.005914     0.494369  
  1010     0.005891     0.494313  
  1011     0.005867     0.494305  
  1012     0.005844     0.494292  
  1013     0.005825     0.494296  
  1014     0.005802     0.494277  
  1015     0.005779     0.494296  
  1016     0.005759     0.494291  
  1017     0.005737     0.494277  
  1018     0.005712     0.494255  
  1019     0.005689     0.494244  
  1020     0.005664     0.494296  
  1021     0.005643     0.494269  
  1022     0.005622     0.494282  
  1023     0.005596     0.494311  
  1024     0.005573     0.494297  
  1025     0.005549     0.494331  
  1026     0.005526     0.494326  
  1027     0.005501     0.494336  
  1028     0.005476     0.494365  
  1029     0.005453     0.494298  
  1030     0.005432     0.494259  
  1031     0.005409     0.494250  
  1032     0.005389     0.494251  
  1033     0.005365     0.494241  
  1034     0.005342     0.494259  
  1035     0.005318     0.494262  
  1036     0.005297     0.494204  
  1037     0.005280     0.494197  
  1038     0.005258     0.494257  
  1039     0.005235     0.494273  
  1040     0.005216     0.494232  
  1041     0.005198     0.494205  
  1042     0.005179     0.494226  
  1043     0.005161     0.494265  
  1044     0.005139     0.494270  
  1045     0.005120     0.494319  
  1046     0.005100     0.494285  
  1047     0.005080     0.494268  
  1048     0.005061     0.494248  
  1049     0.005041     0.494263  
  1050     0.005023     0.494267  
  1051     0.005005     0.494235  
  1052     0.004986     0.494147  
  1053     0.004965     0.494096  
  1054     0.004949     0.494092  
  1055     0.004928     0.494122  
  1056     0.004909     0.494129  
  1057     0.004889     0.494125  
  1058     0.004869     0.494073  
  1059     0.004851     0.494098  
  1060     0.004830     0.494122  
  1061     0.004811     0.494134  
  1062     0.004793     0.494112  
  1063     0.004773     0.494082  
  1064     0.004753     0.494069  
  1065     0.004738     0.494034  
  1066     0.004719     0.494011  
  1067     0.004704     0.494026  
  1068     0.004685     0.494026  
  1069     0.004668     0.494038  
  1070     0.004647     0.494025  
  1071     0.004629     0.494022  
  1072     0.004611     0.494020  
  1073     0.004596     0.494011  
  1074     0.004579     0.494010  
  1075     0.004563     0.494000  
  1076     0.004544     0.494015  
  1077     0.004528     0.494001  
  1078     0.004511     0.493976  
  1079     0.004493     0.493976  
  1080     0.004474     0.493959  
  1081     0.004454     0.493986  
  1082     0.004438     0.493997  
  1083     0.004421     0.494010  
  1084     0.004403     0.494004  
  1085     0.004387     0.494023  
  1086     0.004369     0.493998  
  1087     0.004352     0.493956  
  1088     0.004334     0.493982  
  1089     0.004316     0.493947  
  1090     0.004301     0.493968  
  1091     0.004284     0.493940  
  1092     0.004269     0.493953  
  1093     0.004251     0.493938  
  1094     0.004235     0.493872  
  1095     0.004219     0.493862  
  1096     0.004203     0.493837  
  1097     0.004186     0.493822  
  1098     0.004169     0.493780  
  1099     0.004155     0.493778  
  1100     0.004137     0.493815  
  1101     0.004119     0.493836  
  1102     0.004102     0.493850  
  1103     0.004087     0.493840  
  1104     0.004070     0.493861  
  1105     0.004052     0.493894  
  1106     0.004036     0.493888  
  1107     0.004019     0.493884  
  1108     0.004004     0.493893  
  1109     0.003988     0.493920  
  1110     0.003971     0.493926  
  1111     0.003957     0.493914  
  1112     0.003943     0.493944  
  1113     0.003929     0.493944  
  1114     0.003915     0.493953  
  1115     0.003899     0.493985  
  1116     0.003884     0.494004  
  1117     0.003868     0.494017  
  1118     0.003854     0.494066  
  1119     0.003839     0.494044  
  1120     0.003825     0.494086  
  1121     0.003810     0.494082  
  1122     0.003795     0.494063  
  1123     0.003779     0.494037  
  1124     0.003766     0.494057  
  1125     0.003752     0.494041  
  1126     0.003736     0.494057  
  1127     0.003722     0.494012  
  1128     0.003707     0.493971  
  1129     0.003692     0.493901  
  1130     0.003679     0.493875  
  1131     0.003663     0.493881  
  1132     0.003651     0.493874  
  1133     0.003636     0.493823  
  1134     0.003623     0.493837  
  1135     0.003607     0.493806  
  1136     0.003591     0.493839  
  1137     0.003578     0.493839  
  1138     0.003563     0.493860  
  1139     0.003548     0.493834  
  1140     0.003533     0.493865  
  1141     0.003519     0.493874  
  1142     0.003505     0.493874  
  1143     0.003494     0.493868  
  1144     0.003479     0.493868  
  1145     0.003467     0.493896  
  1146     0.003452     0.493866  
  1147     0.003440     0.493876  
  1148     0.003428     0.493865  
  1149     0.003414     0.493829  
  1150     0.003401     0.493815  
  1151     0.003387     0.493820  
  1152     0.003374     0.493809  
  1153     0.003362     0.493843  
  1154     0.003349     0.493837  
  1155     0.003337     0.493857  
  1156     0.003326     0.493849  
  1157     0.003313     0.493829  
  1158     0.003302     0.493783  
  1159     0.003291     0.493770  
  1160     0.003279     0.493785  
  1161     0.003265     0.493783  
  1162     0.003253     0.493780  
  1163     0.003240     0.493782  
  1164     0.003228     0.493772  
  1165     0.003216     0.493768  
  1166     0.003204     0.493788  
  1167     0.003192     0.493823  
  1168     0.003180     0.493820  
  1169     0.003168     0.493821  
  1170     0.003158     0.493850  
  1171     0.003145     0.493833  
  1172     0.003132     0.493769  
  1173     0.003119     0.493767  
  1174     0.003107     0.493789  
  1175     0.003095     0.493783  
  1176     0.003083     0.493798  
  1177     0.003071     0.493820  
  1178     0.003060     0.493818  
  1179     0.003049     0.493825  
  1180     0.003038     0.493833  
  1181     0.003026     0.493800  
  1182     0.003015     0.493826  
  1183     0.003005     0.493806  
  1184     0.002992     0.493773  
  1185     0.002982     0.493725  
  1186     0.002970     0.493710  
  1187     0.002958     0.493698  
  1188     0.002947     0.493714  
  1189     0.002935     0.493693  
  1190     0.002923     0.493683  
  1191     0.002911     0.493654  
  1192     0.002900     0.493631  
  1193     0.002888     0.493653  
  1194     0.002877     0.493672  
  1195     0.002866     0.493669  
  1196     0.002856     0.493653  
  1197     0.002845     0.493658  
  1198     0.002833     0.493631  
  1199     0.002822     0.493615  
  1200     0.002811     0.493603  
  1201     0.002799     0.493613  
  1202     0.002788     0.493603  
  1203     0.002778     0.493595  
  1204     0.002767     0.493586  
  1205     0.002756     0.493577  
  1206     0.002746     0.493575  
  1207     0.002735     0.493559  
  1208     0.002725     0.493561  
  1209     0.002716     0.493537  
  1210     0.002705     0.493531  
  1211     0.002695     0.493538  
  1212     0.002684     0.493555  
  1213     0.002674     0.493548  
  1214     0.002663     0.493556  
  1215     0.002652     0.493550  
  1216     0.002641     0.493577  
  1217     0.002630     0.493553  
  1218     0.002621     0.493562  
  1219     0.002610     0.493562  
  1220     0.002600     0.493564  
  1221     0.002591     0.493558  
  1222     0.002581     0.493544  
  1223     0.002571     0.493535  
  1224     0.002561     0.493534  
  1225     0.002551     0.493520  
  1226     0.002541     0.493519  
  1227     0.002532     0.493530  
  1228     0.002522     0.493506  
  1229     0.002513     0.493486  
  1230     0.002503     0.493472  
  1231     0.002495     0.493502  
  1232     0.002484     0.493486  
  1233     0.002474     0.493492  
  1234     0.002465     0.493477  
  1235     0.002456     0.493493  
  1236     0.002447     0.493506  
  1237     0.002438     0.493505  
  1238     0.002428     0.493526  
  1239     0.002419     0.493514  
  1240     0.002408     0.493522  
  1241     0.002397     0.493501  
  1242     0.002389     0.493488  
  1243     0.002379     0.493477  
  1244     0.002370     0.493486  
  1245     0.002361     0.493502  
  1246     0.002352     0.493472  
  1247     0.002342     0.493478  
  1248     0.002333     0.493444  
  1249     0.002325     0.493449  
  1250     0.002317     0.493434  
  1251     0.002309     0.493432  
  1252     0.002300     0.493416  
  1253     0.002292     0.493403  
  1254     0.002284     0.493403  
  1255     0.002274     0.493386  
  1256     0.002266     0.493356  
  1257     0.002258     0.493364  
  1258     0.002249     0.493354  
  1259     0.002241     0.493331  
  1260     0.002232     0.493336  
  1261     0.002223     0.493364  
  1262     0.002214     0.493346  
  1263     0.002206     0.493305  
  1264     0.002197     0.493291  
  1265     0.002188     0.493276  
  1266     0.002180     0.493295  
  1267     0.002172     0.493284  
  1268     0.002163     0.493319  
  1269     0.002155     0.493298  
  1270     0.002147     0.493300  
  1271     0.002138     0.493305  
  1272     0.002130     0.493322  
  1273     0.002121     0.493282  
  1274     0.002112     0.493293  
  1275     0.002104     0.493277  
  1276     0.002097     0.493247  
  1277     0.002088     0.493268  
  1278     0.002080     0.493271  
  1279     0.002071     0.493283  
  1280     0.002064     0.493268  
  1281     0.002056     0.493243  
  1282     0.002048     0.493251  
  1283     0.002040     0.493270  
  1284     0.002032     0.493265  
  1285     0.002025     0.493218  
  1286     0.002017     0.493228  
  1287     0.002010     0.493239  
  1288     0.002002     0.493251  
  1289     0.001995     0.493236  
  1290     0.001988     0.493239  
  1291     0.001979     0.493220  
  1292     0.001972     0.493211  
  1293     0.001963     0.493179  
  1294     0.001956     0.493157  
  1295     0.001949     0.493136  
  1296     0.001941     0.493117  
  1297     0.001934     0.493125  
  1298     0.001926     0.493134  
  1299     0.001917     0.493110  
  1300     0.001910     0.493116  
  1301     0.001903     0.493120  
  1302     0.001895     0.493134  
  1303     0.001889     0.493114  
  1304     0.001881     0.493083  
  1305     0.001874     0.493081  
  1306     0.001866     0.493069  
  1307     0.001859     0.493069  
  1308     0.001852     0.493052  
  1309     0.001844     0.493060  
  1310     0.001837     0.493030  
  1311     0.001830     0.493020  
  1312     0.001823     0.493042  
  1313     0.001816     0.493028  
  1314     0.001810     0.493030  
  1315     0.001803     0.492997  
  1316     0.001797     0.492976  
  1317     0.001790     0.492966  
  1318     0.001783     0.492960  
  1319     0.001776     0.492955  
  1320     0.001770     0.492951  
  1321     0.001762     0.492979  
  1322     0.001756     0.492967  
  1323     0.001749     0.492979  
  1324     0.001742     0.493001  
  1325     0.001737     0.493003  
  1326     0.001731     0.493012  
  1327     0.001725     0.493009  
  1328     0.001718     0.492977  
  1329     0.001711     0.493001  
  1330     0.001704     0.493009  
  1331     0.001698     0.493008  
  1332     0.001693     0.493003  
  1333     0.001686     0.493022  
  1334     0.001679     0.493007  
  1335     0.001672     0.493024  
  1336     0.001666     0.493006  
  1337     0.001660     0.493026  
  1338     0.001653     0.493039  
  1339     0.001647     0.493035  
  1340     0.001640     0.493021  
  1341     0.001633     0.493036  
  1342     0.001627     0.493017  
  1343     0.001622     0.492994  
  1344     0.001615     0.492982  
  1345     0.001608     0.492974  
  1346     0.001602     0.492971  
  1347     0.001596     0.492942  
  1348     0.001590     0.492940  
  1349     0.001583     0.492947  
  1350     0.001578     0.492942  
  1351     0.001573     0.492936  
  1352     0.001567     0.492944  
  1353     0.001561     0.492967  
  1354     0.001555     0.492932  
  1355     0.001549     0.492907  
  1356     0.001543     0.492880  
  1357     0.001537     0.492883  
  1358     0.001531     0.492881  
  1359     0.001525     0.492860  
  1360     0.001519     0.492862  
  1361     0.001513     0.492832  
  1362     0.001507     0.492817  
  1363     0.001502     0.492801  
  1364     0.001496     0.492808  
  1365     0.001490     0.492811  
  1366     0.001485     0.492797  
  1367     0.001479     0.492799  
  1368     0.001473     0.492788  
  1369     0.001468     0.492796  
  1370     0.001463     0.492771  
  1371     0.001457     0.492749  
  1372     0.001452     0.492752  
  1373     0.001446     0.492730  
  1374     0.001440     0.492745  
  1375     0.001435     0.492727  
  1376     0.001430     0.492705  
  1377     0.001424     0.492716  
  1378     0.001418     0.492715  
  1379     0.001412     0.492703  
  1380     0.001407     0.492702  
  1381     0.001402     0.492702  
  1382     0.001397     0.492713  
  1383     0.001392     0.492718  
  1384     0.001386     0.492705  
  1385     0.001381     0.492716  
  1386     0.001376     0.492733  
  1387     0.001371     0.492727  
  1388     0.001365     0.492728  
  1389     0.001360     0.492737  
  1390     0.001355     0.492729  
  1391     0.001350     0.492719  
  1392     0.001346     0.492724  
  1393     0.001341     0.492726  
  1394     0.001336     0.492725  
  1395     0.001330     0.492720  
  1396     0.001325     0.492731  
  1397     0.001320     0.492714  
  1398     0.001315     0.492723  
  1399     0.001310     0.492694  
  1400     0.001305     0.492683  
  1401     0.001300     0.492656  
  1402     0.001294     0.492648  
  1403     0.001290     0.492659  
  1404     0.001285     0.492658  
  1405     0.001280     0.492642  
  1406     0.001275     0.492648  
  1407     0.001270     0.492639  
  1408     0.001265     0.492624  
  1409     0.001260     0.492612  
  1410     0.001256     0.492612  
  1411     0.001251     0.492593  
  1412     0.001246     0.492584  
  1413     0.001241     0.492573  
  1414     0.001236     0.492574  
  1415     0.001231     0.492580  
  1416     0.001225     0.492585  
  1417     0.001220     0.492599  
  1418     0.001215     0.492580  
  1419     0.001210     0.492568  
  1420     0.001205     0.492560  
  1421     0.001202     0.492560  
  1422     0.001197     0.492588  
  1423     0.001193     0.492576  
  1424     0.001188     0.492594  
  1425     0.001183     0.492593  
  1426     0.001178     0.492602  
  1427     0.001173     0.492617  
  1428     0.001169     0.492611  
  1429     0.001165     0.492617  
  1430     0.001161     0.492611  
  1431     0.001156     0.492613  
  1432     0.001152     0.492618  
  1433     0.001149     0.492616  
  1434     0.001144     0.492597  
  1435     0.001140     0.492594  
  1436     0.001136     0.492576  
  1437     0.001132     0.492573  
  1438     0.001127     0.492557  
  1439     0.001123     0.492572  
  1440     0.001118     0.492578  
  1441     0.001114     0.492593  
  1442     0.001111     0.492590  
  1443     0.001106     0.492582  
  1444     0.001102     0.492594  
  1445     0.001098     0.492581  
  1446     0.001093     0.492590  
  1447     0.001090     0.492573  
  1448     0.001086     0.492572  
  1449     0.001082     0.492557  
  1450     0.001078     0.492545  
  1451     0.001074     0.492557  
  1452     0.001070     0.492555  
  1453     0.001066     0.492550  
  1454     0.001062     0.492544  
  1455     0.001058     0.492536  
  1456     0.001054     0.492535  
  1457     0.001051     0.492544  
  1458     0.001047     0.492542  
  1459     0.001042     0.492539  
  1460     0.001038     0.492550  
  1461     0.001034     0.492555  
  1462     0.001030     0.492547  
  1463     0.001026     0.492560  
  1464     0.001022     0.492549  
  1465     0.001019     0.492561  
  1466     0.001016     0.492562  
  1467     0.001012     0.492569  
  1468     0.001009     0.492559  
  1469     0.001005     0.492571  
  1470     0.001001     0.492562  
  1471     0.000997     0.492570  
  1472     0.000994     0.492577  
  1473     0.000990     0.492595  
  1474     0.000987     0.492605  
  1475     0.000984     0.492590  
  1476     0.000980     0.492585  
  1477     0.000976     0.492592  
  1478     0.000973     0.492580  
  1479     0.000969     0.492579  
  1480     0.000965     0.492581  
  1481     0.000961     0.492575  
  1482     0.000958     0.492572  
  1483     0.000954     0.492562  
  1484     0.000950     0.492560  
  1485     0.000947     0.492557  
  1486     0.000943     0.492552  
  1487     0.000940     0.492530  
  1488     0.000937     0.492503  
  1489     0.000934     0.492496  
  1490     0.000930     0.492480  
  1491     0.000927     0.492493  
  1492     0.000923     0.492508  
  1493     0.000919     0.492486  
  1494     0.000916     0.492479  
  1495     0.000912     0.492462  
  1496     0.000909     0.492461  
  1497     0.000905     0.492449  
  1498     0.000901     0.492438  
  1499     0.000898     0.492433  
  1500     0.000895     0.492432  
  1501     0.000891     0.492430  
  1502     0.000888     0.492442  
  1503     0.000885     0.492454  
  1504     0.000881     0.492461  
  1505     0.000878     0.492438  
  1506     0.000875     0.492444  
  1507     0.000872     0.492435  
  1508     0.000868     0.492438  
  1509     0.000865     0.492434  
  1510     0.000862     0.492437  
  1511     0.000859     0.492437  
  1512     0.000856     0.492412  
  1513     0.000853     0.492418  
  1514     0.000849     0.492418  
  1515     0.000845     0.492413  
  1516     0.000842     0.492427  
  1517     0.000839     0.492422  
  1518     0.000836     0.492424  
  1519     0.000833     0.492439  
  1520     0.000830     0.492434  
  1521     0.000827     0.492426  
  1522     0.000824     0.492408  
  1523     0.000820     0.492402  
  1524     0.000817     0.492404  
  1525     0.000814     0.492408  
  1526     0.000811     0.492408  
  1527     0.000808     0.492403  
  1528     0.000805     0.492390  
  1529     0.000802     0.492371  
  1530     0.000799     0.492368  
  1531     0.000796     0.492366  
  1532     0.000793     0.492365  
  1533     0.000790     0.492360  
  1534     0.000787     0.492361  
  1535     0.000784     0.492363  
  1536     0.000781     0.492349  
  1537     0.000778     0.492369  
  1538     0.000774     0.492353  
  1539     0.000772     0.492346  
  1540     0.000769     0.492365  
  1541     0.000766     0.492370  
  1542     0.000764     0.492383  
  1543     0.000761     0.492398  
  1544     0.000758     0.492397  
  1545     0.000755     0.492406  
  1546     0.000752     0.492407  
  1547     0.000749     0.492391  
  1548     0.000746     0.492391  
  1549     0.000743     0.492390  
  1550     0.000741     0.492401  
  1551     0.000738     0.492399  
  1552     0.000735     0.492399  
  1553     0.000732     0.492409  
  1554     0.000729     0.492425  
  1555     0.000727     0.492422  
  1556     0.000724     0.492403  
  1557     0.000721     0.492408  
  1558     0.000718     0.492400  
  1559     0.000716     0.492405  
  1560     0.000713     0.492403  
  1561     0.000711     0.492411  
  1562     0.000708     0.492412  
  1563     0.000705     0.492425  
  1564     0.000703     0.492430  
  1565     0.000700     0.492424  
  1566     0.000697     0.492418  
  1567     0.000695     0.492431  
  1568     0.000693     0.492442  
  1569     0.000690     0.492446  
  1570     0.000688     0.492446  
  1571     0.000685     0.492456  
  1572     0.000682     0.492461  
  1573     0.000680     0.492464  
  1574     0.000677     0.492456  
  1575     0.000675     0.492448  
  1576     0.000673     0.492451  
  1577     0.000670     0.492453  
  1578     0.000668     0.492453  
  1579     0.000665     0.492455  
  1580     0.000663     0.492455  
  1581     0.000660     0.492419  
  1582     0.000658     0.492424  
  1583     0.000655     0.492424  
  1584     0.000652     0.492433  
  1585     0.000650     0.492438  
  1586     0.000648     0.492426  
  1587     0.000646     0.492438  
  1588     0.000643     0.492441  
  1589     0.000641     0.492425  
  1590     0.000638     0.492402  
  1591     0.000636     0.492405  
  1592     0.000634     0.492390  
  1593     0.000631     0.492405  
  1594     0.000629     0.492392  
  1595     0.000627     0.492382  
  1596     0.000624     0.492375  
  1597     0.000622     0.492367  
  1598     0.000619     0.492376  
  1599     0.000617     0.492367  
  1600     0.000615     0.492359  
  1601     0.000613     0.492349  
  1602     0.000611     0.492344  
  1603     0.000608     0.492329  
  1604     0.000606     0.492338  
  1605     0.000603     0.492338  
  1606     0.000601     0.492317  
  1607     0.000599     0.492308  
  1608     0.000597     0.492302  
  1609     0.000595     0.492294  
  1610     0.000593     0.492297  
  1611     0.000590     0.492301  
  1612     0.000588     0.492309  
  1613     0.000586     0.492295  
  1614     0.000584     0.492301  
  1615     0.000582     0.492295  
  1616     0.000580     0.492302  
  1617     0.000578     0.492314  
  1618     0.000576     0.492309  
  1619     0.000574     0.492322  
  1620     0.000572     0.492321  
  1621     0.000569     0.492316  
  1622     0.000567     0.492302  
  1623     0.000565     0.492298  
  1624     0.000563     0.492300  
  1625     0.000561     0.492302  
  1626     0.000559     0.492306  
  1627     0.000557     0.492300  
  1628     0.000555     0.492282  
  1629     0.000552     0.492270  
  1630     0.000550     0.492271  
  1631     0.000548     0.492275  
  1632     0.000546     0.492286  
  1633     0.000544     0.492276  
  1634     0.000542     0.492279  
  1635     0.000540     0.492282  
  1636     0.000538     0.492277  
  1637     0.000536     0.492293  
  1638     0.000534     0.492302  
  1639     0.000532     0.492308  
  1640     0.000530     0.492318  
  1641     0.000528     0.492319  
  1642     0.000526     0.492309  
  1643     0.000524     0.492319  
  1644     0.000522     0.492321  
  1645     0.000520     0.492336  
  1646     0.000518     0.492333  
  1647     0.000516     0.492332  
  1648     0.000514     0.492332  
  1649     0.000512     0.492337  
  1650     0.000510     0.492337  
  1651     0.000508     0.492344  
  1652     0.000506     0.492347  
  1653     0.000505     0.492335  
  1654     0.000502     0.492343  
  1655     0.000500     0.492347  
  1656     0.000498     0.492356  
  1657     0.000496     0.492341  
  1658     0.000495     0.492323  
  1659     0.000493     0.492325  
  1660     0.000491     0.492313  
  1661     0.000489     0.492312  
  1662     0.000487     0.492321  
  1663     0.000485     0.492305  
  1664     0.000484     0.492309  
  1665     0.000482     0.492308  
  1666     0.000480     0.492297  
  1667     0.000478     0.492296  
  1668     0.000476     0.492292  
  1669     0.000474     0.492293  
  1670     0.000472     0.492296  
  1671     0.000470     0.492292  
  1672     0.000469     0.492290  
  1673     0.000467     0.492289  
  1674     0.000465     0.492286  
  1675     0.000464     0.492285  
  1676     0.000462     0.492262  
  1677     0.000460     0.492265  
  1678     0.000459     0.492262  
  1679     0.000457     0.492262  
  1680     0.000455     0.492267  
  1681     0.000454     0.492267  
  1682     0.000452     0.492261  
  1683     0.000450     0.492259  
  1684     0.000449     0.492261  
  1685     0.000447     0.492268  
  1686     0.000446     0.492267  
  1687     0.000444     0.492267  
  1688     0.000442     0.492257  
  1689     0.000441     0.492254  
  1690     0.000439     0.492248  
  1691     0.000437     0.492252  
  1692     0.000436     0.492248  
  1693     0.000434     0.492244  
  1694     0.000432     0.492234  
  1695     0.000431     0.492239  
  1696     0.000429     0.492234  
  1697     0.000427     0.492231  
  1698     0.000426     0.492229  
  1699     0.000424     0.492227  
  1700     0.000423     0.492216  
  1701     0.000421     0.492219  
  1702     0.000419     0.492223  
  1703     0.000418     0.492226  
  1704     0.000416     0.492232  
  1705     0.000414     0.492238  
  1706     0.000413     0.492235  
  1707     0.000411     0.492242  
  1708     0.000410     0.492237  
  1709     0.000408     0.492225  
  1710     0.000407     0.492243  
  1711     0.000405     0.492245  
  1712     0.000404     0.492257  
  1713     0.000402     0.492251  
  1714     0.000401     0.492250  
  1715     0.000399     0.492248  
  1716     0.000397     0.492243  
  1717     0.000396     0.492237  
  1718     0.000394     0.492237  
  1719     0.000393     0.492225  
  1720     0.000391     0.492218  
  1721     0.000390     0.492212  
  1722     0.000388     0.492199  
  1723     0.000387     0.492202  
  1724     0.000386     0.492196  
  1725     0.000384     0.492202  
  1726     0.000382     0.492199  
  1727     0.000381     0.492194  
  1728     0.000380     0.492208  
  1729     0.000378     0.492198  
  1730     0.000377     0.492203  
  1731     0.000376     0.492206  
  1732     0.000374     0.492199  
  1733     0.000372     0.492185  
  1734     0.000371     0.492188  
  1735     0.000370     0.492170  
  1736     0.000369     0.492163  
  1737     0.000367     0.492171  
  1738     0.000366     0.492179  
  1739     0.000365     0.492169  
  1740     0.000363     0.492161  
  1741     0.000362     0.492163  
  1742     0.000361     0.492151  
  1743     0.000359     0.492138  
  1744     0.000358     0.492140  
  1745     0.000356     0.492135  
  1746     0.000355     0.492125  
  1747     0.000353     0.492132  
  1748     0.000352     0.492137  
  1749     0.000351     0.492127  
  1750     0.000349     0.492140  
  1751     0.000348     0.492143  
  1752     0.000347     0.492135  
  1753     0.000345     0.492128  
  1754     0.000344     0.492121  
  1755     0.000343     0.492124  
  1756     0.000341     0.492116  
  1757     0.000340     0.492117  
  1758     0.000339     0.492108  
  1759     0.000338     0.492107  
  1760     0.000337     0.492104  
  1761     0.000336     0.492097  
  1762     0.000334     0.492102  
  1763     0.000333     0.492096  
  1764     0.000332     0.492092  
  1765     0.000331     0.492093  
  1766     0.000329     0.492098  
  1767     0.000328     0.492098  
  1768     0.000327     0.492096  
  1769     0.000326     0.492103  
  1770     0.000325     0.492101  
  1771     0.000323     0.492095  
  1772     0.000322     0.492094  
  1773     0.000321     0.492097  
  1774     0.000320     0.492096  
  1775     0.000319     0.492093  
  1776     0.000318     0.492092  
  1777     0.000316     0.492094  
  1778     0.000315     0.492088  
  1779     0.000314     0.492086  
  1780     0.000313     0.492094  
  1781     0.000312     0.492093  
  1782     0.000310     0.492088  
  1783     0.000309     0.492074  
  1784     0.000308     0.492074  
  1785     0.000307     0.492066  
  1786     0.000305     0.492063  
  1787     0.000304     0.492056  
  1788     0.000304     0.492054  
  1789     0.000302     0.492057  
  1790     0.000301     0.492055  
  1791     0.000300     0.492055  
  1792     0.000299     0.492057  
  1793     0.000298     0.492042  
  1794     0.000297     0.492038  
  1795     0.000296     0.492030  
  1796     0.000294     0.492034  
  1797     0.000293     0.492040  
  1798     0.000292     0.492051  
  1799     0.000291     0.492046  
  1800     0.000290     0.492042  
  1801     0.000289     0.492031  
  1802     0.000288     0.492033  
  1803     0.000287     0.492037  
  1804     0.000286     0.492031  
  1805     0.000285     0.492028  
  1806     0.000284     0.492022  
  1807     0.000283     0.492020  
  1808     0.000282     0.492011  
  1809     0.000280     0.492006  
  1810     0.000279     0.492014  
  1811     0.000278     0.492015  
  1812     0.000277     0.492024  
  1813     0.000276     0.492012  
  1814     0.000275     0.492009  
  1815     0.000274     0.491998  
  1816     0.000273     0.491993  
  1817     0.000272     0.492005  
  1818     0.000271     0.492006  
  1819     0.000270     0.492005  
  1820     0.000269     0.492010  
  1821     0.000268     0.492014  
  1822     0.000267     0.492026  
  1823     0.000266     0.492044  
  1824     0.000265     0.492040  
  1825     0.000264     0.492041  
  1826     0.000263     0.492047  
  1827     0.000262     0.492055  
  1828     0.000261     0.492053  
  1829     0.000260     0.492060  
  1830     0.000259     0.492059  
  1831     0.000258     0.492065  
  1832     0.000257     0.492062  
  1833     0.000256     0.492062  
  1834     0.000255     0.492062  
  1835     0.000255     0.492061  
  1836     0.000254     0.492047  
  1837     0.000253     0.492046  
  1838     0.000252     0.492041  
  1839     0.000251     0.492033  
  1840     0.000250     0.492033  
  1841     0.000249     0.492033  
  1842     0.000248     0.492039  
  1843     0.000247     0.492038  
  1844     0.000246     0.492033  
  1845     0.000245     0.492036  
  1846     0.000244     0.492030  
  1847     0.000244     0.492024  
  1848     0.000243     0.492022  
  1849     0.000242     0.492018  
  1850     0.000241     0.492016  
  1851     0.000240     0.492015  
  1852     0.000239     0.492012  
  1853     0.000238     0.492007  
  1854     0.000237     0.492000  
  1855     0.000236     0.491989  
  1856     0.000236     0.491985  
  1857     0.000235     0.491986  
  1858     0.000234     0.491986  
  1859     0.000233     0.491988  
  1860     0.000232     0.491989  
  1861     0.000231     0.491988  
  1862     0.000231     0.491982  
  1863     0.000230     0.491991  
  1864     0.000229     0.492001  
  1865     0.000228     0.492000  
  1866     0.000227     0.491996  
  1867     0.000226     0.491995  
  1868     0.000225     0.491987  
  1869     0.000225     0.491987  
  1870     0.000224     0.491985  
  1871     0.000223     0.491988  
  1872     0.000222     0.491993  
  1873     0.000221     0.491998  
  1874     0.000221     0.492000  
  1875     0.000220     0.492001  
  1876     0.000219     0.492004  
  1877     0.000218     0.492008  
  1878     0.000217     0.492002  
  1879     0.000217     0.492000  
  1880     0.000216     0.492006  
  1881     0.000215     0.492004  
  1882     0.000214     0.492003  
  1883     0.000214     0.491998  
  1884     0.000213     0.491997  
  1885     0.000212     0.492001  
  1886     0.000211     0.492000  
  1887     0.000210     0.492000  
  1888     0.000210     0.491995  
  1889     0.000209     0.491997  
  1890     0.000208     0.492009  
  1891     0.000207     0.492005  
  1892     0.000207     0.492006  
  1893     0.000206     0.492010  
  1894     0.000205     0.492012  
  1895     0.000205     0.492016  
  1896     0.000204     0.492011  
  1897     0.000203     0.492013  
  1898     0.000202     0.492007  
  1899     0.000202     0.492005  
  1900     0.000201     0.492008  
  1901     0.000200     0.492005  
  1902     0.000199     0.491997  
  1903     0.000198     0.492001  
  1904     0.000198     0.491996  
  1905     0.000197     0.491989  
  1906     0.000197     0.491989  
  1907     0.000196     0.491990  
  1908     0.000195     0.491988  
  1909     0.000194     0.491996  
  1910     0.000194     0.492000  
  1911     0.000193     0.492001  
  1912     0.000192     0.492003  
  1913     0.000191     0.491998  
  1914     0.000191     0.491998  
  1915     0.000190     0.491998  
  1916     0.000189     0.492006  
  1917     0.000189     0.492003  
  1918     0.000188     0.492007  
  1919     0.000187     0.491998  
  1920     0.000186     0.491996  
  1921     0.000186     0.491995  
  1922     0.000185     0.491983  
  1923     0.000184     0.491987  
  1924     0.000184     0.491981  
  1925     0.000183     0.491972  
  1926     0.000183     0.491968  
  1927     0.000182     0.491978  
  1928     0.000181     0.491978  
  1929     0.000180     0.491979  
  1930     0.000180     0.491974  
  1931     0.000179     0.491978  
  1932     0.000178     0.491977  
  1933     0.000178     0.491976  
  1934     0.000177     0.491975  
  1935     0.000176     0.491978  
  1936     0.000176     0.491980  
  1937     0.000175     0.491978  
  1938     0.000175     0.491973  
  1939     0.000174     0.491975  
  1940     0.000173     0.491973  
  1941     0.000173     0.491969  
  1942     0.000172     0.491976  
  1943     0.000171     0.491965  
  1944     0.000171     0.491966  
  1945     0.000170     0.491969  
  1946     0.000169     0.491967  
  1947     0.000169     0.491968  
  1948     0.000168     0.491965  
  1949     0.000168     0.491953  
  1950     0.000167     0.491954  
  1951     0.000167     0.491948  
  1952     0.000166     0.491943  
  1953     0.000165     0.491941  
  1954     0.000165     0.491943  
  1955     0.000164     0.491946  
  1956     0.000164     0.491942  
  1957     0.000163     0.491939  
  1958     0.000162     0.491942  
  1959     0.000162     0.491944  
  1960     0.000161     0.491937  
  1961     0.000161     0.491930  
  1962     0.000160     0.491921  
  1963     0.000159     0.491914  
  1964     0.000159     0.491915  
  1965     0.000158     0.491908  
  1966     0.000158     0.491916  
  1967     0.000157     0.491916  
  1968     0.000157     0.491909  
  1969     0.000156     0.491910  
  1970     0.000155     0.491912  
  1971     0.000155     0.491908  
  1972     0.000154     0.491906  
  1973     0.000154     0.491901  
  1974     0.000153     0.491900  
  1975     0.000153     0.491896  
  1976     0.000152     0.491894  
  1977     0.000152     0.491898  
  1978     0.000151     0.491902  
  1979     0.000151     0.491894  
  1980     0.000150     0.491895  
  1981     0.000149     0.491893  
  1982     0.000149     0.491891  
  1983     0.000148     0.491890  
  1984     0.000148     0.491886  
  1985     0.000147     0.491887  
  1986     0.000147     0.491893  
  1987     0.000146     0.491889  
  1988     0.000145     0.491889  
  1989     0.000145     0.491891  
  1990     0.000144     0.491885  
  1991     0.000144     0.491882  
  1992     0.000143     0.491881  
  1993     0.000143     0.491880  
  1994     0.000142     0.491874  
  1995     0.000142     0.491878  
  1996     0.000141     0.491875  
  1997     0.000141     0.491871  
  1998     0.000140     0.491871  
  1999     0.000140     0.491878  
  2000     0.000139     0.491875  
  2001     0.000139     0.491875  
  2002     0.000138     0.491870  
  2003     0.000138     0.491873  
  2004     0.000137     0.491866  
  2005     0.000137     0.491858  
  2006     0.000136     0.491861  
  2007     0.000136     0.491853  
  2008     0.000135     0.491850  
  2009     0.000135     0.491847  
  2010     0.000134     0.491849  
  2011     0.000134     0.491842  
  2012     0.000133     0.491834  
  2013     0.000133     0.491832  
  2014     0.000132     0.491833  
  2015     0.000132     0.491828  
  2016     0.000131     0.491829  
  2017     0.000131     0.491828  
  2018     0.000130     0.491828  
  2019     0.000130     0.491835  
  2020     0.000130     0.491845  
  2021     0.000129     0.491844  
  2022     0.000129     0.491840  
  2023     0.000128     0.491839  
  2024     0.000128     0.491837  
  2025     0.000127     0.491832  
  2026     0.000127     0.491833  
  2027     0.000126     0.491831  
  2028     0.000126     0.491830  
  2029     0.000125     0.491830  
  2030     0.000125     0.491828  
  2031     0.000124     0.491823  
  2032     0.000124     0.491825  
  2033     0.000123     0.491822  
  2034     0.000123     0.491815  
  2035     0.000123     0.491819  
  2036     0.000122     0.491811  
  2037     0.000122     0.491811  
  2038     0.000121     0.491808  
  2039     0.000121     0.491805  
  2040     0.000120     0.491804  
  2041     0.000120     0.491803  
  2042     0.000120     0.491803  
  2043     0.000119     0.491804  
  2044     0.000119     0.491805  
  2045     0.000118     0.491809  
  2046     0.000118     0.491806  
  2047     0.000118     0.491804  
  2048     0.000117     0.491802  
  2049     0.000117     0.491797  
  2050     0.000116     0.491805  
  2051     0.000116     0.491802  
  2052     0.000115     0.491803  
  2053     0.000115     0.491801  
  2054     0.000115     0.491805  
  2055     0.000114     0.491803  
  2056     0.000114     0.491810  
  2057     0.000114     0.491810  
  2058     0.000113     0.491811  
  2059     0.000113     0.491802  
  2060     0.000112     0.491805  
  2061     0.000112     0.491803  
  2062     0.000111     0.491796  
  2063     0.000111     0.491792  
  2064     0.000111     0.491791  
  2065     0.000110     0.491791  
  2066     0.000110     0.491785  
  2067     0.000109     0.491784  
  2068     0.000109     0.491785  
  2069     0.000109     0.491783  
  2070     0.000108     0.491782  
  2071     0.000108     0.491780  
  2072     0.000107     0.491778  
  2073     0.000107     0.491785  
  2074     0.000107     0.491787  
  2075     0.000106     0.491788  
  2076     0.000106     0.491782  
  2077     0.000106     0.491785  
  2078     0.000105     0.491781  
  2079     0.000105     0.491783  
  2080     0.000104     0.491785  
  2081     0.000104     0.491783  
  2082     0.000104     0.491778  
  2083     0.000103     0.491783  
  2084     0.000103     0.491778  
  2085     0.000103     0.491778  
  2086     0.000102     0.491774  
  2087     0.000102     0.491767  
  2088     0.000101     0.491765  
  2089     0.000101     0.491758  
  2090     0.000101     0.491751  
  2091     0.000100     0.491759  
  2092     0.000100     0.491760  
  2093     0.000100     0.491761  
  2094     0.000099     0.491762  
  2095     0.000099     0.491760  
  2096     0.000098     0.491756  
  2097     0.000098     0.491758  
  2098     0.000098     0.491760  
  2099     0.000097     0.491754  
  2100     0.000097     0.491754  
  2101     0.000097     0.491756  
  2102     0.000096     0.491759  
  2103     0.000096     0.491752  
  2104     0.000096     0.491753  
  2105     0.000095     0.491758  
  2106     0.000095     0.491753  
  2107     0.000095     0.491750  
  2108     0.000094     0.491746  
  2109     0.000094     0.491742  
  2110     0.000094     0.491741  
  2111     0.000093     0.491739  
  2112     0.000093     0.491734  
  2113     0.000093     0.491731  
  2114     0.000092     0.491729  
  2115     0.000092     0.491727  
  2116     0.000092     0.491722  
  2117     0.000091     0.491718  
  2118     0.000091     0.491719  
  2119     0.000091     0.491715  
  2120     0.000090     0.491711  
  2121     0.000090     0.491706  
  2122     0.000090     0.491710  
  2123     0.000089     0.491711  
  2124     0.000089     0.491709  
  2125     0.000089     0.491710  
  2126     0.000088     0.491710  
  2127     0.000088     0.491717  
  2128     0.000088     0.491722  
  2129     0.000088     0.491721  
  2130     0.000087     0.491720  
  2131     0.000087     0.491715  
  2132     0.000087     0.491716  
  2133     0.000086     0.491715  
  2134     0.000086     0.491715  
  2135     0.000086     0.491712  
  2136     0.000085     0.491709  
  2137     0.000085     0.491711  
  2138     0.000085     0.491714  
  2139     0.000084     0.491715  
  2140     0.000084     0.491714  
  2141     0.000084     0.491716  
  2142     0.000084     0.491718  
  2143     0.000083     0.491719  
  2144     0.000083     0.491717  
  2145     0.000083     0.491717  
  2146     0.000082     0.491714  
  2147     0.000082     0.491714  
  2148     0.000082     0.491718  
  2149     0.000082     0.491717  
  2150     0.000081     0.491720  
  2151     0.000081     0.491720  
  2152     0.000081     0.491718  
  2153     0.000080     0.491715  
  2154     0.000080     0.491716  
  2155     0.000080     0.491716  
  2156     0.000080     0.491715  
  2157     0.000079     0.491717  
  2158     0.000079     0.491711  
  2159     0.000079     0.491714  
  2160     0.000078     0.491711  
  2161     0.000078     0.491715  
  2162     0.000078     0.491717  
  2163     0.000078     0.491711  
  2164     0.000077     0.491713  
  2165     0.000077     0.491713  
  2166     0.000077     0.491713  
  2167     0.000076     0.491715  
  2168     0.000076     0.491715  
  2169     0.000076     0.491712  
  2170     0.000076     0.491708  
  2171     0.000075     0.491711  
  2172     0.000075     0.491703  
  2173     0.000075     0.491705  
  2174     0.000075     0.491708  
  2175     0.000074     0.491708  
  2176     0.000074     0.491711  
  2177     0.000074     0.491705  
  2178     0.000073     0.491702  
  2179     0.000073     0.491700  
  2180     0.000073     0.491695  
  2181     0.000073     0.491696  
  2182     0.000072     0.491694  
  2183     0.000072     0.491691  
  2184     0.000072     0.491695  
  2185     0.000071     0.491684  
  2186     0.000071     0.491684  
  2187     0.000071     0.491684  
  2188     0.000071     0.491686  
  2189     0.000070     0.491688  
  2190     0.000070     0.491689  
  2191     0.000070     0.491687  
  2192     0.000070     0.491682  
  2193     0.000069     0.491678  
  2194     0.000069     0.491681  
  2195     0.000069     0.491678  
  2196     0.000069     0.491676  
  2197     0.000069     0.491671  
  2198     0.000068     0.491669  
  2199     0.000068     0.491667  
  2200     0.000068     0.491665  
  2201     0.000068     0.491663  
  2202     0.000067     0.491659  
  2203     0.000067     0.491659  
  2204     0.000067     0.491658  
  2205     0.000067     0.491656  
  2206     0.000066     0.491656  
  2207     0.000066     0.491659  
  2208     0.000066     0.491659  
  2209     0.000066     0.491659  
  2210     0.000065     0.491661  
  2211     0.000065     0.491658  
  2212     0.000065     0.491656  
  2213     0.000065     0.491659  
  2214     0.000064     0.491659  
  2215     0.000064     0.491653  
  2216     0.000064     0.491651  
  2217     0.000064     0.491651  
  2218     0.000064     0.491650  
  2219     0.000063     0.491649  
  2220     0.000063     0.491645  
  2221     0.000063     0.491640  
  2222     0.000063     0.491640  
  2223     0.000062     0.491643  
  2224     0.000062     0.491643  
  2225     0.000062     0.491646  
  2226     0.000062     0.491644  
  2227     0.000061     0.491645  
  2228     0.000061     0.491647  
  2229     0.000061     0.491648  
  2230     0.000061     0.491649  
  2231     0.000060     0.491651  
  2232     0.000060     0.491651  
  2233     0.000060     0.491649  
  2234     0.000060     0.491646  
  2235     0.000060     0.491648  
  2236     0.000059     0.491649  
  2237     0.000059     0.491648  
  2238     0.000059     0.491651  
  2239     0.000059     0.491649  
  2240     0.000058     0.491647  
  2241     0.000058     0.491652  
  2242     0.000058     0.491649  
  2243     0.000058     0.491648  
  2244     0.000058     0.491653  
  2245     0.000057     0.491652  
  2246     0.000057     0.491650  
  2247     0.000057     0.491648  
  2248     0.000057     0.491649  
  2249     0.000057     0.491648  
  2250     0.000056     0.491648  
  2251     0.000056     0.491646  
  2252     0.000056     0.491642  
  2253     0.000056     0.491646  
  2254     0.000056     0.491646  
  2255     0.000055     0.491642  
  2256     0.000055     0.491642  
  2257     0.000055     0.491642  
  2258     0.000055     0.491643  
  2259     0.000055     0.491643  
  2260     0.000054     0.491642  
  2261     0.000054     0.491642  
  2262     0.000054     0.491640  
  2263     0.000054     0.491638  
  2264     0.000054     0.491635  
  2265     0.000053     0.491636  
  2266     0.000053     0.491642  
  2267     0.000053     0.491643  
  2268     0.000053     0.491642  
  2269     0.000053     0.491641  
  2270     0.000052     0.491639  
  2271     0.000052     0.491636  
  2272     0.000052     0.491634  
  2273     0.000052     0.491636  
  2274     0.000052     0.491638  
  2275     0.000051     0.491641  
  2276     0.000051     0.491640  
  2277     0.000051     0.491637  
  2278     0.000051     0.491632  
  2279     0.000051     0.491636  
  2280     0.000051     0.491636  
  2281     0.000050     0.491634  
  2282     0.000050     0.491635  
  2283     0.000050     0.491636  
  2284     0.000050     0.491637  
  2285     0.000050     0.491638  
  2286     0.000049     0.491638  
  2287     0.000049     0.491634  
  2288     0.000049     0.491632  
  2289     0.000049     0.491637  
  2290     0.000049     0.491635  
  2291     0.000049     0.491636  
  2292     0.000048     0.491637  
  2293     0.000048     0.491641  
  2294     0.000048     0.491639  
  2295     0.000048     0.491639  
  2296     0.000048     0.491640  
  2297     0.000048     0.491636  
  2298     0.000047     0.491631  
  2299     0.000047     0.491632  
  2300     0.000047     0.491630  
  2301     0.000047     0.491632  
  2302     0.000047     0.491631  
  2303     0.000047     0.491631  
  2304     0.000046     0.491630  
  2305     0.000046     0.491631  
  2306     0.000046     0.491628  
  2307     0.000046     0.491628  
  2308     0.000046     0.491629  
  2309     0.000045     0.491624  
  2310     0.000045     0.491625  
  2311     0.000045     0.491622  
  2312     0.000045     0.491622  
  2313     0.000045     0.491618  
  2314     0.000045     0.491618  
  2315     0.000044     0.491616  
  2316     0.000044     0.491609  
  2317     0.000044     0.491610  
  2318     0.000044     0.491608  
  2319     0.000044     0.491607  
  2320     0.000044     0.491608  
  2321     0.000044     0.491604  
  2322     0.000043     0.491605  
  2323     0.000043     0.491602  
  2324     0.000043     0.491601  
  2325     0.000043     0.491601  
  2326     0.000043     0.491604  
  2327     0.000043     0.491601  
  2328     0.000042     0.491601  
  2329     0.000042     0.491601  
  2330     0.000042     0.491601  
  2331     0.000042     0.491600  
  2332     0.000042     0.491597  
  2333     0.000042     0.491597  
  2334     0.000041     0.491599  
  2335     0.000041     0.491598  
  2336     0.000041     0.491599  
  2337     0.000041     0.491599  
  2338     0.000041     0.491600  
  2339     0.000041     0.491600  
  2340     0.000041     0.491604  
  2341     0.000040     0.491605  
  2342     0.000040     0.491603  
  2343     0.000040     0.491600  
  2344     0.000040     0.491598  
  2345     0.000040     0.491597  
  2346     0.000040     0.491597  
  2347     0.000040     0.491599  
  2348     0.000039     0.491598  
  2349     0.000039     0.491599  
  2350     0.000039     0.491603  
  2351     0.000039     0.491604  
  2352     0.000039     0.491605  
  2353     0.000039     0.491606  
  2354     0.000039     0.491605  
  2355     0.000039     0.491605  
  2356     0.000038     0.491607  
  2357     0.000038     0.491605  
  2358     0.000038     0.491606  
  2359     0.000038     0.491607  
  2360     0.000038     0.491606  
  2361     0.000038     0.491605  
  2362     0.000038     0.491600  
  2363     0.000037     0.491599  
  2364     0.000037     0.491598  
  2365     0.000037     0.491596  
  2366     0.000037     0.491602  
  2367     0.000037     0.491604  
  2368     0.000037     0.491601  
  2369     0.000037     0.491600  
  2370     0.000037     0.491600  
  2371     0.000036     0.491602  
  2372     0.000036     0.491601  
  2373     0.000036     0.491597  
  2374     0.000036     0.491595  
  2375     0.000036     0.491595  
  2376     0.000036     0.491595  
  2377     0.000036     0.491589  
  2378     0.000035     0.491591  
  2379     0.000035     0.491590  
  2380     0.000035     0.491591  
  2381     0.000035     0.491590  
  2382     0.000035     0.491589  
  2383     0.000035     0.491587  
  2384     0.000035     0.491587  
  2385     0.000035     0.491589  
  2386     0.000034     0.491589  
  2387     0.000034     0.491590  
  2388     0.000034     0.491585  
  2389     0.000034     0.491581  
  2390     0.000034     0.491579  
  2391     0.000034     0.491581  
  2392     0.000034     0.491581  
  2393     0.000034     0.491583  
  2394     0.000033     0.491583  
  2395     0.000033     0.491583  
  2396     0.000033     0.491579  
  2397     0.000033     0.491577  
  2398     0.000033     0.491576  
  2399     0.000033     0.491575  
  2400     0.000033     0.491577  
  2401     0.000033     0.491572  
  2402     0.000032     0.491570  
  2403     0.000032     0.491569  
  2404     0.000032     0.491569  
  2405     0.000032     0.491567  
  2406     0.000032     0.491567  
  2407     0.000032     0.491566  
  2408     0.000032     0.491566  
  2409     0.000032     0.491566  
  2410     0.000032     0.491564  
  2411     0.000031     0.491565  
  2412     0.000031     0.491565  
  2413     0.000031     0.491563  
  2414     0.000031     0.491561  
  2415     0.000031     0.491560  
  2416     0.000031     0.491561  
  2417     0.000031     0.491558  
  2418     0.000031     0.491560  
  2419     0.000031     0.491558  
  2420     0.000030     0.491558  
  2421     0.000030     0.491558  
  2422     0.000030     0.491557  
  2423     0.000030     0.491561  
  2424     0.000030     0.491561  
  2425     0.000030     0.491561  
  2426     0.000030     0.491559  
  2427     0.000030     0.491558  
  2428     0.000030     0.491556  
  2429     0.000030     0.491558  
  2430     0.000029     0.491559  
  2431     0.000029     0.491560  
  2432     0.000029     0.491556  
  2433     0.000029     0.491555  
  2434     0.000029     0.491555  
  2435     0.000029     0.491554  
  2436     0.000029     0.491557  
  2437     0.000029     0.491559  
  2438     0.000029     0.491556  
  2439     0.000028     0.491557  
  2440     0.000028     0.491556  
  2441     0.000028     0.491556  
  2442     0.000028     0.491556  
  2443     0.000028     0.491555  
  2444     0.000028     0.491556  
  2445     0.000028     0.491559  
  2446     0.000028     0.491556  
  2447     0.000028     0.491556  
  2448     0.000028     0.491556  
  2449     0.000027     0.491555  
  2450     0.000027     0.491558  
  2451     0.000027     0.491557  
  2452     0.000027     0.491557  
  2453     0.000027     0.491560  
  2454     0.000027     0.491560  
  2455     0.000027     0.491559  
  2456     0.000027     0.491558  
  2457     0.000027     0.491555  
  2458     0.000027     0.491554  
  2459     0.000027     0.491556  
  2460     0.000026     0.491554  
  2461     0.000026     0.491551  
  2462     0.000026     0.491549  
  2463     0.000026     0.491553  
  2464     0.000026     0.491554  
  2465     0.000026     0.491555  
  2466     0.000026     0.491553  
  2467     0.000026     0.491554  
  2468     0.000026     0.491552  
  2469     0.000026     0.491553  
  2470     0.000025     0.491554  
  2471     0.000025     0.491552  
  2472     0.000025     0.491548  
  2473     0.000025     0.491548  
  2474     0.000025     0.491547  
  2475     0.000025     0.491548  
  2476     0.000025     0.491548  
  2477     0.000025     0.491548  
  2478     0.000025     0.491549  
  2479     0.000025     0.491550  
  2480     0.000025     0.491552  
  2481     0.000024     0.491552  
  2482     0.000024     0.491551  
  2483     0.000024     0.491551  
  2484     0.000024     0.491552  
  2485     0.000024     0.491554  
  2486     0.000024     0.491555  
  2487     0.000024     0.491554  
  2488     0.000024     0.491551  
  2489     0.000024     0.491553  
  2490     0.000024     0.491551  
  2491     0.000024     0.491549  
  2492     0.000024     0.491549  
  2493     0.000023     0.491550  
  2494     0.000023     0.491550  
  2495     0.000023     0.491548  
  2496     0.000023     0.491550  
  2497     0.000023     0.491551  
  2498     0.000023     0.491551  
  2499     0.000023     0.491548  
  2500     0.000023     0.491549  
  2501     0.000023     0.491547  
  2502     0.000023     0.491544  
  2503     0.000023     0.491543  
  2504     0.000023     0.491543  
  2505     0.000022     0.491543  
  2506     0.000022     0.491541  
  2507     0.000022     0.491537  
  2508     0.000022     0.491535  
  2509     0.000022     0.491535  
  2510     0.000022     0.491534  
  2511     0.000022     0.491532  
  2512     0.000022     0.491532  
  2513     0.000022     0.491531  
  2514     0.000022     0.491528  
  2515     0.000022     0.491527  
  2516     0.000022     0.491526  
  2517     0.000021     0.491526  
  2518     0.000021     0.491527  
  2519     0.000021     0.491526  
  2520     0.000021     0.491526  
  2521     0.000021     0.491526  
  2522     0.000021     0.491526  
  2523     0.000021     0.491525  
  2524     0.000021     0.491525  * best
  2525     0.000021     0.491526  
  2526     0.000021     0.491527  
  2527     0.000021     0.491527  
  2528     0.000021     0.491530  
  2529     0.000021     0.491525  
  2530     0.000021     0.491525  
  2531     0.000020     0.491527  
  2532     0.000020     0.491526  
  2533     0.000020     0.491528  
  2534     0.000020     0.491529  
  2535     0.000020     0.491530  
  2536     0.000020     0.491531  
  2537     0.000020     0.491530  
  2538     0.000020     0.491526  
  2539     0.000020     0.491529  
  2540     0.000020     0.491528  
  2541     0.000020     0.491527  
  2542     0.000020     0.491526  
  2543     0.000020     0.491526  
  2544     0.000020     0.491528  
  2545     0.000019     0.491529  
  2546     0.000019     0.491530  
  2547     0.000019     0.491530  
  2548     0.000019     0.491530  
  2549     0.000019     0.491529  
  2550     0.000019     0.491530  
  2551     0.000019     0.491533  
  2552     0.000019     0.491535  
  2553     0.000019     0.491536  
  2554     0.000019     0.491537  
  2555     0.000019     0.491537  
  2556     0.000019     0.491537  
  2557     0.000019     0.491536  
  2558     0.000019     0.491537  
  2559     0.000019     0.491536  
  2560     0.000018     0.491536  
  2561     0.000018     0.491537  
  2562     0.000018     0.491537  
  2563     0.000018     0.491535  
  2564     0.000018     0.491533  
  2565     0.000018     0.491534  
  2566     0.000018     0.491535  
  2567     0.000018     0.491536  
  2568     0.000018     0.491535  
  2569     0.000018     0.491536  
  2570     0.000018     0.491536  
  2571     0.000018     0.491535  
  2572     0.000018     0.491535  
  2573     0.000018     0.491537  
  2574     0.000018     0.491537  
  2575     0.000018     0.491536  
  2576     0.000017     0.491537  
  2577     0.000017     0.491535  
  2578     0.000017     0.491533  
  2579     0.000017     0.491532  
  2580     0.000017     0.491535  
  2581     0.000017     0.491536  
  2582     0.000017     0.491535  
  2583     0.000017     0.491534  
  2584     0.000017     0.491533  
  2585     0.000017     0.491535  
  2586     0.000017     0.491534  
  2587     0.000017     0.491536  
  2588     0.000017     0.491537  
  2589     0.000017     0.491538  
  2590     0.000017     0.491536  
  2591     0.000017     0.491537  
  2592     0.000017     0.491538  
  2593     0.000016     0.491537  
  2594     0.000016     0.491537  
  2595     0.000016     0.491538  
  2596     0.000016     0.491537  
  2597     0.000016     0.491536  
  2598     0.000016     0.491539  
  2599     0.000016     0.491543  
  2600     0.000016     0.491541  
  2601     0.000016     0.491539  
  2602     0.000016     0.491539  
  2603     0.000016     0.491538  
  2604     0.000016     0.491540  
  2605     0.000016     0.491539  
  2606     0.000016     0.491536  
  2607     0.000016     0.491535  
  2608     0.000016     0.491535  
  2609     0.000016     0.491532  
  2610     0.000015     0.491532  
  2611     0.000015     0.491530  
  2612     0.000015     0.491531  
  2613     0.000015     0.491531  
  2614     0.000015     0.491531  
  2615     0.000015     0.491534  
  2616     0.000015     0.491535  
  2617     0.000015     0.491534  
  2618     0.000015     0.491534  
  2619     0.000015     0.491532  
  2620     0.000015     0.491533  
  2621     0.000015     0.491533  
  2622     0.000015     0.491534  
  2623     0.000015     0.491534  
  2624     0.000015     0.491533  
# best iteration 2524 (val l2 0.491525)
# Spearman  train +0.9951  val +0.7208  test +0.7226
