# gbm_seq+boltz seed 0
# boosted trees on seq+boltz
# inputs 2407, 1,180 trees
# LightGBM gradient-boosted trees, objective l2, lr 0.05, num_leaves 31, min_data_in_leaf 20, feature_fraction 0.3, bagging 0.8, lambda_l2 1.0, up to 3000 rounds, early stopping 100 on validation l2
# loss = l2 on standardised log10 half-life
#
 round        train          val  note
     1     0.968062     0.980031  
     2     0.937205     0.952464  
     3     0.908765     0.927010  
     4     0.881145     0.902522  
     5     0.856408     0.881116  
     6     0.832693     0.861171  
     7     0.808932     0.840729  
     8     0.788526     0.823896  
     9     0.769713     0.807439  
    10     0.751281     0.792091  
    11     0.734407     0.777246  
    12     0.718111     0.763895  
    13     0.702178     0.749889  
    14     0.687441     0.737633  
    15     0.674322     0.726756  
    16     0.661679     0.716404  
    17     0.649954     0.706466  
    18     0.638571     0.696614  
    19     0.628014     0.688210  
    20     0.618608     0.681541  
    21     0.608718     0.673945  
    22     0.599773     0.667088  
    23     0.590972     0.659837  
    24     0.582566     0.653910  
    25     0.574369     0.648542  
    26     0.566208     0.641420  
    27     0.559125     0.636852  
    28     0.551210     0.630906  
    29     0.543611     0.626141  
    30     0.536266     0.620171  
    31     0.529375     0.614840  
    32     0.523608     0.611452  
    33     0.517273     0.606675  
    34     0.511496     0.603145  
    35     0.505877     0.599245  
    36     0.500224     0.594787  
    37     0.495013     0.592242  
    38     0.490016     0.589149  
    39     0.484984     0.585849  
    40     0.480031     0.583197  
    41     0.475714     0.580691  
    42     0.471426     0.577852  
    43     0.466822     0.574876  
    44     0.462811     0.572418  
    45     0.458338     0.569926  
    46     0.454350     0.567704  
    47     0.450404     0.565867  
    48     0.446068     0.563106  
    49     0.442035     0.561156  
    50     0.438652     0.559612  
    51     0.434847     0.557302  
    52     0.431349     0.555692  
    53     0.427360     0.552840  
    54     0.424117     0.550505  
    55     0.420773     0.549078  
    56     0.417435     0.546916  
    57     0.414467     0.545476  
    58     0.410992     0.543507  
    59     0.408074     0.542372  
    60     0.404997     0.540981  
    61     0.401902     0.540029  
    62     0.398902     0.539014  
    63     0.395945     0.537293  
    64     0.392935     0.535577  
    65     0.389621     0.533639  
    66     0.386581     0.532614  
    67     0.383827     0.531292  
    68     0.381030     0.530371  
    69     0.377953     0.528885  
    70     0.375498     0.528135  
    71     0.373087     0.526801  
    72     0.370699     0.526099  
    73     0.368334     0.525406  
    74     0.366029     0.524362  
    75     0.363800     0.524029  
    76     0.361342     0.522691  
    77     0.359077     0.522555  
    78     0.356821     0.521240  
    79     0.354248     0.519639  
    80     0.351997     0.519160  
    81     0.349753     0.518007  
    82     0.347584     0.516851  
    83     0.345522     0.516246  
    84     0.343345     0.515974  
    85     0.341040     0.514622  
    86     0.339002     0.513925  
    87     0.336527     0.513271  
    88     0.334478     0.512634  
    89     0.332623     0.511774  
    90     0.330657     0.511495  
    91     0.328624     0.510864  
    92     0.326569     0.509962  
    93     0.324502     0.509282  
    94     0.322608     0.508982  
    95     0.320935     0.508363  
    96     0.318949     0.507752  
    97     0.316741     0.506588  
    98     0.315021     0.505857  
    99     0.313203     0.505049  
   100     0.311550     0.504473  
   101     0.309762     0.503643  
   102     0.307663     0.503242  
   103     0.305992     0.502915  
   104     0.304195     0.502227  
   105     0.302517     0.501796  
   106     0.300638     0.501236  
   107     0.299003     0.500651  
   108     0.297442     0.500152  
   109     0.295679     0.499404  
   110     0.293974     0.498957  
   111     0.292279     0.498389  
   112     0.290563     0.497736  
   113     0.288958     0.497301  
   114     0.287421     0.497058  
   115     0.285744     0.496669  
   116     0.284257     0.495953  
   117     0.282629     0.495148  
   118     0.280999     0.494158  
   119     0.279387     0.493718  
   120     0.277997     0.492991  
   121     0.276257     0.492579  
   122     0.274778     0.492391  
   123     0.273350     0.492387  
   124     0.271786     0.491923  
   125     0.270328     0.491783  
   126     0.268777     0.491696  
   127     0.267284     0.491288  
   128     0.265859     0.491002  
   129     0.264531     0.491244  
   130     0.262949     0.490423  
   131     0.261507     0.490118  
   132     0.260010     0.490537  
   133     0.258592     0.490143  
   134     0.257165     0.489291  
   135     0.255765     0.488839  
   136     0.254504     0.488467  
   137     0.253207     0.488352  
   138     0.251857     0.488242  
   139     0.250557     0.487666  
   140     0.249256     0.487116  
   141     0.248009     0.487194  
   142     0.246768     0.486686  
   143     0.245579     0.486245  
   144     0.244312     0.486133  
   145     0.243019     0.485486  
   146     0.241854     0.485465  
   147     0.240631     0.485499  
   148     0.239403     0.484868  
   149     0.238221     0.484520  
   150     0.237042     0.483994  
   151     0.235879     0.483569  
   152     0.234727     0.483267  
   153     0.233574     0.482782  
   154     0.232317     0.481981  
   155     0.231196     0.481771  
   156     0.230084     0.481455  
   157     0.228968     0.481226  
   158     0.227858     0.480977  
   159     0.226701     0.480922  
   160     0.225549     0.480702  
   161     0.224362     0.480630  
   162     0.223317     0.480484  
   163     0.222163     0.480275  
   164     0.220958     0.479864  
   165     0.219844     0.479645  
   166     0.218742     0.479579  
   167     0.217705     0.479127  
   168     0.216623     0.478628  
   169     0.215431     0.478451  
   170     0.214191     0.477373  
   171     0.213178     0.477044  
   172     0.212117     0.476482  
   173     0.211089     0.476377  
   174     0.210133     0.476096  
   175     0.209152     0.475771  
   176     0.208223     0.475479  
   177     0.207169     0.475360  
   178     0.206177     0.475251  
   179     0.205294     0.475170  
   180     0.204250     0.474797  
   181     0.203298     0.474497  
   182     0.202327     0.474202  
   183     0.201319     0.473811  
   184     0.200294     0.473511  
   185     0.199286     0.473254  
   186     0.198336     0.473028  
   187     0.197409     0.472775  
   188     0.196449     0.472462  
   189     0.195488     0.472259  
   190     0.194586     0.471887  
   191     0.193618     0.471602  
   192     0.192687     0.471355  
   193     0.191853     0.470803  
   194     0.190877     0.470742  
   195     0.189976     0.470566  
   196     0.188984     0.470200  
   197     0.188171     0.470132  
   198     0.187278     0.470106  
   199     0.186438     0.470133  
   200     0.185597     0.469995  
   201     0.184782     0.469791  
   202     0.183959     0.469934  
   203     0.183131     0.469952  
   204     0.182203     0.469948  
   205     0.181353     0.469454  
   206     0.180476     0.469640  
   207     0.179681     0.469596  
   208     0.178828     0.469343  
   209     0.177960     0.469213  
   210     0.177110     0.468644  
   211     0.176341     0.468229  
   212     0.175519     0.468278  
   213     0.174746     0.468014  
   214     0.173827     0.467798  
   215     0.173023     0.467331  
   216     0.172326     0.467361  
   217     0.171464     0.466873  
   218     0.170606     0.466733  
   219     0.169846     0.466306  
   220     0.168967     0.465767  
   221     0.168136     0.465534  
   222     0.167297     0.465657  
   223     0.166606     0.465723  
   224     0.165815     0.465595  
   225     0.165032     0.465393  
   226     0.164198     0.465228  
   227     0.163473     0.465026  
   228     0.162641     0.464954  
   229     0.161862     0.464610  
   230     0.161125     0.464543  
   231     0.160435     0.464105  
   232     0.159764     0.463906  
   233     0.159060     0.463636  
   234     0.158381     0.463441  
   235     0.157724     0.463441  
   236     0.157037     0.463443  
   237     0.156287     0.463225  
   238     0.155547     0.463180  
   239     0.154851     0.463002  
   240     0.154136     0.463056  
   241     0.153442     0.462873  
   242     0.152811     0.462733  
   243     0.152224     0.462512  
   244     0.151505     0.462521  
   245     0.150954     0.462481  
   246     0.150216     0.462281  
   247     0.149590     0.462412  
   248     0.148954     0.462537  
   249     0.148238     0.462282  
   250     0.147582     0.462153  
   251     0.146925     0.461950  
   252     0.146298     0.461831  
   253     0.145700     0.461942  
   254     0.145150     0.461599  
   255     0.144491     0.461591  
   256     0.143870     0.461416  
   257     0.143213     0.461245  
   258     0.142564     0.460901  
   259     0.141980     0.460617  
   260     0.141371     0.460533  
   261     0.140792     0.460577  
   262     0.140188     0.460613  
   263     0.139617     0.460461  
   264     0.139039     0.460355  
   265     0.138403     0.460154  
   266     0.137810     0.459811  
   267     0.137171     0.459410  
   268     0.136535     0.459220  
   269     0.135926     0.459208  
   270     0.135360     0.459105  
   271     0.134773     0.459218  
   272     0.134126     0.459005  
   273     0.133559     0.459082  
   274     0.132971     0.458940  
   275     0.132368     0.458699  
   276     0.131810     0.458581  
   277     0.131243     0.458610  
   278     0.130645     0.458338  
   279     0.130087     0.458417  
   280     0.129502     0.458305  
   281     0.128910     0.458260  
   282     0.128361     0.457935  
   283     0.127811     0.457670  
   284     0.127265     0.457349  
   285     0.126706     0.457224  
   286     0.126230     0.456933  
   287     0.125639     0.456743  
   288     0.125168     0.456656  
   289     0.124612     0.456700  
   290     0.124099     0.456776  
   291     0.123543     0.456902  
   292     0.123010     0.456852  
   293     0.122530     0.457014  
   294     0.122019     0.457201  
   295     0.121587     0.457239  
   296     0.121107     0.457204  
   297     0.120621     0.457137  
   298     0.120100     0.457198  
   299     0.119650     0.457292  
   300     0.119166     0.457229  
   301     0.118672     0.457160  
   302     0.118189     0.457119  
   303     0.117718     0.457075  
   304     0.117269     0.457000  
   305     0.116762     0.456764  
   306     0.116325     0.456877  
   307     0.115832     0.456883  
   308     0.115329     0.456685  
   309     0.114874     0.456699  
   310     0.114316     0.456600  
   311     0.113817     0.456559  
   312     0.113303     0.456271  
   313     0.112783     0.456313  
   314     0.112306     0.456188  
   315     0.111881     0.456040  
   316     0.111395     0.455904  
   317     0.110945     0.455793  
   318     0.110536     0.455767  
   319     0.110071     0.455645  
   320     0.109548     0.455524  
   321     0.109107     0.455611  
   322     0.108658     0.455381  
   323     0.108236     0.455510  
   324     0.107766     0.455208  
   325     0.107332     0.455207  
   326     0.106892     0.455219  
   327     0.106465     0.455267  
   328     0.106017     0.455146  
   329     0.105581     0.455274  
   330     0.105156     0.455381  
   331     0.104676     0.455361  
   332     0.104294     0.455296  
   333     0.103853     0.455445  
   334     0.103424     0.455202  
   335     0.102995     0.455077  
   336     0.102569     0.455095  
   337     0.102134     0.455012  
   338     0.101739     0.454973  
   339     0.101283     0.455082  
   340     0.100918     0.455183  
   341     0.100537     0.454972  
   342     0.100113     0.454718  
   343     0.099759     0.454756  
   344     0.099331     0.454690  
   345     0.098978     0.454644  
   346     0.098550     0.454372  
   347     0.098187     0.454261  
   348     0.097766     0.454114  
   349     0.097372     0.454074  
   350     0.097012     0.453891  
   351     0.096648     0.453815  
   352     0.096250     0.453799  
   353     0.095920     0.453842  
   354     0.095538     0.453804  
   355     0.095149     0.453601  
   356     0.094729     0.453552  
   357     0.094337     0.453469  
   358     0.093958     0.453507  
   359     0.093633     0.453419  
   360     0.093258     0.453402  
   361     0.092846     0.453418  
   362     0.092466     0.453485  
   363     0.092112     0.453526  
   364     0.091779     0.453504  
   365     0.091427     0.453288  
   366     0.091028     0.453233  
   367     0.090661     0.453312  
   368     0.090341     0.453229  
   369     0.089960     0.453403  
   370     0.089586     0.453466  
   371     0.089222     0.453515  
   372     0.088854     0.453306  
   373     0.088532     0.453384  
   374     0.088198     0.453420  
   375     0.087865     0.453511  
   376     0.087474     0.453492  
   377     0.087092     0.453216  
   378     0.086746     0.453097  
   379     0.086410     0.452958  
   380     0.086058     0.452948  
   381     0.085726     0.452859  
   382     0.085407     0.452793  
   383     0.085054     0.452598  
   384     0.084693     0.452613  
   385     0.084349     0.452654  
   386     0.084027     0.452570  
   387     0.083744     0.452559  
   388     0.083421     0.452373  
   389     0.083084     0.452145  
   390     0.082778     0.451965  
   391     0.082443     0.451934  
   392     0.082112     0.451977  
   393     0.081795     0.451998  
   394     0.081474     0.451977  
   395     0.081144     0.451915  
   396     0.080860     0.451850  
   397     0.080543     0.451687  
   398     0.080201     0.451674  
   399     0.079906     0.451647  
   400     0.079618     0.451622  
   401     0.079306     0.451515  
   402     0.079019     0.451333  
   403     0.078684     0.451399  
   404     0.078385     0.451241  
   405     0.078067     0.451324  
   406     0.077766     0.451476  
   407     0.077438     0.451424  
   408     0.077131     0.451380  
   409     0.076844     0.451369  
   410     0.076562     0.451269  
   411     0.076254     0.451272  
   412     0.075992     0.451171  
   413     0.075700     0.451233  
   414     0.075383     0.451136  
   415     0.075061     0.450985  
   416     0.074732     0.450839  
   417     0.074443     0.450844  
   418     0.074144     0.450792  
   419     0.073872     0.450739  
   420     0.073597     0.450745  
   421     0.073307     0.450845  
   422     0.073045     0.450774  
   423     0.072739     0.450675  
   424     0.072481     0.450630  
   425     0.072190     0.450402  
   426     0.071922     0.450375  
   427     0.071679     0.450271  
   428     0.071366     0.450260  
   429     0.071098     0.450122  
   430     0.070826     0.450088  
   431     0.070583     0.450076  
   432     0.070297     0.450031  
   433     0.070020     0.449884  
   434     0.069737     0.449921  
   435     0.069486     0.450006  
   436     0.069207     0.450085  
   437     0.068959     0.449803  
   438     0.068696     0.449616  
   439     0.068433     0.449580  
   440     0.068198     0.449551  
   441     0.067971     0.449520  
   442     0.067708     0.449467  
   443     0.067438     0.449616  
   444     0.067195     0.449591  
   445     0.066957     0.449504  
   446     0.066677     0.449353  
   447     0.066458     0.449296  
   448     0.066201     0.449229  
   449     0.065948     0.449280  
   450     0.065676     0.449257  
   451     0.065430     0.449041  
   452     0.065206     0.448925  
   453     0.064940     0.448875  
   454     0.064736     0.448948  
   455     0.064504     0.448860  
   456     0.064256     0.448866  
   457     0.064022     0.448821  
   458     0.063782     0.448847  
   459     0.063542     0.448825  
   460     0.063287     0.448745  
   461     0.063054     0.448708  
   462     0.062821     0.448518  
   463     0.062583     0.448552  
   464     0.062345     0.448576  
   465     0.062105     0.448566  
   466     0.061858     0.448514  
   467     0.061616     0.448373  
   468     0.061411     0.448475  
   469     0.061177     0.448482  
   470     0.060948     0.448480  
   471     0.060713     0.448443  
   472     0.060491     0.448330  
   473     0.060263     0.448243  
   474     0.060017     0.448226  
   475     0.059774     0.448091  
   476     0.059541     0.448082  
   477     0.059325     0.448128  
   478     0.059096     0.448149  
   479     0.058906     0.448077  
   480     0.058690     0.448019  
   481     0.058473     0.448061  
   482     0.058262     0.448036  
   483     0.058031     0.448039  
   484     0.057798     0.448029  
   485     0.057582     0.448015  
   486     0.057366     0.447927  
   487     0.057166     0.447898  
   488     0.056933     0.447845  
   489     0.056700     0.447730  
   490     0.056488     0.447864  
   491     0.056298     0.447842  
   492     0.056098     0.447736  
   493     0.055888     0.447557  
   494     0.055679     0.447572  
   495     0.055421     0.447405  
   496     0.055214     0.447372  
   497     0.055019     0.447478  
   498     0.054829     0.447524  
   499     0.054645     0.447438  
   500     0.054423     0.447336  
   501     0.054208     0.447267  
   502     0.054019     0.447275  
   503     0.053814     0.447361  
   504     0.053595     0.447267  
   505     0.053389     0.447209  
   506     0.053182     0.447248  
   507     0.052978     0.447259  
   508     0.052813     0.447198  
   509     0.052597     0.447130  
   510     0.052383     0.447073  
   511     0.052179     0.447160  
   512     0.051994     0.447127  
   513     0.051808     0.447164  
   514     0.051628     0.447097  
   515     0.051460     0.447016  
   516     0.051261     0.447074  
   517     0.051078     0.446990  
   518     0.050895     0.446817  
   519     0.050701     0.446812  
   520     0.050516     0.446765  
   521     0.050333     0.446761  
   522     0.050139     0.446682  
   523     0.049946     0.446658  
   524     0.049774     0.446679  
   525     0.049574     0.446562  
   526     0.049368     0.446556  
   527     0.049176     0.446429  
   528     0.048986     0.446548  
   529     0.048811     0.446463  
   530     0.048648     0.446582  
   531     0.048465     0.446589  
   532     0.048296     0.446538  
   533     0.048131     0.446491  
   534     0.047936     0.446404  
   535     0.047773     0.446392  
   536     0.047593     0.446432  
   537     0.047396     0.446318  
   538     0.047249     0.446321  
   539     0.047082     0.446245  
   540     0.046915     0.446219  
   541     0.046761     0.446121  
   542     0.046593     0.446137  
   543     0.046422     0.446265  
   544     0.046250     0.446319  
   545     0.046070     0.446431  
   546     0.045895     0.446518  
   547     0.045726     0.446427  
   548     0.045539     0.446560  
   549     0.045372     0.446514  
   550     0.045194     0.446404  
   551     0.045022     0.446444  
   552     0.044880     0.446372  
   553     0.044704     0.446358  
   554     0.044540     0.446389  
   555     0.044382     0.446380  
   556     0.044218     0.446356  
   557     0.044056     0.446343  
   558     0.043894     0.446284  
   559     0.043741     0.446365  
   560     0.043560     0.446389  
   561     0.043410     0.446475  
   562     0.043259     0.446399  
   563     0.043091     0.446404  
   564     0.042940     0.446282  
   565     0.042800     0.446136  
   566     0.042634     0.446092  
   567     0.042484     0.445950  
   568     0.042336     0.445976  
   569     0.042174     0.445867  
   570     0.042009     0.445842  
   571     0.041871     0.445804  
   572     0.041720     0.445722  
   573     0.041586     0.445723  
   574     0.041424     0.445661  
   575     0.041284     0.445731  
   576     0.041140     0.445693  
   577     0.040969     0.445558  
   578     0.040823     0.445643  
   579     0.040655     0.445616  
   580     0.040516     0.445668  
   581     0.040383     0.445674  
   582     0.040233     0.445721  
   583     0.040089     0.445594  
   584     0.039961     0.445616  
   585     0.039823     0.445606  
   586     0.039686     0.445507  
   587     0.039523     0.445300  
   588     0.039373     0.445309  
   589     0.039233     0.445276  
   590     0.039089     0.445194  
   591     0.038955     0.445222  
   592     0.038811     0.445186  
   593     0.038670     0.445199  
   594     0.038519     0.445180  
   595     0.038362     0.445272  
   596     0.038231     0.445285  
   597     0.038102     0.445334  
   598     0.037957     0.445246  
   599     0.037815     0.445217  
   600     0.037666     0.445135  
   601     0.037532     0.445062  
   602     0.037405     0.445234  
   603     0.037276     0.445274  
   604     0.037135     0.445210  
   605     0.036998     0.445338  
   606     0.036865     0.445293  
   607     0.036720     0.445283  
   608     0.036569     0.445210  
   609     0.036435     0.445229  
   610     0.036306     0.445254  
   611     0.036172     0.445231  
   612     0.036053     0.445197  
   613     0.035927     0.445226  
   614     0.035792     0.445215  
   615     0.035671     0.445242  
   616     0.035552     0.445228  
   617     0.035415     0.445153  
   618     0.035295     0.445122  
   619     0.035165     0.445155  
   620     0.035040     0.445150  
   621     0.034922     0.445223  
   622     0.034789     0.445195  
   623     0.034684     0.445228  
   624     0.034572     0.445190  
   625     0.034437     0.445231  
   626     0.034303     0.445266  
   627     0.034179     0.445265  
   628     0.034049     0.445242  
   629     0.033939     0.445272  
   630     0.033809     0.445262  
   631     0.033680     0.445221  
   632     0.033556     0.445251  
   633     0.033442     0.445272  
   634     0.033317     0.445298  
   635     0.033203     0.445207  
   636     0.033090     0.445180  
   637     0.032981     0.445114  
   638     0.032864     0.445116  
   639     0.032764     0.445178  
   640     0.032652     0.445319  
   641     0.032544     0.445292  
   642     0.032431     0.445254  
   643     0.032310     0.445202  
   644     0.032203     0.445158  
   645     0.032080     0.445208  
   646     0.031967     0.445230  
   647     0.031871     0.445192  
   648     0.031756     0.445206  
   649     0.031646     0.445141  
   650     0.031544     0.445059  
   651     0.031430     0.445121  
   652     0.031320     0.445195  
   653     0.031207     0.445170  
   654     0.031088     0.445181  
   655     0.030971     0.445133  
   656     0.030859     0.445017  
   657     0.030746     0.445036  
   658     0.030651     0.444988  
   659     0.030536     0.444882  
   660     0.030438     0.444931  
   661     0.030343     0.444841  
   662     0.030231     0.444836  
   663     0.030127     0.444814  
   664     0.030022     0.444783  
   665     0.029925     0.444783  
   666     0.029832     0.444850  
   667     0.029723     0.444870  
   668     0.029615     0.444851  
   669     0.029524     0.444786  
   670     0.029428     0.444723  
   671     0.029335     0.444721  
   672     0.029218     0.444746  
   673     0.029123     0.444910  
   674     0.029030     0.444833  
   675     0.028934     0.444797  
   676     0.028842     0.444708  
   677     0.028763     0.444626  
   678     0.028663     0.444696  
   679     0.028560     0.444702  
   680     0.028460     0.444715  
   681     0.028349     0.444628  
   682     0.028232     0.444591  
   683     0.028125     0.444608  
   684     0.028035     0.444616  
   685     0.027939     0.444625  
   686     0.027837     0.444619  
   687     0.027752     0.444662  
   688     0.027644     0.444694  
   689     0.027549     0.444661  
   690     0.027463     0.444601  
   691     0.027356     0.444626  
   692     0.027265     0.444644  
   693     0.027166     0.444558  
   694     0.027083     0.444607  
   695     0.026997     0.444600  
   696     0.026894     0.444649  
   697     0.026796     0.444619  
   698     0.026695     0.444390  
   699     0.026608     0.444353  
   700     0.026517     0.444396  
   701     0.026425     0.444367  
   702     0.026326     0.444338  
   703     0.026226     0.444224  
   704     0.026122     0.444142  
   705     0.026024     0.444086  
   706     0.025925     0.444046  
   707     0.025830     0.444028  
   708     0.025740     0.443984  
   709     0.025656     0.443973  
   710     0.025570     0.443986  
   711     0.025492     0.444062  
   712     0.025410     0.444020  
   713     0.025325     0.444041  
   714     0.025240     0.443951  
   715     0.025150     0.443878  
   716     0.025060     0.443982  
   717     0.024979     0.444030  
   718     0.024908     0.444006  
   719     0.024807     0.444057  
   720     0.024724     0.444002  
   721     0.024642     0.444026  
   722     0.024561     0.443983  
   723     0.024481     0.443990  
   724     0.024396     0.443993  
   725     0.024315     0.443944  
   726     0.024235     0.443866  
   727     0.024157     0.443911  
   728     0.024075     0.443837  
   729     0.023996     0.443740  
   730     0.023911     0.443685  
   731     0.023832     0.443640  
   732     0.023755     0.443582  
   733     0.023663     0.443579  
   734     0.023596     0.443610  
   735     0.023529     0.443545  
   736     0.023451     0.443478  
   737     0.023370     0.443417  
   738     0.023292     0.443439  
   739     0.023205     0.443441  
   740     0.023122     0.443502  
   741     0.023052     0.443525  
   742     0.022960     0.443491  
   743     0.022878     0.443501  
   744     0.022798     0.443451  
   745     0.022721     0.443390  
   746     0.022647     0.443406  
   747     0.022570     0.443414  
   748     0.022498     0.443352  
   749     0.022420     0.443350  
   750     0.022337     0.443404  
   751     0.022260     0.443410  
   752     0.022185     0.443351  
   753     0.022108     0.443354  
   754     0.022034     0.443322  
   755     0.021960     0.443294  
   756     0.021885     0.443323  
   757     0.021808     0.443255  
   758     0.021728     0.443233  
   759     0.021652     0.443260  
   760     0.021576     0.443221  
   761     0.021508     0.443243  
   762     0.021438     0.443263  
   763     0.021368     0.443278  
   764     0.021285     0.443229  
   765     0.021215     0.443089  
   766     0.021143     0.442984  
   767     0.021075     0.442973  
   768     0.020995     0.443035  
   769     0.020918     0.443017  
   770     0.020847     0.442949  
   771     0.020776     0.442975  
   772     0.020705     0.443027  
   773     0.020637     0.443051  
   774     0.020563     0.443027  
   775     0.020491     0.443059  
   776     0.020421     0.443059  
   777     0.020352     0.443014  
   778     0.020285     0.443058  
   779     0.020223     0.442996  
   780     0.020166     0.443017  
   781     0.020106     0.443052  
   782     0.020041     0.443015  
   783     0.019980     0.442988  
   784     0.019904     0.442850  
   785     0.019840     0.442763  
   786     0.019779     0.442744  
   787     0.019718     0.442848  
   788     0.019654     0.442817  
   789     0.019584     0.442764  
   790     0.019521     0.442765  
   791     0.019456     0.442767  
   792     0.019388     0.442695  
   793     0.019322     0.442613  
   794     0.019251     0.442602  
   795     0.019183     0.442551  
   796     0.019118     0.442568  
   797     0.019057     0.442553  
   798     0.019001     0.442558  
   799     0.018937     0.442543  
   800     0.018866     0.442521  
   801     0.018806     0.442475  
   802     0.018750     0.442442  
   803     0.018678     0.442378  
   804     0.018621     0.442380  
   805     0.018557     0.442369  
   806     0.018502     0.442270  
   807     0.018446     0.442291  
   808     0.018385     0.442288  
   809     0.018317     0.442323  
   810     0.018252     0.442293  
   811     0.018180     0.442194  
   812     0.018124     0.442179  
   813     0.018065     0.442190  
   814     0.018012     0.442140  
   815     0.017946     0.442085  
   816     0.017877     0.442021  
   817     0.017823     0.442070  
   818     0.017759     0.442042  
   819     0.017688     0.442040  
   820     0.017627     0.442159  
   821     0.017568     0.442166  
   822     0.017512     0.442146  
   823     0.017452     0.442128  
   824     0.017389     0.442138  
   825     0.017331     0.442132  
   826     0.017278     0.442098  
   827     0.017216     0.442026  
   828     0.017165     0.442019  
   829     0.017113     0.441970  
   830     0.017042     0.441950  
   831     0.016988     0.441945  
   832     0.016934     0.441969  
   833     0.016885     0.442071  
   834     0.016833     0.442077  
   835     0.016780     0.442087  
   836     0.016731     0.442060  
   837     0.016682     0.442059  
   838     0.016633     0.442038  
   839     0.016578     0.442058  
   840     0.016519     0.442056  
   841     0.016464     0.442100  
   842     0.016405     0.442155  
   843     0.016341     0.442104  
   844     0.016285     0.442004  
   845     0.016228     0.442007  
   846     0.016176     0.441914  
   847     0.016126     0.441941  
   848     0.016067     0.441984  
   849     0.016013     0.441957  
   850     0.015958     0.441947  
   851     0.015899     0.441945  
   852     0.015841     0.441946  
   853     0.015790     0.442010  
   854     0.015737     0.442024  
   855     0.015683     0.441948  
   856     0.015627     0.441889  
   857     0.015571     0.441953  
   858     0.015516     0.442003  
   859     0.015461     0.442029  
   860     0.015416     0.441961  
   861     0.015362     0.441972  
   862     0.015317     0.442019  
   863     0.015272     0.441998  
   864     0.015226     0.441999  
   865     0.015183     0.442026  
   866     0.015128     0.441974  
   867     0.015081     0.441959  
   868     0.015035     0.441993  
   869     0.014996     0.441992  
   870     0.014951     0.441991  
   871     0.014903     0.441941  
   872     0.014859     0.441827  
   873     0.014808     0.441803  
   874     0.014763     0.441764  
   875     0.014708     0.441729  
   876     0.014663     0.441707  
   877     0.014608     0.441700  
   878     0.014555     0.441707  
   879     0.014510     0.441724  
   880     0.014460     0.441704  
   881     0.014413     0.441654  
   882     0.014365     0.441641  
   883     0.014314     0.441660  
   884     0.014270     0.441631  
   885     0.014223     0.441637  
   886     0.014176     0.441633  
   887     0.014126     0.441572  
   888     0.014075     0.441602  
   889     0.014035     0.441629  
   890     0.013987     0.441672  
   891     0.013942     0.441741  
   892     0.013899     0.441741  
   893     0.013862     0.441744  
   894     0.013807     0.441768  
   895     0.013758     0.441737  
   896     0.013709     0.441744  
   897     0.013664     0.441753  
   898     0.013616     0.441793  
   899     0.013572     0.441878  
   900     0.013530     0.441855  
   901     0.013487     0.441835  
   902     0.013438     0.441830  
   903     0.013392     0.441819  
   904     0.013348     0.441788  
   905     0.013298     0.441746  
   906     0.013252     0.441662  
   907     0.013206     0.441677  
   908     0.013166     0.441689  
   909     0.013128     0.441684  
   910     0.013080     0.441552  
   911     0.013034     0.441598  
   912     0.012990     0.441588  
   913     0.012948     0.441537  
   914     0.012905     0.441512  
   915     0.012862     0.441490  
   916     0.012816     0.441496  
   917     0.012773     0.441493  
   918     0.012721     0.441541  
   919     0.012682     0.441570  
   920     0.012644     0.441648  
   921     0.012603     0.441590  
   922     0.012559     0.441661  
   923     0.012513     0.441688  
   924     0.012466     0.441665  
   925     0.012423     0.441653  
   926     0.012382     0.441679  
   927     0.012342     0.441626  
   928     0.012296     0.441621  
   929     0.012258     0.441689  
   930     0.012216     0.441677  
   931     0.012176     0.441669  
   932     0.012136     0.441669  
   933     0.012102     0.441734  
   934     0.012067     0.441703  
   935     0.012030     0.441639  
   936     0.011994     0.441638  
   937     0.011951     0.441632  
   938     0.011912     0.441592  
   939     0.011875     0.441581  
   940     0.011834     0.441530  
   941     0.011795     0.441557  
   942     0.011754     0.441623  
   943     0.011713     0.441656  
   944     0.011673     0.441617  
   945     0.011629     0.441651  
   946     0.011591     0.441680  
   947     0.011554     0.441685  
   948     0.011516     0.441683  
   949     0.011478     0.441724  
   950     0.011439     0.441729  
   951     0.011404     0.441717  
   952     0.011369     0.441683  
   953     0.011331     0.441651  
   954     0.011299     0.441642  
   955     0.011265     0.441628  
   956     0.011226     0.441567  
   957     0.011191     0.441527  
   958     0.011156     0.441517  
   959     0.011118     0.441567  
   960     0.011082     0.441542  
   961     0.011047     0.441574  
   962     0.011014     0.441521  
   963     0.010977     0.441472  
   964     0.010942     0.441463  
   965     0.010903     0.441429  
   966     0.010867     0.441424  
   967     0.010833     0.441436  
   968     0.010796     0.441371  
   969     0.010764     0.441392  
   970     0.010730     0.441352  
   971     0.010700     0.441340  
   972     0.010667     0.441351  
   973     0.010627     0.441313  
   974     0.010587     0.441297  
   975     0.010548     0.441257  
   976     0.010512     0.441280  
   977     0.010474     0.441288  
   978     0.010437     0.441309  
   979     0.010402     0.441318  
   980     0.010371     0.441283  
   981     0.010335     0.441245  
   982     0.010303     0.441243  
   983     0.010275     0.441241  
   984     0.010241     0.441203  
   985     0.010209     0.441199  
   986     0.010177     0.441207  
   987     0.010143     0.441156  
   988     0.010108     0.441112  
   989     0.010076     0.441085  
   990     0.010049     0.441044  
   991     0.010013     0.441080  
   992     0.009980     0.441119  
   993     0.009945     0.441101  
   994     0.009911     0.441062  
   995     0.009879     0.441026  
   996     0.009848     0.441032  
   997     0.009821     0.441020  
   998     0.009789     0.441036  
   999     0.009761     0.441042  
  1000     0.009726     0.441042  
  1001     0.009693     0.441026  
  1002     0.009664     0.441029  
  1003     0.009634     0.440937  
  1004     0.009602     0.440975  
  1005     0.009572     0.440981  
  1006     0.009545     0.440969  
  1007     0.009517     0.440944  
  1008     0.009488     0.440931  
  1009     0.009455     0.440969  
  1010     0.009421     0.440968  
  1011     0.009388     0.440954  
  1012     0.009360     0.440942  
  1013     0.009333     0.440950  
  1014     0.009305     0.440917  
  1015     0.009275     0.440938  
  1016     0.009249     0.440979  
  1017     0.009219     0.440983  
  1018     0.009192     0.440944  
  1019     0.009159     0.440960  
  1020     0.009124     0.440951  
  1021     0.009097     0.440992  
  1022     0.009072     0.441003  
  1023     0.009043     0.441014  
  1024     0.009012     0.441006  
  1025     0.008980     0.440943  
  1026     0.008950     0.440898  
  1027     0.008923     0.440853  
  1028     0.008897     0.440910  
  1029     0.008870     0.440932  
  1030     0.008843     0.440891  
  1031     0.008808     0.440887  
  1032     0.008777     0.440863  
  1033     0.008752     0.440895  
  1034     0.008727     0.440868  
  1035     0.008700     0.440859  
  1036     0.008669     0.440875  
  1037     0.008640     0.440879  
  1038     0.008613     0.440853  
  1039     0.008586     0.440847  
  1040     0.008558     0.440806  
  1041     0.008529     0.440838  
  1042     0.008496     0.440887  
  1043     0.008471     0.440867  
  1044     0.008443     0.440899  
  1045     0.008413     0.440867  
  1046     0.008389     0.440834  
  1047     0.008362     0.440896  
  1048     0.008336     0.440866  
  1049     0.008311     0.440844  
  1050     0.008283     0.440768  
  1051     0.008258     0.440803  
  1052     0.008229     0.440814  
  1053     0.008204     0.440820  
  1054     0.008181     0.440840  
  1055     0.008151     0.440817  
  1056     0.008126     0.440823  
  1057     0.008099     0.440814  
  1058     0.008072     0.440822  
  1059     0.008042     0.440763  
  1060     0.008016     0.440755  
  1061     0.007989     0.440701  
  1062     0.007966     0.440689  
  1063     0.007942     0.440695  
  1064     0.007915     0.440716  
  1065     0.007891     0.440704  
  1066     0.007866     0.440739  
  1067     0.007841     0.440758  
  1068     0.007819     0.440717  
  1069     0.007795     0.440716  
  1070     0.007771     0.440699  
  1071     0.007745     0.440676  
  1072     0.007723     0.440680  
  1073     0.007697     0.440625  
  1074     0.007675     0.440637  
  1075     0.007650     0.440578  
  1076     0.007628     0.440593  
  1077     0.007601     0.440611  
  1078     0.007575     0.440656  
  1079     0.007551     0.440644  
  1080     0.007527     0.440656  
  1081     0.007501     0.440632  
  1082     0.007477     0.440624  
  1083     0.007454     0.440634  
  1084     0.007432     0.440604  
  1085     0.007410     0.440611  
  1086     0.007386     0.440632  
  1087     0.007363     0.440650  
  1088     0.007341     0.440647  
  1089     0.007320     0.440703  
  1090     0.007297     0.440709  
  1091     0.007272     0.440736  
  1092     0.007250     0.440770  
  1093     0.007226     0.440786  
  1094     0.007204     0.440765  
  1095     0.007185     0.440758  
  1096     0.007163     0.440713  
  1097     0.007138     0.440703  
  1098     0.007117     0.440665  
  1099     0.007094     0.440651  
  1100     0.007069     0.440613  
  1101     0.007046     0.440643  
  1102     0.007025     0.440645  
  1103     0.007004     0.440666  
  1104     0.006983     0.440690  
  1105     0.006962     0.440706  
  1106     0.006935     0.440741  
  1107     0.006914     0.440689  
  1108     0.006890     0.440723  
  1109     0.006870     0.440696  
  1110     0.006845     0.440730  
  1111     0.006826     0.440755  
  1112     0.006807     0.440723  
  1113     0.006783     0.440694  
  1114     0.006763     0.440684  
  1115     0.006741     0.440697  
  1116     0.006718     0.440679  
  1117     0.006698     0.440666  
  1118     0.006677     0.440614  
  1119     0.006658     0.440644  
  1120     0.006638     0.440668  
  1121     0.006618     0.440679  
  1122     0.006597     0.440683  
  1123     0.006578     0.440656  
  1124     0.006557     0.440631  
  1125     0.006534     0.440632  
  1126     0.006514     0.440610  
  1127     0.006492     0.440578  
  1128     0.006472     0.440569  
  1129     0.006454     0.440540  
  1130     0.006432     0.440551  
  1131     0.006412     0.440516  
  1132     0.006395     0.440521  
  1133     0.006378     0.440538  
  1134     0.006358     0.440555  
  1135     0.006340     0.440549  
  1136     0.006320     0.440527  
  1137     0.006300     0.440565  
  1138     0.006281     0.440502  
  1139     0.006261     0.440520  
  1140     0.006244     0.440507  
  1141     0.006222     0.440491  
  1142     0.006203     0.440506  
  1143     0.006182     0.440511  
  1144     0.006165     0.440513  
  1145     0.006143     0.440509  
  1146     0.006121     0.440485  
  1147     0.006103     0.440479  
  1148     0.006086     0.440504  
  1149     0.006066     0.440548  
  1150     0.006047     0.440540  
  1151     0.006026     0.440545  
  1152     0.006009     0.440545  
  1153     0.005989     0.440548  
  1154     0.005970     0.440518  
  1155     0.005950     0.440510  
  1156     0.005932     0.440506  
  1157     0.005913     0.440464  
  1158     0.005894     0.440459  
  1159     0.005875     0.440451  
  1160     0.005858     0.440458  
  1161     0.005841     0.440487  
  1162     0.005823     0.440513  
  1163     0.005804     0.440533  
  1164     0.005785     0.440519  
  1165     0.005768     0.440509  
  1166     0.005749     0.440500  
  1167     0.005731     0.440530  
  1168     0.005712     0.440561  
  1169     0.005693     0.440519  
  1170     0.005673     0.440506  
  1171     0.005658     0.440520  
  1172     0.005641     0.440527  
  1173     0.005622     0.440510  
  1174     0.005602     0.440495  
  1175     0.005584     0.440471  
  1176     0.005568     0.440446  
  1177     0.005550     0.440448  
  1178     0.005532     0.440447  
  1179     0.005513     0.440386  
  1180     0.005495     0.440350  * best
  1181     0.005479     0.440408  
  1182     0.005463     0.440394  
  1183     0.005447     0.440415  
  1184     0.005430     0.440433  
  1185     0.005413     0.440441  
  1186     0.005396     0.440450  
  1187     0.005380     0.440453  
  1188     0.005361     0.440440  
  1189     0.005343     0.440438  
  1190     0.005324     0.440431  
  1191     0.005309     0.440464  
  1192     0.005292     0.440474  
  1193     0.005277     0.440485  
  1194     0.005261     0.440501  
  1195     0.005245     0.440517  
  1196     0.005229     0.440579  
  1197     0.005212     0.440575  
  1198     0.005195     0.440619  
  1199     0.005180     0.440637  
  1200     0.005163     0.440667  
  1201     0.005145     0.440607  
  1202     0.005128     0.440613  
  1203     0.005110     0.440677  
  1204     0.005094     0.440674  
  1205     0.005078     0.440658  
  1206     0.005061     0.440589  
  1207     0.005047     0.440584  
  1208     0.005033     0.440575  
  1209     0.005018     0.440566  
  1210     0.005003     0.440579  
  1211     0.004987     0.440590  
  1212     0.004969     0.440598  
  1213     0.004953     0.440615  
  1214     0.004938     0.440606  
  1215     0.004923     0.440596  
  1216     0.004906     0.440612  
  1217     0.004891     0.440578  
  1218     0.004876     0.440605  
  1219     0.004860     0.440559  
  1220     0.004844     0.440555  
  1221     0.004828     0.440531  
  1222     0.004812     0.440556  
  1223     0.004797     0.440561  
  1224     0.004784     0.440602  
  1225     0.004770     0.440598  
  1226     0.004756     0.440599  
  1227     0.004738     0.440591  
  1228     0.004721     0.440576  
  1229     0.004707     0.440592  
  1230     0.004695     0.440635  
  1231     0.004680     0.440629  
  1232     0.004665     0.440605  
  1233     0.004648     0.440585  
  1234     0.004634     0.440556  
  1235     0.004618     0.440572  
  1236     0.004604     0.440536  
  1237     0.004589     0.440503  
  1238     0.004576     0.440477  
  1239     0.004562     0.440451  
  1240     0.004548     0.440478  
  1241     0.004535     0.440468  
  1242     0.004522     0.440487  
  1243     0.004510     0.440482  
  1244     0.004497     0.440476  
  1245     0.004481     0.440492  
  1246     0.004467     0.440500  
  1247     0.004453     0.440494  
  1248     0.004439     0.440484  
  1249     0.004426     0.440489  
  1250     0.004411     0.440494  
  1251     0.004397     0.440514  
  1252     0.004383     0.440499  
  1253     0.004368     0.440516  
  1254     0.004355     0.440521  
  1255     0.004343     0.440517  
  1256     0.004329     0.440466  
  1257     0.004315     0.440489  
  1258     0.004301     0.440558  
  1259     0.004288     0.440560  
  1260     0.004275     0.440542  
  1261     0.004261     0.440566  
  1262     0.004246     0.440533  
  1263     0.004233     0.440548  
  1264     0.004220     0.440538  
  1265     0.004207     0.440546  
  1266     0.004193     0.440549  
  1267     0.004183     0.440556  
  1268     0.004169     0.440581  
  1269     0.004157     0.440568  
  1270     0.004144     0.440592  
  1271     0.004132     0.440600  
  1272     0.004120     0.440592  
  1273     0.004109     0.440581  
  1274     0.004096     0.440565  
  1275     0.004083     0.440576  
  1276     0.004069     0.440563  
  1277     0.004057     0.440599  
  1278     0.004044     0.440586  
  1279     0.004032     0.440597  
  1280     0.004020     0.440582  
# best iteration 1180 (val l2 0.440350)
# Spearman  train +0.9935  val +0.7518  test +0.7624
