# seq_hla_pseudo seed 2
# NetMHCpan pseudosequence one-hot, 34 x 20
# input dim 680, 91,329 parameters
# Linear(n_in,128) -> GELU -> Dropout(0.3) -> Linear(128,32) -> GELU -> Dropout(0.3) -> Linear(32,1)
# Adam lr=0.001 weight_decay=0.0001 batch=32 dropout=0.3
# loss = MSE on standardised log10 half-life
# early stopping on validation loss, patience 40, max 300 epochs
#
 epoch  train_batch        train          val  note
     1     0.788556     0.718957     0.694052  * best
     2     0.733871     0.706163     0.688006  * best
     3     0.716998     0.696819     0.681029  * best
     4     0.715093     0.693970     0.668948  * best
     5     0.713499     0.692607     0.679597  
     6     0.707633     0.691195     0.671664  
     7     0.709737     0.695966     0.686188  
     8     0.704644     0.685624     0.666729  * best
     9     0.706701     0.690793     0.675199  
    10     0.705527     0.691184     0.673227  
    11     0.705760     0.685264     0.673140  
    12     0.707667     0.688112     0.666446  * best
    13     0.701825     0.691317     0.666605  
    14     0.703676     0.690978     0.674809  
    15     0.702521     0.688431     0.670918  
    16     0.705181     0.684140     0.663226  * best
    17     0.701332     0.686117     0.672584  
    18     0.705647     0.683175     0.668466  
    19     0.705530     0.688432     0.672066  
    20     0.702223     0.682110     0.664087  
    21     0.697457     0.687716     0.663486  
    22     0.702207     0.685299     0.663901  
    23     0.703330     0.684082     0.658312  * best
    24     0.702059     0.682489     0.664363  
    25     0.699999     0.685837     0.659506  
    26     0.697117     0.683706     0.662763  
    27     0.706310     0.685332     0.666897  
    28     0.698928     0.685985     0.660578  
    29     0.700922     0.684419     0.664907  
    30     0.697617     0.687727     0.673945  
    31     0.697623     0.682521     0.669255  
    32     0.701892     0.681650     0.660639  
    33     0.697184     0.682982     0.668227  
    34     0.699610     0.683280     0.664140  
    35     0.699352     0.683580     0.663653  
    36     0.700423     0.683638     0.667143  
    37     0.698114     0.688199     0.664394  
    38     0.702062     0.680624     0.660510  
    39     0.701788     0.680367     0.660494  
    40     0.698199     0.683061     0.663307  
    41     0.699534     0.689036     0.672550  
    42     0.695569     0.688225     0.671910  
    43     0.699697     0.682496     0.660648  
    44     0.697123     0.688796     0.672201  
    45     0.699810     0.683692     0.661757  
    46     0.698864     0.684831     0.659242  
    47     0.699743     0.684732     0.665516  
    48     0.700659     0.684394     0.663465  
    49     0.700434     0.682788     0.661525  
    50     0.696461     0.686695     0.668746  
    51     0.697653     0.681962     0.662828  
    52     0.701096     0.684006     0.658543  
    53     0.697631     0.682502     0.661578  
    54     0.697419     0.686105     0.670167  
    55     0.701076     0.682309     0.660030  
    56     0.699149     0.682459     0.658388  
    57     0.696157     0.683617     0.660011  
    58     0.699452     0.684871     0.663298  
    59     0.698039     0.680519     0.659815  
    60     0.698767     0.681704     0.663783  
    61     0.700491     0.683024     0.662757  
    62     0.696209     0.686585     0.668236  
    63     0.697640     0.679624     0.662950  
# stopped at epoch 63: no improvement for 40 epochs
# restored epoch 23 (val MSE 0.658312)
# Spearman  train +0.5533  val +0.5612  test +0.5272
