# seq+boltz_pooled seed 2
# sequence baseline concatenated with the Boltz pooled blocks
# input dim 2407, 312,385 parameters
# Linear(n_in,128) -> GELU -> Dropout(0.3) -> Linear(128,32) -> GELU -> Dropout(0.3) -> Linear(32,1)
# Adam lr=0.001 weight_decay=0.0001 batch=32 dropout=0.3
# loss = MSE on standardised log10 half-life
# early stopping on validation loss, patience 40, max 300 epochs
#
 epoch  train_batch        train          val  note
     1     0.599599     0.365657     0.484475  * best
     2     0.431816     0.311323     0.459400  * best
     3     0.368567     0.273534     0.460268  
     4     0.328324     0.210346     0.436443  * best
     5     0.287059     0.179314     0.439250  
     6     0.267883     0.178434     0.447238  
     7     0.245676     0.139376     0.428658  * best
     8     0.226798     0.151621     0.447964  
     9     0.208933     0.125380     0.435017  
    10     0.208820     0.103054     0.437771  
    11     0.201377     0.112628     0.442444  
    12     0.189485     0.107341     0.434615  
    13     0.178290     0.097704     0.445386  
    14     0.172920     0.092048     0.460299  
    15     0.170930     0.083614     0.428161  * best
    16     0.163998     0.073094     0.447954  
    17     0.162410     0.076161     0.453263  
    18     0.149424     0.072707     0.429259  
    19     0.147604     0.071346     0.429919  
    20     0.147869     0.074623     0.441651  
    21     0.139743     0.059681     0.426083  * best
    22     0.136712     0.069136     0.427724  
    23     0.140545     0.070539     0.428691  
    24     0.139198     0.069871     0.431616  
    25     0.137152     0.063629     0.453141  
    26     0.134311     0.059528     0.446663  
    27     0.135252     0.057538     0.447355  
    28     0.135701     0.067726     0.432603  
    29     0.130943     0.056711     0.420889  * best
    30     0.131342     0.070745     0.425944  
    31     0.125972     0.083261     0.447657  
    32     0.127377     0.059706     0.424467  
    33     0.128128     0.054178     0.446094  
    34     0.121479     0.057532     0.446281  
    35     0.121340     0.057192     0.441980  
    36     0.120347     0.051824     0.435687  
    37     0.119833     0.051032     0.434100  
    38     0.119608     0.053349     0.440403  
    39     0.116944     0.058444     0.441857  
    40     0.116769     0.051831     0.438959  
    41     0.118917     0.066723     0.428227  
    42     0.122736     0.058844     0.444891  
    43     0.118677     0.051708     0.452341  
    44     0.116441     0.051670     0.440411  
    45     0.117523     0.053230     0.446738  
    46     0.116029     0.055859     0.439649  
    47     0.114937     0.047362     0.454821  
    48     0.112623     0.060474     0.455729  
    49     0.109655     0.048400     0.434181  
    50     0.110838     0.052341     0.443169  
    51     0.110379     0.045657     0.431799  
    52     0.114533     0.048356     0.427736  
    53     0.115710     0.049696     0.428321  
    54     0.109470     0.054856     0.434571  
    55     0.105449     0.043315     0.432541  
    56     0.111195     0.065463     0.422056  
    57     0.112360     0.061940     0.434048  
    58     0.112172     0.050899     0.427595  
    59     0.108909     0.047059     0.446561  
    60     0.105960     0.045228     0.428227  
    61     0.102739     0.042522     0.446303  
    62     0.107690     0.047436     0.433731  
    63     0.105579     0.048535     0.433498  
    64     0.105104     0.042759     0.442815  
    65     0.111353     0.046849     0.437105  
    66     0.107508     0.041513     0.424686  
    67     0.100309     0.042096     0.432776  
    68     0.103384     0.039826     0.434699  
    69     0.105589     0.049790     0.450965  
# stopped at epoch 69: no improvement for 40 epochs
# restored epoch 29 (val MSE 0.420889)
# Spearman  train +0.9708  val +0.7699  test +0.7872
