# seq+boltz_pooled seed 1
# sequence baseline concatenated with the Boltz pooled blocks
# input dim 2407, 312,385 parameters
# Linear(n_in,128) -> GELU -> Dropout(0.3) -> Linear(128,32) -> GELU -> Dropout(0.3) -> Linear(32,1)
# Adam lr=0.001 weight_decay=0.0001 batch=32 dropout=0.3
# loss = MSE on standardised log10 half-life
# early stopping on validation loss, patience 40, max 300 epochs
#
 epoch  train_batch        train          val  note
     1     0.615244     0.430388     0.496800  * best
     2     0.445575     0.287022     0.401640  * best
     3     0.371627     0.227966     0.373260  * best
     4     0.325395     0.202863     0.369357  * best
     5     0.297293     0.181040     0.363000  * best
     6     0.270020     0.162703     0.357883  * best
     7     0.254834     0.139377     0.361293  
     8     0.227027     0.130714     0.364029  
     9     0.216691     0.122358     0.366721  
    10     0.209547     0.103702     0.352375  * best
    11     0.190153     0.124586     0.375058  
    12     0.185761     0.092388     0.351877  * best
    13     0.183477     0.103812     0.371380  
    14     0.167145     0.095047     0.353542  
    15     0.165802     0.096522     0.351230  * best
    16     0.166644     0.084452     0.347339  * best
    17     0.158333     0.069648     0.346187  * best
    18     0.150198     0.068373     0.362899  
    19     0.148829     0.078874     0.350192  
    20     0.147088     0.069708     0.346079  * best
    21     0.145984     0.070606     0.361481  
    22     0.144058     0.080892     0.366514  
    23     0.138364     0.066234     0.361956  
    24     0.143145     0.070529     0.365163  
    25     0.133307     0.065988     0.348224  
    26     0.128824     0.055220     0.343419  * best
    27     0.131254     0.063985     0.356908  
    28     0.132790     0.055793     0.346596  
    29     0.131905     0.072864     0.362894  
    30     0.129280     0.058365     0.359013  
    31     0.127215     0.054412     0.362660  
    32     0.123363     0.062305     0.350122  
    33     0.124977     0.047955     0.346091  
    34     0.119207     0.067545     0.358338  
    35     0.118956     0.057306     0.359529  
    36     0.123289     0.050391     0.343699  
    37     0.120378     0.050912     0.355297  
    38     0.119704     0.044885     0.360863  
    39     0.115544     0.053059     0.359456  
    40     0.115549     0.047439     0.355117  
    41     0.116123     0.048919     0.364175  
    42     0.116045     0.058679     0.359857  
    43     0.111607     0.049863     0.375533  
    44     0.108357     0.045620     0.367136  
    45     0.114479     0.045923     0.361261  
    46     0.110747     0.049354     0.357827  
    47     0.110935     0.047926     0.372097  
    48     0.110562     0.044589     0.357134  
    49     0.114491     0.049664     0.345749  
    50     0.108422     0.044537     0.358932  
    51     0.106364     0.041403     0.350589  
    52     0.110530     0.045494     0.367643  
    53     0.105644     0.042001     0.361161  
    54     0.107318     0.042356     0.352757  
    55     0.111714     0.051381     0.373015  
    56     0.110937     0.045655     0.374856  
    57     0.104926     0.041979     0.367314  
    58     0.105161     0.040774     0.366342  
    59     0.110516     0.041849     0.354746  
    60     0.104157     0.043751     0.340799  * best
    61     0.104387     0.041285     0.360380  
    62     0.102491     0.045897     0.350733  
    63     0.108368     0.050563     0.360031  
    64     0.104875     0.052882     0.372310  
    65     0.104853     0.049831     0.350961  
    66     0.103002     0.040300     0.340242  * best
    67     0.102154     0.044799     0.356244  
    68     0.101846     0.046937     0.358438  
    69     0.105834     0.047876     0.358590  
    70     0.100680     0.043435     0.351752  
    71     0.100049     0.051713     0.357766  
    72     0.098798     0.040048     0.361332  
    73     0.102884     0.040170     0.359411  
    74     0.103485     0.047165     0.353886  
    75     0.104502     0.042550     0.360980  
    76     0.106113     0.043372     0.361423  
    77     0.102175     0.038609     0.361030  
    78     0.100794     0.043141     0.360087  
    79     0.100198     0.040172     0.352483  
    80     0.101092     0.042437     0.354430  
    81     0.104587     0.049183     0.361814  
    82     0.102192     0.040858     0.355627  
    83     0.103432     0.052215     0.364501  
    84     0.098421     0.047596     0.365361  
    85     0.104085     0.040588     0.356632  
    86     0.099176     0.051912     0.353192  
    87     0.098524     0.043583     0.361783  
    88     0.101633     0.049152     0.360056  
    89     0.100597     0.039666     0.354800  
    90     0.097197     0.036525     0.352813  
    91     0.100112     0.038801     0.343710  
    92     0.101977     0.038587     0.358215  
    93     0.101755     0.041376     0.351317  
    94     0.101093     0.037768     0.351936  
    95     0.097495     0.044243     0.350414  
    96     0.100548     0.040875     0.359846  
    97     0.096937     0.037745     0.362203  
    98     0.096660     0.037967     0.358845  
    99     0.104771     0.038766     0.361845  
   100     0.103108     0.040402     0.365323  
   101     0.097447     0.041441     0.366280  
   102     0.095570     0.036869     0.359376  
   103     0.101870     0.040222     0.361497  
   104     0.100797     0.039794     0.347183  
   105     0.096464     0.035081     0.356159  
   106     0.094601     0.046293     0.361997  
# stopped at epoch 106: no improvement for 40 epochs
# restored epoch 66 (val MSE 0.340242)
# Spearman  train +0.9794  val +0.8185  test +0.7803
