# charge_struct seed 1
# structure-derived charge: Coulomb proxy over charged centres, salt bridges, receptor charge within 8/12 A, per-position charge environment
# input dim 20, 6,849 parameters
# Linear(n_in,128) -> GELU -> Dropout(0.3) -> Linear(128,32) -> GELU -> Dropout(0.3) -> Linear(32,1)
# Adam lr=0.001 weight_decay=0.0001 batch=32 dropout=0.3
# loss = MSE on standardised log10 half-life
# early stopping on validation loss, patience 40, max 300 epochs
#
 epoch  train_batch        train          val  note
     1     0.926631     0.858480     0.883413  * best
     2     0.866886     0.830711     0.856432  * best
     3     0.841653     0.808183     0.844398  * best
     4     0.832192     0.792255     0.828834  * best
     5     0.812803     0.779286     0.817321  * best
     6     0.799247     0.772873     0.815884  * best
     7     0.797309     0.759133     0.811290  * best
     8     0.795230     0.756060     0.806028  * best
     9     0.780859     0.756440     0.804220  * best
    10     0.771632     0.740341     0.799956  * best
    11     0.781033     0.735247     0.789480  * best
    12     0.768927     0.724470     0.787897  * best
    13     0.761448     0.721825     0.790554  
    14     0.754105     0.721780     0.791262  
    15     0.757457     0.724131     0.787953  
    16     0.744283     0.707719     0.778170  * best
    17     0.742368     0.706446     0.777329  * best
    18     0.749985     0.698804     0.773556  * best
    19     0.743462     0.707144     0.780879  
    20     0.733531     0.698695     0.784824  
    21     0.738938     0.694550     0.785765  
    22     0.737261     0.686929     0.771338  * best
    23     0.723798     0.687967     0.773465  
    24     0.728774     0.687322     0.770568  * best
    25     0.724788     0.680732     0.768726  * best
    26     0.726516     0.681496     0.773613  
    27     0.717567     0.676651     0.760160  * best
    28     0.716922     0.669355     0.766631  
    29     0.707702     0.662253     0.762331  
    30     0.715794     0.665975     0.758915  * best
    31     0.715805     0.662126     0.761101  
    32     0.698925     0.658513     0.758148  * best
    33     0.707820     0.652508     0.755320  * best
    34     0.704103     0.649992     0.754981  * best
    35     0.703666     0.655142     0.754923  * best
    36     0.697917     0.649980     0.756450  
    37     0.694771     0.644319     0.752312  * best
    38     0.704321     0.647551     0.756240  
    39     0.695386     0.641887     0.746545  * best
    40     0.695770     0.639623     0.741697  * best
    41     0.686391     0.634448     0.749282  
    42     0.696123     0.633575     0.742281  
    43     0.679840     0.633039     0.743282  
    44     0.682890     0.630955     0.738864  * best
    45     0.687402     0.629004     0.744518  
    46     0.681543     0.626801     0.746441  
    47     0.689217     0.628008     0.744297  
    48     0.678891     0.630669     0.752411  
    49     0.679901     0.624846     0.748090  
    50     0.679844     0.621347     0.739353  
    51     0.681189     0.617740     0.745733  
    52     0.680397     0.614426     0.742009  
    53     0.675855     0.621186     0.743977  
    54     0.674820     0.614912     0.737141  * best
    55     0.669921     0.616726     0.733767  * best
    56     0.670167     0.606754     0.729425  * best
    57     0.667773     0.610483     0.733013  
    58     0.664769     0.608860     0.737426  
    59     0.668143     0.606865     0.737472  
    60     0.666211     0.602813     0.731620  
    61     0.665646     0.599378     0.727646  * best
    62     0.659892     0.596824     0.731812  
    63     0.664429     0.606656     0.738564  
    64     0.661325     0.595449     0.734873  
    65     0.643083     0.588642     0.732688  
    66     0.651478     0.587097     0.739644  
    67     0.666284     0.591196     0.742573  
    68     0.654890     0.588153     0.738027  
    69     0.651706     0.589860     0.734941  
    70     0.659360     0.591963     0.739993  
    71     0.652413     0.587182     0.729333  
    72     0.651023     0.584232     0.729902  
    73     0.649233     0.581384     0.731311  
    74     0.649948     0.580115     0.741707  
    75     0.647373     0.582252     0.730964  
    76     0.640104     0.576334     0.729139  
    77     0.639888     0.574574     0.727158  * best
    78     0.644705     0.577659     0.731100  
    79     0.648438     0.574171     0.732789  
    80     0.631260     0.577226     0.739096  
    81     0.637598     0.569434     0.733785  
    82     0.635566     0.568038     0.730107  
    83     0.633449     0.571149     0.721613  * best
    84     0.641382     0.572666     0.734832  
    85     0.639439     0.567061     0.739261  
    86     0.640616     0.562343     0.732196  
    87     0.633484     0.564076     0.723719  
    88     0.632403     0.567079     0.737570  
    89     0.638573     0.564771     0.723983  
    90     0.636182     0.568369     0.734426  
    91     0.638469     0.556085     0.731729  
    92     0.634227     0.557752     0.727481  
    93     0.632257     0.553721     0.723564  
    94     0.628181     0.550781     0.731508  
    95     0.630973     0.557240     0.727167  
    96     0.634881     0.552104     0.730968  
    97     0.619797     0.554119     0.738067  
    98     0.629678     0.555875     0.731685  
    99     0.620914     0.549474     0.729275  
   100     0.631016     0.550651     0.742328  
   101     0.623152     0.548922     0.727110  
   102     0.618899     0.546744     0.727590  
   103     0.617121     0.546719     0.733288  
   104     0.624560     0.550758     0.728652  
   105     0.617965     0.547825     0.727752  
   106     0.617605     0.540830     0.727913  
   107     0.619767     0.539533     0.723988  
   108     0.619188     0.552840     0.732843  
   109     0.621682     0.539154     0.729036  
   110     0.613467     0.534893     0.724105  
   111     0.614867     0.536092     0.734293  
   112     0.615527     0.537664     0.727320  
   113     0.613321     0.536270     0.735965  
   114     0.614915     0.531446     0.732045  
   115     0.617553     0.531647     0.731987  
   116     0.611311     0.533201     0.730923  
   117     0.613644     0.533914     0.725753  
   118     0.615585     0.533758     0.732125  
   119     0.605886     0.529394     0.735668  
   120     0.613388     0.531030     0.737137  
   121     0.618111     0.535521     0.727988  
   122     0.618627     0.529954     0.735985  
   123     0.610358     0.533404     0.732021  
# stopped at epoch 123: no improvement for 40 epochs
# restored epoch 83 (val MSE 0.721613)
# Spearman  train +0.6617  val +0.5366  test +0.5250
