# gbm_seq+node+edge seed 2
# boosted trees on seq+node+edge
# inputs 26830, 1,339 trees
# LightGBM gradient-boosted trees, objective l2, lr 0.05, num_leaves 31, min_data_in_leaf 20, feature_fraction 0.3, bagging 0.8, lambda_l2 1.0, up to 3000 rounds, early stopping 100 on validation l2
# loss = l2 on standardised log10 half-life
#
 round        train          val  note
     1     0.964765     0.978319  
     2     0.932977     0.950497  
     3     0.902258     0.924431  
     4     0.875140     0.901273  
     5     0.849877     0.880481  
     6     0.828056     0.862681  
     7     0.806220     0.843928  
     8     0.785592     0.826980  
     9     0.766166     0.810485  
    10     0.747350     0.794435  
    11     0.731450     0.781878  
    12     0.715931     0.769794  
    13     0.701164     0.756942  
    14     0.687873     0.746156  
    15     0.674154     0.735462  
    16     0.660990     0.725535  
    17     0.648154     0.715317  
    18     0.636193     0.706181  
    19     0.626589     0.699554  
    20     0.615987     0.689200  
    21     0.605702     0.681645  
    22     0.597160     0.675627  
    23     0.588635     0.669885  
    24     0.580416     0.664892  
    25     0.571912     0.659262  
    26     0.564427     0.653903  
    27     0.557029     0.648260  
    28     0.550221     0.644003  
    29     0.543016     0.638950  
    30     0.536351     0.634770  
    31     0.529828     0.629827  
    32     0.523830     0.625759  
    33     0.517612     0.622147  
    34     0.511596     0.617388  
    35     0.505741     0.612965  
    36     0.500100     0.610492  
    37     0.495040     0.607424  
    38     0.490207     0.604905  
    39     0.485157     0.602387  
    40     0.480615     0.598937  
    41     0.475329     0.596177  
    42     0.470733     0.593121  
    43     0.466029     0.590698  
    44     0.461415     0.588392  
    45     0.457345     0.586709  
    46     0.453254     0.584626  
    47     0.449048     0.582229  
    48     0.444880     0.580670  
    49     0.440572     0.577305  
    50     0.436978     0.575979  
    51     0.432928     0.574290  
    52     0.429287     0.572680  
    53     0.425387     0.570039  
    54     0.421680     0.568146  
    55     0.418348     0.567062  
    56     0.414940     0.566458  
    57     0.411504     0.564834  
    58     0.407957     0.563038  
    59     0.404288     0.561024  
    60     0.401114     0.560171  
    61     0.397810     0.558672  
    62     0.394207     0.557090  
    63     0.391005     0.555312  
    64     0.387868     0.553563  
    65     0.384811     0.552127  
    66     0.381565     0.550800  
    67     0.378530     0.549458  
    68     0.375496     0.548060  
    69     0.372699     0.547475  
    70     0.369660     0.545619  
    71     0.366980     0.544761  
    72     0.364157     0.543550  
    73     0.361075     0.541702  
    74     0.358205     0.540724  
    75     0.355269     0.539798  
    76     0.352536     0.538481  
    77     0.349636     0.536602  
    78     0.347139     0.535810  
    79     0.344700     0.535266  
    80     0.342064     0.534601  
    81     0.339547     0.533611  
    82     0.337109     0.532495  
    83     0.334641     0.531903  
    84     0.332143     0.531171  
    85     0.329661     0.530177  
    86     0.327180     0.528866  
    87     0.324722     0.527792  
    88     0.322245     0.527212  
    89     0.319979     0.526518  
    90     0.317585     0.525483  
    91     0.315394     0.524738  
    92     0.313238     0.524103  
    93     0.311119     0.523099  
    94     0.308853     0.522003  
    95     0.306615     0.521139  
    96     0.304486     0.520615  
    97     0.302409     0.520521  
    98     0.300293     0.519992  
    99     0.298062     0.519068  
   100     0.296020     0.518233  
   101     0.293912     0.517467  
   102     0.291807     0.516522  
   103     0.289772     0.515770  
   104     0.287901     0.515114  
   105     0.285935     0.514349  
   106     0.283853     0.513184  
   107     0.281917     0.513013  
   108     0.279982     0.512687  
   109     0.277949     0.511989  
   110     0.276036     0.511063  
   111     0.274121     0.510684  
   112     0.272255     0.509644  
   113     0.270409     0.509396  
   114     0.268558     0.508781  
   115     0.266749     0.508186  
   116     0.264962     0.507877  
   117     0.263118     0.507389  
   118     0.261389     0.506877  
   119     0.259603     0.505599  
   120     0.257806     0.504795  
   121     0.256128     0.504444  
   122     0.254430     0.504163  
   123     0.252815     0.503764  
   124     0.251146     0.503526  
   125     0.249483     0.502904  
   126     0.247987     0.502552  
   127     0.246383     0.502117  
   128     0.244856     0.501551  
   129     0.243217     0.501045  
   130     0.241558     0.500554  
   131     0.239992     0.499525  
   132     0.238503     0.499039  
   133     0.237000     0.498827  
   134     0.235450     0.499005  
   135     0.233877     0.498429  
   136     0.232295     0.497337  
   137     0.230852     0.497504  
   138     0.229286     0.496811  
   139     0.227892     0.496886  
   140     0.226419     0.496338  
   141     0.224949     0.496065  
   142     0.223527     0.495732  
   143     0.222101     0.495249  
   144     0.220691     0.494791  
   145     0.219313     0.494402  
   146     0.217971     0.493918  
   147     0.216677     0.493654  
   148     0.215336     0.493291  
   149     0.213914     0.492821  
   150     0.212601     0.491994  
   151     0.211361     0.491994  
   152     0.209989     0.491653  
   153     0.208744     0.491258  
   154     0.207435     0.491148  
   155     0.206151     0.490567  
   156     0.204814     0.490128  
   157     0.203565     0.490080  
   158     0.202361     0.489911  
   159     0.201094     0.489502  
   160     0.199944     0.489505  
   161     0.198738     0.489256  
   162     0.197409     0.488874  
   163     0.196255     0.488506  
   164     0.195090     0.488012  
   165     0.193956     0.487704  
   166     0.192814     0.487365  
   167     0.191660     0.487029  
   168     0.190579     0.486782  
   169     0.189384     0.486414  
   170     0.188145     0.486133  
   171     0.187039     0.485901  
   172     0.185974     0.485679  
   173     0.184844     0.485478  
   174     0.183707     0.485506  
   175     0.182576     0.485143  
   176     0.181460     0.484871  
   177     0.180414     0.484806  
   178     0.179405     0.484188  
   179     0.178338     0.483994  
   180     0.177312     0.483646  
   181     0.176249     0.483223  
   182     0.175223     0.482935  
   183     0.174209     0.482633  
   184     0.173113     0.482304  
   185     0.172105     0.482032  
   186     0.171158     0.482111  
   187     0.170240     0.481731  
   188     0.169343     0.481485  
   189     0.168336     0.481145  
   190     0.167346     0.481173  
   191     0.166413     0.481441  
   192     0.165431     0.481293  
   193     0.164394     0.481071  
   194     0.163472     0.481220  
   195     0.162482     0.481282  
   196     0.161532     0.481078  
   197     0.160599     0.480739  
   198     0.159639     0.480532  
   199     0.158786     0.480450  
   200     0.157810     0.480648  
   201     0.156882     0.480507  
   202     0.155986     0.480491  
   203     0.155105     0.479919  
   204     0.154081     0.479163  
   205     0.153207     0.478677  
   206     0.152352     0.478479  
   207     0.151524     0.478413  
   208     0.150682     0.478194  
   209     0.149784     0.478067  
   210     0.148901     0.478248  
   211     0.148096     0.478051  
   212     0.147285     0.478070  
   213     0.146467     0.478076  
   214     0.145627     0.477866  
   215     0.144818     0.477630  
   216     0.144011     0.477454  
   217     0.143256     0.477237  
   218     0.142486     0.477093  
   219     0.141691     0.476989  
   220     0.140862     0.476595  
   221     0.140107     0.476492  
   222     0.139313     0.476165  
   223     0.138578     0.475960  
   224     0.137809     0.475490  
   225     0.137046     0.475478  
   226     0.136274     0.475364  
   227     0.135531     0.475344  
   228     0.134787     0.474889  
   229     0.134067     0.474840  
   230     0.133336     0.474874  
   231     0.132623     0.474763  
   232     0.131877     0.474644  
   233     0.131166     0.474477  
   234     0.130428     0.474005  
   235     0.129734     0.473678  
   236     0.129033     0.473455  
   237     0.128354     0.473344  
   238     0.127691     0.473013  
   239     0.127027     0.472954  
   240     0.126313     0.472571  
   241     0.125615     0.472359  
   242     0.124899     0.472034  
   243     0.124184     0.472028  
   244     0.123547     0.471722  
   245     0.122869     0.471552  
   246     0.122202     0.471528  
   247     0.121546     0.471430  
   248     0.120895     0.471031  
   249     0.120261     0.470691  
   250     0.119637     0.470875  
   251     0.118957     0.470693  
   252     0.118337     0.470778  
   253     0.117717     0.470702  
   254     0.117076     0.470347  
   255     0.116381     0.469969  
   256     0.115727     0.469864  
   257     0.115116     0.469845  
   258     0.114462     0.469936  
   259     0.113818     0.469605  
   260     0.113210     0.469743  
   261     0.112642     0.469547  
   262     0.112033     0.469508  
   263     0.111427     0.469488  
   264     0.110824     0.469422  
   265     0.110207     0.469188  
   266     0.109538     0.469108  
   267     0.108946     0.468920  
   268     0.108328     0.468681  
   269     0.107801     0.468450  
   270     0.107244     0.468420  
   271     0.106647     0.468162  
   272     0.106110     0.468060  
   273     0.105556     0.467890  
   274     0.105025     0.467510  
   275     0.104450     0.467284  
   276     0.103924     0.467127  
   277     0.103358     0.466891  
   278     0.102784     0.466736  
   279     0.102231     0.466728  
   280     0.101707     0.466801  
   281     0.101185     0.466891  
   282     0.100671     0.466640  
   283     0.100134     0.466252  
   284     0.099584     0.466284  
   285     0.099083     0.466243  
   286     0.098548     0.466283  
   287     0.098037     0.466070  
   288     0.097553     0.465757  
   289     0.097047     0.465651  
   290     0.096513     0.465398  
   291     0.096015     0.465302  
   292     0.095461     0.465325  
   293     0.094973     0.465240  
   294     0.094453     0.464865  
   295     0.093934     0.464796  
   296     0.093470     0.464690  
   297     0.093022     0.464730  
   298     0.092512     0.464628  
   299     0.092044     0.464309  
   300     0.091616     0.464151  
   301     0.091135     0.464029  
   302     0.090674     0.463961  
   303     0.090185     0.463823  
   304     0.089714     0.463808  
   305     0.089260     0.463722  
   306     0.088827     0.463702  
   307     0.088374     0.463658  
   308     0.087939     0.463505  
   309     0.087467     0.463414  
   310     0.087005     0.463314  
   311     0.086592     0.463115  
   312     0.086102     0.462949  
   313     0.085673     0.462704  
   314     0.085218     0.462587  
   315     0.084828     0.462577  
   316     0.084378     0.462564  
   317     0.083918     0.462412  
   318     0.083468     0.462125  
   319     0.083056     0.462093  
   320     0.082657     0.462082  
   321     0.082220     0.461926  
   322     0.081814     0.461952  
   323     0.081425     0.461766  
   324     0.080982     0.461444  
   325     0.080606     0.461548  
   326     0.080205     0.461718  
   327     0.079775     0.461832  
   328     0.079373     0.461625  
   329     0.078991     0.461486  
   330     0.078590     0.461408  
   331     0.078195     0.461420  
   332     0.077777     0.461358  
   333     0.077342     0.461356  
   334     0.076926     0.461220  
   335     0.076505     0.461096  
   336     0.076116     0.460931  
   337     0.075685     0.460964  
   338     0.075268     0.460748  
   339     0.074912     0.460869  
   340     0.074559     0.460843  
   341     0.074173     0.460826  
   342     0.073802     0.460758  
   343     0.073433     0.460794  
   344     0.073062     0.460612  
   345     0.072687     0.460533  
   346     0.072282     0.460466  
   347     0.071947     0.460177  
   348     0.071573     0.459848  
   349     0.071227     0.459715  
   350     0.070902     0.459638  
   351     0.070543     0.459465  
   352     0.070208     0.459513  
   353     0.069855     0.459630  
   354     0.069533     0.459554  
   355     0.069191     0.459557  
   356     0.068845     0.459383  
   357     0.068511     0.459395  
   358     0.068163     0.459480  
   359     0.067842     0.459427  
   360     0.067539     0.459484  
   361     0.067222     0.459318  
   362     0.066871     0.459284  
   363     0.066550     0.459149  
   364     0.066210     0.459068  
   365     0.065877     0.459007  
   366     0.065535     0.459043  
   367     0.065184     0.459054  
   368     0.064857     0.459082  
   369     0.064518     0.459171  
   370     0.064205     0.459159  
   371     0.063889     0.459210  
   372     0.063556     0.459203  
   373     0.063207     0.459093  
   374     0.062911     0.459021  
   375     0.062596     0.458862  
   376     0.062294     0.458817  
   377     0.061981     0.458629  
   378     0.061709     0.458467  
   379     0.061404     0.458493  
   380     0.061102     0.458496  
   381     0.060803     0.458631  
   382     0.060513     0.458578  
   383     0.060216     0.458576  
   384     0.059932     0.458519  
   385     0.059652     0.458446  
   386     0.059362     0.458614  
   387     0.059079     0.458528  
   388     0.058815     0.458569  
   389     0.058541     0.458666  
   390     0.058250     0.458583  
   391     0.057993     0.458673  
   392     0.057705     0.458461  
   393     0.057413     0.458478  
   394     0.057149     0.458616  
   395     0.056873     0.458454  
   396     0.056581     0.458335  
   397     0.056280     0.458180  
   398     0.056017     0.458083  
   399     0.055751     0.458074  
   400     0.055485     0.457930  
   401     0.055224     0.457768  
   402     0.054956     0.457733  
   403     0.054671     0.457692  
   404     0.054413     0.457829  
   405     0.054163     0.457889  
   406     0.053870     0.457843  
   407     0.053611     0.457600  
   408     0.053345     0.457583  
   409     0.053073     0.457476  
   410     0.052806     0.457542  
   411     0.052554     0.457533  
   412     0.052299     0.457576  
   413     0.052037     0.457556  
   414     0.051781     0.457371  
   415     0.051503     0.457445  
   416     0.051263     0.457355  
   417     0.051010     0.457309  
   418     0.050763     0.457264  
   419     0.050519     0.457191  
   420     0.050268     0.457168  
   421     0.050004     0.457242  
   422     0.049761     0.457300  
   423     0.049525     0.457251  
   424     0.049276     0.457186  
   425     0.049042     0.457067  
   426     0.048805     0.456963  
   427     0.048593     0.456906  
   428     0.048355     0.456740  
   429     0.048121     0.456679  
   430     0.047882     0.456684  
   431     0.047662     0.456719  
   432     0.047447     0.456615  
   433     0.047231     0.456665  
   434     0.046989     0.456521  
   435     0.046755     0.456442  
   436     0.046529     0.456313  
   437     0.046306     0.456340  
   438     0.046092     0.456194  
   439     0.045881     0.456074  
   440     0.045640     0.456010  
   441     0.045432     0.455960  
   442     0.045213     0.455875  
   443     0.044970     0.455717  
   444     0.044773     0.455596  
   445     0.044549     0.455680  
   446     0.044350     0.455696  
   447     0.044146     0.455671  
   448     0.043939     0.455791  
   449     0.043727     0.455717  
   450     0.043518     0.455709  
   451     0.043325     0.455766  
   452     0.043108     0.455570  
   453     0.042895     0.455519  
   454     0.042664     0.455394  
   455     0.042487     0.455451  
   456     0.042279     0.455475  
   457     0.042087     0.455502  
   458     0.041892     0.455568  
   459     0.041686     0.455451  
   460     0.041491     0.455445  
   461     0.041299     0.455456  
   462     0.041088     0.455531  
   463     0.040880     0.455380  
   464     0.040695     0.455402  
   465     0.040505     0.455458  
   466     0.040312     0.455376  
   467     0.040113     0.455273  
   468     0.039913     0.455227  
   469     0.039733     0.455213  
   470     0.039554     0.455114  
   471     0.039359     0.455025  
   472     0.039164     0.454842  
   473     0.038973     0.454769  
   474     0.038783     0.454783  
   475     0.038587     0.454808  
   476     0.038404     0.454600  
   477     0.038216     0.454524  
   478     0.038013     0.454520  
   479     0.037849     0.454388  
   480     0.037693     0.454401  
   481     0.037520     0.454339  
   482     0.037353     0.454339  
   483     0.037170     0.454332  
   484     0.036995     0.454249  
   485     0.036835     0.454225  
   486     0.036656     0.454074  
   487     0.036471     0.453982  
   488     0.036316     0.453943  
   489     0.036148     0.453874  
   490     0.035984     0.453894  
   491     0.035822     0.453866  
   492     0.035637     0.453904  
   493     0.035475     0.453833  
   494     0.035303     0.453760  
   495     0.035144     0.453643  
   496     0.034989     0.453642  
   497     0.034841     0.453605  
   498     0.034691     0.453680  
   499     0.034538     0.453701  
   500     0.034375     0.453844  
   501     0.034216     0.453758  
   502     0.034043     0.453813  
   503     0.033890     0.453690  
   504     0.033729     0.453819  
   505     0.033569     0.453847  
   506     0.033417     0.453871  
   507     0.033263     0.453835  
   508     0.033105     0.453795  
   509     0.032963     0.453754  
   510     0.032806     0.453822  
   511     0.032654     0.453834  
   512     0.032505     0.453768  
   513     0.032354     0.453804  
   514     0.032204     0.453762  
   515     0.032050     0.453690  
   516     0.031898     0.453704  
   517     0.031747     0.453725  
   518     0.031592     0.453632  
   519     0.031441     0.453605  
   520     0.031300     0.453543  
   521     0.031153     0.453548  
   522     0.031015     0.453687  
   523     0.030877     0.453834  
   524     0.030730     0.453779  
   525     0.030580     0.453636  
   526     0.030436     0.453723  
   527     0.030306     0.453679  
   528     0.030173     0.453604  
   529     0.030030     0.453704  
   530     0.029902     0.453641  
   531     0.029769     0.453676  
   532     0.029640     0.453569  
   533     0.029505     0.453536  
   534     0.029369     0.453506  
   535     0.029226     0.453444  
   536     0.029090     0.453301  
   537     0.028957     0.453230  
   538     0.028832     0.453246  
   539     0.028706     0.453259  
   540     0.028564     0.453277  
   541     0.028434     0.453223  
   542     0.028310     0.453223  
   543     0.028193     0.453133  
   544     0.028067     0.453122  
   545     0.027937     0.453127  
   546     0.027818     0.453083  
   547     0.027695     0.453146  
   548     0.027557     0.453168  
   549     0.027451     0.453098  
   550     0.027321     0.453036  
   551     0.027185     0.453037  
   552     0.027042     0.452927  
   553     0.026922     0.452917  
   554     0.026801     0.452816  
   555     0.026679     0.452758  
   556     0.026546     0.452705  
   557     0.026428     0.452729  
   558     0.026310     0.452665  
   559     0.026181     0.452752  
   560     0.026062     0.452714  
   561     0.025938     0.452670  
   562     0.025822     0.452679  
   563     0.025700     0.452727  
   564     0.025576     0.452624  
   565     0.025451     0.452505  
   566     0.025332     0.452476  
   567     0.025216     0.452340  
   568     0.025089     0.452298  
   569     0.024980     0.452338  
   570     0.024861     0.452317  
   571     0.024743     0.452286  
   572     0.024639     0.452234  
   573     0.024537     0.452241  
   574     0.024434     0.452226  
   575     0.024317     0.452213  
   576     0.024210     0.452234  
   577     0.024088     0.452223  
   578     0.023969     0.452338  
   579     0.023866     0.452307  
   580     0.023757     0.452288  
   581     0.023657     0.452367  
   582     0.023542     0.452335  
   583     0.023431     0.452280  
   584     0.023327     0.452309  
   585     0.023213     0.452134  
   586     0.023106     0.452076  
   587     0.023000     0.452065  
   588     0.022904     0.451962  
   589     0.022802     0.451987  
   590     0.022706     0.451943  
   591     0.022612     0.451838  
   592     0.022513     0.451721  
   593     0.022409     0.451788  
   594     0.022298     0.451840  
   595     0.022195     0.451792  
   596     0.022100     0.451794  
   597     0.021998     0.451799  
   598     0.021892     0.451715  
   599     0.021790     0.451722  
   600     0.021695     0.451673  
   601     0.021591     0.451653  
   602     0.021498     0.451556  
   603     0.021399     0.451463  
   604     0.021298     0.451295  
   605     0.021196     0.451195  
   606     0.021085     0.451232  
   607     0.020988     0.451200  
   608     0.020898     0.451164  
   609     0.020790     0.451116  
   610     0.020690     0.451147  
   611     0.020601     0.451127  
   612     0.020508     0.451098  
   613     0.020424     0.451099  
   614     0.020327     0.451106  
   615     0.020230     0.451162  
   616     0.020135     0.451147  
   617     0.020040     0.451203  
   618     0.019952     0.451156  
   619     0.019861     0.451122  
   620     0.019775     0.451027  
   621     0.019676     0.450994  
   622     0.019597     0.451045  
   623     0.019514     0.450962  
   624     0.019423     0.451037  
   625     0.019345     0.451039  
   626     0.019251     0.451129  
   627     0.019165     0.451099  
   628     0.019079     0.451083  
   629     0.018997     0.451167  
   630     0.018910     0.451189  
   631     0.018831     0.451123  
   632     0.018747     0.451144  
   633     0.018658     0.451126  
   634     0.018572     0.451107  
   635     0.018488     0.451137  
   636     0.018406     0.451129  
   637     0.018322     0.451100  
   638     0.018244     0.451167  
   639     0.018164     0.451180  
   640     0.018083     0.451174  
   641     0.018004     0.451199  
   642     0.017924     0.451160  
   643     0.017846     0.451105  
   644     0.017766     0.451136  
   645     0.017689     0.451153  
   646     0.017609     0.451161  
   647     0.017532     0.451163  
   648     0.017443     0.451226  
   649     0.017365     0.451192  
   650     0.017296     0.451206  
   651     0.017221     0.451177  
   652     0.017142     0.451172  
   653     0.017061     0.451118  
   654     0.016985     0.451092  
   655     0.016903     0.450971  
   656     0.016835     0.450941  
   657     0.016762     0.450927  
   658     0.016692     0.450958  
   659     0.016612     0.450930  
   660     0.016536     0.450854  
   661     0.016459     0.450839  
   662     0.016389     0.450788  
   663     0.016315     0.450765  
   664     0.016242     0.450703  
   665     0.016172     0.450614  
   666     0.016096     0.450621  
   667     0.016018     0.450659  
   668     0.015951     0.450632  
   669     0.015882     0.450541  
   670     0.015809     0.450472  
   671     0.015747     0.450469  
   672     0.015674     0.450494  
   673     0.015605     0.450473  
   674     0.015535     0.450489  
   675     0.015474     0.450497  
   676     0.015407     0.450432  
   677     0.015344     0.450444  
   678     0.015272     0.450415  
   679     0.015206     0.450398  
   680     0.015134     0.450376  
   681     0.015071     0.450327  
   682     0.014994     0.450333  
   683     0.014925     0.450377  
   684     0.014859     0.450358  
   685     0.014790     0.450384  
   686     0.014725     0.450380  
   687     0.014655     0.450359  
   688     0.014585     0.450343  
   689     0.014521     0.450325  
   690     0.014449     0.450306  
   691     0.014375     0.450204  
   692     0.014310     0.450178  
   693     0.014250     0.450256  
   694     0.014185     0.450275  
   695     0.014119     0.450333  
   696     0.014058     0.450350  
   697     0.013997     0.450364  
   698     0.013932     0.450377  
   699     0.013873     0.450323  
   700     0.013817     0.450294  
   701     0.013758     0.450264  
   702     0.013697     0.450321  
   703     0.013632     0.450284  
   704     0.013569     0.450254  
   705     0.013513     0.450197  
   706     0.013457     0.450084  
   707     0.013396     0.450072  
   708     0.013338     0.450070  
   709     0.013278     0.450075  
   710     0.013223     0.450075  
   711     0.013164     0.450117  
   712     0.013106     0.450016  
   713     0.013039     0.450013  
   714     0.012976     0.450035  
   715     0.012917     0.449933  
   716     0.012861     0.449958  
   717     0.012812     0.449967  
   718     0.012760     0.449879  
   719     0.012700     0.449856  
   720     0.012640     0.449811  
   721     0.012582     0.449740  
   722     0.012530     0.449712  
   723     0.012472     0.449726  
   724     0.012417     0.449739  
   725     0.012365     0.449761  
   726     0.012310     0.449686  
   727     0.012252     0.449619  
   728     0.012197     0.449575  
   729     0.012144     0.449572  
   730     0.012087     0.449572  
   731     0.012029     0.449569  
   732     0.011975     0.449479  
   733     0.011919     0.449548  
   734     0.011862     0.449541  
   735     0.011809     0.449495  
   736     0.011759     0.449458  
   737     0.011706     0.449440  
   738     0.011659     0.449494  
   739     0.011605     0.449537  
   740     0.011555     0.449572  
   741     0.011496     0.449544  
   742     0.011446     0.449484  
   743     0.011398     0.449503  
   744     0.011344     0.449472  
   745     0.011293     0.449474  
   746     0.011241     0.449525  
   747     0.011193     0.449494  
   748     0.011140     0.449387  
   749     0.011096     0.449322  
   750     0.011050     0.449251  
   751     0.011001     0.449174  
   752     0.010959     0.449211  
   753     0.010908     0.449220  
   754     0.010860     0.449157  
   755     0.010813     0.449151  
   756     0.010764     0.449144  
   757     0.010718     0.449137  
   758     0.010670     0.449139  
   759     0.010626     0.449107  
   760     0.010574     0.449147  
   761     0.010524     0.449117  
   762     0.010478     0.449109  
   763     0.010432     0.449051  
   764     0.010384     0.449062  
   765     0.010339     0.449070  
   766     0.010297     0.449088  
   767     0.010249     0.449050  
   768     0.010204     0.449057  
   769     0.010157     0.448981  
   770     0.010114     0.448985  
   771     0.010072     0.448991  
   772     0.010033     0.448994  
   773     0.009992     0.448985  
   774     0.009945     0.448952  
   775     0.009904     0.448911  
   776     0.009862     0.448891  
   777     0.009818     0.448805  
   778     0.009781     0.448774  
   779     0.009735     0.448839  
   780     0.009694     0.448826  
   781     0.009648     0.448807  
   782     0.009609     0.448816  
   783     0.009567     0.448787  
   784     0.009525     0.448812  
   785     0.009487     0.448822  
   786     0.009444     0.448796  
   787     0.009401     0.448859  
   788     0.009363     0.448877  
   789     0.009323     0.448851  
   790     0.009282     0.448829  
   791     0.009238     0.448822  
   792     0.009197     0.448813  
   793     0.009154     0.448746  
   794     0.009112     0.448748  
   795     0.009072     0.448745  
   796     0.009035     0.448771  
   797     0.008997     0.448748  
   798     0.008959     0.448724  
   799     0.008923     0.448663  
   800     0.008885     0.448692  
   801     0.008848     0.448734  
   802     0.008812     0.448838  
   803     0.008780     0.448798  
   804     0.008740     0.448760  
   805     0.008702     0.448793  
   806     0.008668     0.448734  
   807     0.008630     0.448739  
   808     0.008597     0.448736  
   809     0.008559     0.448716  
   810     0.008523     0.448733  
   811     0.008488     0.448655  
   812     0.008452     0.448664  
   813     0.008416     0.448665  
   814     0.008381     0.448674  
   815     0.008346     0.448623  
   816     0.008312     0.448627  
   817     0.008275     0.448601  
   818     0.008240     0.448601  
   819     0.008204     0.448548  
   820     0.008169     0.448514  
   821     0.008134     0.448517  
   822     0.008100     0.448508  
   823     0.008064     0.448442  
   824     0.008031     0.448399  
   825     0.007996     0.448373  
   826     0.007957     0.448380  
   827     0.007925     0.448405  
   828     0.007889     0.448411  
   829     0.007855     0.448465  
   830     0.007821     0.448477  
   831     0.007784     0.448450  
   832     0.007753     0.448437  
   833     0.007720     0.448435  
   834     0.007685     0.448382  
   835     0.007651     0.448383  
   836     0.007619     0.448324  
   837     0.007587     0.448321  
   838     0.007558     0.448353  
   839     0.007525     0.448286  
   840     0.007492     0.448295  
   841     0.007456     0.448258  
   842     0.007419     0.448308  
   843     0.007385     0.448194  
   844     0.007356     0.448222  
   845     0.007322     0.448245  
   846     0.007291     0.448226  
   847     0.007259     0.448235  
   848     0.007227     0.448266  
   849     0.007199     0.448250  
   850     0.007164     0.448213  
   851     0.007134     0.448217  
   852     0.007101     0.448218  
   853     0.007071     0.448218  
   854     0.007038     0.448192  
   855     0.007010     0.448219  
   856     0.006979     0.448255  
   857     0.006953     0.448251  
   858     0.006922     0.448250  
   859     0.006894     0.448242  
   860     0.006863     0.448247  
   861     0.006834     0.448217  
   862     0.006806     0.448216  
   863     0.006777     0.448175  
   864     0.006747     0.448139  
   865     0.006716     0.448140  
   866     0.006686     0.448115  
   867     0.006653     0.448011  
   868     0.006627     0.448010  
   869     0.006594     0.448045  
   870     0.006565     0.448056  
   871     0.006538     0.448049  
   872     0.006511     0.447980  
   873     0.006484     0.448031  
   874     0.006456     0.448041  
   875     0.006429     0.448004  
   876     0.006405     0.448038  
   877     0.006378     0.448055  
   878     0.006348     0.448007  
   879     0.006321     0.447980  
   880     0.006295     0.447956  
   881     0.006268     0.447953  
   882     0.006242     0.447906  
   883     0.006216     0.447922  
   884     0.006189     0.447923  
   885     0.006161     0.447908  
   886     0.006133     0.447900  
   887     0.006103     0.447882  
   888     0.006078     0.447860  
   889     0.006056     0.447834  
   890     0.006030     0.447815  
   891     0.006006     0.447787  
   892     0.005978     0.447812  
   893     0.005955     0.447820  
   894     0.005930     0.447798  
   895     0.005903     0.447788  
   896     0.005880     0.447750  
   897     0.005857     0.447784  
   898     0.005833     0.447785  
   899     0.005806     0.447806  
   900     0.005783     0.447800  
   901     0.005760     0.447814  
   902     0.005732     0.447813  
   903     0.005706     0.447841  
   904     0.005686     0.447841  
   905     0.005665     0.447840  
   906     0.005641     0.447852  
   907     0.005617     0.447893  
   908     0.005593     0.447898  
   909     0.005572     0.447819  
   910     0.005544     0.447791  
   911     0.005522     0.447754  
   912     0.005498     0.447742  
   913     0.005477     0.447722  
   914     0.005453     0.447751  
   915     0.005428     0.447716  
   916     0.005404     0.447698  
   917     0.005381     0.447693  
   918     0.005360     0.447657  
   919     0.005337     0.447666  
   920     0.005315     0.447682  
   921     0.005291     0.447686  
   922     0.005266     0.447649  
   923     0.005245     0.447650  
   924     0.005225     0.447621  
   925     0.005204     0.447636  
   926     0.005183     0.447677  
   927     0.005162     0.447668  
   928     0.005140     0.447696  
   929     0.005119     0.447663  
   930     0.005096     0.447685  
   931     0.005077     0.447717  
   932     0.005056     0.447680  
   933     0.005033     0.447705  
   934     0.005011     0.447696  
   935     0.004993     0.447679  
   936     0.004972     0.447710  
   937     0.004952     0.447688  
   938     0.004932     0.447679  
   939     0.004912     0.447636  
   940     0.004891     0.447657  
   941     0.004870     0.447691  
   942     0.004852     0.447700  
   943     0.004833     0.447699  
   944     0.004811     0.447733  
   945     0.004791     0.447715  
   946     0.004770     0.447720  
   947     0.004752     0.447689  
   948     0.004733     0.447704  
   949     0.004713     0.447697  
   950     0.004693     0.447678  
   951     0.004673     0.447615  
   952     0.004652     0.447608  
   953     0.004634     0.447630  
   954     0.004616     0.447603  
   955     0.004597     0.447609  
   956     0.004579     0.447637  
   957     0.004561     0.447640  
   958     0.004541     0.447573  
   959     0.004519     0.447576  
   960     0.004502     0.447536  
   961     0.004483     0.447551  
   962     0.004462     0.447528  
   963     0.004444     0.447525  
   964     0.004426     0.447524  
   965     0.004408     0.447528  
   966     0.004389     0.447521  
   967     0.004368     0.447521  
   968     0.004352     0.447528  
   969     0.004335     0.447499  
   970     0.004317     0.447481  
   971     0.004298     0.447434  
   972     0.004280     0.447434  
   973     0.004264     0.447425  
   974     0.004247     0.447408  
   975     0.004230     0.447406  
   976     0.004212     0.447399  
   977     0.004195     0.447394  
   978     0.004179     0.447398  
   979     0.004162     0.447390  
   980     0.004144     0.447383  
   981     0.004128     0.447388  
   982     0.004110     0.447369  
   983     0.004093     0.447334  
   984     0.004074     0.447361  
   985     0.004056     0.447359  
   986     0.004038     0.447359  
   987     0.004021     0.447351  
   988     0.004004     0.447347  
   989     0.003987     0.447363  
   990     0.003971     0.447348  
   991     0.003957     0.447353  
   992     0.003942     0.447333  
   993     0.003926     0.447321  
   994     0.003910     0.447303  
   995     0.003895     0.447292  
   996     0.003878     0.447278  
   997     0.003863     0.447288  
   998     0.003846     0.447302  
   999     0.003829     0.447301  
  1000     0.003812     0.447277  
  1001     0.003795     0.447242  
  1002     0.003777     0.447245  
  1003     0.003761     0.447243  
  1004     0.003745     0.447213  
  1005     0.003727     0.447218  
  1006     0.003711     0.447193  
  1007     0.003696     0.447173  
  1008     0.003679     0.447146  
  1009     0.003665     0.447143  
  1010     0.003649     0.447114  
  1011     0.003632     0.447106  
  1012     0.003618     0.447079  
  1013     0.003602     0.447069  
  1014     0.003586     0.447078  
  1015     0.003570     0.447077  
  1016     0.003555     0.447080  
  1017     0.003540     0.447073  
  1018     0.003524     0.447069  
  1019     0.003508     0.447089  
  1020     0.003492     0.447042  
  1021     0.003478     0.447039  
  1022     0.003465     0.447054  
  1023     0.003451     0.447033  
  1024     0.003438     0.447023  
  1025     0.003424     0.447054  
  1026     0.003409     0.447012  
  1027     0.003396     0.447014  
  1028     0.003380     0.446988  
  1029     0.003365     0.446952  
  1030     0.003350     0.446927  
  1031     0.003336     0.446915  
  1032     0.003322     0.446946  
  1033     0.003309     0.446966  
  1034     0.003296     0.446945  
  1035     0.003281     0.446927  
  1036     0.003268     0.446915  
  1037     0.003253     0.446902  
  1038     0.003239     0.446861  
  1039     0.003225     0.446843  
  1040     0.003212     0.446830  
  1041     0.003198     0.446826  
  1042     0.003185     0.446870  
  1043     0.003171     0.446865  
  1044     0.003159     0.446852  
  1045     0.003147     0.446843  
  1046     0.003135     0.446822  
  1047     0.003121     0.446797  
  1048     0.003108     0.446784  
  1049     0.003096     0.446782  
  1050     0.003084     0.446768  
  1051     0.003073     0.446786  
  1052     0.003059     0.446791  
  1053     0.003046     0.446789  
  1054     0.003034     0.446796  
  1055     0.003021     0.446767  
  1056     0.003007     0.446777  
  1057     0.002996     0.446776  
  1058     0.002982     0.446757  
  1059     0.002970     0.446767  
  1060     0.002958     0.446749  
  1061     0.002947     0.446746  
  1062     0.002935     0.446753  
  1063     0.002923     0.446758  
  1064     0.002910     0.446762  
  1065     0.002897     0.446746  
  1066     0.002885     0.446736  
  1067     0.002873     0.446722  
  1068     0.002861     0.446722  
  1069     0.002850     0.446738  
  1070     0.002838     0.446736  
  1071     0.002826     0.446713  
  1072     0.002814     0.446705  
  1073     0.002803     0.446724  
  1074     0.002792     0.446706  
  1075     0.002781     0.446644  
  1076     0.002769     0.446654  
  1077     0.002756     0.446676  
  1078     0.002746     0.446678  
  1079     0.002735     0.446672  
  1080     0.002724     0.446701  
  1081     0.002714     0.446708  
  1082     0.002703     0.446701  
  1083     0.002692     0.446703  
  1084     0.002681     0.446724  
  1085     0.002670     0.446723  
  1086     0.002659     0.446689  
  1087     0.002646     0.446683  
  1088     0.002637     0.446676  
  1089     0.002626     0.446663  
  1090     0.002614     0.446636  
  1091     0.002604     0.446636  
  1092     0.002593     0.446647  
  1093     0.002581     0.446627  
  1094     0.002569     0.446633  
  1095     0.002559     0.446632  
  1096     0.002548     0.446606  
  1097     0.002538     0.446613  
  1098     0.002527     0.446611  
  1099     0.002517     0.446628  
  1100     0.002507     0.446658  
  1101     0.002496     0.446635  
  1102     0.002485     0.446633  
  1103     0.002474     0.446592  
  1104     0.002464     0.446570  
  1105     0.002454     0.446590  
  1106     0.002444     0.446611  
  1107     0.002435     0.446634  
  1108     0.002424     0.446625  
  1109     0.002414     0.446625  
  1110     0.002405     0.446634  
  1111     0.002394     0.446659  
  1112     0.002384     0.446646  
  1113     0.002374     0.446642  
  1114     0.002365     0.446627  
  1115     0.002357     0.446632  
  1116     0.002346     0.446613  
  1117     0.002334     0.446618  
  1118     0.002324     0.446611  
  1119     0.002314     0.446630  
  1120     0.002305     0.446615  
  1121     0.002295     0.446618  
  1122     0.002287     0.446616  
  1123     0.002276     0.446600  
  1124     0.002268     0.446573  
  1125     0.002258     0.446561  
  1126     0.002249     0.446554  
  1127     0.002240     0.446552  
  1128     0.002231     0.446552  
  1129     0.002221     0.446533  
  1130     0.002213     0.446523  
  1131     0.002205     0.446544  
  1132     0.002195     0.446508  
  1133     0.002187     0.446487  
  1134     0.002178     0.446500  
  1135     0.002169     0.446483  
  1136     0.002160     0.446477  
  1137     0.002151     0.446465  
  1138     0.002142     0.446462  
  1139     0.002134     0.446474  
  1140     0.002125     0.446465  
  1141     0.002115     0.446472  
  1142     0.002106     0.446461  
  1143     0.002097     0.446447  
  1144     0.002088     0.446472  
  1145     0.002080     0.446470  
  1146     0.002071     0.446476  
  1147     0.002063     0.446489  
  1148     0.002055     0.446485  
  1149     0.002047     0.446457  
  1150     0.002038     0.446466  
  1151     0.002030     0.446481  
  1152     0.002021     0.446465  
  1153     0.002014     0.446463  
  1154     0.002005     0.446434  
  1155     0.001997     0.446408  
  1156     0.001989     0.446380  
  1157     0.001980     0.446391  
  1158     0.001971     0.446411  
  1159     0.001963     0.446389  
  1160     0.001956     0.446347  
  1161     0.001948     0.446340  
  1162     0.001940     0.446315  
  1163     0.001932     0.446324  
  1164     0.001924     0.446350  
  1165     0.001916     0.446358  
  1166     0.001908     0.446347  
  1167     0.001900     0.446345  
  1168     0.001892     0.446363  
  1169     0.001884     0.446364  
  1170     0.001877     0.446376  
  1171     0.001869     0.446357  
  1172     0.001862     0.446351  
  1173     0.001855     0.446326  
  1174     0.001847     0.446306  
  1175     0.001839     0.446312  
  1176     0.001831     0.446305  
  1177     0.001822     0.446328  
  1178     0.001815     0.446332  
  1179     0.001808     0.446314  
  1180     0.001801     0.446319  
  1181     0.001794     0.446314  
  1182     0.001787     0.446315  
  1183     0.001780     0.446308  
  1184     0.001772     0.446291  
  1185     0.001766     0.446293  
  1186     0.001759     0.446291  
  1187     0.001751     0.446252  
  1188     0.001743     0.446275  
  1189     0.001737     0.446261  
  1190     0.001728     0.446250  
  1191     0.001721     0.446252  
  1192     0.001714     0.446270  
  1193     0.001707     0.446259  
  1194     0.001701     0.446239  
  1195     0.001694     0.446229  
  1196     0.001687     0.446255  
  1197     0.001679     0.446275  
  1198     0.001673     0.446253  
  1199     0.001665     0.446243  
  1200     0.001658     0.446217  
  1201     0.001651     0.446228  
  1202     0.001645     0.446240  
  1203     0.001638     0.446234  
  1204     0.001631     0.446207  
  1205     0.001624     0.446205  
  1206     0.001617     0.446218  
  1207     0.001611     0.446209  
  1208     0.001604     0.446203  
  1209     0.001597     0.446178  
  1210     0.001590     0.446192  
  1211     0.001582     0.446185  
  1212     0.001575     0.446181  
  1213     0.001569     0.446158  
  1214     0.001562     0.446172  
  1215     0.001556     0.446168  
  1216     0.001548     0.446165  
  1217     0.001541     0.446152  
  1218     0.001534     0.446139  
  1219     0.001526     0.446131  
  1220     0.001520     0.446143  
  1221     0.001514     0.446129  
  1222     0.001508     0.446112  
  1223     0.001501     0.446075  
  1224     0.001495     0.446072  
  1225     0.001488     0.446075  
  1226     0.001483     0.446052  
  1227     0.001476     0.446026  
  1228     0.001471     0.446009  
  1229     0.001465     0.446001  
  1230     0.001458     0.445986  
  1231     0.001453     0.445998  
  1232     0.001446     0.445982  
  1233     0.001440     0.445985  
  1234     0.001433     0.446007  
  1235     0.001428     0.446015  
  1236     0.001422     0.445993  
  1237     0.001416     0.446015  
  1238     0.001410     0.446007  
  1239     0.001404     0.446017  
  1240     0.001397     0.445995  
  1241     0.001392     0.445982  
  1242     0.001385     0.445960  
  1243     0.001380     0.445967  
  1244     0.001374     0.445989  
  1245     0.001369     0.445972  
  1246     0.001363     0.445990  
  1247     0.001357     0.446004  
  1248     0.001351     0.445988  
  1249     0.001346     0.445976  
  1250     0.001341     0.445987  
  1251     0.001335     0.445948  
  1252     0.001330     0.445934  
  1253     0.001325     0.445913  
  1254     0.001319     0.445909  
  1255     0.001313     0.445894  
  1256     0.001308     0.445897  
  1257     0.001302     0.445889  
  1258     0.001297     0.445880  
  1259     0.001292     0.445882  
  1260     0.001286     0.445887  
  1261     0.001281     0.445893  
  1262     0.001275     0.445895  
  1263     0.001269     0.445894  
  1264     0.001264     0.445898  
  1265     0.001259     0.445904  
  1266     0.001253     0.445882  
  1267     0.001248     0.445879  
  1268     0.001243     0.445887  
  1269     0.001238     0.445886  
  1270     0.001233     0.445865  
  1271     0.001228     0.445870  
  1272     0.001223     0.445874  
  1273     0.001218     0.445882  
  1274     0.001213     0.445878  
  1275     0.001208     0.445881  
  1276     0.001204     0.445864  
  1277     0.001199     0.445856  
  1278     0.001195     0.445856  
  1279     0.001190     0.445856  
  1280     0.001185     0.445867  
  1281     0.001181     0.445877  
  1282     0.001175     0.445887  
  1283     0.001170     0.445878  
  1284     0.001166     0.445873  
  1285     0.001161     0.445871  
  1286     0.001156     0.445858  
  1287     0.001152     0.445877  
  1288     0.001148     0.445874  
  1289     0.001143     0.445862  
  1290     0.001139     0.445852  
  1291     0.001135     0.445854  
  1292     0.001130     0.445850  
  1293     0.001125     0.445830  
  1294     0.001121     0.445827  
  1295     0.001116     0.445826  
  1296     0.001112     0.445811  
  1297     0.001107     0.445790  
  1298     0.001103     0.445806  
  1299     0.001098     0.445819  
  1300     0.001094     0.445808  
  1301     0.001090     0.445809  
  1302     0.001086     0.445796  
  1303     0.001082     0.445796  
  1304     0.001077     0.445784  
  1305     0.001072     0.445783  
  1306     0.001068     0.445787  
  1307     0.001063     0.445780  
  1308     0.001058     0.445765  
  1309     0.001054     0.445748  
  1310     0.001050     0.445748  
  1311     0.001045     0.445760  
  1312     0.001041     0.445743  
  1313     0.001037     0.445748  
  1314     0.001033     0.445753  
  1315     0.001029     0.445762  
  1316     0.001025     0.445762  
  1317     0.001020     0.445772  
  1318     0.001016     0.445779  
  1319     0.001013     0.445767  
  1320     0.001009     0.445783  
  1321     0.001005     0.445778  
  1322     0.001001     0.445772  
  1323     0.000997     0.445766  
  1324     0.000993     0.445763  
  1325     0.000989     0.445741  
  1326     0.000985     0.445728  
  1327     0.000981     0.445732  
  1328     0.000977     0.445708  
  1329     0.000973     0.445720  
  1330     0.000969     0.445723  
  1331     0.000965     0.445705  
  1332     0.000961     0.445698  
  1333     0.000957     0.445701  
  1334     0.000953     0.445686  
  1335     0.000949     0.445691  
  1336     0.000945     0.445693  
  1337     0.000942     0.445699  
  1338     0.000937     0.445675  
  1339     0.000934     0.445665  * best
  1340     0.000930     0.445665  
  1341     0.000926     0.445681  
  1342     0.000923     0.445679  
  1343     0.000919     0.445693  
  1344     0.000915     0.445699  
  1345     0.000911     0.445698  
  1346     0.000907     0.445706  
  1347     0.000903     0.445705  
  1348     0.000899     0.445713  
  1349     0.000895     0.445709  
  1350     0.000891     0.445696  
  1351     0.000888     0.445701  
  1352     0.000884     0.445697  
  1353     0.000880     0.445710  
  1354     0.000877     0.445712  
  1355     0.000873     0.445726  
  1356     0.000869     0.445715  
  1357     0.000866     0.445712  
  1358     0.000862     0.445713  
  1359     0.000858     0.445697  
  1360     0.000855     0.445687  
  1361     0.000851     0.445688  
  1362     0.000847     0.445682  
  1363     0.000844     0.445689  
  1364     0.000841     0.445684  
  1365     0.000837     0.445686  
  1366     0.000834     0.445679  
  1367     0.000831     0.445667  
  1368     0.000827     0.445669  
  1369     0.000823     0.445681  
  1370     0.000820     0.445667  
  1371     0.000817     0.445692  
  1372     0.000813     0.445698  
  1373     0.000810     0.445705  
  1374     0.000807     0.445720  
  1375     0.000804     0.445727  
  1376     0.000800     0.445744  
  1377     0.000797     0.445747  
  1378     0.000794     0.445749  
  1379     0.000791     0.445729  
  1380     0.000787     0.445731  
  1381     0.000784     0.445746  
  1382     0.000781     0.445747  
  1383     0.000778     0.445741  
  1384     0.000775     0.445713  
  1385     0.000771     0.445698  
  1386     0.000768     0.445707  
  1387     0.000764     0.445709  
  1388     0.000762     0.445713  
  1389     0.000758     0.445721  
  1390     0.000755     0.445725  
  1391     0.000752     0.445739  
  1392     0.000749     0.445767  
  1393     0.000746     0.445768  
  1394     0.000743     0.445773  
  1395     0.000740     0.445783  
  1396     0.000737     0.445796  
  1397     0.000734     0.445791  
  1398     0.000730     0.445771  
  1399     0.000727     0.445800  
  1400     0.000724     0.445790  
  1401     0.000721     0.445783  
  1402     0.000718     0.445782  
  1403     0.000715     0.445786  
  1404     0.000712     0.445801  
  1405     0.000709     0.445788  
  1406     0.000707     0.445789  
  1407     0.000704     0.445777  
  1408     0.000701     0.445780  
  1409     0.000698     0.445774  
  1410     0.000695     0.445776  
  1411     0.000693     0.445779  
  1412     0.000690     0.445770  
  1413     0.000687     0.445762  
  1414     0.000685     0.445763  
  1415     0.000682     0.445749  
  1416     0.000679     0.445731  
  1417     0.000676     0.445736  
  1418     0.000673     0.445739  
  1419     0.000671     0.445748  
  1420     0.000668     0.445748  
  1421     0.000665     0.445741  
  1422     0.000662     0.445756  
  1423     0.000660     0.445750  
  1424     0.000658     0.445753  
  1425     0.000655     0.445739  
  1426     0.000652     0.445737  
  1427     0.000650     0.445717  
  1428     0.000647     0.445720  
  1429     0.000645     0.445726  
  1430     0.000643     0.445744  
  1431     0.000640     0.445749  
  1432     0.000637     0.445755  
  1433     0.000635     0.445746  
  1434     0.000632     0.445752  
  1435     0.000630     0.445761  
  1436     0.000627     0.445765  
  1437     0.000625     0.445771  
  1438     0.000622     0.445774  
  1439     0.000620     0.445764  
# best iteration 1339 (val l2 0.445665)
# Spearman  train +0.9948  val +0.7518  test +0.7429
