# gbm_boltz+node+energy seed 1
# boosted trees on boltz+node+energy
# inputs 13497, 973 trees
# LightGBM gradient-boosted trees, objective l2, lr 0.05, num_leaves 31, min_data_in_leaf 20, feature_fraction 0.3, bagging 0.8, lambda_l2 1.0, up to 3000 rounds, early stopping 100 on validation l2
# loss = l2 on standardised log10 half-life
#
 round        train          val  note
     1     0.963432     0.974071  
     2     0.929803     0.943286  
     3     0.899590     0.918149  
     4     0.870234     0.891766  
     5     0.843252     0.868303  
     6     0.818354     0.846301  
     7     0.795218     0.824483  
     8     0.773297     0.805961  
     9     0.752192     0.786905  
    10     0.732162     0.769341  
    11     0.714000     0.754926  
    12     0.697373     0.740818  
    13     0.681434     0.727197  
    14     0.666613     0.715417  
    15     0.651766     0.704166  
    16     0.638834     0.693763  
    17     0.625561     0.682562  
    18     0.612778     0.671798  
    19     0.600455     0.662267  
    20     0.589582     0.653355  
    21     0.579396     0.645356  
    22     0.569553     0.638188  
    23     0.560748     0.631250  
    24     0.551275     0.624491  
    25     0.541732     0.617033  
    26     0.533338     0.610617  
    27     0.524160     0.603285  
    28     0.517098     0.598131  
    29     0.509625     0.592715  
    30     0.502868     0.588522  
    31     0.496259     0.584016  
    32     0.489677     0.580247  
    33     0.483867     0.576298  
    34     0.477043     0.570899  
    35     0.471171     0.568055  
    36     0.465580     0.564605  
    37     0.460486     0.561137  
    38     0.454716     0.557938  
    39     0.449373     0.555302  
    40     0.444836     0.552913  
    41     0.439768     0.549847  
    42     0.434836     0.546125  
    43     0.430236     0.542683  
    44     0.425823     0.540264  
    45     0.421311     0.536976  
    46     0.417033     0.534564  
    47     0.412571     0.532261  
    48     0.408713     0.530328  
    49     0.404600     0.528046  
    50     0.400479     0.526139  
    51     0.396596     0.524347  
    52     0.392628     0.522013  
    53     0.388865     0.520571  
    54     0.385560     0.519054  
    55     0.381752     0.516575  
    56     0.378464     0.515131  
    57     0.374955     0.513502  
    58     0.371870     0.512722  
    59     0.368874     0.511546  
    60     0.365901     0.510296  
    61     0.362964     0.509607  
    62     0.360036     0.507782  
    63     0.356934     0.505752  
    64     0.353741     0.503260  
    65     0.350775     0.502141  
    66     0.347801     0.500683  
    67     0.344764     0.499354  
    68     0.342204     0.497894  
    69     0.339367     0.496652  
    70     0.336633     0.495233  
    71     0.334091     0.494222  
    72     0.331635     0.493141  
    73     0.329157     0.491848  
    74     0.326672     0.490619  
    75     0.323933     0.489272  
    76     0.321624     0.488501  
    77     0.319414     0.487988  
    78     0.316949     0.486882  
    79     0.314384     0.485708  
    80     0.312092     0.485095  
    81     0.309876     0.484348  
    82     0.307439     0.483266  
    83     0.305221     0.482197  
    84     0.303017     0.481004  
    85     0.300839     0.480107  
    86     0.298618     0.479107  
    87     0.296233     0.478221  
    88     0.294109     0.477606  
    89     0.292182     0.477052  
    90     0.290172     0.476404  
    91     0.288100     0.475548  
    92     0.285976     0.474438  
    93     0.283849     0.473988  
    94     0.281813     0.473529  
    95     0.279906     0.472845  
    96     0.278003     0.472183  
    97     0.275981     0.471455  
    98     0.273939     0.470847  
    99     0.272094     0.470219  
   100     0.270279     0.469789  
   101     0.268441     0.469294  
   102     0.266656     0.468651  
   103     0.264962     0.467988  
   104     0.263292     0.467694  
   105     0.261698     0.467246  
   106     0.259982     0.466772  
   107     0.258195     0.466087  
   108     0.256574     0.465306  
   109     0.254922     0.464598  
   110     0.253278     0.463926  
   111     0.251528     0.463229  
   112     0.249826     0.462259  
   113     0.248222     0.461951  
   114     0.246622     0.461651  
   115     0.245139     0.461199  
   116     0.243611     0.460553  
   117     0.241960     0.460394  
   118     0.240416     0.459892  
   119     0.238683     0.459296  
   120     0.237151     0.458939  
   121     0.235557     0.458094  
   122     0.234101     0.457334  
   123     0.232661     0.456798  
   124     0.231177     0.456330  
   125     0.229687     0.455997  
   126     0.228354     0.455893  
   127     0.226977     0.455574  
   128     0.225398     0.454883  
   129     0.224012     0.454278  
   130     0.222707     0.454022  
   131     0.221378     0.453572  
   132     0.219957     0.452839  
   133     0.218562     0.452501  
   134     0.217136     0.452032  
   135     0.215833     0.451654  
   136     0.214495     0.451313  
   137     0.213225     0.451195  
   138     0.211924     0.451300  
   139     0.210563     0.450743  
   140     0.209272     0.449882  
   141     0.207987     0.449214  
   142     0.206736     0.448961  
   143     0.205464     0.448408  
   144     0.204198     0.447963  
   145     0.203003     0.447650  
   146     0.201758     0.447225  
   147     0.200552     0.446727  
   148     0.199314     0.446357  
   149     0.198098     0.446316  
   150     0.196950     0.446113  
   151     0.195739     0.445756  
   152     0.194585     0.445455  
   153     0.193395     0.445028  
   154     0.192262     0.444835  
   155     0.191188     0.444310  
   156     0.189952     0.444066  
   157     0.188760     0.443336  
   158     0.187687     0.442816  
   159     0.186625     0.442852  
   160     0.185560     0.442475  
   161     0.184516     0.442174  
   162     0.183453     0.441846  
   163     0.182482     0.441708  
   164     0.181432     0.441500  
   165     0.180397     0.441199  
   166     0.179354     0.440952  
   167     0.178226     0.440117  
   168     0.177180     0.440132  
   169     0.176187     0.439718  
   170     0.175174     0.439234  
   171     0.174195     0.439139  
   172     0.173218     0.439066  
   173     0.172183     0.438627  
   174     0.171208     0.438250  
   175     0.170151     0.438200  
   176     0.169192     0.437768  
   177     0.168210     0.437700  
   178     0.167306     0.437271  
   179     0.166293     0.436764  
   180     0.165322     0.436855  
   181     0.164374     0.436608  
   182     0.163464     0.436490  
   183     0.162521     0.436346  
   184     0.161534     0.435729  
   185     0.160668     0.435417  
   186     0.159718     0.435004  
   187     0.158804     0.434739  
   188     0.157964     0.434453  
   189     0.157080     0.434432  
   190     0.156213     0.434249  
   191     0.155303     0.434073  
   192     0.154410     0.433983  
   193     0.153582     0.433571  
   194     0.152673     0.433512  
   195     0.151855     0.433264  
   196     0.150964     0.433234  
   197     0.150197     0.432940  
   198     0.149404     0.433121  
   199     0.148597     0.432856  
   200     0.147791     0.432416  
   201     0.146964     0.432402  
   202     0.146255     0.432179  
   203     0.145380     0.431796  
   204     0.144617     0.431742  
   205     0.143894     0.431576  
   206     0.143130     0.431500  
   207     0.142368     0.431276  
   208     0.141625     0.431335  
   209     0.140832     0.431115  
   210     0.140071     0.430966  
   211     0.139331     0.430439  
   212     0.138516     0.430308  
   213     0.137751     0.430171  
   214     0.137070     0.429886  
   215     0.136369     0.429756  
   216     0.135611     0.429624  
   217     0.134945     0.429378  
   218     0.134170     0.429161  
   219     0.133429     0.428977  
   220     0.132698     0.428691  
   221     0.131989     0.428484  
   222     0.131236     0.428305  
   223     0.130553     0.428192  
   224     0.129801     0.427771  
   225     0.129085     0.427739  
   226     0.128437     0.427976  
   227     0.127775     0.427925  
   228     0.127095     0.427776  
   229     0.126417     0.427683  
   230     0.125737     0.427486  
   231     0.125061     0.427156  
   232     0.124362     0.426886  
   233     0.123745     0.426823  
   234     0.123097     0.426779  
   235     0.122411     0.426510  
   236     0.121755     0.426450  
   237     0.121155     0.426624  
   238     0.120584     0.426555  
   239     0.120002     0.426341  
   240     0.119396     0.426345  
   241     0.118782     0.426139  
   242     0.118161     0.425894  
   243     0.117551     0.426003  
   244     0.116897     0.425873  
   245     0.116264     0.425609  
   246     0.115636     0.425452  
   247     0.115050     0.425215  
   248     0.114459     0.425034  
   249     0.113888     0.424789  
   250     0.113326     0.424596  
   251     0.112691     0.424738  
   252     0.112055     0.424387  
   253     0.111519     0.424205  
   254     0.110866     0.424009  
   255     0.110246     0.423694  
   256     0.109694     0.423559  
   257     0.109127     0.423457  
   258     0.108620     0.423703  
   259     0.108029     0.423252  
   260     0.107417     0.423075  
   261     0.106903     0.422901  
   262     0.106358     0.422890  
   263     0.105782     0.422872  
   264     0.105237     0.422716  
   265     0.104640     0.422248  
   266     0.104122     0.422208  
   267     0.103608     0.422161  
   268     0.103071     0.421858  
   269     0.102549     0.421877  
   270     0.102002     0.421768  
   271     0.101463     0.421556  
   272     0.100932     0.421346  
   273     0.100403     0.421365  
   274     0.099884     0.421206  
   275     0.099403     0.421154  
   276     0.098903     0.420969  
   277     0.098358     0.420608  
   278     0.097891     0.420372  
   279     0.097340     0.420357  
   280     0.096813     0.420504  
   281     0.096288     0.420198  
   282     0.095791     0.420000  
   283     0.095312     0.419957  
   284     0.094804     0.419978  
   285     0.094300     0.419808  
   286     0.093772     0.419552  
   287     0.093330     0.419266  
   288     0.092862     0.418893  
   289     0.092353     0.419016  
   290     0.091874     0.419051  
   291     0.091418     0.419063  
   292     0.090938     0.419023  
   293     0.090547     0.419043  
   294     0.090087     0.418938  
   295     0.089629     0.418898  
   296     0.089188     0.418892  
   297     0.088767     0.418817  
   298     0.088351     0.418736  
   299     0.087887     0.418790  
   300     0.087435     0.418745  
   301     0.087023     0.418608  
   302     0.086564     0.418288  
   303     0.086147     0.418244  
   304     0.085704     0.418311  
   305     0.085287     0.418289  
   306     0.084872     0.418132  
   307     0.084434     0.417939  
   308     0.083980     0.417856  
   309     0.083590     0.417852  
   310     0.083155     0.417780  
   311     0.082729     0.417818  
   312     0.082287     0.417786  
   313     0.081932     0.417669  
   314     0.081530     0.417713  
   315     0.081108     0.417768  
   316     0.080705     0.417729  
   317     0.080264     0.417628  
   318     0.079908     0.417536  
   319     0.079518     0.417373  
   320     0.079111     0.417280  
   321     0.078742     0.417257  
   322     0.078364     0.417224  
   323     0.077952     0.417337  
   324     0.077558     0.417305  
   325     0.077192     0.417217  
   326     0.076817     0.417387  
   327     0.076425     0.417188  
   328     0.076083     0.417202  
   329     0.075699     0.417174  
   330     0.075305     0.416870  
   331     0.074914     0.416765  
   332     0.074569     0.416683  
   333     0.074170     0.416688  
   334     0.073775     0.416733  
   335     0.073402     0.416661  
   336     0.073039     0.416625  
   337     0.072663     0.416573  
   338     0.072334     0.416715  
   339     0.072010     0.416560  
   340     0.071656     0.416559  
   341     0.071322     0.416543  
   342     0.071003     0.416629  
   343     0.070669     0.416670  
   344     0.070333     0.416561  
   345     0.069998     0.416421  
   346     0.069635     0.416176  
   347     0.069309     0.416063  
   348     0.068984     0.416074  
   349     0.068655     0.415916  
   350     0.068290     0.415842  
   351     0.067951     0.415830  
   352     0.067636     0.415874  
   353     0.067312     0.415805  
   354     0.067004     0.415881  
   355     0.066672     0.415911  
   356     0.066361     0.415757  
   357     0.066034     0.415941  
   358     0.065706     0.415593  
   359     0.065370     0.415552  
   360     0.065063     0.415656  
   361     0.064743     0.415529  
   362     0.064454     0.415607  
   363     0.064146     0.415435  
   364     0.063831     0.415323  
   365     0.063534     0.415452  
   366     0.063227     0.415453  
   367     0.062932     0.415466  
   368     0.062658     0.415425  
   369     0.062342     0.415416  
   370     0.062069     0.415565  
   371     0.061758     0.415479  
   372     0.061481     0.415490  
   373     0.061185     0.415545  
   374     0.060893     0.415443  
   375     0.060634     0.415464  
   376     0.060344     0.415380  
   377     0.060047     0.415350  
   378     0.059755     0.415204  
   379     0.059462     0.415057  
   380     0.059172     0.415053  
   381     0.058889     0.414924  
   382     0.058615     0.414937  
   383     0.058368     0.414825  
   384     0.058096     0.414678  
   385     0.057814     0.414655  
   386     0.057555     0.414496  
   387     0.057279     0.414548  
   388     0.056984     0.414633  
   389     0.056700     0.414776  
   390     0.056453     0.414855  
   391     0.056183     0.414733  
   392     0.055903     0.414857  
   393     0.055650     0.414780  
   394     0.055373     0.414738  
   395     0.055104     0.414643  
   396     0.054846     0.414463  
   397     0.054590     0.414468  
   398     0.054320     0.414434  
   399     0.054039     0.414582  
   400     0.053769     0.414575  
   401     0.053534     0.414579  
   402     0.053291     0.414551  
   403     0.053046     0.414584  
   404     0.052818     0.414525  
   405     0.052537     0.414507  
   406     0.052281     0.414556  
   407     0.052040     0.414706  
   408     0.051791     0.414720  
   409     0.051564     0.414721  
   410     0.051329     0.414610  
   411     0.051087     0.414538  
   412     0.050873     0.414636  
   413     0.050636     0.414497  
   414     0.050394     0.414401  
   415     0.050181     0.414386  
   416     0.049940     0.414324  
   417     0.049697     0.414301  
   418     0.049441     0.414369  
   419     0.049182     0.414480  
   420     0.048929     0.414428  
   421     0.048726     0.414411  
   422     0.048513     0.414334  
   423     0.048313     0.414304  
   424     0.048087     0.414392  
   425     0.047875     0.414238  
   426     0.047643     0.414213  
   427     0.047427     0.414180  
   428     0.047188     0.414021  
   429     0.046980     0.413865  
   430     0.046771     0.413871  
   431     0.046537     0.413712  
   432     0.046328     0.413802  
   433     0.046106     0.413778  
   434     0.045897     0.413798  
   435     0.045698     0.413760  
   436     0.045489     0.413755  
   437     0.045277     0.413655  
   438     0.045066     0.413678  
   439     0.044869     0.413843  
   440     0.044666     0.413737  
   441     0.044461     0.413640  
   442     0.044274     0.413466  
   443     0.044090     0.413374  
   444     0.043896     0.413303  
   445     0.043704     0.413204  
   446     0.043534     0.413027  
   447     0.043329     0.413142  
   448     0.043115     0.413208  
   449     0.042910     0.413158  
   450     0.042704     0.413082  
   451     0.042499     0.412956  
   452     0.042311     0.412969  
   453     0.042100     0.412919  
   454     0.041920     0.412899  
   455     0.041748     0.412803  
   456     0.041541     0.412636  
   457     0.041330     0.412656  
   458     0.041145     0.412553  
   459     0.040956     0.412462  
   460     0.040765     0.412430  
   461     0.040573     0.412401  
   462     0.040388     0.412380  
   463     0.040206     0.412397  
   464     0.040014     0.412314  
   465     0.039834     0.412296  
   466     0.039640     0.412205  
   467     0.039465     0.412157  
   468     0.039293     0.412207  
   469     0.039125     0.412196  
   470     0.038932     0.412199  
   471     0.038745     0.412198  
   472     0.038569     0.412195  
   473     0.038394     0.412289  
   474     0.038226     0.412320  
   475     0.038058     0.412359  
   476     0.037891     0.412523  
   477     0.037726     0.412584  
   478     0.037552     0.412462  
   479     0.037387     0.412421  
   480     0.037212     0.412437  
   481     0.037046     0.412382  
   482     0.036881     0.412330  
   483     0.036709     0.412268  
   484     0.036542     0.412142  
   485     0.036367     0.412076  
   486     0.036195     0.412068  
   487     0.036043     0.411971  
   488     0.035884     0.412008  
   489     0.035715     0.411902  
   490     0.035543     0.411845  
   491     0.035382     0.411892  
   492     0.035235     0.411892  
   493     0.035068     0.411777  
   494     0.034904     0.411691  
   495     0.034757     0.411622  
   496     0.034611     0.411661  
   497     0.034452     0.411703  
   498     0.034306     0.411674  
   499     0.034161     0.411740  
   500     0.034013     0.411697  
   501     0.033861     0.411749  
   502     0.033700     0.411826  
   503     0.033550     0.411837  
   504     0.033395     0.411833  
   505     0.033241     0.411805  
   506     0.033072     0.411787  
   507     0.032932     0.411782  
   508     0.032771     0.411670  
   509     0.032599     0.411750  
   510     0.032447     0.411633  
   511     0.032300     0.411496  
   512     0.032148     0.411497  
   513     0.032004     0.411600  
   514     0.031851     0.411648  
   515     0.031712     0.411623  
   516     0.031558     0.411669  
   517     0.031422     0.411619  
   518     0.031278     0.411552  
   519     0.031136     0.411575  
   520     0.030984     0.411452  
   521     0.030830     0.411509  
   522     0.030712     0.411420  
   523     0.030577     0.411443  
   524     0.030438     0.411380  
   525     0.030291     0.411311  
   526     0.030156     0.411222  
   527     0.030026     0.411256  
   528     0.029882     0.411244  
   529     0.029748     0.411257  
   530     0.029618     0.411347  
   531     0.029491     0.411193  
   532     0.029342     0.411148  
   533     0.029207     0.411146  
   534     0.029067     0.411207  
   535     0.028928     0.411285  
   536     0.028781     0.411203  
   537     0.028641     0.411212  
   538     0.028523     0.411207  
   539     0.028395     0.411040  
   540     0.028281     0.411012  
   541     0.028150     0.410998  
   542     0.028009     0.411021  
   543     0.027873     0.411076  
   544     0.027752     0.411094  
   545     0.027631     0.411037  
   546     0.027493     0.410966  
   547     0.027365     0.410872  
   548     0.027247     0.410854  
   549     0.027119     0.410795  
   550     0.027003     0.410702  
   551     0.026888     0.410723  
   552     0.026769     0.410633  
   553     0.026642     0.410598  
   554     0.026521     0.410606  
   555     0.026406     0.410603  
   556     0.026290     0.410629  
   557     0.026173     0.410735  
   558     0.026055     0.410656  
   559     0.025952     0.410715  
   560     0.025823     0.410801  
   561     0.025704     0.410808  
   562     0.025583     0.410756  
   563     0.025473     0.410752  
   564     0.025352     0.410759  
   565     0.025256     0.410751  
   566     0.025141     0.410805  
   567     0.025028     0.410708  
   568     0.024920     0.410783  
   569     0.024801     0.410716  
   570     0.024691     0.410675  
   571     0.024582     0.410598  
   572     0.024475     0.410622  
   573     0.024363     0.410707  
   574     0.024261     0.410721  
   575     0.024161     0.410666  
   576     0.024060     0.410675  
   577     0.023965     0.410658  
   578     0.023862     0.410664  
   579     0.023762     0.410606  
   580     0.023661     0.410667  
   581     0.023547     0.410740  
   582     0.023432     0.410649  
   583     0.023334     0.410672  
   584     0.023221     0.410696  
   585     0.023124     0.410578  
   586     0.023015     0.410452  
   587     0.022911     0.410428  
   588     0.022815     0.410391  
   589     0.022727     0.410390  
   590     0.022630     0.410366  
   591     0.022531     0.410331  
   592     0.022425     0.410210  
   593     0.022334     0.410236  
   594     0.022236     0.410214  
   595     0.022143     0.410219  
   596     0.022046     0.410126  
   597     0.021948     0.410059  
   598     0.021860     0.410117  
   599     0.021765     0.410130  
   600     0.021674     0.410124  
   601     0.021575     0.410095  
   602     0.021480     0.410067  
   603     0.021390     0.410045  
   604     0.021295     0.409979  
   605     0.021204     0.409942  
   606     0.021127     0.409956  
   607     0.021030     0.410054  
   608     0.020939     0.410114  
   609     0.020847     0.409997  
   610     0.020748     0.409986  
   611     0.020664     0.409963  
   612     0.020562     0.409914  
   613     0.020469     0.409938  
   614     0.020372     0.409835  
   615     0.020280     0.409848  
   616     0.020180     0.409829  
   617     0.020085     0.409859  
   618     0.020000     0.409830  
   619     0.019909     0.409857  
   620     0.019825     0.409761  
   621     0.019739     0.409798  
   622     0.019651     0.409839  
   623     0.019564     0.409850  
   624     0.019471     0.409848  
   625     0.019389     0.409847  
   626     0.019304     0.409832  
   627     0.019209     0.409786  
   628     0.019116     0.409758  
   629     0.019037     0.409787  
   630     0.018956     0.409813  
   631     0.018869     0.409765  
   632     0.018781     0.409831  
   633     0.018699     0.409826  
   634     0.018620     0.409775  
   635     0.018545     0.409735  
   636     0.018470     0.409729  
   637     0.018385     0.409750  
   638     0.018300     0.409728  
   639     0.018220     0.409672  
   640     0.018137     0.409737  
   641     0.018064     0.409719  
   642     0.017989     0.409727  
   643     0.017911     0.409634  
   644     0.017839     0.409622  
   645     0.017757     0.409604  
   646     0.017682     0.409656  
   647     0.017604     0.409643  
   648     0.017541     0.409630  
   649     0.017473     0.409602  
   650     0.017384     0.409475  
   651     0.017312     0.409448  
   652     0.017242     0.409431  
   653     0.017166     0.409457  
   654     0.017098     0.409539  
   655     0.017031     0.409489  
   656     0.016951     0.409457  
   657     0.016878     0.409467  
   658     0.016798     0.409416  
   659     0.016729     0.409393  
   660     0.016654     0.409327  
   661     0.016588     0.409333  
   662     0.016515     0.409311  
   663     0.016438     0.409350  
   664     0.016365     0.409402  
   665     0.016306     0.409378  
   666     0.016232     0.409312  
   667     0.016160     0.409269  
   668     0.016092     0.409317  
   669     0.016029     0.409311  
   670     0.015962     0.409307  
   671     0.015886     0.409371  
   672     0.015819     0.409365  
   673     0.015748     0.409320  
   674     0.015681     0.409314  
   675     0.015615     0.409330  
   676     0.015548     0.409350  
   677     0.015470     0.409401  
   678     0.015404     0.409386  
   679     0.015346     0.409330  
   680     0.015286     0.409355  
   681     0.015224     0.409333  
   682     0.015157     0.409313  
   683     0.015086     0.409359  
   684     0.015019     0.409370  
   685     0.014952     0.409341  
   686     0.014888     0.409349  
   687     0.014822     0.409354  
   688     0.014757     0.409284  
   689     0.014697     0.409314  
   690     0.014633     0.409296  
   691     0.014562     0.409355  
   692     0.014504     0.409289  
   693     0.014443     0.409339  
   694     0.014381     0.409329  
   695     0.014315     0.409277  
   696     0.014258     0.409255  
   697     0.014193     0.409258  
   698     0.014129     0.409302  
   699     0.014069     0.409288  
   700     0.014011     0.409319  
   701     0.013952     0.409328  
   702     0.013888     0.409282  
   703     0.013825     0.409262  
   704     0.013769     0.409212  
   705     0.013713     0.409270  
   706     0.013652     0.409300  
   707     0.013585     0.409231  
   708     0.013526     0.409239  
   709     0.013471     0.409291  
   710     0.013408     0.409245  
   711     0.013347     0.409241  
   712     0.013290     0.409203  
   713     0.013231     0.409165  
   714     0.013177     0.409173  
   715     0.013123     0.409124  
   716     0.013068     0.409103  
   717     0.013010     0.409131  
   718     0.012954     0.409081  
   719     0.012898     0.409083  
   720     0.012847     0.409085  
   721     0.012795     0.409030  
   722     0.012745     0.409091  
   723     0.012699     0.409067  
   724     0.012643     0.409077  
   725     0.012592     0.409023  
   726     0.012532     0.408993  
   727     0.012486     0.408956  
   728     0.012435     0.408913  
   729     0.012376     0.408879  
   730     0.012323     0.408910  
   731     0.012273     0.408940  
   732     0.012220     0.408973  
   733     0.012168     0.409014  
   734     0.012117     0.409032  
   735     0.012066     0.409061  
   736     0.012015     0.409072  
   737     0.011969     0.409032  
   738     0.011923     0.409038  
   739     0.011867     0.409106  
   740     0.011818     0.409083  
   741     0.011769     0.409052  
   742     0.011712     0.409028  
   743     0.011662     0.409025  
   744     0.011612     0.409026  
   745     0.011563     0.409001  
   746     0.011513     0.409016  
   747     0.011466     0.408987  
   748     0.011419     0.408967  
   749     0.011372     0.409008  
   750     0.011330     0.409006  
   751     0.011279     0.409003  
   752     0.011235     0.408968  
   753     0.011188     0.408923  
   754     0.011140     0.408862  
   755     0.011097     0.408823  
   756     0.011050     0.408788  
   757     0.011001     0.408788  
   758     0.010953     0.408749  
   759     0.010905     0.408703  
   760     0.010857     0.408696  
   761     0.010812     0.408667  
   762     0.010769     0.408617  
   763     0.010727     0.408579  
   764     0.010679     0.408540  
   765     0.010636     0.408603  
   766     0.010593     0.408615  
   767     0.010552     0.408651  
   768     0.010508     0.408613  
   769     0.010468     0.408625  
   770     0.010419     0.408613  
   771     0.010379     0.408619  
   772     0.010335     0.408645  
   773     0.010289     0.408629  
   774     0.010247     0.408580  
   775     0.010205     0.408571  
   776     0.010166     0.408609  
   777     0.010122     0.408606  
   778     0.010083     0.408584  
   779     0.010039     0.408511  
   780     0.009993     0.408551  
   781     0.009946     0.408445  
   782     0.009907     0.408393  
   783     0.009861     0.408438  
   784     0.009821     0.408482  
   785     0.009776     0.408447  
   786     0.009735     0.408484  
   787     0.009698     0.408507  
   788     0.009660     0.408494  
   789     0.009617     0.408508  
   790     0.009578     0.408526  
   791     0.009538     0.408541  
   792     0.009502     0.408565  
   793     0.009456     0.408528  
   794     0.009412     0.408529  
   795     0.009376     0.408548  
   796     0.009337     0.408487  
   797     0.009300     0.408495  
   798     0.009262     0.408525  
   799     0.009224     0.408541  
   800     0.009188     0.408492  
   801     0.009154     0.408469  
   802     0.009121     0.408470  
   803     0.009084     0.408498  
   804     0.009046     0.408491  
   805     0.009007     0.408461  
   806     0.008969     0.408415  
   807     0.008931     0.408427  
   808     0.008890     0.408461  
   809     0.008851     0.408510  
   810     0.008812     0.408494  
   811     0.008777     0.408529  
   812     0.008738     0.408472  
   813     0.008697     0.408484  
   814     0.008660     0.408510  
   815     0.008625     0.408531  
   816     0.008590     0.408500  
   817     0.008553     0.408489  
   818     0.008520     0.408438  
   819     0.008481     0.408455  
   820     0.008448     0.408438  
   821     0.008415     0.408419  
   822     0.008381     0.408398  
   823     0.008342     0.408359  
   824     0.008303     0.408403  
   825     0.008269     0.408424  
   826     0.008234     0.408371  
   827     0.008198     0.408353  
   828     0.008166     0.408390  
   829     0.008131     0.408378  
   830     0.008098     0.408372  
   831     0.008062     0.408344  
   832     0.008028     0.408367  
   833     0.007992     0.408369  
   834     0.007959     0.408367  
   835     0.007925     0.408259  
   836     0.007891     0.408193  
   837     0.007859     0.408187  
   838     0.007825     0.408209  
   839     0.007790     0.408222  
   840     0.007757     0.408250  
   841     0.007723     0.408222  
   842     0.007692     0.408246  
   843     0.007662     0.408256  
   844     0.007629     0.408264  
   845     0.007598     0.408243  
   846     0.007570     0.408209  
   847     0.007540     0.408168  
   848     0.007513     0.408117  
   849     0.007481     0.408108  
   850     0.007452     0.408096  
   851     0.007421     0.408083  
   852     0.007389     0.408001  
   853     0.007358     0.408009  
   854     0.007329     0.408028  
   855     0.007296     0.408018  
   856     0.007264     0.408033  
   857     0.007233     0.407963  
   858     0.007204     0.407953  
   859     0.007174     0.407995  
   860     0.007146     0.408009  
   861     0.007118     0.408014  
   862     0.007090     0.408006  
   863     0.007060     0.408000  
   864     0.007033     0.407998  
   865     0.007003     0.407992  
   866     0.006973     0.407986  
   867     0.006942     0.408026  
   868     0.006917     0.408032  
   869     0.006889     0.408020  
   870     0.006859     0.408055  
   871     0.006830     0.408030  
   872     0.006802     0.408066  
   873     0.006775     0.408089  
   874     0.006745     0.408094  
   875     0.006718     0.408069  
   876     0.006690     0.408070  
   877     0.006663     0.408052  
   878     0.006638     0.408035  
   879     0.006609     0.408020  
   880     0.006582     0.408030  
   881     0.006553     0.408060  
   882     0.006529     0.408064  
   883     0.006497     0.408083  
   884     0.006471     0.408107  
   885     0.006446     0.408066  
   886     0.006419     0.408072  
   887     0.006391     0.408069  
   888     0.006363     0.408083  
   889     0.006339     0.408080  
   890     0.006312     0.408000  
   891     0.006285     0.407986  
   892     0.006259     0.407976  
   893     0.006236     0.407949  
   894     0.006212     0.407919  
   895     0.006187     0.407896  
   896     0.006161     0.407899  
   897     0.006135     0.407925  
   898     0.006112     0.407940  
   899     0.006088     0.407910  
   900     0.006066     0.407931  
   901     0.006041     0.407912  
   902     0.006017     0.407839  
   903     0.005991     0.407906  
   904     0.005964     0.407906  
   905     0.005938     0.407907  
   906     0.005914     0.407892  
   907     0.005892     0.407887  
   908     0.005869     0.407865  
   909     0.005847     0.407869  
   910     0.005824     0.407832  
   911     0.005797     0.407823  
   912     0.005772     0.407791  
   913     0.005747     0.407770  
   914     0.005727     0.407779  
   915     0.005702     0.407757  
   916     0.005679     0.407732  
   917     0.005657     0.407745  
   918     0.005633     0.407751  
   919     0.005609     0.407801  
   920     0.005586     0.407816  
   921     0.005563     0.407844  
   922     0.005540     0.407829  
   923     0.005519     0.407799  
   924     0.005494     0.407815  
   925     0.005472     0.407839  
   926     0.005451     0.407810  
   927     0.005432     0.407821  
   928     0.005408     0.407836  
   929     0.005385     0.407883  
   930     0.005363     0.407852  
   931     0.005341     0.407870  
   932     0.005321     0.407852  
   933     0.005301     0.407873  
   934     0.005278     0.407893  
   935     0.005256     0.407850  
   936     0.005237     0.407858  
   937     0.005217     0.407874  
   938     0.005196     0.407902  
   939     0.005175     0.407909  
   940     0.005151     0.407894  
   941     0.005127     0.407874  
   942     0.005106     0.407875  
   943     0.005085     0.407886  
   944     0.005064     0.407898  
   945     0.005042     0.407886  
   946     0.005023     0.407869  
   947     0.005002     0.407849  
   948     0.004980     0.407879  
   949     0.004961     0.407870  
   950     0.004942     0.407829  
   951     0.004924     0.407849  
   952     0.004904     0.407835  
   953     0.004885     0.407782  
   954     0.004863     0.407784  
   955     0.004843     0.407777  
   956     0.004825     0.407799  
   957     0.004805     0.407850  
   958     0.004786     0.407857  
   959     0.004768     0.407868  
   960     0.004746     0.407883  
   961     0.004727     0.407851  
   962     0.004706     0.407855  
   963     0.004688     0.407863  
   964     0.004666     0.407886  
   965     0.004648     0.407858  
   966     0.004626     0.407829  
   967     0.004604     0.407816  
   968     0.004586     0.407840  
   969     0.004565     0.407825  
   970     0.004548     0.407805  
   971     0.004530     0.407790  
   972     0.004511     0.407773  
   973     0.004490     0.407724  * best
   974     0.004471     0.407759  
   975     0.004455     0.407792  
   976     0.004440     0.407773  
   977     0.004419     0.407755  
   978     0.004401     0.407754  
   979     0.004384     0.407776  
   980     0.004368     0.407818  
   981     0.004349     0.407841  
   982     0.004331     0.407819  
   983     0.004316     0.407832  
   984     0.004300     0.407801  
   985     0.004283     0.407792  
   986     0.004265     0.407819  
   987     0.004248     0.407819  
   988     0.004231     0.407841  
   989     0.004212     0.407811  
   990     0.004196     0.407832  
   991     0.004178     0.407844  
   992     0.004162     0.407857  
   993     0.004144     0.407843  
   994     0.004125     0.407833  
   995     0.004110     0.407846  
   996     0.004094     0.407825  
   997     0.004077     0.407851  
   998     0.004060     0.407882  
   999     0.004043     0.407884  
  1000     0.004026     0.407924  
  1001     0.004009     0.407952  
  1002     0.003994     0.407927  
  1003     0.003977     0.407913  
  1004     0.003958     0.407913  
  1005     0.003943     0.407891  
  1006     0.003928     0.407843  
  1007     0.003911     0.407826  
  1008     0.003895     0.407822  
  1009     0.003879     0.407782  
  1010     0.003864     0.407782  
  1011     0.003849     0.407772  
  1012     0.003834     0.407762  
  1013     0.003819     0.407767  
  1014     0.003803     0.407792  
  1015     0.003789     0.407793  
  1016     0.003774     0.407798  
  1017     0.003758     0.407756  
  1018     0.003743     0.407753  
  1019     0.003727     0.407781  
  1020     0.003712     0.407782  
  1021     0.003699     0.407812  
  1022     0.003682     0.407775  
  1023     0.003669     0.407770  
  1024     0.003653     0.407734  
  1025     0.003640     0.407748  
  1026     0.003625     0.407787  
  1027     0.003609     0.407835  
  1028     0.003595     0.407869  
  1029     0.003580     0.407871  
  1030     0.003565     0.407900  
  1031     0.003551     0.407915  
  1032     0.003537     0.407911  
  1033     0.003524     0.407894  
  1034     0.003509     0.407871  
  1035     0.003494     0.407839  
  1036     0.003479     0.407802  
  1037     0.003466     0.407821  
  1038     0.003450     0.407809  
  1039     0.003437     0.407812  
  1040     0.003424     0.407823  
  1041     0.003408     0.407833  
  1042     0.003394     0.407826  
  1043     0.003380     0.407822  
  1044     0.003366     0.407812  
  1045     0.003350     0.407822  
  1046     0.003336     0.407833  
  1047     0.003323     0.407834  
  1048     0.003310     0.407838  
  1049     0.003295     0.407836  
  1050     0.003281     0.407841  
  1051     0.003266     0.407879  
  1052     0.003254     0.407867  
  1053     0.003242     0.407866  
  1054     0.003230     0.407868  
  1055     0.003216     0.407880  
  1056     0.003203     0.407851  
  1057     0.003190     0.407839  
  1058     0.003176     0.407838  
  1059     0.003163     0.407847  
  1060     0.003150     0.407874  
  1061     0.003138     0.407873  
  1062     0.003124     0.407855  
  1063     0.003112     0.407850  
  1064     0.003100     0.407841  
  1065     0.003086     0.407828  
  1066     0.003075     0.407806  
  1067     0.003063     0.407773  
  1068     0.003049     0.407790  
  1069     0.003037     0.407790  
  1070     0.003024     0.407796  
  1071     0.003011     0.407797  
  1072     0.003000     0.407812  
  1073     0.002988     0.407824  
# best iteration 973 (val l2 0.407724)
# Spearman  train +0.9938  val +0.7754  test +0.7809
