# mlp_seq+edge seed 0
# perceptron on seq+edge
# inputs [(15310,)], 1,963,969 parameters
# Linear(n_in,128) -> GELU -> Dropout(0.3) -> Linear(128,32) -> GELU -> Dropout(0.3) -> Linear(32,1)
# Adam lr=0.001 weight_decay=0.0001 batch=32 dropout=0.3
# loss = MSE on standardised log10 half-life
# early stopping on validation loss, patience 40, max 300 epochs
#
 epoch  train_batch        train          val  note
     1    35.688444    36.743401     0.863561  * best
     2    21.652960    29.984037     0.805719  * best
     3    75.965861    43.759911     0.800818  * best
     4    37.085127     8.448668     0.803643  
     5    28.743894     1.307128     0.789182  * best
     6     3.205436     0.737692     0.816599  
     7     0.796690     0.638016     0.800309  
     8     0.724187     0.602370     0.790622  
     9     0.795157     0.559220     0.761888  * best
    10     0.666046     0.522116     0.772010  
    11     0.638329     0.481945     0.751203  * best
    12     0.590674     0.467297     0.760530  
    13     0.587364     0.443118     0.762923  
    14     0.576711     0.421462     0.780456  
    15     0.564488     0.391927     0.789908  
    16     0.512296     0.371796     0.758221  
    17     0.508138     0.473791     0.750718  * best
    18     0.506041     0.352115     0.769926  
    19     0.482721     0.338595     0.765612  
    20     0.591793     0.360073     0.721856  * best
    21     0.503282     0.343408     0.768420  
    22     0.472862     0.303431     0.772687  
    23     0.451393     0.325349     0.739025  
    24     0.462808     0.323895     0.706980  * best
    25     0.557005     0.347199     0.764090  
    26     0.474133     0.329729     0.752811  
    27     0.467614     0.300087     0.770592  
    28     0.461112     0.289862     0.779064  
    29     0.451630     0.264379     0.746826  
    30     0.436133     0.265939     0.768512  
    31     0.438086     0.309521     0.729954  
    32     0.423425     0.281039     0.820372  
    33     0.429040     0.266919     0.833624  
    34     0.422215     0.266179     0.817597  
    35     0.435948     0.268209     0.709037  
    36     0.418758     0.278684     0.901446  
    37     0.479755     0.265995     0.827263  
    38     0.404984     0.271978     0.780295  
    39     0.396465     0.252565     0.816386  
    40     0.386532     0.259491     0.781499  
    41     0.388561     0.238329     0.912016  
    42     0.377879     0.286573     0.690492  * best
    43     0.380655     0.240906     0.752455  
    44     0.399845     0.230155     0.805644  
    45     0.422945     0.276898     0.785875  
    46     0.416022     0.234024     0.805232  
    47     0.396558     0.209624     0.837404  
    48     0.387826     0.234120     0.810158  
    49     0.385224     0.218204     0.770738  
    50     0.387337     0.554363     0.705118  
    51     0.504907     0.263585     0.750780  
    52     0.493390     0.607504     0.786800  
    53     0.493541     0.268126     0.791593  
    54     0.414724     0.253100     0.744750  
    55     0.406014     0.253495     0.765853  
    56     0.399442     0.242186     0.825473  
    57     0.406717     0.251408     0.825238  
    58     0.401910     0.251253     0.770923  
    59     0.404993     0.226929     0.866059  
    60     0.383879     0.240340     0.746820  
    61     0.392816     0.194668     0.916189  
    62     0.380414     0.213614     0.768109  
    63     0.391320     0.250378     0.731248  
    64     0.383569     0.214268     0.791984  
    65     0.377984     0.204725     0.784412  
    66     0.379527     0.214951     0.792984  
    67     0.380523     0.228126     0.744928  
    68     0.392563     0.208240     0.822451  
    69     0.377106     0.269768     0.783770  
    70     0.418656     0.239255     0.731552  
    71     0.378260     0.228034     0.795887  
    72     0.397291     0.235654     0.790326  
    73     0.382375     0.240831     0.749238  
    74     0.377662     0.214833     0.731939  
    75     0.365843     0.226839     0.752753  
    76     0.388820     0.288873     0.702630  
    77     0.379024     0.307304     0.774867  
    78     0.776611     0.349659     0.793510  
    79     0.493784     0.316516     0.815928  
    80     0.446419     0.287211     0.780011  
    81     0.442687     0.262311     0.757370  
    82     0.431198     0.267261     0.783229  
# stopped at epoch 82: no improvement for 40 epochs
# restored epoch 42 (val MSE 0.690492)
# Spearman  train +0.8858  val +0.2987  test +0.2106
