# mlp_boltz+energy+edge seed 2
# perceptron on boltz+energy+edge
# inputs [(16427,)], 2,106,945 parameters
# Linear(n_in,128) -> GELU -> Dropout(0.3) -> Linear(128,32) -> GELU -> Dropout(0.3) -> Linear(32,1)
# Adam lr=0.001 weight_decay=0.0001 batch=32 dropout=0.3
# loss = MSE on standardised log10 half-life
# early stopping on validation loss, patience 40, max 300 epochs
#
 epoch  train_batch        train          val  note
     1    28.030644    41.825108     0.762166  * best
     2    22.202295     8.070728     0.751357  * best
     3    10.080638    48.415367     0.730972  * best
     4    59.918392     6.001294     0.698731  * best
     5     2.019780     2.531314     0.669864  * best
     6     2.642500     9.078386     0.673739  
     7    13.028940     0.547796     0.681606  
     8     0.626671     0.428965     0.670458  
     9     0.649141     0.421801     0.663386  * best
    10     0.544440     0.399625     0.667603  
    11     0.532440     0.470619     0.658097  * best
    12     0.506345     0.359756     0.653648  * best
    13     0.489490     0.377025     0.658183  
    14     0.478567     0.329740     0.648353  * best
    15     0.449429     0.311631     0.642941  * best
    16     0.446400     0.341965     0.643790  
    17     0.435141     0.276254     0.611191  * best
    18     0.412427     0.263826     0.632428  
    19     0.721626     0.255946     0.640610  
    20     0.419341     0.253760     0.638445  
    21     0.397614     0.265950     0.610211  * best
    22     0.681318     0.276199     0.598490  * best
    23     0.453706     0.254113     0.606944  
    24     0.413138     0.414510     0.626571  
    25     0.716114     0.380609     0.692040  
    26     0.457600     0.275387     0.614599  
    27     0.415714     0.224440     0.631173  
    28     0.386947     0.219395     0.625439  
    29     0.365521     0.243752     0.608265  
    30     0.367043     0.227657     0.647409  
    31     0.390111     0.273843     0.615494  
    32     0.379154     0.206203     0.646461  
    33     0.360004     0.212913     0.625293  
    34     0.334914     0.172613     0.663575  
    35     0.329845     0.205116     0.626004  
    36     0.327620     0.182074     0.665895  
    37     0.369323     0.281622     0.709998  
    38     0.433189     0.226941     0.624373  
    39     0.372896     0.204946     0.677775  
    40     0.357039     0.206008     0.632791  
    41     0.347754     0.196467     0.616915  
    42     0.361136     0.191290     0.656437  
    43     0.355340     0.225339     0.712089  
    44     0.420128     0.259276     0.673900  
    45     0.381318     0.204296     0.604933  
    46     0.387307     0.206978     0.608843  
    47     0.411487     0.214580     0.631775  
    48     0.377504     0.187288     0.640314  
    49     0.362789     0.203770     0.678613  
    50     0.438089     0.183286     0.662679  
    51     0.382113     0.203975     0.639906  
    52     0.344283     0.172317     0.667040  
    53     0.349825     0.195493     0.638449  
    54     0.348783     0.188736     0.642150  
    55     0.370736     0.210522     0.601635  
    56     0.342662     0.177509     0.601352  
    57     0.345404     0.174274     0.616525  
    58     0.342583     0.178729     0.603691  
    59     0.367489     0.290672     0.642971  
    60     0.442492     0.184244     0.591294  * best
    61     0.344383     0.197163     0.602717  
    62     0.345963     0.196241     0.631251  
    63     0.418268     1.073775     1.045932  
    64     0.461755     0.189439     0.658441  
    65     0.347740     0.156112     0.610649  
    66     0.344153     0.208560     0.592342  
    67     0.366190     0.234079     0.605866  
    68     0.359437     0.166989     0.604556  
    69     0.351949     0.188962     0.585547  * best
    70     0.355755     0.195863     0.597469  
    71     0.361258     0.247317     0.597744  
    72     0.363844     0.178200     0.618162  
    73     0.352040     0.192856     0.578556  * best
    74     0.352462     0.225274     0.608188  
    75     0.358070     0.169873     0.614500  
    76     0.360543     0.183523     0.604607  
    77     0.356997     0.178639     0.603767  
    78     0.380443     0.180382     0.620328  
    79     0.351796     0.208964     0.608406  
    80     0.344658     0.199672     0.607185  
    81     0.348853     0.206939     0.620198  
    82     0.332785     0.147245     0.634575  
    83     0.334329     0.176717     0.612439  
    84     0.318903     0.219675     0.582329  
    85     0.319830     0.169935     0.670594  
    86     0.319077     0.183774     0.664715  
    87     0.328413     0.334205     0.634386  
    88     0.649013     0.184331     0.587168  
    89     0.359044     0.176338     0.623964  
    90     0.368129     0.257529     0.583807  
    91     0.374694     0.445844     0.786849  
    92     0.573502     0.244105     0.591338  
    93     0.463752     0.247241     0.603066  
    94     0.385713     0.177744     0.605561  
    95     0.492332     0.226849     0.608028  
    96     0.407264     0.197690     0.604447  
    97     0.401936     0.231129     0.586523  
    98     0.403104     0.211241     0.604101  
    99     0.387382     0.200038     0.614821  
   100     0.400566     0.196848     0.575161  * best
   101     0.401913     0.204606     0.648701  
   102     0.414519     0.190771     0.621279  
   103     0.389029     0.211038     0.597035  
   104     0.406838     0.192803     0.630228  
   105     0.383444     0.187455     0.587624  
   106     0.351444     0.194430     0.621859  
   107     0.337315     0.161730     0.597014  
   108     0.340769     0.189527     0.622240  
   109     0.327802     0.161024     0.596742  
   110     0.329588     0.162907     0.587107  
   111     0.332218     0.191722     0.641021  
   112     0.356905     0.186546     0.589790  
   113     0.331216     0.172958     0.606420  
   114     0.308723     0.176813     0.579502  
   115     0.314074     0.186668     0.589053  
   116     0.318564     0.148850     0.584007  
   117     0.311627     0.148568     0.647961  
   118     0.310764     0.165561     0.596603  
   119     0.314466     0.167086     0.625051  
   120     0.309485     0.191323     0.591821  
   121     0.317189     0.176700     0.594326  
   122     0.311177     0.151644     0.627104  
   123     0.302847     0.163291     0.590755  
   124     0.298921     0.154847     0.679380  
   125     0.617615     0.451069     0.681927  
   126     0.520614     0.367287     0.606524  
   127     0.496354     0.336180     0.601865  
   128     0.469386     0.342110     0.615498  
   129     0.459901     0.342071     0.651790  
   130     0.457578     0.309609     0.610473  
   131     0.566744     0.282238     0.584251  
   132     0.559939     0.341329     0.575278  
   133     0.492735     0.380154     0.628410  
   134     0.474417     0.227261     0.627136  
   135     0.417572     0.257179     0.649575  
   136     0.398268     0.302202     0.605506  
   137     0.417354     0.219172     0.631549  
   138     0.449256     0.199189     0.596261  
   139     0.352009     0.202740     0.638997  
   140     0.826792     0.624764     0.625333  
# stopped at epoch 140: no improvement for 40 epochs
# restored epoch 100 (val MSE 0.575161)
# Spearman  train +0.9258  val +0.4295  test +0.4429
