# mlp_node+energy+edge seed 1
# perceptron on node+energy+edge
# inputs [(26400,)], 3,383,489 parameters
# Linear(n_in,128) -> GELU -> Dropout(0.3) -> Linear(128,32) -> GELU -> Dropout(0.3) -> Linear(32,1)
# Adam lr=0.001 weight_decay=0.0001 batch=32 dropout=0.3
# loss = MSE on standardised log10 half-life
# early stopping on validation loss, patience 40, max 300 epochs
#
 epoch  train_batch        train          val  note
     1    17.926912    71.926399     0.780149  * best
     2   101.787224    19.499868     0.848177  
     3    39.696017    12.969689     0.735411  * best
     4    12.547516    14.574045     0.752366  
     5     6.102637     3.119271     0.779254  
     6     1.126375     1.121343     0.772522  
     7     2.880889     0.684782     0.741213  
     8     0.894352     0.609052     0.755917  
     9     1.025108     0.583609     0.753139  
    10     0.730567     0.528845     0.782188  
    11     0.669748     0.486056     0.787708  
    12     0.765768     0.623958     0.747734  
    13     0.715855     0.563036     0.751090  
    14     0.649707     0.466553     0.750210  
    15     0.616082     0.462059     0.784880  
    16     0.587415     0.461657     0.779655  
    17     1.189964     0.780039     0.764866  
    18     0.712955     0.567095     0.764369  
    19     0.865940     0.755821     0.738541  
    20     0.769626     0.610229     0.768782  
    21     0.738072     0.590915     0.744319  
    22     0.682965     0.505126     0.856435  
    23     0.767205     0.558741     0.835297  
    24     0.683024     0.532785     0.764106  
    25     0.656652     0.482992     0.770146  
    26     0.657773     0.487259     0.799330  
    27     0.644043     0.460494     0.860147  
    28     0.603414     0.468503     0.775642  
    29     0.580839     0.450028     0.813701  
    30     0.558618     0.385520     0.925756  
    31     0.623899     0.441173     0.818964  
    32     0.591319     0.406781     0.797672  
    33     0.569548     0.412305     0.821290  
    34     0.570143     0.415968     0.873107  
    35     0.612098     0.404323     0.811778  
    36     0.541735     0.357515     0.870961  
    37     0.533972     0.400540     0.794356  
    38     0.522074     0.499689     0.789449  
    39     0.523004     0.355759     0.857009  
    40     0.525404     0.354792     0.904906  
    41     0.507315     0.354362     0.812416  
    42     0.519282     0.463226     0.798382  
    43     0.508401     0.469682     0.771282  
# stopped at epoch 43: no improvement for 40 epochs
# restored epoch 3 (val MSE 0.735411)
# Spearman  train +0.5347  val +0.0633  test +0.0534
