# mlp_seq+boltz_pooled+charge seed 2
# sequence, pooled Boltz and both charge blocks
# inputs [(2486,)], 322,497 parameters
# Linear(n_in,128) -> GELU -> Dropout(0.3) -> Linear(128,32) -> GELU -> Dropout(0.3) -> Linear(32,1)
# Adam lr=0.001 weight_decay=0.0001 batch=32 dropout=0.3
# loss = MSE on standardised log10 half-life
# early stopping on validation loss, patience 40, max 300 epochs
#
 epoch  train_batch        train          val  note
     1     0.617912     0.365756     0.501646  * best
     2     0.433177     0.329368     0.479087  * best
     3     0.367097     0.249521     0.453657  * best
     4     0.331956     0.228354     0.462148  
     5     0.295103     0.175934     0.433171  * best
     6     0.269563     0.167297     0.438895  
     7     0.243348     0.154232     0.439470  
     8     0.236938     0.134091     0.456365  
     9     0.214651     0.140478     0.445811  
    10     0.206377     0.145444     0.454543  
    11     0.195767     0.109185     0.441575  
    12     0.186509     0.092750     0.448055  
    13     0.186381     0.090944     0.445280  
    14     0.177011     0.090030     0.439626  
    15     0.173299     0.092905     0.440928  
    16     0.165726     0.085052     0.445013  
    17     0.154701     0.082186     0.449337  
    18     0.154431     0.078294     0.453116  
    19     0.152651     0.081437     0.445730  
    20     0.150904     0.071230     0.460157  
    21     0.151322     0.087909     0.445365  
    22     0.147641     0.081242     0.467415  
    23     0.135620     0.067057     0.427235  * best
    24     0.137955     0.063471     0.443293  
    25     0.134060     0.061421     0.443422  
    26     0.139553     0.056860     0.445842  
    27     0.136811     0.062030     0.449441  
    28     0.133681     0.057915     0.441448  
    29     0.134133     0.094628     0.463054  
    30     0.131448     0.076162     0.446224  
    31     0.130946     0.068797     0.439211  
    32     0.129555     0.052506     0.446705  
    33     0.132661     0.066330     0.461253  
    34     0.122325     0.061874     0.437086  
    35     0.124648     0.061986     0.439968  
    36     0.122958     0.053290     0.449235  
    37     0.126042     0.060620     0.453053  
    38     0.124398     0.065784     0.453096  
    39     0.121055     0.053004     0.448330  
    40     0.122608     0.054273     0.443836  
    41     0.115543     0.064922     0.441512  
    42     0.116332     0.051002     0.445447  
    43     0.119993     0.054062     0.450356  
    44     0.116724     0.052456     0.436263  
    45     0.117693     0.056396     0.441461  
    46     0.117192     0.060412     0.431243  
    47     0.113731     0.048151     0.450900  
    48     0.115336     0.056652     0.450310  
    49     0.112022     0.058332     0.420536  * best
    50     0.109513     0.051475     0.431332  
    51     0.111787     0.059576     0.439831  
    52     0.111370     0.059756     0.438376  
    53     0.111809     0.054610     0.453176  
    54     0.118248     0.042095     0.446614  
    55     0.110918     0.051689     0.441471  
    56     0.110524     0.045701     0.432141  
    57     0.107882     0.048661     0.441996  
    58     0.111581     0.047166     0.433412  
    59     0.109739     0.052371     0.432582  
    60     0.104743     0.051638     0.435337  
    61     0.109011     0.052912     0.439319  
    62     0.107510     0.059323     0.433352  
    63     0.108061     0.052440     0.453081  
    64     0.108984     0.044106     0.430845  
    65     0.105071     0.049618     0.437778  
    66     0.106639     0.046007     0.427462  
    67     0.106415     0.045099     0.425867  
    68     0.105290     0.052420     0.439478  
    69     0.106947     0.040209     0.439366  
    70     0.108837     0.056070     0.446872  
    71     0.106908     0.043198     0.452188  
    72     0.102199     0.039318     0.453184  
    73     0.101246     0.042518     0.441745  
    74     0.101380     0.046504     0.437645  
    75     0.099203     0.036944     0.437993  
    76     0.103573     0.052962     0.436878  
    77     0.105146     0.046534     0.454648  
    78     0.102815     0.064521     0.458507  
    79     0.095887     0.037526     0.441018  
    80     0.099780     0.039227     0.447849  
    81     0.101412     0.043275     0.431267  
    82     0.103071     0.075756     0.451096  
    83     0.102045     0.042609     0.451553  
    84     0.102968     0.050422     0.457424  
    85     0.106093     0.039231     0.445117  
    86     0.101536     0.040583     0.449485  
    87     0.098029     0.039780     0.452102  
    88     0.098002     0.043919     0.446503  
    89     0.097489     0.045252     0.459812  
# stopped at epoch 89: no improvement for 40 epochs
# restored epoch 49 (val MSE 0.420536)
# Spearman  train +0.9759  val +0.7717  test +0.7756
