# seq+boltz_pooled seed 0
# sequence baseline concatenated with the Boltz pooled blocks
# input dim 2407, 312,385 parameters
# Linear(n_in,128) -> GELU -> Dropout(0.3) -> Linear(128,32) -> GELU -> Dropout(0.3) -> Linear(32,1)
# Adam lr=0.001 weight_decay=0.0001 batch=32 dropout=0.3
# loss = MSE on standardised log10 half-life
# early stopping on validation loss, patience 40, max 300 epochs
#
 epoch  train_batch        train          val  note
     1     0.616500     0.387957     0.464146  * best
     2     0.432255     0.311177     0.420489  * best
     3     0.371386     0.234909     0.385816  * best
     4     0.321556     0.211507     0.396201  
     5     0.280200     0.162276     0.373179  * best
     6     0.265683     0.141907     0.350631  * best
     7     0.239667     0.135105     0.355724  
     8     0.230088     0.120306     0.362380  
     9     0.209036     0.114057     0.346747  * best
    10     0.194537     0.118752     0.362129  
    11     0.191298     0.098157     0.349055  
    12     0.178124     0.099130     0.353894  
    13     0.169793     0.092684     0.361071  
    14     0.165020     0.082394     0.342235  * best
    15     0.160865     0.086990     0.355971  
    16     0.158258     0.075007     0.363163  
    17     0.151434     0.071096     0.351390  
    18     0.150826     0.068914     0.360703  
    19     0.141665     0.078344     0.358855  
    20     0.141345     0.073271     0.365431  
    21     0.140656     0.061707     0.369663  
    22     0.137741     0.067397     0.346281  
    23     0.136754     0.067230     0.349814  
    24     0.138010     0.064695     0.352973  
    25     0.130889     0.058320     0.351521  
    26     0.133577     0.068694     0.361451  
    27     0.124272     0.059568     0.373722  
    28     0.131545     0.051785     0.367800  
    29     0.123802     0.051191     0.353327  
    30     0.124821     0.055563     0.352965  
    31     0.124023     0.051047     0.348479  
    32     0.122802     0.065323     0.360203  
    33     0.123771     0.060083     0.363980  
    34     0.116459     0.054038     0.359884  
    35     0.114323     0.061171     0.355462  
    36     0.123340     0.048697     0.355639  
    37     0.122957     0.060201     0.356971  
    38     0.116350     0.045042     0.353180  
    39     0.113520     0.049641     0.358852  
    40     0.116048     0.059140     0.349290  
    41     0.113073     0.047807     0.361104  
    42     0.111865     0.046613     0.364420  
    43     0.113132     0.047391     0.351828  
    44     0.108866     0.043941     0.346064  
    45     0.111705     0.042763     0.357864  
    46     0.110895     0.044421     0.343614  
    47     0.110173     0.045321     0.354657  
    48     0.113591     0.048715     0.350634  
    49     0.110386     0.053888     0.369357  
    50     0.108305     0.043674     0.343422  
    51     0.110341     0.051809     0.354167  
    52     0.112762     0.048365     0.358454  
    53     0.109594     0.044581     0.348736  
    54     0.107279     0.052065     0.356775  
# stopped at epoch 54: no improvement for 40 epochs
# restored epoch 14 (val MSE 0.342235)
# Spearman  train +0.9605  val +0.8205  test +0.7845
