# mlp_seq+node seed 2
# perceptron on seq+node
# inputs [(12380,)], 1,588,929 parameters
# Linear(n_in,128) -> GELU -> Dropout(0.3) -> Linear(128,32) -> GELU -> Dropout(0.3) -> Linear(32,1)
# Adam lr=0.001 weight_decay=0.0001 batch=32 dropout=0.3
# loss = MSE on standardised log10 half-life
# early stopping on validation loss, patience 40, max 300 epochs
#
 epoch  train_batch        train          val  note
     1     1.439238     1.344108     0.877883  * best
     2     1.501838     0.807932     0.886814  
     3     0.974905     0.969250     0.848571  * best
     4     2.086073     0.690632     0.820274  * best
     5     0.716042     0.605980     0.835866  
     6     0.731386     0.587406     0.819883  * best
     7     0.641364     0.525218     0.846057  
     8     0.631040     0.484212     0.843610  
     9     0.585137     0.430251     0.867156  
    10     0.551105     0.444813     0.815832  * best
    11     0.533807     0.402782     0.845501  
    12     0.532530     0.419711     0.811140  * best
    13     0.521035     0.420158     0.805307  * best
    14     0.567268     0.415343     0.813581  
    15     0.512518     0.367870     0.840834  
    16     0.517522     0.381128     0.815195  
    17     0.494236     0.349945     0.849441  
    18     0.484911     0.365235     0.796764  * best
    19     0.473359     0.310165     0.863805  
    20     0.536729     0.337986     0.829103  
    21     0.476627     0.368407     0.787300  * best
    22     0.478513     0.347181     0.818033  
    23     0.458154     0.308047     0.823103  
    24     0.446480     0.346662     0.817123  
    25     0.446144     0.305970     0.850549  
    26     0.442263     0.350217     0.805301  
    27     0.447182     0.279239     0.878483  
    28     0.475715     0.303969     0.826893  
    29     0.438975     0.297924     0.795115  
    30     0.430945     0.330956     0.853738  
    31     0.434729     0.273155     0.877771  
    32     0.423953     0.283007     0.869227  
    33     0.423684     0.295813     0.844206  
    34     0.428035     0.277976     0.928043  
    35     0.422442     0.250858     0.954510  
    36     0.422957     0.280900     0.838690  
    37     0.462144     0.445123     0.853746  
    38     0.465810     0.296289     0.821591  
    39     0.425867     0.285427     0.851880  
    40     0.421323     0.258694     0.857396  
    41     0.421387     0.254672     0.874271  
    42     0.415128     0.275964     0.810128  
    43     0.408053     0.271110     0.895075  
    44     0.411952     0.325226     0.796935  
    45     0.404952     0.273275     0.820400  
    46     0.474399     0.322479     0.833572  
    47     0.430147     0.288803     0.855746  
    48     0.421297     0.253558     0.856451  
    49     0.409634     0.274697     0.930650  
    50     0.431117     0.247038     0.813822  
    51     0.413608     0.273054     0.831109  
    52     0.400606     0.267699     0.860708  
    53     0.453333     0.301094     0.836622  
    54     0.408843     0.247721     0.912319  
    55     0.408118     0.248244     0.905914  
    56     0.406466     0.255014     0.838175  
    57     0.407573     0.246630     0.856378  
    58     0.405281     0.245921     0.887442  
    59     0.408504     0.251528     0.923598  
    60     0.414000     0.249980     0.847215  
    61     0.452159     0.275548     0.830850  
# stopped at epoch 61: no improvement for 40 epochs
# restored epoch 21 (val MSE 0.787300)
# Spearman  train +0.8416  val +0.1505  test +0.1851
