# mlp_seq+boltz_pooled seed 1
# sequence baseline concatenated with the Boltz pooled blocks
# inputs [(2407,)], 312,385 parameters
# Linear(n_in,128) -> GELU -> Dropout(0.3) -> Linear(128,32) -> GELU -> Dropout(0.3) -> Linear(32,1)
# Adam lr=0.001 weight_decay=0.0001 batch=32 dropout=0.3
# loss = MSE on standardised log10 half-life
# early stopping on validation loss, patience 40, max 300 epochs
#
 epoch  train_batch        train          val  note
     1     0.617104     0.385997     0.511214  * best
     2     0.458428     0.312398     0.500038  * best
     3     0.384750     0.239041     0.454348  * best
     4     0.330277     0.215772     0.476915  
     5     0.293713     0.175999     0.456084  
     6     0.276164     0.159613     0.454711  
     7     0.248273     0.142790     0.461633  
     8     0.231800     0.126621     0.427224  * best
     9     0.223106     0.128165     0.436070  
    10     0.206169     0.105728     0.451509  
    11     0.201439     0.101833     0.469917  
    12     0.186571     0.126855     0.454431  
    13     0.192184     0.092563     0.445931  
    14     0.175849     0.089149     0.431012  
    15     0.169198     0.076832     0.451618  
    16     0.165125     0.088654     0.463012  
    17     0.160023     0.075119     0.447614  
    18     0.157330     0.075513     0.459477  
    19     0.151333     0.069546     0.450067  
    20     0.146664     0.079277     0.464637  
    21     0.148581     0.077176     0.449866  
    22     0.146044     0.069752     0.456203  
    23     0.146565     0.073866     0.437781  
    24     0.140350     0.073810     0.447543  
    25     0.142631     0.071117     0.450535  
    26     0.133209     0.059202     0.445016  
    27     0.136190     0.066896     0.450151  
    28     0.135276     0.055450     0.435786  
    29     0.130268     0.058925     0.441383  
    30     0.133195     0.054769     0.444581  
    31     0.132546     0.076867     0.446267  
    32     0.130862     0.056949     0.452722  
    33     0.125067     0.053422     0.455419  
    34     0.122595     0.059661     0.442474  
    35     0.121014     0.056581     0.440201  
    36     0.126555     0.059848     0.455305  
    37     0.122950     0.053099     0.447900  
    38     0.123629     0.054245     0.455655  
    39     0.121210     0.053531     0.451477  
    40     0.122351     0.060791     0.442178  
    41     0.120836     0.055551     0.472379  
    42     0.120414     0.052019     0.459110  
    43     0.117814     0.055378     0.456037  
    44     0.114161     0.046325     0.448887  
    45     0.116638     0.044871     0.476449  
    46     0.118253     0.077294     0.457926  
    47     0.113536     0.051597     0.472014  
    48     0.109194     0.049377     0.450845  
# stopped at epoch 48: no improvement for 40 epochs
# restored epoch 8 (val MSE 0.427224)
# Spearman  train +0.9403  val +0.7674  test +0.7768
