# seq+boltz_pooled seed 0
# sequence baseline concatenated with the Boltz pooled blocks
# input dim 2407, 312,385 parameters
# Linear(n_in,128) -> GELU -> Dropout(0.3) -> Linear(128,32) -> GELU -> Dropout(0.3) -> Linear(32,1)
# Adam lr=0.001 weight_decay=0.0001 batch=32 dropout=0.3
# loss = MSE on standardised log10 half-life
# early stopping on validation loss, patience 40, max 300 epochs
#
 epoch  train_batch        train          val  note
     1     0.603563     0.402055     0.522752  * best
     2     0.441692     0.278527     0.470098  * best
     3     0.379912     0.272043     0.463567  * best
     4     0.335855     0.215670     0.447901  * best
     5     0.295007     0.198897     0.431709  * best
     6     0.263208     0.158727     0.422892  * best
     7     0.252599     0.148670     0.442978  
     8     0.235371     0.134798     0.432446  
     9     0.218403     0.115687     0.437663  
    10     0.209133     0.113670     0.448136  
    11     0.198644     0.110403     0.426951  
    12     0.185895     0.096224     0.424811  
    13     0.188959     0.095050     0.418562  * best
    14     0.172762     0.084083     0.428062  
    15     0.171530     0.085062     0.426737  
    16     0.163951     0.083019     0.432579  
    17     0.169936     0.095056     0.430443  
    18     0.153892     0.071323     0.433516  
    19     0.157394     0.076395     0.432066  
    20     0.154130     0.072421     0.426450  
    21     0.143256     0.067833     0.425770  
    22     0.143096     0.068221     0.431920  
    23     0.148161     0.078832     0.439561  
    24     0.144219     0.067257     0.443830  
    25     0.137565     0.063367     0.430186  
    26     0.136091     0.060761     0.437460  
    27     0.129791     0.055195     0.445362  
    28     0.136349     0.061568     0.446350  
    29     0.134005     0.063130     0.430809  
    30     0.132309     0.059329     0.431104  
    31     0.129548     0.059442     0.431101  
    32     0.125151     0.057309     0.444602  
    33     0.126138     0.066504     0.432666  
    34     0.121634     0.054511     0.441623  
    35     0.125768     0.059664     0.430305  
    36     0.124988     0.057797     0.429620  
    37     0.127100     0.055391     0.430978  
    38     0.121084     0.052669     0.429314  
    39     0.112218     0.046786     0.432737  
    40     0.117022     0.061770     0.441046  
    41     0.117621     0.056234     0.430273  
    42     0.120729     0.063543     0.427649  
    43     0.119792     0.068345     0.440297  
    44     0.123480     0.051486     0.434614  
    45     0.116815     0.054908     0.438053  
    46     0.115624     0.047777     0.435990  
    47     0.109732     0.053419     0.436502  
    48     0.110841     0.041550     0.436061  
    49     0.112952     0.045645     0.431123  
    50     0.113597     0.051775     0.437606  
    51     0.116201     0.046404     0.430300  
    52     0.109310     0.053879     0.446353  
    53     0.111702     0.050398     0.441414  
# stopped at epoch 53: no improvement for 40 epochs
# restored epoch 13 (val MSE 0.418562)
# Spearman  train +0.9575  val +0.7728  test +0.7830
