# gbm_boltz+node+edge seed 2
# boosted trees on boltz+node+edge
# inputs 27517, 1,765 trees
# LightGBM gradient-boosted trees, objective l2, lr 0.05, num_leaves 31, min_data_in_leaf 20, feature_fraction 0.3, bagging 0.8, lambda_l2 1.0, up to 3000 rounds, early stopping 100 on validation l2
# loss = l2 on standardised log10 half-life
#
 round        train          val  note
     1     0.963110     0.976138  
     2     0.929949     0.946652  
     3     0.898025     0.918774  
     4     0.868755     0.892563  
     5     0.841829     0.868130  
     6     0.816375     0.846356  
     7     0.792445     0.825401  
     8     0.770102     0.805667  
     9     0.749188     0.786648  
    10     0.729229     0.769072  
    11     0.711505     0.754197  
    12     0.694054     0.740340  
    13     0.677006     0.726609  
    14     0.662834     0.715042  
    15     0.647908     0.702204  
    16     0.634133     0.691018  
    17     0.621177     0.680998  
    18     0.608679     0.671585  
    19     0.596784     0.663165  
    20     0.585542     0.654415  
    21     0.575444     0.647045  
    22     0.565132     0.638721  
    23     0.555876     0.631262  
    24     0.547104     0.625182  
    25     0.538044     0.618241  
    26     0.529398     0.611441  
    27     0.521563     0.605577  
    28     0.513399     0.599568  
    29     0.505403     0.593775  
    30     0.497897     0.587520  
    31     0.491093     0.583300  
    32     0.484052     0.577968  
    33     0.477295     0.573530  
    34     0.470741     0.568466  
    35     0.464481     0.564680  
    36     0.458236     0.561087  
    37     0.452446     0.557524  
    38     0.447209     0.554727  
    39     0.441884     0.550932  
    40     0.436738     0.548454  
    41     0.431948     0.545618  
    42     0.426746     0.542503  
    43     0.422048     0.539788  
    44     0.417325     0.536940  
    45     0.412700     0.534088  
    46     0.407948     0.531164  
    47     0.403362     0.528180  
    48     0.399202     0.525720  
    49     0.394932     0.523338  
    50     0.391087     0.521307  
    51     0.387378     0.519204  
    52     0.383820     0.517636  
    53     0.380053     0.516376  
    54     0.376156     0.514648  
    55     0.372562     0.512753  
    56     0.369392     0.511688  
    57     0.365906     0.510078  
    58     0.362536     0.508467  
    59     0.359309     0.506949  
    60     0.356097     0.504982  
    61     0.352772     0.503005  
    62     0.349259     0.500673  
    63     0.346078     0.499360  
    64     0.342852     0.497710  
    65     0.339806     0.496344  
    66     0.337028     0.494982  
    67     0.333968     0.493792  
    68     0.331142     0.492590  
    69     0.328328     0.491793  
    70     0.325533     0.491017  
    71     0.322782     0.489934  
    72     0.320138     0.488628  
    73     0.317553     0.487569  
    74     0.314937     0.486623  
    75     0.312299     0.485313  
    76     0.309695     0.483770  
    77     0.307185     0.482430  
    78     0.304849     0.481650  
    79     0.302485     0.480128  
    80     0.299973     0.479655  
    81     0.297594     0.478568  
    82     0.295220     0.477310  
    83     0.292829     0.475816  
    84     0.290384     0.475198  
    85     0.288059     0.474761  
    86     0.285732     0.473673  
    87     0.283708     0.473052  
    88     0.281489     0.471935  
    89     0.279490     0.471289  
    90     0.277384     0.470698  
    91     0.275386     0.469787  
    92     0.273337     0.469031  
    93     0.271093     0.468190  
    94     0.269036     0.466990  
    95     0.266883     0.465587  
    96     0.264865     0.464972  
    97     0.262801     0.464314  
    98     0.260888     0.463527  
    99     0.258866     0.462443  
   100     0.257101     0.461888  
   101     0.255109     0.460772  
   102     0.253182     0.460108  
   103     0.251446     0.459624  
   104     0.249621     0.459194  
   105     0.247891     0.458474  
   106     0.245948     0.457263  
   107     0.244213     0.456635  
   108     0.242485     0.455398  
   109     0.240847     0.454858  
   110     0.239037     0.454036  
   111     0.237479     0.454184  
   112     0.235879     0.453528  
   113     0.234343     0.453123  
   114     0.232652     0.452527  
   115     0.230926     0.451640  
   116     0.229387     0.451018  
   117     0.227808     0.450105  
   118     0.226232     0.449838  
   119     0.224732     0.449391  
   120     0.223181     0.448812  
   121     0.221660     0.448397  
   122     0.220150     0.447908  
   123     0.218685     0.447421  
   124     0.217219     0.447041  
   125     0.215818     0.446423  
   126     0.214285     0.445458  
   127     0.212863     0.445119  
   128     0.211430     0.444745  
   129     0.210130     0.444188  
   130     0.208733     0.443839  
   131     0.207298     0.443156  
   132     0.205888     0.442462  
   133     0.204585     0.442257  
   134     0.203167     0.441845  
   135     0.201889     0.441733  
   136     0.200687     0.441515  
   137     0.199395     0.440916  
   138     0.198064     0.440374  
   139     0.196892     0.440034  
   140     0.195674     0.439502  
   141     0.194421     0.439007  
   142     0.193169     0.438746  
   143     0.191925     0.438181  
   144     0.190717     0.437662  
   145     0.189486     0.437047  
   146     0.188248     0.436922  
   147     0.187002     0.436524  
   148     0.185835     0.436354  
   149     0.184536     0.435716  
   150     0.183308     0.435532  
   151     0.182136     0.435263  
   152     0.180899     0.434701  
   153     0.179757     0.434745  
   154     0.178674     0.434389  
   155     0.177575     0.433841  
   156     0.176429     0.433370  
   157     0.175286     0.433019  
   158     0.174151     0.432522  
   159     0.173058     0.432295  
   160     0.171995     0.432186  
   161     0.170860     0.431995  
   162     0.169801     0.431699  
   163     0.168753     0.431158  
   164     0.167634     0.430735  
   165     0.166621     0.430195  
   166     0.165627     0.429873  
   167     0.164487     0.429099  
   168     0.163495     0.428802  
   169     0.162450     0.428802  
   170     0.161463     0.428416  
   171     0.160515     0.428243  
   172     0.159535     0.427917  
   173     0.158586     0.427461  
   174     0.157546     0.426918  
   175     0.156639     0.426726  
   176     0.155719     0.426796  
   177     0.154772     0.426749  
   178     0.153844     0.426602  
   179     0.152879     0.426585  
   180     0.151945     0.426411  
   181     0.151071     0.426126  
   182     0.150151     0.425745  
   183     0.149299     0.425479  
   184     0.148381     0.425452  
   185     0.147518     0.425258  
   186     0.146698     0.424885  
   187     0.145863     0.424804  
   188     0.145046     0.424516  
   189     0.144179     0.424084  
   190     0.143316     0.424029  
   191     0.142481     0.423955  
   192     0.141642     0.423995  
   193     0.140795     0.423933  
   194     0.139924     0.423461  
   195     0.139071     0.423290  
   196     0.138265     0.423166  
   197     0.137476     0.423074  
   198     0.136630     0.422613  
   199     0.135853     0.422391  
   200     0.135090     0.422086  
   201     0.134312     0.421848  
   202     0.133551     0.421769  
   203     0.132742     0.421307  
   204     0.132018     0.421378  
   205     0.131280     0.421334  
   206     0.130502     0.421058  
   207     0.129714     0.421082  
   208     0.128920     0.421109  
   209     0.128156     0.421047  
   210     0.127435     0.420918  
   211     0.126627     0.420722  
   212     0.125916     0.420688  
   213     0.125223     0.420544  
   214     0.124467     0.420426  
   215     0.123752     0.420307  
   216     0.122996     0.420006  
   217     0.122329     0.419731  
   218     0.121656     0.419541  
   219     0.120913     0.419643  
   220     0.120201     0.419244  
   221     0.119519     0.418726  
   222     0.118811     0.418451  
   223     0.118130     0.418594  
   224     0.117493     0.418460  
   225     0.116825     0.418536  
   226     0.116170     0.418307  
   227     0.115482     0.418092  
   228     0.114863     0.418402  
   229     0.114219     0.418426  
   230     0.113630     0.418254  
   231     0.112984     0.418363  
   232     0.112396     0.418307  
   233     0.111787     0.418212  
   234     0.111161     0.417843  
   235     0.110556     0.417699  
   236     0.109985     0.417392  
   237     0.109340     0.417495  
   238     0.108686     0.417338  
   239     0.108132     0.417368  
   240     0.107512     0.417103  
   241     0.106918     0.417104  
   242     0.106303     0.416858  
   243     0.105683     0.416719  
   244     0.105137     0.416428  
   245     0.104597     0.416319  
   246     0.104034     0.416379  
   247     0.103447     0.416278  
   248     0.102898     0.416128  
   249     0.102302     0.415834  
   250     0.101762     0.415654  
   251     0.101240     0.415505  
   252     0.100705     0.415531  
   253     0.100137     0.415241  
   254     0.099627     0.414888  
   255     0.099079     0.414578  
   256     0.098543     0.414452  
   257     0.098006     0.414350  
   258     0.097485     0.414527  
   259     0.096949     0.414497  
   260     0.096426     0.414379  
   261     0.095946     0.414139  
   262     0.095441     0.414134  
   263     0.094925     0.414132  
   264     0.094426     0.414122  
   265     0.093931     0.414134  
   266     0.093397     0.414071  
   267     0.092903     0.414077  
   268     0.092423     0.414022  
   269     0.091932     0.414105  
   270     0.091480     0.414176  
   271     0.090984     0.414116  
   272     0.090483     0.413688  
   273     0.090055     0.413603  
   274     0.089580     0.413437  
   275     0.089113     0.413429  
   276     0.088598     0.413350  
   277     0.088147     0.413297  
   278     0.087675     0.413376  
   279     0.087206     0.413587  
   280     0.086723     0.413685  
   281     0.086236     0.413637  
   282     0.085797     0.413688  
   283     0.085308     0.413649  
   284     0.084848     0.413682  
   285     0.084426     0.413601  
   286     0.083976     0.413317  
   287     0.083499     0.413260  
   288     0.083087     0.413201  
   289     0.082607     0.413167  
   290     0.082180     0.413333  
   291     0.081746     0.413285  
   292     0.081312     0.413212  
   293     0.080900     0.413226  
   294     0.080483     0.413213  
   295     0.080064     0.413228  
   296     0.079594     0.413139  
   297     0.079197     0.413140  
   298     0.078804     0.413105  
   299     0.078398     0.412969  
   300     0.077992     0.412680  
   301     0.077511     0.412570  
   302     0.077102     0.412452  
   303     0.076709     0.412227  
   304     0.076276     0.412178  
   305     0.075888     0.411986  
   306     0.075472     0.411740  
   307     0.075088     0.411618  
   308     0.074682     0.411497  
   309     0.074296     0.411348  
   310     0.073948     0.411234  
   311     0.073545     0.411009  
   312     0.073133     0.410709  
   313     0.072793     0.410589  
   314     0.072416     0.410454  
   315     0.072074     0.410408  
   316     0.071688     0.410412  
   317     0.071333     0.410439  
   318     0.070945     0.410349  
   319     0.070552     0.410317  
   320     0.070187     0.410220  
   321     0.069818     0.410312  
   322     0.069466     0.410374  
   323     0.069101     0.410440  
   324     0.068734     0.410552  
   325     0.068374     0.410388  
   326     0.068029     0.410133  
   327     0.067674     0.410135  
   328     0.067361     0.409954  
   329     0.066997     0.410029  
   330     0.066643     0.409927  
   331     0.066313     0.409801  
   332     0.065986     0.409806  
   333     0.065645     0.409806  
   334     0.065298     0.409849  
   335     0.064960     0.409788  
   336     0.064650     0.409700  
   337     0.064318     0.409716  
   338     0.063977     0.409752  
   339     0.063668     0.409753  
   340     0.063353     0.409705  
   341     0.063002     0.409881  
   342     0.062684     0.409891  
   343     0.062363     0.409845  
   344     0.062041     0.409645  
   345     0.061713     0.409734  
   346     0.061418     0.409747  
   347     0.061132     0.409721  
   348     0.060855     0.409683  
   349     0.060554     0.409677  
   350     0.060256     0.409668  
   351     0.059959     0.409766  
   352     0.059650     0.409767  
   353     0.059341     0.409609  
   354     0.059054     0.409506  
   355     0.058771     0.409427  
   356     0.058490     0.409223  
   357     0.058212     0.409170  
   358     0.057954     0.409141  
   359     0.057645     0.409093  
   360     0.057377     0.408961  
   361     0.057091     0.408889  
   362     0.056792     0.409001  
   363     0.056514     0.408976  
   364     0.056235     0.409014  
   365     0.055957     0.408882  
   366     0.055661     0.408827  
   367     0.055395     0.408767  
   368     0.055107     0.408575  
   369     0.054844     0.408639  
   370     0.054532     0.408719  
   371     0.054250     0.408725  
   372     0.053970     0.408752  
   373     0.053674     0.408824  
   374     0.053402     0.408845  
   375     0.053140     0.408727  
   376     0.052885     0.408642  
   377     0.052607     0.408527  
   378     0.052331     0.408359  
   379     0.052079     0.408392  
   380     0.051817     0.408270  
   381     0.051547     0.408328  
   382     0.051318     0.408250  
   383     0.051057     0.408160  
   384     0.050795     0.408097  
   385     0.050540     0.407989  
   386     0.050279     0.407891  
   387     0.050035     0.407853  
   388     0.049784     0.407944  
   389     0.049525     0.407948  
   390     0.049290     0.408083  
   391     0.049041     0.408047  
   392     0.048804     0.408002  
   393     0.048566     0.407913  
   394     0.048320     0.407934  
   395     0.048076     0.407930  
   396     0.047845     0.407681  
   397     0.047594     0.407629  
   398     0.047388     0.407550  
   399     0.047145     0.407492  
   400     0.046940     0.407447  
   401     0.046710     0.407455  
   402     0.046487     0.407383  
   403     0.046255     0.407363  
   404     0.046042     0.407340  
   405     0.045807     0.407251  
   406     0.045584     0.407151  
   407     0.045373     0.407102  
   408     0.045161     0.407018  
   409     0.044919     0.407005  
   410     0.044685     0.406900  
   411     0.044481     0.406963  
   412     0.044266     0.406963  
   413     0.044053     0.406965  
   414     0.043849     0.406923  
   415     0.043629     0.406818  
   416     0.043423     0.406758  
   417     0.043215     0.406860  
   418     0.042985     0.406917  
   419     0.042779     0.406891  
   420     0.042583     0.406827  
   421     0.042354     0.406926  
   422     0.042136     0.406767  
   423     0.041938     0.406771  
   424     0.041719     0.406738  
   425     0.041511     0.406740  
   426     0.041300     0.406729  
   427     0.041095     0.406695  
   428     0.040895     0.406616  
   429     0.040692     0.406560  
   430     0.040497     0.406524  
   431     0.040303     0.406590  
   432     0.040127     0.406563  
   433     0.039923     0.406558  
   434     0.039719     0.406491  
   435     0.039527     0.406617  
   436     0.039326     0.406537  
   437     0.039156     0.406650  
   438     0.038971     0.406575  
   439     0.038781     0.406425  
   440     0.038577     0.406590  
   441     0.038390     0.406654  
   442     0.038213     0.406562  
   443     0.038006     0.406591  
   444     0.037835     0.406644  
   445     0.037655     0.406527  
   446     0.037486     0.406410  
   447     0.037301     0.406489  
   448     0.037118     0.406565  
   449     0.036938     0.406539  
   450     0.036747     0.406606  
   451     0.036563     0.406544  
   452     0.036376     0.406726  
   453     0.036200     0.406800  
   454     0.036012     0.406622  
   455     0.035835     0.406682  
   456     0.035662     0.406632  
   457     0.035504     0.406654  
   458     0.035323     0.406558  
   459     0.035135     0.406565  
   460     0.034949     0.406468  
   461     0.034785     0.406413  
   462     0.034620     0.406435  
   463     0.034448     0.406473  
   464     0.034293     0.406530  
   465     0.034122     0.406514  
   466     0.033966     0.406578  
   467     0.033809     0.406485  
   468     0.033640     0.406368  
   469     0.033463     0.406247  
   470     0.033289     0.406263  
   471     0.033127     0.406267  
   472     0.032958     0.406287  
   473     0.032814     0.406290  
   474     0.032671     0.406188  
   475     0.032515     0.406173  
   476     0.032360     0.406187  
   477     0.032189     0.406212  
   478     0.032039     0.406222  
   479     0.031892     0.406083  
   480     0.031743     0.406062  
   481     0.031606     0.406099  
   482     0.031449     0.405982  
   483     0.031291     0.406013  
   484     0.031136     0.406069  
   485     0.030973     0.405954  
   486     0.030813     0.405982  
   487     0.030682     0.406018  
   488     0.030530     0.406071  
   489     0.030390     0.406121  
   490     0.030243     0.406140  
   491     0.030081     0.406130  
   492     0.029932     0.406152  
   493     0.029780     0.406088  
   494     0.029631     0.406034  
   495     0.029494     0.406021  
   496     0.029348     0.405983  
   497     0.029216     0.405901  
   498     0.029080     0.405879  
   499     0.028953     0.405863  
   500     0.028835     0.405792  
   501     0.028703     0.405696  
   502     0.028580     0.405759  
   503     0.028444     0.405757  
   504     0.028294     0.405703  
   505     0.028161     0.405635  
   506     0.028039     0.405738  
   507     0.027919     0.405733  
   508     0.027790     0.405610  
   509     0.027655     0.405613  
   510     0.027530     0.405578  
   511     0.027401     0.405607  
   512     0.027260     0.405619  
   513     0.027140     0.405638  
   514     0.027005     0.405615  
   515     0.026882     0.405594  
   516     0.026749     0.405563  
   517     0.026621     0.405579  
   518     0.026492     0.405637  
   519     0.026357     0.405543  
   520     0.026231     0.405560  
   521     0.026101     0.405550  
   522     0.025993     0.405582  
   523     0.025867     0.405606  
   524     0.025753     0.405572  
   525     0.025626     0.405552  
   526     0.025510     0.405474  
   527     0.025409     0.405418  
   528     0.025288     0.405469  
   529     0.025165     0.405616  
   530     0.025051     0.405519  
   531     0.024932     0.405461  
   532     0.024816     0.405445  
   533     0.024695     0.405421  
   534     0.024587     0.405397  
   535     0.024474     0.405477  
   536     0.024368     0.405495  
   537     0.024251     0.405321  
   538     0.024138     0.405261  
   539     0.024034     0.405332  
   540     0.023927     0.405301  
   541     0.023816     0.405282  
   542     0.023707     0.405323  
   543     0.023598     0.405365  
   544     0.023482     0.405388  
   545     0.023366     0.405391  
   546     0.023254     0.405250  
   547     0.023139     0.405259  
   548     0.023027     0.405263  
   549     0.022918     0.405131  
   550     0.022818     0.405147  
   551     0.022704     0.405182  
   552     0.022592     0.405178  
   553     0.022485     0.405143  
   554     0.022385     0.405087  
   555     0.022285     0.405078  
   556     0.022174     0.404981  
   557     0.022074     0.404916  
   558     0.021977     0.405022  
   559     0.021890     0.405014  
   560     0.021792     0.405028  
   561     0.021693     0.404978  
   562     0.021593     0.404931  
   563     0.021499     0.404891  
   564     0.021402     0.404856  
   565     0.021299     0.404873  
   566     0.021192     0.404867  
   567     0.021103     0.404886  
   568     0.020995     0.404875  
   569     0.020894     0.404868  
   570     0.020800     0.404848  
   571     0.020704     0.404820  
   572     0.020610     0.404785  
   573     0.020508     0.404722  
   574     0.020409     0.404735  
   575     0.020310     0.404665  
   576     0.020217     0.404589  
   577     0.020121     0.404510  
   578     0.020034     0.404513  
   579     0.019949     0.404473  
   580     0.019853     0.404438  
   581     0.019767     0.404234  
   582     0.019681     0.404241  
   583     0.019584     0.404345  
   584     0.019483     0.404262  
   585     0.019396     0.404384  
   586     0.019304     0.404363  
   587     0.019213     0.404406  
   588     0.019131     0.404331  
   589     0.019034     0.404376  
   590     0.018950     0.404350  
   591     0.018866     0.404305  
   592     0.018785     0.404209  
   593     0.018699     0.404194  
   594     0.018613     0.404260  
   595     0.018522     0.404241  
   596     0.018436     0.404313  
   597     0.018346     0.404270  
   598     0.018257     0.404270  
   599     0.018172     0.404324  
   600     0.018092     0.404244  
   601     0.018008     0.404226  
   602     0.017926     0.404183  
   603     0.017848     0.404181  
   604     0.017780     0.404202  
   605     0.017689     0.404227  
   606     0.017610     0.404208  
   607     0.017526     0.404216  
   608     0.017448     0.404266  
   609     0.017369     0.404248  
   610     0.017287     0.404255  
   611     0.017209     0.404201  
   612     0.017132     0.404137  
   613     0.017052     0.404160  
   614     0.016975     0.404106  
   615     0.016895     0.404122  
   616     0.016810     0.404055  
   617     0.016734     0.403996  
   618     0.016659     0.404049  
   619     0.016582     0.403949  
   620     0.016506     0.403899  
   621     0.016433     0.403844  
   622     0.016358     0.403871  
   623     0.016290     0.403847  
   624     0.016215     0.403816  
   625     0.016137     0.403813  
   626     0.016065     0.403782  
   627     0.015989     0.403734  
   628     0.015918     0.403728  
   629     0.015845     0.403812  
   630     0.015777     0.403719  
   631     0.015711     0.403738  
   632     0.015642     0.403740  
   633     0.015569     0.403685  
   634     0.015497     0.403651  
   635     0.015420     0.403630  
   636     0.015346     0.403626  
   637     0.015278     0.403607  
   638     0.015208     0.403589  
   639     0.015135     0.403533  
   640     0.015076     0.403506  
   641     0.015016     0.403443  
   642     0.014943     0.403490  
   643     0.014876     0.403444  
   644     0.014807     0.403454  
   645     0.014744     0.403463  
   646     0.014673     0.403476  
   647     0.014609     0.403569  
   648     0.014537     0.403545  
   649     0.014471     0.403543  
   650     0.014406     0.403508  
   651     0.014338     0.403496  
   652     0.014273     0.403528  
   653     0.014209     0.403636  
   654     0.014142     0.403614  
   655     0.014080     0.403534  
   656     0.014017     0.403500  
   657     0.013948     0.403434  
   658     0.013897     0.403369  
   659     0.013832     0.403394  
   660     0.013775     0.403333  
   661     0.013712     0.403337  
   662     0.013650     0.403285  
   663     0.013584     0.403240  
   664     0.013519     0.403249  
   665     0.013457     0.403213  
   666     0.013395     0.403217  
   667     0.013342     0.403262  
   668     0.013285     0.403322  
   669     0.013224     0.403402  
   670     0.013164     0.403416  
   671     0.013104     0.403421  
   672     0.013039     0.403410  
   673     0.012979     0.403449  
   674     0.012915     0.403480  
   675     0.012853     0.403528  
   676     0.012794     0.403520  
   677     0.012735     0.403584  
   678     0.012674     0.403542  
   679     0.012619     0.403535  
   680     0.012561     0.403519  
   681     0.012497     0.403487  
   682     0.012442     0.403471  
   683     0.012383     0.403504  
   684     0.012327     0.403478  
   685     0.012270     0.403522  
   686     0.012219     0.403500  
   687     0.012165     0.403498  
   688     0.012114     0.403442  
   689     0.012058     0.403394  
   690     0.012002     0.403323  
   691     0.011950     0.403267  
   692     0.011890     0.403224  
   693     0.011837     0.403214  
   694     0.011786     0.403229  
   695     0.011735     0.403112  
   696     0.011676     0.403081  
   697     0.011629     0.403047  
   698     0.011574     0.403059  
   699     0.011521     0.403075  
   700     0.011469     0.403027  
   701     0.011417     0.402948  
   702     0.011364     0.402953  
   703     0.011317     0.402898  
   704     0.011271     0.402899  
   705     0.011217     0.402838  
   706     0.011163     0.402862  
   707     0.011113     0.402791  
   708     0.011069     0.402792  
   709     0.011022     0.402822  
   710     0.010969     0.402869  
   711     0.010924     0.402861  
   712     0.010877     0.402813  
   713     0.010824     0.402784  
   714     0.010775     0.402783  
   715     0.010734     0.402834  
   716     0.010689     0.402852  
   717     0.010649     0.402886  
   718     0.010599     0.402869  
   719     0.010554     0.402866  
   720     0.010508     0.402843  
   721     0.010460     0.402787  
   722     0.010412     0.402779  
   723     0.010367     0.402749  
   724     0.010318     0.402739  
   725     0.010272     0.402703  
   726     0.010228     0.402645  
   727     0.010183     0.402599  
   728     0.010137     0.402561  
   729     0.010092     0.402530  
   730     0.010048     0.402494  
   731     0.010003     0.402500  
   732     0.009963     0.402522  
   733     0.009913     0.402554  
   734     0.009870     0.402581  
   735     0.009826     0.402564  
   736     0.009784     0.402546  
   737     0.009742     0.402487  
   738     0.009697     0.402467  
   739     0.009656     0.402428  
   740     0.009610     0.402394  
   741     0.009566     0.402405  
   742     0.009524     0.402401  
   743     0.009481     0.402437  
   744     0.009437     0.402469  
   745     0.009393     0.402472  
   746     0.009350     0.402497  
   747     0.009312     0.402448  
   748     0.009271     0.402402  
   749     0.009235     0.402431  
   750     0.009193     0.402432  
   751     0.009151     0.402479  
   752     0.009113     0.402495  
   753     0.009074     0.402514  
   754     0.009032     0.402520  
   755     0.008996     0.402564  
   756     0.008958     0.402613  
   757     0.008922     0.402606  
   758     0.008882     0.402606  
   759     0.008838     0.402607  
   760     0.008801     0.402588  
   761     0.008760     0.402590  
   762     0.008718     0.402649  
   763     0.008678     0.402592  
   764     0.008638     0.402519  
   765     0.008602     0.402501  
   766     0.008560     0.402583  
   767     0.008520     0.402566  
   768     0.008481     0.402579  
   769     0.008440     0.402582  
   770     0.008402     0.402534  
   771     0.008362     0.402507  
   772     0.008322     0.402470  
   773     0.008283     0.402420  
   774     0.008245     0.402402  
   775     0.008205     0.402422  
   776     0.008168     0.402418  
   777     0.008137     0.402402  
   778     0.008103     0.402375  
   779     0.008071     0.402329  
   780     0.008037     0.402292  
   781     0.008001     0.402282  
   782     0.007970     0.402251  
   783     0.007935     0.402216  
   784     0.007901     0.402235  
   785     0.007860     0.402223  
   786     0.007826     0.402220  
   787     0.007789     0.402221  
   788     0.007755     0.402258  
   789     0.007719     0.402264  
   790     0.007684     0.402217  
   791     0.007651     0.402185  
   792     0.007619     0.402180  
   793     0.007587     0.402214  
   794     0.007555     0.402243  
   795     0.007521     0.402208  
   796     0.007486     0.402247  
   797     0.007450     0.402267  
   798     0.007420     0.402289  
   799     0.007383     0.402313  
   800     0.007348     0.402285  
   801     0.007315     0.402266  
   802     0.007279     0.402313  
   803     0.007251     0.402322  
   804     0.007218     0.402228  
   805     0.007185     0.402283  
   806     0.007158     0.402274  
   807     0.007129     0.402284  
   808     0.007095     0.402301  
   809     0.007064     0.402292  
   810     0.007032     0.402306  
   811     0.007002     0.402252  
   812     0.006969     0.402260  
   813     0.006936     0.402239  
   814     0.006909     0.402204  
   815     0.006876     0.402148  
   816     0.006846     0.402090  
   817     0.006815     0.402125  
   818     0.006786     0.402084  
   819     0.006759     0.402032  
   820     0.006731     0.402087  
   821     0.006705     0.402044  
   822     0.006675     0.402028  
   823     0.006647     0.402038  
   824     0.006617     0.402033  
   825     0.006592     0.402059  
   826     0.006560     0.402080  
   827     0.006533     0.402139  
   828     0.006505     0.402170  
   829     0.006476     0.402167  
   830     0.006450     0.402171  
   831     0.006420     0.402134  
   832     0.006389     0.402142  
   833     0.006362     0.402082  
   834     0.006331     0.402055  
   835     0.006304     0.402063  
   836     0.006275     0.402072  
   837     0.006247     0.402078  
   838     0.006218     0.402127  
   839     0.006189     0.402116  
   840     0.006160     0.402084  
   841     0.006133     0.402051  
   842     0.006109     0.402045  
   843     0.006082     0.402028  
   844     0.006056     0.401971  
   845     0.006032     0.401940  
   846     0.006002     0.401899  
   847     0.005976     0.401869  
   848     0.005949     0.401840  
   849     0.005924     0.401800  
   850     0.005898     0.401831  
   851     0.005869     0.401819  
   852     0.005840     0.401850  
   853     0.005814     0.401804  
   854     0.005792     0.401790  
   855     0.005764     0.401759  
   856     0.005736     0.401779  
   857     0.005712     0.401800  
   858     0.005689     0.401794  
   859     0.005665     0.401786  
   860     0.005641     0.401768  
   861     0.005618     0.401736  
   862     0.005595     0.401744  
   863     0.005572     0.401700  
   864     0.005550     0.401673  
   865     0.005527     0.401656  
   866     0.005503     0.401629  
   867     0.005476     0.401614  
   868     0.005451     0.401638  
   869     0.005427     0.401622  
   870     0.005404     0.401634  
   871     0.005379     0.401642  
   872     0.005356     0.401666  
   873     0.005333     0.401678  
   874     0.005311     0.401666  
   875     0.005289     0.401655  
   876     0.005266     0.401640  
   877     0.005244     0.401615  
   878     0.005221     0.401604  
   879     0.005199     0.401588  
   880     0.005178     0.401569  
   881     0.005154     0.401510  
   882     0.005131     0.401478  
   883     0.005107     0.401481  
   884     0.005086     0.401471  
   885     0.005065     0.401481  
   886     0.005042     0.401499  
   887     0.005021     0.401533  
   888     0.004998     0.401511  
   889     0.004977     0.401532  
   890     0.004958     0.401523  
   891     0.004939     0.401543  
   892     0.004917     0.401513  
   893     0.004894     0.401540  
   894     0.004872     0.401550  
   895     0.004851     0.401557  
   896     0.004827     0.401562  
   897     0.004805     0.401570  
   898     0.004783     0.401552  
   899     0.004763     0.401564  
   900     0.004743     0.401512  
   901     0.004723     0.401482  
   902     0.004703     0.401506  
   903     0.004684     0.401535  
   904     0.004667     0.401524  
   905     0.004645     0.401541  
   906     0.004624     0.401538  
   907     0.004602     0.401552  
   908     0.004580     0.401526  
   909     0.004563     0.401535  
   910     0.004543     0.401519  
   911     0.004523     0.401530  
   912     0.004502     0.401501  
   913     0.004482     0.401528  
   914     0.004461     0.401516  
   915     0.004440     0.401513  
   916     0.004418     0.401461  
   917     0.004400     0.401408  
   918     0.004382     0.401382  
   919     0.004361     0.401381  
   920     0.004343     0.401390  
   921     0.004327     0.401402  
   922     0.004308     0.401442  
   923     0.004288     0.401412  
   924     0.004267     0.401418  
   925     0.004249     0.401435  
   926     0.004232     0.401425  
   927     0.004215     0.401405  
   928     0.004198     0.401375  
   929     0.004180     0.401381  
   930     0.004163     0.401368  
   931     0.004146     0.401378  
   932     0.004131     0.401361  
   933     0.004113     0.401418  
   934     0.004094     0.401397  
   935     0.004075     0.401364  
   936     0.004058     0.401345  
   937     0.004040     0.401339  
   938     0.004022     0.401317  
   939     0.004006     0.401303  
   940     0.003990     0.401316  
   941     0.003973     0.401297  
   942     0.003955     0.401292  
   943     0.003936     0.401309  
   944     0.003919     0.401301  
   945     0.003903     0.401267  
   946     0.003884     0.401226  
   947     0.003868     0.401220  
   948     0.003849     0.401204  
   949     0.003834     0.401220  
   950     0.003819     0.401205  
   951     0.003800     0.401235  
   952     0.003784     0.401226  
   953     0.003765     0.401206  
   954     0.003749     0.401200  
   955     0.003735     0.401210  
   956     0.003717     0.401191  
   957     0.003702     0.401228  
   958     0.003684     0.401231  
   959     0.003667     0.401267  
   960     0.003650     0.401259  
   961     0.003634     0.401249  
   962     0.003619     0.401240  
   963     0.003604     0.401206  
   964     0.003587     0.401204  
   965     0.003571     0.401242  
   966     0.003557     0.401243  
   967     0.003542     0.401238  
   968     0.003529     0.401209  
   969     0.003515     0.401189  
   970     0.003499     0.401154  
   971     0.003484     0.401131  
   972     0.003469     0.401071  
   973     0.003454     0.401060  
   974     0.003439     0.401054  
   975     0.003427     0.401053  
   976     0.003410     0.401043  
   977     0.003395     0.401027  
   978     0.003381     0.401049  
   979     0.003365     0.401011  
   980     0.003350     0.400997  
   981     0.003335     0.400982  
   982     0.003320     0.400944  
   983     0.003307     0.400983  
   984     0.003293     0.400962  
   985     0.003280     0.400954  
   986     0.003264     0.400943  
   987     0.003250     0.400976  
   988     0.003234     0.400993  
   989     0.003221     0.400996  
   990     0.003207     0.401028  
   991     0.003193     0.401006  
   992     0.003178     0.401013  
   993     0.003163     0.400980  
   994     0.003150     0.400973  
   995     0.003137     0.400978  
   996     0.003122     0.400978  
   997     0.003110     0.400992  
   998     0.003097     0.401011  
   999     0.003085     0.401032  
  1000     0.003071     0.401046  
  1001     0.003057     0.400997  
  1002     0.003045     0.400993  
  1003     0.003030     0.401008  
  1004     0.003016     0.400970  
  1005     0.003004     0.400989  
  1006     0.002992     0.400970  
  1007     0.002979     0.400942  
  1008     0.002967     0.400960  
  1009     0.002952     0.400915  
  1010     0.002940     0.400915  
  1011     0.002926     0.400839  
  1012     0.002913     0.400825  
  1013     0.002901     0.400823  
  1014     0.002889     0.400808  
  1015     0.002877     0.400832  
  1016     0.002865     0.400820  
  1017     0.002852     0.400825  
  1018     0.002841     0.400812  
  1019     0.002829     0.400845  
  1020     0.002816     0.400845  
  1021     0.002803     0.400841  
  1022     0.002789     0.400835  
  1023     0.002778     0.400853  
  1024     0.002766     0.400841  
  1025     0.002754     0.400829  
  1026     0.002740     0.400810  
  1027     0.002729     0.400801  
  1028     0.002718     0.400796  
  1029     0.002706     0.400800  
  1030     0.002695     0.400811  
  1031     0.002685     0.400791  
  1032     0.002674     0.400819  
  1033     0.002663     0.400813  
  1034     0.002651     0.400812  
  1035     0.002641     0.400837  
  1036     0.002630     0.400852  
  1037     0.002619     0.400843  
  1038     0.002608     0.400854  
  1039     0.002597     0.400839  
  1040     0.002587     0.400808  
  1041     0.002575     0.400790  
  1042     0.002565     0.400801  
  1043     0.002554     0.400795  
  1044     0.002544     0.400805  
  1045     0.002534     0.400819  
  1046     0.002523     0.400833  
  1047     0.002513     0.400844  
  1048     0.002503     0.400843  
  1049     0.002492     0.400839  
  1050     0.002481     0.400837  
  1051     0.002470     0.400860  
  1052     0.002460     0.400897  
  1053     0.002449     0.400906  
  1054     0.002440     0.400888  
  1055     0.002429     0.400881  
  1056     0.002421     0.400899  
  1057     0.002411     0.400877  
  1058     0.002400     0.400881  
  1059     0.002391     0.400892  
  1060     0.002381     0.400900  
  1061     0.002372     0.400871  
  1062     0.002362     0.400865  
  1063     0.002352     0.400862  
  1064     0.002341     0.400840  
  1065     0.002332     0.400803  
  1066     0.002322     0.400783  
  1067     0.002312     0.400767  
  1068     0.002303     0.400782  
  1069     0.002294     0.400784  
  1070     0.002285     0.400754  
  1071     0.002275     0.400751  
  1072     0.002266     0.400760  
  1073     0.002255     0.400751  
  1074     0.002246     0.400771  
  1075     0.002237     0.400776  
  1076     0.002228     0.400771  
  1077     0.002220     0.400769  
  1078     0.002211     0.400772  
  1079     0.002202     0.400774  
  1080     0.002193     0.400763  
  1081     0.002184     0.400779  
  1082     0.002175     0.400803  
  1083     0.002166     0.400793  
  1084     0.002157     0.400800  
  1085     0.002148     0.400800  
  1086     0.002139     0.400806  
  1087     0.002129     0.400790  
  1088     0.002121     0.400762  
  1089     0.002112     0.400737  
  1090     0.002104     0.400736  
  1091     0.002095     0.400727  
  1092     0.002087     0.400725  
  1093     0.002077     0.400706  
  1094     0.002069     0.400692  
  1095     0.002060     0.400674  
  1096     0.002050     0.400666  
  1097     0.002041     0.400697  
  1098     0.002033     0.400693  
  1099     0.002024     0.400694  
  1100     0.002015     0.400687  
  1101     0.002006     0.400689  
  1102     0.001998     0.400679  
  1103     0.001988     0.400707  
  1104     0.001979     0.400681  
  1105     0.001970     0.400645  
  1106     0.001962     0.400648  
  1107     0.001954     0.400641  
  1108     0.001946     0.400622  
  1109     0.001937     0.400608  
  1110     0.001929     0.400595  
  1111     0.001920     0.400608  
  1112     0.001912     0.400616  
  1113     0.001904     0.400616  
  1114     0.001896     0.400619  
  1115     0.001886     0.400598  
  1116     0.001879     0.400616  
  1117     0.001869     0.400577  
  1118     0.001860     0.400521  
  1119     0.001852     0.400525  
  1120     0.001845     0.400514  
  1121     0.001838     0.400507  
  1122     0.001829     0.400475  
  1123     0.001821     0.400440  
  1124     0.001814     0.400417  
  1125     0.001807     0.400412  
  1126     0.001800     0.400425  
  1127     0.001791     0.400436  
  1128     0.001784     0.400427  
  1129     0.001776     0.400431  
  1130     0.001768     0.400425  
  1131     0.001761     0.400433  
  1132     0.001753     0.400423  
  1133     0.001746     0.400413  
  1134     0.001738     0.400398  
  1135     0.001731     0.400392  
  1136     0.001724     0.400393  
  1137     0.001717     0.400432  
  1138     0.001709     0.400390  
  1139     0.001702     0.400389  
  1140     0.001695     0.400388  
  1141     0.001688     0.400393  
  1142     0.001680     0.400403  
  1143     0.001673     0.400423  
  1144     0.001666     0.400428  
  1145     0.001659     0.400410  
  1146     0.001652     0.400416  
  1147     0.001646     0.400397  
  1148     0.001639     0.400384  
  1149     0.001631     0.400385  
  1150     0.001625     0.400390  
  1151     0.001617     0.400370  
  1152     0.001610     0.400369  
  1153     0.001604     0.400359  
  1154     0.001596     0.400325  
  1155     0.001589     0.400314  
  1156     0.001583     0.400351  
  1157     0.001576     0.400328  
  1158     0.001568     0.400318  
  1159     0.001562     0.400331  
  1160     0.001556     0.400328  
  1161     0.001550     0.400302  
  1162     0.001543     0.400296  
  1163     0.001536     0.400271  
  1164     0.001530     0.400287  
  1165     0.001523     0.400289  
  1166     0.001517     0.400294  
  1167     0.001512     0.400280  
  1168     0.001506     0.400271  
  1169     0.001500     0.400255  
  1170     0.001494     0.400255  
  1171     0.001488     0.400251  
  1172     0.001482     0.400229  
  1173     0.001475     0.400204  
  1174     0.001469     0.400213  
  1175     0.001462     0.400198  
  1176     0.001456     0.400178  
  1177     0.001450     0.400176  
  1178     0.001445     0.400178  
  1179     0.001438     0.400169  
  1180     0.001432     0.400174  
  1181     0.001426     0.400163  
  1182     0.001421     0.400160  
  1183     0.001416     0.400139  
  1184     0.001410     0.400139  
  1185     0.001404     0.400122  
  1186     0.001397     0.400112  
  1187     0.001391     0.400104  
  1188     0.001384     0.400088  
  1189     0.001379     0.400066  
  1190     0.001373     0.400057  
  1191     0.001367     0.400077  
  1192     0.001362     0.400088  
  1193     0.001356     0.400098  
  1194     0.001351     0.400111  
  1195     0.001344     0.400114  
  1196     0.001339     0.400116  
  1197     0.001333     0.400129  
  1198     0.001327     0.400109  
  1199     0.001322     0.400092  
  1200     0.001316     0.400096  
  1201     0.001311     0.400105  
  1202     0.001306     0.400119  
  1203     0.001300     0.400127  
  1204     0.001295     0.400126  
  1205     0.001289     0.400099  
  1206     0.001284     0.400098  
  1207     0.001279     0.400114  
  1208     0.001273     0.400117  
  1209     0.001268     0.400123  
  1210     0.001263     0.400139  
  1211     0.001256     0.400106  
  1212     0.001250     0.400104  
  1213     0.001245     0.400089  
  1214     0.001240     0.400103  
  1215     0.001235     0.400100  
  1216     0.001230     0.400099  
  1217     0.001224     0.400076  
  1218     0.001218     0.400073  
  1219     0.001213     0.400077  
  1220     0.001209     0.400081  
  1221     0.001204     0.400090  
  1222     0.001199     0.400089  
  1223     0.001193     0.400090  
  1224     0.001188     0.400084  
  1225     0.001184     0.400092  
  1226     0.001179     0.400079  
  1227     0.001174     0.400078  
  1228     0.001168     0.400059  
  1229     0.001163     0.400043  
  1230     0.001159     0.400045  
  1231     0.001154     0.400031  
  1232     0.001149     0.400024  
  1233     0.001145     0.399996  
  1234     0.001140     0.399987  
  1235     0.001135     0.399977  
  1236     0.001130     0.399952  
  1237     0.001126     0.399943  
  1238     0.001120     0.399933  
  1239     0.001116     0.399936  
  1240     0.001111     0.399921  
  1241     0.001107     0.399909  
  1242     0.001102     0.399891  
  1243     0.001097     0.399913  
  1244     0.001093     0.399917  
  1245     0.001089     0.399913  
  1246     0.001084     0.399901  
  1247     0.001080     0.399889  
  1248     0.001076     0.399892  
  1249     0.001071     0.399888  
  1250     0.001066     0.399880  
  1251     0.001062     0.399895  
  1252     0.001058     0.399895  
  1253     0.001054     0.399903  
  1254     0.001049     0.399905  
  1255     0.001045     0.399927  
  1256     0.001041     0.399930  
  1257     0.001036     0.399935  
  1258     0.001032     0.399944  
  1259     0.001027     0.399940  
  1260     0.001023     0.399932  
  1261     0.001019     0.399934  
  1262     0.001014     0.399907  
  1263     0.001010     0.399913  
  1264     0.001006     0.399902  
  1265     0.001002     0.399904  
  1266     0.000997     0.399909  
  1267     0.000994     0.399898  
  1268     0.000989     0.399893  
  1269     0.000985     0.399881  
  1270     0.000981     0.399874  
  1271     0.000977     0.399881  
  1272     0.000973     0.399892  
  1273     0.000968     0.399900  
  1274     0.000964     0.399880  
  1275     0.000960     0.399877  
  1276     0.000956     0.399888  
  1277     0.000952     0.399903  
  1278     0.000948     0.399902  
  1279     0.000944     0.399887  
  1280     0.000940     0.399890  
  1281     0.000936     0.399885  
  1282     0.000933     0.399899  
  1283     0.000929     0.399889  
  1284     0.000925     0.399889  
  1285     0.000922     0.399885  
  1286     0.000918     0.399890  
  1287     0.000914     0.399890  
  1288     0.000910     0.399881  
  1289     0.000906     0.399904  
  1290     0.000903     0.399900  
  1291     0.000899     0.399881  
  1292     0.000895     0.399880  
  1293     0.000892     0.399863  
  1294     0.000888     0.399837  
  1295     0.000884     0.399826  
  1296     0.000881     0.399827  
  1297     0.000878     0.399823  
  1298     0.000874     0.399833  
  1299     0.000870     0.399825  
  1300     0.000867     0.399828  
  1301     0.000863     0.399820  
  1302     0.000860     0.399816  
  1303     0.000856     0.399804  
  1304     0.000853     0.399802  
  1305     0.000849     0.399798  
  1306     0.000845     0.399797  
  1307     0.000842     0.399806  
  1308     0.000839     0.399814  
  1309     0.000836     0.399818  
  1310     0.000832     0.399811  
  1311     0.000829     0.399815  
  1312     0.000826     0.399819  
  1313     0.000822     0.399833  
  1314     0.000818     0.399823  
  1315     0.000815     0.399816  
  1316     0.000811     0.399800  
  1317     0.000808     0.399805  
  1318     0.000805     0.399796  
  1319     0.000802     0.399786  
  1320     0.000798     0.399787  
  1321     0.000795     0.399797  
  1322     0.000792     0.399806  
  1323     0.000789     0.399796  
  1324     0.000786     0.399792  
  1325     0.000782     0.399791  
  1326     0.000779     0.399800  
  1327     0.000775     0.399803  
  1328     0.000772     0.399790  
  1329     0.000769     0.399806  
  1330     0.000766     0.399804  
  1331     0.000763     0.399799  
  1332     0.000759     0.399787  
  1333     0.000757     0.399776  
  1334     0.000753     0.399790  
  1335     0.000750     0.399796  
  1336     0.000747     0.399778  
  1337     0.000744     0.399773  
  1338     0.000741     0.399775  
  1339     0.000738     0.399772  
  1340     0.000735     0.399779  
  1341     0.000732     0.399795  
  1342     0.000730     0.399793  
  1343     0.000727     0.399788  
  1344     0.000724     0.399788  
  1345     0.000721     0.399783  
  1346     0.000718     0.399777  
  1347     0.000715     0.399778  
  1348     0.000712     0.399771  
  1349     0.000709     0.399759  
  1350     0.000706     0.399771  
  1351     0.000703     0.399768  
  1352     0.000700     0.399751  
  1353     0.000696     0.399766  
  1354     0.000694     0.399760  
  1355     0.000691     0.399753  
  1356     0.000688     0.399765  
  1357     0.000685     0.399777  
  1358     0.000682     0.399778  
  1359     0.000679     0.399767  
  1360     0.000676     0.399765  
  1361     0.000673     0.399760  
  1362     0.000671     0.399762  
  1363     0.000668     0.399761  
  1364     0.000666     0.399765  
  1365     0.000663     0.399771  
  1366     0.000661     0.399766  
  1367     0.000658     0.399764  
  1368     0.000655     0.399768  
  1369     0.000653     0.399755  
  1370     0.000650     0.399765  
  1371     0.000647     0.399774  
  1372     0.000645     0.399753  
  1373     0.000642     0.399739  
  1374     0.000639     0.399751  
  1375     0.000637     0.399738  
  1376     0.000634     0.399741  
  1377     0.000632     0.399742  
  1378     0.000629     0.399724  
  1379     0.000626     0.399721  
  1380     0.000624     0.399736  
  1381     0.000621     0.399745  
  1382     0.000619     0.399747  
  1383     0.000616     0.399734  
  1384     0.000613     0.399728  
  1385     0.000611     0.399735  
  1386     0.000608     0.399722  
  1387     0.000605     0.399711  
  1388     0.000603     0.399711  
  1389     0.000600     0.399706  
  1390     0.000598     0.399693  
  1391     0.000595     0.399688  
  1392     0.000593     0.399679  
  1393     0.000590     0.399686  
  1394     0.000588     0.399698  
  1395     0.000586     0.399702  
  1396     0.000583     0.399707  
  1397     0.000581     0.399692  
  1398     0.000578     0.399687  
  1399     0.000576     0.399687  
  1400     0.000573     0.399691  
  1401     0.000571     0.399676  
  1402     0.000569     0.399671  
  1403     0.000566     0.399671  
  1404     0.000564     0.399675  
  1405     0.000562     0.399680  
  1406     0.000559     0.399671  
  1407     0.000557     0.399668  
  1408     0.000555     0.399666  
  1409     0.000552     0.399661  
  1410     0.000550     0.399650  
  1411     0.000548     0.399648  
  1412     0.000546     0.399652  
  1413     0.000544     0.399650  
  1414     0.000542     0.399659  
  1415     0.000540     0.399657  
  1416     0.000537     0.399651  
  1417     0.000535     0.399650  
  1418     0.000533     0.399658  
  1419     0.000531     0.399661  
  1420     0.000529     0.399660  
  1421     0.000527     0.399657  
  1422     0.000524     0.399654  
  1423     0.000522     0.399649  
  1424     0.000520     0.399658  
  1425     0.000518     0.399648  
  1426     0.000516     0.399646  
  1427     0.000514     0.399641  
  1428     0.000512     0.399639  
  1429     0.000510     0.399630  
  1430     0.000508     0.399625  
  1431     0.000506     0.399629  
  1432     0.000504     0.399632  
  1433     0.000502     0.399632  
  1434     0.000500     0.399637  
  1435     0.000498     0.399633  
  1436     0.000496     0.399639  
  1437     0.000493     0.399646  
  1438     0.000491     0.399657  
  1439     0.000490     0.399655  
  1440     0.000488     0.399655  
  1441     0.000486     0.399661  
  1442     0.000484     0.399669  
  1443     0.000482     0.399666  
  1444     0.000480     0.399663  
  1445     0.000478     0.399654  
  1446     0.000476     0.399653  
  1447     0.000474     0.399646  
  1448     0.000472     0.399638  
  1449     0.000470     0.399629  
  1450     0.000469     0.399626  
  1451     0.000467     0.399618  
  1452     0.000465     0.399619  
  1453     0.000463     0.399627  
  1454     0.000461     0.399625  
  1455     0.000459     0.399612  
  1456     0.000457     0.399620  
  1457     0.000456     0.399624  
  1458     0.000454     0.399628  
  1459     0.000452     0.399635  
  1460     0.000450     0.399629  
  1461     0.000448     0.399628  
  1462     0.000446     0.399630  
  1463     0.000445     0.399638  
  1464     0.000443     0.399642  
  1465     0.000441     0.399645  
  1466     0.000439     0.399646  
  1467     0.000437     0.399661  
  1468     0.000435     0.399661  
  1469     0.000434     0.399662  
  1470     0.000432     0.399661  
  1471     0.000430     0.399662  
  1472     0.000428     0.399661  
  1473     0.000427     0.399655  
  1474     0.000425     0.399649  
  1475     0.000423     0.399639  
  1476     0.000421     0.399637  
  1477     0.000420     0.399642  
  1478     0.000418     0.399643  
  1479     0.000416     0.399647  
  1480     0.000414     0.399641  
  1481     0.000413     0.399647  
  1482     0.000411     0.399648  
  1483     0.000409     0.399642  
  1484     0.000408     0.399630  
  1485     0.000406     0.399624  
  1486     0.000404     0.399622  
  1487     0.000403     0.399625  
  1488     0.000401     0.399624  
  1489     0.000400     0.399613  
  1490     0.000398     0.399608  
  1491     0.000397     0.399609  
  1492     0.000395     0.399606  
  1493     0.000394     0.399618  
  1494     0.000392     0.399625  
  1495     0.000390     0.399626  
  1496     0.000389     0.399623  
  1497     0.000387     0.399613  
  1498     0.000385     0.399606  
  1499     0.000384     0.399605  
  1500     0.000383     0.399607  
  1501     0.000381     0.399604  
  1502     0.000380     0.399615  
  1503     0.000378     0.399626  
  1504     0.000376     0.399624  
  1505     0.000375     0.399618  
  1506     0.000374     0.399618  
  1507     0.000372     0.399630  
  1508     0.000371     0.399632  
  1509     0.000369     0.399628  
  1510     0.000368     0.399628  
  1511     0.000366     0.399625  
  1512     0.000364     0.399619  
  1513     0.000363     0.399613  
  1514     0.000361     0.399628  
  1515     0.000360     0.399617  
  1516     0.000358     0.399625  
  1517     0.000357     0.399621  
  1518     0.000356     0.399619  
  1519     0.000354     0.399624  
  1520     0.000353     0.399630  
  1521     0.000351     0.399622  
  1522     0.000350     0.399617  
  1523     0.000348     0.399617  
  1524     0.000347     0.399619  
  1525     0.000345     0.399612  
  1526     0.000344     0.399612  
  1527     0.000343     0.399604  
  1528     0.000342     0.399604  
  1529     0.000340     0.399606  
  1530     0.000339     0.399609  
  1531     0.000337     0.399617  
  1532     0.000336     0.399616  
  1533     0.000335     0.399620  
  1534     0.000334     0.399616  
  1535     0.000332     0.399610  
  1536     0.000331     0.399603  
  1537     0.000330     0.399591  
  1538     0.000328     0.399591  
  1539     0.000327     0.399581  
  1540     0.000325     0.399575  
  1541     0.000324     0.399564  
  1542     0.000323     0.399559  
  1543     0.000322     0.399558  
  1544     0.000320     0.399559  
  1545     0.000319     0.399568  
  1546     0.000318     0.399577  
  1547     0.000317     0.399575  
  1548     0.000315     0.399576  
  1549     0.000314     0.399575  
  1550     0.000313     0.399582  
  1551     0.000311     0.399586  
  1552     0.000310     0.399585  
  1553     0.000309     0.399577  
  1554     0.000308     0.399579  
  1555     0.000306     0.399578  
  1556     0.000305     0.399572  
  1557     0.000304     0.399567  
  1558     0.000303     0.399567  
  1559     0.000301     0.399575  
  1560     0.000300     0.399576  
  1561     0.000299     0.399563  
  1562     0.000298     0.399561  
  1563     0.000296     0.399563  
  1564     0.000295     0.399568  
  1565     0.000294     0.399566  
  1566     0.000293     0.399554  
  1567     0.000292     0.399551  
  1568     0.000290     0.399553  
  1569     0.000289     0.399552  
  1570     0.000288     0.399546  
  1571     0.000287     0.399555  
  1572     0.000286     0.399550  
  1573     0.000285     0.399564  
  1574     0.000284     0.399557  
  1575     0.000282     0.399551  
  1576     0.000281     0.399544  
  1577     0.000280     0.399548  
  1578     0.000279     0.399552  
  1579     0.000278     0.399559  
  1580     0.000277     0.399562  
  1581     0.000276     0.399559  
  1582     0.000275     0.399561  
  1583     0.000274     0.399562  
  1584     0.000273     0.399557  
  1585     0.000272     0.399554  
  1586     0.000270     0.399555  
  1587     0.000269     0.399560  
  1588     0.000268     0.399557  
  1589     0.000267     0.399554  
  1590     0.000266     0.399553  
  1591     0.000265     0.399547  
  1592     0.000264     0.399539  
  1593     0.000263     0.399543  
  1594     0.000262     0.399547  
  1595     0.000261     0.399551  
  1596     0.000259     0.399543  
  1597     0.000258     0.399551  
  1598     0.000257     0.399549  
  1599     0.000256     0.399543  
  1600     0.000255     0.399539  
  1601     0.000254     0.399532  
  1602     0.000253     0.399537  
  1603     0.000252     0.399544  
  1604     0.000251     0.399542  
  1605     0.000250     0.399539  
  1606     0.000249     0.399541  
  1607     0.000248     0.399545  
  1608     0.000247     0.399544  
  1609     0.000246     0.399530  
  1610     0.000245     0.399532  
  1611     0.000244     0.399535  
  1612     0.000243     0.399537  
  1613     0.000242     0.399528  
  1614     0.000241     0.399520  
  1615     0.000240     0.399520  
  1616     0.000239     0.399514  
  1617     0.000238     0.399516  
  1618     0.000237     0.399514  
  1619     0.000236     0.399509  
  1620     0.000235     0.399509  
  1621     0.000234     0.399513  
  1622     0.000233     0.399517  
  1623     0.000233     0.399527  
  1624     0.000232     0.399526  
  1625     0.000231     0.399532  
  1626     0.000230     0.399533  
  1627     0.000229     0.399530  
  1628     0.000228     0.399528  
  1629     0.000227     0.399534  
  1630     0.000226     0.399532  
  1631     0.000225     0.399531  
  1632     0.000224     0.399529  
  1633     0.000224     0.399532  
  1634     0.000223     0.399519  
  1635     0.000222     0.399516  
  1636     0.000221     0.399521  
  1637     0.000220     0.399518  
  1638     0.000219     0.399519  
  1639     0.000218     0.399516  
  1640     0.000217     0.399524  
  1641     0.000217     0.399521  
  1642     0.000216     0.399529  
  1643     0.000215     0.399520  
  1644     0.000214     0.399514  
  1645     0.000213     0.399518  
  1646     0.000212     0.399518  
  1647     0.000211     0.399517  
  1648     0.000211     0.399522  
  1649     0.000210     0.399512  
  1650     0.000209     0.399504  
  1651     0.000208     0.399509  
  1652     0.000207     0.399506  
  1653     0.000207     0.399501  
  1654     0.000206     0.399495  
  1655     0.000205     0.399500  
  1656     0.000204     0.399497  
  1657     0.000203     0.399499  
  1658     0.000202     0.399499  
  1659     0.000202     0.399496  
  1660     0.000201     0.399487  
  1661     0.000200     0.399488  
  1662     0.000199     0.399488  
  1663     0.000198     0.399487  
  1664     0.000198     0.399486  
  1665     0.000197     0.399492  
  1666     0.000196     0.399486  
  1667     0.000195     0.399484  
  1668     0.000194     0.399488  
  1669     0.000193     0.399500  
  1670     0.000193     0.399486  
  1671     0.000192     0.399493  
  1672     0.000191     0.399492  
  1673     0.000190     0.399492  
  1674     0.000189     0.399491  
  1675     0.000189     0.399490  
  1676     0.000188     0.399495  
  1677     0.000187     0.399495  
  1678     0.000187     0.399493  
  1679     0.000186     0.399489  
  1680     0.000185     0.399487  
  1681     0.000184     0.399496  
  1682     0.000184     0.399490  
  1683     0.000183     0.399497  
  1684     0.000182     0.399499  
  1685     0.000181     0.399500  
  1686     0.000181     0.399502  
  1687     0.000180     0.399505  
  1688     0.000179     0.399497  
  1689     0.000179     0.399504  
  1690     0.000178     0.399502  
  1691     0.000177     0.399492  
  1692     0.000176     0.399488  
  1693     0.000176     0.399480  
  1694     0.000175     0.399482  
  1695     0.000174     0.399481  
  1696     0.000174     0.399475  
  1697     0.000173     0.399474  
  1698     0.000172     0.399472  
  1699     0.000171     0.399474  
  1700     0.000171     0.399475  
  1701     0.000170     0.399471  
  1702     0.000169     0.399471  
  1703     0.000169     0.399470  
  1704     0.000168     0.399468  
  1705     0.000167     0.399458  
  1706     0.000167     0.399455  
  1707     0.000166     0.399443  
  1708     0.000165     0.399440  
  1709     0.000165     0.399439  
  1710     0.000164     0.399435  
  1711     0.000164     0.399433  
  1712     0.000163     0.399428  
  1713     0.000162     0.399431  
  1714     0.000162     0.399433  
  1715     0.000161     0.399433  
  1716     0.000160     0.399434  
  1717     0.000160     0.399434  
  1718     0.000159     0.399438  
  1719     0.000159     0.399425  
  1720     0.000158     0.399418  
  1721     0.000157     0.399413  
  1722     0.000157     0.399420  
  1723     0.000156     0.399414  
  1724     0.000156     0.399409  
  1725     0.000155     0.399406  
  1726     0.000154     0.399409  
  1727     0.000154     0.399399  
  1728     0.000153     0.399390  
  1729     0.000152     0.399381  
  1730     0.000152     0.399380  
  1731     0.000151     0.399378  
  1732     0.000150     0.399378  
  1733     0.000150     0.399383  
  1734     0.000149     0.399382  
  1735     0.000149     0.399382  
  1736     0.000148     0.399380  
  1737     0.000147     0.399371  
  1738     0.000147     0.399367  
  1739     0.000146     0.399368  
  1740     0.000146     0.399362  
  1741     0.000145     0.399362  
  1742     0.000145     0.399364  
  1743     0.000144     0.399375  
  1744     0.000143     0.399374  
  1745     0.000143     0.399373  
  1746     0.000142     0.399375  
  1747     0.000142     0.399372  
  1748     0.000141     0.399370  
  1749     0.000140     0.399369  
  1750     0.000140     0.399365  
  1751     0.000139     0.399367  
  1752     0.000139     0.399368  
  1753     0.000138     0.399366  
  1754     0.000138     0.399364  
  1755     0.000137     0.399354  
  1756     0.000137     0.399355  
  1757     0.000136     0.399364  
  1758     0.000136     0.399359  
  1759     0.000135     0.399356  
  1760     0.000134     0.399348  
  1761     0.000134     0.399349  
  1762     0.000133     0.399346  
  1763     0.000133     0.399340  
  1764     0.000132     0.399337  
  1765     0.000132     0.399336  * best
  1766     0.000131     0.399339  
  1767     0.000131     0.399337  
  1768     0.000130     0.399339  
  1769     0.000130     0.399343  
  1770     0.000129     0.399345  
  1771     0.000129     0.399340  
  1772     0.000128     0.399351  
  1773     0.000128     0.399357  
  1774     0.000127     0.399355  
  1775     0.000127     0.399359  
  1776     0.000126     0.399359  
  1777     0.000126     0.399354  
  1778     0.000125     0.399361  
  1779     0.000125     0.399367  
  1780     0.000124     0.399369  
  1781     0.000124     0.399366  
  1782     0.000123     0.399371  
  1783     0.000123     0.399370  
  1784     0.000122     0.399368  
  1785     0.000122     0.399371  
  1786     0.000121     0.399378  
  1787     0.000121     0.399379  
  1788     0.000120     0.399375  
  1789     0.000120     0.399378  
  1790     0.000119     0.399375  
  1791     0.000119     0.399375  
  1792     0.000118     0.399374  
  1793     0.000118     0.399377  
  1794     0.000117     0.399379  
  1795     0.000117     0.399379  
  1796     0.000116     0.399375  
  1797     0.000116     0.399384  
  1798     0.000115     0.399388  
  1799     0.000115     0.399389  
  1800     0.000114     0.399390  
  1801     0.000114     0.399386  
  1802     0.000114     0.399384  
  1803     0.000113     0.399384  
  1804     0.000113     0.399382  
  1805     0.000112     0.399380  
  1806     0.000112     0.399381  
  1807     0.000111     0.399382  
  1808     0.000111     0.399379  
  1809     0.000111     0.399376  
  1810     0.000110     0.399375  
  1811     0.000110     0.399371  
  1812     0.000109     0.399375  
  1813     0.000109     0.399383  
  1814     0.000108     0.399383  
  1815     0.000108     0.399383  
  1816     0.000108     0.399379  
  1817     0.000107     0.399376  
  1818     0.000107     0.399377  
  1819     0.000106     0.399384  
  1820     0.000106     0.399381  
  1821     0.000105     0.399378  
  1822     0.000105     0.399376  
  1823     0.000105     0.399375  
  1824     0.000104     0.399373  
  1825     0.000104     0.399379  
  1826     0.000103     0.399386  
  1827     0.000103     0.399393  
  1828     0.000102     0.399389  
  1829     0.000102     0.399390  
  1830     0.000102     0.399389  
  1831     0.000101     0.399381  
  1832     0.000101     0.399377  
  1833     0.000100     0.399379  
  1834     0.000100     0.399379  
  1835     0.000100     0.399374  
  1836     0.000099     0.399374  
  1837     0.000099     0.399367  
  1838     0.000098     0.399372  
  1839     0.000098     0.399372  
  1840     0.000098     0.399375  
  1841     0.000097     0.399373  
  1842     0.000097     0.399373  
  1843     0.000096     0.399374  
  1844     0.000096     0.399376  
  1845     0.000096     0.399376  
  1846     0.000095     0.399380  
  1847     0.000095     0.399377  
  1848     0.000095     0.399380  
  1849     0.000094     0.399382  
  1850     0.000094     0.399381  
  1851     0.000093     0.399373  
  1852     0.000093     0.399373  
  1853     0.000093     0.399374  
  1854     0.000092     0.399376  
  1855     0.000092     0.399376  
  1856     0.000092     0.399372  
  1857     0.000091     0.399365  
  1858     0.000091     0.399363  
  1859     0.000091     0.399363  
  1860     0.000090     0.399359  
  1861     0.000090     0.399358  
  1862     0.000090     0.399359  
  1863     0.000089     0.399364  
  1864     0.000089     0.399365  
  1865     0.000089     0.399365  
# best iteration 1765 (val l2 0.399336)
# Spearman  train +0.9951  val +0.7826  test +0.7876
