# boltz_pooled+charge_struct seed 2
# pooled Boltz plus the structure-derived charges only
# input dim 1567, 204,865 parameters
# Linear(n_in,128) -> GELU -> Dropout(0.3) -> Linear(128,32) -> GELU -> Dropout(0.3) -> Linear(32,1)
# Adam lr=0.001 weight_decay=0.0001 batch=32 dropout=0.3
# loss = MSE on standardised log10 half-life
# early stopping on validation loss, patience 40, max 300 epochs
#
 epoch  train_batch        train          val  note
     1     0.630933     0.396589     0.527629  * best
     2     0.459311     0.319845     0.475672  * best
     3     0.388768     0.267123     0.466308  * best
     4     0.351539     0.246431     0.489717  
     5     0.310278     0.195168     0.453875  * best
     6     0.277110     0.184713     0.460694  
     7     0.254065     0.150787     0.464884  
     8     0.242586     0.152125     0.471183  
     9     0.230302     0.148837     0.457540  
    10     0.217058     0.142041     0.471771  
    11     0.208948     0.118285     0.468194  
    12     0.193898     0.102513     0.456828  
    13     0.189860     0.116304     0.495947  
    14     0.180027     0.092739     0.458121  
    15     0.179343     0.111127     0.461237  
    16     0.165937     0.094677     0.469752  
    17     0.161274     0.081737     0.466436  
    18     0.162789     0.098542     0.480301  
    19     0.154880     0.072035     0.456618  
    20     0.155538     0.074541     0.472946  
    21     0.153366     0.068875     0.459519  
    22     0.146269     0.068388     0.443973  * best
    23     0.142870     0.079819     0.476747  
    24     0.139556     0.074332     0.468896  
    25     0.138662     0.074854     0.449053  
    26     0.138006     0.062490     0.465043  
    27     0.136778     0.064004     0.465854  
    28     0.130174     0.059690     0.469744  
    29     0.128572     0.070323     0.470195  
    30     0.131343     0.080817     0.481274  
    31     0.128172     0.062371     0.472412  
    32     0.125538     0.067852     0.470855  
    33     0.123938     0.053977     0.460261  
    34     0.123313     0.058506     0.464094  
    35     0.130931     0.067996     0.476189  
    36     0.127887     0.061029     0.464628  
    37     0.122892     0.052916     0.471890  
    38     0.122232     0.045508     0.459103  
    39     0.117678     0.065261     0.463413  
    40     0.118028     0.049607     0.453511  
    41     0.118025     0.053027     0.457555  
    42     0.116859     0.048445     0.452837  
    43     0.114264     0.059503     0.457142  
    44     0.112514     0.054266     0.446050  
    45     0.124256     0.058085     0.458445  
    46     0.112289     0.060195     0.468329  
    47     0.116200     0.048462     0.464408  
    48     0.114777     0.057897     0.469423  
    49     0.112776     0.053652     0.460349  
    50     0.112126     0.052046     0.464010  
    51     0.112481     0.050203     0.459571  
    52     0.114226     0.048553     0.458015  
    53     0.112831     0.058884     0.451834  
    54     0.111700     0.049719     0.466762  
    55     0.112654     0.047393     0.474126  
    56     0.111042     0.048268     0.468777  
    57     0.108059     0.045232     0.457630  
    58     0.106372     0.046274     0.456252  
    59     0.108080     0.045103     0.456071  
    60     0.106683     0.049083     0.468308  
    61     0.110132     0.053120     0.461777  
    62     0.101280     0.047220     0.456421  
# stopped at epoch 62: no improvement for 40 epochs
# restored epoch 22 (val MSE 0.443973)
# Spearman  train +0.9654  val +0.7592  test +0.7515
