# gbm_seq+boltz+edge seed 2
# boosted trees on seq+boltz+edge
# inputs 16857, 124 trees
# LightGBM gradient-boosted trees, objective l2, lr 0.05, num_leaves 31, min_data_in_leaf 20, feature_fraction 0.3, bagging 0.8, lambda_l2 1.0, up to 3000 rounds, early stopping 100 on validation l2
# loss = l2 on standardised log10 half-life
#
 round        train          val  note
     1     0.956801     0.803679  
     2     0.919331     0.797263  
     3     0.881429     0.793707  
     4     0.847749     0.782760  
     5     0.818677     0.770715  
     6     0.790518     0.759261  
     7     0.764932     0.749792  
     8     0.739325     0.739947  
     9     0.715465     0.734854  
    10     0.694149     0.727763  
    11     0.674833     0.722779  
    12     0.656564     0.717128  
    13     0.639354     0.712117  
    14     0.621553     0.706129  
    15     0.605092     0.703556  
    16     0.589397     0.698393  
    17     0.576665     0.690324  
    18     0.563279     0.687334  
    19     0.549872     0.682621  
    20     0.538849     0.676606  
    21     0.527912     0.677723  
    22     0.516884     0.674734  
    23     0.507128     0.671721  
    24     0.497369     0.665752  
    25     0.488668     0.665157  
    26     0.479962     0.660488  
    27     0.472154     0.657196  
    28     0.464184     0.655013  
    29     0.456379     0.653417  
    30     0.448888     0.651487  
    31     0.441601     0.647249  
    32     0.435453     0.644559  
    33     0.428569     0.641635  
    34     0.422401     0.639830  
    35     0.416588     0.640012  
    36     0.411190     0.639334  
    37     0.405516     0.638587  
    38     0.400319     0.635663  
    39     0.394854     0.633472  
    40     0.389889     0.632379  
    41     0.384891     0.631134  
    42     0.380132     0.629654  
    43     0.375337     0.629780  
    44     0.371186     0.629507  
    45     0.367055     0.628951  
    46     0.362920     0.628185  
    47     0.358959     0.628149  
    48     0.355076     0.627506  
    49     0.351136     0.627084  
    50     0.347646     0.624298  
    51     0.344115     0.625083  
    52     0.340501     0.625057  
    53     0.336802     0.623690  
    54     0.333578     0.622356  
    55     0.330388     0.622258  
    56     0.327188     0.623039  
    57     0.323851     0.622307  
    58     0.320723     0.621599  
    59     0.317457     0.621052  
    60     0.314411     0.620732  
    61     0.311435     0.620213  
    62     0.308780     0.621247  
    63     0.305760     0.620865  
    64     0.302895     0.620940  
    65     0.300161     0.619719  
    66     0.297570     0.619666  
    67     0.294832     0.618798  
    68     0.292124     0.616991  
    69     0.289575     0.617147  
    70     0.287064     0.615958  
    71     0.284557     0.617904  
    72     0.282016     0.617825  
    73     0.279392     0.618666  
    74     0.276993     0.618090  
    75     0.274734     0.617284  
    76     0.272446     0.616906  
    77     0.270151     0.618577  
    78     0.267916     0.618724  
    79     0.265804     0.618167  
    80     0.263642     0.617796  
    81     0.261577     0.618526  
    82     0.259435     0.618415  
    83     0.257450     0.617663  
    84     0.255178     0.617825  
    85     0.253028     0.617039  
    86     0.251155     0.616535  
    87     0.249163     0.616363  
    88     0.247120     0.615474  
    89     0.245279     0.616721  
    90     0.243498     0.617429  
    91     0.241623     0.617778  
    92     0.239756     0.617468  
    93     0.238031     0.617484  
    94     0.236229     0.617291  
    95     0.234415     0.617431  
    96     0.232601     0.617244  
    97     0.230844     0.617966  
    98     0.229119     0.618236  
    99     0.227244     0.618192  
   100     0.225550     0.618029  
   101     0.223951     0.618588  
   102     0.222414     0.618256  
   103     0.220821     0.617548  
   104     0.219181     0.616239  
   105     0.217603     0.616167  
   106     0.216079     0.617133  
   107     0.214619     0.616755  
   108     0.213027     0.616257  
   109     0.211476     0.616571  
   110     0.210027     0.615758  
   111     0.208606     0.615747  
   112     0.207092     0.615884  
   113     0.205689     0.616158  
   114     0.204254     0.616745  
   115     0.202898     0.616761  
   116     0.201543     0.616931  
   117     0.200095     0.616349  
   118     0.198631     0.616361  
   119     0.197212     0.615558  
   120     0.195836     0.615603  
   121     0.194512     0.614753  
   122     0.193183     0.614150  
   123     0.191897     0.614031  
   124     0.190604     0.613779  * best
   125     0.189305     0.614451  
   126     0.188011     0.613999  
   127     0.186826     0.614469  
   128     0.185399     0.616047  
   129     0.184176     0.615391  
   130     0.182955     0.615820  
   131     0.181822     0.615559  
   132     0.180666     0.615432  
   133     0.179410     0.616067  
   134     0.178298     0.617290  
   135     0.177077     0.617543  
   136     0.175858     0.618110  
   137     0.174704     0.616688  
   138     0.173486     0.616101  
   139     0.172384     0.616164  
   140     0.171308     0.616075  
   141     0.170237     0.616163  
   142     0.169120     0.616202  
   143     0.167971     0.616438  
   144     0.166783     0.617517  
   145     0.165663     0.617788  
   146     0.164583     0.617474  
   147     0.163460     0.617841  
   148     0.162446     0.617187  
   149     0.161462     0.616674  
   150     0.160426     0.616936  
   151     0.159439     0.616666  
   152     0.158519     0.617637  
   153     0.157514     0.618017  
   154     0.156565     0.617824  
   155     0.155600     0.617244  
   156     0.154626     0.616954  
   157     0.153662     0.616976  
   158     0.152752     0.616692  
   159     0.151753     0.616650  
   160     0.150793     0.616988  
   161     0.149882     0.616933  
   162     0.148981     0.617328  
   163     0.148107     0.617485  
   164     0.147160     0.617606  
   165     0.146177     0.616976  
   166     0.145216     0.617046  
   167     0.144326     0.616791  
   168     0.143434     0.616833  
   169     0.142517     0.616658  
   170     0.141637     0.617023  
   171     0.140766     0.616374  
   172     0.139877     0.616245  
   173     0.139018     0.616889  
   174     0.138159     0.616371  
   175     0.137333     0.616471  
   176     0.136493     0.616331  
   177     0.135687     0.616737  
   178     0.134914     0.616726  
   179     0.134067     0.616883  
   180     0.133287     0.616319  
   181     0.132466     0.617165  
   182     0.131708     0.616769  
   183     0.130920     0.616246  
   184     0.130135     0.616165  
   185     0.129372     0.616545  
   186     0.128655     0.617027  
   187     0.127879     0.617107  
   188     0.127076     0.617709  
   189     0.126370     0.618514  
   190     0.125650     0.618415  
   191     0.124853     0.619067  
   192     0.124096     0.618924  
   193     0.123314     0.619015  
   194     0.122618     0.618871  
   195     0.121868     0.619246  
   196     0.121163     0.619395  
   197     0.120427     0.619330  
   198     0.119632     0.619581  
   199     0.118943     0.619579  
   200     0.118277     0.619567  
   201     0.117592     0.619759  
   202     0.116922     0.619481  
   203     0.116266     0.619665  
   204     0.115635     0.619864  
   205     0.115001     0.619278  
   206     0.114306     0.620038  
   207     0.113609     0.619785  
   208     0.112980     0.619518  
   209     0.112377     0.618562  
   210     0.111762     0.619158  
   211     0.111124     0.618203  
   212     0.110525     0.617622  
   213     0.109862     0.618036  
   214     0.109237     0.618018  
   215     0.108614     0.618488  
   216     0.108040     0.618433  
   217     0.107424     0.618562  
   218     0.106826     0.618507  
   219     0.106181     0.618884  
   220     0.105604     0.618860  
   221     0.104999     0.619377  
   222     0.104401     0.619430  
   223     0.103804     0.619795  
   224     0.103259     0.620443  
# best iteration 124 (val l2 0.613779)
# Spearman  train +0.9127  val +0.4068  test +0.5045
