# boltz_pooled seed 4
# Boltz pooled blocks, the hook's own feature vector
# input dim 1547, 202,305 parameters
# Linear(n_in,128) -> GELU -> Dropout(0.3) -> Linear(128,32) -> GELU -> Dropout(0.3) -> Linear(32,1)
# Adam lr=0.001 weight_decay=0.0001 batch=32 dropout=0.3
# loss = MSE on standardised log10 half-life
# early stopping on validation loss, patience 40, max 300 epochs
#
 epoch  train_batch        train          val  note
     1     0.625570     0.399078     0.508474  * best
     2     0.449698     0.313513     0.479088  * best
     3     0.385598     0.271099     0.451356  * best
     4     0.340805     0.232485     0.472454  
     5     0.313594     0.197066     0.460055  
     6     0.285712     0.180905     0.456936  
     7     0.260597     0.176614     0.487583  
     8     0.240353     0.144526     0.458160  
     9     0.229117     0.135597     0.466507  
    10     0.220550     0.130728     0.450471  * best
    11     0.215229     0.116325     0.478421  
    12     0.198577     0.117093     0.461403  
    13     0.185705     0.106191     0.478481  
    14     0.183515     0.102836     0.444549  * best
    15     0.182151     0.094887     0.459563  
    16     0.174390     0.086718     0.459540  
    17     0.164849     0.095835     0.467474  
    18     0.163871     0.090926     0.475522  
    19     0.164003     0.088821     0.472465  
    20     0.161928     0.081208     0.463215  
    21     0.156694     0.079439     0.454794  
    22     0.153591     0.089228     0.448972  
    23     0.150255     0.084040     0.457481  
    24     0.146513     0.073401     0.477848  
    25     0.140437     0.064186     0.445940  
    26     0.143016     0.068923     0.457556  
    27     0.136204     0.059851     0.453574  
    28     0.140014     0.058519     0.442262  * best
    29     0.135912     0.070123     0.448585  
    30     0.138411     0.067224     0.442153  * best
    31     0.134321     0.059719     0.444496  
    32     0.134141     0.057275     0.443798  
    33     0.130567     0.070373     0.452482  
    34     0.129274     0.059212     0.466259  
    35     0.129382     0.057148     0.449403  
    36     0.125344     0.063374     0.450537  
    37     0.128146     0.053301     0.462364  
    38     0.122148     0.067886     0.468560  
    39     0.123900     0.057635     0.446887  
    40     0.126969     0.060145     0.455557  
    41     0.122251     0.066267     0.445869  
    42     0.121863     0.056202     0.444044  
    43     0.117409     0.056557     0.439468  * best
    44     0.124492     0.067045     0.448228  
    45     0.119511     0.049476     0.465157  
    46     0.120633     0.053969     0.447832  
    47     0.114841     0.046346     0.453397  
    48     0.116307     0.053513     0.440274  
    49     0.115900     0.054764     0.452818  
    50     0.120580     0.043083     0.444297  
    51     0.119677     0.052900     0.458570  
    52     0.111660     0.054280     0.452619  
    53     0.111485     0.051861     0.452044  
    54     0.112296     0.052654     0.451506  
    55     0.116803     0.059679     0.446135  
    56     0.114059     0.054279     0.449396  
    57     0.113143     0.048093     0.445320  
    58     0.109739     0.046888     0.458076  
    59     0.110632     0.058075     0.467587  
    60     0.107889     0.044762     0.447125  
    61     0.115204     0.046341     0.445652  
    62     0.112957     0.046220     0.443137  
    63     0.112835     0.061837     0.467761  
    64     0.106281     0.047245     0.449793  
    65     0.107197     0.043338     0.449824  
    66     0.108742     0.044453     0.442664  
    67     0.109175     0.043869     0.444416  
    68     0.107284     0.046681     0.446176  
    69     0.109355     0.043024     0.456301  
    70     0.100931     0.049877     0.455129  
    71     0.105190     0.056127     0.453375  
    72     0.103497     0.044050     0.440097  
    73     0.107384     0.045292     0.459009  
    74     0.106752     0.043321     0.451122  
    75     0.105054     0.047830     0.448212  
    76     0.108772     0.043188     0.445090  
    77     0.103284     0.040234     0.462675  
    78     0.103116     0.041299     0.452178  
    79     0.103278     0.044918     0.450356  
    80     0.109638     0.041967     0.443578  
    81     0.104824     0.042189     0.444718  
    82     0.104818     0.050191     0.451236  
    83     0.100525     0.041682     0.439495  
# stopped at epoch 83: no improvement for 40 epochs
# restored epoch 43 (val MSE 0.439468)
# Spearman  train +0.9757  val +0.7563  test +0.7542
