# mlp_seq+boltz+node+edge seed 2
# perceptron on seq+boltz+node+edge
# inputs [(28377,)], 3,636,545 parameters
# Linear(n_in,128) -> GELU -> Dropout(0.3) -> Linear(128,32) -> GELU -> Dropout(0.3) -> Linear(32,1)
# Adam lr=0.001 weight_decay=0.0001 batch=32 dropout=0.3
# loss = MSE on standardised log10 half-life
# early stopping on validation loss, patience 40, max 300 epochs
#
 epoch  train_batch        train          val  note
     1    24.313545    10.750928     0.838506  * best
     2    47.791857    33.278126     0.856388  
     3    77.730960    31.279156     0.737315  * best
     4    66.557074    18.349018     0.737964  
     5     4.603905     9.025785     0.739578  
     6     1.243333     2.657007     0.700874  * best
     7     2.040064     1.141633     0.695197  * best
     8     0.894805     0.733335     0.724920  
     9     1.121385     0.603453     0.691196  * best
    10     0.980058     0.720086     0.777188  
    11     0.754078     0.616753     0.690587  * best
    12     0.686504     0.512575     0.662902  * best
    13     0.627043     0.447214     0.651775  * best
    14     0.665717     0.667012     0.700729  
    15     0.597686     0.459615     0.639925  * best
    16     0.621980     0.419370     0.650031  
    17     1.047579     0.631624     0.743779  
    18     0.740775     0.986140     0.741900  
    19     0.750878     0.522856     0.703749  
    20     0.665316     0.452969     0.700834  
    21     0.634738     0.448399     0.688871  
    22     0.587758     0.414415     0.687267  
    23     0.561092     0.369963     0.660532  
    24     0.630472     0.393999     0.675729  
    25     0.540843     0.331085     0.647401  
    26     0.516285     0.362082     0.641428  
    27     0.496901     0.307457     0.659855  
    28     0.535059     0.331935     0.623185  * best
    29     0.610261     0.451118     0.672565  
    30     0.631096     0.367799     0.645239  
    31     0.515984     0.299724     0.619781  * best
    32     0.467531     0.299754     0.616192  * best
    33     0.445898     0.264475     0.624406  
    34     0.428399     0.264527     0.656735  
    35     0.413300     0.287056     0.684426  
    36     0.402696     0.262807     0.639927  
    37     0.410899     0.248922     0.632508  
    38     0.401164     0.239919     0.644803  
    39     0.391994     0.261346     0.639543  
    40     0.383440     0.255618     0.630469  
    41     0.399199     0.253587     0.626537  
    42     0.413651     0.240151     0.625594  
    43     0.411814     0.238901     0.629802  
    44     0.410173     0.215463     0.628867  
    45     0.382907     0.221572     0.622803  
    46     0.375945     0.231372     0.658531  
    47     0.389260     0.239119     0.642703  
    48     0.374699     0.220846     0.689492  
    49     0.378274     0.268056     0.630624  
    50     0.452786     0.626782     0.662470  
    51     0.393382     0.552386     0.656658  
    52     0.393336     0.634957     0.611237  * best
    53     0.500355     0.305869     0.613743  
    54     0.499016     0.373758     0.621455  
    55     0.471588     0.339042     0.623868  
    56     0.470764     0.323535     0.619979  
    57     0.453917     0.303964     0.623660  
    58     0.455336     0.325180     0.608307  * best
    59     0.457089     0.318847     0.621448  
    60     0.453680     0.238496     0.626281  
    61     0.436106     0.266605     0.596825  * best
    62     0.402784     0.234790     0.655816  
    63     0.406736     0.240860     0.703030  
    64     0.401159     0.239262     0.662584  
    65     0.456320     0.324635     0.626358  
    66     0.459611     0.329790     0.614988  
    67     0.465483     0.285034     0.663150  
    68     0.459015     0.280663     0.641457  
    69     0.447081     0.346036     0.597783  
    70     0.505289     0.279381     0.605447  
    71     0.483016     0.288582     0.664263  
    72     0.470662     0.298738     0.617593  
    73     0.452154     0.319382     0.633702  
    74     0.452565     0.297819     0.667398  
    75     0.451173     0.286129     0.630593  
    76     0.457736     0.263418     0.683647  
    77     0.466995     0.293138     0.629888  
    78     0.459418     0.271988     0.679670  
    79     0.446796     0.349734     0.650512  
    80     0.452669     0.303297     0.633546  
    81     0.451766     0.275438     0.593828  * best
    82     0.435515     0.261186     0.644162  
    83     0.957971     0.565248     0.670260  
    84     1.036995     1.029443     0.745078  
    85     1.011957     1.001976     0.792386  
    86     1.000785     0.999969     0.815043  
    87     0.896336     0.694976     0.694341  
    88     1.114209     1.001604     0.841654  
    89     0.957796     0.976696     0.866739  
    90     0.779157     0.628121     0.642952  
    91     0.711686     0.555604     0.666242  
    92     0.719439     0.532722     0.666681  
    93     0.698903     0.583411     0.662276  
    94     0.647272     0.437994     0.611780  
    95     0.586084     0.446319     0.665597  
    96     0.689771     0.475037     0.689338  
    97     0.544610     0.386042     0.666957  
    98     0.541056     0.431490     0.675420  
    99     0.539223     0.374301     0.716666  
   100     0.606089     0.405644     0.682860  
   101     0.555742     0.347065     0.661286  
   102     0.589026     0.382489     0.653462  
   103     0.567121     0.371569     0.675638  
   104     0.582712     0.421314     0.657906  
   105     0.557495     0.381837     0.641377  
   106     0.546168     0.347543     0.669127  
   107     0.504859     0.315893     0.686619  
   108     0.483056     0.341952     0.676852  
   109     0.519998     0.329793     0.727662  
   110     0.481827     0.347512     0.652464  
   111     0.480450     0.320376     0.673384  
   112     0.468784     0.364812     0.635473  
   113     0.472714     0.347504     0.657815  
   114     0.463267     0.294576     0.667672  
   115     0.475686     0.294353     0.651196  
   116     0.430060     0.243975     0.606168  
   117     0.418091     0.314440     0.682315  
   118     0.513761     0.285380     0.681250  
   119     0.415983     0.250959     0.677573  
   120     0.427823     0.239877     0.677314  
   121     0.398065     0.252391     0.651861  
# stopped at epoch 121: no improvement for 40 epochs
# restored epoch 81 (val MSE 0.593828)
# Spearman  train +0.8755  val +0.4120  test +0.3983
