# gbm_charge_all seed 3
# sequence and structure charge blocks
# inputs 79, 426 trees
# LightGBM gradient-boosted trees, objective l2, lr 0.05, num_leaves 31, min_data_in_leaf 20, feature_fraction 0.3, bagging 0.8, lambda_l2 1.0, up to 3000 rounds, early stopping 100 on validation l2
# loss = l2 on standardised log10 half-life
#
 round        train          val  note
     1     0.971870     0.997602  
     2     0.944107     0.972765  
     3     0.916162     0.946442  
     4     0.893431     0.926921  
     5     0.871264     0.906291  
     6     0.850416     0.888620  
     7     0.832445     0.872647  
     8     0.813400     0.854967  
     9     0.799992     0.843875  
    10     0.784285     0.830422  
    11     0.771435     0.819759  
    12     0.757518     0.808407  
    13     0.745998     0.799062  
    14     0.735119     0.791527  
    15     0.724350     0.780822  
    16     0.713506     0.771079  
    17     0.705746     0.764091  
    18     0.696857     0.756020  
    19     0.688913     0.749995  
    20     0.680058     0.744049  
    21     0.672307     0.738523  
    22     0.665639     0.732720  
    23     0.658641     0.726624  
    24     0.652947     0.722786  
    25     0.647078     0.719018  
    26     0.642396     0.715350  
    27     0.636907     0.711631  
    28     0.631701     0.706444  
    29     0.626355     0.702994  
    30     0.621601     0.699273  
    31     0.617767     0.696675  
    32     0.613467     0.693134  
    33     0.609228     0.690585  
    34     0.605257     0.688446  
    35     0.601516     0.686246  
    36     0.598004     0.684405  
    37     0.594245     0.681228  
    38     0.591025     0.678794  
    39     0.587751     0.677248  
    40     0.584871     0.675817  
    41     0.581734     0.673784  
    42     0.578874     0.672439  
    43     0.575378     0.669735  
    44     0.572384     0.667297  
    45     0.569432     0.666153  
    46     0.566447     0.665225  
    47     0.564093     0.663925  
    48     0.561964     0.663191  
    49     0.558698     0.661471  
    50     0.556197     0.659291  
    51     0.553920     0.657691  
    52     0.551314     0.655315  
    53     0.548924     0.654562  
    54     0.546974     0.653845  
    55     0.544799     0.653169  
    56     0.543040     0.652183  
    57     0.540636     0.651328  
    58     0.538479     0.649640  
    59     0.536294     0.649101  
    60     0.534054     0.648173  
    61     0.531797     0.646149  
    62     0.529901     0.645285  
    63     0.527802     0.644763  
    64     0.526169     0.644190  
    65     0.524489     0.643573  
    66     0.522527     0.642383  
    67     0.520584     0.641704  
    68     0.518440     0.640804  
    69     0.516712     0.639691  
    70     0.514972     0.638834  
    71     0.513314     0.638109  
    72     0.511582     0.637969  
    73     0.509507     0.637414  
    74     0.507625     0.637694  
    75     0.505994     0.636829  
    76     0.504183     0.636547  
    77     0.502497     0.636410  
    78     0.500428     0.635475  
    79     0.498694     0.634271  
    80     0.496740     0.633872  
    81     0.494940     0.632807  
    82     0.493412     0.632278  
    83     0.491947     0.632069  
    84     0.490166     0.631722  
    85     0.488734     0.631432  
    86     0.487486     0.631366  
    87     0.485988     0.631043  
    88     0.484564     0.631105  
    89     0.482873     0.630963  
    90     0.481432     0.630484  
    91     0.479804     0.629679  
    92     0.478472     0.630014  
    93     0.477006     0.629357  
    94     0.475817     0.629323  
    95     0.474345     0.629042  
    96     0.472922     0.628804  
    97     0.471682     0.628258  
    98     0.470618     0.627721  
    99     0.468935     0.627476  
   100     0.467625     0.626972  
   101     0.466370     0.626491  
   102     0.464573     0.625750  
   103     0.463039     0.625573  
   104     0.461589     0.625688  
   105     0.460291     0.624996  
   106     0.458948     0.624541  
   107     0.457442     0.623499  
   108     0.456284     0.623426  
   109     0.455072     0.623549  
   110     0.453537     0.622490  
   111     0.452210     0.621328  
   112     0.451043     0.621236  
   113     0.449781     0.620788  
   114     0.448373     0.620801  
   115     0.447239     0.620777  
   116     0.445847     0.619638  
   117     0.444569     0.619410  
   118     0.443686     0.619176  
   119     0.442122     0.618692  
   120     0.441313     0.618736  
   121     0.440199     0.618938  
   122     0.439162     0.618302  
   123     0.437872     0.618377  
   124     0.436683     0.618292  
   125     0.435467     0.618001  
   126     0.434340     0.617928  
   127     0.433035     0.617515  
   128     0.431861     0.617514  
   129     0.430722     0.617283  
   130     0.429587     0.617370  
   131     0.428501     0.616957  
   132     0.427321     0.617189  
   133     0.426266     0.617552  
   134     0.425275     0.617445  
   135     0.424084     0.617627  
   136     0.422863     0.617621  
   137     0.421653     0.617275  
   138     0.420518     0.617044  
   139     0.419487     0.616757  
   140     0.418495     0.617203  
   141     0.417538     0.616962  
   142     0.416770     0.616941  
   143     0.415920     0.616586  
   144     0.414895     0.617157  
   145     0.414043     0.617108  
   146     0.412657     0.617245  
   147     0.411718     0.617067  
   148     0.410707     0.617440  
   149     0.409734     0.617101  
   150     0.408501     0.617141  
   151     0.407369     0.617342  
   152     0.406460     0.617757  
   153     0.405563     0.617332  
   154     0.404460     0.616965  
   155     0.403488     0.616795  
   156     0.402407     0.616941  
   157     0.401292     0.616817  
   158     0.400578     0.616757  
   159     0.399783     0.616651  
   160     0.398702     0.616780  
   161     0.397636     0.617240  
   162     0.396548     0.616960  
   163     0.395647     0.617165  
   164     0.394745     0.616979  
   165     0.393969     0.617394  
   166     0.392938     0.616967  
   167     0.392051     0.616984  
   168     0.391138     0.616821  
   169     0.389906     0.616667  
   170     0.389240     0.616289  
   171     0.388452     0.616410  
   172     0.387837     0.615726  
   173     0.386991     0.615841  
   174     0.386009     0.616308  
   175     0.385015     0.615874  
   176     0.383936     0.615585  
   177     0.383030     0.615605  
   178     0.382036     0.615809  
   179     0.381051     0.615873  
   180     0.380136     0.616092  
   181     0.379321     0.616248  
   182     0.378527     0.616299  
   183     0.377644     0.616009  
   184     0.376798     0.616784  
   185     0.375868     0.616464  
   186     0.375236     0.616091  
   187     0.374337     0.615917  
   188     0.373456     0.615773  
   189     0.372642     0.615538  
   190     0.371951     0.616104  
   191     0.371046     0.615843  
   192     0.370006     0.615875  
   193     0.369162     0.615766  
   194     0.368337     0.615396  
   195     0.367297     0.615240  
   196     0.366316     0.615260  
   197     0.365428     0.614832  
   198     0.364719     0.614531  
   199     0.363998     0.614533  
   200     0.363135     0.614598  
   201     0.362065     0.614007  
   202     0.361152     0.614113  
   203     0.360271     0.614117  
   204     0.359494     0.614115  
   205     0.358793     0.614155  
   206     0.357772     0.613759  
   207     0.356872     0.613770  
   208     0.356265     0.613478  
   209     0.355288     0.613758  
   210     0.354248     0.613462  
   211     0.353471     0.613116  
   212     0.352381     0.612704  
   213     0.351673     0.612825  
   214     0.350917     0.612618  
   215     0.350193     0.612450  
   216     0.349500     0.612671  
   217     0.348802     0.612291  
   218     0.347912     0.612486  
   219     0.347169     0.611681  
   220     0.346556     0.611427  
   221     0.345626     0.611380  
   222     0.344783     0.611180  
   223     0.344192     0.610849  
   224     0.343447     0.611149  
   225     0.342693     0.610868  
   226     0.341933     0.611214  
   227     0.341273     0.611074  
   228     0.340653     0.611019  
   229     0.339869     0.610722  
   230     0.339183     0.610710  
   231     0.338464     0.610376  
   232     0.337837     0.610062  
   233     0.337138     0.610417  
   234     0.336483     0.610162  
   235     0.335827     0.610023  
   236     0.335160     0.609900  
   237     0.334372     0.610311  
   238     0.333491     0.609866  
   239     0.332600     0.610042  
   240     0.331947     0.610235  
   241     0.331113     0.610413  
   242     0.330226     0.610006  
   243     0.329610     0.609938  
   244     0.328708     0.610255  
   245     0.328163     0.610346  
   246     0.327548     0.610281  
   247     0.326727     0.609672  
   248     0.325944     0.609767  
   249     0.325411     0.609763  
   250     0.324779     0.609472  
   251     0.323901     0.609531  
   252     0.323229     0.609560  
   253     0.322569     0.609805  
   254     0.321987     0.609888  
   255     0.321388     0.609929  
   256     0.320680     0.609963  
   257     0.320075     0.609887  
   258     0.319481     0.609551  
   259     0.318838     0.609461  
   260     0.318344     0.609532  
   261     0.317697     0.609064  
   262     0.316922     0.608889  
   263     0.316307     0.609285  
   264     0.315557     0.608782  
   265     0.314973     0.608764  
   266     0.314301     0.609438  
   267     0.313597     0.609547  
   268     0.312977     0.609602  
   269     0.312297     0.609505  
   270     0.311687     0.609306  
   271     0.311015     0.609319  
   272     0.310234     0.609277  
   273     0.309635     0.609270  
   274     0.308896     0.609601  
   275     0.308195     0.609767  
   276     0.307521     0.609547  
   277     0.307014     0.609407  
   278     0.306365     0.609486  
   279     0.305813     0.609391  
   280     0.305070     0.609931  
   281     0.304537     0.609724  
   282     0.304129     0.609598  
   283     0.303582     0.609839  
   284     0.302904     0.609676  
   285     0.302222     0.609767  
   286     0.301659     0.609601  
   287     0.301088     0.609784  
   288     0.300466     0.610083  
   289     0.300012     0.610145  
   290     0.299433     0.610058  
   291     0.299051     0.610042  
   292     0.298506     0.609985  
   293     0.297976     0.609697  
   294     0.297267     0.609703  
   295     0.296686     0.609748  
   296     0.296166     0.609649  
   297     0.295701     0.609304  
   298     0.295181     0.608979  
   299     0.294785     0.609324  
   300     0.294193     0.609144  
   301     0.293548     0.608933  
   302     0.292780     0.608968  
   303     0.292297     0.609107  
   304     0.291778     0.609148  
   305     0.291258     0.608759  
   306     0.290778     0.608632  
   307     0.290223     0.608875  
   308     0.289710     0.608753  
   309     0.289163     0.608706  
   310     0.288585     0.608174  
   311     0.287926     0.608151  
   312     0.287354     0.608059  
   313     0.286767     0.608141  
   314     0.286067     0.607768  
   315     0.285395     0.607407  
   316     0.284848     0.607521  
   317     0.284140     0.607751  
   318     0.283524     0.607991  
   319     0.282942     0.608081  
   320     0.282154     0.607981  
   321     0.281672     0.607960  
   322     0.281073     0.608147  
   323     0.280480     0.608272  
   324     0.279966     0.608078  
   325     0.279334     0.607839  
   326     0.278913     0.607629  
   327     0.278285     0.607417  
   328     0.277614     0.607360  
   329     0.277001     0.607762  
   330     0.276446     0.607632  
   331     0.275968     0.607917  
   332     0.275356     0.607713  
   333     0.275005     0.607940  
   334     0.274631     0.607913  
   335     0.273951     0.607859  
   336     0.273401     0.607865  
   337     0.272915     0.608113  
   338     0.272431     0.607845  
   339     0.271863     0.607676  
   340     0.271290     0.607354  
   341     0.270852     0.607191  
   342     0.270454     0.607473  
   343     0.269908     0.607549  
   344     0.269436     0.607633  
   345     0.269013     0.607533  
   346     0.268607     0.607801  
   347     0.268086     0.608042  
   348     0.267697     0.608001  
   349     0.267242     0.607546  
   350     0.266775     0.607494  
   351     0.266243     0.607609  
   352     0.265624     0.607415  
   353     0.265168     0.607046  
   354     0.264604     0.607173  
   355     0.263977     0.606965  
   356     0.263516     0.607191  
   357     0.263241     0.607251  
   358     0.262713     0.607319  
   359     0.262205     0.607430  
   360     0.261570     0.607620  
   361     0.261098     0.607749  
   362     0.260688     0.607715  
   363     0.260299     0.607680  
   364     0.259676     0.607764  
   365     0.259145     0.607995  
   366     0.258772     0.608035  
   367     0.258306     0.608285  
   368     0.257834     0.608459  
   369     0.257323     0.608326  
   370     0.256844     0.608460  
   371     0.256513     0.608264  
   372     0.256046     0.607676  
   373     0.255617     0.607794  
   374     0.255037     0.607847  
   375     0.254416     0.607831  
   376     0.254017     0.608001  
   377     0.253621     0.608012  
   378     0.253167     0.608205  
   379     0.252756     0.608288  
   380     0.252279     0.608044  
   381     0.251710     0.608278  
   382     0.251322     0.608195  
   383     0.250993     0.608205  
   384     0.250536     0.608194  
   385     0.250016     0.608453  
   386     0.249671     0.608289  
   387     0.249165     0.608205  
   388     0.248594     0.608312  
   389     0.248232     0.608358  
   390     0.247716     0.608187  
   391     0.247116     0.608366  
   392     0.246575     0.608361  
   393     0.246106     0.608017  
   394     0.245684     0.607927  
   395     0.245293     0.607757  
   396     0.244902     0.607679  
   397     0.244510     0.607775  
   398     0.244001     0.607996  
   399     0.243617     0.608053  
   400     0.243149     0.607994  
   401     0.242660     0.608120  
   402     0.242067     0.607895  
   403     0.241548     0.607802  
   404     0.241046     0.607836  
   405     0.240618     0.607741  
   406     0.240077     0.607986  
   407     0.239668     0.607887  
   408     0.239161     0.607792  
   409     0.238772     0.607823  
   410     0.238231     0.608153  
   411     0.237697     0.608110  
   412     0.237233     0.607890  
   413     0.236824     0.607707  
   414     0.236377     0.607681  
   415     0.236063     0.607704  
   416     0.235482     0.607912  
   417     0.235136     0.608035  
   418     0.234737     0.607941  
   419     0.234419     0.607957  
   420     0.234068     0.608099  
   421     0.233635     0.607958  
   422     0.233049     0.607917  
   423     0.232712     0.607770  
   424     0.232292     0.607335  
   425     0.231853     0.607156  
   426     0.231333     0.606937  * best
   427     0.230958     0.607432  
   428     0.230513     0.607493  
   429     0.230088     0.607840  
   430     0.229551     0.607821  
   431     0.229180     0.608083  
   432     0.228859     0.608330  
   433     0.228495     0.608347  
   434     0.228010     0.608282  
   435     0.227530     0.608113  
   436     0.227016     0.608074  
   437     0.226584     0.608348  
   438     0.226215     0.608483  
   439     0.225711     0.608356  
   440     0.225223     0.608583  
   441     0.224763     0.608337  
   442     0.224439     0.608047  
   443     0.224043     0.608115  
   444     0.223570     0.608187  
   445     0.223327     0.608267  
   446     0.222984     0.608186  
   447     0.222523     0.608243  
   448     0.222036     0.608342  
   449     0.221463     0.608444  
   450     0.221021     0.608643  
   451     0.220653     0.608682  
   452     0.220165     0.608553  
   453     0.219852     0.608619  
   454     0.219602     0.608691  
   455     0.219172     0.608733  
   456     0.218839     0.608746  
   457     0.218489     0.608823  
   458     0.218102     0.608809  
   459     0.217681     0.608921  
   460     0.217279     0.609038  
   461     0.216997     0.609315  
   462     0.216653     0.609229  
   463     0.216203     0.609244  
   464     0.215831     0.609194  
   465     0.215491     0.609571  
   466     0.215150     0.609634  
   467     0.214854     0.609746  
   468     0.214359     0.609960  
   469     0.213932     0.609719  
   470     0.213575     0.609968  
   471     0.213209     0.609635  
   472     0.212852     0.609562  
   473     0.212496     0.609598  
   474     0.212017     0.609551  
   475     0.211629     0.609390  
   476     0.211282     0.609228  
   477     0.210899     0.609219  
   478     0.210517     0.609320  
   479     0.210219     0.609590  
   480     0.209799     0.609297  
   481     0.209376     0.609368  
   482     0.209118     0.609418  
   483     0.208769     0.609191  
   484     0.208329     0.609071  
   485     0.207886     0.608616  
   486     0.207605     0.608766  
   487     0.207261     0.609033  
   488     0.206888     0.609126  
   489     0.206533     0.608848  
   490     0.206218     0.608824  
   491     0.205885     0.608902  
   492     0.205483     0.608854  
   493     0.205087     0.608791  
   494     0.204705     0.608750  
   495     0.204178     0.608678  
   496     0.203782     0.608765  
   497     0.203477     0.608685  
   498     0.203081     0.608724  
   499     0.202685     0.608736  
   500     0.202332     0.608474  
   501     0.201887     0.608596  
   502     0.201455     0.608603  
   503     0.201043     0.608383  
   504     0.200665     0.608363  
   505     0.200398     0.608376  
   506     0.200079     0.608177  
   507     0.199745     0.608424  
   508     0.199452     0.608687  
   509     0.199148     0.608801  
   510     0.198701     0.609142  
   511     0.198366     0.609122  
   512     0.198090     0.609174  
   513     0.197770     0.609534  
   514     0.197497     0.609431  
   515     0.197213     0.609681  
   516     0.196860     0.609463  
   517     0.196549     0.609684  
   518     0.196097     0.609718  
   519     0.195759     0.609618  
   520     0.195273     0.609405  
   521     0.194918     0.609390  
   522     0.194572     0.609538  
   523     0.194278     0.609499  
   524     0.193976     0.609673  
   525     0.193708     0.609622  
   526     0.193474     0.609634  
# best iteration 426 (val l2 0.606937)
# Spearman  train +0.8929  val +0.6359  test +0.6108
