# mlp_seq+boltz+node+edge seed 0
# perceptron on seq+boltz+node+edge
# inputs [(28377,)], 3,636,545 parameters
# Linear(n_in,128) -> GELU -> Dropout(0.3) -> Linear(128,32) -> GELU -> Dropout(0.3) -> Linear(32,1)
# Adam lr=0.001 weight_decay=0.0001 batch=32 dropout=0.3
# loss = MSE on standardised log10 half-life
# early stopping on validation loss, patience 40, max 300 epochs
#
 epoch  train_batch        train          val  note
     1     9.277907    29.301052     0.846765  * best
     2    40.715401     5.651080     0.820982  * best
     3     8.459108    12.482874     0.782888  * best
     4    12.725102    42.191990     0.883141  
     5    22.596516    15.261389     0.903852  
     6     8.601472     1.144672     0.877456  
     7     0.915428     0.907818     0.831293  
     8     1.231027     0.822967     0.875633  
     9     1.267262     0.738575     0.824388  
    10     0.776153     0.627511     0.781132  * best
    11     0.724931     0.623255     0.704199  * best
    12     0.841825     0.610960     0.691960  * best
    13     0.697906     0.542923     0.681612  * best
    14     0.670850     0.569664     0.724343  
    15     0.681449     0.481704     0.710697  
    16     0.611318     0.464223     0.709501  
    17     0.569560     0.393614     0.694283  
    18     0.565530     0.407642     0.678551  * best
    19     0.606467     0.461017     0.648169  * best
    20     0.607932     0.424091     0.676589  
    21     0.549142     0.400901     0.648512  
    22     0.542058     0.371821     0.741562  
    23     0.527717     0.368885     0.622601  * best
    24     0.504395     0.340742     0.643813  
    25     0.582070     0.399928     0.652656  
    26     0.525741     0.388587     0.707874  
    27     0.528012     0.381331     0.617577  * best
    28     0.519077     0.334956     0.638336  
    29     0.512205     0.310330     0.660715  
    30     0.504972     0.318950     0.705897  
    31     0.514313     0.353001     0.627288  
    32     0.493711     0.325903     0.665754  
    33     0.494706     0.299052     0.698688  
    34     0.485752     0.314048     0.677737  
    35     0.564965     0.340268     0.698699  
    36     0.528877     0.327438     0.676033  
    37     0.513512     0.347610     0.699234  
    38     0.470433     0.310490     0.635480  
    39     0.501184     0.381696     0.662255  
    40     0.493678     0.306089     0.712081  
    41     0.472793     0.335306     0.666328  
    42     0.544246     0.346132     0.626362  
    43     0.464240     0.321068     0.738340  
    44     0.478536     0.274335     0.668625  
    45     0.447968     0.275822     0.644731  
    46     0.454820     0.328228     0.677374  
    47     0.445815     0.293247     0.797704  
    48     0.450622     0.296666     0.674361  
    49     0.466699     0.277543     0.720259  
    50     0.446102     0.286906     0.724869  
    51     0.438896     0.279405     0.741334  
    52     0.474108     0.306664     0.683880  
    53     0.427588     0.378389     0.696590  
    54     0.425229     0.382174     0.688014  
    55     0.429494     0.514183     0.700572  
    56     0.688806     0.407682     0.678701  
    57     0.745270     0.601816     0.834155  
    58     0.858678     1.153644     1.241588  
    59     0.753958     0.421318     0.664150  
    60     0.653065     0.436386     0.635280  
    61     0.554977     0.391258     0.652176  
    62     0.548521     0.329825     0.656183  
    63     0.540259     0.314243     0.676831  
    64     0.528865     0.305000     0.654515  
    65     0.491564     0.310737     0.650312  
    66     0.487981     0.276041     0.688794  
    67     0.471218     0.259386     0.639950  
# stopped at epoch 67: no improvement for 40 epochs
# restored epoch 27 (val MSE 0.617577)
# Spearman  train +0.8496  val +0.4296  test +0.4518
