# gbm_seq+energy seed 1
# boosted trees on seq+energy
# inputs 1290, 1,386 trees
# LightGBM gradient-boosted trees, objective l2, lr 0.05, num_leaves 31, min_data_in_leaf 20, feature_fraction 0.3, bagging 0.8, lambda_l2 1.0, up to 3000 rounds, early stopping 100 on validation l2
# loss = l2 on standardised log10 half-life
#
 round        train          val  note
     1     0.970302     0.980719  
     2     0.938904     0.951247  
     3     0.913024     0.928265  
     4     0.888096     0.905547  
     5     0.865820     0.886234  
     6     0.844653     0.867617  
     7     0.824153     0.848005  
     8     0.805607     0.831515  
     9     0.788925     0.816372  
    10     0.773418     0.802323  
    11     0.758697     0.789034  
    12     0.745009     0.777378  
    13     0.732516     0.767114  
    14     0.720907     0.757160  
    15     0.709350     0.747197  
    16     0.698768     0.739315  
    17     0.688550     0.730829  
    18     0.679741     0.723460  
    19     0.669882     0.715600  
    20     0.661804     0.709230  
    21     0.653595     0.703730  
    22     0.645095     0.696333  
    23     0.638371     0.691332  
    24     0.632048     0.686664  
    25     0.625365     0.681243  
    26     0.618289     0.676789  
    27     0.612609     0.672997  
    28     0.606696     0.668771  
    29     0.600483     0.665072  
    30     0.595287     0.661841  
    31     0.589877     0.658223  
    32     0.585446     0.655741  
    33     0.580589     0.653265  
    34     0.575827     0.649802  
    35     0.571790     0.646958  
    36     0.567483     0.643470  
    37     0.563696     0.640791  
    38     0.560003     0.639587  
    39     0.556577     0.637453  
    40     0.552680     0.635279  
    41     0.549008     0.633434  
    42     0.545562     0.631321  
    43     0.541862     0.629045  
    44     0.538556     0.627056  
    45     0.534192     0.624272  
    46     0.531121     0.622859  
    47     0.527869     0.621537  
    48     0.524759     0.620464  
    49     0.521731     0.619042  
    50     0.518840     0.618050  
    51     0.515805     0.616522  
    52     0.512409     0.614500  
    53     0.509469     0.612399  
    54     0.506657     0.611127  
    55     0.503730     0.609650  
    56     0.500712     0.607914  
    57     0.498120     0.606853  
    58     0.495538     0.605855  
    59     0.492971     0.604874  
    60     0.490170     0.603362  
    61     0.487526     0.602698  
    62     0.484960     0.602287  
    63     0.482554     0.602024  
    64     0.480061     0.600899  
    65     0.477589     0.599200  
    66     0.475067     0.597792  
    67     0.472775     0.596883  
    68     0.470603     0.596409  
    69     0.468277     0.595606  
    70     0.465917     0.594215  
    71     0.463556     0.593166  
    72     0.461189     0.592250  
    73     0.458739     0.590989  
    74     0.456720     0.590072  
    75     0.454516     0.588690  
    76     0.452339     0.587394  
    77     0.450368     0.587010  
    78     0.448265     0.586682  
    79     0.446136     0.585950  
    80     0.444234     0.585561  
    81     0.441931     0.583995  
    82     0.439856     0.583193  
    83     0.437916     0.582179  
    84     0.435720     0.581265  
    85     0.433506     0.580301  
    86     0.431432     0.579865  
    87     0.429585     0.579603  
    88     0.427870     0.578986  
    89     0.426170     0.578390  
    90     0.424180     0.577889  
    91     0.422465     0.577738  
    92     0.420474     0.577301  
    93     0.418568     0.576470  
    94     0.416903     0.575488  
    95     0.415213     0.575108  
    96     0.413457     0.574832  
    97     0.411639     0.574012  
    98     0.409889     0.574188  
    99     0.408187     0.574071  
   100     0.406514     0.573506  
   101     0.404805     0.572903  
   102     0.403206     0.572667  
   103     0.401539     0.572251  
   104     0.400047     0.571805  
   105     0.398403     0.571308  
   106     0.396793     0.571126  
   107     0.395136     0.570609  
   108     0.393143     0.569714  
   109     0.391623     0.569650  
   110     0.390038     0.569387  
   111     0.388322     0.568986  
   112     0.386646     0.568812  
   113     0.385123     0.568148  
   114     0.383558     0.567840  
   115     0.381951     0.567560  
   116     0.380467     0.567209  
   117     0.378939     0.566442  
   118     0.377228     0.566350  
   119     0.375615     0.566439  
   120     0.374218     0.565964  
   121     0.372811     0.565643  
   122     0.371258     0.565301  
   123     0.369950     0.565159  
   124     0.368494     0.564764  
   125     0.367102     0.564738  
   126     0.365674     0.564294  
   127     0.364340     0.564039  
   128     0.362863     0.563269  
   129     0.361473     0.563597  
   130     0.359923     0.562880  
   131     0.358486     0.562539  
   132     0.357151     0.561962  
   133     0.355892     0.561951  
   134     0.354369     0.561302  
   135     0.352933     0.560798  
   136     0.351523     0.560633  
   137     0.350212     0.560494  
   138     0.348830     0.560141  
   139     0.347467     0.560061  
   140     0.346067     0.559857  
   141     0.344696     0.559462  
   142     0.343403     0.559417  
   143     0.341976     0.559004  
   144     0.340848     0.558530  
   145     0.339528     0.558279  
   146     0.338481     0.558252  
   147     0.337184     0.558391  
   148     0.335871     0.557823  
   149     0.334486     0.557540  
   150     0.333159     0.556958  
   151     0.331776     0.556517  
   152     0.330595     0.556118  
   153     0.329316     0.555817  
   154     0.328056     0.555454  
   155     0.326623     0.554539  
   156     0.325373     0.554443  
   157     0.324304     0.554207  
   158     0.323000     0.554087  
   159     0.322027     0.554196  
   160     0.320901     0.554049  
   161     0.319558     0.553366  
   162     0.318344     0.553055  
   163     0.317223     0.552873  
   164     0.315987     0.552702  
   165     0.314770     0.552376  
   166     0.313747     0.552496  
   167     0.312648     0.552208  
   168     0.311558     0.551358  
   169     0.310269     0.550638  
   170     0.308954     0.550526  
   171     0.308048     0.550395  
   172     0.306878     0.550642  
   173     0.305649     0.550507  
   174     0.304465     0.550436  
   175     0.303278     0.550335  
   176     0.302175     0.549891  
   177     0.301049     0.549681  
   178     0.300014     0.549921  
   179     0.299054     0.549603  
   180     0.298122     0.549408  
   181     0.297015     0.549245  
   182     0.295872     0.549114  
   183     0.294852     0.548957  
   184     0.293930     0.548839  
   185     0.292949     0.548548  
   186     0.291851     0.547965  
   187     0.290664     0.547660  
   188     0.289575     0.547457  
   189     0.288602     0.547137  
   190     0.287471     0.546800  
   191     0.286508     0.546550  
   192     0.285440     0.546563  
   193     0.284601     0.546478  
   194     0.283609     0.546198  
   195     0.282661     0.546053  
   196     0.281720     0.545966  
   197     0.280709     0.545757  
   198     0.279728     0.545456  
   199     0.278673     0.545501  
   200     0.277597     0.545242  
   201     0.276661     0.545276  
   202     0.275594     0.544992  
   203     0.274651     0.544691  
   204     0.273836     0.544558  
   205     0.272881     0.544567  
   206     0.272005     0.544785  
   207     0.270961     0.544220  
   208     0.269975     0.544332  
   209     0.269019     0.543898  
   210     0.268180     0.543601  
   211     0.267237     0.543006  
   212     0.266325     0.542851  
   213     0.265421     0.542287  
   214     0.264515     0.541760  
   215     0.263742     0.541910  
   216     0.262855     0.541661  
   217     0.261927     0.541822  
   218     0.261120     0.541476  
   219     0.260327     0.541444  
   220     0.259476     0.541430  
   221     0.258394     0.541052  
   222     0.257510     0.540948  
   223     0.256754     0.540773  
   224     0.256022     0.540583  
   225     0.255211     0.540737  
   226     0.254415     0.540638  
   227     0.253542     0.540441  
   228     0.252695     0.540625  
   229     0.251846     0.540211  
   230     0.250983     0.540242  
   231     0.250009     0.540105  
   232     0.249144     0.539772  
   233     0.248237     0.539675  
   234     0.247367     0.539567  
   235     0.246421     0.539247  
   236     0.245562     0.538923  
   237     0.244753     0.538820  
   238     0.243990     0.538851  
   239     0.243176     0.538539  
   240     0.242391     0.538424  
   241     0.241522     0.538399  
   242     0.240731     0.538127  
   243     0.239925     0.538214  
   244     0.239246     0.538171  
   245     0.238437     0.537891  
   246     0.237586     0.537504  
   247     0.236808     0.537267  
   248     0.236070     0.537230  
   249     0.235262     0.536887  
   250     0.234469     0.536556  
   251     0.233632     0.536751  
   252     0.232715     0.536332  
   253     0.231918     0.536195  
   254     0.231124     0.536273  
   255     0.230425     0.536110  
   256     0.229687     0.535937  
   257     0.228832     0.535539  
   258     0.227959     0.535161  
   259     0.227079     0.534688  
   260     0.226263     0.534444  
   261     0.225481     0.534168  
   262     0.224699     0.533966  
   263     0.223934     0.533746  
   264     0.223112     0.533397  
   265     0.222288     0.533505  
   266     0.221676     0.533542  
   267     0.221014     0.533385  
   268     0.220203     0.532813  
   269     0.219483     0.532707  
   270     0.218793     0.532666  
   271     0.218011     0.532453  
   272     0.217245     0.532204  
   273     0.216520     0.532034  
   274     0.215821     0.532066  
   275     0.215112     0.531825  
   276     0.214321     0.531771  
   277     0.213565     0.531458  
   278     0.212874     0.531490  
   279     0.212170     0.531250  
   280     0.211447     0.530854  
   281     0.210775     0.530656  
   282     0.210038     0.530478  
   283     0.209472     0.530512  
   284     0.208828     0.530638  
   285     0.208142     0.530837  
   286     0.207487     0.530457  
   287     0.206764     0.530054  
   288     0.206118     0.530034  
   289     0.205499     0.530168  
   290     0.204910     0.530053  
   291     0.204286     0.530102  
   292     0.203750     0.529786  
   293     0.203067     0.529741  
   294     0.202379     0.529745  
   295     0.201716     0.529639  
   296     0.201181     0.529764  
   297     0.200484     0.529587  
   298     0.199865     0.529416  
   299     0.199208     0.529240  
   300     0.198660     0.529264  
   301     0.198107     0.529330  
   302     0.197488     0.529255  
   303     0.196864     0.529105  
   304     0.196263     0.529066  
   305     0.195629     0.528834  
   306     0.194944     0.528524  
   307     0.194310     0.528350  
   308     0.193712     0.528202  
   309     0.193104     0.527888  
   310     0.192516     0.527755  
   311     0.191914     0.527656  
   312     0.191304     0.527507  
   313     0.190661     0.527473  
   314     0.190057     0.527549  
   315     0.189468     0.527140  
   316     0.188811     0.527208  
   317     0.188291     0.526887  
   318     0.187553     0.526719  
   319     0.187013     0.526520  
   320     0.186398     0.526454  
   321     0.185844     0.526316  
   322     0.185304     0.526315  
   323     0.184636     0.526418  
   324     0.183997     0.526423  
   325     0.183368     0.526141  
   326     0.182845     0.526183  
   327     0.182305     0.526065  
   328     0.181622     0.525912  
   329     0.181047     0.525832  
   330     0.180439     0.525701  
   331     0.179813     0.525732  
   332     0.179251     0.525767  
   333     0.178726     0.525604  
   334     0.178221     0.525476  
   335     0.177684     0.525388  
   336     0.177162     0.525142  
   337     0.176682     0.525031  
   338     0.176134     0.525016  
   339     0.175590     0.524953  
   340     0.175052     0.524765  
   341     0.174627     0.525055  
   342     0.174087     0.524698  
   343     0.173635     0.524657  
   344     0.173052     0.524656  
   345     0.172487     0.524657  
   346     0.171978     0.524567  
   347     0.171443     0.524542  
   348     0.170928     0.524409  
   349     0.170359     0.524349  
   350     0.169742     0.524289  
   351     0.169306     0.524248  
   352     0.168819     0.523935  
   353     0.168366     0.524115  
   354     0.167773     0.523828  
   355     0.167297     0.523642  
   356     0.166845     0.523730  
   357     0.166356     0.523655  
   358     0.165879     0.523654  
   359     0.165260     0.523494  
   360     0.164689     0.523534  
   361     0.164234     0.523465  
   362     0.163735     0.523186  
   363     0.163172     0.523199  
   364     0.162736     0.523122  
   365     0.162302     0.522974  
   366     0.161782     0.522804  
   367     0.161400     0.522673  
   368     0.160909     0.522487  
   369     0.160380     0.522107  
   370     0.159968     0.521914  
   371     0.159463     0.521910  
   372     0.159092     0.521698  
   373     0.158584     0.521287  
   374     0.158105     0.521222  
   375     0.157608     0.521073  
   376     0.157094     0.520756  
   377     0.156537     0.520546  
   378     0.156116     0.520206  
   379     0.155624     0.520025  
   380     0.155115     0.520270  
   381     0.154632     0.520161  
   382     0.154174     0.519916  
   383     0.153744     0.519927  
   384     0.153339     0.519957  
   385     0.152829     0.519887  
   386     0.152352     0.519861  
   387     0.151839     0.519979  
   388     0.151369     0.520038  
   389     0.150891     0.520092  
   390     0.150429     0.520024  
   391     0.150010     0.519965  
   392     0.149533     0.519812  
   393     0.149114     0.519815  
   394     0.148571     0.519451  
   395     0.148100     0.519429  
   396     0.147658     0.519402  
   397     0.147250     0.519518  
   398     0.146857     0.519463  
   399     0.146430     0.519459  
   400     0.145948     0.519417  
   401     0.145627     0.519393  
   402     0.145249     0.519488  
   403     0.144783     0.519480  
   404     0.144277     0.519521  
   405     0.143811     0.519477  
   406     0.143365     0.519563  
   407     0.142934     0.519288  
   408     0.142554     0.519227  
   409     0.142078     0.519128  
   410     0.141658     0.518948  
   411     0.141214     0.518594  
   412     0.140772     0.518357  
   413     0.140335     0.518205  
   414     0.139893     0.518089  
   415     0.139550     0.518012  
   416     0.139074     0.517815  
   417     0.138636     0.517680  
   418     0.138179     0.517713  
   419     0.137745     0.517763  
   420     0.137348     0.517713  
   421     0.136945     0.517687  
   422     0.136494     0.517604  
   423     0.136075     0.517270  
   424     0.135636     0.517172  
   425     0.135181     0.517121  
   426     0.134793     0.517127  
   427     0.134404     0.516996  
   428     0.134000     0.517005  
   429     0.133599     0.516829  
   430     0.133230     0.516862  
   431     0.132816     0.516871  
   432     0.132425     0.516941  
   433     0.132065     0.516777  
   434     0.131677     0.516704  
   435     0.131317     0.516961  
   436     0.130916     0.516734  
   437     0.130481     0.516814  
   438     0.130045     0.516673  
   439     0.129645     0.516653  
   440     0.129303     0.516471  
   441     0.128881     0.516467  
   442     0.128562     0.516405  
   443     0.128183     0.516269  
   444     0.127855     0.516289  
   445     0.127477     0.516101  
   446     0.127132     0.516052  
   447     0.126781     0.515947  
   448     0.126422     0.516108  
   449     0.126006     0.516078  
   450     0.125628     0.515924  
   451     0.125260     0.515917  
   452     0.124869     0.515809  
   453     0.124475     0.515731  
   454     0.124088     0.515865  
   455     0.123645     0.515714  
   456     0.123264     0.515629  
   457     0.122918     0.515955  
   458     0.122544     0.515939  
   459     0.122260     0.516125  
   460     0.121908     0.516079  
   461     0.121610     0.516085  
   462     0.121291     0.516079  
   463     0.120878     0.516026  
   464     0.120576     0.516079  
   465     0.120209     0.515962  
   466     0.119848     0.515963  
   467     0.119488     0.515940  
   468     0.119174     0.515855  
   469     0.118791     0.515893  
   470     0.118464     0.515971  
   471     0.118156     0.515847  
   472     0.117880     0.515777  
   473     0.117523     0.515761  
   474     0.117210     0.515530  
   475     0.116914     0.515448  
   476     0.116585     0.515366  
   477     0.116276     0.515335  
   478     0.115969     0.515321  
   479     0.115648     0.515232  
   480     0.115283     0.515310  
   481     0.114920     0.515181  
   482     0.114601     0.515051  
   483     0.114226     0.514952  
   484     0.113931     0.515002  
   485     0.113561     0.514809  
   486     0.113235     0.514667  
   487     0.112905     0.514632  
   488     0.112622     0.514618  
   489     0.112272     0.514752  
   490     0.111984     0.514735  
   491     0.111682     0.514684  
   492     0.111356     0.514700  
   493     0.111039     0.514746  
   494     0.110670     0.514559  
   495     0.110352     0.514420  
   496     0.110046     0.514418  
   497     0.109708     0.514345  
   498     0.109386     0.514252  
   499     0.109035     0.514349  
   500     0.108768     0.514488  
   501     0.108430     0.514670  
   502     0.108144     0.514633  
   503     0.107831     0.514653  
   504     0.107538     0.514541  
   505     0.107241     0.514569  
   506     0.106927     0.514516  
   507     0.106594     0.514490  
   508     0.106313     0.514437  
   509     0.106001     0.514538  
   510     0.105690     0.514597  
   511     0.105364     0.514541  
   512     0.105051     0.514449  
   513     0.104745     0.514566  
   514     0.104425     0.514682  
   515     0.104091     0.514696  
   516     0.103770     0.514566  
   517     0.103469     0.514430  
   518     0.103168     0.514411  
   519     0.102807     0.514409  
   520     0.102511     0.514258  
   521     0.102192     0.514307  
   522     0.101921     0.514256  
   523     0.101654     0.514284  
   524     0.101373     0.514282  
   525     0.101138     0.514238  
   526     0.100818     0.514043  
   527     0.100536     0.513958  
   528     0.100286     0.513843  
   529     0.100007     0.513978  
   530     0.099733     0.513998  
   531     0.099448     0.513889  
   532     0.099187     0.513881  
   533     0.098869     0.513892  
   534     0.098594     0.513893  
   535     0.098324     0.513823  
   536     0.098041     0.513711  
   537     0.097811     0.513715  
   538     0.097539     0.513563  
   539     0.097321     0.513527  
   540     0.097041     0.513531  
   541     0.096721     0.513460  
   542     0.096435     0.513307  
   543     0.096133     0.513049  
   544     0.095842     0.512856  
   545     0.095586     0.512802  
   546     0.095282     0.512780  
   547     0.095008     0.512794  
   548     0.094722     0.512741  
   549     0.094452     0.512716  
   550     0.094182     0.512903  
   551     0.093938     0.512876  
   552     0.093661     0.512812  
   553     0.093420     0.512842  
   554     0.093178     0.512861  
   555     0.092920     0.512873  
   556     0.092615     0.512773  
   557     0.092334     0.512562  
   558     0.092102     0.512662  
   559     0.091883     0.512597  
   560     0.091659     0.512555  
   561     0.091370     0.512493  
   562     0.091132     0.512462  
   563     0.090846     0.512500  
   564     0.090549     0.512508  
   565     0.090265     0.512359  
   566     0.089995     0.512602  
   567     0.089737     0.512573  
   568     0.089475     0.512499  
   569     0.089225     0.512407  
   570     0.088945     0.512395  
   571     0.088721     0.512237  
   572     0.088442     0.512199  
   573     0.088199     0.512122  
   574     0.087983     0.512072  
   575     0.087711     0.511889  
   576     0.087419     0.511868  
   577     0.087167     0.511789  
   578     0.086928     0.511724  
   579     0.086665     0.511245  
   580     0.086416     0.511204  
   581     0.086155     0.511187  
   582     0.085913     0.511206  
   583     0.085673     0.511275  
   584     0.085429     0.511125  
   585     0.085143     0.511097  
   586     0.084911     0.510982  
   587     0.084630     0.511063  
   588     0.084378     0.511077  
   589     0.084200     0.511023  
   590     0.083953     0.510944  
   591     0.083703     0.510920  
   592     0.083512     0.511004  
   593     0.083266     0.510908  
   594     0.083054     0.510778  
   595     0.082831     0.510856  
   596     0.082623     0.510738  
   597     0.082408     0.510719  
   598     0.082130     0.510747  
   599     0.081860     0.510911  
   600     0.081646     0.510962  
   601     0.081394     0.510869  
   602     0.081152     0.510797  
   603     0.080950     0.510739  
   604     0.080716     0.510729  
   605     0.080484     0.510807  
   606     0.080254     0.510770  
   607     0.080051     0.510657  
   608     0.079807     0.510751  
   609     0.079603     0.510667  
   610     0.079393     0.510580  
   611     0.079202     0.510552  
   612     0.078975     0.510439  
   613     0.078768     0.510363  
   614     0.078554     0.510448  
   615     0.078334     0.510476  
   616     0.078144     0.510456  
   617     0.077959     0.510445  
   618     0.077729     0.510318  
   619     0.077532     0.510343  
   620     0.077263     0.510244  
   621     0.077071     0.510477  
   622     0.076890     0.510479  
   623     0.076670     0.510425  
   624     0.076447     0.510363  
   625     0.076212     0.510379  
   626     0.076001     0.510295  
   627     0.075816     0.510223  
   628     0.075600     0.510123  
   629     0.075389     0.510084  
   630     0.075161     0.509995  
   631     0.074975     0.509913  
   632     0.074793     0.509843  
   633     0.074601     0.509808  
   634     0.074380     0.509671  
   635     0.074152     0.509586  
   636     0.073936     0.509546  
   637     0.073735     0.509504  
   638     0.073549     0.509458  
   639     0.073358     0.509426  
   640     0.073163     0.509513  
   641     0.072947     0.509429  
   642     0.072727     0.509344  
   643     0.072527     0.509213  
   644     0.072333     0.509240  
   645     0.072135     0.509114  
   646     0.071905     0.509003  
   647     0.071691     0.508936  
   648     0.071488     0.508818  
   649     0.071267     0.508850  
   650     0.071028     0.508910  
   651     0.070820     0.508977  
   652     0.070617     0.508914  
   653     0.070414     0.508827  
   654     0.070208     0.508831  
   655     0.070015     0.508844  
   656     0.069783     0.508858  
   657     0.069584     0.508968  
   658     0.069395     0.509057  
   659     0.069216     0.508986  
   660     0.069023     0.509110  
   661     0.068867     0.509027  
   662     0.068711     0.508875  
   663     0.068532     0.508862  
   664     0.068377     0.508954  
   665     0.068154     0.508855  
   666     0.067976     0.508757  
   667     0.067749     0.508601  
   668     0.067555     0.508568  
   669     0.067348     0.508617  
   670     0.067180     0.508606  
   671     0.066983     0.508733  
   672     0.066769     0.508722  
   673     0.066578     0.508689  
   674     0.066380     0.508634  
   675     0.066182     0.508615  
   676     0.065999     0.508636  
   677     0.065839     0.508682  
   678     0.065617     0.508628  
   679     0.065453     0.508672  
   680     0.065294     0.508591  
   681     0.065119     0.508617  
   682     0.064962     0.508504  
   683     0.064788     0.508569  
   684     0.064585     0.508497  
   685     0.064404     0.508449  
   686     0.064212     0.508506  
   687     0.064030     0.508476  
   688     0.063844     0.508506  
   689     0.063620     0.508365  
   690     0.063409     0.508360  
   691     0.063197     0.508414  
   692     0.063024     0.508304  
   693     0.062874     0.508274  
   694     0.062721     0.508270  
   695     0.062531     0.508204  
   696     0.062361     0.508197  
   697     0.062205     0.508182  
   698     0.062027     0.508184  
   699     0.061849     0.508120  
   700     0.061661     0.508170  
   701     0.061489     0.508306  
   702     0.061346     0.508200  
   703     0.061167     0.508154  
   704     0.060994     0.508237  
   705     0.060840     0.508129  
   706     0.060665     0.508180  
   707     0.060506     0.508083  
   708     0.060335     0.507965  
   709     0.060152     0.507953  
   710     0.059995     0.507908  
   711     0.059845     0.507847  
   712     0.059693     0.507849  
   713     0.059484     0.507836  
   714     0.059305     0.507826  
   715     0.059132     0.507733  
   716     0.058967     0.507783  
   717     0.058783     0.507664  
   718     0.058629     0.507710  
   719     0.058447     0.507655  
   720     0.058277     0.507574  
   721     0.058104     0.507498  
   722     0.057919     0.507521  
   723     0.057739     0.507646  
   724     0.057585     0.507767  
   725     0.057424     0.507815  
   726     0.057229     0.507811  
   727     0.057109     0.507648  
   728     0.056962     0.507672  
   729     0.056769     0.507626  
   730     0.056603     0.507668  
   731     0.056439     0.507657  
   732     0.056304     0.507601  
   733     0.056153     0.507537  
   734     0.055995     0.507476  
   735     0.055828     0.507468  
   736     0.055660     0.507434  
   737     0.055519     0.507526  
   738     0.055343     0.507486  
   739     0.055201     0.507324  
   740     0.055036     0.507364  
   741     0.054898     0.507472  
   742     0.054773     0.507416  
   743     0.054627     0.507412  
   744     0.054462     0.507347  
   745     0.054317     0.507356  
   746     0.054182     0.507451  
   747     0.054031     0.507583  
   748     0.053920     0.507563  
   749     0.053769     0.507444  
   750     0.053607     0.507430  
   751     0.053477     0.507424  
   752     0.053345     0.507414  
   753     0.053173     0.507372  
   754     0.053043     0.507329  
   755     0.052893     0.507245  
   756     0.052765     0.507316  
   757     0.052619     0.507312  
   758     0.052488     0.507274  
   759     0.052340     0.507241  
   760     0.052189     0.507263  
   761     0.052057     0.507221  
   762     0.051918     0.507255  
   763     0.051784     0.507186  
   764     0.051613     0.507161  
   765     0.051475     0.507092  
   766     0.051341     0.507184  
   767     0.051216     0.507190  
   768     0.051089     0.507215  
   769     0.050937     0.507135  
   770     0.050764     0.506988  
   771     0.050618     0.506970  
   772     0.050459     0.506763  
   773     0.050331     0.506768  
   774     0.050192     0.506759  
   775     0.050052     0.506741  
   776     0.049917     0.506728  
   777     0.049800     0.506642  
   778     0.049671     0.506573  
   779     0.049555     0.506636  
   780     0.049433     0.506558  
   781     0.049294     0.506655  
   782     0.049147     0.506708  
   783     0.049025     0.506769  
   784     0.048886     0.506808  
   785     0.048762     0.506781  
   786     0.048633     0.506729  
   787     0.048505     0.506714  
   788     0.048356     0.506650  
   789     0.048229     0.506592  
   790     0.048094     0.506541  
   791     0.047955     0.506524  
   792     0.047833     0.506374  
   793     0.047685     0.506446  
   794     0.047563     0.506572  
   795     0.047447     0.506517  
   796     0.047322     0.506602  
   797     0.047215     0.506684  
   798     0.047087     0.506732  
   799     0.046969     0.506796  
   800     0.046840     0.506752  
   801     0.046712     0.506839  
   802     0.046606     0.506805  
   803     0.046458     0.506808  
   804     0.046341     0.506874  
   805     0.046219     0.506836  
   806     0.046079     0.506775  
   807     0.045971     0.506722  
   808     0.045820     0.506665  
   809     0.045704     0.506650  
   810     0.045593     0.506754  
   811     0.045473     0.506774  
   812     0.045338     0.506779  
   813     0.045213     0.506807  
   814     0.045090     0.506825  
   815     0.044976     0.506841  
   816     0.044848     0.506784  
   817     0.044744     0.506753  
   818     0.044630     0.506813  
   819     0.044510     0.506825  
   820     0.044396     0.506827  
   821     0.044251     0.506888  
   822     0.044142     0.506817  
   823     0.044017     0.506751  
   824     0.043900     0.506769  
   825     0.043768     0.506679  
   826     0.043633     0.506578  
   827     0.043506     0.506557  
   828     0.043377     0.506601  
   829     0.043258     0.506615  
   830     0.043140     0.506459  
   831     0.043017     0.506457  
   832     0.042909     0.506528  
   833     0.042780     0.506507  
   834     0.042647     0.506530  
   835     0.042540     0.506502  
   836     0.042414     0.506575  
   837     0.042289     0.506596  
   838     0.042186     0.506635  
   839     0.042098     0.506570  
   840     0.042001     0.506617  
   841     0.041874     0.506608  
   842     0.041767     0.506688  
   843     0.041664     0.506582  
   844     0.041558     0.506633  
   845     0.041461     0.506605  
   846     0.041360     0.506596  
   847     0.041235     0.506579  
   848     0.041117     0.506536  
   849     0.041032     0.506524  
   850     0.040888     0.506524  
   851     0.040770     0.506463  
   852     0.040668     0.506455  
   853     0.040583     0.506516  
   854     0.040458     0.506502  
   855     0.040341     0.506461  
   856     0.040239     0.506552  
   857     0.040135     0.506569  
   858     0.040025     0.506449  
   859     0.039920     0.506370  
   860     0.039809     0.506402  
   861     0.039710     0.506440  
   862     0.039591     0.506476  
   863     0.039471     0.506652  
   864     0.039365     0.506536  
   865     0.039267     0.506466  
   866     0.039160     0.506420  
   867     0.039028     0.506330  
   868     0.038926     0.506304  
   869     0.038802     0.506300  
   870     0.038710     0.506255  
   871     0.038618     0.506237  
   872     0.038493     0.506398  
   873     0.038392     0.506477  
   874     0.038292     0.506493  
   875     0.038192     0.506435  
   876     0.038084     0.506400  
   877     0.037972     0.506352  
   878     0.037881     0.506334  
   879     0.037777     0.506282  
   880     0.037682     0.506359  
   881     0.037584     0.506419  
   882     0.037477     0.506468  
   883     0.037370     0.506533  
   884     0.037279     0.506457  
   885     0.037199     0.506463  
   886     0.037112     0.506370  
   887     0.037024     0.506392  
   888     0.036923     0.506351  
   889     0.036839     0.506394  
   890     0.036718     0.506447  
   891     0.036624     0.506383  
   892     0.036508     0.506321  
   893     0.036423     0.506248  
   894     0.036323     0.506275  
   895     0.036220     0.506274  
   896     0.036135     0.506333  
   897     0.036026     0.506326  
   898     0.035918     0.506337  
   899     0.035823     0.506342  
   900     0.035720     0.506493  
   901     0.035617     0.506465  
   902     0.035522     0.506510  
   903     0.035420     0.506556  
   904     0.035322     0.506498  
   905     0.035237     0.506508  
   906     0.035149     0.506496  
   907     0.035047     0.506429  
   908     0.034947     0.506474  
   909     0.034848     0.506462  
   910     0.034759     0.506361  
   911     0.034651     0.506471  
   912     0.034557     0.506491  
   913     0.034479     0.506416  
   914     0.034383     0.506378  
   915     0.034300     0.506273  
   916     0.034219     0.506308  
   917     0.034115     0.506347  
   918     0.034032     0.506344  
   919     0.033942     0.506351  
   920     0.033855     0.506267  
   921     0.033753     0.506294  
   922     0.033676     0.506261  
   923     0.033600     0.506227  
   924     0.033515     0.506231  
   925     0.033428     0.506168  
   926     0.033344     0.506029  
   927     0.033259     0.506065  
   928     0.033180     0.506061  
   929     0.033098     0.505995  
   930     0.032994     0.506008  
   931     0.032902     0.505960  
   932     0.032817     0.506014  
   933     0.032726     0.505879  
   934     0.032637     0.505854  
   935     0.032536     0.505864  
   936     0.032447     0.505854  
   937     0.032367     0.505783  
   938     0.032279     0.505823  
   939     0.032195     0.505874  
   940     0.032109     0.505746  
   941     0.032013     0.505760  
   942     0.031932     0.505742  
   943     0.031841     0.505780  
   944     0.031741     0.505812  
   945     0.031653     0.505845  
   946     0.031571     0.505994  
   947     0.031461     0.506086  
   948     0.031362     0.506090  
   949     0.031276     0.506103  
   950     0.031183     0.506024  
   951     0.031082     0.506027  
   952     0.030994     0.505988  
   953     0.030890     0.506010  
   954     0.030796     0.505987  
   955     0.030713     0.506015  
   956     0.030629     0.505956  
   957     0.030549     0.505968  
   958     0.030460     0.505910  
   959     0.030389     0.505940  
   960     0.030306     0.505951  
   961     0.030228     0.505992  
   962     0.030150     0.505972  
   963     0.030078     0.505863  
   964     0.029998     0.505795  
   965     0.029926     0.505774  
   966     0.029850     0.505728  
   967     0.029786     0.505727  
   968     0.029676     0.505601  
   969     0.029592     0.505625  
   970     0.029515     0.505606  
   971     0.029431     0.505640  
   972     0.029368     0.505612  
   973     0.029302     0.505555  
   974     0.029217     0.505540  
   975     0.029132     0.505615  
   976     0.029050     0.505571  
   977     0.028964     0.505494  
   978     0.028873     0.505538  
   979     0.028788     0.505576  
   980     0.028714     0.505606  
   981     0.028637     0.505647  
   982     0.028555     0.505643  
   983     0.028488     0.505582  
   984     0.028400     0.505641  
   985     0.028327     0.505656  
   986     0.028241     0.505552  
   987     0.028160     0.505570  
   988     0.028079     0.505740  
   989     0.028008     0.505673  
   990     0.027935     0.505581  
   991     0.027870     0.505602  
   992     0.027797     0.505627  
   993     0.027715     0.505676  
   994     0.027644     0.505690  
   995     0.027581     0.505657  
   996     0.027515     0.505706  
   997     0.027443     0.505667  
   998     0.027369     0.505710  
   999     0.027283     0.505720  
  1000     0.027199     0.505751  
  1001     0.027125     0.505736  
  1002     0.027044     0.505630  
  1003     0.026979     0.505624  
  1004     0.026904     0.505593  
  1005     0.026820     0.505530  
  1006     0.026750     0.505579  
  1007     0.026682     0.505473  
  1008     0.026610     0.505523  
  1009     0.026524     0.505516  
  1010     0.026459     0.505524  
  1011     0.026383     0.505574  
  1012     0.026332     0.505518  
  1013     0.026249     0.505569  
  1014     0.026171     0.505524  
  1015     0.026099     0.505505  
  1016     0.026030     0.505479  
  1017     0.025959     0.505567  
  1018     0.025889     0.505579  
  1019     0.025819     0.505589  
  1020     0.025759     0.505606  
  1021     0.025682     0.505589  
  1022     0.025623     0.505633  
  1023     0.025562     0.505627  
  1024     0.025500     0.505580  
  1025     0.025424     0.505493  
  1026     0.025359     0.505601  
  1027     0.025305     0.505643  
  1028     0.025238     0.505604  
  1029     0.025186     0.505524  
  1030     0.025117     0.505546  
  1031     0.025066     0.505551  
  1032     0.024990     0.505511  
  1033     0.024917     0.505484  
  1034     0.024847     0.505463  
  1035     0.024787     0.505452  
  1036     0.024717     0.505377  
  1037     0.024641     0.505381  
  1038     0.024570     0.505453  
  1039     0.024498     0.505416  
  1040     0.024439     0.505466  
  1041     0.024372     0.505444  
  1042     0.024313     0.505491  
  1043     0.024246     0.505546  
  1044     0.024180     0.505507  
  1045     0.024107     0.505495  
  1046     0.024041     0.505427  
  1047     0.023983     0.505414  
  1048     0.023904     0.505424  
  1049     0.023843     0.505454  
  1050     0.023788     0.505412  
  1051     0.023724     0.505427  
  1052     0.023666     0.505431  
  1053     0.023602     0.505391  
  1054     0.023533     0.505377  
  1055     0.023468     0.505316  
  1056     0.023418     0.505265  
  1057     0.023348     0.505237  
  1058     0.023286     0.505231  
  1059     0.023228     0.505157  
  1060     0.023172     0.504987  
  1061     0.023102     0.505039  
  1062     0.023034     0.504967  
  1063     0.022967     0.504912  
  1064     0.022909     0.504868  
  1065     0.022847     0.504822  
  1066     0.022788     0.504758  
  1067     0.022733     0.504832  
  1068     0.022668     0.504800  
  1069     0.022613     0.504844  
  1070     0.022551     0.504774  
  1071     0.022485     0.504694  
  1072     0.022426     0.504755  
  1073     0.022371     0.504781  
  1074     0.022328     0.504745  
  1075     0.022277     0.504665  
  1076     0.022222     0.504670  
  1077     0.022163     0.504692  
  1078     0.022096     0.504650  
  1079     0.022042     0.504624  
  1080     0.021982     0.504630  
  1081     0.021921     0.504657  
  1082     0.021854     0.504674  
  1083     0.021795     0.504696  
  1084     0.021736     0.504724  
  1085     0.021684     0.504732  
  1086     0.021633     0.504726  
  1087     0.021574     0.504674  
  1088     0.021508     0.504753  
  1089     0.021443     0.504760  
  1090     0.021397     0.504780  
  1091     0.021335     0.504720  
  1092     0.021282     0.504721  
  1093     0.021223     0.504736  
  1094     0.021163     0.504716  
  1095     0.021100     0.504662  
  1096     0.021045     0.504657  
  1097     0.020988     0.504637  
  1098     0.020928     0.504597  
  1099     0.020868     0.504591  
  1100     0.020822     0.504580  
  1101     0.020766     0.504611  
  1102     0.020702     0.504594  
  1103     0.020638     0.504586  
  1104     0.020588     0.504597  
  1105     0.020530     0.504572  
  1106     0.020485     0.504534  
  1107     0.020425     0.504566  
  1108     0.020371     0.504561  
  1109     0.020323     0.504578  
  1110     0.020265     0.504616  
  1111     0.020210     0.504652  
  1112     0.020154     0.504621  
  1113     0.020099     0.504627  
  1114     0.020051     0.504630  
  1115     0.019997     0.504630  
  1116     0.019946     0.504572  
  1117     0.019889     0.504594  
  1118     0.019836     0.504616  
  1119     0.019795     0.504637  
  1120     0.019743     0.504538  
  1121     0.019693     0.504609  
  1122     0.019652     0.504542  
  1123     0.019602     0.504562  
  1124     0.019548     0.504598  
  1125     0.019488     0.504543  
  1126     0.019438     0.504531  
  1127     0.019393     0.504510  
  1128     0.019333     0.504497  
  1129     0.019280     0.504501  
  1130     0.019231     0.504540  
  1131     0.019190     0.504522  
  1132     0.019141     0.504459  
  1133     0.019093     0.504418  
  1134     0.019047     0.504429  
  1135     0.018989     0.504383  
  1136     0.018935     0.504410  
  1137     0.018875     0.504437  
  1138     0.018824     0.504414  
  1139     0.018781     0.504454  
  1140     0.018735     0.504459  
  1141     0.018693     0.504421  
  1142     0.018639     0.504429  
  1143     0.018596     0.504376  
  1144     0.018547     0.504389  
  1145     0.018505     0.504436  
  1146     0.018453     0.504477  
  1147     0.018408     0.504488  
  1148     0.018365     0.504478  
  1149     0.018315     0.504470  
  1150     0.018277     0.504512  
  1151     0.018226     0.504512  
  1152     0.018177     0.504537  
  1153     0.018132     0.504528  
  1154     0.018086     0.504542  
  1155     0.018046     0.504547  
  1156     0.017992     0.504510  
  1157     0.017938     0.504552  
  1158     0.017891     0.504537  
  1159     0.017839     0.504521  
  1160     0.017782     0.504502  
  1161     0.017744     0.504531  
  1162     0.017700     0.504474  
  1163     0.017647     0.504474  
  1164     0.017599     0.504395  
  1165     0.017559     0.504430  
  1166     0.017512     0.504370  
  1167     0.017473     0.504398  
  1168     0.017430     0.504348  
  1169     0.017392     0.504386  
  1170     0.017348     0.504358  
  1171     0.017299     0.504379  
  1172     0.017261     0.504437  
  1173     0.017218     0.504458  
  1174     0.017169     0.504454  
  1175     0.017129     0.504511  
  1176     0.017090     0.504432  
  1177     0.017040     0.504381  
  1178     0.016984     0.504266  
  1179     0.016932     0.504324  
  1180     0.016888     0.504365  
  1181     0.016836     0.504334  
  1182     0.016799     0.504339  
  1183     0.016756     0.504354  
  1184     0.016716     0.504344  
  1185     0.016669     0.504378  
  1186     0.016625     0.504350  
  1187     0.016588     0.504301  
  1188     0.016544     0.504329  
  1189     0.016502     0.504334  
  1190     0.016465     0.504325  
  1191     0.016419     0.504276  
  1192     0.016383     0.504289  
  1193     0.016339     0.504263  
  1194     0.016292     0.504233  
  1195     0.016239     0.504326  
  1196     0.016204     0.504360  
  1197     0.016167     0.504366  
  1198     0.016130     0.504406  
  1199     0.016083     0.504338  
  1200     0.016041     0.504331  
  1201     0.015998     0.504292  
  1202     0.015956     0.504309  
  1203     0.015913     0.504313  
  1204     0.015879     0.504277  
  1205     0.015842     0.504277  
  1206     0.015809     0.504313  
  1207     0.015772     0.504243  
  1208     0.015728     0.504271  
  1209     0.015687     0.504235  
  1210     0.015651     0.504218  
  1211     0.015609     0.504221  
  1212     0.015573     0.504259  
  1213     0.015533     0.504210  
  1214     0.015493     0.504202  
  1215     0.015451     0.504197  
  1216     0.015411     0.504158  
  1217     0.015374     0.504164  
  1218     0.015332     0.504129  
  1219     0.015288     0.504170  
  1220     0.015249     0.504158  
  1221     0.015206     0.504195  
  1222     0.015158     0.504197  
  1223     0.015115     0.504230  
  1224     0.015074     0.504245  
  1225     0.015030     0.504261  
  1226     0.014981     0.504242  
  1227     0.014939     0.504259  
  1228     0.014894     0.504207  
  1229     0.014859     0.504187  
  1230     0.014819     0.504190  
  1231     0.014787     0.504177  
  1232     0.014738     0.504151  
  1233     0.014700     0.504169  
  1234     0.014659     0.504106  
  1235     0.014623     0.504165  
  1236     0.014585     0.504094  
  1237     0.014551     0.504074  
  1238     0.014514     0.504006  
  1239     0.014478     0.504087  
  1240     0.014434     0.504081  
  1241     0.014389     0.504090  
  1242     0.014351     0.504047  
  1243     0.014317     0.504031  
  1244     0.014282     0.504024  
  1245     0.014250     0.504007  
  1246     0.014213     0.504025  
  1247     0.014180     0.503985  
  1248     0.014142     0.504001  
  1249     0.014103     0.504022  
  1250     0.014058     0.504109  
  1251     0.014018     0.504132  
  1252     0.013977     0.504127  
  1253     0.013940     0.504135  
  1254     0.013898     0.504137  
  1255     0.013864     0.504049  
  1256     0.013826     0.504056  
  1257     0.013783     0.504120  
  1258     0.013742     0.504151  
  1259     0.013711     0.504175  
  1260     0.013673     0.504165  
  1261     0.013634     0.504236  
  1262     0.013608     0.504255  
  1263     0.013572     0.504251  
  1264     0.013540     0.504235  
  1265     0.013505     0.504256  
  1266     0.013474     0.504254  
  1267     0.013440     0.504199  
  1268     0.013400     0.504182  
  1269     0.013365     0.504158  
  1270     0.013332     0.504130  
  1271     0.013293     0.504119  
  1272     0.013262     0.504090  
  1273     0.013227     0.504055  
  1274     0.013195     0.504082  
  1275     0.013162     0.504055  
  1276     0.013130     0.504092  
  1277     0.013097     0.504066  
  1278     0.013063     0.504123  
  1279     0.013023     0.504161  
  1280     0.012995     0.504157  
  1281     0.012960     0.504169  
  1282     0.012929     0.504169  
  1283     0.012898     0.504182  
  1284     0.012867     0.504138  
  1285     0.012836     0.504145  
  1286     0.012804     0.504182  
  1287     0.012772     0.504151  
  1288     0.012741     0.504184  
  1289     0.012706     0.504211  
  1290     0.012673     0.504206  
  1291     0.012645     0.504291  
  1292     0.012610     0.504239  
  1293     0.012578     0.504263  
  1294     0.012539     0.504286  
  1295     0.012511     0.504258  
  1296     0.012482     0.504220  
  1297     0.012445     0.504198  
  1298     0.012410     0.504270  
  1299     0.012376     0.504251  
  1300     0.012340     0.504236  
  1301     0.012306     0.504197  
  1302     0.012272     0.504166  
  1303     0.012242     0.504199  
  1304     0.012207     0.504154  
  1305     0.012178     0.504205  
  1306     0.012149     0.504185  
  1307     0.012122     0.504198  
  1308     0.012085     0.504185  
  1309     0.012053     0.504236  
  1310     0.012018     0.504277  
  1311     0.011983     0.504222  
  1312     0.011950     0.504230  
  1313     0.011925     0.504155  
  1314     0.011893     0.504147  
  1315     0.011864     0.504144  
  1316     0.011835     0.504120  
  1317     0.011801     0.504085  
  1318     0.011776     0.504085  
  1319     0.011739     0.504043  
  1320     0.011704     0.503980  
  1321     0.011679     0.503982  
  1322     0.011652     0.503997  
  1323     0.011627     0.504016  
  1324     0.011605     0.503939  
  1325     0.011580     0.503996  
  1326     0.011549     0.503986  
  1327     0.011521     0.504006  
  1328     0.011495     0.503988  
  1329     0.011463     0.504012  
  1330     0.011433     0.504031  
  1331     0.011401     0.504044  
  1332     0.011371     0.504096  
  1333     0.011343     0.504073  
  1334     0.011319     0.504062  
  1335     0.011290     0.504055  
  1336     0.011258     0.504059  
  1337     0.011225     0.504008  
  1338     0.011196     0.503993  
  1339     0.011167     0.503994  
  1340     0.011132     0.503955  
  1341     0.011099     0.504007  
  1342     0.011073     0.504019  
  1343     0.011048     0.504007  
  1344     0.011019     0.503987  
  1345     0.010989     0.503934  
  1346     0.010955     0.503897  
  1347     0.010924     0.503858  
  1348     0.010892     0.503828  
  1349     0.010864     0.503800  
  1350     0.010835     0.503811  
  1351     0.010808     0.503788  
  1352     0.010777     0.503788  
  1353     0.010746     0.503785  
  1354     0.010723     0.503806  
  1355     0.010693     0.503806  
  1356     0.010666     0.503747  
  1357     0.010635     0.503767  
  1358     0.010609     0.503755  
  1359     0.010579     0.503708  
  1360     0.010558     0.503670  
  1361     0.010530     0.503611  
  1362     0.010504     0.503607  
  1363     0.010472     0.503610  
  1364     0.010450     0.503584  
  1365     0.010419     0.503531  
  1366     0.010396     0.503511  
  1367     0.010369     0.503495  
  1368     0.010343     0.503488  
  1369     0.010319     0.503501  
  1370     0.010292     0.503490  
  1371     0.010263     0.503432  
  1372     0.010232     0.503433  
  1373     0.010205     0.503431  
  1374     0.010181     0.503462  
  1375     0.010155     0.503423  
  1376     0.010126     0.503337  
  1377     0.010097     0.503336  
  1378     0.010073     0.503330  
  1379     0.010048     0.503336  
  1380     0.010025     0.503329  
  1381     0.009998     0.503370  
  1382     0.009973     0.503341  
  1383     0.009947     0.503294  
  1384     0.009925     0.503335  
  1385     0.009902     0.503300  
  1386     0.009875     0.503276  * best
  1387     0.009855     0.503287  
  1388     0.009827     0.503306  
  1389     0.009803     0.503316  
  1390     0.009774     0.503290  
  1391     0.009748     0.503304  
  1392     0.009725     0.503325  
  1393     0.009703     0.503297  
  1394     0.009680     0.503297  
  1395     0.009652     0.503338  
  1396     0.009626     0.503393  
  1397     0.009600     0.503439  
  1398     0.009574     0.503414  
  1399     0.009547     0.503320  
  1400     0.009522     0.503321  
  1401     0.009500     0.503392  
  1402     0.009479     0.503425  
  1403     0.009455     0.503478  
  1404     0.009432     0.503478  
  1405     0.009411     0.503489  
  1406     0.009391     0.503472  
  1407     0.009371     0.503467  
  1408     0.009345     0.503449  
  1409     0.009323     0.503455  
  1410     0.009296     0.503456  
  1411     0.009270     0.503464  
  1412     0.009243     0.503500  
  1413     0.009216     0.503522  
  1414     0.009189     0.503466  
  1415     0.009171     0.503494  
  1416     0.009155     0.503485  
  1417     0.009136     0.503503  
  1418     0.009115     0.503481  
  1419     0.009088     0.503439  
  1420     0.009064     0.503447  
  1421     0.009035     0.503431  
  1422     0.009011     0.503475  
  1423     0.008989     0.503516  
  1424     0.008967     0.503516  
  1425     0.008943     0.503574  
  1426     0.008923     0.503580  
  1427     0.008901     0.503548  
  1428     0.008876     0.503534  
  1429     0.008857     0.503529  
  1430     0.008838     0.503542  
  1431     0.008816     0.503565  
  1432     0.008792     0.503602  
  1433     0.008773     0.503573  
  1434     0.008748     0.503555  
  1435     0.008725     0.503577  
  1436     0.008702     0.503607  
  1437     0.008678     0.503564  
  1438     0.008656     0.503534  
  1439     0.008633     0.503539  
  1440     0.008612     0.503546  
  1441     0.008592     0.503562  
  1442     0.008567     0.503574  
  1443     0.008545     0.503552  
  1444     0.008522     0.503561  
  1445     0.008501     0.503521  
  1446     0.008476     0.503472  
  1447     0.008449     0.503462  
  1448     0.008431     0.503507  
  1449     0.008403     0.503521  
  1450     0.008387     0.503531  
  1451     0.008365     0.503503  
  1452     0.008346     0.503512  
  1453     0.008323     0.503548  
  1454     0.008299     0.503544  
  1455     0.008279     0.503547  
  1456     0.008256     0.503516  
  1457     0.008233     0.503495  
  1458     0.008215     0.503495  
  1459     0.008193     0.503484  
  1460     0.008169     0.503475  
  1461     0.008152     0.503487  
  1462     0.008128     0.503495  
  1463     0.008104     0.503527  
  1464     0.008084     0.503518  
  1465     0.008063     0.503486  
  1466     0.008042     0.503489  
  1467     0.008021     0.503445  
  1468     0.007998     0.503483  
  1469     0.007978     0.503482  
  1470     0.007958     0.503461  
  1471     0.007932     0.503462  
  1472     0.007911     0.503459  
  1473     0.007890     0.503453  
  1474     0.007866     0.503458  
  1475     0.007848     0.503502  
  1476     0.007826     0.503499  
  1477     0.007809     0.503472  
  1478     0.007787     0.503462  
  1479     0.007765     0.503444  
  1480     0.007744     0.503432  
  1481     0.007724     0.503406  
  1482     0.007707     0.503392  
  1483     0.007690     0.503362  
  1484     0.007672     0.503349  
  1485     0.007650     0.503343  
  1486     0.007631     0.503398  
# best iteration 1386 (val l2 0.503276)
# Spearman  train +0.9926  val +0.7094  test +0.7166
