# boltz_pep_tokens seed 0
# Boltz trunk single rep, all 9 peptide tokens, flattened
# input dim 3456, 446,657 parameters
# Linear(n_in,128) -> GELU -> Dropout(0.3) -> Linear(128,32) -> GELU -> Dropout(0.3) -> Linear(32,1)
# Adam lr=0.001 weight_decay=0.0001 batch=32 dropout=0.3
# loss = MSE on standardised log10 half-life
# early stopping on validation loss, patience 40, max 300 epochs
#
 epoch  train_batch        train          val  note
     1     0.791430     0.523786     0.728192  * best
     2     0.592020     0.410615     0.672934  * best
     3     0.504769     0.353508     0.656474  * best
     4     0.435811     0.291492     0.623454  * best
     5     0.392688     0.255741     0.617710  * best
     6     0.348653     0.209203     0.611851  * best
     7     0.322745     0.205440     0.612370  
     8     0.304096     0.190800     0.610783  * best
     9     0.287677     0.164025     0.611896  
    10     0.273410     0.161126     0.596520  * best
    11     0.256290     0.147152     0.609289  
    12     0.248073     0.131914     0.615449  
    13     0.234670     0.138780     0.603048  
    14     0.240429     0.131057     0.605973  
    15     0.226089     0.131203     0.608412  
    16     0.213365     0.112614     0.606299  
    17     0.209133     0.135443     0.598331  
    18     0.208871     0.108857     0.609295  
    19     0.206786     0.125411     0.605738  
    20     0.202156     0.104374     0.622391  
    21     0.194726     0.112695     0.588276  * best
    22     0.192887     0.110863     0.628414  
    23     0.195460     0.102187     0.617705  
    24     0.182485     0.100781     0.625138  
    25     0.184097     0.111603     0.608111  
    26     0.181745     0.099152     0.620684  
    27     0.181291     0.101310     0.609255  
    28     0.175673     0.099035     0.618567  
    29     0.182577     0.110756     0.611106  
    30     0.167918     0.085839     0.649214  
    31     0.166433     0.085676     0.629439  
    32     0.171322     0.091526     0.643103  
    33     0.170270     0.089413     0.621523  
    34     0.167742     0.087968     0.626736  
    35     0.169165     0.105743     0.615505  
    36     0.165627     0.085517     0.634512  
    37     0.163706     0.089305     0.620523  
    38     0.163440     0.084527     0.622222  
    39     0.160254     0.085127     0.611654  
    40     0.155361     0.084501     0.652978  
    41     0.159436     0.085544     0.613592  
    42     0.156160     0.082120     0.627877  
    43     0.155221     0.087251     0.624781  
    44     0.165543     0.081902     0.613021  
    45     0.157292     0.082581     0.621236  
    46     0.156160     0.091896     0.638963  
    47     0.152665     0.081978     0.640669  
    48     0.153944     0.084860     0.624755  
    49     0.152292     0.075675     0.647234  
    50     0.153339     0.075088     0.636563  
    51     0.156372     0.092331     0.630911  
    52     0.153617     0.079813     0.624859  
    53     0.151449     0.076813     0.636991  
    54     0.152121     0.078213     0.629286  
    55     0.149698     0.076504     0.634203  
    56     0.150023     0.075844     0.656437  
    57     0.154546     0.076074     0.642692  
    58     0.144186     0.077018     0.634237  
    59     0.146270     0.077052     0.628372  
    60     0.148910     0.075595     0.630615  
    61     0.147354     0.084286     0.626206  
# stopped at epoch 61: no improvement for 40 epochs
# restored epoch 21 (val MSE 0.588276)
# Spearman  train +0.9511  val +0.6585  test +0.6002
