# gbm_boltz+energy+edge seed 0
# boosted trees on boltz+energy+edge
# inputs 16427, 765 trees
# LightGBM gradient-boosted trees, objective l2, lr 0.05, num_leaves 31, min_data_in_leaf 20, feature_fraction 0.3, bagging 0.8, lambda_l2 1.0, up to 3000 rounds, early stopping 100 on validation l2
# loss = l2 on standardised log10 half-life
#
 round        train          val  note
     1     0.963213     0.973907  
     2     0.928413     0.942544  
     3     0.896769     0.915293  
     4     0.866101     0.885875  
     5     0.838602     0.861245  
     6     0.811675     0.836698  
     7     0.785992     0.814634  
     8     0.763392     0.794850  
     9     0.742641     0.776908  
    10     0.722398     0.759289  
    11     0.703472     0.743897  
    12     0.685937     0.729074  
    13     0.669315     0.715174  
    14     0.653909     0.703070  
    15     0.639399     0.692045  
    16     0.625463     0.681569  
    17     0.612146     0.670997  
    18     0.600169     0.662065  
    19     0.588091     0.652690  
    20     0.576566     0.643676  
    21     0.565484     0.634931  
    22     0.554871     0.628238  
    23     0.544635     0.620133  
    24     0.535266     0.613309  
    25     0.526476     0.606780  
    26     0.518175     0.600714  
    27     0.509757     0.595010  
    28     0.502224     0.589816  
    29     0.494716     0.584463  
    30     0.487555     0.579201  
    31     0.480870     0.573823  
    32     0.474361     0.570167  
    33     0.468040     0.565666  
    34     0.461799     0.561054  
    35     0.455963     0.556753  
    36     0.450329     0.553479  
    37     0.445016     0.550320  
    38     0.439655     0.546867  
    39     0.434644     0.543547  
    40     0.429944     0.540749  
    41     0.424902     0.538121  
    42     0.419643     0.534862  
    43     0.415311     0.532270  
    44     0.410785     0.529268  
    45     0.406290     0.526137  
    46     0.401857     0.523624  
    47     0.397972     0.521449  
    48     0.393972     0.519512  
    49     0.390162     0.517376  
    50     0.386412     0.514726  
    51     0.382809     0.512779  
    52     0.379058     0.510600  
    53     0.375547     0.508489  
    54     0.372195     0.506879  
    55     0.368655     0.504890  
    56     0.365236     0.503125  
    57     0.362000     0.501926  
    58     0.358902     0.501006  
    59     0.355485     0.499044  
    60     0.352379     0.497810  
    61     0.349400     0.496354  
    62     0.346382     0.494526  
    63     0.343436     0.493224  
    64     0.340574     0.491149  
    65     0.337810     0.489831  
    66     0.334991     0.489091  
    67     0.332376     0.487664  
    68     0.329575     0.485647  
    69     0.326809     0.485024  
    70     0.324180     0.484148  
    71     0.321518     0.483122  
    72     0.318740     0.481875  
    73     0.316273     0.481079  
    74     0.313938     0.480128  
    75     0.311279     0.479435  
    76     0.308737     0.478385  
    77     0.306411     0.477986  
    78     0.304099     0.477390  
    79     0.301828     0.476552  
    80     0.299538     0.475792  
    81     0.297185     0.474929  
    82     0.294838     0.473492  
    83     0.292611     0.472378  
    84     0.290293     0.471628  
    85     0.288170     0.471119  
    86     0.286119     0.470004  
    87     0.283973     0.468907  
    88     0.281924     0.468159  
    89     0.279983     0.467453  
    90     0.277774     0.466380  
    91     0.275746     0.465256  
    92     0.273750     0.464562  
    93     0.271918     0.464104  
    94     0.269891     0.463295  
    95     0.268144     0.462947  
    96     0.266363     0.462853  
    97     0.264474     0.462578  
    98     0.262610     0.461531  
    99     0.260789     0.460662  
   100     0.258979     0.460383  
   101     0.257173     0.459529  
   102     0.255420     0.458771  
   103     0.253569     0.458013  
   104     0.251711     0.457447  
   105     0.250018     0.457119  
   106     0.248327     0.456247  
   107     0.246730     0.455941  
   108     0.245162     0.455606  
   109     0.243419     0.455055  
   110     0.241832     0.454477  
   111     0.240079     0.454151  
   112     0.238392     0.453456  
   113     0.236847     0.453140  
   114     0.235216     0.452623  
   115     0.233576     0.452139  
   116     0.232094     0.451403  
   117     0.230608     0.451340  
   118     0.229147     0.450478  
   119     0.227682     0.450058  
   120     0.226286     0.450200  
   121     0.224814     0.449575  
   122     0.223313     0.448717  
   123     0.222027     0.448647  
   124     0.220611     0.448332  
   125     0.219202     0.447887  
   126     0.217803     0.447381  
   127     0.216533     0.446953  
   128     0.215052     0.446608  
   129     0.213699     0.445939  
   130     0.212280     0.445382  
   131     0.210877     0.444896  
   132     0.209509     0.444697  
   133     0.208218     0.444581  
   134     0.206875     0.444199  
   135     0.205576     0.443934  
   136     0.204347     0.443669  
   137     0.203014     0.443113  
   138     0.201738     0.442714  
   139     0.200498     0.442541  
   140     0.199276     0.442294  
   141     0.198090     0.442317  
   142     0.196866     0.442022  
   143     0.195725     0.441806  
   144     0.194520     0.441373  
   145     0.193283     0.441001  
   146     0.192070     0.440872  
   147     0.190901     0.440542  
   148     0.189704     0.440426  
   149     0.188486     0.440429  
   150     0.187369     0.440045  
   151     0.186231     0.439767  
   152     0.185167     0.439378  
   153     0.183999     0.439066  
   154     0.182928     0.438869  
   155     0.181811     0.438677  
   156     0.180707     0.438036  
   157     0.179619     0.437504  
   158     0.178579     0.437311  
   159     0.177536     0.437153  
   160     0.176490     0.437164  
   161     0.175464     0.436888  
   162     0.174419     0.436574  
   163     0.173261     0.436130  
   164     0.172188     0.435928  
   165     0.171200     0.435818  
   166     0.170150     0.435532  
   167     0.169193     0.435282  
   168     0.168187     0.435495  
   169     0.167181     0.435315  
   170     0.166205     0.435004  
   171     0.165259     0.434906  
   172     0.164305     0.434758  
   173     0.163350     0.434399  
   174     0.162345     0.433991  
   175     0.161389     0.433549  
   176     0.160434     0.433226  
   177     0.159479     0.433146  
   178     0.158546     0.433142  
   179     0.157651     0.433054  
   180     0.156750     0.432723  
   181     0.155882     0.432507  
   182     0.154996     0.432325  
   183     0.154140     0.432256  
   184     0.153238     0.431954  
   185     0.152409     0.431821  
   186     0.151510     0.431693  
   187     0.150623     0.431268  
   188     0.149747     0.431165  
   189     0.148950     0.430832  
   190     0.148123     0.430592  
   191     0.147285     0.430376  
   192     0.146468     0.429914  
   193     0.145653     0.429722  
   194     0.144835     0.429668  
   195     0.144013     0.429541  
   196     0.143204     0.429622  
   197     0.142436     0.429494  
   198     0.141619     0.429402  
   199     0.140853     0.429184  
   200     0.140092     0.428999  
   201     0.139342     0.428609  
   202     0.138593     0.428165  
   203     0.137854     0.427989  
   204     0.137114     0.427775  
   205     0.136374     0.427421  
   206     0.135602     0.427126  
   207     0.134880     0.426942  
   208     0.134110     0.426551  
   209     0.133390     0.426395  
   210     0.132678     0.426305  
   211     0.131943     0.425944  
   212     0.131125     0.425636  
   213     0.130388     0.425395  
   214     0.129675     0.425390  
   215     0.128957     0.424946  
   216     0.128248     0.424864  
   217     0.127551     0.424870  
   218     0.126898     0.424670  
   219     0.126245     0.424589  
   220     0.125586     0.424193  
   221     0.124906     0.424120  
   222     0.124207     0.423997  
   223     0.123542     0.423874  
   224     0.122913     0.423837  
   225     0.122257     0.423507  
   226     0.121637     0.423493  
   227     0.121012     0.423236  
   228     0.120352     0.422814  
   229     0.119733     0.422818  
   230     0.119074     0.422781  
   231     0.118446     0.422516  
   232     0.117790     0.422484  
   233     0.117135     0.422444  
   234     0.116507     0.422412  
   235     0.115879     0.422210  
   236     0.115260     0.422128  
   237     0.114656     0.422020  
   238     0.114042     0.421670  
   239     0.113430     0.421319  
   240     0.112781     0.421261  
   241     0.112137     0.420920  
   242     0.111557     0.420813  
   243     0.110952     0.420702  
   244     0.110379     0.420699  
   245     0.109760     0.420644  
   246     0.109200     0.420402  
   247     0.108617     0.420144  
   248     0.108014     0.420209  
   249     0.107423     0.420212  
   250     0.106889     0.420084  
   251     0.106350     0.419883  
   252     0.105799     0.420099  
   253     0.105227     0.420077  
   254     0.104654     0.419895  
   255     0.104076     0.419822  
   256     0.103608     0.419727  
   257     0.103082     0.419644  
   258     0.102498     0.419408  
   259     0.101954     0.419216  
   260     0.101418     0.418802  
   261     0.100855     0.418971  
   262     0.100312     0.418909  
   263     0.099811     0.418990  
   264     0.099303     0.418863  
   265     0.098778     0.418735  
   266     0.098275     0.418597  
   267     0.097763     0.418313  
   268     0.097258     0.418289  
   269     0.096770     0.418261  
   270     0.096248     0.418448  
   271     0.095741     0.418235  
   272     0.095279     0.418075  
   273     0.094819     0.418144  
   274     0.094298     0.418021  
   275     0.093849     0.418217  
   276     0.093334     0.418102  
   277     0.092857     0.417775  
   278     0.092397     0.417815  
   279     0.091984     0.417822  
   280     0.091495     0.417790  
   281     0.091032     0.417678  
   282     0.090577     0.417640  
   283     0.090104     0.417456  
   284     0.089671     0.417336  
   285     0.089211     0.417339  
   286     0.088782     0.417345  
   287     0.088387     0.417326  
   288     0.087963     0.417327  
   289     0.087543     0.417042  
   290     0.087054     0.416894  
   291     0.086604     0.416896  
   292     0.086170     0.416814  
   293     0.085743     0.416708  
   294     0.085320     0.416780  
   295     0.084910     0.416656  
   296     0.084492     0.416532  
   297     0.084059     0.416506  
   298     0.083654     0.416519  
   299     0.083245     0.416507  
   300     0.082842     0.416402  
   301     0.082434     0.416387  
   302     0.082040     0.416421  
   303     0.081634     0.416322  
   304     0.081234     0.416337  
   305     0.080859     0.416367  
   306     0.080466     0.416232  
   307     0.080034     0.416193  
   308     0.079647     0.416179  
   309     0.079254     0.416028  
   310     0.078826     0.415961  
   311     0.078422     0.415799  
   312     0.078021     0.415739  
   313     0.077643     0.415715  
   314     0.077276     0.415737  
   315     0.076881     0.415645  
   316     0.076500     0.415756  
   317     0.076137     0.415599  
   318     0.075796     0.415508  
   319     0.075419     0.415281  
   320     0.075026     0.415182  
   321     0.074640     0.415017  
   322     0.074264     0.414959  
   323     0.073888     0.414868  
   324     0.073548     0.414620  
   325     0.073194     0.414642  
   326     0.072807     0.414670  
   327     0.072437     0.414671  
   328     0.072085     0.414599  
   329     0.071717     0.414572  
   330     0.071357     0.414337  
   331     0.070990     0.414242  
   332     0.070673     0.414214  
   333     0.070345     0.414183  
   334     0.069995     0.414153  
   335     0.069628     0.414050  
   336     0.069245     0.413893  
   337     0.068898     0.414003  
   338     0.068524     0.414024  
   339     0.068174     0.413997  
   340     0.067830     0.413970  
   341     0.067524     0.413737  
   342     0.067184     0.413592  
   343     0.066824     0.413592  
   344     0.066487     0.413433  
   345     0.066170     0.413293  
   346     0.065822     0.413243  
   347     0.065510     0.413107  
   348     0.065191     0.413120  
   349     0.064867     0.413061  
   350     0.064568     0.413045  
   351     0.064258     0.412971  
   352     0.063956     0.412973  
   353     0.063637     0.412633  
   354     0.063335     0.412473  
   355     0.063032     0.412271  
   356     0.062717     0.412419  
   357     0.062390     0.412511  
   358     0.062090     0.412488  
   359     0.061807     0.412404  
   360     0.061534     0.412395  
   361     0.061253     0.412125  
   362     0.060946     0.412215  
   363     0.060665     0.412123  
   364     0.060367     0.412099  
   365     0.060075     0.412111  
   366     0.059790     0.412140  
   367     0.059497     0.412123  
   368     0.059219     0.411926  
   369     0.058941     0.411898  
   370     0.058658     0.411874  
   371     0.058379     0.411755  
   372     0.058109     0.411717  
   373     0.057821     0.411688  
   374     0.057556     0.411675  
   375     0.057272     0.411629  
   376     0.057006     0.411424  
   377     0.056753     0.411518  
   378     0.056458     0.411656  
   379     0.056214     0.411721  
   380     0.055950     0.411731  
   381     0.055682     0.411791  
   382     0.055434     0.411739  
   383     0.055169     0.411841  
   384     0.054908     0.411701  
   385     0.054665     0.411759  
   386     0.054402     0.411651  
   387     0.054139     0.411598  
   388     0.053867     0.411552  
   389     0.053626     0.411468  
   390     0.053384     0.411550  
   391     0.053097     0.411346  
   392     0.052844     0.411312  
   393     0.052580     0.411243  
   394     0.052334     0.411392  
   395     0.052096     0.411395  
   396     0.051854     0.411359  
   397     0.051614     0.411346  
   398     0.051378     0.411222  
   399     0.051155     0.411212  
   400     0.050934     0.411345  
   401     0.050707     0.411241  
   402     0.050438     0.411246  
   403     0.050225     0.411115  
   404     0.049986     0.411048  
   405     0.049750     0.410935  
   406     0.049520     0.410718  
   407     0.049278     0.410679  
   408     0.049068     0.410730  
   409     0.048826     0.410693  
   410     0.048598     0.410553  
   411     0.048363     0.410411  
   412     0.048130     0.410365  
   413     0.047902     0.410389  
   414     0.047673     0.410276  
   415     0.047451     0.410148  
   416     0.047205     0.410032  
   417     0.046981     0.409896  
   418     0.046767     0.409889  
   419     0.046562     0.409786  
   420     0.046351     0.409777  
   421     0.046153     0.409648  
   422     0.045945     0.409659  
   423     0.045725     0.409528  
   424     0.045519     0.409570  
   425     0.045301     0.409569  
   426     0.045081     0.409571  
   427     0.044881     0.409527  
   428     0.044661     0.409505  
   429     0.044448     0.409579  
   430     0.044224     0.409506  
   431     0.044031     0.409501  
   432     0.043836     0.409389  
   433     0.043644     0.409298  
   434     0.043448     0.409383  
   435     0.043238     0.409294  
   436     0.043053     0.409258  
   437     0.042854     0.409231  
   438     0.042658     0.409117  
   439     0.042462     0.408990  
   440     0.042252     0.408761  
   441     0.042064     0.408778  
   442     0.041880     0.408628  
   443     0.041702     0.408577  
   444     0.041511     0.408622  
   445     0.041317     0.408563  
   446     0.041103     0.408532  
   447     0.040908     0.408424  
   448     0.040712     0.408397  
   449     0.040532     0.408381  
   450     0.040346     0.408381  
   451     0.040152     0.408494  
   452     0.039971     0.408409  
   453     0.039806     0.408476  
   454     0.039608     0.408403  
   455     0.039445     0.408381  
   456     0.039261     0.408347  
   457     0.039091     0.408448  
   458     0.038914     0.408486  
   459     0.038730     0.408518  
   460     0.038555     0.408508  
   461     0.038372     0.408613  
   462     0.038183     0.408641  
   463     0.038006     0.408490  
   464     0.037837     0.408443  
   465     0.037651     0.408350  
   466     0.037480     0.408239  
   467     0.037318     0.408269  
   468     0.037138     0.408322  
   469     0.036979     0.408227  
   470     0.036811     0.408149  
   471     0.036637     0.408112  
   472     0.036466     0.408024  
   473     0.036304     0.407932  
   474     0.036136     0.407948  
   475     0.035987     0.407888  
   476     0.035812     0.407743  
   477     0.035627     0.407701  
   478     0.035452     0.407664  
   479     0.035302     0.407692  
   480     0.035133     0.407818  
   481     0.034970     0.407826  
   482     0.034814     0.407944  
   483     0.034622     0.407827  
   484     0.034472     0.407838  
   485     0.034316     0.407817  
   486     0.034150     0.407846  
   487     0.033985     0.407900  
   488     0.033834     0.407829  
   489     0.033681     0.407817  
   490     0.033528     0.407755  
   491     0.033373     0.407779  
   492     0.033221     0.407791  
   493     0.033079     0.407680  
   494     0.032926     0.407664  
   495     0.032751     0.407507  
   496     0.032590     0.407350  
   497     0.032458     0.407351  
   498     0.032307     0.407292  
   499     0.032147     0.407305  
   500     0.031987     0.407188  
   501     0.031848     0.407182  
   502     0.031712     0.407210  
   503     0.031563     0.407163  
   504     0.031415     0.407134  
   505     0.031272     0.407102  
   506     0.031132     0.407100  
   507     0.030986     0.406976  
   508     0.030845     0.406921  
   509     0.030712     0.406956  
   510     0.030570     0.406900  
   511     0.030441     0.406859  
   512     0.030314     0.406835  
   513     0.030164     0.406771  
   514     0.030029     0.406755  
   515     0.029899     0.406790  
   516     0.029774     0.406658  
   517     0.029640     0.406507  
   518     0.029505     0.406581  
   519     0.029378     0.406532  
   520     0.029245     0.406556  
   521     0.029110     0.406617  
   522     0.028977     0.406511  
   523     0.028848     0.406496  
   524     0.028718     0.406486  
   525     0.028607     0.406396  
   526     0.028476     0.406389  
   527     0.028339     0.406335  
   528     0.028207     0.406258  
   529     0.028077     0.406279  
   530     0.027950     0.406171  
   531     0.027809     0.406137  
   532     0.027689     0.406105  
   533     0.027570     0.405970  
   534     0.027449     0.405965  
   535     0.027319     0.405916  
   536     0.027201     0.405901  
   537     0.027077     0.405883  
   538     0.026966     0.405775  
   539     0.026843     0.405765  
   540     0.026724     0.405734  
   541     0.026609     0.405682  
   542     0.026493     0.405655  
   543     0.026387     0.405674  
   544     0.026253     0.405741  
   545     0.026134     0.405724  
   546     0.026009     0.405661  
   547     0.025882     0.405574  
   548     0.025777     0.405645  
   549     0.025665     0.405534  
   550     0.025546     0.405486  
   551     0.025441     0.405470  
   552     0.025317     0.405530  
   553     0.025206     0.405502  
   554     0.025089     0.405471  
   555     0.024985     0.405484  
   556     0.024872     0.405539  
   557     0.024763     0.405521  
   558     0.024658     0.405422  
   559     0.024560     0.405434  
   560     0.024463     0.405529  
   561     0.024354     0.405495  
   562     0.024242     0.405411  
   563     0.024133     0.405495  
   564     0.024030     0.405391  
   565     0.023924     0.405357  
   566     0.023817     0.405356  
   567     0.023713     0.405346  
   568     0.023613     0.405333  
   569     0.023502     0.405196  
   570     0.023405     0.405190  
   571     0.023302     0.405202  
   572     0.023214     0.405292  
   573     0.023100     0.405301  
   574     0.023001     0.405398  
   575     0.022897     0.405284  
   576     0.022788     0.405280  
   577     0.022685     0.405318  
   578     0.022590     0.405219  
   579     0.022485     0.405234  
   580     0.022386     0.405287  
   581     0.022285     0.405323  
   582     0.022190     0.405189  
   583     0.022087     0.405175  
   584     0.021987     0.405221  
   585     0.021885     0.405266  
   586     0.021803     0.405263  
   587     0.021699     0.405300  
   588     0.021605     0.405218  
   589     0.021502     0.405212  
   590     0.021396     0.405229  
   591     0.021305     0.405220  
   592     0.021209     0.405184  
   593     0.021119     0.405158  
   594     0.021026     0.405144  
   595     0.020933     0.405125  
   596     0.020840     0.405054  
   597     0.020761     0.405114  
   598     0.020678     0.405127  
   599     0.020589     0.405081  
   600     0.020505     0.405117  
   601     0.020410     0.405074  
   602     0.020312     0.405084  
   603     0.020220     0.405036  
   604     0.020132     0.404995  
   605     0.020043     0.404975  
   606     0.019949     0.404840  
   607     0.019867     0.404729  
   608     0.019780     0.404692  
   609     0.019693     0.404644  
   610     0.019605     0.404752  
   611     0.019518     0.404710  
   612     0.019431     0.404681  
   613     0.019349     0.404660  
   614     0.019277     0.404696  
   615     0.019189     0.404747  
   616     0.019095     0.404778  
   617     0.019007     0.404838  
   618     0.018917     0.404892  
   619     0.018837     0.404823  
   620     0.018751     0.404771  
   621     0.018664     0.404720  
   622     0.018574     0.404759  
   623     0.018489     0.404685  
   624     0.018408     0.404634  
   625     0.018328     0.404469  
   626     0.018253     0.404430  
   627     0.018182     0.404340  
   628     0.018099     0.404328  
   629     0.018019     0.404305  
   630     0.017940     0.404302  
   631     0.017871     0.404281  
   632     0.017800     0.404196  
   633     0.017737     0.404193  
   634     0.017660     0.404188  
   635     0.017579     0.404102  
   636     0.017506     0.404105  
   637     0.017434     0.404114  
   638     0.017368     0.404137  
   639     0.017285     0.404172  
   640     0.017213     0.404107  
   641     0.017146     0.404062  
   642     0.017061     0.404105  
   643     0.016985     0.404109  
   644     0.016908     0.404201  
   645     0.016835     0.404225  
   646     0.016761     0.404191  
   647     0.016680     0.404139  
   648     0.016611     0.404093  
   649     0.016532     0.404075  
   650     0.016471     0.403991  
   651     0.016394     0.403927  
   652     0.016331     0.403918  
   653     0.016256     0.403917  
   654     0.016179     0.403899  
   655     0.016113     0.403926  
   656     0.016044     0.403833  
   657     0.015976     0.403882  
   658     0.015899     0.403850  
   659     0.015828     0.403855  
   660     0.015756     0.403881  
   661     0.015694     0.403847  
   662     0.015624     0.403933  
   663     0.015552     0.403946  
   664     0.015486     0.403882  
   665     0.015420     0.403785  
   666     0.015359     0.403790  
   667     0.015291     0.403757  
   668     0.015235     0.403783  
   669     0.015166     0.403726  
   670     0.015106     0.403736  
   671     0.015038     0.403728  
   672     0.014971     0.403672  
   673     0.014910     0.403622  
   674     0.014845     0.403557  
   675     0.014783     0.403535  
   676     0.014718     0.403527  
   677     0.014651     0.403480  
   678     0.014593     0.403486  
   679     0.014521     0.403388  
   680     0.014463     0.403422  
   681     0.014405     0.403376  
   682     0.014339     0.403338  
   683     0.014279     0.403397  
   684     0.014225     0.403372  
   685     0.014166     0.403359  
   686     0.014106     0.403348  
   687     0.014044     0.403334  
   688     0.013977     0.403355  
   689     0.013912     0.403464  
   690     0.013853     0.403468  
   691     0.013791     0.403394  
   692     0.013729     0.403406  
   693     0.013670     0.403429  
   694     0.013609     0.403416  
   695     0.013563     0.403461  
   696     0.013503     0.403450  
   697     0.013450     0.403451  
   698     0.013392     0.403442  
   699     0.013335     0.403467  
   700     0.013281     0.403412  
   701     0.013220     0.403417  
   702     0.013156     0.403461  
   703     0.013098     0.403449  
   704     0.013035     0.403414  
   705     0.012976     0.403303  
   706     0.012920     0.403269  
   707     0.012864     0.403214  
   708     0.012812     0.403134  
   709     0.012763     0.403127  
   710     0.012708     0.403144  
   711     0.012653     0.403124  
   712     0.012599     0.403059  
   713     0.012544     0.403107  
   714     0.012495     0.403050  
   715     0.012439     0.403057  
   716     0.012388     0.403050  
   717     0.012334     0.403079  
   718     0.012281     0.403073  
   719     0.012231     0.403054  
   720     0.012184     0.403028  
   721     0.012130     0.403005  
   722     0.012076     0.402961  
   723     0.012031     0.402960  
   724     0.011979     0.402957  
   725     0.011931     0.402988  
   726     0.011880     0.402967  
   727     0.011827     0.402899  
   728     0.011774     0.402879  
   729     0.011720     0.402873  
   730     0.011665     0.402800  
   731     0.011611     0.402770  
   732     0.011561     0.402743  
   733     0.011512     0.402765  
   734     0.011460     0.402802  
   735     0.011409     0.402826  
   736     0.011364     0.402823  
   737     0.011314     0.402821  
   738     0.011269     0.402824  
   739     0.011217     0.402760  
   740     0.011171     0.402772  
   741     0.011119     0.402767  
   742     0.011068     0.402747  
   743     0.011025     0.402714  
   744     0.010976     0.402728  
   745     0.010927     0.402718  
   746     0.010884     0.402697  
   747     0.010843     0.402677  
   748     0.010798     0.402672  
   749     0.010754     0.402600  
   750     0.010706     0.402614  
   751     0.010659     0.402541  
   752     0.010613     0.402554  
   753     0.010566     0.402460  
   754     0.010523     0.402512  
   755     0.010482     0.402516  
   756     0.010443     0.402523  
   757     0.010401     0.402549  
   758     0.010357     0.402556  
   759     0.010311     0.402554  
   760     0.010270     0.402548  
   761     0.010228     0.402552  
   762     0.010188     0.402523  
   763     0.010147     0.402476  
   764     0.010107     0.402457  
   765     0.010064     0.402455  * best
   766     0.010021     0.402489  
   767     0.009981     0.402533  
   768     0.009935     0.402572  
   769     0.009893     0.402569  
   770     0.009852     0.402565  
   771     0.009811     0.402598  
   772     0.009771     0.402602  
   773     0.009733     0.402572  
   774     0.009692     0.402576  
   775     0.009650     0.402566  
   776     0.009607     0.402566  
   777     0.009572     0.402537  
   778     0.009536     0.402523  
   779     0.009496     0.402532  
   780     0.009457     0.402578  
   781     0.009418     0.402595  
   782     0.009379     0.402568  
   783     0.009339     0.402547  
   784     0.009299     0.402519  
   785     0.009260     0.402542  
   786     0.009220     0.402525  
   787     0.009180     0.402535  
   788     0.009139     0.402573  
   789     0.009100     0.402595  
   790     0.009060     0.402569  
   791     0.009020     0.402634  
   792     0.008979     0.402560  
   793     0.008940     0.402563  
   794     0.008904     0.402576  
   795     0.008868     0.402609  
   796     0.008833     0.402651  
   797     0.008799     0.402679  
   798     0.008757     0.402582  
   799     0.008724     0.402596  
   800     0.008685     0.402604  
   801     0.008649     0.402537  
   802     0.008620     0.402535  
   803     0.008581     0.402531  
   804     0.008547     0.402553  
   805     0.008511     0.402547  
   806     0.008478     0.402556  
   807     0.008446     0.402601  
   808     0.008409     0.402631  
   809     0.008377     0.402598  
   810     0.008342     0.402601  
   811     0.008309     0.402565  
   812     0.008271     0.402611  
   813     0.008236     0.402596  
   814     0.008204     0.402610  
   815     0.008171     0.402614  
   816     0.008135     0.402653  
   817     0.008099     0.402683  
   818     0.008064     0.402678  
   819     0.008032     0.402689  
   820     0.008003     0.402673  
   821     0.007969     0.402718  
   822     0.007938     0.402693  
   823     0.007908     0.402655  
   824     0.007873     0.402641  
   825     0.007840     0.402626  
   826     0.007807     0.402627  
   827     0.007772     0.402639  
   828     0.007738     0.402673  
   829     0.007704     0.402707  
   830     0.007669     0.402756  
   831     0.007639     0.402751  
   832     0.007608     0.402731  
   833     0.007575     0.402685  
   834     0.007540     0.402680  
   835     0.007510     0.402645  
   836     0.007479     0.402679  
   837     0.007449     0.402669  
   838     0.007418     0.402651  
   839     0.007386     0.402679  
   840     0.007358     0.402658  
   841     0.007329     0.402615  
   842     0.007299     0.402666  
   843     0.007269     0.402637  
   844     0.007238     0.402631  
   845     0.007210     0.402562  
   846     0.007183     0.402540  
   847     0.007154     0.402543  
   848     0.007124     0.402515  
   849     0.007092     0.402516  
   850     0.007058     0.402517  
   851     0.007031     0.402516  
   852     0.007001     0.402530  
   853     0.006971     0.402540  
   854     0.006943     0.402591  
   855     0.006914     0.402543  
   856     0.006887     0.402503  
   857     0.006857     0.402569  
   858     0.006829     0.402545  
   859     0.006799     0.402538  
   860     0.006769     0.402517  
   861     0.006738     0.402539  
   862     0.006710     0.402521  
   863     0.006682     0.402598  
   864     0.006654     0.402546  
   865     0.006623     0.402549  
# best iteration 765 (val l2 0.402455)
# Spearman  train +0.9920  val +0.7802  test +0.7915
