# gbm_seq+energy seed 2
# boosted trees on seq+energy
# inputs 1290, 449 trees
# LightGBM gradient-boosted trees, objective l2, lr 0.05, num_leaves 31, min_data_in_leaf 20, feature_fraction 0.3, bagging 0.8, lambda_l2 1.0, up to 3000 rounds, early stopping 100 on validation l2
# loss = l2 on standardised log10 half-life
#
 round        train          val  note
     1     0.965631     0.818928  
     2     0.931163     0.823641  
     3     0.903653     0.815601  
     4     0.875145     0.817206  
     5     0.847949     0.820158  
     6     0.823196     0.829351  
     7     0.801632     0.838089  
     8     0.779068     0.823310  
     9     0.760333     0.822752  
    10     0.743922     0.824329  
    11     0.728358     0.829618  
    12     0.713236     0.832212  
    13     0.698433     0.827390  
    14     0.684637     0.831876  
    15     0.671987     0.835176  
    16     0.657880     0.823014  
    17     0.647947     0.824339  
    18     0.635827     0.827835  
    19     0.626881     0.827105  
    20     0.617416     0.830650  
    21     0.609028     0.832795  
    22     0.600426     0.836091  
    23     0.593603     0.841905  
    24     0.585951     0.848396  
    25     0.579104     0.849946  
    26     0.573154     0.841473  
    27     0.566633     0.839117  
    28     0.561013     0.841652  
    29     0.555664     0.843876  
    30     0.549623     0.845624  
    31     0.544482     0.845477  
    32     0.539798     0.843046  
    33     0.534871     0.844475  
    34     0.529079     0.839151  
    35     0.524676     0.836453  
    36     0.520570     0.835650  
    37     0.516807     0.835890  
    38     0.512774     0.834200  
    39     0.508279     0.828557  
    40     0.504681     0.828444  
    41     0.500891     0.833819  
    42     0.497135     0.832057  
    43     0.493639     0.832494  
    44     0.489633     0.829852  
    45     0.485686     0.829885  
    46     0.482126     0.827300  
    47     0.478851     0.824366  
    48     0.475311     0.823068  
    49     0.472269     0.822580  
    50     0.469401     0.826566  
    51     0.466790     0.825838  
    52     0.463694     0.824066  
    53     0.460592     0.824125  
    54     0.457493     0.824759  
    55     0.454440     0.825241  
    56     0.451490     0.824413  
    57     0.448646     0.821366  
    58     0.446005     0.821784  
    59     0.443714     0.823123  
    60     0.441141     0.823971  
    61     0.438416     0.825864  
    62     0.435558     0.822359  
    63     0.432995     0.821587  
    64     0.430603     0.821434  
    65     0.427993     0.820051  
    66     0.425377     0.818312  
    67     0.423000     0.816974  
    68     0.420618     0.813797  
    69     0.418490     0.813287  
    70     0.416008     0.811730  
    71     0.413741     0.812041  
    72     0.411151     0.811070  
    73     0.408662     0.808926  
    74     0.406342     0.808641  
    75     0.404182     0.808319  
    76     0.401881     0.805975  
    77     0.399953     0.805159  
    78     0.398148     0.804339  
    79     0.396001     0.804116  
    80     0.393892     0.804096  
    81     0.391988     0.803971  
    82     0.390295     0.804143  
    83     0.388118     0.804272  
    84     0.386105     0.802834  
    85     0.384180     0.802212  
    86     0.382194     0.801245  
    87     0.380112     0.798930  
    88     0.377979     0.798433  
    89     0.376158     0.796061  
    90     0.374258     0.797766  
    91     0.372085     0.795469  
    92     0.370511     0.795418  
    93     0.368846     0.796939  
    94     0.367249     0.797599  
    95     0.365320     0.797404  
    96     0.362976     0.792394  
    97     0.361281     0.791623  
    98     0.359307     0.789161  
    99     0.357632     0.787662  
   100     0.355977     0.788064  
   101     0.354140     0.786488  
   102     0.352478     0.785232  
   103     0.350953     0.786237  
   104     0.349274     0.786883  
   105     0.347608     0.786536  
   106     0.345978     0.783986  
   107     0.344500     0.783674  
   108     0.342788     0.783286  
   109     0.341197     0.783430  
   110     0.339751     0.782879  
   111     0.337924     0.782575  
   112     0.336434     0.781116  
   113     0.334848     0.780625  
   114     0.333330     0.780681  
   115     0.331767     0.779963  
   116     0.330056     0.780162  
   117     0.328774     0.780059  
   118     0.327281     0.778325  
   119     0.325725     0.776942  
   120     0.324017     0.776017  
   121     0.322548     0.775367  
   122     0.321155     0.776529  
   123     0.319613     0.778310  
   124     0.318207     0.779689  
   125     0.316891     0.778828  
   126     0.315636     0.778329  
   127     0.314173     0.778253  
   128     0.312496     0.777019  
   129     0.310996     0.777126  
   130     0.309739     0.776765  
   131     0.308469     0.776640  
   132     0.307060     0.775864  
   133     0.305841     0.775631  
   134     0.304484     0.775812  
   135     0.303119     0.773977  
   136     0.301822     0.771625  
   137     0.300505     0.770828  
   138     0.299184     0.770293  
   139     0.297957     0.770307  
   140     0.296695     0.770374  
   141     0.295312     0.769032  
   142     0.294138     0.768695  
   143     0.293017     0.767946  
   144     0.291895     0.767708  
   145     0.290700     0.768019  
   146     0.289641     0.767697  
   147     0.288424     0.767501  
   148     0.287231     0.766533  
   149     0.286204     0.767077  
   150     0.285092     0.765977  
   151     0.283845     0.764980  
   152     0.282637     0.764230  
   153     0.281438     0.765504  
   154     0.280326     0.763464  
   155     0.279162     0.763474  
   156     0.277982     0.763413  
   157     0.276872     0.763426  
   158     0.275665     0.764007  
   159     0.274534     0.765273  
   160     0.273593     0.765826  
   161     0.272484     0.764911  
   162     0.271526     0.764536  
   163     0.270406     0.763879  
   164     0.269217     0.762362  
   165     0.268226     0.762658  
   166     0.267296     0.761963  
   167     0.266230     0.762600  
   168     0.265137     0.761290  
   169     0.264105     0.761211  
   170     0.263182     0.761464  
   171     0.262229     0.762180  
   172     0.261195     0.762027  
   173     0.260180     0.762098  
   174     0.259213     0.762611  
   175     0.258318     0.762927  
   176     0.257222     0.761596  
   177     0.256252     0.761348  
   178     0.255412     0.758415  
   179     0.254537     0.758689  
   180     0.253502     0.758644  
   181     0.252605     0.758354  
   182     0.251659     0.758075  
   183     0.250595     0.758619  
   184     0.249595     0.758422  
   185     0.248594     0.758780  
   186     0.247784     0.758696  
   187     0.246795     0.758599  
   188     0.245841     0.758285  
   189     0.244757     0.757858  
   190     0.243631     0.756532  
   191     0.242600     0.755781  
   192     0.241756     0.755713  
   193     0.240880     0.755090  
   194     0.239965     0.754632  
   195     0.239165     0.754702  
   196     0.238288     0.755378  
   197     0.237374     0.755972  
   198     0.236480     0.755408  
   199     0.235457     0.755229  
   200     0.234718     0.755414  
   201     0.233820     0.755127  
   202     0.232963     0.754828  
   203     0.232053     0.755501  
   204     0.231063     0.755862  
   205     0.230212     0.756239  
   206     0.229323     0.756447  
   207     0.228581     0.756280  
   208     0.227550     0.754563  
   209     0.226777     0.754713  
   210     0.225841     0.755074  
   211     0.225038     0.754929  
   212     0.224139     0.754719  
   213     0.223325     0.754528  
   214     0.222434     0.754158  
   215     0.221671     0.755069  
   216     0.220822     0.753729  
   217     0.220028     0.754003  
   218     0.219209     0.753637  
   219     0.218356     0.754152  
   220     0.217563     0.753620  
   221     0.216736     0.752913  
   222     0.215976     0.751415  
   223     0.215111     0.750790  
   224     0.214369     0.751104  
   225     0.213530     0.751209  
   226     0.212814     0.751670  
   227     0.212023     0.750770  
   228     0.211316     0.751085  
   229     0.210649     0.751088  
   230     0.209899     0.749899  
   231     0.209201     0.750394  
   232     0.208452     0.750078  
   233     0.207654     0.750696  
   234     0.206953     0.749945  
   235     0.206228     0.749370  
   236     0.205524     0.749987  
   237     0.204909     0.748947  
   238     0.204114     0.749263  
   239     0.203392     0.748450  
   240     0.202592     0.748568  
   241     0.201851     0.748439  
   242     0.201179     0.748171  
   243     0.200434     0.747366  
   244     0.199710     0.747354  
   245     0.199004     0.746871  
   246     0.198208     0.747400  
   247     0.197520     0.746900  
   248     0.196842     0.746917  
   249     0.196038     0.747038  
   250     0.195332     0.747073  
   251     0.194594     0.746537  
   252     0.193895     0.747870  
   253     0.193282     0.747971  
   254     0.192610     0.747883  
   255     0.191925     0.747865  
   256     0.191274     0.748157  
   257     0.190601     0.748131  
   258     0.189963     0.747622  
   259     0.189305     0.747901  
   260     0.188721     0.747374  
   261     0.187913     0.746600  
   262     0.187244     0.746612  
   263     0.186658     0.745460  
   264     0.186000     0.745363  
   265     0.185382     0.744882  
   266     0.184750     0.744661  
   267     0.184199     0.744552  
   268     0.183639     0.744103  
   269     0.183050     0.743587  
   270     0.182348     0.742405  
   271     0.181698     0.742096  
   272     0.181106     0.741316  
   273     0.180534     0.740948  
   274     0.179914     0.741176  
   275     0.179356     0.741080  
   276     0.178759     0.741054  
   277     0.178023     0.741509  
   278     0.177330     0.740990  
   279     0.176790     0.741193  
   280     0.176196     0.741140  
   281     0.175512     0.741409  
   282     0.174839     0.741572  
   283     0.174193     0.741575  
   284     0.173689     0.741544  
   285     0.173197     0.741473  
   286     0.172546     0.741314  
   287     0.171939     0.741566  
   288     0.171403     0.741597  
   289     0.170797     0.741456  
   290     0.170239     0.742499  
   291     0.169671     0.742245  
   292     0.169154     0.742511  
   293     0.168589     0.742995  
   294     0.168031     0.743003  
   295     0.167428     0.743352  
   296     0.166816     0.742874  
   297     0.166299     0.743009  
   298     0.165702     0.743258  
   299     0.165048     0.744470  
   300     0.164386     0.744842  
   301     0.163874     0.745056  
   302     0.163409     0.744959  
   303     0.162957     0.744837  
   304     0.162410     0.744422  
   305     0.161853     0.744533  
   306     0.161373     0.744694  
   307     0.160847     0.744088  
   308     0.160373     0.742463  
   309     0.159810     0.742606  
   310     0.159254     0.742855  
   311     0.158668     0.742376  
   312     0.158179     0.742231  
   313     0.157599     0.742428  
   314     0.157127     0.742230  
   315     0.156548     0.742342  
   316     0.156090     0.742254  
   317     0.155582     0.742325  
   318     0.155086     0.742444  
   319     0.154621     0.742711  
   320     0.154198     0.743134  
   321     0.153719     0.743400  
   322     0.153153     0.743461  
   323     0.152547     0.743414  
   324     0.152008     0.743218  
   325     0.151427     0.743071  
   326     0.150940     0.742914  
   327     0.150391     0.742514  
   328     0.149933     0.741888  
   329     0.149481     0.741774  
   330     0.148983     0.741687  
   331     0.148537     0.742036  
   332     0.148033     0.742032  
   333     0.147552     0.742594  
   334     0.147113     0.742691  
   335     0.146614     0.742556  
   336     0.146078     0.742021  
   337     0.145563     0.741518  
   338     0.145056     0.741374  
   339     0.144610     0.741223  
   340     0.144174     0.741031  
   341     0.143677     0.741006  
   342     0.143272     0.740717  
   343     0.142836     0.740407  
   344     0.142406     0.740481  
   345     0.141975     0.740386  
   346     0.141524     0.740120  
   347     0.141080     0.739608  
   348     0.140542     0.739491  
   349     0.140092     0.739661  
   350     0.139635     0.739963  
   351     0.139237     0.740400  
   352     0.138763     0.740088  
   353     0.138341     0.740188  
   354     0.137874     0.739786  
   355     0.137453     0.740052  
   356     0.137039     0.740125  
   357     0.136599     0.739811  
   358     0.136218     0.739974  
   359     0.135792     0.740016  
   360     0.135342     0.739836  
   361     0.134889     0.739463  
   362     0.134516     0.739107  
   363     0.134120     0.738681  
   364     0.133701     0.738620  
   365     0.133371     0.737972  
   366     0.132916     0.737927  
   367     0.132579     0.738188  
   368     0.132184     0.738413  
   369     0.131806     0.738428  
   370     0.131452     0.738304  
   371     0.131049     0.738233  
   372     0.130639     0.738433  
   373     0.130189     0.737928  
   374     0.129752     0.737773  
   375     0.129330     0.737788  
   376     0.128961     0.737826  
   377     0.128599     0.737848  
   378     0.128148     0.738132  
   379     0.127830     0.738224  
   380     0.127402     0.737997  
   381     0.127034     0.737748  
   382     0.126635     0.738104  
   383     0.126167     0.737573  
   384     0.125797     0.737728  
   385     0.125384     0.737615  
   386     0.124974     0.737872  
   387     0.124588     0.737227  
   388     0.124185     0.737102  
   389     0.123819     0.736365  
   390     0.123385     0.736277  
   391     0.122984     0.735781  
   392     0.122618     0.735917  
   393     0.122206     0.735559  
   394     0.121904     0.735658  
   395     0.121534     0.735280  
   396     0.121194     0.735737  
   397     0.120812     0.736486  
   398     0.120416     0.736172  
   399     0.120020     0.736179  
   400     0.119675     0.736006  
   401     0.119267     0.736324  
   402     0.118842     0.736550  
   403     0.118427     0.736553  
   404     0.118010     0.736656  
   405     0.117605     0.736810  
   406     0.117243     0.736548  
   407     0.116871     0.736469  
   408     0.116500     0.735864  
   409     0.116150     0.736017  
   410     0.115824     0.736053  
   411     0.115390     0.736083  
   412     0.115063     0.736851  
   413     0.114697     0.736737  
   414     0.114392     0.736702  
   415     0.114050     0.736688  
   416     0.113666     0.736410  
   417     0.113331     0.736627  
   418     0.112989     0.736755  
   419     0.112593     0.737776  
   420     0.112275     0.737774  
   421     0.111856     0.737427  
   422     0.111481     0.737408  
   423     0.111163     0.737291  
   424     0.110786     0.736953  
   425     0.110480     0.737037  
   426     0.110144     0.737298  
   427     0.109812     0.737423  
   428     0.109425     0.737193  
   429     0.109069     0.737251  
   430     0.108719     0.737166  
   431     0.108331     0.736777  
   432     0.108015     0.736297  
   433     0.107717     0.736067  
   434     0.107416     0.736191  
   435     0.107068     0.736113  
   436     0.106660     0.735826  
   437     0.106336     0.735713  
   438     0.105918     0.735487  
   439     0.105513     0.735704  
   440     0.105209     0.735754  
   441     0.104952     0.735568  
   442     0.104646     0.735976  
   443     0.104337     0.735805  
   444     0.104012     0.735515  
   445     0.103707     0.735659  
   446     0.103374     0.735982  
   447     0.103028     0.735361  
   448     0.102738     0.735313  
   449     0.102446     0.734928  * best
   450     0.102098     0.735050  
   451     0.101807     0.736052  
   452     0.101466     0.736116  
   453     0.101129     0.736254  
   454     0.100856     0.736251  
   455     0.100565     0.735893  
   456     0.100247     0.735888  
   457     0.099965     0.735952  
   458     0.099624     0.735984  
   459     0.099280     0.736416  
   460     0.098996     0.736108  
   461     0.098677     0.736293  
   462     0.098355     0.736427  
   463     0.098102     0.736304  
   464     0.097804     0.736398  
   465     0.097517     0.737037  
   466     0.097192     0.736792  
   467     0.096903     0.737685  
   468     0.096604     0.737950  
   469     0.096326     0.737933  
   470     0.096002     0.738107  
   471     0.095693     0.737596  
   472     0.095429     0.737247  
   473     0.095191     0.737291  
   474     0.094901     0.737566  
   475     0.094627     0.738622  
   476     0.094359     0.737722  
   477     0.094095     0.737989  
   478     0.093811     0.737796  
   479     0.093487     0.737589  
   480     0.093195     0.737424  
   481     0.092900     0.737325  
   482     0.092559     0.737256  
   483     0.092252     0.737461  
   484     0.091936     0.737335  
   485     0.091663     0.737164  
   486     0.091423     0.736798  
   487     0.091156     0.736730  
   488     0.090896     0.736553  
   489     0.090627     0.737089  
   490     0.090356     0.737212  
   491     0.090128     0.737355  
   492     0.089898     0.737222  
   493     0.089642     0.737027  
   494     0.089388     0.737125  
   495     0.089143     0.737044  
   496     0.088902     0.736547  
   497     0.088572     0.736664  
   498     0.088320     0.736534  
   499     0.088035     0.736303  
   500     0.087736     0.736698  
   501     0.087511     0.736983  
   502     0.087221     0.737259  
   503     0.086939     0.737521  
   504     0.086698     0.736945  
   505     0.086396     0.736653  
   506     0.086163     0.736573  
   507     0.085912     0.736810  
   508     0.085668     0.736770  
   509     0.085401     0.736996  
   510     0.085160     0.737068  
   511     0.084865     0.737375  
   512     0.084608     0.737308  
   513     0.084402     0.737168  
   514     0.084177     0.737351  
   515     0.083940     0.737079  
   516     0.083674     0.737218  
   517     0.083422     0.737318  
   518     0.083150     0.737254  
   519     0.082865     0.737186  
   520     0.082605     0.737139  
   521     0.082320     0.737447  
   522     0.082051     0.737987  
   523     0.081788     0.737813  
   524     0.081537     0.738016  
   525     0.081268     0.737821  
   526     0.081039     0.738621  
   527     0.080756     0.738757  
   528     0.080508     0.738724  
   529     0.080226     0.738825  
   530     0.080023     0.738311  
   531     0.079804     0.738637  
   532     0.079541     0.738734  
   533     0.079309     0.738949  
   534     0.079025     0.739125  
   535     0.078815     0.739094  
   536     0.078538     0.739235  
   537     0.078266     0.739117  
   538     0.078043     0.738920  
   539     0.077817     0.738915  
   540     0.077605     0.738929  
   541     0.077436     0.738601  
   542     0.077195     0.737986  
   543     0.076951     0.737988  
   544     0.076688     0.737890  
   545     0.076465     0.738436  
   546     0.076230     0.738453  
   547     0.076025     0.738521  
   548     0.075793     0.738475  
   549     0.075569     0.738693  
# best iteration 449 (val l2 0.734928)
# Spearman  train +0.9581  val +0.2079  test -0.0057
