# boltz_pooled+charge seed 3
# pooled Boltz plus both charge blocks
# input dim 1626, 212,417 parameters
# Linear(n_in,128) -> GELU -> Dropout(0.3) -> Linear(128,32) -> GELU -> Dropout(0.3) -> Linear(32,1)
# Adam lr=0.001 weight_decay=0.0001 batch=32 dropout=0.3
# loss = MSE on standardised log10 half-life
# early stopping on validation loss, patience 40, max 300 epochs
#
 epoch  train_batch        train          val  note
     1     0.634817     0.417079     0.519618  * best
     2     0.449034     0.308099     0.465212  * best
     3     0.386429     0.261129     0.467856  
     4     0.342021     0.228811     0.453335  * best
     5     0.322367     0.203184     0.458698  
     6     0.281909     0.183286     0.461695  
     7     0.259888     0.156637     0.446204  * best
     8     0.227509     0.141411     0.440731  * best
     9     0.226389     0.122384     0.443742  
    10     0.226745     0.137093     0.469544  
    11     0.211103     0.103566     0.445826  
    12     0.195908     0.111219     0.451753  
    13     0.191229     0.099681     0.439487  * best
    14     0.182367     0.096383     0.454638  
    15     0.178722     0.088605     0.454451  
    16     0.180775     0.087234     0.436401  * best
    17     0.166460     0.088552     0.460295  
    18     0.161452     0.077631     0.467089  
    19     0.160098     0.077549     0.456961  
    20     0.152123     0.068913     0.444362  
    21     0.156129     0.080340     0.455462  
    22     0.149120     0.076178     0.446836  
    23     0.145372     0.078217     0.449082  
    24     0.146593     0.069250     0.425455  * best
    25     0.142512     0.060044     0.431020  
    26     0.140137     0.071116     0.457196  
    27     0.131875     0.061785     0.432575  
    28     0.141236     0.068570     0.444658  
    29     0.133514     0.071173     0.448809  
    30     0.136686     0.057703     0.448783  
    31     0.134617     0.055605     0.455378  
    32     0.131801     0.069127     0.442987  
    33     0.134283     0.057937     0.436358  
    34     0.132337     0.064579     0.428252  
    35     0.127386     0.057414     0.436659  
    36     0.128473     0.068754     0.440450  
    37     0.126947     0.062698     0.440465  
    38     0.125615     0.059029     0.429422  
    39     0.127149     0.071187     0.453580  
    40     0.128785     0.059445     0.462160  
    41     0.122289     0.055057     0.444270  
    42     0.115947     0.058690     0.448802  
    43     0.122928     0.056427     0.469656  
    44     0.120048     0.056798     0.461155  
    45     0.124070     0.050381     0.449517  
    46     0.116347     0.053672     0.443607  
    47     0.117398     0.054292     0.436932  
    48     0.115291     0.053932     0.445667  
    49     0.114125     0.049958     0.444733  
    50     0.118216     0.051495     0.456719  
    51     0.111005     0.044395     0.455443  
    52     0.110444     0.046440     0.452084  
    53     0.112373     0.052297     0.444909  
    54     0.113516     0.056190     0.462045  
    55     0.114217     0.048568     0.454858  
    56     0.115604     0.049075     0.448917  
    57     0.107677     0.045135     0.446278  
    58     0.111478     0.051316     0.450736  
    59     0.113063     0.044705     0.437362  
    60     0.108455     0.055887     0.453658  
    61     0.108298     0.051176     0.450902  
    62     0.113309     0.043094     0.436105  
    63     0.111212     0.053537     0.448753  
    64     0.113475     0.040606     0.441057  
# stopped at epoch 64: no improvement for 40 epochs
# restored epoch 24 (val MSE 0.425455)
# Spearman  train +0.9668  val +0.7680  test +0.7563
