# gbm_seq+boltz+node seed 2
# boosted trees on seq+boltz+node
# inputs 13927, 243 trees
# LightGBM gradient-boosted trees, objective l2, lr 0.05, num_leaves 31, min_data_in_leaf 20, feature_fraction 0.3, bagging 0.8, lambda_l2 1.0, up to 3000 rounds, early stopping 100 on validation l2
# loss = l2 on standardised log10 half-life
#
 round        train          val  note
     1     0.960360     0.806361  
     2     0.922613     0.793160  
     3     0.888797     0.786413  
     4     0.855665     0.776507  
     5     0.823840     0.771312  
     6     0.796886     0.763282  
     7     0.771124     0.759346  
     8     0.746227     0.753297  
     9     0.724354     0.746177  
    10     0.703201     0.739317  
    11     0.682816     0.730367  
    12     0.664249     0.724817  
    13     0.646133     0.720406  
    14     0.630626     0.715632  
    15     0.615902     0.709546  
    16     0.601859     0.705477  
    17     0.588873     0.702219  
    18     0.575492     0.698820  
    19     0.563322     0.693836  
    20     0.551833     0.692192  
    21     0.540918     0.685891  
    22     0.530862     0.681243  
    23     0.520784     0.679635  
    24     0.511437     0.677516  
    25     0.502427     0.674053  
    26     0.493818     0.670927  
    27     0.485339     0.667610  
    28     0.477693     0.664624  
    29     0.470153     0.659114  
    30     0.463049     0.658386  
    31     0.455941     0.655739  
    32     0.449407     0.653212  
    33     0.442524     0.650322  
    34     0.436005     0.649021  
    35     0.430300     0.645793  
    36     0.425179     0.644572  
    37     0.419966     0.644573  
    38     0.414183     0.641302  
    39     0.408938     0.639545  
    40     0.404326     0.637910  
    41     0.399172     0.636274  
    42     0.394389     0.635174  
    43     0.389971     0.634952  
    44     0.385533     0.632907  
    45     0.381565     0.632387  
    46     0.377120     0.631067  
    47     0.372929     0.630494  
    48     0.368874     0.628822  
    49     0.365033     0.627276  
    50     0.361525     0.624486  
    51     0.358025     0.624067  
    52     0.354116     0.623865  
    53     0.350662     0.623133  
    54     0.347286     0.621674  
    55     0.344138     0.621811  
    56     0.340768     0.621343  
    57     0.337622     0.621165  
    58     0.334261     0.621090  
    59     0.331247     0.620480  
    60     0.327953     0.619981  
    61     0.324948     0.619239  
    62     0.322282     0.618127  
    63     0.319421     0.616418  
    64     0.316643     0.616054  
    65     0.313797     0.614368  
    66     0.310998     0.613364  
    67     0.308014     0.612389  
    68     0.305491     0.612259  
    69     0.302790     0.611871  
    70     0.300546     0.611397  
    71     0.298005     0.611307  
    72     0.295604     0.611285  
    73     0.293249     0.609464  
    74     0.290684     0.609493  
    75     0.288199     0.608355  
    76     0.285902     0.607545  
    77     0.283770     0.606898  
    78     0.281445     0.604942  
    79     0.279281     0.604130  
    80     0.277223     0.603952  
    81     0.275051     0.602968  
    82     0.272514     0.602061  
    83     0.270459     0.601808  
    84     0.268306     0.602303  
    85     0.266340     0.602105  
    86     0.264364     0.601011  
    87     0.262312     0.600715  
    88     0.260454     0.600443  
    89     0.258410     0.600241  
    90     0.256514     0.599916  
    91     0.254628     0.599932  
    92     0.252699     0.599724  
    93     0.250786     0.598973  
    94     0.248705     0.597837  
    95     0.246590     0.597896  
    96     0.244916     0.597872  
    97     0.243213     0.597520  
    98     0.241335     0.596338  
    99     0.239641     0.595982  
   100     0.237796     0.595437  
   101     0.236096     0.595716  
   102     0.234418     0.595012  
   103     0.232805     0.595058  
   104     0.231216     0.595088  
   105     0.229591     0.594908  
   106     0.228044     0.594418  
   107     0.226385     0.594009  
   108     0.224762     0.595010  
   109     0.223175     0.594463  
   110     0.221392     0.594332  
   111     0.219872     0.593880  
   112     0.218225     0.593516  
   113     0.216645     0.593238  
   114     0.215161     0.592447  
   115     0.213711     0.592672  
   116     0.212354     0.593001  
   117     0.210870     0.593231  
   118     0.209564     0.592371  
   119     0.208209     0.592128  
   120     0.206738     0.591958  
   121     0.205286     0.591573  
   122     0.203939     0.592175  
   123     0.202599     0.591810  
   124     0.201272     0.591254  
   125     0.199902     0.590546  
   126     0.198485     0.590628  
   127     0.197147     0.590490  
   128     0.195744     0.589590  
   129     0.194445     0.589255  
   130     0.193035     0.589770  
   131     0.191826     0.589719  
   132     0.190605     0.589960  
   133     0.189363     0.590504  
   134     0.188207     0.590417  
   135     0.186986     0.590144  
   136     0.185730     0.590755  
   137     0.184627     0.590762  
   138     0.183477     0.589885  
   139     0.182278     0.589860  
   140     0.181144     0.589542  
   141     0.179897     0.589535  
   142     0.178726     0.589064  
   143     0.177525     0.589752  
   144     0.176477     0.590071  
   145     0.175365     0.590475  
   146     0.174218     0.590385  
   147     0.173138     0.590016  
   148     0.172090     0.589964  
   149     0.171021     0.589716  
   150     0.169939     0.589649  
   151     0.168969     0.589323  
   152     0.167843     0.589127  
   153     0.166694     0.589994  
   154     0.165649     0.590479  
   155     0.164588     0.590579  
   156     0.163582     0.590697  
   157     0.162547     0.590404  
   158     0.161526     0.590264  
   159     0.160630     0.590334  
   160     0.159644     0.590261  
   161     0.158555     0.590201  
   162     0.157619     0.590143  
   163     0.156636     0.590506  
   164     0.155642     0.590797  
   165     0.154655     0.590560  
   166     0.153675     0.590621  
   167     0.152742     0.590274  
   168     0.151856     0.590164  
   169     0.150953     0.590207  
   170     0.150025     0.590611  
   171     0.149068     0.590330  
   172     0.148154     0.590261  
   173     0.147272     0.590552  
   174     0.146442     0.590027  
   175     0.145593     0.590013  
   176     0.144691     0.589834  
   177     0.143884     0.590042  
   178     0.143036     0.589344  
   179     0.142206     0.589272  
   180     0.141364     0.588935  
   181     0.140519     0.589160  
   182     0.139668     0.589286  
   183     0.138816     0.589178  
   184     0.138010     0.588872  
   185     0.137187     0.589097  
   186     0.136366     0.589053  
   187     0.135469     0.588997  
   188     0.134653     0.589003  
   189     0.133848     0.588404  
   190     0.133049     0.588468  
   191     0.132196     0.588261  
   192     0.131458     0.588596  
   193     0.130645     0.588303  
   194     0.129942     0.588187  
   195     0.129186     0.587666  
   196     0.128476     0.587753  
   197     0.127718     0.587960  
   198     0.126991     0.587571  
   199     0.126270     0.587879  
   200     0.125543     0.587933  
   201     0.124812     0.587941  
   202     0.124093     0.588292  
   203     0.123388     0.588131  
   204     0.122660     0.588116  
   205     0.121920     0.588166  
   206     0.121239     0.588062  
   207     0.120519     0.588369  
   208     0.119755     0.587851  
   209     0.119085     0.587819  
   210     0.118376     0.588198  
   211     0.117742     0.588739  
   212     0.117031     0.589148  
   213     0.116375     0.589076  
   214     0.115817     0.589040  
   215     0.115127     0.588421  
   216     0.114501     0.588648  
   217     0.113881     0.588515  
   218     0.113229     0.588275  
   219     0.112557     0.588384  
   220     0.111951     0.588386  
   221     0.111308     0.588361  
   222     0.110724     0.588639  
   223     0.110047     0.588482  
   224     0.109416     0.588826  
   225     0.108856     0.589169  
   226     0.108238     0.589189  
   227     0.107636     0.589032  
   228     0.107069     0.588930  
   229     0.106494     0.588969  
   230     0.105920     0.588536  
   231     0.105308     0.588115  
   232     0.104722     0.587972  
   233     0.104107     0.588588  
   234     0.103542     0.588400  
   235     0.102967     0.588556  
   236     0.102424     0.588167  
   237     0.101847     0.587793  
   238     0.101256     0.587881  
   239     0.100733     0.587699  
   240     0.100128     0.587813  
   241     0.099555     0.587781  
   242     0.099003     0.587606  
   243     0.098517     0.587291  * best
   244     0.098012     0.587573  
   245     0.097466     0.588150  
   246     0.096898     0.587928  
   247     0.096397     0.587625  
   248     0.095852     0.587684  
   249     0.095330     0.587891  
   250     0.094840     0.587397  
   251     0.094273     0.587454  
   252     0.093737     0.588387  
   253     0.093239     0.588801  
   254     0.092770     0.588752  
   255     0.092292     0.588915  
   256     0.091786     0.589028  
   257     0.091277     0.588863  
   258     0.090759     0.588923  
   259     0.090298     0.589266  
   260     0.089830     0.588927  
   261     0.089349     0.588926  
   262     0.088929     0.588677  
   263     0.088466     0.588608  
   264     0.088063     0.588574  
   265     0.087595     0.588406  
   266     0.087120     0.588616  
   267     0.086684     0.588507  
   268     0.086257     0.588545  
   269     0.085780     0.588561  
   270     0.085322     0.588591  
   271     0.084860     0.588874  
   272     0.084429     0.588907  
   273     0.084009     0.588786  
   274     0.083528     0.588952  
   275     0.083080     0.589014  
   276     0.082626     0.589094  
   277     0.082205     0.589104  
   278     0.081819     0.589297  
   279     0.081381     0.588803  
   280     0.080933     0.588779  
   281     0.080507     0.588651  
   282     0.080109     0.588674  
   283     0.079724     0.588670  
   284     0.079283     0.588823  
   285     0.078858     0.589246  
   286     0.078439     0.588967  
   287     0.078001     0.589082  
   288     0.077605     0.589018  
   289     0.077189     0.589143  
   290     0.076773     0.589033  
   291     0.076389     0.589142  
   292     0.075976     0.589250  
   293     0.075590     0.589698  
   294     0.075199     0.589585  
   295     0.074799     0.589397  
   296     0.074405     0.589441  
   297     0.074026     0.589252  
   298     0.073617     0.589245  
   299     0.073234     0.589191  
   300     0.072869     0.589096  
   301     0.072463     0.588795  
   302     0.072062     0.588791  
   303     0.071649     0.588740  
   304     0.071278     0.588704  
   305     0.070883     0.588577  
   306     0.070541     0.588466  
   307     0.070170     0.589089  
   308     0.069817     0.588944  
   309     0.069477     0.588942  
   310     0.069138     0.589315  
   311     0.068814     0.589627  
   312     0.068492     0.589506  
   313     0.068131     0.589498  
   314     0.067777     0.589558  
   315     0.067445     0.589309  
   316     0.067078     0.589269  
   317     0.066711     0.589017  
   318     0.066386     0.588983  
   319     0.066051     0.588945  
   320     0.065741     0.588825  
   321     0.065408     0.588876  
   322     0.065091     0.589052  
   323     0.064771     0.589116  
   324     0.064434     0.589336  
   325     0.064094     0.589495  
   326     0.063793     0.589475  
   327     0.063469     0.589483  
   328     0.063114     0.589420  
   329     0.062813     0.589414  
   330     0.062477     0.589476  
   331     0.062163     0.589437  
   332     0.061871     0.589449  
   333     0.061567     0.589593  
   334     0.061246     0.589664  
   335     0.060928     0.589320  
   336     0.060612     0.589098  
   337     0.060303     0.589390  
   338     0.059996     0.589427  
   339     0.059667     0.589079  
   340     0.059364     0.588937  
   341     0.059074     0.589001  
   342     0.058774     0.588934  
   343     0.058462     0.588869  
# best iteration 243 (val l2 0.587291)
# Spearman  train +0.9579  val +0.4315  test +0.5416
