# bilinear_seq_r64+boltz_pooled seed 1
# rank-64 sequence bilinear, with the pooled Boltz blocks in the head
# inputs [(180,), (680,), (1547,)], 281,921 parameters
# u=Linear(d_pep,64,bias=False); v=Linear(d_groove,64,bias=False); concat[u,v,u*v] + 1547 extra -> Linear(1739,128) -> GELU -> Dropout(0.3) -> Linear(128,32) -> GELU -> Dropout(0.3) -> Linear(32,1)
# Adam lr=0.001 weight_decay=0.0001 batch=32 dropout=0.3
# loss = MSE on standardised log10 half-life
# early stopping on validation loss, patience 40, max 300 epochs
#
 epoch  train_batch        train          val  note
     1     0.615494     0.377184     0.505976  * best
     2     0.427863     0.268933     0.442476  * best
     3     0.347773     0.201714     0.422826  * best
     4     0.284299     0.183108     0.450052  
     5     0.252452     0.145097     0.424974  
     6     0.222026     0.134299     0.424063  
     7     0.198470     0.110548     0.431429  
     8     0.180190     0.090984     0.425635  
     9     0.175224     0.096567     0.431632  
    10     0.157575     0.087998     0.446876  
    11     0.156750     0.076989     0.446344  
    12     0.141733     0.094126     0.426204  
    13     0.141162     0.066892     0.441232  
    14     0.127198     0.067005     0.432321  
    15     0.127831     0.066441     0.439611  
    16     0.116007     0.051254     0.449825  
    17     0.113793     0.053744     0.459200  
    18     0.118168     0.072531     0.430736  
    19     0.113022     0.049880     0.430792  
    20     0.109140     0.054976     0.427605  
    21     0.103697     0.052478     0.438458  
    22     0.108055     0.043115     0.422261  * best
    23     0.102385     0.045863     0.442709  
    24     0.105285     0.048465     0.435205  
    25     0.096877     0.042251     0.451500  
    26     0.098435     0.045461     0.437964  
    27     0.096654     0.044526     0.456172  
    28     0.096153     0.036818     0.463075  
    29     0.092983     0.041500     0.427875  
    30     0.095375     0.038816     0.436532  
    31     0.097020     0.047321     0.429322  
    32     0.093667     0.044440     0.446537  
    33     0.093060     0.044855     0.437091  
    34     0.092655     0.041166     0.441951  
    35     0.091476     0.042675     0.434997  
    36     0.095962     0.047175     0.478305  
    37     0.095192     0.047212     0.444807  
    38     0.088158     0.038681     0.460728  
    39     0.091345     0.041877     0.446272  
    40     0.089314     0.036842     0.451827  
    41     0.095932     0.043449     0.472998  
    42     0.087183     0.035122     0.459614  
    43     0.086397     0.042196     0.436599  
    44     0.082896     0.045781     0.481415  
    45     0.086437     0.033539     0.453056  
    46     0.085005     0.040519     0.457628  
    47     0.088964     0.038382     0.474361  
    48     0.084793     0.034389     0.464914  
    49     0.082863     0.035129     0.447970  
    50     0.087151     0.036918     0.443601  
    51     0.087741     0.042314     0.448746  
    52     0.085649     0.033386     0.432895  
    53     0.081887     0.042308     0.452328  
    54     0.082727     0.034231     0.477866  
    55     0.080293     0.037162     0.473858  
    56     0.083263     0.043359     0.454995  
    57     0.081379     0.034120     0.463487  
    58     0.081965     0.039083     0.447414  
    59     0.083936     0.038623     0.472360  
    60     0.082778     0.051390     0.452195  
    61     0.083346     0.036110     0.469580  
    62     0.081535     0.031304     0.462939  
# stopped at epoch 62: no improvement for 40 epochs
# restored epoch 22 (val MSE 0.422261)
# Spearman  train +0.9784  val +0.7807  test +0.7709
