# gbm_boltz+node+energy seed 0
# boosted trees on boltz+node+energy
# inputs 13497, 2,742 trees
# LightGBM gradient-boosted trees, objective l2, lr 0.05, num_leaves 31, min_data_in_leaf 20, feature_fraction 0.3, bagging 0.8, lambda_l2 1.0, up to 3000 rounds, early stopping 100 on validation l2
# loss = l2 on standardised log10 half-life
#
 round        train          val  note
     1     0.963150     0.973634  
     2     0.930412     0.944020  
     3     0.900864     0.916901  
     4     0.872048     0.890075  
     5     0.843733     0.864855  
     6     0.817860     0.841351  
     7     0.794834     0.820626  
     8     0.772376     0.801666  
     9     0.751991     0.783583  
    10     0.733037     0.767181  
    11     0.715653     0.752852  
    12     0.698644     0.738425  
    13     0.680556     0.723604  
    14     0.664862     0.709724  
    15     0.650761     0.698716  
    16     0.636499     0.686758  
    17     0.623045     0.676438  
    18     0.611523     0.667905  
    19     0.600081     0.658678  
    20     0.589090     0.650374  
    21     0.578758     0.642292  
    22     0.567709     0.634958  
    23     0.557418     0.627106  
    24     0.548622     0.620159  
    25     0.539775     0.613836  
    26     0.531150     0.606629  
    27     0.523941     0.602313  
    28     0.515981     0.596032  
    29     0.509370     0.592049  
    30     0.502195     0.587069  
    31     0.495317     0.582605  
    32     0.488577     0.577930  
    33     0.481979     0.573467  
    34     0.475465     0.569282  
    35     0.469522     0.564951  
    36     0.463661     0.560127  
    37     0.457799     0.556330  
    38     0.452852     0.552919  
    39     0.447642     0.549854  
    40     0.442349     0.545795  
    41     0.437263     0.542684  
    42     0.432301     0.539744  
    43     0.427833     0.536805  
    44     0.423240     0.533561  
    45     0.419003     0.530737  
    46     0.414656     0.529061  
    47     0.410892     0.526168  
    48     0.407080     0.524843  
    49     0.403499     0.523322  
    50     0.399993     0.520962  
    51     0.396175     0.518340  
    52     0.392301     0.516412  
    53     0.388500     0.514644  
    54     0.385136     0.512550  
    55     0.381974     0.511151  
    56     0.378766     0.509505  
    57     0.375404     0.507530  
    58     0.372201     0.506271  
    59     0.369152     0.505005  
    60     0.366080     0.503439  
    61     0.363113     0.502208  
    62     0.360107     0.501107  
    63     0.357191     0.499805  
    64     0.354281     0.498302  
    65     0.351336     0.497044  
    66     0.348752     0.495755  
    67     0.345750     0.494198  
    68     0.342963     0.492919  
    69     0.340183     0.491584  
    70     0.337514     0.490690  
    71     0.334841     0.489158  
    72     0.332032     0.487611  
    73     0.329635     0.486759  
    74     0.327111     0.486095  
    75     0.324531     0.485061  
    76     0.322163     0.484381  
    77     0.319727     0.483176  
    78     0.317219     0.482439  
    79     0.314998     0.481242  
    80     0.312520     0.479364  
    81     0.310243     0.478197  
    82     0.307861     0.477238  
    83     0.305594     0.476274  
    84     0.303375     0.475433  
    85     0.301035     0.474418  
    86     0.298885     0.473546  
    87     0.296639     0.472673  
    88     0.294502     0.471347  
    89     0.292368     0.471119  
    90     0.290256     0.469992  
    91     0.288301     0.469006  
    92     0.286166     0.468518  
    93     0.284030     0.467472  
    94     0.282105     0.466960  
    95     0.280116     0.466359  
    96     0.278089     0.465292  
    97     0.276131     0.464301  
    98     0.274262     0.463514  
    99     0.272400     0.462842  
   100     0.270451     0.462425  
   101     0.268658     0.461769  
   102     0.266821     0.461120  
   103     0.265155     0.460587  
   104     0.263355     0.459976  
   105     0.261552     0.459480  
   106     0.259757     0.458840  
   107     0.257973     0.457698  
   108     0.256172     0.457263  
   109     0.254492     0.456830  
   110     0.252806     0.456557  
   111     0.251122     0.456306  
   112     0.249449     0.455995  
   113     0.247895     0.455356  
   114     0.246411     0.455350  
   115     0.244745     0.455043  
   116     0.243259     0.454911  
   117     0.241794     0.454702  
   118     0.240295     0.454175  
   119     0.238669     0.453511  
   120     0.237133     0.452841  
   121     0.235689     0.452572  
   122     0.234089     0.452197  
   123     0.232586     0.451600  
   124     0.231044     0.450522  
   125     0.229510     0.450266  
   126     0.228021     0.449505  
   127     0.226539     0.448870  
   128     0.225115     0.448735  
   129     0.223642     0.448517  
   130     0.222136     0.448130  
   131     0.220832     0.447894  
   132     0.219530     0.447710  
   133     0.218189     0.447675  
   134     0.216900     0.447340  
   135     0.215607     0.447373  
   136     0.214274     0.446824  
   137     0.212903     0.446316  
   138     0.211673     0.445807  
   139     0.210327     0.445389  
   140     0.209041     0.445393  
   141     0.207740     0.445172  
   142     0.206441     0.444915  
   143     0.205196     0.444290  
   144     0.203954     0.444118  
   145     0.202757     0.443801  
   146     0.201666     0.443390  
   147     0.200473     0.443201  
   148     0.199332     0.442745  
   149     0.198151     0.442665  
   150     0.196866     0.442360  
   151     0.195688     0.441618  
   152     0.194618     0.441393  
   153     0.193437     0.441241  
   154     0.192364     0.440926  
   155     0.191254     0.440625  
   156     0.190140     0.440347  
   157     0.188964     0.440268  
   158     0.187970     0.440046  
   159     0.186855     0.439587  
   160     0.185772     0.439331  
   161     0.184579     0.439000  
   162     0.183527     0.438762  
   163     0.182501     0.438401  
   164     0.181404     0.438568  
   165     0.180355     0.438340  
   166     0.179254     0.437892  
   167     0.178109     0.437613  
   168     0.177025     0.437311  
   169     0.176028     0.436919  
   170     0.174994     0.436739  
   171     0.174007     0.436494  
   172     0.172965     0.436088  
   173     0.171996     0.435655  
   174     0.170972     0.435257  
   175     0.170020     0.435093  
   176     0.169004     0.434898  
   177     0.168041     0.434701  
   178     0.167075     0.434270  
   179     0.166115     0.433972  
   180     0.165242     0.433754  
   181     0.164317     0.433784  
   182     0.163426     0.433304  
   183     0.162559     0.433306  
   184     0.161627     0.433175  
   185     0.160655     0.432688  
   186     0.159697     0.432261  
   187     0.158749     0.431887  
   188     0.157903     0.431861  
   189     0.157095     0.431751  
   190     0.156227     0.431744  
   191     0.155290     0.431856  
   192     0.154473     0.431502  
   193     0.153601     0.431481  
   194     0.152780     0.431631  
   195     0.151872     0.431174  
   196     0.151026     0.430836  
   197     0.150130     0.430542  
   198     0.149346     0.430320  
   199     0.148538     0.430222  
   200     0.147694     0.430015  
   201     0.146974     0.429546  
   202     0.146191     0.429138  
   203     0.145366     0.428920  
   204     0.144589     0.429040  
   205     0.143823     0.428711  
   206     0.143023     0.428389  
   207     0.142294     0.428194  
   208     0.141565     0.428152  
   209     0.140770     0.428012  
   210     0.140037     0.427572  
   211     0.139250     0.427381  
   212     0.138499     0.427313  
   213     0.137713     0.427002  
   214     0.136950     0.426818  
   215     0.136171     0.426602  
   216     0.135484     0.426498  
   217     0.134753     0.426315  
   218     0.134046     0.425782  
   219     0.133357     0.425554  
   220     0.132644     0.425421  
   221     0.131932     0.425468  
   222     0.131223     0.425524  
   223     0.130504     0.425322  
   224     0.129785     0.425140  
   225     0.129121     0.424928  
   226     0.128412     0.424932  
   227     0.127738     0.424912  
   228     0.127104     0.424930  
   229     0.126487     0.424990  
   230     0.125775     0.424762  
   231     0.125104     0.424722  
   232     0.124435     0.424463  
   233     0.123786     0.424509  
   234     0.123135     0.424543  
   235     0.122472     0.424425  
   236     0.121791     0.424272  
   237     0.121163     0.424048  
   238     0.120522     0.423783  
   239     0.119851     0.423583  
   240     0.119217     0.423379  
   241     0.118610     0.423207  
   242     0.117997     0.423195  
   243     0.117377     0.423181  
   244     0.116816     0.423087  
   245     0.116202     0.423302  
   246     0.115545     0.423364  
   247     0.114955     0.423201  
   248     0.114336     0.423115  
   249     0.113730     0.422933  
   250     0.113165     0.422773  
   251     0.112595     0.422629  
   252     0.112012     0.422635  
   253     0.111422     0.422408  
   254     0.110853     0.422027  
   255     0.110235     0.421953  
   256     0.109705     0.421810  
   257     0.109116     0.421811  
   258     0.108506     0.421857  
   259     0.107968     0.421792  
   260     0.107460     0.421963  
   261     0.106893     0.421808  
   262     0.106336     0.421726  
   263     0.105796     0.421612  
   264     0.105202     0.421557  
   265     0.104703     0.421572  
   266     0.104151     0.421371  
   267     0.103590     0.421226  
   268     0.103019     0.420902  
   269     0.102505     0.420723  
   270     0.101969     0.420403  
   271     0.101496     0.420232  
   272     0.100975     0.420325  
   273     0.100531     0.420306  
   274     0.100066     0.420269  
   275     0.099567     0.420144  
   276     0.099054     0.420012  
   277     0.098574     0.419892  
   278     0.098089     0.419962  
   279     0.097614     0.420162  
   280     0.097159     0.420166  
   281     0.096661     0.420080  
   282     0.096185     0.419800  
   283     0.095679     0.419531  
   284     0.095230     0.419691  
   285     0.094761     0.419522  
   286     0.094270     0.419366  
   287     0.093797     0.419336  
   288     0.093323     0.419284  
   289     0.092886     0.419100  
   290     0.092383     0.419063  
   291     0.091889     0.419012  
   292     0.091442     0.418900  
   293     0.091018     0.418731  
   294     0.090535     0.418712  
   295     0.090101     0.418868  
   296     0.089696     0.418920  
   297     0.089253     0.419028  
   298     0.088793     0.418914  
   299     0.088318     0.418798  
   300     0.087828     0.418621  
   301     0.087377     0.418591  
   302     0.086937     0.418446  
   303     0.086532     0.418319  
   304     0.086080     0.418281  
   305     0.085677     0.418080  
   306     0.085251     0.418005  
   307     0.084788     0.417981  
   308     0.084343     0.418107  
   309     0.083959     0.417888  
   310     0.083555     0.417742  
   311     0.083124     0.417552  
   312     0.082730     0.417371  
   313     0.082270     0.417075  
   314     0.081876     0.417094  
   315     0.081505     0.417218  
   316     0.081099     0.417146  
   317     0.080711     0.416963  
   318     0.080290     0.416555  
   319     0.079890     0.416411  
   320     0.079487     0.416254  
   321     0.079077     0.416281  
   322     0.078647     0.416082  
   323     0.078255     0.415956  
   324     0.077824     0.415972  
   325     0.077450     0.415865  
   326     0.077102     0.415840  
   327     0.076754     0.415819  
   328     0.076358     0.415743  
   329     0.075984     0.415563  
   330     0.075594     0.415536  
   331     0.075227     0.415628  
   332     0.074837     0.415448  
   333     0.074484     0.415322  
   334     0.074130     0.415204  
   335     0.073763     0.415064  
   336     0.073395     0.415064  
   337     0.073044     0.414898  
   338     0.072714     0.414834  
   339     0.072355     0.414800  
   340     0.072026     0.414709  
   341     0.071683     0.414597  
   342     0.071359     0.414590  
   343     0.071004     0.414604  
   344     0.070700     0.414547  
   345     0.070368     0.414589  
   346     0.070006     0.414557  
   347     0.069635     0.414514  
   348     0.069245     0.414341  
   349     0.068895     0.414295  
   350     0.068536     0.414214  
   351     0.068201     0.414264  
   352     0.067901     0.414359  
   353     0.067538     0.414258  
   354     0.067207     0.414093  
   355     0.066855     0.413960  
   356     0.066518     0.413838  
   357     0.066165     0.413661  
   358     0.065852     0.413543  
   359     0.065520     0.413530  
   360     0.065239     0.413607  
   361     0.064909     0.413549  
   362     0.064587     0.413509  
   363     0.064294     0.413535  
   364     0.064007     0.413646  
   365     0.063731     0.413645  
   366     0.063409     0.413544  
   367     0.063082     0.413483  
   368     0.062800     0.413462  
   369     0.062509     0.413516  
   370     0.062207     0.413467  
   371     0.061949     0.413435  
   372     0.061673     0.413354  
   373     0.061387     0.413295  
   374     0.061078     0.413242  
   375     0.060784     0.413092  
   376     0.060477     0.413056  
   377     0.060217     0.412883  
   378     0.059913     0.412861  
   379     0.059637     0.412869  
   380     0.059337     0.412658  
   381     0.059058     0.412574  
   382     0.058772     0.412479  
   383     0.058516     0.412605  
   384     0.058269     0.412626  
   385     0.058005     0.412503  
   386     0.057724     0.412411  
   387     0.057439     0.412355  
   388     0.057210     0.412281  
   389     0.056944     0.412380  
   390     0.056686     0.412339  
   391     0.056422     0.412066  
   392     0.056152     0.411831  
   393     0.055893     0.411834  
   394     0.055634     0.411925  
   395     0.055389     0.411766  
   396     0.055124     0.411711  
   397     0.054845     0.411687  
   398     0.054578     0.411434  
   399     0.054332     0.411260  
   400     0.054075     0.411211  
   401     0.053811     0.411116  
   402     0.053551     0.411015  
   403     0.053294     0.410888  
   404     0.053069     0.410902  
   405     0.052802     0.410947  
   406     0.052577     0.411035  
   407     0.052337     0.411176  
   408     0.052084     0.411252  
   409     0.051824     0.411320  
   410     0.051580     0.411361  
   411     0.051339     0.411419  
   412     0.051096     0.411312  
   413     0.050828     0.411310  
   414     0.050582     0.411474  
   415     0.050354     0.411387  
   416     0.050120     0.411366  
   417     0.049842     0.411247  
   418     0.049587     0.411159  
   419     0.049341     0.411141  
   420     0.049095     0.411051  
   421     0.048872     0.411082  
   422     0.048645     0.411046  
   423     0.048405     0.410969  
   424     0.048204     0.411139  
   425     0.047977     0.411162  
   426     0.047758     0.410991  
   427     0.047542     0.410939  
   428     0.047315     0.411003  
   429     0.047116     0.411010  
   430     0.046894     0.410862  
   431     0.046693     0.410937  
   432     0.046470     0.410993  
   433     0.046270     0.411036  
   434     0.046048     0.411100  
   435     0.045839     0.410917  
   436     0.045620     0.410967  
   437     0.045402     0.410962  
   438     0.045194     0.410901  
   439     0.044990     0.410925  
   440     0.044801     0.410853  
   441     0.044589     0.410884  
   442     0.044385     0.410871  
   443     0.044178     0.410810  
   444     0.043980     0.410728  
   445     0.043783     0.410797  
   446     0.043582     0.410570  
   447     0.043385     0.410514  
   448     0.043166     0.410396  
   449     0.042977     0.410397  
   450     0.042779     0.410341  
   451     0.042571     0.410276  
   452     0.042374     0.410345  
   453     0.042176     0.410299  
   454     0.041972     0.410305  
   455     0.041765     0.410406  
   456     0.041539     0.410340  
   457     0.041351     0.410407  
   458     0.041159     0.410461  
   459     0.040979     0.410357  
   460     0.040776     0.410357  
   461     0.040600     0.410284  
   462     0.040430     0.410263  
   463     0.040248     0.410214  
   464     0.040079     0.410209  
   465     0.039905     0.410173  
   466     0.039712     0.410141  
   467     0.039547     0.410171  
   468     0.039362     0.410182  
   469     0.039193     0.410066  
   470     0.039029     0.410078  
   471     0.038863     0.410068  
   472     0.038693     0.409996  
   473     0.038511     0.410010  
   474     0.038336     0.409945  
   475     0.038155     0.409841  
   476     0.037985     0.409777  
   477     0.037830     0.409783  
   478     0.037671     0.409755  
   479     0.037502     0.409749  
   480     0.037346     0.409692  
   481     0.037171     0.409704  
   482     0.037015     0.409607  
   483     0.036842     0.409534  
   484     0.036672     0.409467  
   485     0.036508     0.409401  
   486     0.036344     0.409318  
   487     0.036178     0.409313  
   488     0.036027     0.409223  
   489     0.035870     0.409281  
   490     0.035722     0.409206  
   491     0.035572     0.409239  
   492     0.035406     0.409302  
   493     0.035238     0.409222  
   494     0.035078     0.409310  
   495     0.034926     0.409296  
   496     0.034757     0.409142  
   497     0.034596     0.409101  
   498     0.034441     0.409029  
   499     0.034280     0.409071  
   500     0.034129     0.409023  
   501     0.033990     0.408958  
   502     0.033844     0.408993  
   503     0.033701     0.408935  
   504     0.033542     0.408819  
   505     0.033391     0.408907  
   506     0.033252     0.408952  
   507     0.033095     0.408955  
   508     0.032960     0.408957  
   509     0.032814     0.408923  
   510     0.032662     0.409004  
   511     0.032527     0.409014  
   512     0.032381     0.408873  
   513     0.032234     0.408872  
   514     0.032089     0.408869  
   515     0.031935     0.408910  
   516     0.031786     0.408900  
   517     0.031639     0.408839  
   518     0.031498     0.408754  
   519     0.031346     0.408776  
   520     0.031219     0.408770  
   521     0.031089     0.408821  
   522     0.030967     0.408921  
   523     0.030824     0.408850  
   524     0.030686     0.408914  
   525     0.030556     0.408869  
   526     0.030415     0.408827  
   527     0.030284     0.408796  
   528     0.030142     0.408908  
   529     0.030019     0.408892  
   530     0.029887     0.408946  
   531     0.029747     0.408894  
   532     0.029614     0.408892  
   533     0.029476     0.408845  
   534     0.029348     0.408828  
   535     0.029211     0.408816  
   536     0.029081     0.408716  
   537     0.028952     0.408726  
   538     0.028827     0.408758  
   539     0.028698     0.408756  
   540     0.028562     0.408668  
   541     0.028416     0.408708  
   542     0.028280     0.408667  
   543     0.028151     0.408723  
   544     0.028032     0.408631  
   545     0.027914     0.408599  
   546     0.027786     0.408566  
   547     0.027665     0.408528  
   548     0.027541     0.408614  
   549     0.027419     0.408610  
   550     0.027294     0.408649  
   551     0.027172     0.408452  
   552     0.027056     0.408456  
   553     0.026928     0.408414  
   554     0.026807     0.408356  
   555     0.026690     0.408399  
   556     0.026574     0.408477  
   557     0.026468     0.408533  
   558     0.026359     0.408355  
   559     0.026251     0.408271  
   560     0.026131     0.408331  
   561     0.026008     0.408375  
   562     0.025904     0.408441  
   563     0.025792     0.408446  
   564     0.025669     0.408493  
   565     0.025551     0.408445  
   566     0.025438     0.408272  
   567     0.025330     0.408263  
   568     0.025216     0.408129  
   569     0.025096     0.408060  
   570     0.024984     0.408113  
   571     0.024875     0.407984  
   572     0.024779     0.408031  
   573     0.024675     0.407929  
   574     0.024574     0.407945  
   575     0.024465     0.407878  
   576     0.024364     0.407975  
   577     0.024267     0.407931  
   578     0.024162     0.407925  
   579     0.024058     0.407885  
   580     0.023958     0.407968  
   581     0.023865     0.407927  
   582     0.023762     0.407985  
   583     0.023654     0.408019  
   584     0.023539     0.407923  
   585     0.023428     0.407938  
   586     0.023326     0.408005  
   587     0.023225     0.408068  
   588     0.023118     0.408050  
   589     0.023019     0.408079  
   590     0.022928     0.408101  
   591     0.022831     0.408175  
   592     0.022734     0.408233  
   593     0.022639     0.408070  
   594     0.022531     0.407968  
   595     0.022437     0.407934  
   596     0.022337     0.407949  
   597     0.022232     0.407831  
   598     0.022126     0.407751  
   599     0.022025     0.407649  
   600     0.021936     0.407644  
   601     0.021841     0.407617  
   602     0.021741     0.407672  
   603     0.021646     0.407589  
   604     0.021559     0.407591  
   605     0.021456     0.407481  
   606     0.021365     0.407567  
   607     0.021259     0.407550  
   608     0.021154     0.407566  
   609     0.021059     0.407610  
   610     0.020960     0.407526  
   611     0.020864     0.407371  
   612     0.020758     0.407263  
   613     0.020663     0.407228  
   614     0.020576     0.407222  
   615     0.020481     0.407271  
   616     0.020399     0.407286  
   617     0.020313     0.407258  
   618     0.020229     0.407242  
   619     0.020151     0.407170  
   620     0.020073     0.407207  
   621     0.019988     0.407170  
   622     0.019908     0.407093  
   623     0.019822     0.406971  
   624     0.019736     0.406930  
   625     0.019646     0.406937  
   626     0.019554     0.406920  
   627     0.019461     0.406874  
   628     0.019382     0.406851  
   629     0.019289     0.406937  
   630     0.019210     0.406878  
   631     0.019120     0.406884  
   632     0.019044     0.406937  
   633     0.018976     0.407004  
   634     0.018893     0.406949  
   635     0.018809     0.406905  
   636     0.018726     0.406865  
   637     0.018651     0.406857  
   638     0.018564     0.406838  
   639     0.018483     0.406806  
   640     0.018399     0.406853  
   641     0.018329     0.406996  
   642     0.018248     0.406949  
   643     0.018158     0.406909  
   644     0.018083     0.406890  
   645     0.018007     0.406976  
   646     0.017931     0.406981  
   647     0.017857     0.406917  
   648     0.017786     0.406927  
   649     0.017712     0.406898  
   650     0.017639     0.406891  
   651     0.017567     0.406807  
   652     0.017497     0.406821  
   653     0.017424     0.406769  
   654     0.017347     0.406793  
   655     0.017267     0.406767  
   656     0.017194     0.406754  
   657     0.017115     0.406659  
   658     0.017047     0.406661  
   659     0.016969     0.406630  
   660     0.016906     0.406635  
   661     0.016837     0.406531  
   662     0.016772     0.406577  
   663     0.016702     0.406616  
   664     0.016634     0.406629  
   665     0.016570     0.406636  
   666     0.016496     0.406596  
   667     0.016420     0.406528  
   668     0.016353     0.406450  
   669     0.016284     0.406450  
   670     0.016214     0.406447  
   671     0.016134     0.406390  
   672     0.016064     0.406416  
   673     0.015988     0.406363  
   674     0.015926     0.406382  
   675     0.015854     0.406357  
   676     0.015799     0.406317  
   677     0.015722     0.406249  
   678     0.015653     0.406215  
   679     0.015586     0.406249  
   680     0.015525     0.406223  
   681     0.015453     0.406185  
   682     0.015393     0.406222  
   683     0.015326     0.406300  
   684     0.015258     0.406320  
   685     0.015192     0.406401  
   686     0.015126     0.406326  
   687     0.015070     0.406291  
   688     0.015011     0.406289  
   689     0.014947     0.406326  
   690     0.014882     0.406306  
   691     0.014817     0.406310  
   692     0.014753     0.406283  
   693     0.014686     0.406178  
   694     0.014621     0.406185  
   695     0.014559     0.406229  
   696     0.014494     0.406207  
   697     0.014428     0.406219  
   698     0.014368     0.406187  
   699     0.014305     0.406179  
   700     0.014247     0.406242  
   701     0.014183     0.406260  
   702     0.014122     0.406211  
   703     0.014053     0.406194  
   704     0.013993     0.406117  
   705     0.013930     0.406102  
   706     0.013871     0.406124  
   707     0.013808     0.406106  
   708     0.013753     0.406094  
   709     0.013704     0.406079  
   710     0.013643     0.406082  
   711     0.013580     0.406005  
   712     0.013528     0.406013  
   713     0.013469     0.405956  
   714     0.013414     0.406055  
   715     0.013355     0.406019  
   716     0.013298     0.406078  
   717     0.013243     0.406052  
   718     0.013187     0.406033  
   719     0.013126     0.406008  
   720     0.013066     0.406081  
   721     0.013015     0.406135  
   722     0.012962     0.406157  
   723     0.012908     0.406131  
   724     0.012856     0.406197  
   725     0.012800     0.406235  
   726     0.012742     0.406233  
   727     0.012691     0.406215  
   728     0.012640     0.406206  
   729     0.012589     0.406196  
   730     0.012529     0.406183  
   731     0.012478     0.406222  
   732     0.012423     0.406245  
   733     0.012374     0.406207  
   734     0.012321     0.406206  
   735     0.012266     0.406160  
   736     0.012215     0.406105  
   737     0.012164     0.406056  
   738     0.012107     0.406035  
   739     0.012048     0.406048  
   740     0.011994     0.406023  
   741     0.011937     0.405968  
   742     0.011885     0.405968  
   743     0.011831     0.405915  
   744     0.011781     0.405901  
   745     0.011733     0.405939  
   746     0.011684     0.405932  
   747     0.011630     0.405914  
   748     0.011578     0.405928  
   749     0.011528     0.405965  
   750     0.011484     0.406001  
   751     0.011439     0.406014  
   752     0.011390     0.406047  
   753     0.011347     0.406036  
   754     0.011304     0.405981  
   755     0.011260     0.405983  
   756     0.011213     0.405976  
   757     0.011164     0.406021  
   758     0.011118     0.406003  
   759     0.011069     0.405992  
   760     0.011019     0.405945  
   761     0.010973     0.405969  
   762     0.010932     0.405923  
   763     0.010882     0.405916  
   764     0.010838     0.405880  
   765     0.010792     0.405836  
   766     0.010743     0.405850  
   767     0.010700     0.405816  
   768     0.010651     0.405821  
   769     0.010604     0.405770  
   770     0.010558     0.405740  
   771     0.010508     0.405759  
   772     0.010468     0.405731  
   773     0.010420     0.405703  
   774     0.010382     0.405711  
   775     0.010338     0.405654  
   776     0.010298     0.405634  
   777     0.010253     0.405622  
   778     0.010209     0.405622  
   779     0.010161     0.405553  
   780     0.010121     0.405585  
   781     0.010077     0.405630  
   782     0.010039     0.405635  
   783     0.009995     0.405696  
   784     0.009954     0.405673  
   785     0.009912     0.405650  
   786     0.009868     0.405656  
   787     0.009823     0.405648  
   788     0.009781     0.405612  
   789     0.009740     0.405565  
   790     0.009699     0.405547  
   791     0.009658     0.405558  
   792     0.009618     0.405553  
   793     0.009580     0.405610  
   794     0.009542     0.405582  
   795     0.009498     0.405545  
   796     0.009459     0.405586  
   797     0.009421     0.405602  
   798     0.009381     0.405570  
   799     0.009345     0.405560  
   800     0.009303     0.405530  
   801     0.009266     0.405520  
   802     0.009224     0.405528  
   803     0.009181     0.405481  
   804     0.009148     0.405467  
   805     0.009109     0.405470  
   806     0.009071     0.405484  
   807     0.009039     0.405464  
   808     0.008995     0.405451  
   809     0.008954     0.405463  
   810     0.008917     0.405486  
   811     0.008878     0.405527  
   812     0.008842     0.405557  
   813     0.008808     0.405590  
   814     0.008771     0.405584  
   815     0.008735     0.405553  
   816     0.008700     0.405573  
   817     0.008670     0.405665  
   818     0.008636     0.405648  
   819     0.008601     0.405661  
   820     0.008563     0.405711  
   821     0.008531     0.405719  
   822     0.008493     0.405669  
   823     0.008460     0.405635  
   824     0.008424     0.405635  
   825     0.008389     0.405640  
   826     0.008354     0.405647  
   827     0.008319     0.405630  
   828     0.008281     0.405596  
   829     0.008244     0.405532  
   830     0.008216     0.405505  
   831     0.008179     0.405495  
   832     0.008145     0.405460  
   833     0.008107     0.405435  
   834     0.008072     0.405444  
   835     0.008040     0.405464  
   836     0.008005     0.405450  
   837     0.007974     0.405420  
   838     0.007944     0.405406  
   839     0.007911     0.405409  
   840     0.007880     0.405395  
   841     0.007845     0.405374  
   842     0.007812     0.405327  
   843     0.007782     0.405315  
   844     0.007750     0.405290  
   845     0.007717     0.405246  
   846     0.007684     0.405248  
   847     0.007652     0.405219  
   848     0.007617     0.405184  
   849     0.007587     0.405150  
   850     0.007556     0.405098  
   851     0.007528     0.405148  
   852     0.007496     0.405151  
   853     0.007468     0.405161  
   854     0.007439     0.405147  
   855     0.007410     0.405123  
   856     0.007381     0.405136  
   857     0.007349     0.405193  
   858     0.007317     0.405145  
   859     0.007286     0.405158  
   860     0.007258     0.405158  
   861     0.007227     0.405198  
   862     0.007200     0.405215  
   863     0.007172     0.405184  
   864     0.007139     0.405183  
   865     0.007109     0.405218  
   866     0.007079     0.405231  
   867     0.007050     0.405234  
   868     0.007018     0.405205  
   869     0.006989     0.405233  
   870     0.006958     0.405217  
   871     0.006927     0.405220  
   872     0.006896     0.405206  
   873     0.006867     0.405193  
   874     0.006843     0.405176  
   875     0.006815     0.405160  
   876     0.006787     0.405175  
   877     0.006760     0.405272  
   878     0.006735     0.405261  
   879     0.006707     0.405251  
   880     0.006681     0.405240  
   881     0.006652     0.405242  
   882     0.006623     0.405196  
   883     0.006595     0.405193  
   884     0.006568     0.405204  
   885     0.006540     0.405175  
   886     0.006510     0.405098  
   887     0.006483     0.405091  
   888     0.006456     0.405084  
   889     0.006427     0.405098  
   890     0.006400     0.405143  
   891     0.006379     0.405162  
   892     0.006352     0.405147  
   893     0.006329     0.405158  
   894     0.006304     0.405147  
   895     0.006277     0.405108  
   896     0.006251     0.405124  
   897     0.006228     0.405086  
   898     0.006205     0.405077  
   899     0.006178     0.404997  
   900     0.006151     0.404997  
   901     0.006124     0.405028  
   902     0.006098     0.405015  
   903     0.006074     0.405007  
   904     0.006052     0.405050  
   905     0.006027     0.405031  
   906     0.006002     0.405066  
   907     0.005974     0.405068  
   908     0.005951     0.405086  
   909     0.005924     0.405059  
   910     0.005901     0.404994  
   911     0.005878     0.404977  
   912     0.005854     0.405000  
   913     0.005829     0.404976  
   914     0.005808     0.404982  
   915     0.005784     0.404976  
   916     0.005759     0.404953  
   917     0.005735     0.404927  
   918     0.005712     0.404914  
   919     0.005691     0.404917  
   920     0.005667     0.404934  
   921     0.005641     0.404947  
   922     0.005618     0.404967  
   923     0.005596     0.404971  
   924     0.005575     0.404967  
   925     0.005550     0.404983  
   926     0.005530     0.404984  
   927     0.005505     0.404995  
   928     0.005483     0.405007  
   929     0.005461     0.405006  
   930     0.005439     0.405017  
   931     0.005419     0.405014  
   932     0.005397     0.404975  
   933     0.005373     0.404961  
   934     0.005351     0.404972  
   935     0.005330     0.404987  
   936     0.005307     0.404939  
   937     0.005284     0.404912  
   938     0.005263     0.404898  
   939     0.005243     0.404906  
   940     0.005219     0.404931  
   941     0.005198     0.404919  
   942     0.005178     0.404900  
   943     0.005155     0.404892  
   944     0.005137     0.404857  
   945     0.005115     0.404879  
   946     0.005095     0.404836  
   947     0.005072     0.404821  
   948     0.005050     0.404891  
   949     0.005030     0.404858  
   950     0.005008     0.404876  
   951     0.004991     0.404868  
   952     0.004972     0.404896  
   953     0.004951     0.404872  
   954     0.004930     0.404862  
   955     0.004910     0.404852  
   956     0.004891     0.404847  
   957     0.004870     0.404856  
   958     0.004851     0.404833  
   959     0.004830     0.404817  
   960     0.004808     0.404783  
   961     0.004789     0.404758  
   962     0.004771     0.404745  
   963     0.004753     0.404723  
   964     0.004736     0.404729  
   965     0.004719     0.404729  
   966     0.004698     0.404750  
   967     0.004681     0.404716  
   968     0.004663     0.404742  
   969     0.004643     0.404735  
   970     0.004626     0.404722  
   971     0.004605     0.404701  
   972     0.004586     0.404713  
   973     0.004567     0.404701  
   974     0.004546     0.404661  
   975     0.004530     0.404708  
   976     0.004513     0.404698  
   977     0.004493     0.404676  
   978     0.004475     0.404711  
   979     0.004456     0.404735  
   980     0.004437     0.404759  
   981     0.004419     0.404747  
   982     0.004402     0.404738  
   983     0.004383     0.404750  
   984     0.004364     0.404786  
   985     0.004346     0.404803  
   986     0.004330     0.404772  
   987     0.004314     0.404738  
   988     0.004295     0.404719  
   989     0.004280     0.404730  
   990     0.004263     0.404718  
   991     0.004246     0.404702  
   992     0.004228     0.404707  
   993     0.004213     0.404728  
   994     0.004194     0.404740  
   995     0.004177     0.404718  
   996     0.004159     0.404707  
   997     0.004141     0.404713  
   998     0.004124     0.404690  
   999     0.004108     0.404678  
  1000     0.004089     0.404668  
  1001     0.004073     0.404686  
  1002     0.004058     0.404718  
  1003     0.004042     0.404686  
  1004     0.004027     0.404671  
  1005     0.004012     0.404673  
  1006     0.003997     0.404675  
  1007     0.003982     0.404631  
  1008     0.003964     0.404632  
  1009     0.003948     0.404602  
  1010     0.003934     0.404575  
  1011     0.003919     0.404537  
  1012     0.003903     0.404518  
  1013     0.003887     0.404527  
  1014     0.003872     0.404545  
  1015     0.003854     0.404517  
  1016     0.003838     0.404529  
  1017     0.003823     0.404504  
  1018     0.003807     0.404519  
  1019     0.003792     0.404559  
  1020     0.003776     0.404527  
  1021     0.003761     0.404530  
  1022     0.003748     0.404515  
  1023     0.003735     0.404528  
  1024     0.003722     0.404531  
  1025     0.003709     0.404560  
  1026     0.003693     0.404579  
  1027     0.003677     0.404552  
  1028     0.003662     0.404538  
  1029     0.003646     0.404517  
  1030     0.003630     0.404528  
  1031     0.003617     0.404510  
  1032     0.003601     0.404477  
  1033     0.003586     0.404495  
  1034     0.003574     0.404487  
  1035     0.003560     0.404504  
  1036     0.003546     0.404509  
  1037     0.003533     0.404526  
  1038     0.003519     0.404520  
  1039     0.003503     0.404509  
  1040     0.003492     0.404516  
  1041     0.003476     0.404515  
  1042     0.003462     0.404496  
  1043     0.003449     0.404499  
  1044     0.003433     0.404493  
  1045     0.003420     0.404502  
  1046     0.003406     0.404501  
  1047     0.003390     0.404474  
  1048     0.003376     0.404485  
  1049     0.003361     0.404503  
  1050     0.003347     0.404516  
  1051     0.003334     0.404520  
  1052     0.003321     0.404491  
  1053     0.003309     0.404498  
  1054     0.003296     0.404475  
  1055     0.003283     0.404432  
  1056     0.003270     0.404450  
  1057     0.003258     0.404494  
  1058     0.003246     0.404516  
  1059     0.003232     0.404520  
  1060     0.003219     0.404506  
  1061     0.003205     0.404493  
  1062     0.003193     0.404504  
  1063     0.003180     0.404518  
  1064     0.003166     0.404513  
  1065     0.003154     0.404501  
  1066     0.003140     0.404506  
  1067     0.003127     0.404488  
  1068     0.003115     0.404480  
  1069     0.003102     0.404487  
  1070     0.003089     0.404458  
  1071     0.003076     0.404451  
  1072     0.003064     0.404430  
  1073     0.003051     0.404419  
  1074     0.003039     0.404416  
  1075     0.003027     0.404438  
  1076     0.003014     0.404402  
  1077     0.003002     0.404404  
  1078     0.002987     0.404387  
  1079     0.002974     0.404362  
  1080     0.002962     0.404370  
  1081     0.002950     0.404341  
  1082     0.002938     0.404356  
  1083     0.002927     0.404388  
  1084     0.002915     0.404399  
  1085     0.002903     0.404393  
  1086     0.002891     0.404383  
  1087     0.002880     0.404366  
  1088     0.002867     0.404348  
  1089     0.002855     0.404338  
  1090     0.002843     0.404357  
  1091     0.002832     0.404350  
  1092     0.002821     0.404353  
  1093     0.002811     0.404319  
  1094     0.002800     0.404342  
  1095     0.002789     0.404339  
  1096     0.002779     0.404355  
  1097     0.002768     0.404330  
  1098     0.002756     0.404330  
  1099     0.002745     0.404339  
  1100     0.002734     0.404340  
  1101     0.002723     0.404342  
  1102     0.002712     0.404356  
  1103     0.002702     0.404331  
  1104     0.002691     0.404345  
  1105     0.002680     0.404346  
  1106     0.002670     0.404338  
  1107     0.002660     0.404345  
  1108     0.002647     0.404340  
  1109     0.002635     0.404356  
  1110     0.002626     0.404365  
  1111     0.002616     0.404362  
  1112     0.002605     0.404359  
  1113     0.002594     0.404339  
  1114     0.002585     0.404303  
  1115     0.002575     0.404294  
  1116     0.002563     0.404285  
  1117     0.002552     0.404260  
  1118     0.002541     0.404253  
  1119     0.002531     0.404238  
  1120     0.002520     0.404225  
  1121     0.002510     0.404230  
  1122     0.002499     0.404208  
  1123     0.002489     0.404187  
  1124     0.002479     0.404165  
  1125     0.002469     0.404163  
  1126     0.002458     0.404157  
  1127     0.002449     0.404164  
  1128     0.002438     0.404159  
  1129     0.002429     0.404185  
  1130     0.002419     0.404167  
  1131     0.002410     0.404141  
  1132     0.002400     0.404143  
  1133     0.002391     0.404142  
  1134     0.002380     0.404139  
  1135     0.002371     0.404125  
  1136     0.002361     0.404117  
  1137     0.002353     0.404145  
  1138     0.002344     0.404123  
  1139     0.002333     0.404141  
  1140     0.002324     0.404128  
  1141     0.002316     0.404130  
  1142     0.002307     0.404114  
  1143     0.002298     0.404120  
  1144     0.002290     0.404115  
  1145     0.002279     0.404129  
  1146     0.002270     0.404132  
  1147     0.002261     0.404134  
  1148     0.002252     0.404099  
  1149     0.002244     0.404066  
  1150     0.002234     0.404064  
  1151     0.002224     0.404072  
  1152     0.002215     0.404053  
  1153     0.002207     0.404065  
  1154     0.002198     0.404068  
  1155     0.002188     0.404062  
  1156     0.002180     0.404057  
  1157     0.002172     0.404021  
  1158     0.002162     0.404025  
  1159     0.002154     0.404023  
  1160     0.002145     0.404010  
  1161     0.002136     0.403984  
  1162     0.002128     0.403992  
  1163     0.002121     0.403997  
  1164     0.002112     0.404013  
  1165     0.002104     0.404019  
  1166     0.002095     0.404019  
  1167     0.002087     0.404017  
  1168     0.002078     0.403992  
  1169     0.002070     0.403995  
  1170     0.002061     0.403969  
  1171     0.002055     0.403969  
  1172     0.002046     0.403968  
  1173     0.002038     0.403968  
  1174     0.002029     0.403963  
  1175     0.002021     0.403951  
  1176     0.002013     0.403955  
  1177     0.002006     0.403936  
  1178     0.001997     0.403922  
  1179     0.001990     0.403913  
  1180     0.001980     0.403911  
  1181     0.001973     0.403915  
  1182     0.001966     0.403928  
  1183     0.001958     0.403920  
  1184     0.001951     0.403939  
  1185     0.001943     0.403938  
  1186     0.001935     0.403939  
  1187     0.001928     0.403941  
  1188     0.001921     0.403940  
  1189     0.001913     0.403924  
  1190     0.001906     0.403940  
  1191     0.001898     0.403927  
  1192     0.001891     0.403936  
  1193     0.001884     0.403931  
  1194     0.001876     0.403923  
  1195     0.001869     0.403902  
  1196     0.001862     0.403908  
  1197     0.001854     0.403927  
  1198     0.001847     0.403943  
  1199     0.001840     0.403926  
  1200     0.001832     0.403942  
  1201     0.001825     0.403941  
  1202     0.001817     0.403931  
  1203     0.001810     0.403922  
  1204     0.001803     0.403919  
  1205     0.001795     0.403937  
  1206     0.001788     0.403931  
  1207     0.001781     0.403906  
  1208     0.001774     0.403909  
  1209     0.001767     0.403889  
  1210     0.001759     0.403899  
  1211     0.001753     0.403905  
  1212     0.001745     0.403875  
  1213     0.001738     0.403854  
  1214     0.001732     0.403850  
  1215     0.001725     0.403842  
  1216     0.001719     0.403852  
  1217     0.001711     0.403830  
  1218     0.001704     0.403817  
  1219     0.001697     0.403815  
  1220     0.001691     0.403826  
  1221     0.001685     0.403808  
  1222     0.001679     0.403803  
  1223     0.001673     0.403807  
  1224     0.001666     0.403813  
  1225     0.001659     0.403809  
  1226     0.001653     0.403799  
  1227     0.001647     0.403798  
  1228     0.001639     0.403780  
  1229     0.001633     0.403781  
  1230     0.001626     0.403786  
  1231     0.001619     0.403750  
  1232     0.001613     0.403735  
  1233     0.001607     0.403718  
  1234     0.001600     0.403705  
  1235     0.001594     0.403682  
  1236     0.001587     0.403658  
  1237     0.001582     0.403649  
  1238     0.001575     0.403638  
  1239     0.001569     0.403650  
  1240     0.001562     0.403639  
  1241     0.001555     0.403653  
  1242     0.001549     0.403666  
  1243     0.001543     0.403658  
  1244     0.001537     0.403651  
  1245     0.001531     0.403660  
  1246     0.001524     0.403660  
  1247     0.001519     0.403634  
  1248     0.001513     0.403631  
  1249     0.001507     0.403621  
  1250     0.001502     0.403625  
  1251     0.001497     0.403611  
  1252     0.001491     0.403615  
  1253     0.001486     0.403612  
  1254     0.001479     0.403587  
  1255     0.001473     0.403596  
  1256     0.001467     0.403578  
  1257     0.001461     0.403571  
  1258     0.001455     0.403567  
  1259     0.001450     0.403567  
  1260     0.001444     0.403565  
  1261     0.001438     0.403570  
  1262     0.001433     0.403551  
  1263     0.001427     0.403548  
  1264     0.001421     0.403547  
  1265     0.001416     0.403543  
  1266     0.001410     0.403551  
  1267     0.001405     0.403546  
  1268     0.001399     0.403534  
  1269     0.001395     0.403538  
  1270     0.001389     0.403549  
  1271     0.001383     0.403548  
  1272     0.001377     0.403550  
  1273     0.001372     0.403534  
  1274     0.001366     0.403545  
  1275     0.001361     0.403549  
  1276     0.001355     0.403562  
  1277     0.001350     0.403559  
  1278     0.001344     0.403567  
  1279     0.001339     0.403572  
  1280     0.001334     0.403583  
  1281     0.001328     0.403596  
  1282     0.001323     0.403589  
  1283     0.001319     0.403600  
  1284     0.001314     0.403591  
  1285     0.001309     0.403572  
  1286     0.001304     0.403552  
  1287     0.001299     0.403549  
  1288     0.001294     0.403536  
  1289     0.001289     0.403536  
  1290     0.001284     0.403507  
  1291     0.001280     0.403496  
  1292     0.001275     0.403505  
  1293     0.001270     0.403489  
  1294     0.001265     0.403480  
  1295     0.001260     0.403482  
  1296     0.001256     0.403477  
  1297     0.001250     0.403452  
  1298     0.001245     0.403426  
  1299     0.001239     0.403432  
  1300     0.001235     0.403437  
  1301     0.001230     0.403441  
  1302     0.001224     0.403445  
  1303     0.001220     0.403454  
  1304     0.001215     0.403460  
  1305     0.001210     0.403449  
  1306     0.001205     0.403452  
  1307     0.001200     0.403444  
  1308     0.001195     0.403436  
  1309     0.001190     0.403431  
  1310     0.001185     0.403438  
  1311     0.001180     0.403425  
  1312     0.001175     0.403434  
  1313     0.001170     0.403403  
  1314     0.001165     0.403400  
  1315     0.001160     0.403381  
  1316     0.001155     0.403355  
  1317     0.001150     0.403356  
  1318     0.001146     0.403366  
  1319     0.001140     0.403368  
  1320     0.001136     0.403354  
  1321     0.001131     0.403347  
  1322     0.001127     0.403337  
  1323     0.001124     0.403329  
  1324     0.001119     0.403321  
  1325     0.001115     0.403320  
  1326     0.001110     0.403318  
  1327     0.001105     0.403310  
  1328     0.001101     0.403306  
  1329     0.001096     0.403300  
  1330     0.001092     0.403300  
  1331     0.001088     0.403316  
  1332     0.001084     0.403326  
  1333     0.001079     0.403322  
  1334     0.001075     0.403332  
  1335     0.001070     0.403345  
  1336     0.001065     0.403342  
  1337     0.001061     0.403338  
  1338     0.001057     0.403347  
  1339     0.001052     0.403347  
  1340     0.001048     0.403354  
  1341     0.001044     0.403352  
  1342     0.001040     0.403346  
  1343     0.001036     0.403333  
  1344     0.001032     0.403338  
  1345     0.001028     0.403348  
  1346     0.001025     0.403350  
  1347     0.001021     0.403342  
  1348     0.001016     0.403307  
  1349     0.001013     0.403314  
  1350     0.001008     0.403326  
  1351     0.001005     0.403329  
  1352     0.001001     0.403325  
  1353     0.000996     0.403327  
  1354     0.000993     0.403318  
  1355     0.000989     0.403320  
  1356     0.000985     0.403324  
  1357     0.000981     0.403330  
  1358     0.000977     0.403312  
  1359     0.000973     0.403314  
  1360     0.000969     0.403290  
  1361     0.000965     0.403286  
  1362     0.000962     0.403295  
  1363     0.000958     0.403298  
  1364     0.000954     0.403313  
  1365     0.000951     0.403316  
  1366     0.000947     0.403323  
  1367     0.000943     0.403311  
  1368     0.000940     0.403300  
  1369     0.000936     0.403306  
  1370     0.000933     0.403307  
  1371     0.000929     0.403309  
  1372     0.000925     0.403305  
  1373     0.000920     0.403295  
  1374     0.000916     0.403285  
  1375     0.000912     0.403284  
  1376     0.000909     0.403265  
  1377     0.000906     0.403265  
  1378     0.000902     0.403253  
  1379     0.000899     0.403255  
  1380     0.000895     0.403253  
  1381     0.000892     0.403246  
  1382     0.000888     0.403232  
  1383     0.000885     0.403230  
  1384     0.000881     0.403218  
  1385     0.000878     0.403206  
  1386     0.000874     0.403199  
  1387     0.000871     0.403197  
  1388     0.000867     0.403196  
  1389     0.000864     0.403199  
  1390     0.000860     0.403188  
  1391     0.000857     0.403181  
  1392     0.000853     0.403182  
  1393     0.000850     0.403180  
  1394     0.000847     0.403175  
  1395     0.000844     0.403187  
  1396     0.000841     0.403190  
  1397     0.000837     0.403191  
  1398     0.000834     0.403180  
  1399     0.000831     0.403172  
  1400     0.000828     0.403167  
  1401     0.000824     0.403158  
  1402     0.000821     0.403147  
  1403     0.000818     0.403165  
  1404     0.000814     0.403164  
  1405     0.000811     0.403170  
  1406     0.000808     0.403182  
  1407     0.000805     0.403176  
  1408     0.000801     0.403183  
  1409     0.000798     0.403177  
  1410     0.000795     0.403183  
  1411     0.000792     0.403184  
  1412     0.000789     0.403169  
  1413     0.000786     0.403180  
  1414     0.000783     0.403164  
  1415     0.000780     0.403152  
  1416     0.000777     0.403150  
  1417     0.000774     0.403150  
  1418     0.000771     0.403148  
  1419     0.000768     0.403155  
  1420     0.000765     0.403162  
  1421     0.000761     0.403157  
  1422     0.000759     0.403161  
  1423     0.000756     0.403142  
  1424     0.000753     0.403139  
  1425     0.000750     0.403133  
  1426     0.000747     0.403133  
  1427     0.000744     0.403108  
  1428     0.000741     0.403100  
  1429     0.000738     0.403096  
  1430     0.000736     0.403101  
  1431     0.000733     0.403107  
  1432     0.000730     0.403113  
  1433     0.000727     0.403119  
  1434     0.000724     0.403091  
  1435     0.000721     0.403091  
  1436     0.000718     0.403102  
  1437     0.000716     0.403112  
  1438     0.000712     0.403087  
  1439     0.000710     0.403104  
  1440     0.000707     0.403102  
  1441     0.000704     0.403100  
  1442     0.000701     0.403113  
  1443     0.000699     0.403095  
  1444     0.000696     0.403100  
  1445     0.000693     0.403110  
  1446     0.000690     0.403107  
  1447     0.000688     0.403106  
  1448     0.000685     0.403106  
  1449     0.000682     0.403112  
  1450     0.000680     0.403111  
  1451     0.000677     0.403115  
  1452     0.000674     0.403124  
  1453     0.000672     0.403143  
  1454     0.000669     0.403144  
  1455     0.000667     0.403135  
  1456     0.000664     0.403135  
  1457     0.000661     0.403117  
  1458     0.000659     0.403105  
  1459     0.000656     0.403108  
  1460     0.000653     0.403109  
  1461     0.000651     0.403108  
  1462     0.000648     0.403106  
  1463     0.000646     0.403117  
  1464     0.000643     0.403112  
  1465     0.000641     0.403113  
  1466     0.000638     0.403112  
  1467     0.000636     0.403112  
  1468     0.000634     0.403111  
  1469     0.000631     0.403105  
  1470     0.000629     0.403102  
  1471     0.000627     0.403102  
  1472     0.000624     0.403097  
  1473     0.000621     0.403110  
  1474     0.000619     0.403105  
  1475     0.000617     0.403102  
  1476     0.000615     0.403090  
  1477     0.000613     0.403094  
  1478     0.000610     0.403090  
  1479     0.000608     0.403099  
  1480     0.000606     0.403101  
  1481     0.000603     0.403119  
  1482     0.000601     0.403133  
  1483     0.000599     0.403144  
  1484     0.000596     0.403134  
  1485     0.000594     0.403134  
  1486     0.000592     0.403134  
  1487     0.000589     0.403134  
  1488     0.000587     0.403139  
  1489     0.000585     0.403133  
  1490     0.000583     0.403135  
  1491     0.000581     0.403143  
  1492     0.000578     0.403138  
  1493     0.000576     0.403117  
  1494     0.000574     0.403119  
  1495     0.000572     0.403120  
  1496     0.000570     0.403119  
  1497     0.000567     0.403122  
  1498     0.000566     0.403113  
  1499     0.000564     0.403099  
  1500     0.000561     0.403101  
  1501     0.000559     0.403093  
  1502     0.000557     0.403087  
  1503     0.000555     0.403093  
  1504     0.000552     0.403106  
  1505     0.000550     0.403111  
  1506     0.000547     0.403107  
  1507     0.000545     0.403112  
  1508     0.000543     0.403108  
  1509     0.000541     0.403102  
  1510     0.000539     0.403098  
  1511     0.000537     0.403103  
  1512     0.000535     0.403107  
  1513     0.000532     0.403098  
  1514     0.000531     0.403095  
  1515     0.000528     0.403102  
  1516     0.000526     0.403103  
  1517     0.000524     0.403091  
  1518     0.000522     0.403082  
  1519     0.000520     0.403087  
  1520     0.000518     0.403076  
  1521     0.000516     0.403075  
  1522     0.000514     0.403084  
  1523     0.000513     0.403085  
  1524     0.000511     0.403072  
  1525     0.000508     0.403070  
  1526     0.000506     0.403065  
  1527     0.000504     0.403057  
  1528     0.000502     0.403052  
  1529     0.000500     0.403057  
  1530     0.000498     0.403043  
  1531     0.000496     0.403050  
  1532     0.000494     0.403049  
  1533     0.000492     0.403057  
  1534     0.000490     0.403049  
  1535     0.000488     0.403057  
  1536     0.000486     0.403056  
  1537     0.000485     0.403054  
  1538     0.000483     0.403067  
  1539     0.000481     0.403082  
  1540     0.000479     0.403082  
  1541     0.000478     0.403085  
  1542     0.000476     0.403072  
  1543     0.000474     0.403090  
  1544     0.000472     0.403073  
  1545     0.000470     0.403071  
  1546     0.000468     0.403080  
  1547     0.000466     0.403080  
  1548     0.000464     0.403064  
  1549     0.000463     0.403046  
  1550     0.000461     0.403051  
  1551     0.000459     0.403049  
  1552     0.000457     0.403050  
  1553     0.000456     0.403037  
  1554     0.000454     0.403025  
  1555     0.000452     0.403018  
  1556     0.000450     0.403008  
  1557     0.000449     0.403007  
  1558     0.000447     0.403005  
  1559     0.000445     0.403012  
  1560     0.000444     0.403025  
  1561     0.000442     0.403022  
  1562     0.000440     0.403014  
  1563     0.000439     0.403020  
  1564     0.000437     0.403021  
  1565     0.000435     0.403021  
  1566     0.000433     0.403016  
  1567     0.000432     0.403020  
  1568     0.000430     0.403021  
  1569     0.000429     0.403017  
  1570     0.000427     0.403008  
  1571     0.000426     0.403002  
  1572     0.000424     0.403001  
  1573     0.000423     0.402999  
  1574     0.000421     0.403001  
  1575     0.000419     0.403003  
  1576     0.000418     0.403001  
  1577     0.000416     0.402993  
  1578     0.000414     0.402985  
  1579     0.000413     0.402979  
  1580     0.000411     0.402973  
  1581     0.000410     0.402972  
  1582     0.000408     0.402953  
  1583     0.000406     0.402952  
  1584     0.000405     0.402947  
  1585     0.000403     0.402952  
  1586     0.000402     0.402958  
  1587     0.000400     0.402954  
  1588     0.000398     0.402956  
  1589     0.000397     0.402958  
  1590     0.000395     0.402950  
  1591     0.000394     0.402946  
  1592     0.000393     0.402935  
  1593     0.000391     0.402925  
  1594     0.000389     0.402922  
  1595     0.000388     0.402909  
  1596     0.000386     0.402899  
  1597     0.000385     0.402903  
  1598     0.000383     0.402900  
  1599     0.000382     0.402895  
  1600     0.000380     0.402888  
  1601     0.000379     0.402893  
  1602     0.000377     0.402890  
  1603     0.000376     0.402896  
  1604     0.000374     0.402898  
  1605     0.000373     0.402886  
  1606     0.000371     0.402881  
  1607     0.000370     0.402874  
  1608     0.000369     0.402872  
  1609     0.000367     0.402865  
  1610     0.000366     0.402870  
  1611     0.000364     0.402869  
  1612     0.000363     0.402867  
  1613     0.000361     0.402863  
  1614     0.000360     0.402862  
  1615     0.000359     0.402857  
  1616     0.000357     0.402855  
  1617     0.000356     0.402858  
  1618     0.000355     0.402845  
  1619     0.000353     0.402857  
  1620     0.000352     0.402837  
  1621     0.000350     0.402831  
  1622     0.000349     0.402833  
  1623     0.000347     0.402821  
  1624     0.000346     0.402813  
  1625     0.000345     0.402808  
  1626     0.000343     0.402817  
  1627     0.000342     0.402817  
  1628     0.000341     0.402814  
  1629     0.000339     0.402808  
  1630     0.000338     0.402804  
  1631     0.000337     0.402808  
  1632     0.000335     0.402810  
  1633     0.000334     0.402813  
  1634     0.000333     0.402815  
  1635     0.000332     0.402809  
  1636     0.000330     0.402816  
  1637     0.000329     0.402811  
  1638     0.000328     0.402815  
  1639     0.000327     0.402814  
  1640     0.000325     0.402822  
  1641     0.000324     0.402811  
  1642     0.000323     0.402810  
  1643     0.000322     0.402818  
  1644     0.000321     0.402804  
  1645     0.000319     0.402801  
  1646     0.000318     0.402800  
  1647     0.000317     0.402786  
  1648     0.000316     0.402787  
  1649     0.000314     0.402794  
  1650     0.000313     0.402787  
  1651     0.000312     0.402783  
  1652     0.000311     0.402792  
  1653     0.000310     0.402793  
  1654     0.000308     0.402792  
  1655     0.000307     0.402790  
  1656     0.000306     0.402788  
  1657     0.000305     0.402790  
  1658     0.000304     0.402780  
  1659     0.000302     0.402792  
  1660     0.000301     0.402786  
  1661     0.000300     0.402791  
  1662     0.000299     0.402791  
  1663     0.000297     0.402790  
  1664     0.000296     0.402790  
  1665     0.000295     0.402795  
  1666     0.000294     0.402795  
  1667     0.000293     0.402799  
  1668     0.000292     0.402801  
  1669     0.000291     0.402796  
  1670     0.000290     0.402782  
  1671     0.000289     0.402781  
  1672     0.000288     0.402778  
  1673     0.000287     0.402785  
  1674     0.000285     0.402779  
  1675     0.000285     0.402772  
  1676     0.000283     0.402768  
  1677     0.000282     0.402769  
  1678     0.000281     0.402772  
  1679     0.000280     0.402773  
  1680     0.000279     0.402770  
  1681     0.000278     0.402768  
  1682     0.000277     0.402763  
  1683     0.000276     0.402762  
  1684     0.000275     0.402759  
  1685     0.000274     0.402756  
  1686     0.000273     0.402758  
  1687     0.000272     0.402755  
  1688     0.000271     0.402760  
  1689     0.000270     0.402757  
  1690     0.000269     0.402748  
  1691     0.000268     0.402759  
  1692     0.000267     0.402764  
  1693     0.000266     0.402759  
  1694     0.000264     0.402766  
  1695     0.000264     0.402759  
  1696     0.000263     0.402760  
  1697     0.000262     0.402754  
  1698     0.000261     0.402757  
  1699     0.000260     0.402763  
  1700     0.000259     0.402759  
  1701     0.000258     0.402751  
  1702     0.000257     0.402750  
  1703     0.000256     0.402748  
  1704     0.000255     0.402741  
  1705     0.000254     0.402745  
  1706     0.000253     0.402742  
  1707     0.000252     0.402733  
  1708     0.000251     0.402722  
  1709     0.000250     0.402717  
  1710     0.000249     0.402715  
  1711     0.000248     0.402720  
  1712     0.000247     0.402730  
  1713     0.000246     0.402725  
  1714     0.000245     0.402725  
  1715     0.000244     0.402729  
  1716     0.000243     0.402720  
  1717     0.000242     0.402719  
  1718     0.000242     0.402719  
  1719     0.000241     0.402722  
  1720     0.000240     0.402729  
  1721     0.000239     0.402719  
  1722     0.000238     0.402708  
  1723     0.000237     0.402706  
  1724     0.000236     0.402704  
  1725     0.000235     0.402696  
  1726     0.000234     0.402697  
  1727     0.000233     0.402698  
  1728     0.000232     0.402694  
  1729     0.000231     0.402698  
  1730     0.000231     0.402704  
  1731     0.000230     0.402697  
  1732     0.000229     0.402693  
  1733     0.000228     0.402689  
  1734     0.000227     0.402677  
  1735     0.000226     0.402677  
  1736     0.000225     0.402670  
  1737     0.000224     0.402665  
  1738     0.000223     0.402664  
  1739     0.000222     0.402668  
  1740     0.000222     0.402667  
  1741     0.000221     0.402667  
  1742     0.000220     0.402667  
  1743     0.000219     0.402667  
  1744     0.000218     0.402660  
  1745     0.000217     0.402658  
  1746     0.000217     0.402664  
  1747     0.000216     0.402661  
  1748     0.000215     0.402660  
  1749     0.000214     0.402656  
  1750     0.000213     0.402647  
  1751     0.000212     0.402659  
  1752     0.000211     0.402654  
  1753     0.000211     0.402654  
  1754     0.000210     0.402652  
  1755     0.000209     0.402660  
  1756     0.000208     0.402662  
  1757     0.000207     0.402667  
  1758     0.000207     0.402667  
  1759     0.000206     0.402654  
  1760     0.000205     0.402653  
  1761     0.000204     0.402642  
  1762     0.000203     0.402644  
  1763     0.000203     0.402651  
  1764     0.000202     0.402648  
  1765     0.000201     0.402641  
  1766     0.000200     0.402639  
  1767     0.000199     0.402642  
  1768     0.000199     0.402640  
  1769     0.000198     0.402642  
  1770     0.000197     0.402641  
  1771     0.000196     0.402638  
  1772     0.000196     0.402633  
  1773     0.000195     0.402639  
  1774     0.000194     0.402641  
  1775     0.000194     0.402639  
  1776     0.000193     0.402634  
  1777     0.000192     0.402642  
  1778     0.000191     0.402637  
  1779     0.000191     0.402639  
  1780     0.000190     0.402635  
  1781     0.000189     0.402636  
  1782     0.000188     0.402634  
  1783     0.000188     0.402631  
  1784     0.000187     0.402627  
  1785     0.000186     0.402627  
  1786     0.000186     0.402626  
  1787     0.000185     0.402611  
  1788     0.000184     0.402611  
  1789     0.000183     0.402611  
  1790     0.000183     0.402601  
  1791     0.000182     0.402589  
  1792     0.000181     0.402586  
  1793     0.000181     0.402583  
  1794     0.000180     0.402587  
  1795     0.000179     0.402596  
  1796     0.000179     0.402601  
  1797     0.000178     0.402605  
  1798     0.000177     0.402604  
  1799     0.000177     0.402610  
  1800     0.000176     0.402597  
  1801     0.000175     0.402593  
  1802     0.000175     0.402587  
  1803     0.000174     0.402592  
  1804     0.000173     0.402579  
  1805     0.000173     0.402576  
  1806     0.000172     0.402580  
  1807     0.000171     0.402579  
  1808     0.000171     0.402575  
  1809     0.000170     0.402577  
  1810     0.000170     0.402576  
  1811     0.000169     0.402576  
  1812     0.000168     0.402576  
  1813     0.000168     0.402578  
  1814     0.000167     0.402577  
  1815     0.000166     0.402577  
  1816     0.000166     0.402574  
  1817     0.000165     0.402570  
  1818     0.000164     0.402565  
  1819     0.000164     0.402561  
  1820     0.000163     0.402557  
  1821     0.000162     0.402557  
  1822     0.000162     0.402554  
  1823     0.000161     0.402558  
  1824     0.000161     0.402555  
  1825     0.000160     0.402555  
  1826     0.000159     0.402558  
  1827     0.000159     0.402561  
  1828     0.000158     0.402569  
  1829     0.000158     0.402575  
  1830     0.000157     0.402575  
  1831     0.000156     0.402577  
  1832     0.000156     0.402581  
  1833     0.000155     0.402587  
  1834     0.000155     0.402584  
  1835     0.000154     0.402587  
  1836     0.000153     0.402583  
  1837     0.000153     0.402580  
  1838     0.000152     0.402588  
  1839     0.000152     0.402586  
  1840     0.000151     0.402592  
  1841     0.000150     0.402584  
  1842     0.000150     0.402590  
  1843     0.000149     0.402582  
  1844     0.000149     0.402582  
  1845     0.000148     0.402576  
  1846     0.000148     0.402571  
  1847     0.000147     0.402568  
  1848     0.000146     0.402567  
  1849     0.000146     0.402565  
  1850     0.000145     0.402568  
  1851     0.000145     0.402568  
  1852     0.000144     0.402567  
  1853     0.000144     0.402568  
  1854     0.000143     0.402573  
  1855     0.000143     0.402575  
  1856     0.000142     0.402580  
  1857     0.000142     0.402583  
  1858     0.000141     0.402580  
  1859     0.000141     0.402577  
  1860     0.000140     0.402574  
  1861     0.000140     0.402575  
  1862     0.000139     0.402577  
  1863     0.000139     0.402582  
  1864     0.000138     0.402580  
  1865     0.000138     0.402580  
  1866     0.000137     0.402580  
  1867     0.000136     0.402585  
  1868     0.000136     0.402581  
  1869     0.000135     0.402587  
  1870     0.000135     0.402592  
  1871     0.000134     0.402593  
  1872     0.000134     0.402589  
  1873     0.000133     0.402592  
  1874     0.000133     0.402588  
  1875     0.000132     0.402584  
  1876     0.000132     0.402590  
  1877     0.000131     0.402594  
  1878     0.000131     0.402592  
  1879     0.000130     0.402593  
  1880     0.000130     0.402590  
  1881     0.000129     0.402594  
  1882     0.000129     0.402593  
  1883     0.000128     0.402593  
  1884     0.000128     0.402589  
  1885     0.000127     0.402583  
  1886     0.000127     0.402583  
  1887     0.000126     0.402591  
  1888     0.000126     0.402587  
  1889     0.000125     0.402579  
  1890     0.000125     0.402574  
  1891     0.000125     0.402573  
  1892     0.000124     0.402568  
  1893     0.000124     0.402571  
  1894     0.000123     0.402573  
  1895     0.000123     0.402570  
  1896     0.000122     0.402570  
  1897     0.000122     0.402566  
  1898     0.000121     0.402564  
  1899     0.000121     0.402558  
  1900     0.000120     0.402561  
  1901     0.000120     0.402552  
  1902     0.000119     0.402547  
  1903     0.000119     0.402549  
  1904     0.000118     0.402548  
  1905     0.000118     0.402542  
  1906     0.000118     0.402544  
  1907     0.000117     0.402547  
  1908     0.000117     0.402552  
  1909     0.000116     0.402551  
  1910     0.000116     0.402551  
  1911     0.000115     0.402549  
  1912     0.000115     0.402546  
  1913     0.000114     0.402552  
  1914     0.000114     0.402553  
  1915     0.000114     0.402554  
  1916     0.000113     0.402549  
  1917     0.000113     0.402551  
  1918     0.000112     0.402553  
  1919     0.000112     0.402553  
  1920     0.000111     0.402552  
  1921     0.000111     0.402556  
  1922     0.000111     0.402555  
  1923     0.000110     0.402557  
  1924     0.000110     0.402554  
  1925     0.000109     0.402549  
  1926     0.000109     0.402549  
  1927     0.000109     0.402550  
  1928     0.000108     0.402550  
  1929     0.000108     0.402543  
  1930     0.000107     0.402540  
  1931     0.000107     0.402541  
  1932     0.000106     0.402539  
  1933     0.000106     0.402538  
  1934     0.000106     0.402537  
  1935     0.000105     0.402535  
  1936     0.000105     0.402531  
  1937     0.000104     0.402536  
  1938     0.000104     0.402535  
  1939     0.000104     0.402529  
  1940     0.000103     0.402538  
  1941     0.000103     0.402538  
  1942     0.000102     0.402541  
  1943     0.000102     0.402540  
  1944     0.000102     0.402541  
  1945     0.000101     0.402534  
  1946     0.000101     0.402538  
  1947     0.000101     0.402535  
  1948     0.000100     0.402534  
  1949     0.000100     0.402538  
  1950     0.000099     0.402540  
  1951     0.000099     0.402534  
  1952     0.000099     0.402533  
  1953     0.000098     0.402535  
  1954     0.000098     0.402534  
  1955     0.000098     0.402535  
  1956     0.000097     0.402537  
  1957     0.000097     0.402539  
  1958     0.000097     0.402538  
  1959     0.000096     0.402536  
  1960     0.000096     0.402532  
  1961     0.000095     0.402526  
  1962     0.000095     0.402527  
  1963     0.000095     0.402527  
  1964     0.000094     0.402523  
  1965     0.000094     0.402525  
  1966     0.000094     0.402525  
  1967     0.000093     0.402524  
  1968     0.000093     0.402525  
  1969     0.000093     0.402524  
  1970     0.000092     0.402524  
  1971     0.000092     0.402530  
  1972     0.000092     0.402531  
  1973     0.000091     0.402527  
  1974     0.000091     0.402523  
  1975     0.000091     0.402521  
  1976     0.000090     0.402524  
  1977     0.000090     0.402522  
  1978     0.000090     0.402519  
  1979     0.000089     0.402522  
  1980     0.000089     0.402522  
  1981     0.000089     0.402522  
  1982     0.000088     0.402521  
  1983     0.000088     0.402520  
  1984     0.000088     0.402515  
  1985     0.000087     0.402514  
  1986     0.000087     0.402512  
  1987     0.000087     0.402508  
  1988     0.000086     0.402511  
  1989     0.000086     0.402510  
  1990     0.000086     0.402508  
  1991     0.000085     0.402506  
  1992     0.000085     0.402505  
  1993     0.000085     0.402507  
  1994     0.000084     0.402506  
  1995     0.000084     0.402508  
  1996     0.000084     0.402508  
  1997     0.000083     0.402508  
  1998     0.000083     0.402511  
  1999     0.000083     0.402507  
  2000     0.000083     0.402508  
  2001     0.000082     0.402506  
  2002     0.000082     0.402504  
  2003     0.000082     0.402503  
  2004     0.000081     0.402502  
  2005     0.000081     0.402500  
  2006     0.000081     0.402501  
  2007     0.000080     0.402505  
  2008     0.000080     0.402507  
  2009     0.000080     0.402501  
  2010     0.000079     0.402502  
  2011     0.000079     0.402501  
  2012     0.000079     0.402500  
  2013     0.000079     0.402503  
  2014     0.000078     0.402506  
  2015     0.000078     0.402504  
  2016     0.000078     0.402507  
  2017     0.000077     0.402509  
  2018     0.000077     0.402511  
  2019     0.000077     0.402511  
  2020     0.000076     0.402512  
  2021     0.000076     0.402514  
  2022     0.000076     0.402514  
  2023     0.000076     0.402513  
  2024     0.000075     0.402514  
  2025     0.000075     0.402514  
  2026     0.000075     0.402512  
  2027     0.000074     0.402511  
  2028     0.000074     0.402511  
  2029     0.000074     0.402511  
  2030     0.000074     0.402519  
  2031     0.000073     0.402519  
  2032     0.000073     0.402517  
  2033     0.000073     0.402522  
  2034     0.000073     0.402517  
  2035     0.000072     0.402512  
  2036     0.000072     0.402510  
  2037     0.000072     0.402507  
  2038     0.000072     0.402505  
  2039     0.000071     0.402502  
  2040     0.000071     0.402504  
  2041     0.000071     0.402504  
  2042     0.000070     0.402504  
  2043     0.000070     0.402508  
  2044     0.000070     0.402507  
  2045     0.000070     0.402509  
  2046     0.000069     0.402505  
  2047     0.000069     0.402502  
  2048     0.000069     0.402505  
  2049     0.000069     0.402503  
  2050     0.000068     0.402499  
  2051     0.000068     0.402499  
  2052     0.000068     0.402494  
  2053     0.000068     0.402490  
  2054     0.000067     0.402493  
  2055     0.000067     0.402489  
  2056     0.000067     0.402488  
  2057     0.000066     0.402485  
  2058     0.000066     0.402485  
  2059     0.000066     0.402483  
  2060     0.000066     0.402481  
  2061     0.000065     0.402479  
  2062     0.000065     0.402481  
  2063     0.000065     0.402479  
  2064     0.000065     0.402479  
  2065     0.000064     0.402481  
  2066     0.000064     0.402479  
  2067     0.000064     0.402477  
  2068     0.000064     0.402477  
  2069     0.000064     0.402475  
  2070     0.000063     0.402474  
  2071     0.000063     0.402476  
  2072     0.000063     0.402474  
  2073     0.000063     0.402475  
  2074     0.000062     0.402473  
  2075     0.000062     0.402477  
  2076     0.000062     0.402478  
  2077     0.000062     0.402480  
  2078     0.000061     0.402477  
  2079     0.000061     0.402478  
  2080     0.000061     0.402478  
  2081     0.000061     0.402478  
  2082     0.000061     0.402476  
  2083     0.000060     0.402473  
  2084     0.000060     0.402473  
  2085     0.000060     0.402469  
  2086     0.000060     0.402469  
  2087     0.000059     0.402467  
  2088     0.000059     0.402464  
  2089     0.000059     0.402466  
  2090     0.000059     0.402467  
  2091     0.000059     0.402469  
  2092     0.000058     0.402470  
  2093     0.000058     0.402466  
  2094     0.000058     0.402463  
  2095     0.000058     0.402464  
  2096     0.000057     0.402462  
  2097     0.000057     0.402458  
  2098     0.000057     0.402458  
  2099     0.000057     0.402460  
  2100     0.000057     0.402459  
  2101     0.000056     0.402455  
  2102     0.000056     0.402460  
  2103     0.000056     0.402461  
  2104     0.000056     0.402462  
  2105     0.000056     0.402463  
  2106     0.000055     0.402463  
  2107     0.000055     0.402463  
  2108     0.000055     0.402464  
  2109     0.000055     0.402465  
  2110     0.000055     0.402464  
  2111     0.000054     0.402462  
  2112     0.000054     0.402467  
  2113     0.000054     0.402467  
  2114     0.000054     0.402467  
  2115     0.000054     0.402465  
  2116     0.000053     0.402466  
  2117     0.000053     0.402464  
  2118     0.000053     0.402467  
  2119     0.000053     0.402466  
  2120     0.000053     0.402464  
  2121     0.000052     0.402460  
  2122     0.000052     0.402460  
  2123     0.000052     0.402458  
  2124     0.000052     0.402459  
  2125     0.000051     0.402459  
  2126     0.000051     0.402457  
  2127     0.000051     0.402453  
  2128     0.000051     0.402455  
  2129     0.000051     0.402453  
  2130     0.000051     0.402453  
  2131     0.000050     0.402456  
  2132     0.000050     0.402458  
  2133     0.000050     0.402458  
  2134     0.000050     0.402456  
  2135     0.000050     0.402454  
  2136     0.000049     0.402453  
  2137     0.000049     0.402453  
  2138     0.000049     0.402452  
  2139     0.000049     0.402455  
  2140     0.000049     0.402457  
  2141     0.000049     0.402455  
  2142     0.000048     0.402459  
  2143     0.000048     0.402460  
  2144     0.000048     0.402459  
  2145     0.000048     0.402458  
  2146     0.000048     0.402458  
  2147     0.000048     0.402458  
  2148     0.000047     0.402460  
  2149     0.000047     0.402457  
  2150     0.000047     0.402460  
  2151     0.000047     0.402459  
  2152     0.000047     0.402458  
  2153     0.000046     0.402456  
  2154     0.000046     0.402459  
  2155     0.000046     0.402457  
  2156     0.000046     0.402456  
  2157     0.000046     0.402452  
  2158     0.000046     0.402456  
  2159     0.000045     0.402455  
  2160     0.000045     0.402457  
  2161     0.000045     0.402458  
  2162     0.000045     0.402460  
  2163     0.000045     0.402461  
  2164     0.000045     0.402457  
  2165     0.000044     0.402458  
  2166     0.000044     0.402454  
  2167     0.000044     0.402453  
  2168     0.000044     0.402453  
  2169     0.000044     0.402454  
  2170     0.000044     0.402453  
  2171     0.000043     0.402455  
  2172     0.000043     0.402456  
  2173     0.000043     0.402458  
  2174     0.000043     0.402457  
  2175     0.000043     0.402456  
  2176     0.000043     0.402455  
  2177     0.000042     0.402458  
  2178     0.000042     0.402458  
  2179     0.000042     0.402458  
  2180     0.000042     0.402455  
  2181     0.000042     0.402455  
  2182     0.000042     0.402453  
  2183     0.000041     0.402448  
  2184     0.000041     0.402448  
  2185     0.000041     0.402446  
  2186     0.000041     0.402447  
  2187     0.000041     0.402449  
  2188     0.000041     0.402451  
  2189     0.000041     0.402449  
  2190     0.000040     0.402448  
  2191     0.000040     0.402446  
  2192     0.000040     0.402446  
  2193     0.000040     0.402446  
  2194     0.000040     0.402444  
  2195     0.000040     0.402444  
  2196     0.000040     0.402444  
  2197     0.000039     0.402446  
  2198     0.000039     0.402448  
  2199     0.000039     0.402447  
  2200     0.000039     0.402446  
  2201     0.000039     0.402444  
  2202     0.000039     0.402441  
  2203     0.000039     0.402440  
  2204     0.000038     0.402439  
  2205     0.000038     0.402439  
  2206     0.000038     0.402437  
  2207     0.000038     0.402439  
  2208     0.000038     0.402438  
  2209     0.000038     0.402435  
  2210     0.000038     0.402434  
  2211     0.000037     0.402430  
  2212     0.000037     0.402435  
  2213     0.000037     0.402438  
  2214     0.000037     0.402437  
  2215     0.000037     0.402432  
  2216     0.000037     0.402429  
  2217     0.000037     0.402430  
  2218     0.000036     0.402431  
  2219     0.000036     0.402430  
  2220     0.000036     0.402429  
  2221     0.000036     0.402429  
  2222     0.000036     0.402432  
  2223     0.000036     0.402432  
  2224     0.000036     0.402432  
  2225     0.000036     0.402430  
  2226     0.000035     0.402432  
  2227     0.000035     0.402435  
  2228     0.000035     0.402436  
  2229     0.000035     0.402437  
  2230     0.000035     0.402435  
  2231     0.000035     0.402434  
  2232     0.000035     0.402436  
  2233     0.000034     0.402434  
  2234     0.000034     0.402434  
  2235     0.000034     0.402435  
  2236     0.000034     0.402435  
  2237     0.000034     0.402432  
  2238     0.000034     0.402433  
  2239     0.000034     0.402431  
  2240     0.000034     0.402429  
  2241     0.000033     0.402428  
  2242     0.000033     0.402432  
  2243     0.000033     0.402431  
  2244     0.000033     0.402430  
  2245     0.000033     0.402428  
  2246     0.000033     0.402428  
  2247     0.000033     0.402433  
  2248     0.000033     0.402436  
  2249     0.000032     0.402437  
  2250     0.000032     0.402435  
  2251     0.000032     0.402432  
  2252     0.000032     0.402432  
  2253     0.000032     0.402432  
  2254     0.000032     0.402433  
  2255     0.000032     0.402431  
  2256     0.000032     0.402430  
  2257     0.000031     0.402430  
  2258     0.000031     0.402433  
  2259     0.000031     0.402433  
  2260     0.000031     0.402434  
  2261     0.000031     0.402432  
  2262     0.000031     0.402429  
  2263     0.000031     0.402429  
  2264     0.000031     0.402429  
  2265     0.000031     0.402429  
  2266     0.000030     0.402425  
  2267     0.000030     0.402424  
  2268     0.000030     0.402422  
  2269     0.000030     0.402421  
  2270     0.000030     0.402420  
  2271     0.000030     0.402421  
  2272     0.000030     0.402420  
  2273     0.000030     0.402420  
  2274     0.000030     0.402418  
  2275     0.000029     0.402419  
  2276     0.000029     0.402418  
  2277     0.000029     0.402415  
  2278     0.000029     0.402417  
  2279     0.000029     0.402416  
  2280     0.000029     0.402413  
  2281     0.000029     0.402412  
  2282     0.000029     0.402410  
  2283     0.000029     0.402411  
  2284     0.000028     0.402409  
  2285     0.000028     0.402412  
  2286     0.000028     0.402413  
  2287     0.000028     0.402414  
  2288     0.000028     0.402415  
  2289     0.000028     0.402412  
  2290     0.000028     0.402412  
  2291     0.000028     0.402411  
  2292     0.000028     0.402409  
  2293     0.000028     0.402409  
  2294     0.000027     0.402407  
  2295     0.000027     0.402407  
  2296     0.000027     0.402405  
  2297     0.000027     0.402405  
  2298     0.000027     0.402404  
  2299     0.000027     0.402403  
  2300     0.000027     0.402404  
  2301     0.000027     0.402403  
  2302     0.000027     0.402403  
  2303     0.000027     0.402402  
  2304     0.000026     0.402402  
  2305     0.000026     0.402401  
  2306     0.000026     0.402400  
  2307     0.000026     0.402400  
  2308     0.000026     0.402400  
  2309     0.000026     0.402399  
  2310     0.000026     0.402399  
  2311     0.000026     0.402397  
  2312     0.000026     0.402395  
  2313     0.000026     0.402394  
  2314     0.000025     0.402393  
  2315     0.000025     0.402394  
  2316     0.000025     0.402396  
  2317     0.000025     0.402394  
  2318     0.000025     0.402393  
  2319     0.000025     0.402393  
  2320     0.000025     0.402394  
  2321     0.000025     0.402394  
  2322     0.000025     0.402395  
  2323     0.000025     0.402393  
  2324     0.000025     0.402393  
  2325     0.000024     0.402393  
  2326     0.000024     0.402394  
  2327     0.000024     0.402394  
  2328     0.000024     0.402394  
  2329     0.000024     0.402393  
  2330     0.000024     0.402392  
  2331     0.000024     0.402392  
  2332     0.000024     0.402391  
  2333     0.000024     0.402388  
  2334     0.000024     0.402385  
  2335     0.000023     0.402387  
  2336     0.000023     0.402385  
  2337     0.000023     0.402384  
  2338     0.000023     0.402384  
  2339     0.000023     0.402383  
  2340     0.000023     0.402383  
  2341     0.000023     0.402385  
  2342     0.000023     0.402384  
  2343     0.000023     0.402385  
  2344     0.000023     0.402384  
  2345     0.000023     0.402385  
  2346     0.000023     0.402386  
  2347     0.000022     0.402385  
  2348     0.000022     0.402385  
  2349     0.000022     0.402385  
  2350     0.000022     0.402383  
  2351     0.000022     0.402383  
  2352     0.000022     0.402384  
  2353     0.000022     0.402385  
  2354     0.000022     0.402384  
  2355     0.000022     0.402384  
  2356     0.000022     0.402385  
  2357     0.000022     0.402384  
  2358     0.000022     0.402383  
  2359     0.000022     0.402382  
  2360     0.000021     0.402381  
  2361     0.000021     0.402381  
  2362     0.000021     0.402379  
  2363     0.000021     0.402379  
  2364     0.000021     0.402380  
  2365     0.000021     0.402377  
  2366     0.000021     0.402378  
  2367     0.000021     0.402375  
  2368     0.000021     0.402376  
  2369     0.000021     0.402375  
  2370     0.000021     0.402374  
  2371     0.000021     0.402376  
  2372     0.000021     0.402375  
  2373     0.000020     0.402374  
  2374     0.000020     0.402374  
  2375     0.000020     0.402375  
  2376     0.000020     0.402373  
  2377     0.000020     0.402375  
  2378     0.000020     0.402377  
  2379     0.000020     0.402378  
  2380     0.000020     0.402378  
  2381     0.000020     0.402378  
  2382     0.000020     0.402378  
  2383     0.000020     0.402379  
  2384     0.000020     0.402381  
  2385     0.000020     0.402383  
  2386     0.000019     0.402382  
  2387     0.000019     0.402382  
  2388     0.000019     0.402382  
  2389     0.000019     0.402381  
  2390     0.000019     0.402382  
  2391     0.000019     0.402380  
  2392     0.000019     0.402381  
  2393     0.000019     0.402378  
  2394     0.000019     0.402375  
  2395     0.000019     0.402373  
  2396     0.000019     0.402372  
  2397     0.000019     0.402371  
  2398     0.000019     0.402371  
  2399     0.000019     0.402373  
  2400     0.000019     0.402373  
  2401     0.000018     0.402374  
  2402     0.000018     0.402373  
  2403     0.000018     0.402373  
  2404     0.000018     0.402376  
  2405     0.000018     0.402375  
  2406     0.000018     0.402375  
  2407     0.000018     0.402374  
  2408     0.000018     0.402371  
  2409     0.000018     0.402369  
  2410     0.000018     0.402368  
  2411     0.000018     0.402367  
  2412     0.000018     0.402367  
  2413     0.000018     0.402368  
  2414     0.000018     0.402368  
  2415     0.000018     0.402366  
  2416     0.000017     0.402365  
  2417     0.000017     0.402365  
  2418     0.000017     0.402364  
  2419     0.000017     0.402363  
  2420     0.000017     0.402364  
  2421     0.000017     0.402363  
  2422     0.000017     0.402362  
  2423     0.000017     0.402362  
  2424     0.000017     0.402360  
  2425     0.000017     0.402360  
  2426     0.000017     0.402359  
  2427     0.000017     0.402359  
  2428     0.000017     0.402360  
  2429     0.000017     0.402361  
  2430     0.000017     0.402360  
  2431     0.000017     0.402360  
  2432     0.000016     0.402360  
  2433     0.000016     0.402358  
  2434     0.000016     0.402357  
  2435     0.000016     0.402356  
  2436     0.000016     0.402356  
  2437     0.000016     0.402356  
  2438     0.000016     0.402358  
  2439     0.000016     0.402357  
  2440     0.000016     0.402358  
  2441     0.000016     0.402359  
  2442     0.000016     0.402358  
  2443     0.000016     0.402358  
  2444     0.000016     0.402359  
  2445     0.000016     0.402359  
  2446     0.000016     0.402361  
  2447     0.000016     0.402361  
  2448     0.000016     0.402361  
  2449     0.000015     0.402360  
  2450     0.000015     0.402360  
  2451     0.000015     0.402361  
  2452     0.000015     0.402362  
  2453     0.000015     0.402361  
  2454     0.000015     0.402360  
  2455     0.000015     0.402361  
  2456     0.000015     0.402362  
  2457     0.000015     0.402363  
  2458     0.000015     0.402363  
  2459     0.000015     0.402366  
  2460     0.000015     0.402365  
  2461     0.000015     0.402366  
  2462     0.000015     0.402365  
  2463     0.000015     0.402366  
  2464     0.000015     0.402364  
  2465     0.000015     0.402365  
  2466     0.000015     0.402364  
  2467     0.000014     0.402365  
  2468     0.000014     0.402365  
  2469     0.000014     0.402366  
  2470     0.000014     0.402367  
  2471     0.000014     0.402367  
  2472     0.000014     0.402368  
  2473     0.000014     0.402369  
  2474     0.000014     0.402370  
  2475     0.000014     0.402368  
  2476     0.000014     0.402367  
  2477     0.000014     0.402367  
  2478     0.000014     0.402367  
  2479     0.000014     0.402369  
  2480     0.000014     0.402370  
  2481     0.000014     0.402368  
  2482     0.000014     0.402367  
  2483     0.000014     0.402367  
  2484     0.000014     0.402365  
  2485     0.000014     0.402364  
  2486     0.000014     0.402362  
  2487     0.000013     0.402361  
  2488     0.000013     0.402362  
  2489     0.000013     0.402361  
  2490     0.000013     0.402361  
  2491     0.000013     0.402359  
  2492     0.000013     0.402359  
  2493     0.000013     0.402359  
  2494     0.000013     0.402358  
  2495     0.000013     0.402359  
  2496     0.000013     0.402359  
  2497     0.000013     0.402358  
  2498     0.000013     0.402357  
  2499     0.000013     0.402358  
  2500     0.000013     0.402358  
  2501     0.000013     0.402357  
  2502     0.000013     0.402358  
  2503     0.000013     0.402356  
  2504     0.000013     0.402355  
  2505     0.000013     0.402357  
  2506     0.000013     0.402357  
  2507     0.000012     0.402355  
  2508     0.000012     0.402355  
  2509     0.000012     0.402356  
  2510     0.000012     0.402357  
  2511     0.000012     0.402359  
  2512     0.000012     0.402357  
  2513     0.000012     0.402357  
  2514     0.000012     0.402357  
  2515     0.000012     0.402356  
  2516     0.000012     0.402356  
  2517     0.000012     0.402356  
  2518     0.000012     0.402356  
  2519     0.000012     0.402357  
  2520     0.000012     0.402356  
  2521     0.000012     0.402356  
  2522     0.000012     0.402356  
  2523     0.000012     0.402356  
  2524     0.000012     0.402358  
  2525     0.000012     0.402359  
  2526     0.000012     0.402358  
  2527     0.000012     0.402358  
  2528     0.000012     0.402357  
  2529     0.000011     0.402357  
  2530     0.000011     0.402357  
  2531     0.000011     0.402359  
  2532     0.000011     0.402360  
  2533     0.000011     0.402357  
  2534     0.000011     0.402356  
  2535     0.000011     0.402356  
  2536     0.000011     0.402355  
  2537     0.000011     0.402356  
  2538     0.000011     0.402354  
  2539     0.000011     0.402353  
  2540     0.000011     0.402352  
  2541     0.000011     0.402352  
  2542     0.000011     0.402353  
  2543     0.000011     0.402352  
  2544     0.000011     0.402354  
  2545     0.000011     0.402354  
  2546     0.000011     0.402353  
  2547     0.000011     0.402355  
  2548     0.000011     0.402355  
  2549     0.000011     0.402355  
  2550     0.000011     0.402355  
  2551     0.000011     0.402355  
  2552     0.000011     0.402356  
  2553     0.000011     0.402357  
  2554     0.000011     0.402355  
  2555     0.000010     0.402354  
  2556     0.000010     0.402354  
  2557     0.000010     0.402355  
  2558     0.000010     0.402354  
  2559     0.000010     0.402353  
  2560     0.000010     0.402352  
  2561     0.000010     0.402353  
  2562     0.000010     0.402354  
  2563     0.000010     0.402354  
  2564     0.000010     0.402354  
  2565     0.000010     0.402355  
  2566     0.000010     0.402357  
  2567     0.000010     0.402359  
  2568     0.000010     0.402359  
  2569     0.000010     0.402358  
  2570     0.000010     0.402359  
  2571     0.000010     0.402358  
  2572     0.000010     0.402359  
  2573     0.000010     0.402357  
  2574     0.000010     0.402358  
  2575     0.000010     0.402359  
  2576     0.000010     0.402360  
  2577     0.000010     0.402361  
  2578     0.000010     0.402363  
  2579     0.000010     0.402360  
  2580     0.000010     0.402360  
  2581     0.000010     0.402361  
  2582     0.000009     0.402361  
  2583     0.000009     0.402361  
  2584     0.000009     0.402361  
  2585     0.000009     0.402361  
  2586     0.000009     0.402359  
  2587     0.000009     0.402359  
  2588     0.000009     0.402357  
  2589     0.000009     0.402355  
  2590     0.000009     0.402354  
  2591     0.000009     0.402354  
  2592     0.000009     0.402354  
  2593     0.000009     0.402353  
  2594     0.000009     0.402352  
  2595     0.000009     0.402351  
  2596     0.000009     0.402350  
  2597     0.000009     0.402350  
  2598     0.000009     0.402349  
  2599     0.000009     0.402348  
  2600     0.000009     0.402348  
  2601     0.000009     0.402347  
  2602     0.000009     0.402347  
  2603     0.000009     0.402346  
  2604     0.000009     0.402345  
  2605     0.000009     0.402344  
  2606     0.000009     0.402345  
  2607     0.000009     0.402343  
  2608     0.000009     0.402344  
  2609     0.000009     0.402343  
  2610     0.000009     0.402342  
  2611     0.000009     0.402342  
  2612     0.000009     0.402342  
  2613     0.000008     0.402343  
  2614     0.000008     0.402344  
  2615     0.000008     0.402344  
  2616     0.000008     0.402344  
  2617     0.000008     0.402344  
  2618     0.000008     0.402342  
  2619     0.000008     0.402343  
  2620     0.000008     0.402342  
  2621     0.000008     0.402342  
  2622     0.000008     0.402342  
  2623     0.000008     0.402342  
  2624     0.000008     0.402343  
  2625     0.000008     0.402343  
  2626     0.000008     0.402342  
  2627     0.000008     0.402342  
  2628     0.000008     0.402341  
  2629     0.000008     0.402340  
  2630     0.000008     0.402341  
  2631     0.000008     0.402342  
  2632     0.000008     0.402342  
  2633     0.000008     0.402343  
  2634     0.000008     0.402343  
  2635     0.000008     0.402344  
  2636     0.000008     0.402343  
  2637     0.000008     0.402343  
  2638     0.000008     0.402342  
  2639     0.000008     0.402342  
  2640     0.000008     0.402340  
  2641     0.000008     0.402341  
  2642     0.000008     0.402340  
  2643     0.000008     0.402341  
  2644     0.000008     0.402341  
  2645     0.000008     0.402341  
  2646     0.000008     0.402340  
  2647     0.000007     0.402341  
  2648     0.000007     0.402342  
  2649     0.000007     0.402341  
  2650     0.000007     0.402342  
  2651     0.000007     0.402340  
  2652     0.000007     0.402341  
  2653     0.000007     0.402339  
  2654     0.000007     0.402339  
  2655     0.000007     0.402339  
  2656     0.000007     0.402340  
  2657     0.000007     0.402340  
  2658     0.000007     0.402339  
  2659     0.000007     0.402339  
  2660     0.000007     0.402338  
  2661     0.000007     0.402337  
  2662     0.000007     0.402336  
  2663     0.000007     0.402336  
  2664     0.000007     0.402336  
  2665     0.000007     0.402336  
  2666     0.000007     0.402335  
  2667     0.000007     0.402335  
  2668     0.000007     0.402335  
  2669     0.000007     0.402334  
  2670     0.000007     0.402335  
  2671     0.000007     0.402334  
  2672     0.000007     0.402333  
  2673     0.000007     0.402333  
  2674     0.000007     0.402333  
  2675     0.000007     0.402333  
  2676     0.000007     0.402332  
  2677     0.000007     0.402333  
  2678     0.000007     0.402334  
  2679     0.000007     0.402334  
  2680     0.000007     0.402334  
  2681     0.000007     0.402335  
  2682     0.000007     0.402335  
  2683     0.000007     0.402336  
  2684     0.000007     0.402337  
  2685     0.000007     0.402337  
  2686     0.000007     0.402338  
  2687     0.000006     0.402338  
  2688     0.000006     0.402339  
  2689     0.000006     0.402339  
  2690     0.000006     0.402339  
  2691     0.000006     0.402341  
  2692     0.000006     0.402340  
  2693     0.000006     0.402341  
  2694     0.000006     0.402341  
  2695     0.000006     0.402341  
  2696     0.000006     0.402342  
  2697     0.000006     0.402343  
  2698     0.000006     0.402343  
  2699     0.000006     0.402342  
  2700     0.000006     0.402342  
  2701     0.000006     0.402342  
  2702     0.000006     0.402342  
  2703     0.000006     0.402342  
  2704     0.000006     0.402342  
  2705     0.000006     0.402342  
  2706     0.000006     0.402341  
  2707     0.000006     0.402341  
  2708     0.000006     0.402341  
  2709     0.000006     0.402341  
  2710     0.000006     0.402340  
  2711     0.000006     0.402340  
  2712     0.000006     0.402339  
  2713     0.000006     0.402339  
  2714     0.000006     0.402340  
  2715     0.000006     0.402339  
  2716     0.000006     0.402340  
  2717     0.000006     0.402339  
  2718     0.000006     0.402338  
  2719     0.000006     0.402339  
  2720     0.000006     0.402338  
  2721     0.000006     0.402338  
  2722     0.000006     0.402339  
  2723     0.000006     0.402338  
  2724     0.000006     0.402338  
  2725     0.000006     0.402339  
  2726     0.000006     0.402339  
  2727     0.000006     0.402338  
  2728     0.000006     0.402337  
  2729     0.000006     0.402336  
  2730     0.000006     0.402335  
  2731     0.000006     0.402335  
  2732     0.000006     0.402335  
  2733     0.000005     0.402335  
  2734     0.000005     0.402335  
  2735     0.000005     0.402335  
  2736     0.000005     0.402335  
  2737     0.000005     0.402334  
  2738     0.000005     0.402333  
  2739     0.000005     0.402331  
  2740     0.000005     0.402331  
  2741     0.000005     0.402330  
  2742     0.000005     0.402330  * best
  2743     0.000005     0.402331  
  2744     0.000005     0.402331  
  2745     0.000005     0.402331  
  2746     0.000005     0.402330  
  2747     0.000005     0.402331  
  2748     0.000005     0.402331  
  2749     0.000005     0.402332  
  2750     0.000005     0.402332  
  2751     0.000005     0.402332  
  2752     0.000005     0.402333  
  2753     0.000005     0.402332  
  2754     0.000005     0.402332  
  2755     0.000005     0.402333  
  2756     0.000005     0.402335  
  2757     0.000005     0.402334  
  2758     0.000005     0.402334  
  2759     0.000005     0.402335  
  2760     0.000005     0.402336  
  2761     0.000005     0.402335  
  2762     0.000005     0.402335  
  2763     0.000005     0.402336  
  2764     0.000005     0.402337  
  2765     0.000005     0.402338  
  2766     0.000005     0.402339  
  2767     0.000005     0.402340  
  2768     0.000005     0.402340  
  2769     0.000005     0.402339  
  2770     0.000005     0.402339  
  2771     0.000005     0.402338  
  2772     0.000005     0.402339  
  2773     0.000005     0.402339  
  2774     0.000005     0.402339  
  2775     0.000005     0.402339  
  2776     0.000005     0.402340  
  2777     0.000005     0.402341  
  2778     0.000005     0.402341  
  2779     0.000005     0.402341  
  2780     0.000005     0.402340  
  2781     0.000005     0.402338  
  2782     0.000005     0.402338  
  2783     0.000005     0.402340  
  2784     0.000005     0.402339  
  2785     0.000005     0.402339  
  2786     0.000005     0.402337  
  2787     0.000005     0.402337  
  2788     0.000005     0.402338  
  2789     0.000004     0.402338  
  2790     0.000004     0.402337  
  2791     0.000004     0.402337  
  2792     0.000004     0.402337  
  2793     0.000004     0.402338  
  2794     0.000004     0.402338  
  2795     0.000004     0.402338  
  2796     0.000004     0.402338  
  2797     0.000004     0.402338  
  2798     0.000004     0.402339  
  2799     0.000004     0.402340  
  2800     0.000004     0.402339  
  2801     0.000004     0.402339  
  2802     0.000004     0.402339  
  2803     0.000004     0.402340  
  2804     0.000004     0.402341  
  2805     0.000004     0.402341  
  2806     0.000004     0.402340  
  2807     0.000004     0.402340  
  2808     0.000004     0.402341  
  2809     0.000004     0.402340  
  2810     0.000004     0.402341  
  2811     0.000004     0.402340  
  2812     0.000004     0.402341  
  2813     0.000004     0.402342  
  2814     0.000004     0.402342  
  2815     0.000004     0.402343  
  2816     0.000004     0.402343  
  2817     0.000004     0.402343  
  2818     0.000004     0.402343  
  2819     0.000004     0.402343  
  2820     0.000004     0.402344  
  2821     0.000004     0.402343  
  2822     0.000004     0.402342  
  2823     0.000004     0.402343  
  2824     0.000004     0.402343  
  2825     0.000004     0.402344  
  2826     0.000004     0.402345  
  2827     0.000004     0.402345  
  2828     0.000004     0.402345  
  2829     0.000004     0.402345  
  2830     0.000004     0.402346  
  2831     0.000004     0.402346  
  2832     0.000004     0.402345  
  2833     0.000004     0.402346  
  2834     0.000004     0.402346  
  2835     0.000004     0.402347  
  2836     0.000004     0.402347  
  2837     0.000004     0.402347  
  2838     0.000004     0.402347  
  2839     0.000004     0.402346  
  2840     0.000004     0.402347  
  2841     0.000004     0.402347  
  2842     0.000004     0.402347  
# best iteration 2742 (val l2 0.402330)
# Spearman  train +0.9951  val +0.7800  test +0.7880
