# mlp_charge_all seed 2
# sequence and structure charge blocks
# inputs [(79,)], 14,401 parameters
# Linear(n_in,128) -> GELU -> Dropout(0.3) -> Linear(128,32) -> GELU -> Dropout(0.3) -> Linear(32,1)
# Adam lr=0.001 weight_decay=0.0001 batch=32 dropout=0.3
# loss = MSE on standardised log10 half-life
# early stopping on validation loss, patience 40, max 300 epochs
#
 epoch  train_batch        train          val  note
     1     0.834219     0.736263     0.778620  * best
     2     0.742572     0.692525     0.750257  * best
     3     0.701251     0.656476     0.719267  * best
     4     0.684364     0.627819     0.707199  * best
     5     0.666068     0.605466     0.677422  * best
     6     0.651937     0.601673     0.681229  
     7     0.642516     0.588922     0.659882  * best
     8     0.628661     0.576881     0.661329  
     9     0.622756     0.562805     0.649569  * best
    10     0.616569     0.572613     0.656902  
    11     0.608894     0.561353     0.639301  * best
    12     0.610689     0.556737     0.641033  
    13     0.601060     0.551417     0.647526  
    14     0.606531     0.549564     0.648492  
    15     0.591313     0.539856     0.642525  
    16     0.591749     0.550016     0.653247  
    17     0.591671     0.539625     0.636859  * best
    18     0.581740     0.536038     0.642710  
    19     0.574656     0.533681     0.636854  
    20     0.568972     0.523938     0.635945  * best
    21     0.574334     0.516310     0.625284  * best
    22     0.570288     0.517291     0.632776  
    23     0.566373     0.509131     0.631071  
    24     0.558446     0.508071     0.626223  
    25     0.556244     0.500808     0.623265  * best
    26     0.561610     0.505614     0.633618  
    27     0.553591     0.498503     0.627694  
    28     0.545876     0.498406     0.633676  
    29     0.546407     0.502234     0.636914  
    30     0.548523     0.497577     0.624934  
    31     0.542522     0.486078     0.616856  * best
    32     0.548074     0.484990     0.639207  
    33     0.544746     0.493087     0.623050  
    34     0.538725     0.477935     0.625014  
    35     0.534696     0.480549     0.619253  
    36     0.532716     0.476263     0.625852  
    37     0.541381     0.478830     0.627244  
    38     0.539591     0.482871     0.631527  
    39     0.523670     0.479455     0.628890  
    40     0.530513     0.465284     0.630417  
    41     0.522651     0.465695     0.625119  
    42     0.525671     0.458286     0.617027  
    43     0.517918     0.468605     0.630825  
    44     0.518469     0.465473     0.615587  * best
    45     0.522424     0.454133     0.615280  * best
    46     0.520310     0.459848     0.620072  
    47     0.518680     0.451705     0.622859  
    48     0.509754     0.453077     0.627075  
    49     0.514666     0.447357     0.624562  
    50     0.511233     0.440887     0.619862  
    51     0.510922     0.450293     0.632651  
    52     0.510352     0.438442     0.627671  
    53     0.509194     0.444204     0.632546  
    54     0.509806     0.435539     0.629229  
    55     0.503989     0.437554     0.632445  
    56     0.501697     0.434328     0.614297  * best
    57     0.501575     0.446065     0.640822  
    58     0.504685     0.432030     0.630421  
    59     0.496414     0.437249     0.630149  
    60     0.493172     0.427322     0.624263  
    61     0.499609     0.439221     0.640436  
    62     0.490478     0.432209     0.624568  
    63     0.496941     0.437680     0.639469  
    64     0.494027     0.423889     0.621040  
    65     0.493428     0.420505     0.623234  
    66     0.496187     0.423097     0.625116  
    67     0.486715     0.412988     0.618834  
    68     0.488092     0.412381     0.614313  
    69     0.486125     0.415020     0.629822  
    70     0.481702     0.411067     0.633151  
    71     0.479884     0.406957     0.619685  
    72     0.475603     0.409414     0.632908  
    73     0.479718     0.406436     0.620193  
    74     0.473623     0.405150     0.638304  
    75     0.479833     0.406496     0.623733  
    76     0.478089     0.404673     0.627564  
    77     0.480869     0.401362     0.628195  
    78     0.477311     0.409582     0.623492  
    79     0.480804     0.404418     0.634288  
    80     0.472901     0.411241     0.642807  
    81     0.471536     0.399508     0.633611  
    82     0.472776     0.394377     0.642495  
    83     0.471714     0.396038     0.635230  
    84     0.468834     0.398221     0.634937  
    85     0.469173     0.394490     0.639302  
    86     0.470385     0.387155     0.638408  
    87     0.463400     0.392530     0.637329  
    88     0.459633     0.380602     0.632313  
    89     0.464780     0.388308     0.636433  
    90     0.467821     0.382941     0.632863  
    91     0.457193     0.380983     0.634673  
    92     0.464250     0.386310     0.635858  
    93     0.456959     0.379518     0.628271  
    94     0.457099     0.376825     0.636833  
    95     0.460585     0.381802     0.643874  
    96     0.456367     0.387855     0.636296  
# stopped at epoch 96: no improvement for 40 epochs
# restored epoch 56 (val MSE 0.614297)
# Spearman  train +0.7513  val +0.6212  test +0.6245
