# mlp_seq+boltz_pooled seed 4
# sequence baseline concatenated with the Boltz pooled blocks
# inputs [(2407,)], 312,385 parameters
# Linear(n_in,128) -> GELU -> Dropout(0.3) -> Linear(128,32) -> GELU -> Dropout(0.3) -> Linear(32,1)
# Adam lr=0.001 weight_decay=0.0001 batch=32 dropout=0.3
# loss = MSE on standardised log10 half-life
# early stopping on validation loss, patience 40, max 300 epochs
#
 epoch  train_batch        train          val  note
     1     0.564617     0.371126     0.643643  * best
     2     0.418357     0.283205     0.601774  * best
     3     0.362187     0.244454     0.601935  
     4     0.318372     0.203655     0.602497  
     5     0.287398     0.207627     0.615961  
     6     0.269984     0.180641     0.611332  
     7     0.255410     0.166766     0.645782  
     8     0.238613     0.153479     0.622425  
     9     0.226460     0.136766     0.640675  
    10     0.216661     0.124342     0.643390  
    11     0.201500     0.138412     0.633193  
    12     0.197570     0.122440     0.638145  
    13     0.194822     0.107228     0.661917  
    14     0.191306     0.103899     0.660645  
    15     0.182715     0.107746     0.665621  
    16     0.180167     0.100012     0.635977  
    17     0.174836     0.089404     0.667446  
    18     0.168412     0.086162     0.658499  
    19     0.166863     0.082063     0.693770  
    20     0.162142     0.078240     0.689508  
    21     0.156802     0.089958     0.663061  
    22     0.156540     0.074538     0.686089  
    23     0.152855     0.089431     0.641618  
    24     0.157343     0.079806     0.668662  
    25     0.152547     0.080223     0.663873  
    26     0.151179     0.099107     0.655961  
    27     0.148149     0.071309     0.689969  
    28     0.144643     0.077562     0.649739  
    29     0.150363     0.079848     0.625471  
    30     0.146801     0.068733     0.634502  
    31     0.143611     0.079787     0.642747  
    32     0.140650     0.074354     0.668042  
    33     0.140008     0.068043     0.662097  
    34     0.138638     0.071561     0.661768  
    35     0.135385     0.061026     0.653821  
    36     0.136621     0.061882     0.646893  
    37     0.134701     0.065966     0.674527  
    38     0.133304     0.071868     0.645148  
    39     0.137406     0.087410     0.630780  
    40     0.135848     0.063397     0.660572  
    41     0.134857     0.060166     0.673944  
    42     0.134737     0.060696     0.671739  
# stopped at epoch 42: no improvement for 40 epochs
# restored epoch 2 (val MSE 0.601774)
# Spearman  train +0.8538  val +0.4373  test +0.5447
