# gbm_boltz+energy+edge seed 1
# boosted trees on boltz+energy+edge
# inputs 16427, 1,162 trees
# LightGBM gradient-boosted trees, objective l2, lr 0.05, num_leaves 31, min_data_in_leaf 20, feature_fraction 0.3, bagging 0.8, lambda_l2 1.0, up to 3000 rounds, early stopping 100 on validation l2
# loss = l2 on standardised log10 half-life
#
 round        train          val  note
     1     0.963593     0.974318  
     2     0.927181     0.941571  
     3     0.896039     0.913846  
     4     0.866862     0.887518  
     5     0.840085     0.864476  
     6     0.816092     0.844058  
     7     0.791681     0.823470  
     8     0.768683     0.804470  
     9     0.746178     0.783999  
    10     0.726035     0.767421  
    11     0.708012     0.752643  
    12     0.690218     0.738051  
    13     0.672837     0.722942  
    14     0.658041     0.709940  
    15     0.642633     0.697815  
    16     0.629326     0.686040  
    17     0.615822     0.675783  
    18     0.603066     0.665023  
    19     0.590553     0.656768  
    20     0.579015     0.647692  
    21     0.568263     0.639567  
    22     0.558970     0.632373  
    23     0.549298     0.625107  
    24     0.539939     0.617640  
    25     0.530402     0.609833  
    26     0.521860     0.604224  
    27     0.513925     0.597959  
    28     0.505972     0.592722  
    29     0.498737     0.587190  
    30     0.491469     0.581874  
    31     0.484699     0.577094  
    32     0.478439     0.572728  
    33     0.472481     0.568838  
    34     0.466019     0.565284  
    35     0.460085     0.562488  
    36     0.454628     0.559123  
    37     0.448770     0.555612  
    38     0.443500     0.552001  
    39     0.438610     0.548873  
    40     0.433288     0.544870  
    41     0.428259     0.541089  
    42     0.423465     0.537869  
    43     0.419209     0.535940  
    44     0.414206     0.533090  
    45     0.409668     0.530669  
    46     0.405180     0.527373  
    47     0.401341     0.525000  
    48     0.397356     0.522840  
    49     0.393454     0.521037  
    50     0.389865     0.518619  
    51     0.385817     0.516397  
    52     0.381868     0.514421  
    53     0.378285     0.512658  
    54     0.374761     0.510627  
    55     0.371127     0.508510  
    56     0.367516     0.506831  
    57     0.364116     0.505947  
    58     0.360916     0.504745  
    59     0.357962     0.502756  
    60     0.354793     0.500996  
    61     0.351712     0.499316  
    62     0.348672     0.497803  
    63     0.345599     0.496695  
    64     0.342548     0.495008  
    65     0.339697     0.493950  
    66     0.336675     0.492369  
    67     0.333969     0.491124  
    68     0.331498     0.490797  
    69     0.328638     0.489001  
    70     0.325859     0.488135  
    71     0.323292     0.486778  
    72     0.320761     0.485940  
    73     0.318109     0.484012  
    74     0.315399     0.482310  
    75     0.313030     0.481117  
    76     0.310442     0.479645  
    77     0.308151     0.478221  
    78     0.305779     0.477695  
    79     0.303386     0.476326  
    80     0.300846     0.474887  
    81     0.298770     0.473848  
    82     0.296291     0.472528  
    83     0.294185     0.471838  
    84     0.291988     0.470990  
    85     0.289938     0.470531  
    86     0.287788     0.469453  
    87     0.285661     0.469262  
    88     0.283415     0.467951  
    89     0.281490     0.467150  
    90     0.279449     0.465832  
    91     0.277612     0.465460  
    92     0.275513     0.465190  
    93     0.273524     0.464692  
    94     0.271654     0.464068  
    95     0.269718     0.463227  
    96     0.267848     0.462466  
    97     0.265999     0.462043  
    98     0.264087     0.461063  
    99     0.262169     0.460060  
   100     0.260247     0.458941  
   101     0.258463     0.458241  
   102     0.256628     0.457598  
   103     0.254859     0.456485  
   104     0.253192     0.456301  
   105     0.251491     0.455511  
   106     0.249815     0.455037  
   107     0.248134     0.454430  
   108     0.246364     0.453404  
   109     0.244755     0.452763  
   110     0.243152     0.452091  
   111     0.241418     0.451854  
   112     0.239769     0.451204  
   113     0.238237     0.450724  
   114     0.236538     0.450265  
   115     0.234933     0.450144  
   116     0.233338     0.449441  
   117     0.231905     0.448766  
   118     0.230443     0.448209  
   119     0.228913     0.447683  
   120     0.227322     0.446998  
   121     0.225799     0.446349  
   122     0.224363     0.445825  
   123     0.222958     0.445277  
   124     0.221547     0.444922  
   125     0.220207     0.444638  
   126     0.218891     0.444509  
   127     0.217539     0.444561  
   128     0.216108     0.443761  
   129     0.214678     0.443439  
   130     0.213290     0.442913  
   131     0.211985     0.442688  
   132     0.210666     0.442125  
   133     0.209350     0.441701  
   134     0.208114     0.441072  
   135     0.206865     0.440584  
   136     0.205589     0.440119  
   137     0.204315     0.439411  
   138     0.203030     0.438521  
   139     0.201775     0.437919  
   140     0.200605     0.437897  
   141     0.199308     0.437532  
   142     0.198108     0.436955  
   143     0.196910     0.436516  
   144     0.195731     0.436177  
   145     0.194443     0.435822  
   146     0.193312     0.435708  
   147     0.192078     0.435145  
   148     0.190914     0.434695  
   149     0.189861     0.434459  
   150     0.188720     0.434342  
   151     0.187563     0.433784  
   152     0.186495     0.433567  
   153     0.185428     0.433284  
   154     0.184335     0.433234  
   155     0.183296     0.433251  
   156     0.182165     0.432576  
   157     0.181065     0.431863  
   158     0.180050     0.431804  
   159     0.178989     0.431201  
   160     0.177923     0.430689  
   161     0.176850     0.430485  
   162     0.175873     0.430407  
   163     0.174823     0.429979  
   164     0.173751     0.429822  
   165     0.172709     0.429643  
   166     0.171644     0.429499  
   167     0.170636     0.428743  
   168     0.169628     0.428350  
   169     0.168613     0.428067  
   170     0.167591     0.427766  
   171     0.166614     0.427356  
   172     0.165663     0.427014  
   173     0.164709     0.426991  
   174     0.163786     0.426607  
   175     0.162852     0.426437  
   176     0.161899     0.426253  
   177     0.160919     0.426015  
   178     0.160038     0.425740  
   179     0.159188     0.425744  
   180     0.158279     0.425494  
   181     0.157394     0.425037  
   182     0.156541     0.424908  
   183     0.155604     0.424493  
   184     0.154708     0.424139  
   185     0.153794     0.423969  
   186     0.152908     0.423853  
   187     0.152091     0.423380  
   188     0.151243     0.423410  
   189     0.150378     0.423028  
   190     0.149550     0.422730  
   191     0.148732     0.422356  
   192     0.147923     0.422033  
   193     0.147050     0.421970  
   194     0.146239     0.421865  
   195     0.145354     0.421710  
   196     0.144491     0.421383  
   197     0.143678     0.421341  
   198     0.142823     0.421219  
   199     0.142029     0.421105  
   200     0.141243     0.420943  
   201     0.140434     0.420885  
   202     0.139691     0.420743  
   203     0.138860     0.420514  
   204     0.138074     0.420276  
   205     0.137338     0.420052  
   206     0.136629     0.420068  
   207     0.135857     0.419840  
   208     0.135159     0.419810  
   209     0.134480     0.419548  
   210     0.133719     0.419333  
   211     0.132947     0.419034  
   212     0.132226     0.419108  
   213     0.131511     0.419105  
   214     0.130798     0.418966  
   215     0.130056     0.418737  
   216     0.129368     0.418680  
   217     0.128627     0.418312  
   218     0.127944     0.418255  
   219     0.127246     0.418241  
   220     0.126564     0.418168  
   221     0.125889     0.417915  
   222     0.125191     0.417661  
   223     0.124454     0.417202  
   224     0.123829     0.416982  
   225     0.123183     0.417048  
   226     0.122498     0.416788  
   227     0.121834     0.416547  
   228     0.121147     0.416278  
   229     0.120442     0.416025  
   230     0.119788     0.415869  
   231     0.119171     0.415722  
   232     0.118491     0.415650  
   233     0.117874     0.415457  
   234     0.117228     0.415212  
   235     0.116663     0.415285  
   236     0.116074     0.415311  
   237     0.115475     0.415261  
   238     0.114870     0.415062  
   239     0.114245     0.415003  
   240     0.113606     0.414936  
   241     0.113012     0.414809  
   242     0.112394     0.414730  
   243     0.111819     0.414614  
   244     0.111220     0.414425  
   245     0.110647     0.414283  
   246     0.110050     0.414349  
   247     0.109506     0.414482  
   248     0.108915     0.414264  
   249     0.108316     0.414141  
   250     0.107731     0.414075  
   251     0.107119     0.413699  
   252     0.106531     0.413408  
   253     0.105991     0.413190  
   254     0.105407     0.413114  
   255     0.104811     0.412844  
   256     0.104281     0.412712  
   257     0.103729     0.412672  
   258     0.103191     0.412717  
   259     0.102637     0.412425  
   260     0.102126     0.412310  
   261     0.101584     0.412272  
   262     0.101078     0.412075  
   263     0.100582     0.411831  
   264     0.100033     0.411582  
   265     0.099505     0.411664  
   266     0.099016     0.411444  
   267     0.098471     0.411160  
   268     0.097939     0.411108  
   269     0.097507     0.411086  
   270     0.097006     0.411076  
   271     0.096492     0.411015  
   272     0.095993     0.410987  
   273     0.095521     0.410625  
   274     0.095018     0.410693  
   275     0.094495     0.410437  
   276     0.094021     0.410444  
   277     0.093544     0.410424  
   278     0.093053     0.410351  
   279     0.092565     0.410097  
   280     0.092067     0.409890  
   281     0.091572     0.409822  
   282     0.091155     0.409733  
   283     0.090676     0.409675  
   284     0.090241     0.409467  
   285     0.089756     0.409661  
   286     0.089303     0.409589  
   287     0.088860     0.409454  
   288     0.088472     0.409239  
   289     0.088012     0.409250  
   290     0.087588     0.409332  
   291     0.087133     0.409252  
   292     0.086723     0.409177  
   293     0.086275     0.409213  
   294     0.085830     0.409094  
   295     0.085395     0.408944  
   296     0.084943     0.408919  
   297     0.084527     0.408792  
   298     0.084129     0.408695  
   299     0.083666     0.408459  
   300     0.083243     0.408306  
   301     0.082772     0.408072  
   302     0.082330     0.407820  
   303     0.081983     0.407578  
   304     0.081575     0.407533  
   305     0.081174     0.407602  
   306     0.080773     0.407517  
   307     0.080329     0.407523  
   308     0.079910     0.407458  
   309     0.079467     0.407353  
   310     0.079050     0.407253  
   311     0.078653     0.407150  
   312     0.078241     0.407111  
   313     0.077844     0.406972  
   314     0.077465     0.406900  
   315     0.077071     0.406903  
   316     0.076687     0.406895  
   317     0.076315     0.406930  
   318     0.075945     0.406739  
   319     0.075622     0.406638  
   320     0.075273     0.406609  
   321     0.074892     0.406597  
   322     0.074535     0.406744  
   323     0.074182     0.406627  
   324     0.073811     0.406416  
   325     0.073426     0.406419  
   326     0.073087     0.406420  
   327     0.072776     0.406453  
   328     0.072416     0.406466  
   329     0.072042     0.406408  
   330     0.071686     0.406422  
   331     0.071344     0.406312  
   332     0.070983     0.406321  
   333     0.070661     0.406225  
   334     0.070289     0.406023  
   335     0.069957     0.406020  
   336     0.069605     0.405815  
   337     0.069283     0.405823  
   338     0.068920     0.405735  
   339     0.068566     0.405620  
   340     0.068220     0.405490  
   341     0.067906     0.405468  
   342     0.067577     0.405341  
   343     0.067267     0.405383  
   344     0.066968     0.405379  
   345     0.066622     0.405380  
   346     0.066310     0.405164  
   347     0.065969     0.405069  
   348     0.065635     0.404901  
   349     0.065307     0.404771  
   350     0.064973     0.404563  
   351     0.064652     0.404407  
   352     0.064320     0.404426  
   353     0.063999     0.404534  
   354     0.063683     0.404315  
   355     0.063386     0.404212  
   356     0.063086     0.404221  
   357     0.062781     0.404093  
   358     0.062467     0.404147  
   359     0.062165     0.404120  
   360     0.061845     0.403896  
   361     0.061534     0.403822  
   362     0.061225     0.403740  
   363     0.060914     0.403683  
   364     0.060645     0.403622  
   365     0.060336     0.403486  
   366     0.060045     0.403700  
   367     0.059750     0.403525  
   368     0.059482     0.403621  
   369     0.059179     0.403462  
   370     0.058880     0.403565  
   371     0.058604     0.403463  
   372     0.058338     0.403433  
   373     0.058061     0.403487  
   374     0.057776     0.403472  
   375     0.057483     0.403442  
   376     0.057186     0.403326  
   377     0.056911     0.403211  
   378     0.056623     0.403046  
   379     0.056344     0.403019  
   380     0.056067     0.402995  
   381     0.055811     0.402796  
   382     0.055564     0.402788  
   383     0.055292     0.402741  
   384     0.055037     0.402693  
   385     0.054764     0.402491  
   386     0.054491     0.402294  
   387     0.054240     0.402383  
   388     0.053981     0.402177  
   389     0.053731     0.402232  
   390     0.053477     0.402203  
   391     0.053236     0.402201  
   392     0.052974     0.402266  
   393     0.052753     0.402137  
   394     0.052492     0.402185  
   395     0.052217     0.402155  
   396     0.051948     0.402168  
   397     0.051694     0.402029  
   398     0.051455     0.402082  
   399     0.051207     0.402099  
   400     0.050983     0.401995  
   401     0.050754     0.401953  
   402     0.050494     0.401946  
   403     0.050254     0.402023  
   404     0.050000     0.402057  
   405     0.049755     0.401917  
   406     0.049526     0.401926  
   407     0.049314     0.401920  
   408     0.049075     0.401874  
   409     0.048853     0.401687  
   410     0.048645     0.401641  
   411     0.048395     0.401552  
   412     0.048186     0.401413  
   413     0.047970     0.401420  
   414     0.047751     0.401369  
   415     0.047512     0.401313  
   416     0.047273     0.401340  
   417     0.047049     0.401239  
   418     0.046816     0.401252  
   419     0.046602     0.401247  
   420     0.046386     0.401265  
   421     0.046171     0.401261  
   422     0.045948     0.401277  
   423     0.045749     0.401248  
   424     0.045558     0.401131  
   425     0.045338     0.401019  
   426     0.045120     0.401066  
   427     0.044899     0.401105  
   428     0.044676     0.400963  
   429     0.044474     0.400873  
   430     0.044302     0.400875  
   431     0.044096     0.400841  
   432     0.043902     0.400804  
   433     0.043697     0.400692  
   434     0.043493     0.400686  
   435     0.043281     0.400646  
   436     0.043109     0.400722  
   437     0.042891     0.400693  
   438     0.042702     0.400685  
   439     0.042502     0.400606  
   440     0.042303     0.400495  
   441     0.042108     0.400428  
   442     0.041912     0.400383  
   443     0.041694     0.400389  
   444     0.041490     0.400366  
   445     0.041290     0.400435  
   446     0.041118     0.400374  
   447     0.040944     0.400484  
   448     0.040753     0.400494  
   449     0.040565     0.400460  
   450     0.040400     0.400472  
   451     0.040218     0.400433  
   452     0.040029     0.400401  
   453     0.039840     0.400412  
   454     0.039650     0.400404  
   455     0.039464     0.400360  
   456     0.039283     0.400306  
   457     0.039118     0.400322  
   458     0.038932     0.400287  
   459     0.038759     0.400237  
   460     0.038556     0.400069  
   461     0.038385     0.400063  
   462     0.038193     0.400077  
   463     0.038009     0.400055  
   464     0.037844     0.400087  
   465     0.037670     0.400189  
   466     0.037468     0.400248  
   467     0.037305     0.400190  
   468     0.037125     0.400154  
   469     0.036946     0.400120  
   470     0.036788     0.399986  
   471     0.036610     0.399840  
   472     0.036433     0.399895  
   473     0.036279     0.399837  
   474     0.036102     0.399786  
   475     0.035933     0.399819  
   476     0.035772     0.399828  
   477     0.035621     0.399820  
   478     0.035457     0.399873  
   479     0.035295     0.399965  
   480     0.035146     0.399951  
   481     0.034978     0.399842  
   482     0.034817     0.399766  
   483     0.034655     0.399797  
   484     0.034493     0.399853  
   485     0.034339     0.399752  
   486     0.034160     0.399731  
   487     0.034003     0.399752  
   488     0.033853     0.399743  
   489     0.033695     0.399691  
   490     0.033529     0.399651  
   491     0.033368     0.399623  
   492     0.033210     0.399568  
   493     0.033067     0.399546  
   494     0.032916     0.399591  
   495     0.032765     0.399694  
   496     0.032614     0.399610  
   497     0.032457     0.399517  
   498     0.032299     0.399460  
   499     0.032156     0.399429  
   500     0.032010     0.399382  
   501     0.031865     0.399368  
   502     0.031715     0.399256  
   503     0.031564     0.399284  
   504     0.031420     0.399307  
   505     0.031275     0.399342  
   506     0.031129     0.399284  
   507     0.030984     0.399309  
   508     0.030852     0.399224  
   509     0.030715     0.399185  
   510     0.030565     0.399233  
   511     0.030435     0.399202  
   512     0.030307     0.399282  
   513     0.030174     0.399375  
   514     0.030037     0.399310  
   515     0.029903     0.399332  
   516     0.029776     0.399287  
   517     0.029650     0.399336  
   518     0.029502     0.399226  
   519     0.029365     0.399231  
   520     0.029233     0.399180  
   521     0.029114     0.399111  
   522     0.028982     0.399101  
   523     0.028849     0.399028  
   524     0.028732     0.399059  
   525     0.028598     0.398992  
   526     0.028462     0.398942  
   527     0.028337     0.398963  
   528     0.028214     0.398905  
   529     0.028087     0.398713  
   530     0.027976     0.398718  
   531     0.027848     0.398636  
   532     0.027723     0.398612  
   533     0.027611     0.398639  
   534     0.027493     0.398635  
   535     0.027379     0.398594  
   536     0.027268     0.398588  
   537     0.027148     0.398587  
   538     0.027015     0.398640  
   539     0.026897     0.398555  
   540     0.026786     0.398540  
   541     0.026658     0.398575  
   542     0.026526     0.398524  
   543     0.026423     0.398456  
   544     0.026297     0.398470  
   545     0.026178     0.398439  
   546     0.026057     0.398392  
   547     0.025943     0.398355  
   548     0.025817     0.398365  
   549     0.025692     0.398365  
   550     0.025579     0.398196  
   551     0.025473     0.398324  
   552     0.025356     0.398264  
   553     0.025232     0.398318  
   554     0.025115     0.398328  
   555     0.025006     0.398350  
   556     0.024904     0.398357  
   557     0.024790     0.398265  
   558     0.024686     0.398168  
   559     0.024586     0.398017  
   560     0.024481     0.397972  
   561     0.024359     0.397948  
   562     0.024260     0.397880  
   563     0.024143     0.397957  
   564     0.024037     0.398021  
   565     0.023929     0.398090  
   566     0.023820     0.398059  
   567     0.023720     0.398098  
   568     0.023612     0.398046  
   569     0.023511     0.398119  
   570     0.023412     0.398131  
   571     0.023320     0.398047  
   572     0.023217     0.398042  
   573     0.023108     0.397954  
   574     0.023000     0.397848  
   575     0.022905     0.397776  
   576     0.022794     0.397757  
   577     0.022701     0.397756  
   578     0.022600     0.397709  
   579     0.022505     0.397657  
   580     0.022403     0.397628  
   581     0.022303     0.397544  
   582     0.022205     0.397491  
   583     0.022116     0.397408  
   584     0.022021     0.397484  
   585     0.021935     0.397456  
   586     0.021835     0.397484  
   587     0.021732     0.397513  
   588     0.021632     0.397480  
   589     0.021535     0.397354  
   590     0.021443     0.397387  
   591     0.021348     0.397399  
   592     0.021253     0.397344  
   593     0.021163     0.397302  
   594     0.021061     0.397282  
   595     0.020963     0.397290  
   596     0.020867     0.397283  
   597     0.020782     0.397288  
   598     0.020693     0.397218  
   599     0.020604     0.397204  
   600     0.020515     0.397188  
   601     0.020425     0.397180  
   602     0.020334     0.397225  
   603     0.020234     0.397207  
   604     0.020136     0.397132  
   605     0.020050     0.397075  
   606     0.019964     0.397013  
   607     0.019877     0.397021  
   608     0.019793     0.396948  
   609     0.019713     0.396944  
   610     0.019624     0.396912  
   611     0.019542     0.396970  
   612     0.019455     0.396942  
   613     0.019372     0.396832  
   614     0.019292     0.396840  
   615     0.019202     0.396857  
   616     0.019118     0.396827  
   617     0.019029     0.396804  
   618     0.018940     0.396834  
   619     0.018864     0.396812  
   620     0.018777     0.396848  
   621     0.018703     0.396913  
   622     0.018617     0.396911  
   623     0.018537     0.396915  
   624     0.018453     0.396902  
   625     0.018369     0.396914  
   626     0.018283     0.396839  
   627     0.018202     0.396818  
   628     0.018129     0.396800  
   629     0.018061     0.396845  
   630     0.017978     0.396772  
   631     0.017901     0.396717  
   632     0.017824     0.396721  
   633     0.017745     0.396666  
   634     0.017671     0.396564  
   635     0.017600     0.396593  
   636     0.017527     0.396543  
   637     0.017460     0.396492  
   638     0.017377     0.396533  
   639     0.017315     0.396545  
   640     0.017236     0.396515  
   641     0.017162     0.396445  
   642     0.017092     0.396461  
   643     0.017021     0.396433  
   644     0.016941     0.396336  
   645     0.016869     0.396311  
   646     0.016794     0.396277  
   647     0.016717     0.396355  
   648     0.016639     0.396359  
   649     0.016569     0.396335  
   650     0.016497     0.396313  
   651     0.016425     0.396204  
   652     0.016361     0.396195  
   653     0.016291     0.396263  
   654     0.016218     0.396251  
   655     0.016139     0.396213  
   656     0.016069     0.396248  
   657     0.015997     0.396223  
   658     0.015920     0.396184  
   659     0.015855     0.396178  
   660     0.015792     0.396063  
   661     0.015724     0.395981  
   662     0.015651     0.396067  
   663     0.015583     0.396064  
   664     0.015515     0.396059  
   665     0.015443     0.396021  
   666     0.015374     0.396062  
   667     0.015306     0.396047  
   668     0.015239     0.396077  
   669     0.015166     0.396077  
   670     0.015097     0.396038  
   671     0.015026     0.396083  
   672     0.014960     0.396123  
   673     0.014893     0.396178  
   674     0.014829     0.396223  
   675     0.014771     0.396217  
   676     0.014704     0.396222  
   677     0.014632     0.396246  
   678     0.014570     0.396208  
   679     0.014502     0.396115  
   680     0.014433     0.396168  
   681     0.014365     0.396156  
   682     0.014296     0.396187  
   683     0.014235     0.396123  
   684     0.014176     0.396113  
   685     0.014112     0.396077  
   686     0.014048     0.396029  
   687     0.013989     0.396055  
   688     0.013929     0.396092  
   689     0.013866     0.396097  
   690     0.013812     0.396100  
   691     0.013754     0.396111  
   692     0.013698     0.396114  
   693     0.013641     0.396072  
   694     0.013582     0.396021  
   695     0.013524     0.395961  
   696     0.013462     0.395988  
   697     0.013397     0.396082  
   698     0.013343     0.396074  
   699     0.013283     0.396023  
   700     0.013222     0.396041  
   701     0.013164     0.396016  
   702     0.013110     0.395970  
   703     0.013051     0.395936  
   704     0.012998     0.395931  
   705     0.012938     0.395940  
   706     0.012882     0.395947  
   707     0.012827     0.395970  
   708     0.012777     0.395969  
   709     0.012726     0.396002  
   710     0.012673     0.396013  
   711     0.012615     0.395980  
   712     0.012561     0.395974  
   713     0.012511     0.395966  
   714     0.012459     0.395938  
   715     0.012406     0.395925  
   716     0.012360     0.395907  
   717     0.012308     0.395926  
   718     0.012257     0.395903  
   719     0.012211     0.395953  
   720     0.012161     0.395904  
   721     0.012105     0.395906  
   722     0.012051     0.395929  
   723     0.012004     0.395885  
   724     0.011949     0.395883  
   725     0.011904     0.395824  
   726     0.011848     0.395856  
   727     0.011802     0.395871  
   728     0.011751     0.395872  
   729     0.011699     0.395822  
   730     0.011656     0.395845  
   731     0.011604     0.395864  
   732     0.011556     0.395891  
   733     0.011508     0.395882  
   734     0.011464     0.395853  
   735     0.011407     0.395848  
   736     0.011358     0.395860  
   737     0.011309     0.395888  
   738     0.011258     0.395938  
   739     0.011214     0.395902  
   740     0.011168     0.395935  
   741     0.011116     0.395914  
   742     0.011073     0.395883  
   743     0.011025     0.395893  
   744     0.010978     0.395844  
   745     0.010939     0.395865  
   746     0.010893     0.395795  
   747     0.010844     0.395840  
   748     0.010799     0.395894  
   749     0.010756     0.395883  
   750     0.010711     0.395870  
   751     0.010669     0.395878  
   752     0.010619     0.395898  
   753     0.010572     0.395916  
   754     0.010522     0.395907  
   755     0.010478     0.395910  
   756     0.010434     0.395906  
   757     0.010392     0.395868  
   758     0.010347     0.395845  
   759     0.010307     0.395908  
   760     0.010261     0.395867  
   761     0.010216     0.395868  
   762     0.010180     0.395867  
   763     0.010140     0.395789  
   764     0.010099     0.395800  
   765     0.010056     0.395783  
   766     0.010011     0.395752  
   767     0.009969     0.395778  
   768     0.009929     0.395782  
   769     0.009889     0.395756  
   770     0.009847     0.395758  
   771     0.009802     0.395810  
   772     0.009764     0.395781  
   773     0.009724     0.395779  
   774     0.009681     0.395755  
   775     0.009646     0.395702  
   776     0.009610     0.395740  
   777     0.009572     0.395750  
   778     0.009528     0.395698  
   779     0.009488     0.395685  
   780     0.009443     0.395625  
   781     0.009403     0.395608  
   782     0.009362     0.395547  
   783     0.009323     0.395542  
   784     0.009281     0.395538  
   785     0.009241     0.395505  
   786     0.009201     0.395504  
   787     0.009162     0.395526  
   788     0.009124     0.395479  
   789     0.009086     0.395447  
   790     0.009046     0.395373  
   791     0.009008     0.395381  
   792     0.008970     0.395411  
   793     0.008926     0.395378  
   794     0.008888     0.395358  
   795     0.008850     0.395330  
   796     0.008813     0.395331  
   797     0.008772     0.395299  
   798     0.008736     0.395313  
   799     0.008695     0.395348  
   800     0.008659     0.395359  
   801     0.008625     0.395328  
   802     0.008591     0.395275  
   803     0.008558     0.395285  
   804     0.008521     0.395252  
   805     0.008485     0.395266  
   806     0.008450     0.395269  
   807     0.008414     0.395243  
   808     0.008376     0.395252  
   809     0.008343     0.395227  
   810     0.008308     0.395225  
   811     0.008274     0.395153  
   812     0.008237     0.395196  
   813     0.008201     0.395188  
   814     0.008165     0.395136  
   815     0.008132     0.395155  
   816     0.008099     0.395119  
   817     0.008066     0.395120  
   818     0.008031     0.395107  
   819     0.007999     0.395105  
   820     0.007967     0.395110  
   821     0.007930     0.395076  
   822     0.007901     0.395024  
   823     0.007871     0.395019  
   824     0.007838     0.394947  
   825     0.007803     0.394941  
   826     0.007769     0.394917  
   827     0.007735     0.394924  
   828     0.007702     0.394948  
   829     0.007668     0.394934  
   830     0.007634     0.394912  
   831     0.007603     0.394899  
   832     0.007576     0.394923  
   833     0.007546     0.394936  
   834     0.007517     0.394934  
   835     0.007487     0.394903  
   836     0.007457     0.394914  
   837     0.007428     0.394885  
   838     0.007394     0.394881  
   839     0.007366     0.394897  
   840     0.007333     0.394887  
   841     0.007303     0.394904  
   842     0.007273     0.394890  
   843     0.007242     0.394876  
   844     0.007214     0.394828  
   845     0.007185     0.394872  
   846     0.007158     0.394916  
   847     0.007130     0.394936  
   848     0.007100     0.394919  
   849     0.007073     0.394900  
   850     0.007041     0.394941  
   851     0.007014     0.394914  
   852     0.006986     0.394952  
   853     0.006955     0.394894  
   854     0.006928     0.394910  
   855     0.006900     0.394915  
   856     0.006871     0.394903  
   857     0.006842     0.394895  
   858     0.006813     0.394879  
   859     0.006780     0.394861  
   860     0.006751     0.394902  
   861     0.006726     0.394908  
   862     0.006696     0.394868  
   863     0.006666     0.394865  
   864     0.006639     0.394834  
   865     0.006609     0.394809  
   866     0.006581     0.394810  
   867     0.006554     0.394814  
   868     0.006526     0.394804  
   869     0.006499     0.394800  
   870     0.006475     0.394789  
   871     0.006449     0.394768  
   872     0.006425     0.394760  
   873     0.006397     0.394768  
   874     0.006373     0.394792  
   875     0.006345     0.394802  
   876     0.006316     0.394819  
   877     0.006288     0.394855  
   878     0.006266     0.394838  
   879     0.006241     0.394891  
   880     0.006216     0.394852  
   881     0.006192     0.394880  
   882     0.006167     0.394899  
   883     0.006139     0.394888  
   884     0.006115     0.394900  
   885     0.006088     0.394931  
   886     0.006062     0.394925  
   887     0.006038     0.394908  
   888     0.006011     0.394895  
   889     0.005986     0.394863  
   890     0.005962     0.394856  
   891     0.005938     0.394868  
   892     0.005915     0.394902  
   893     0.005892     0.394922  
   894     0.005868     0.394974  
   895     0.005844     0.394951  
   896     0.005819     0.394968  
   897     0.005795     0.394940  
   898     0.005771     0.394966  
   899     0.005747     0.395005  
   900     0.005724     0.395022  
   901     0.005704     0.394997  
   902     0.005680     0.394996  
   903     0.005656     0.394990  
   904     0.005635     0.395026  
   905     0.005608     0.395001  
   906     0.005582     0.394979  
   907     0.005559     0.394999  
   908     0.005535     0.395032  
   909     0.005511     0.395004  
   910     0.005487     0.395018  
   911     0.005465     0.395021  
   912     0.005444     0.394976  
   913     0.005422     0.394952  
   914     0.005398     0.394927  
   915     0.005374     0.394906  
   916     0.005349     0.394886  
   917     0.005326     0.394874  
   918     0.005304     0.394877  
   919     0.005282     0.394883  
   920     0.005259     0.394905  
   921     0.005239     0.394903  
   922     0.005214     0.394887  
   923     0.005195     0.394893  
   924     0.005174     0.394912  
   925     0.005152     0.394877  
   926     0.005133     0.394896  
   927     0.005110     0.394914  
   928     0.005088     0.394888  
   929     0.005067     0.394937  
   930     0.005047     0.394888  
   931     0.005028     0.394887  
   932     0.005009     0.394898  
   933     0.004988     0.394869  
   934     0.004968     0.394863  
   935     0.004946     0.394874  
   936     0.004925     0.394853  
   937     0.004903     0.394834  
   938     0.004886     0.394773  
   939     0.004865     0.394743  
   940     0.004845     0.394730  
   941     0.004826     0.394711  
   942     0.004806     0.394712  
   943     0.004787     0.394709  
   944     0.004768     0.394691  
   945     0.004747     0.394699  
   946     0.004729     0.394702  
   947     0.004709     0.394699  
   948     0.004691     0.394674  
   949     0.004671     0.394685  
   950     0.004649     0.394670  
   951     0.004628     0.394676  
   952     0.004610     0.394676  
   953     0.004592     0.394684  
   954     0.004573     0.394693  
   955     0.004553     0.394665  
   956     0.004535     0.394695  
   957     0.004517     0.394689  
   958     0.004497     0.394667  
   959     0.004478     0.394677  
   960     0.004461     0.394681  
   961     0.004443     0.394696  
   962     0.004428     0.394700  
   963     0.004408     0.394674  
   964     0.004391     0.394668  
   965     0.004374     0.394646  
   966     0.004354     0.394642  
   967     0.004336     0.394597  
   968     0.004317     0.394585  
   969     0.004298     0.394591  
   970     0.004281     0.394548  
   971     0.004264     0.394551  
   972     0.004246     0.394552  
   973     0.004228     0.394525  
   974     0.004209     0.394514  
   975     0.004193     0.394505  
   976     0.004176     0.394488  
   977     0.004157     0.394450  
   978     0.004137     0.394433  
   979     0.004121     0.394450  
   980     0.004105     0.394482  
   981     0.004088     0.394446  
   982     0.004071     0.394464  
   983     0.004057     0.394467  
   984     0.004039     0.394450  
   985     0.004022     0.394467  
   986     0.004007     0.394487  
   987     0.003990     0.394504  
   988     0.003975     0.394497  
   989     0.003958     0.394490  
   990     0.003942     0.394481  
   991     0.003924     0.394493  
   992     0.003908     0.394478  
   993     0.003892     0.394508  
   994     0.003877     0.394489  
   995     0.003861     0.394477  
   996     0.003844     0.394509  
   997     0.003828     0.394489  
   998     0.003813     0.394494  
   999     0.003797     0.394499  
  1000     0.003780     0.394527  
  1001     0.003765     0.394524  
  1002     0.003749     0.394481  
  1003     0.003734     0.394480  
  1004     0.003719     0.394489  
  1005     0.003703     0.394475  
  1006     0.003689     0.394445  
  1007     0.003673     0.394407  
  1008     0.003659     0.394397  
  1009     0.003646     0.394392  
  1010     0.003630     0.394411  
  1011     0.003615     0.394413  
  1012     0.003601     0.394401  
  1013     0.003589     0.394402  
  1014     0.003575     0.394400  
  1015     0.003561     0.394390  
  1016     0.003546     0.394398  
  1017     0.003530     0.394408  
  1018     0.003516     0.394415  
  1019     0.003503     0.394382  
  1020     0.003488     0.394389  
  1021     0.003473     0.394381  
  1022     0.003458     0.394377  
  1023     0.003443     0.394330  
  1024     0.003428     0.394355  
  1025     0.003415     0.394360  
  1026     0.003402     0.394374  
  1027     0.003389     0.394386  
  1028     0.003374     0.394376  
  1029     0.003360     0.394358  
  1030     0.003347     0.394331  
  1031     0.003333     0.394354  
  1032     0.003320     0.394346  
  1033     0.003305     0.394356  
  1034     0.003293     0.394365  
  1035     0.003280     0.394324  
  1036     0.003266     0.394315  
  1037     0.003253     0.394342  
  1038     0.003239     0.394349  
  1039     0.003224     0.394352  
  1040     0.003211     0.394333  
  1041     0.003195     0.394299  
  1042     0.003182     0.394286  
  1043     0.003167     0.394273  
  1044     0.003154     0.394255  
  1045     0.003141     0.394252  
  1046     0.003127     0.394253  
  1047     0.003112     0.394278  
  1048     0.003099     0.394281  
  1049     0.003087     0.394292  
  1050     0.003075     0.394307  
  1051     0.003062     0.394314  
  1052     0.003051     0.394332  
  1053     0.003039     0.394330  
  1054     0.003026     0.394323  
  1055     0.003013     0.394320  
  1056     0.003001     0.394274  
  1057     0.002990     0.394281  
  1058     0.002979     0.394302  
  1059     0.002969     0.394286  
  1060     0.002957     0.394296  
  1061     0.002945     0.394300  
  1062     0.002934     0.394312  
  1063     0.002922     0.394336  
  1064     0.002910     0.394333  
  1065     0.002898     0.394315  
  1066     0.002887     0.394327  
  1067     0.002876     0.394336  
  1068     0.002865     0.394339  
  1069     0.002854     0.394345  
  1070     0.002842     0.394333  
  1071     0.002830     0.394307  
  1072     0.002818     0.394282  
  1073     0.002807     0.394306  
  1074     0.002796     0.394324  
  1075     0.002785     0.394326  
  1076     0.002774     0.394325  
  1077     0.002763     0.394322  
  1078     0.002752     0.394312  
  1079     0.002742     0.394311  
  1080     0.002732     0.394318  
  1081     0.002721     0.394310  
  1082     0.002709     0.394312  
  1083     0.002700     0.394317  
  1084     0.002690     0.394312  
  1085     0.002679     0.394312  
  1086     0.002668     0.394331  
  1087     0.002656     0.394353  
  1088     0.002647     0.394331  
  1089     0.002635     0.394317  
  1090     0.002624     0.394334  
  1091     0.002614     0.394338  
  1092     0.002603     0.394346  
  1093     0.002593     0.394301  
  1094     0.002583     0.394276  
  1095     0.002572     0.394291  
  1096     0.002561     0.394273  
  1097     0.002550     0.394283  
  1098     0.002539     0.394274  
  1099     0.002527     0.394283  
  1100     0.002518     0.394268  
  1101     0.002508     0.394261  
  1102     0.002498     0.394291  
  1103     0.002488     0.394275  
  1104     0.002479     0.394246  
  1105     0.002469     0.394252  
  1106     0.002460     0.394259  
  1107     0.002450     0.394225  
  1108     0.002441     0.394226  
  1109     0.002432     0.394242  
  1110     0.002423     0.394259  
  1111     0.002413     0.394275  
  1112     0.002403     0.394276  
  1113     0.002393     0.394261  
  1114     0.002384     0.394245  
  1115     0.002373     0.394232  
  1116     0.002362     0.394236  
  1117     0.002353     0.394221  
  1118     0.002343     0.394209  
  1119     0.002334     0.394190  
  1120     0.002324     0.394165  
  1121     0.002315     0.394143  
  1122     0.002306     0.394167  
  1123     0.002298     0.394168  
  1124     0.002289     0.394159  
  1125     0.002280     0.394151  
  1126     0.002271     0.394107  
  1127     0.002262     0.394115  
  1128     0.002252     0.394137  
  1129     0.002243     0.394146  
  1130     0.002234     0.394140  
  1131     0.002225     0.394097  
  1132     0.002215     0.394112  
  1133     0.002206     0.394128  
  1134     0.002197     0.394123  
  1135     0.002188     0.394096  
  1136     0.002180     0.394064  
  1137     0.002171     0.394032  
  1138     0.002161     0.394032  
  1139     0.002153     0.394029  
  1140     0.002144     0.394042  
  1141     0.002134     0.394054  
  1142     0.002126     0.394049  
  1143     0.002117     0.394035  
  1144     0.002109     0.394027  
  1145     0.002100     0.394026  
  1146     0.002091     0.394013  
  1147     0.002083     0.393995  
  1148     0.002075     0.394016  
  1149     0.002066     0.394011  
  1150     0.002058     0.394037  
  1151     0.002050     0.394072  
  1152     0.002042     0.394062  
  1153     0.002034     0.394056  
  1154     0.002026     0.394074  
  1155     0.002018     0.394078  
  1156     0.002010     0.394040  
  1157     0.002002     0.394018  
  1158     0.001994     0.394001  
  1159     0.001986     0.393996  
  1160     0.001978     0.394005  
  1161     0.001970     0.393996  
  1162     0.001962     0.393987  * best
  1163     0.001954     0.394004  
  1164     0.001946     0.393994  
  1165     0.001939     0.394002  
  1166     0.001930     0.393995  
  1167     0.001922     0.394000  
  1168     0.001915     0.394005  
  1169     0.001908     0.394013  
  1170     0.001899     0.394013  
  1171     0.001892     0.394023  
  1172     0.001885     0.394042  
  1173     0.001878     0.394043  
  1174     0.001871     0.394020  
  1175     0.001864     0.394023  
  1176     0.001856     0.394036  
  1177     0.001849     0.394048  
  1178     0.001841     0.394036  
  1179     0.001833     0.394024  
  1180     0.001826     0.394024  
  1181     0.001819     0.394029  
  1182     0.001812     0.394012  
  1183     0.001805     0.394028  
  1184     0.001799     0.394027  
  1185     0.001792     0.394030  
  1186     0.001784     0.394030  
  1187     0.001777     0.394047  
  1188     0.001770     0.394047  
  1189     0.001763     0.394041  
  1190     0.001756     0.394055  
  1191     0.001749     0.394068  
  1192     0.001743     0.394059  
  1193     0.001736     0.394078  
  1194     0.001730     0.394070  
  1195     0.001723     0.394061  
  1196     0.001717     0.394072  
  1197     0.001709     0.394086  
  1198     0.001702     0.394069  
  1199     0.001694     0.394083  
  1200     0.001687     0.394074  
  1201     0.001681     0.394083  
  1202     0.001673     0.394066  
  1203     0.001667     0.394068  
  1204     0.001659     0.394066  
  1205     0.001652     0.394067  
  1206     0.001646     0.394047  
  1207     0.001639     0.394069  
  1208     0.001631     0.394071  
  1209     0.001624     0.394060  
  1210     0.001617     0.394050  
  1211     0.001611     0.394061  
  1212     0.001604     0.394062  
  1213     0.001598     0.394062  
  1214     0.001592     0.394047  
  1215     0.001585     0.394064  
  1216     0.001580     0.394053  
  1217     0.001574     0.394043  
  1218     0.001568     0.394037  
  1219     0.001562     0.394009  
  1220     0.001556     0.394004  
  1221     0.001550     0.394014  
  1222     0.001543     0.394034  
  1223     0.001537     0.394005  
  1224     0.001531     0.394024  
  1225     0.001525     0.394020  
  1226     0.001519     0.394032  
  1227     0.001513     0.394029  
  1228     0.001507     0.394037  
  1229     0.001501     0.394011  
  1230     0.001495     0.394019  
  1231     0.001489     0.394026  
  1232     0.001483     0.394036  
  1233     0.001477     0.394036  
  1234     0.001471     0.394023  
  1235     0.001465     0.394044  
  1236     0.001459     0.394017  
  1237     0.001453     0.394042  
  1238     0.001447     0.394044  
  1239     0.001441     0.394057  
  1240     0.001435     0.394058  
  1241     0.001429     0.394053  
  1242     0.001424     0.394066  
  1243     0.001419     0.394059  
  1244     0.001412     0.394051  
  1245     0.001406     0.394038  
  1246     0.001400     0.394046  
  1247     0.001395     0.394031  
  1248     0.001389     0.394031  
  1249     0.001383     0.394023  
  1250     0.001377     0.394008  
  1251     0.001372     0.394014  
  1252     0.001366     0.394012  
  1253     0.001361     0.394021  
  1254     0.001355     0.394023  
  1255     0.001350     0.394039  
  1256     0.001344     0.394046  
  1257     0.001340     0.394038  
  1258     0.001333     0.394025  
  1259     0.001328     0.394031  
  1260     0.001323     0.394030  
  1261     0.001318     0.394023  
  1262     0.001312     0.394024  
# best iteration 1162 (val l2 0.393987)
# Spearman  train +0.9946  val +0.7848  test +0.7973
