# gbm_seq+boltz_pooled seed 0
# sequence with the pooled Boltz blocks
# inputs 2407, 280 trees
# LightGBM gradient-boosted trees, objective l2, lr 0.05, num_leaves 31, min_data_in_leaf 20, feature_fraction 0.3, bagging 0.8, lambda_l2 1.0, up to 3000 rounds, early stopping 100 on validation l2
# loss = l2 on standardised log10 half-life
#
 round        train          val  note
     1     0.962465     0.811910  
     2     0.927439     0.807004  
     3     0.893214     0.803506  
     4     0.862467     0.799249  
     5     0.835573     0.796846  
     6     0.810599     0.793864  
     7     0.785717     0.788226  
     8     0.761665     0.784943  
     9     0.739673     0.774850  
    10     0.719423     0.768733  
    11     0.700015     0.764778  
    12     0.683484     0.762364  
    13     0.667295     0.759207  
    14     0.651481     0.751787  
    15     0.636983     0.747939  
    16     0.622036     0.745155  
    17     0.608479     0.740153  
    18     0.596428     0.735396  
    19     0.583904     0.733084  
    20     0.572709     0.725767  
    21     0.562823     0.718004  
    22     0.553670     0.712107  
    23     0.545308     0.711334  
    24     0.536375     0.707481  
    25     0.526930     0.700709  
    26     0.519420     0.697922  
    27     0.512353     0.693760  
    28     0.504586     0.689094  
    29     0.497548     0.685486  
    30     0.490393     0.682306  
    31     0.484038     0.681022  
    32     0.477659     0.678913  
    33     0.471592     0.679000  
    34     0.466387     0.677917  
    35     0.460500     0.677095  
    36     0.455077     0.677178  
    37     0.450395     0.674929  
    38     0.444785     0.672433  
    39     0.438874     0.665328  
    40     0.434178     0.663781  
    41     0.429485     0.662894  
    42     0.424948     0.661215  
    43     0.420555     0.660083  
    44     0.416623     0.657528  
    45     0.412770     0.656302  
    46     0.409064     0.654558  
    47     0.405167     0.652106  
    48     0.401736     0.649729  
    49     0.398342     0.648533  
    50     0.394801     0.646586  
    51     0.391092     0.645759  
    52     0.387710     0.645028  
    53     0.384249     0.644221  
    54     0.380677     0.641978  
    55     0.377545     0.641236  
    56     0.373649     0.640985  
    57     0.370531     0.639946  
    58     0.367472     0.639306  
    59     0.364393     0.638586  
    60     0.360910     0.636892  
    61     0.357991     0.634957  
    62     0.355262     0.633983  
    63     0.352146     0.633102  
    64     0.349013     0.631998  
    65     0.346311     0.630430  
    66     0.343629     0.629831  
    67     0.341147     0.629300  
    68     0.338678     0.628108  
    69     0.335775     0.627919  
    70     0.333239     0.627055  
    71     0.330391     0.624983  
    72     0.328280     0.623685  
    73     0.326033     0.623127  
    74     0.323613     0.623108  
    75     0.321223     0.622966  
    76     0.318890     0.623405  
    77     0.316615     0.622333  
    78     0.314507     0.622197  
    79     0.312404     0.620679  
    80     0.310353     0.620776  
    81     0.308192     0.619749  
    82     0.306041     0.618985  
    83     0.303970     0.618341  
    84     0.301819     0.617842  
    85     0.299674     0.619586  
    86     0.297785     0.619333  
    87     0.295636     0.619895  
    88     0.293293     0.620019  
    89     0.291379     0.619705  
    90     0.289510     0.619104  
    91     0.287566     0.620168  
    92     0.285771     0.619945  
    93     0.283876     0.619467  
    94     0.282150     0.619234  
    95     0.280341     0.619489  
    96     0.278688     0.619539  
    97     0.277070     0.619784  
    98     0.275332     0.619719  
    99     0.273361     0.618305  
   100     0.271649     0.618966  
   101     0.269934     0.618341  
   102     0.268275     0.618013  
   103     0.266651     0.618603  
   104     0.264989     0.618709  
   105     0.263431     0.619673  
   106     0.261742     0.619768  
   107     0.260009     0.620616  
   108     0.258390     0.620255  
   109     0.256703     0.619752  
   110     0.255168     0.619162  
   111     0.253611     0.619924  
   112     0.252012     0.621111  
   113     0.250495     0.620982  
   114     0.249020     0.620622  
   115     0.247431     0.620494  
   116     0.245934     0.620656  
   117     0.244485     0.620305  
   118     0.243227     0.620296  
   119     0.241916     0.620254  
   120     0.240528     0.618681  
   121     0.239123     0.618059  
   122     0.237705     0.618740  
   123     0.236397     0.618922  
   124     0.234956     0.619444  
   125     0.233483     0.618778  
   126     0.232155     0.618407  
   127     0.230860     0.618199  
   128     0.229556     0.617615  
   129     0.228172     0.617813  
   130     0.226801     0.616667  
   131     0.225577     0.616265  
   132     0.224253     0.616132  
   133     0.222987     0.616026  
   134     0.221742     0.615800  
   135     0.220515     0.615915  
   136     0.219322     0.615383  
   137     0.218018     0.615080  
   138     0.216800     0.615668  
   139     0.215528     0.615186  
   140     0.214390     0.615153  
   141     0.213116     0.615146  
   142     0.211944     0.615351  
   143     0.210793     0.615386  
   144     0.209648     0.616098  
   145     0.208534     0.615727  
   146     0.207381     0.615851  
   147     0.206306     0.615608  
   148     0.205177     0.615866  
   149     0.204056     0.616027  
   150     0.202937     0.616119  
   151     0.201885     0.615560  
   152     0.200776     0.615390  
   153     0.199694     0.615801  
   154     0.198564     0.615390  
   155     0.197465     0.615683  
   156     0.196450     0.615823  
   157     0.195415     0.615140  
   158     0.194372     0.615302  
   159     0.193393     0.616575  
   160     0.192415     0.617279  
   161     0.191412     0.616792  
   162     0.190399     0.615743  
   163     0.189413     0.616382  
   164     0.188395     0.616155  
   165     0.187415     0.616280  
   166     0.186473     0.615711  
   167     0.185491     0.615585  
   168     0.184466     0.615869  
   169     0.183439     0.615087  
   170     0.182413     0.614898  
   171     0.181525     0.614871  
   172     0.180575     0.614714  
   173     0.179572     0.614673  
   174     0.178642     0.615300  
   175     0.177666     0.615259  
   176     0.176704     0.615135  
   177     0.175887     0.615350  
   178     0.174980     0.615352  
   179     0.174063     0.615120  
   180     0.173132     0.615439  
   181     0.172234     0.615312  
   182     0.171403     0.614960  
   183     0.170497     0.614807  
   184     0.169640     0.614786  
   185     0.168787     0.614351  
   186     0.167955     0.613350  
   187     0.167100     0.613134  
   188     0.166317     0.612678  
   189     0.165533     0.612579  
   190     0.164696     0.611921  
   191     0.163855     0.612047  
   192     0.162990     0.612320  
   193     0.162270     0.612337  
   194     0.161471     0.612601  
   195     0.160661     0.612995  
   196     0.159831     0.612924  
   197     0.159015     0.613348  
   198     0.158236     0.613949  
   199     0.157368     0.613604  
   200     0.156656     0.613486  
   201     0.155904     0.613769  
   202     0.155197     0.613677  
   203     0.154446     0.613850  
   204     0.153690     0.613451  
   205     0.152968     0.613871  
   206     0.152202     0.614120  
   207     0.151431     0.613664  
   208     0.150690     0.613077  
   209     0.149973     0.613018  
   210     0.149197     0.613511  
   211     0.148377     0.613186  
   212     0.147663     0.613526  
   213     0.146917     0.612894  
   214     0.146219     0.613043  
   215     0.145542     0.612908  
   216     0.144823     0.612887  
   217     0.144183     0.613233  
   218     0.143452     0.612613  
   219     0.142812     0.612172  
   220     0.142136     0.612802  
   221     0.141445     0.612115  
   222     0.140755     0.612299  
   223     0.140077     0.612283  
   224     0.139408     0.612304  
   225     0.138752     0.612144  
   226     0.138099     0.612557  
   227     0.137478     0.613057  
   228     0.136793     0.612867  
   229     0.136051     0.613362  
   230     0.135351     0.613175  
   231     0.134726     0.612609  
   232     0.134125     0.612571  
   233     0.133475     0.612701  
   234     0.132863     0.612141  
   235     0.132245     0.612375  
   236     0.131591     0.612323  
   237     0.130980     0.612410  
   238     0.130336     0.611833  
   239     0.129731     0.611868  
   240     0.129129     0.611574  
   241     0.128531     0.612020  
   242     0.127926     0.612004  
   243     0.127341     0.611867  
   244     0.126714     0.611904  
   245     0.126170     0.612379  
   246     0.125566     0.611752  
   247     0.124996     0.611883  
   248     0.124426     0.611853  
   249     0.123873     0.612056  
   250     0.123223     0.611830  
   251     0.122677     0.611799  
   252     0.122070     0.611628  
   253     0.121483     0.611628  
   254     0.120939     0.611736  
   255     0.120381     0.611821  
   256     0.119866     0.611738  
   257     0.119265     0.612220  
   258     0.118727     0.612027  
   259     0.118199     0.612122  
   260     0.117665     0.612357  
   261     0.117129     0.612452  
   262     0.116557     0.612757  
   263     0.116000     0.612480  
   264     0.115432     0.612616  
   265     0.114848     0.612496  
   266     0.114335     0.612139  
   267     0.113731     0.611352  
   268     0.113209     0.610998  
   269     0.112764     0.611005  
   270     0.112277     0.611099  
   271     0.111800     0.610796  
   272     0.111319     0.610967  
   273     0.110812     0.610519  
   274     0.110325     0.610311  
   275     0.109843     0.610108  
   276     0.109326     0.609815  
   277     0.108855     0.609915  
   278     0.108361     0.610019  
   279     0.107848     0.610063  
   280     0.107378     0.609661  * best
   281     0.106920     0.609793  
   282     0.106391     0.610110  
   283     0.105909     0.611916  
   284     0.105457     0.611777  
   285     0.105010     0.611783  
   286     0.104521     0.612166  
   287     0.104015     0.612019  
   288     0.103568     0.612025  
   289     0.103145     0.611963  
   290     0.102707     0.612123  
   291     0.102264     0.611894  
   292     0.101782     0.612206  
   293     0.101314     0.612164  
   294     0.100888     0.612560  
   295     0.100390     0.613182  
   296     0.099986     0.612981  
   297     0.099495     0.613291  
   298     0.099086     0.613326  
   299     0.098655     0.613680  
   300     0.098189     0.613268  
   301     0.097771     0.613328  
   302     0.097389     0.612996  
   303     0.096977     0.613048  
   304     0.096544     0.612577  
   305     0.096121     0.612596  
   306     0.095686     0.612599  
   307     0.095251     0.613016  
   308     0.094828     0.612778  
   309     0.094389     0.612718  
   310     0.094032     0.612899  
   311     0.093632     0.613147  
   312     0.093200     0.613156  
   313     0.092843     0.613125  
   314     0.092466     0.613038  
   315     0.092068     0.612838  
   316     0.091722     0.612921  
   317     0.091338     0.612993  
   318     0.090890     0.612767  
   319     0.090511     0.612546  
   320     0.090123     0.612805  
   321     0.089732     0.613253  
   322     0.089363     0.613293  
   323     0.088950     0.613506  
   324     0.088607     0.613344  
   325     0.088229     0.613157  
   326     0.087852     0.613139  
   327     0.087474     0.613197  
   328     0.087079     0.612889  
   329     0.086702     0.613013  
   330     0.086335     0.612673  
   331     0.085966     0.612781  
   332     0.085580     0.612885  
   333     0.085236     0.612852  
   334     0.084865     0.612898  
   335     0.084479     0.612946  
   336     0.084143     0.613215  
   337     0.083758     0.613308  
   338     0.083433     0.613087  
   339     0.083069     0.613233  
   340     0.082713     0.613521  
   341     0.082397     0.613644  
   342     0.082055     0.613678  
   343     0.081707     0.613689  
   344     0.081349     0.614120  
   345     0.080978     0.613748  
   346     0.080657     0.613822  
   347     0.080293     0.613900  
   348     0.079955     0.613086  
   349     0.079574     0.613300  
   350     0.079298     0.613433  
   351     0.078960     0.613618  
   352     0.078639     0.613796  
   353     0.078308     0.613784  
   354     0.077988     0.613776  
   355     0.077654     0.613743  
   356     0.077336     0.613602  
   357     0.076998     0.613682  
   358     0.076667     0.613998  
   359     0.076327     0.614246  
   360     0.075982     0.614440  
   361     0.075673     0.614493  
   362     0.075353     0.614477  
   363     0.075082     0.614500  
   364     0.074774     0.614329  
   365     0.074431     0.614307  
   366     0.074096     0.614477  
   367     0.073795     0.614314  
   368     0.073467     0.614166  
   369     0.073152     0.614298  
   370     0.072844     0.615011  
   371     0.072559     0.615046  
   372     0.072245     0.615299  
   373     0.071963     0.615505  
   374     0.071644     0.615536  
   375     0.071326     0.615400  
   376     0.071015     0.615175  
   377     0.070722     0.615068  
   378     0.070401     0.615164  
   379     0.070097     0.615340  
   380     0.069817     0.615188  
# best iteration 280 (val l2 0.609661)
# Spearman  train +0.9541  val +0.4098  test +0.6202
