# gbm_boltz+energy seed 0
# boosted trees on boltz+energy
# inputs 1977, 360 trees
# LightGBM gradient-boosted trees, objective l2, lr 0.05, num_leaves 31, min_data_in_leaf 20, feature_fraction 0.3, bagging 0.8, lambda_l2 1.0, up to 3000 rounds, early stopping 100 on validation l2
# loss = l2 on standardised log10 half-life
#
 round        train          val  note
     1     0.959116     0.805595  
     2     0.921872     0.799234  
     3     0.888529     0.794910  
     4     0.857932     0.791310  
     5     0.829165     0.782985  
     6     0.801090     0.777215  
     7     0.775700     0.773111  
     8     0.753228     0.764264  
     9     0.729918     0.755957  
    10     0.708080     0.753365  
    11     0.688303     0.744792  
    12     0.670681     0.739770  
    13     0.654282     0.734392  
    14     0.639237     0.729973  
    15     0.625169     0.725829  
    16     0.611189     0.722352  
    17     0.596743     0.716683  
    18     0.584904     0.712772  
    19     0.573270     0.707151  
    20     0.562711     0.704747  
    21     0.551720     0.699454  
    22     0.540942     0.697415  
    23     0.531026     0.697668  
    24     0.521604     0.695958  
    25     0.512927     0.692974  
    26     0.505219     0.690220  
    27     0.497443     0.687938  
    28     0.490447     0.686842  
    29     0.482838     0.684995  
    30     0.475289     0.684624  
    31     0.469000     0.681684  
    32     0.462766     0.680673  
    33     0.456308     0.680271  
    34     0.450784     0.678518  
    35     0.444758     0.677258  
    36     0.439059     0.673665  
    37     0.433916     0.674408  
    38     0.428932     0.672674  
    39     0.424284     0.671531  
    40     0.419341     0.671475  
    41     0.414434     0.668131  
    42     0.410223     0.667601  
    43     0.405822     0.667391  
    44     0.401851     0.666020  
    45     0.397883     0.665592  
    46     0.393741     0.665422  
    47     0.389779     0.663479  
    48     0.385923     0.663761  
    49     0.382671     0.662183  
    50     0.378974     0.662285  
    51     0.374951     0.661930  
    52     0.371631     0.661911  
    53     0.368400     0.661397  
    54     0.365396     0.659947  
    55     0.362198     0.658317  
    56     0.358980     0.659010  
    57     0.355673     0.658284  
    58     0.352664     0.658481  
    59     0.349685     0.658519  
    60     0.346691     0.657833  
    61     0.344152     0.657752  
    62     0.341347     0.656163  
    63     0.338866     0.655953  
    64     0.336320     0.655678  
    65     0.333595     0.654962  
    66     0.330625     0.653740  
    67     0.328208     0.653664  
    68     0.325580     0.652586  
    69     0.323153     0.652400  
    70     0.320669     0.650602  
    71     0.318134     0.649953  
    72     0.315645     0.649240  
    73     0.313237     0.648716  
    74     0.311005     0.648323  
    75     0.308817     0.648000  
    76     0.306682     0.647008  
    77     0.304642     0.647177  
    78     0.302505     0.646877  
    79     0.300525     0.644744  
    80     0.298315     0.644670  
    81     0.295822     0.643137  
    82     0.293908     0.642870  
    83     0.291836     0.641295  
    84     0.289990     0.639989  
    85     0.288041     0.638806  
    86     0.286133     0.638631  
    87     0.284221     0.639001  
    88     0.282231     0.639795  
    89     0.280287     0.640134  
    90     0.278358     0.639455  
    91     0.276478     0.639716  
    92     0.274545     0.639388  
    93     0.272578     0.637862  
    94     0.270818     0.635873  
    95     0.268921     0.634145  
    96     0.267114     0.635317  
    97     0.265389     0.636213  
    98     0.263756     0.636938  
    99     0.262203     0.636409  
   100     0.260570     0.635606  
   101     0.259000     0.635174  
   102     0.257422     0.634900  
   103     0.255863     0.634137  
   104     0.254234     0.633628  
   105     0.252550     0.634046  
   106     0.250802     0.633992  
   107     0.249267     0.633761  
   108     0.247777     0.633074  
   109     0.246258     0.633556  
   110     0.244791     0.633121  
   111     0.243326     0.633240  
   112     0.241617     0.633077  
   113     0.240204     0.632845  
   114     0.238639     0.633562  
   115     0.237228     0.633867  
   116     0.235767     0.634609  
   117     0.234346     0.634325  
   118     0.233038     0.634326  
   119     0.231755     0.633866  
   120     0.230262     0.634821  
   121     0.228802     0.634213  
   122     0.227460     0.634765  
   123     0.226195     0.634693  
   124     0.224876     0.634147  
   125     0.223572     0.634716  
   126     0.222281     0.634288  
   127     0.220928     0.634099  
   128     0.219707     0.633723  
   129     0.218471     0.634040  
   130     0.217209     0.632921  
   131     0.215974     0.632835  
   132     0.214811     0.632367  
   133     0.213711     0.632238  
   134     0.212601     0.632102  
   135     0.211376     0.631810  
   136     0.210189     0.631376  
   137     0.209008     0.630623  
   138     0.207843     0.630874  
   139     0.206652     0.630672  
   140     0.205511     0.630174  
   141     0.204313     0.629660  
   142     0.203170     0.628918  
   143     0.201995     0.628993  
   144     0.200883     0.628616  
   145     0.199781     0.628110  
   146     0.198699     0.627428  
   147     0.197694     0.627496  
   148     0.196585     0.626950  
   149     0.195440     0.626848  
   150     0.194238     0.627102  
   151     0.193199     0.626738  
   152     0.192110     0.627040  
   153     0.191056     0.626764  
   154     0.190048     0.626432  
   155     0.189077     0.626198  
   156     0.188067     0.625907  
   157     0.187060     0.625703  
   158     0.186047     0.626020  
   159     0.185014     0.626255  
   160     0.184058     0.626528  
   161     0.183058     0.626128  
   162     0.182160     0.626354  
   163     0.181119     0.626345  
   164     0.180087     0.626250  
   165     0.179159     0.627049  
   166     0.178162     0.626364  
   167     0.177169     0.626304  
   168     0.176187     0.626767  
   169     0.175217     0.627261  
   170     0.174289     0.627538  
   171     0.173298     0.627521  
   172     0.172356     0.627217  
   173     0.171480     0.627086  
   174     0.170665     0.626950  
   175     0.169780     0.626735  
   176     0.168902     0.626576  
   177     0.167954     0.626038  
   178     0.167073     0.625265  
   179     0.166134     0.625233  
   180     0.165348     0.625089  
   181     0.164537     0.624424  
   182     0.163679     0.624161  
   183     0.162836     0.623526  
   184     0.162026     0.623517  
   185     0.161188     0.622701  
   186     0.160296     0.622840  
   187     0.159449     0.622355  
   188     0.158577     0.622395  
   189     0.157777     0.621860  
   190     0.156933     0.621378  
   191     0.156104     0.622169  
   192     0.155387     0.622097  
   193     0.154636     0.622325  
   194     0.153747     0.621791  
   195     0.152910     0.621083  
   196     0.152105     0.621062  
   197     0.151305     0.621080  
   198     0.150508     0.621503  
   199     0.149687     0.621332  
   200     0.148969     0.621301  
   201     0.148098     0.620832  
   202     0.147418     0.620619  
   203     0.146675     0.620728  
   204     0.145954     0.620337  
   205     0.145174     0.619246  
   206     0.144494     0.619370  
   207     0.143790     0.619457  
   208     0.143086     0.619130  
   209     0.142376     0.618684  
   210     0.141678     0.618296  
   211     0.140878     0.618049  
   212     0.140162     0.618154  
   213     0.139529     0.618250  
   214     0.138853     0.619225  
   215     0.138091     0.619803  
   216     0.137448     0.619493  
   217     0.136730     0.619563  
   218     0.135958     0.619173  
   219     0.135295     0.619463  
   220     0.134664     0.619255  
   221     0.133988     0.619254  
   222     0.133310     0.619247  
   223     0.132678     0.619267  
   224     0.131999     0.619187  
   225     0.131316     0.618207  
   226     0.130642     0.618027  
   227     0.129935     0.618186  
   228     0.129354     0.618346  
   229     0.128743     0.618134  
   230     0.128101     0.618233  
   231     0.127510     0.618503  
   232     0.126929     0.618637  
   233     0.126314     0.618381  
   234     0.125731     0.618373  
   235     0.125103     0.618722  
   236     0.124534     0.618745  
   237     0.123942     0.618965  
   238     0.123326     0.619435  
   239     0.122727     0.619735  
   240     0.122157     0.619336  
   241     0.121586     0.619269  
   242     0.121015     0.619313  
   243     0.120439     0.619669  
   244     0.119885     0.619564  
   245     0.119293     0.619624  
   246     0.118758     0.619366  
   247     0.118178     0.619359  
   248     0.117602     0.619708  
   249     0.116975     0.618923  
   250     0.116348     0.618761  
   251     0.115771     0.618928  
   252     0.115262     0.618819  
   253     0.114757     0.618719  
   254     0.114190     0.618908  
   255     0.113629     0.618229  
   256     0.113078     0.617723  
   257     0.112534     0.617770  
   258     0.111978     0.617551  
   259     0.111434     0.617520  
   260     0.110901     0.617460  
   261     0.110388     0.617035  
   262     0.109838     0.616756  
   263     0.109313     0.617035  
   264     0.108813     0.617100  
   265     0.108285     0.616505  
   266     0.107795     0.616764  
   267     0.107251     0.616616  
   268     0.106821     0.616869  
   269     0.106292     0.616559  
   270     0.105849     0.616654  
   271     0.105333     0.616531  
   272     0.104853     0.616552  
   273     0.104372     0.616483  
   274     0.103902     0.616362  
   275     0.103437     0.617198  
   276     0.102897     0.617137  
   277     0.102363     0.617499  
   278     0.101855     0.617194  
   279     0.101402     0.617245  
   280     0.100945     0.616673  
   281     0.100513     0.616867  
   282     0.100033     0.617105  
   283     0.099570     0.617279  
   284     0.099103     0.617295  
   285     0.098655     0.617044  
   286     0.098188     0.616720  
   287     0.097747     0.616678  
   288     0.097292     0.617050  
   289     0.096880     0.616705  
   290     0.096421     0.616524  
   291     0.095978     0.616255  
   292     0.095522     0.615927  
   293     0.095095     0.615847  
   294     0.094643     0.615306  
   295     0.094230     0.615234  
   296     0.093768     0.614988  
   297     0.093303     0.615705  
   298     0.092859     0.615742  
   299     0.092425     0.615479  
   300     0.092036     0.615182  
   301     0.091614     0.615291  
   302     0.091172     0.614945  
   303     0.090754     0.614633  
   304     0.090317     0.614449  
   305     0.089914     0.614581  
   306     0.089526     0.614429  
   307     0.089121     0.614053  
   308     0.088730     0.614152  
   309     0.088345     0.614252  
   310     0.087909     0.614331  
   311     0.087494     0.614350  
   312     0.087077     0.614554  
   313     0.086731     0.614379  
   314     0.086322     0.614469  
   315     0.085899     0.614239  
   316     0.085527     0.613553  
   317     0.085107     0.613752  
   318     0.084729     0.613861  
   319     0.084366     0.613513  
   320     0.083948     0.613627  
   321     0.083587     0.613570  
   322     0.083222     0.613455  
   323     0.082864     0.613549  
   324     0.082471     0.613607  
   325     0.082077     0.613627  
   326     0.081714     0.613589  
   327     0.081328     0.613597  
   328     0.080967     0.613418  
   329     0.080601     0.613651  
   330     0.080218     0.612987  
   331     0.079868     0.612665  
   332     0.079567     0.613118  
   333     0.079238     0.612970  
   334     0.078901     0.612826  
   335     0.078560     0.613048  
   336     0.078256     0.613024  
   337     0.077923     0.612759  
   338     0.077591     0.613063  
   339     0.077220     0.613315  
   340     0.076889     0.613296  
   341     0.076531     0.612762  
   342     0.076206     0.613001  
   343     0.075880     0.612516  
   344     0.075541     0.612406  
   345     0.075218     0.612421  
   346     0.074860     0.612101  
   347     0.074537     0.612033  
   348     0.074192     0.612007  
   349     0.073878     0.611906  
   350     0.073552     0.612229  
   351     0.073222     0.611945  
   352     0.072898     0.611887  
   353     0.072580     0.611950  
   354     0.072265     0.612153  
   355     0.071940     0.611841  
   356     0.071613     0.611370  
   357     0.071295     0.611539  
   358     0.070946     0.611431  
   359     0.070620     0.611297  
   360     0.070316     0.611024  * best
   361     0.070029     0.611244  
   362     0.069709     0.611367  
   363     0.069408     0.611441  
   364     0.069110     0.611597  
   365     0.068826     0.611824  
   366     0.068510     0.611937  
   367     0.068218     0.612038  
   368     0.067929     0.611856  
   369     0.067617     0.612090  
   370     0.067348     0.612433  
   371     0.067035     0.612346  
   372     0.066715     0.612038  
   373     0.066429     0.611990  
   374     0.066152     0.611869  
   375     0.065846     0.611568  
   376     0.065585     0.611436  
   377     0.065316     0.611782  
   378     0.065015     0.611707  
   379     0.064763     0.611510  
   380     0.064485     0.611239  
   381     0.064232     0.611434  
   382     0.063914     0.611460  
   383     0.063643     0.611575  
   384     0.063332     0.611605  
   385     0.063053     0.611639  
   386     0.062814     0.611625  
   387     0.062553     0.611473  
   388     0.062263     0.611577  
   389     0.062022     0.611795  
   390     0.061754     0.611899  
   391     0.061496     0.611899  
   392     0.061227     0.611923  
   393     0.060973     0.611979  
   394     0.060712     0.611775  
   395     0.060451     0.611784  
   396     0.060204     0.612245  
   397     0.059947     0.611813  
   398     0.059695     0.611947  
   399     0.059458     0.612064  
   400     0.059203     0.612228  
   401     0.058946     0.612355  
   402     0.058702     0.612444  
   403     0.058440     0.612393  
   404     0.058188     0.612455  
   405     0.057937     0.612182  
   406     0.057686     0.612272  
   407     0.057419     0.612278  
   408     0.057200     0.612500  
   409     0.056964     0.612376  
   410     0.056725     0.612389  
   411     0.056506     0.612435  
   412     0.056276     0.612538  
   413     0.056024     0.612648  
   414     0.055776     0.612544  
   415     0.055544     0.612295  
   416     0.055324     0.612211  
   417     0.055088     0.612069  
   418     0.054844     0.611856  
   419     0.054594     0.611791  
   420     0.054347     0.611674  
   421     0.054127     0.611871  
   422     0.053884     0.612079  
   423     0.053640     0.612117  
   424     0.053405     0.612058  
   425     0.053168     0.611982  
   426     0.052958     0.612038  
   427     0.052718     0.612094  
   428     0.052486     0.612111  
   429     0.052256     0.612074  
   430     0.052005     0.612204  
   431     0.051791     0.611950  
   432     0.051574     0.612194  
   433     0.051358     0.611908  
   434     0.051140     0.611798  
   435     0.050911     0.611372  
   436     0.050687     0.611395  
   437     0.050456     0.611342  
   438     0.050239     0.611902  
   439     0.050046     0.611561  
   440     0.049834     0.612122  
   441     0.049666     0.612115  
   442     0.049459     0.611917  
   443     0.049253     0.612023  
   444     0.049039     0.611919  
   445     0.048823     0.612175  
   446     0.048614     0.612229  
   447     0.048426     0.612327  
   448     0.048214     0.612264  
   449     0.048016     0.612666  
   450     0.047832     0.613113  
   451     0.047601     0.613099  
   452     0.047414     0.613193  
   453     0.047203     0.613171  
   454     0.047017     0.613025  
   455     0.046822     0.612645  
   456     0.046649     0.612558  
   457     0.046434     0.612656  
   458     0.046258     0.612707  
   459     0.046076     0.612681  
   460     0.045909     0.612721  
# best iteration 360 (val l2 0.611024)
# Spearman  train +0.9694  val +0.4178  test +0.6290
