# mlp_node+energy seed 2
# perceptron on node+energy
# inputs [(11950,)], 1,533,889 parameters
# Linear(n_in,128) -> GELU -> Dropout(0.3) -> Linear(128,32) -> GELU -> Dropout(0.3) -> Linear(32,1)
# Adam lr=0.001 weight_decay=0.0001 batch=32 dropout=0.3
# loss = MSE on standardised log10 half-life
# early stopping on validation loss, patience 40, max 300 epochs
#
 epoch  train_batch        train          val  note
     1     4.618778     3.979244     0.886261  * best
     2     6.568013     1.386474     0.957530  
     3     3.100243     0.899634     0.832193  * best
     4     1.456008     1.029280     0.828220  * best
     5     1.175321     0.607839     0.816076  * best
     6     0.694930     0.610426     0.777617  * best
     7     0.828505     0.562414     0.793130  
     8     0.652277     0.535239     0.756716  * best
     9     0.625747     0.502360     0.772089  
    10     0.591901     0.457854     0.787866  
    11     0.575523     0.430941     0.789553  
    12     0.548524     0.420468     0.783467  
    13     0.532014     0.411074     0.780228  
    14     0.515503     0.416804     0.790295  
    15     0.497435     0.371434     0.770856  
    16     0.494499     0.374311     0.752630  * best
    17     0.488727     0.366742     0.770790  
    18     0.472736     0.345080     0.775832  
    19     0.475613     0.320806     0.829409  
    20     0.485711     0.323482     0.790672  
    21     0.528848     0.378160     0.758916  
    22     0.508065     0.364085     0.792240  
    23     0.476060     0.341484     0.749329  * best
    24     0.458945     0.286960     0.808391  
    25     0.454245     0.300864     0.762735  
    26     0.443653     0.325468     0.770580  
    27     0.435373     0.288722     0.773981  
    28     0.446736     0.297155     0.784287  
    29     0.427971     0.305023     0.757589  
    30     0.419902     0.282810     0.817319  
    31     0.456083     0.299022     0.794534  
    32     0.438365     0.287053     0.804431  
    33     0.419531     0.269571     0.797072  
    34     0.415063     0.272188     0.823089  
    35     0.410633     0.276894     0.803889  
    36     0.399643     0.273415     0.761859  
    37     0.414865     0.266781     0.805943  
    38     0.488051     0.270021     0.866902  
    39     0.448150     0.284496     0.821495  
    40     0.416191     0.278302     0.771748  
    41     0.411796     0.291200     0.775988  
    42     0.411766     0.259284     0.830595  
    43     0.401414     0.286750     0.841606  
    44     0.408702     0.291428     0.767792  
    45     0.400992     0.256271     0.804450  
    46     0.399260     0.253442     0.767310  
    47     0.409526     0.271389     0.741308  * best
    48     0.392901     0.232721     0.800198  
    49     0.403297     0.269305     0.819114  
    50     0.394663     0.261670     0.745409  
    51     0.398434     0.279198     0.777080  
    52     0.512638     0.337688     0.751212  
    53     0.479523     0.312142     0.788642  
    54     0.441006     0.264662     0.805620  
    55     0.429022     0.294606     0.781095  
    56     0.432564     0.298989     0.744787  
    57     0.426952     0.261472     0.803136  
    58     0.419852     0.279333     0.781553  
    59     0.412337     0.272879     0.782273  
    60     0.411339     0.257746     0.757415  
    61     0.418587     0.249273     0.795112  
    62     0.417674     0.275177     0.846404  
    63     0.462224     0.269324     0.767600  
    64     0.411086     0.283025     0.787116  
    65     0.420582     0.244557     0.760303  
    66     0.413246     0.283628     0.766305  
    67     0.424244     0.392414     0.751122  
    68     0.448563     0.283934     0.780749  
    69     0.406845     0.279522     0.785506  
    70     0.395996     0.236567     0.787221  
    71     0.394527     0.255350     0.779407  
    72     0.389965     0.274900     0.742975  
    73     0.387963     0.224858     0.774823  
    74     0.394186     0.269423     0.787152  
    75     0.544437     0.364990     0.719456  * best
    76     0.485257     0.283944     0.753630  
    77     0.436107     0.290922     0.768299  
    78     0.481730     0.296065     0.740810  
    79     0.419878     0.276964     0.743205  
    80     0.417237     0.263272     0.736007  
    81     0.415462     0.247203     0.770270  
    82     0.415778     0.243256     0.773675  
    83     0.414188     0.254028     0.794675  
    84     0.446367     0.239419     0.736773  
    85     0.410406     0.302501     0.738090  
    86     0.404309     0.243127     0.764384  
    87     0.414628     0.269389     0.760828  
    88     0.403376     0.275188     0.729363  
    89     0.410555     0.231737     0.757951  
    90     0.416378     0.273738     0.739684  
    91     0.400363     0.236789     0.818570  
    92     0.421153     0.284973     0.784433  
    93     0.422001     0.275937     0.732494  
    94     0.414631     0.239077     0.795069  
    95     0.399070     0.246144     0.795125  
    96     0.399309     0.225105     0.797907  
    97     0.401010     0.257531     0.751451  
    98     0.392813     0.265567     0.736237  
    99     0.391014     0.224921     0.811825  
   100     0.382492     0.231959     0.786662  
   101     0.401238     0.217978     0.780606  
   102     0.384953     0.234115     0.843845  
   103     0.381062     0.217170     0.809836  
   104     0.389342     0.256950     0.757242  
   105     0.389655     0.230141     0.820835  
   106     0.396258     0.213276     0.800308  
   107     0.404855     0.237234     0.788705  
   108     0.389843     0.240550     0.801882  
   109     0.386751     0.248459     0.786513  
   110     0.572449     0.374955     0.759378  
   111     0.496955     0.389749     0.771865  
   112     0.549560     0.358515     0.796648  
   113     0.428982     0.343161     0.745069  
   114     0.541126     0.282231     0.760652  
   115     0.409531     0.260579     0.782269  
# stopped at epoch 115: no improvement for 40 epochs
# restored epoch 75 (val MSE 0.719456)
# Spearman  train +0.8601  val +0.2109  test +0.1969
