# gbm_seq+node+energy seed 0
# boosted trees on seq+node+energy
# inputs 12810, 2,495 trees
# LightGBM gradient-boosted trees, objective l2, lr 0.05, num_leaves 31, min_data_in_leaf 20, feature_fraction 0.3, bagging 0.8, lambda_l2 1.0, up to 3000 rounds, early stopping 100 on validation l2
# loss = l2 on standardised log10 half-life
#
 round        train          val  note
     1     0.966377     0.975942  
     2     0.933833     0.945867  
     3     0.904511     0.919591  
     4     0.877491     0.894668  
     5     0.852173     0.871529  
     6     0.829386     0.851278  
     7     0.808044     0.832722  
     8     0.788052     0.814976  
     9     0.769170     0.798645  
    10     0.751936     0.784298  
    11     0.735799     0.771401  
    12     0.720000     0.759429  
    13     0.706109     0.747655  
    14     0.693091     0.738172  
    15     0.679848     0.727816  
    16     0.668181     0.719770  
    17     0.656390     0.710361  
    18     0.646035     0.702550  
    19     0.635523     0.694035  
    20     0.624781     0.685666  
    21     0.615574     0.678773  
    22     0.607696     0.673745  
    23     0.598700     0.665651  
    24     0.591630     0.660969  
    25     0.584778     0.656537  
    26     0.577275     0.651175  
    27     0.570400     0.645521  
    28     0.563904     0.641859  
    29     0.558653     0.639530  
    30     0.552292     0.636572  
    31     0.545694     0.632388  
    32     0.540083     0.628643  
    33     0.534618     0.625442  
    34     0.528888     0.622527  
    35     0.523477     0.618576  
    36     0.518137     0.614906  
    37     0.513142     0.612236  
    38     0.508160     0.609212  
    39     0.503114     0.606800  
    40     0.498989     0.604696  
    41     0.494381     0.602606  
    42     0.490374     0.601280  
    43     0.485987     0.598876  
    44     0.481708     0.596954  
    45     0.477841     0.594912  
    46     0.473587     0.593097  
    47     0.469681     0.591641  
    48     0.465673     0.589285  
    49     0.461908     0.587350  
    50     0.458430     0.586086  
    51     0.454628     0.584137  
    52     0.450775     0.582762  
    53     0.447505     0.581624  
    54     0.443993     0.580042  
    55     0.440191     0.579299  
    56     0.436694     0.577783  
    57     0.433599     0.576342  
    58     0.430202     0.574700  
    59     0.426973     0.573227  
    60     0.423880     0.572487  
    61     0.420545     0.571271  
    62     0.417672     0.570145  
    63     0.414450     0.569151  
    64     0.411629     0.568025  
    65     0.408831     0.566766  
    66     0.405973     0.565328  
    67     0.402875     0.564084  
    68     0.399909     0.562456  
    69     0.397090     0.561473  
    70     0.394452     0.561347  
    71     0.391520     0.560131  
    72     0.388773     0.558994  
    73     0.386089     0.558332  
    74     0.383565     0.558360  
    75     0.380981     0.556852  
    76     0.378549     0.556316  
    77     0.376141     0.555325  
    78     0.373436     0.554084  
    79     0.370919     0.553184  
    80     0.368389     0.551564  
    81     0.365848     0.550625  
    82     0.363414     0.550357  
    83     0.361150     0.549491  
    84     0.358781     0.548955  
    85     0.356430     0.547695  
    86     0.354213     0.547359  
    87     0.351932     0.546762  
    88     0.349721     0.546142  
    89     0.347362     0.545909  
    90     0.344968     0.545039  
    91     0.342828     0.544122  
    92     0.340564     0.543102  
    93     0.338391     0.542745  
    94     0.336230     0.542092  
    95     0.334083     0.540825  
    96     0.332146     0.540418  
    97     0.330048     0.539629  
    98     0.328045     0.539186  
    99     0.326072     0.538895  
   100     0.324035     0.538388  
   101     0.322108     0.537792  
   102     0.320112     0.537379  
   103     0.318146     0.536676  
   104     0.316182     0.536193  
   105     0.314134     0.535662  
   106     0.312331     0.535559  
   107     0.310298     0.534932  
   108     0.308398     0.534422  
   109     0.306462     0.533566  
   110     0.304679     0.533160  
   111     0.302713     0.532308  
   112     0.300910     0.531731  
   113     0.299006     0.530897  
   114     0.297090     0.530391  
   115     0.295190     0.530155  
   116     0.293475     0.529612  
   117     0.291675     0.529226  
   118     0.289868     0.528783  
   119     0.288217     0.528211  
   120     0.286513     0.527766  
   121     0.284850     0.527631  
   122     0.283196     0.527831  
   123     0.281535     0.527540  
   124     0.279745     0.526783  
   125     0.278124     0.526501  
   126     0.276412     0.525675  
   127     0.274855     0.525589  
   128     0.273235     0.525285  
   129     0.271671     0.525005  
   130     0.269975     0.524655  
   131     0.268366     0.523933  
   132     0.266868     0.523341  
   133     0.265363     0.523066  
   134     0.263897     0.522659  
   135     0.262438     0.522284  
   136     0.260979     0.522050  
   137     0.259504     0.521486  
   138     0.258002     0.521211  
   139     0.256587     0.521203  
   140     0.254853     0.520285  
   141     0.253244     0.519963  
   142     0.251862     0.520006  
   143     0.250265     0.519415  
   144     0.248783     0.519450  
   145     0.247299     0.519553  
   146     0.245923     0.519121  
   147     0.244490     0.518840  
   148     0.243115     0.518194  
   149     0.241650     0.517925  
   150     0.240325     0.517102  
   151     0.238941     0.516624  
   152     0.237495     0.516280  
   153     0.236165     0.516118  
   154     0.234896     0.515518  
   155     0.233578     0.515398  
   156     0.232331     0.515288  
   157     0.231072     0.515456  
   158     0.229723     0.515131  
   159     0.228438     0.514744  
   160     0.227202     0.514584  
   161     0.225767     0.514524  
   162     0.224555     0.514145  
   163     0.223310     0.513660  
   164     0.222096     0.513678  
   165     0.220831     0.513685  
   166     0.219568     0.513188  
   167     0.218359     0.512882  
   168     0.217132     0.512792  
   169     0.215977     0.512516  
   170     0.214862     0.512193  
   171     0.213715     0.511645  
   172     0.212612     0.511354  
   173     0.211525     0.511076  
   174     0.210402     0.511209  
   175     0.209232     0.511244  
   176     0.208022     0.510885  
   177     0.206953     0.510557  
   178     0.205812     0.510175  
   179     0.204731     0.510095  
   180     0.203667     0.509528  
   181     0.202591     0.509498  
   182     0.201615     0.509334  
   183     0.200413     0.508911  
   184     0.199429     0.508649  
   185     0.198413     0.508690  
   186     0.197362     0.508463  
   187     0.196369     0.508039  
   188     0.195379     0.507709  
   189     0.194331     0.507257  
   190     0.193227     0.507009  
   191     0.192200     0.506470  
   192     0.191125     0.506043  
   193     0.190142     0.505947  
   194     0.189084     0.505942  
   195     0.188058     0.505786  
   196     0.186957     0.505207  
   197     0.185957     0.505050  
   198     0.185038     0.505071  
   199     0.184160     0.505243  
   200     0.183139     0.504948  
   201     0.182180     0.505108  
   202     0.181191     0.504929  
   203     0.180259     0.504869  
   204     0.179314     0.504632  
   205     0.178280     0.504344  
   206     0.177350     0.504466  
   207     0.176470     0.504810  
   208     0.175598     0.504588  
   209     0.174671     0.504658  
   210     0.173766     0.504287  
   211     0.172929     0.504205  
   212     0.172047     0.503879  
   213     0.171248     0.504051  
   214     0.170320     0.503852  
   215     0.169427     0.504021  
   216     0.168534     0.504008  
   217     0.167663     0.503737  
   218     0.166795     0.503559  
   219     0.165977     0.503313  
   220     0.165097     0.503513  
   221     0.164301     0.503389  
   222     0.163443     0.503273  
   223     0.162553     0.503166  
   224     0.161809     0.503019  
   225     0.160953     0.502837  
   226     0.160121     0.502676  
   227     0.159248     0.502523  
   228     0.158433     0.501996  
   229     0.157630     0.501943  
   230     0.156837     0.501990  
   231     0.155987     0.501588  
   232     0.155196     0.501443  
   233     0.154421     0.501525  
   234     0.153656     0.501492  
   235     0.152849     0.501330  
   236     0.152077     0.501144  
   237     0.151309     0.500932  
   238     0.150525     0.500931  
   239     0.149734     0.500861  
   240     0.148906     0.500547  
   241     0.148145     0.500087  
   242     0.147367     0.499697  
   243     0.146697     0.499697  
   244     0.145932     0.499567  
   245     0.145192     0.499519  
   246     0.144490     0.499405  
   247     0.143787     0.499192  
   248     0.142940     0.498700  
   249     0.142072     0.498145  
   250     0.141394     0.497774  
   251     0.140744     0.497426  
   252     0.140023     0.497267  
   253     0.139345     0.497310  
   254     0.138693     0.497192  
   255     0.137935     0.497047  
   256     0.137254     0.497217  
   257     0.136607     0.497127  
   258     0.135899     0.496996  
   259     0.135224     0.497183  
   260     0.134585     0.497056  
   261     0.133919     0.496976  
   262     0.133308     0.497068  
   263     0.132660     0.497351  
   264     0.131938     0.497412  
   265     0.131312     0.497394  
   266     0.130684     0.497014  
   267     0.130151     0.497108  
   268     0.129580     0.496835  
   269     0.128910     0.496791  
   270     0.128327     0.496799  
   271     0.127721     0.496656  
   272     0.127081     0.496626  
   273     0.126464     0.496553  
   274     0.125843     0.496526  
   275     0.125228     0.496276  
   276     0.124569     0.496242  
   277     0.123983     0.496183  
   278     0.123310     0.496009  
   279     0.122685     0.495637  
   280     0.122099     0.495591  
   281     0.121484     0.495527  
   282     0.120875     0.495583  
   283     0.120232     0.495467  
   284     0.119625     0.495346  
   285     0.119036     0.495255  
   286     0.118521     0.495502  
   287     0.117962     0.495326  
   288     0.117409     0.495366  
   289     0.116880     0.495131  
   290     0.116289     0.495089  
   291     0.115744     0.494971  
   292     0.115226     0.494845  
   293     0.114671     0.494551  
   294     0.114078     0.494159  
   295     0.113554     0.493993  
   296     0.113042     0.494085  
   297     0.112551     0.493830  
   298     0.112012     0.493818  
   299     0.111499     0.493674  
   300     0.110966     0.493720  
   301     0.110377     0.493688  
   302     0.109859     0.493268  
   303     0.109294     0.493167  
   304     0.108774     0.492980  
   305     0.108247     0.493102  
   306     0.107756     0.493025  
   307     0.107279     0.492865  
   308     0.106720     0.492655  
   309     0.106198     0.492668  
   310     0.105686     0.492710  
   311     0.105165     0.492495  
   312     0.104675     0.492420  
   313     0.104194     0.492338  
   314     0.103695     0.492185  
   315     0.103239     0.492326  
   316     0.102720     0.492250  
   317     0.102252     0.492182  
   318     0.101757     0.491900  
   319     0.101286     0.491885  
   320     0.100817     0.491794  
   321     0.100333     0.491724  
   322     0.099839     0.491499  
   323     0.099356     0.491656  
   324     0.098883     0.491905  
   325     0.098390     0.491804  
   326     0.097896     0.491741  
   327     0.097403     0.491636  
   328     0.096950     0.491796  
   329     0.096507     0.491635  
   330     0.096126     0.491610  
   331     0.095677     0.491640  
   332     0.095227     0.491530  
   333     0.094795     0.491694  
   334     0.094354     0.491584  
   335     0.093921     0.491666  
   336     0.093489     0.491588  
   337     0.093038     0.491663  
   338     0.092606     0.491745  
   339     0.092190     0.491537  
   340     0.091728     0.491620  
   341     0.091335     0.491736  
   342     0.090882     0.491233  
   343     0.090450     0.491200  
   344     0.090018     0.490914  
   345     0.089619     0.491212  
   346     0.089175     0.491116  
   347     0.088790     0.490952  
   348     0.088409     0.490998  
   349     0.088022     0.490993  
   350     0.087621     0.490967  
   351     0.087217     0.491109  
   352     0.086795     0.490932  
   353     0.086389     0.490844  
   354     0.085960     0.490672  
   355     0.085555     0.490684  
   356     0.085125     0.490913  
   357     0.084715     0.490889  
   358     0.084309     0.490736  
   359     0.083954     0.490933  
   360     0.083537     0.490914  
   361     0.083126     0.490912  
   362     0.082724     0.490791  
   363     0.082332     0.490727  
   364     0.081945     0.490514  
   365     0.081543     0.490326  
   366     0.081133     0.490030  
   367     0.080749     0.490039  
   368     0.080361     0.489958  
   369     0.080007     0.489817  
   370     0.079651     0.489891  
   371     0.079271     0.489744  
   372     0.078908     0.489778  
   373     0.078575     0.489691  
   374     0.078219     0.489852  
   375     0.077873     0.489829  
   376     0.077526     0.489794  
   377     0.077180     0.489836  
   378     0.076801     0.489750  
   379     0.076442     0.489595  
   380     0.076085     0.489519  
   381     0.075742     0.489420  
   382     0.075408     0.489436  
   383     0.075052     0.489413  
   384     0.074719     0.489271  
   385     0.074357     0.489359  
   386     0.074020     0.489323  
   387     0.073692     0.489098  
   388     0.073324     0.488933  
   389     0.072988     0.488724  
   390     0.072677     0.488825  
   391     0.072311     0.488700  
   392     0.071968     0.488788  
   393     0.071656     0.488844  
   394     0.071344     0.488807  
   395     0.071046     0.488911  
   396     0.070698     0.488853  
   397     0.070377     0.488804  
   398     0.070062     0.488730  
   399     0.069743     0.488733  
   400     0.069423     0.488788  
   401     0.069092     0.488700  
   402     0.068786     0.488682  
   403     0.068465     0.488742  
   404     0.068175     0.488736  
   405     0.067854     0.488610  
   406     0.067566     0.488757  
   407     0.067278     0.488736  
   408     0.067014     0.488642  
   409     0.066752     0.488520  
   410     0.066466     0.488524  
   411     0.066112     0.488479  
   412     0.065793     0.488613  
   413     0.065485     0.488538  
   414     0.065191     0.488577  
   415     0.064905     0.488623  
   416     0.064649     0.488541  
   417     0.064366     0.488550  
   418     0.064062     0.488529  
   419     0.063790     0.488416  
   420     0.063510     0.488450  
   421     0.063213     0.488343  
   422     0.062926     0.488380  
   423     0.062661     0.488537  
   424     0.062382     0.488405  
   425     0.062128     0.488332  
   426     0.061885     0.488182  
   427     0.061567     0.488223  
   428     0.061316     0.488088  
   429     0.061062     0.488045  
   430     0.060812     0.487920  
   431     0.060520     0.487797  
   432     0.060240     0.487714  
   433     0.059979     0.487647  
   434     0.059728     0.487701  
   435     0.059453     0.487663  
   436     0.059190     0.487604  
   437     0.058928     0.487576  
   438     0.058645     0.487486  
   439     0.058409     0.487430  
   440     0.058156     0.487382  
   441     0.057912     0.487413  
   442     0.057674     0.487513  
   443     0.057405     0.487372  
   444     0.057144     0.487312  
   445     0.056913     0.487372  
   446     0.056661     0.487329  
   447     0.056401     0.487441  
   448     0.056160     0.487509  
   449     0.055887     0.487402  
   450     0.055642     0.487442  
   451     0.055398     0.487328  
   452     0.055177     0.487367  
   453     0.054939     0.487268  
   454     0.054695     0.487136  
   455     0.054446     0.487238  
   456     0.054214     0.487164  
   457     0.053963     0.487258  
   458     0.053719     0.487254  
   459     0.053468     0.487162  
   460     0.053238     0.487148  
   461     0.052991     0.487212  
   462     0.052760     0.487186  
   463     0.052515     0.487041  
   464     0.052253     0.486993  
   465     0.052010     0.486853  
   466     0.051780     0.486741  
   467     0.051553     0.486781  
   468     0.051326     0.486680  
   469     0.051130     0.486758  
   470     0.050919     0.486743  
   471     0.050698     0.486709  
   472     0.050504     0.486708  
   473     0.050289     0.486635  
   474     0.050073     0.486591  
   475     0.049849     0.486535  
   476     0.049641     0.486494  
   477     0.049438     0.486605  
   478     0.049205     0.486505  
   479     0.049016     0.486481  
   480     0.048793     0.486496  
   481     0.048574     0.486506  
   482     0.048383     0.486341  
   483     0.048158     0.486401  
   484     0.047948     0.486322  
   485     0.047758     0.486353  
   486     0.047554     0.486254  
   487     0.047337     0.486171  
   488     0.047116     0.486241  
   489     0.046906     0.486372  
   490     0.046703     0.486279  
   491     0.046497     0.486167  
   492     0.046282     0.486152  
   493     0.046075     0.486237  
   494     0.045882     0.486150  
   495     0.045665     0.486093  
   496     0.045447     0.486204  
   497     0.045251     0.486333  
   498     0.045044     0.486192  
   499     0.044847     0.486193  
   500     0.044651     0.486178  
   501     0.044444     0.486108  
   502     0.044245     0.486058  
   503     0.044043     0.485997  
   504     0.043828     0.485953  
   505     0.043634     0.485929  
   506     0.043452     0.486004  
   507     0.043268     0.486010  
   508     0.043065     0.486048  
   509     0.042881     0.486092  
   510     0.042697     0.485963  
   511     0.042508     0.485869  
   512     0.042325     0.485875  
   513     0.042144     0.485914  
   514     0.041980     0.485995  
   515     0.041789     0.485881  
   516     0.041597     0.485920  
   517     0.041411     0.485743  
   518     0.041214     0.485740  
   519     0.041040     0.485705  
   520     0.040883     0.485752  
   521     0.040698     0.485658  
   522     0.040529     0.485639  
   523     0.040348     0.485678  
   524     0.040160     0.485558  
   525     0.040001     0.485630  
   526     0.039842     0.485556  
   527     0.039654     0.485510  
   528     0.039486     0.485498  
   529     0.039325     0.485474  
   530     0.039153     0.485655  
   531     0.038976     0.485641  
   532     0.038812     0.485687  
   533     0.038646     0.485679  
   534     0.038486     0.485556  
   535     0.038320     0.485505  
   536     0.038159     0.485524  
   537     0.038015     0.485514  
   538     0.037842     0.485503  
   539     0.037678     0.485593  
   540     0.037492     0.485566  
   541     0.037331     0.485456  
   542     0.037167     0.485205  
   543     0.037002     0.485088  
   544     0.036841     0.485065  
   545     0.036683     0.485104  
   546     0.036551     0.485073  
   547     0.036404     0.485073  
   548     0.036252     0.485111  
   549     0.036098     0.485035  
   550     0.035946     0.485104  
   551     0.035798     0.485166  
   552     0.035642     0.485244  
   553     0.035501     0.485249  
   554     0.035360     0.485271  
   555     0.035200     0.485286  
   556     0.035045     0.485289  
   557     0.034906     0.485239  
   558     0.034768     0.485334  
   559     0.034631     0.485326  
   560     0.034465     0.485268  
   561     0.034311     0.485327  
   562     0.034170     0.485345  
   563     0.034044     0.485442  
   564     0.033906     0.485369  
   565     0.033766     0.485456  
   566     0.033612     0.485496  
   567     0.033449     0.485278  
   568     0.033287     0.485348  
   569     0.033134     0.485447  
   570     0.032975     0.485390  
   571     0.032816     0.485363  
   572     0.032671     0.485302  
   573     0.032543     0.485406  
   574     0.032416     0.485318  
   575     0.032293     0.485302  
   576     0.032165     0.485217  
   577     0.032037     0.485182  
   578     0.031890     0.485135  
   579     0.031760     0.485215  
   580     0.031624     0.485224  
   581     0.031483     0.485083  
   582     0.031336     0.485058  
   583     0.031196     0.485076  
   584     0.031048     0.485246  
   585     0.030907     0.485202  
   586     0.030769     0.485137  
   587     0.030635     0.485122  
   588     0.030499     0.485207  
   589     0.030378     0.485059  
   590     0.030249     0.484979  
   591     0.030113     0.484934  
   592     0.029980     0.484854  
   593     0.029860     0.484834  
   594     0.029742     0.484917  
   595     0.029621     0.484856  
   596     0.029486     0.484817  
   597     0.029365     0.484797  
   598     0.029248     0.484773  
   599     0.029131     0.484709  
   600     0.028997     0.484647  
   601     0.028870     0.484648  
   602     0.028736     0.484700  
   603     0.028615     0.484710  
   604     0.028482     0.484599  
   605     0.028370     0.484567  
   606     0.028244     0.484494  
   607     0.028113     0.484457  
   608     0.027988     0.484477  
   609     0.027878     0.484487  
   610     0.027763     0.484478  
   611     0.027634     0.484412  
   612     0.027519     0.484487  
   613     0.027404     0.484547  
   614     0.027295     0.484530  
   615     0.027195     0.484547  
   616     0.027097     0.484503  
   617     0.026986     0.484546  
   618     0.026872     0.484556  
   619     0.026769     0.484538  
   620     0.026661     0.484562  
   621     0.026553     0.484639  
   622     0.026437     0.484527  
   623     0.026320     0.484507  
   624     0.026216     0.484599  
   625     0.026100     0.484509  
   626     0.025986     0.484514  
   627     0.025884     0.484474  
   628     0.025770     0.484534  
   629     0.025661     0.484535  
   630     0.025553     0.484687  
   631     0.025438     0.484562  
   632     0.025327     0.484534  
   633     0.025231     0.484488  
   634     0.025128     0.484462  
   635     0.025010     0.484377  
   636     0.024914     0.484345  
   637     0.024807     0.484426  
   638     0.024711     0.484504  
   639     0.024607     0.484509  
   640     0.024509     0.484572  
   641     0.024402     0.484571  
   642     0.024297     0.484601  
   643     0.024195     0.484666  
   644     0.024089     0.484639  
   645     0.023995     0.484644  
   646     0.023877     0.484623  
   647     0.023777     0.484672  
   648     0.023684     0.484631  
   649     0.023579     0.484641  
   650     0.023479     0.484659  
   651     0.023375     0.484763  
   652     0.023290     0.484817  
   653     0.023186     0.484759  
   654     0.023102     0.484701  
   655     0.022993     0.484632  
   656     0.022899     0.484615  
   657     0.022801     0.484683  
   658     0.022699     0.484678  
   659     0.022594     0.484603  
   660     0.022496     0.484517  
   661     0.022403     0.484480  
   662     0.022303     0.484439  
   663     0.022204     0.484401  
   664     0.022118     0.484360  
   665     0.022027     0.484361  
   666     0.021938     0.484477  
   667     0.021857     0.484444  
   668     0.021776     0.484475  
   669     0.021676     0.484373  
   670     0.021592     0.484301  
   671     0.021515     0.484348  
   672     0.021419     0.484326  
   673     0.021340     0.484239  
   674     0.021254     0.484293  
   675     0.021160     0.484256  
   676     0.021067     0.484273  
   677     0.020974     0.484161  
   678     0.020888     0.484173  
   679     0.020798     0.484173  
   680     0.020705     0.484169  
   681     0.020622     0.484165  
   682     0.020533     0.484095  
   683     0.020441     0.484173  
   684     0.020350     0.484152  
   685     0.020256     0.484113  
   686     0.020179     0.484055  
   687     0.020097     0.484104  
   688     0.020017     0.484100  
   689     0.019931     0.484100  
   690     0.019850     0.484070  
   691     0.019770     0.484067  
   692     0.019695     0.483962  
   693     0.019620     0.484010  
   694     0.019536     0.483970  
   695     0.019459     0.484046  
   696     0.019384     0.484025  
   697     0.019304     0.484036  
   698     0.019226     0.484022  
   699     0.019135     0.484016  
   700     0.019051     0.484071  
   701     0.018974     0.484053  
   702     0.018887     0.483938  
   703     0.018807     0.483929  
   704     0.018727     0.483953  
   705     0.018650     0.483982  
   706     0.018580     0.483995  
   707     0.018509     0.484041  
   708     0.018436     0.483924  
   709     0.018362     0.483808  
   710     0.018287     0.483783  
   711     0.018217     0.483810  
   712     0.018140     0.483793  
   713     0.018057     0.483810  
   714     0.017985     0.483842  
   715     0.017904     0.483780  
   716     0.017830     0.483800  
   717     0.017764     0.483756  
   718     0.017694     0.483705  
   719     0.017615     0.483712  
   720     0.017540     0.483663  
   721     0.017471     0.483662  
   722     0.017398     0.483640  
   723     0.017331     0.483586  
   724     0.017254     0.483520  
   725     0.017179     0.483470  
   726     0.017113     0.483433  
   727     0.017045     0.483519  
   728     0.016979     0.483491  
   729     0.016916     0.483463  
   730     0.016834     0.483483  
   731     0.016762     0.483539  
   732     0.016695     0.483621  
   733     0.016629     0.483582  
   734     0.016563     0.483539  
   735     0.016497     0.483444  
   736     0.016424     0.483424  
   737     0.016358     0.483305  
   738     0.016287     0.483308  
   739     0.016217     0.483232  
   740     0.016147     0.483255  
   741     0.016079     0.483236  
   742     0.016004     0.483195  
   743     0.015940     0.483189  
   744     0.015872     0.483201  
   745     0.015800     0.483142  
   746     0.015733     0.483159  
   747     0.015675     0.483191  
   748     0.015616     0.483176  
   749     0.015557     0.483238  
   750     0.015492     0.483174  
   751     0.015427     0.483143  
   752     0.015359     0.483165  
   753     0.015294     0.483143  
   754     0.015228     0.483105  
   755     0.015166     0.483028  
   756     0.015103     0.483070  
   757     0.015039     0.482961  
   758     0.014979     0.482865  
   759     0.014919     0.482870  
   760     0.014857     0.482798  
   761     0.014792     0.482712  
   762     0.014729     0.482705  
   763     0.014672     0.482716  
   764     0.014611     0.482700  
   765     0.014551     0.482677  
   766     0.014485     0.482600  
   767     0.014419     0.482675  
   768     0.014353     0.482725  
   769     0.014294     0.482786  
   770     0.014233     0.482795  
   771     0.014176     0.482799  
   772     0.014121     0.482867  
   773     0.014073     0.482864  
   774     0.014022     0.482822  
   775     0.013963     0.482830  
   776     0.013909     0.482849  
   777     0.013856     0.482743  
   778     0.013804     0.482697  
   779     0.013749     0.482697  
   780     0.013688     0.482639  
   781     0.013637     0.482635  
   782     0.013581     0.482633  
   783     0.013521     0.482675  
   784     0.013462     0.482651  
   785     0.013411     0.482625  
   786     0.013359     0.482620  
   787     0.013304     0.482637  
   788     0.013243     0.482642  
   789     0.013191     0.482593  
   790     0.013138     0.482615  
   791     0.013087     0.482651  
   792     0.013037     0.482639  
   793     0.012986     0.482677  
   794     0.012932     0.482668  
   795     0.012885     0.482675  
   796     0.012831     0.482641  
   797     0.012772     0.482600  
   798     0.012720     0.482663  
   799     0.012669     0.482577  
   800     0.012623     0.482572  
   801     0.012568     0.482499  
   802     0.012517     0.482562  
   803     0.012467     0.482523  
   804     0.012415     0.482468  
   805     0.012368     0.482421  
   806     0.012316     0.482501  
   807     0.012265     0.482476  
   808     0.012214     0.482460  
   809     0.012163     0.482439  
   810     0.012115     0.482484  
   811     0.012066     0.482425  
   812     0.012024     0.482434  
   813     0.011976     0.482444  
   814     0.011926     0.482444  
   815     0.011882     0.482488  
   816     0.011833     0.482458  
   817     0.011784     0.482432  
   818     0.011740     0.482382  
   819     0.011686     0.482371  
   820     0.011639     0.482355  
   821     0.011591     0.482315  
   822     0.011548     0.482235  
   823     0.011495     0.482215  
   824     0.011450     0.482220  
   825     0.011398     0.482197  
   826     0.011354     0.482230  
   827     0.011312     0.482269  
   828     0.011264     0.482247  
   829     0.011221     0.482224  
   830     0.011173     0.482191  
   831     0.011128     0.482177  
   832     0.011086     0.482252  
   833     0.011038     0.482172  
   834     0.010994     0.482163  
   835     0.010948     0.482078  
   836     0.010905     0.482110  
   837     0.010859     0.482109  
   838     0.010819     0.482051  
   839     0.010776     0.481983  
   840     0.010736     0.481951  
   841     0.010695     0.481983  
   842     0.010653     0.482011  
   843     0.010611     0.482028  
   844     0.010567     0.481946  
   845     0.010522     0.481894  
   846     0.010480     0.481948  
   847     0.010439     0.481933  
   848     0.010399     0.481934  
   849     0.010356     0.481915  
   850     0.010309     0.481934  
   851     0.010268     0.481939  
   852     0.010228     0.481935  
   853     0.010188     0.481957  
   854     0.010149     0.481976  
   855     0.010103     0.481974  
   856     0.010066     0.481918  
   857     0.010022     0.481961  
   858     0.009982     0.481961  
   859     0.009936     0.481962  
   860     0.009897     0.481965  
   861     0.009861     0.481967  
   862     0.009821     0.481951  
   863     0.009781     0.481956  
   864     0.009741     0.481870  
   865     0.009705     0.481878  
   866     0.009668     0.481866  
   867     0.009628     0.481882  
   868     0.009588     0.481885  
   869     0.009547     0.481914  
   870     0.009512     0.481941  
   871     0.009475     0.481904  
   872     0.009435     0.481913  
   873     0.009403     0.481857  
   874     0.009356     0.481794  
   875     0.009313     0.481767  
   876     0.009276     0.481739  
   877     0.009243     0.481718  
   878     0.009201     0.481738  
   879     0.009166     0.481730  
   880     0.009131     0.481728  
   881     0.009091     0.481706  
   882     0.009059     0.481691  
   883     0.009028     0.481709  
   884     0.008988     0.481679  
   885     0.008950     0.481712  
   886     0.008913     0.481705  
   887     0.008881     0.481741  
   888     0.008847     0.481780  
   889     0.008810     0.481742  
   890     0.008778     0.481728  
   891     0.008745     0.481778  
   892     0.008710     0.481722  
   893     0.008675     0.481755  
   894     0.008641     0.481734  
   895     0.008605     0.481694  
   896     0.008567     0.481693  
   897     0.008535     0.481681  
   898     0.008498     0.481643  
   899     0.008461     0.481648  
   900     0.008425     0.481625  
   901     0.008389     0.481655  
   902     0.008356     0.481646  
   903     0.008323     0.481668  
   904     0.008293     0.481634  
   905     0.008258     0.481622  
   906     0.008223     0.481577  
   907     0.008192     0.481600  
   908     0.008162     0.481520  
   909     0.008129     0.481500  
   910     0.008095     0.481476  
   911     0.008062     0.481510  
   912     0.008031     0.481528  
   913     0.008001     0.481559  
   914     0.007972     0.481604  
   915     0.007934     0.481592  
   916     0.007899     0.481626  
   917     0.007869     0.481625  
   918     0.007842     0.481593  
   919     0.007809     0.481578  
   920     0.007778     0.481562  
   921     0.007744     0.481556  
   922     0.007710     0.481573  
   923     0.007685     0.481551  
   924     0.007655     0.481505  
   925     0.007627     0.481497  
   926     0.007595     0.481534  
   927     0.007565     0.481518  
   928     0.007534     0.481484  
   929     0.007507     0.481405  
   930     0.007478     0.481388  
   931     0.007449     0.481335  
   932     0.007419     0.481326  
   933     0.007386     0.481297  
   934     0.007361     0.481283  
   935     0.007333     0.481238  
   936     0.007304     0.481250  
   937     0.007274     0.481331  
   938     0.007243     0.481321  
   939     0.007214     0.481328  
   940     0.007188     0.481286  
   941     0.007159     0.481247  
   942     0.007130     0.481220  
   943     0.007102     0.481251  
   944     0.007072     0.481254  
   945     0.007044     0.481214  
   946     0.007013     0.481213  
   947     0.006984     0.481202  
   948     0.006955     0.481207  
   949     0.006926     0.481190  
   950     0.006899     0.481204  
   951     0.006873     0.481165  
   952     0.006848     0.481153  
   953     0.006821     0.481154  
   954     0.006798     0.481193  
   955     0.006773     0.481195  
   956     0.006744     0.481204  
   957     0.006720     0.481222  
   958     0.006693     0.481211  
   959     0.006668     0.481204  
   960     0.006640     0.481207  
   961     0.006613     0.481226  
   962     0.006584     0.481171  
   963     0.006554     0.481180  
   964     0.006524     0.481218  
   965     0.006497     0.481175  
   966     0.006473     0.481165  
   967     0.006447     0.481207  
   968     0.006421     0.481145  
   969     0.006397     0.481194  
   970     0.006373     0.481253  
   971     0.006346     0.481267  
   972     0.006321     0.481277  
   973     0.006292     0.481312  
   974     0.006268     0.481368  
   975     0.006241     0.481375  
   976     0.006220     0.481369  
   977     0.006196     0.481373  
   978     0.006169     0.481383  
   979     0.006145     0.481347  
   980     0.006119     0.481319  
   981     0.006095     0.481322  
   982     0.006070     0.481342  
   983     0.006047     0.481310  
   984     0.006022     0.481257  
   985     0.005999     0.481225  
   986     0.005976     0.481241  
   987     0.005949     0.481245  
   988     0.005928     0.481242  
   989     0.005905     0.481237  
   990     0.005879     0.481216  
   991     0.005856     0.481198  
   992     0.005828     0.481188  
   993     0.005802     0.481163  
   994     0.005776     0.481127  
   995     0.005751     0.481131  
   996     0.005725     0.481128  
   997     0.005705     0.481152  
   998     0.005684     0.481064  
   999     0.005661     0.481030  
  1000     0.005640     0.481005  
  1001     0.005617     0.481026  
  1002     0.005592     0.481031  
  1003     0.005571     0.481054  
  1004     0.005550     0.481051  
  1005     0.005530     0.481043  
  1006     0.005506     0.481066  
  1007     0.005484     0.481097  
  1008     0.005464     0.481084  
  1009     0.005441     0.481075  
  1010     0.005419     0.481055  
  1011     0.005401     0.481054  
  1012     0.005379     0.481038  
  1013     0.005357     0.481004  
  1014     0.005336     0.480969  
  1015     0.005314     0.480965  
  1016     0.005290     0.480940  
  1017     0.005269     0.480945  
  1018     0.005248     0.480885  
  1019     0.005226     0.480912  
  1020     0.005206     0.480938  
  1021     0.005186     0.480901  
  1022     0.005167     0.480864  
  1023     0.005146     0.480891  
  1024     0.005126     0.480896  
  1025     0.005108     0.480913  
  1026     0.005090     0.480914  
  1027     0.005070     0.480917  
  1028     0.005048     0.480887  
  1029     0.005027     0.480871  
  1030     0.005004     0.480852  
  1031     0.004985     0.480858  
  1032     0.004967     0.480889  
  1033     0.004945     0.480892  
  1034     0.004926     0.480860  
  1035     0.004906     0.480910  
  1036     0.004887     0.480881  
  1037     0.004867     0.480857  
  1038     0.004851     0.480834  
  1039     0.004832     0.480847  
  1040     0.004813     0.480823  
  1041     0.004795     0.480804  
  1042     0.004776     0.480772  
  1043     0.004754     0.480729  
  1044     0.004735     0.480718  
  1045     0.004717     0.480655  
  1046     0.004694     0.480670  
  1047     0.004677     0.480649  
  1048     0.004659     0.480638  
  1049     0.004640     0.480660  
  1050     0.004622     0.480593  
  1051     0.004604     0.480581  
  1052     0.004587     0.480587  
  1053     0.004570     0.480546  
  1054     0.004553     0.480525  
  1055     0.004538     0.480528  
  1056     0.004520     0.480552  
  1057     0.004501     0.480551  
  1058     0.004481     0.480567  
  1059     0.004463     0.480545  
  1060     0.004448     0.480527  
  1061     0.004429     0.480522  
  1062     0.004413     0.480511  
  1063     0.004393     0.480483  
  1064     0.004377     0.480491  
  1065     0.004359     0.480508  
  1066     0.004341     0.480494  
  1067     0.004326     0.480492  
  1068     0.004305     0.480500  
  1069     0.004288     0.480503  
  1070     0.004271     0.480499  
  1071     0.004254     0.480502  
  1072     0.004239     0.480477  
  1073     0.004222     0.480439  
  1074     0.004204     0.480430  
  1075     0.004188     0.480463  
  1076     0.004172     0.480459  
  1077     0.004156     0.480471  
  1078     0.004140     0.480454  
  1079     0.004125     0.480438  
  1080     0.004108     0.480438  
  1081     0.004092     0.480440  
  1082     0.004077     0.480402  
  1083     0.004060     0.480388  
  1084     0.004044     0.480399  
  1085     0.004027     0.480417  
  1086     0.004010     0.480407  
  1087     0.003993     0.480438  
  1088     0.003976     0.480429  
  1089     0.003961     0.480446  
  1090     0.003946     0.480436  
  1091     0.003928     0.480432  
  1092     0.003913     0.480420  
  1093     0.003896     0.480442  
  1094     0.003880     0.480440  
  1095     0.003866     0.480428  
  1096     0.003851     0.480427  
  1097     0.003836     0.480450  
  1098     0.003821     0.480446  
  1099     0.003804     0.480426  
  1100     0.003789     0.480458  
  1101     0.003775     0.480447  
  1102     0.003762     0.480419  
  1103     0.003745     0.480370  
  1104     0.003730     0.480344  
  1105     0.003717     0.480332  
  1106     0.003701     0.480324  
  1107     0.003685     0.480301  
  1108     0.003672     0.480257  
  1109     0.003658     0.480251  
  1110     0.003643     0.480245  
  1111     0.003626     0.480249  
  1112     0.003612     0.480258  
  1113     0.003596     0.480278  
  1114     0.003580     0.480283  
  1115     0.003565     0.480267  
  1116     0.003551     0.480237  
  1117     0.003536     0.480243  
  1118     0.003523     0.480259  
  1119     0.003509     0.480235  
  1120     0.003496     0.480234  
  1121     0.003484     0.480220  
  1122     0.003470     0.480188  
  1123     0.003457     0.480192  
  1124     0.003442     0.480226  
  1125     0.003428     0.480224  
  1126     0.003415     0.480195  
  1127     0.003402     0.480214  
  1128     0.003389     0.480200  
  1129     0.003376     0.480174  
  1130     0.003364     0.480162  
  1131     0.003352     0.480138  
  1132     0.003339     0.480133  
  1133     0.003326     0.480154  
  1134     0.003313     0.480111  
  1135     0.003300     0.480113  
  1136     0.003288     0.480085  
  1137     0.003273     0.480080  
  1138     0.003260     0.480098  
  1139     0.003248     0.480066  
  1140     0.003237     0.480063  
  1141     0.003223     0.480050  
  1142     0.003210     0.480050  
  1143     0.003196     0.480039  
  1144     0.003182     0.480049  
  1145     0.003170     0.480017  
  1146     0.003158     0.480029  
  1147     0.003145     0.479972  
  1148     0.003134     0.479961  
  1149     0.003121     0.479954  
  1150     0.003109     0.479957  
  1151     0.003097     0.480008  
  1152     0.003085     0.480024  
  1153     0.003073     0.480004  
  1154     0.003060     0.479997  
  1155     0.003046     0.479955  
  1156     0.003034     0.479935  
  1157     0.003022     0.479944  
  1158     0.003009     0.479945  
  1159     0.002997     0.479936  
  1160     0.002983     0.479934  
  1161     0.002971     0.479889  
  1162     0.002959     0.479918  
  1163     0.002948     0.479913  
  1164     0.002937     0.479905  
  1165     0.002927     0.479867  
  1166     0.002915     0.479889  
  1167     0.002903     0.479885  
  1168     0.002892     0.479844  
  1169     0.002882     0.479840  
  1170     0.002871     0.479823  
  1171     0.002860     0.479827  
  1172     0.002848     0.479840  
  1173     0.002838     0.479838  
  1174     0.002825     0.479809  
  1175     0.002814     0.479784  
  1176     0.002802     0.479788  
  1177     0.002791     0.479780  
  1178     0.002780     0.479797  
  1179     0.002770     0.479758  
  1180     0.002758     0.479786  
  1181     0.002747     0.479801  
  1182     0.002736     0.479803  
  1183     0.002726     0.479784  
  1184     0.002716     0.479793  
  1185     0.002706     0.479786  
  1186     0.002695     0.479814  
  1187     0.002687     0.479814  
  1188     0.002678     0.479807  
  1189     0.002667     0.479815  
  1190     0.002657     0.479843  
  1191     0.002646     0.479808  
  1192     0.002636     0.479790  
  1193     0.002627     0.479785  
  1194     0.002618     0.479762  
  1195     0.002609     0.479774  
  1196     0.002599     0.479750  
  1197     0.002589     0.479741  
  1198     0.002579     0.479718  
  1199     0.002568     0.479719  
  1200     0.002559     0.479721  
  1201     0.002548     0.479746  
  1202     0.002538     0.479747  
  1203     0.002527     0.479736  
  1204     0.002516     0.479722  
  1205     0.002506     0.479715  
  1206     0.002496     0.479707  
  1207     0.002487     0.479683  
  1208     0.002476     0.479689  
  1209     0.002467     0.479708  
  1210     0.002456     0.479680  
  1211     0.002446     0.479707  
  1212     0.002436     0.479713  
  1213     0.002427     0.479701  
  1214     0.002417     0.479681  
  1215     0.002408     0.479644  
  1216     0.002400     0.479644  
  1217     0.002391     0.479637  
  1218     0.002382     0.479654  
  1219     0.002374     0.479654  
  1220     0.002364     0.479663  
  1221     0.002355     0.479630  
  1222     0.002344     0.479618  
  1223     0.002334     0.479632  
  1224     0.002325     0.479622  
  1225     0.002315     0.479605  
  1226     0.002306     0.479601  
  1227     0.002297     0.479604  
  1228     0.002288     0.479592  
  1229     0.002278     0.479617  
  1230     0.002270     0.479637  
  1231     0.002261     0.479624  
  1232     0.002251     0.479577  
  1233     0.002243     0.479562  
  1234     0.002233     0.479567  
  1235     0.002225     0.479570  
  1236     0.002216     0.479556  
  1237     0.002208     0.479551  
  1238     0.002199     0.479540  
  1239     0.002189     0.479546  
  1240     0.002181     0.479531  
  1241     0.002172     0.479541  
  1242     0.002163     0.479539  
  1243     0.002154     0.479546  
  1244     0.002145     0.479522  
  1245     0.002137     0.479530  
  1246     0.002129     0.479527  
  1247     0.002123     0.479508  
  1248     0.002114     0.479497  
  1249     0.002106     0.479489  
  1250     0.002098     0.479494  
  1251     0.002090     0.479505  
  1252     0.002083     0.479486  
  1253     0.002075     0.479463  
  1254     0.002067     0.479437  
  1255     0.002059     0.479439  
  1256     0.002052     0.479430  
  1257     0.002043     0.479449  
  1258     0.002035     0.479459  
  1259     0.002027     0.479470  
  1260     0.002018     0.479488  
  1261     0.002009     0.479506  
  1262     0.002002     0.479467  
  1263     0.001995     0.479462  
  1264     0.001988     0.479453  
  1265     0.001980     0.479439  
  1266     0.001972     0.479404  
  1267     0.001965     0.479374  
  1268     0.001958     0.479350  
  1269     0.001950     0.479380  
  1270     0.001943     0.479360  
  1271     0.001936     0.479331  
  1272     0.001929     0.479334  
  1273     0.001922     0.479382  
  1274     0.001914     0.479384  
  1275     0.001907     0.479377  
  1276     0.001901     0.479358  
  1277     0.001894     0.479386  
  1278     0.001887     0.479389  
  1279     0.001880     0.479360  
  1280     0.001873     0.479373  
  1281     0.001866     0.479383  
  1282     0.001858     0.479357  
  1283     0.001851     0.479357  
  1284     0.001844     0.479356  
  1285     0.001837     0.479342  
  1286     0.001831     0.479350  
  1287     0.001823     0.479329  
  1288     0.001816     0.479336  
  1289     0.001809     0.479308  
  1290     0.001801     0.479316  
  1291     0.001794     0.479310  
  1292     0.001787     0.479320  
  1293     0.001778     0.479314  
  1294     0.001772     0.479310  
  1295     0.001766     0.479325  
  1296     0.001759     0.479333  
  1297     0.001753     0.479331  
  1298     0.001747     0.479333  
  1299     0.001739     0.479305  
  1300     0.001732     0.479323  
  1301     0.001725     0.479333  
  1302     0.001718     0.479326  
  1303     0.001711     0.479323  
  1304     0.001705     0.479340  
  1305     0.001698     0.479326  
  1306     0.001692     0.479335  
  1307     0.001685     0.479364  
  1308     0.001678     0.479354  
  1309     0.001671     0.479368  
  1310     0.001665     0.479358  
  1311     0.001658     0.479370  
  1312     0.001652     0.479354  
  1313     0.001645     0.479364  
  1314     0.001638     0.479363  
  1315     0.001631     0.479366  
  1316     0.001626     0.479351  
  1317     0.001619     0.479330  
  1318     0.001613     0.479312  
  1319     0.001606     0.479295  
  1320     0.001600     0.479302  
  1321     0.001594     0.479321  
  1322     0.001588     0.479304  
  1323     0.001582     0.479292  
  1324     0.001576     0.479283  
  1325     0.001570     0.479301  
  1326     0.001563     0.479282  
  1327     0.001557     0.479293  
  1328     0.001551     0.479285  
  1329     0.001545     0.479279  
  1330     0.001539     0.479314  
  1331     0.001533     0.479309  
  1332     0.001527     0.479308  
  1333     0.001521     0.479303  
  1334     0.001516     0.479299  
  1335     0.001510     0.479310  
  1336     0.001504     0.479314  
  1337     0.001499     0.479298  
  1338     0.001492     0.479303  
  1339     0.001487     0.479296  
  1340     0.001480     0.479298  
  1341     0.001474     0.479268  
  1342     0.001469     0.479259  
  1343     0.001464     0.479251  
  1344     0.001457     0.479251  
  1345     0.001452     0.479256  
  1346     0.001447     0.479240  
  1347     0.001442     0.479246  
  1348     0.001436     0.479253  
  1349     0.001430     0.479247  
  1350     0.001425     0.479242  
  1351     0.001419     0.479263  
  1352     0.001413     0.479251  
  1353     0.001408     0.479247  
  1354     0.001403     0.479261  
  1355     0.001397     0.479271  
  1356     0.001392     0.479287  
  1357     0.001387     0.479294  
  1358     0.001382     0.479282  
  1359     0.001377     0.479280  
  1360     0.001371     0.479272  
  1361     0.001366     0.479272  
  1362     0.001361     0.479270  
  1363     0.001355     0.479279  
  1364     0.001350     0.479282  
  1365     0.001345     0.479302  
  1366     0.001339     0.479285  
  1367     0.001333     0.479251  
  1368     0.001327     0.479233  
  1369     0.001322     0.479230  
  1370     0.001317     0.479226  
  1371     0.001313     0.479227  
  1372     0.001307     0.479234  
  1373     0.001302     0.479268  
  1374     0.001297     0.479283  
  1375     0.001292     0.479298  
  1376     0.001287     0.479304  
  1377     0.001282     0.479309  
  1378     0.001277     0.479315  
  1379     0.001271     0.479339  
  1380     0.001265     0.479323  
  1381     0.001261     0.479324  
  1382     0.001256     0.479331  
  1383     0.001251     0.479315  
  1384     0.001246     0.479292  
  1385     0.001241     0.479292  
  1386     0.001237     0.479304  
  1387     0.001232     0.479300  
  1388     0.001227     0.479290  
  1389     0.001222     0.479303  
  1390     0.001217     0.479300  
  1391     0.001213     0.479284  
  1392     0.001208     0.479297  
  1393     0.001204     0.479288  
  1394     0.001200     0.479287  
  1395     0.001195     0.479283  
  1396     0.001190     0.479275  
  1397     0.001185     0.479279  
  1398     0.001180     0.479273  
  1399     0.001175     0.479274  
  1400     0.001171     0.479290  
  1401     0.001167     0.479301  
  1402     0.001163     0.479301  
  1403     0.001158     0.479296  
  1404     0.001153     0.479316  
  1405     0.001149     0.479317  
  1406     0.001144     0.479325  
  1407     0.001140     0.479324  
  1408     0.001136     0.479314  
  1409     0.001131     0.479293  
  1410     0.001127     0.479299  
  1411     0.001122     0.479322  
  1412     0.001118     0.479333  
  1413     0.001114     0.479338  
  1414     0.001110     0.479339  
  1415     0.001105     0.479357  
  1416     0.001101     0.479355  
  1417     0.001096     0.479355  
  1418     0.001092     0.479363  
  1419     0.001089     0.479359  
  1420     0.001085     0.479327  
  1421     0.001081     0.479318  
  1422     0.001077     0.479330  
  1423     0.001073     0.479328  
  1424     0.001069     0.479336  
  1425     0.001066     0.479354  
  1426     0.001062     0.479340  
  1427     0.001057     0.479339  
  1428     0.001053     0.479320  
  1429     0.001049     0.479282  
  1430     0.001045     0.479269  
  1431     0.001041     0.479282  
  1432     0.001037     0.479281  
  1433     0.001034     0.479272  
  1434     0.001030     0.479239  
  1435     0.001026     0.479233  
  1436     0.001023     0.479243  
  1437     0.001019     0.479224  
  1438     0.001015     0.479225  
  1439     0.001011     0.479232  
  1440     0.001007     0.479248  
  1441     0.001004     0.479234  
  1442     0.001000     0.479244  
  1443     0.000996     0.479244  
  1444     0.000991     0.479223  
  1445     0.000987     0.479213  
  1446     0.000983     0.479218  
  1447     0.000979     0.479228  
  1448     0.000975     0.479229  
  1449     0.000971     0.479221  
  1450     0.000967     0.479200  
  1451     0.000964     0.479198  
  1452     0.000959     0.479202  
  1453     0.000955     0.479202  
  1454     0.000951     0.479207  
  1455     0.000948     0.479186  
  1456     0.000944     0.479188  
  1457     0.000941     0.479196  
  1458     0.000938     0.479185  
  1459     0.000934     0.479171  
  1460     0.000930     0.479182  
  1461     0.000926     0.479187  
  1462     0.000923     0.479183  
  1463     0.000919     0.479162  
  1464     0.000916     0.479165  
  1465     0.000912     0.479156  
  1466     0.000908     0.479152  
  1467     0.000905     0.479137  
  1468     0.000902     0.479129  
  1469     0.000899     0.479122  
  1470     0.000896     0.479114  
  1471     0.000893     0.479091  
  1472     0.000890     0.479092  
  1473     0.000886     0.479077  
  1474     0.000883     0.479056  
  1475     0.000880     0.479058  
  1476     0.000877     0.479060  
  1477     0.000873     0.479071  
  1478     0.000870     0.479078  
  1479     0.000866     0.479077  
  1480     0.000863     0.479084  
  1481     0.000859     0.479092  
  1482     0.000855     0.479079  
  1483     0.000852     0.479066  
  1484     0.000849     0.479062  
  1485     0.000846     0.479055  
  1486     0.000843     0.479052  
  1487     0.000840     0.479062  
  1488     0.000837     0.479044  
  1489     0.000834     0.479039  
  1490     0.000830     0.479047  
  1491     0.000827     0.479040  
  1492     0.000824     0.479041  
  1493     0.000821     0.479049  
  1494     0.000818     0.479042  
  1495     0.000815     0.479035  
  1496     0.000812     0.479014  
  1497     0.000809     0.478979  
  1498     0.000805     0.478994  
  1499     0.000802     0.479011  
  1500     0.000799     0.478994  
  1501     0.000796     0.478992  
  1502     0.000793     0.478989  
  1503     0.000790     0.478985  
  1504     0.000787     0.478970  
  1505     0.000783     0.478959  
  1506     0.000780     0.478967  
  1507     0.000777     0.478945  
  1508     0.000774     0.478941  
  1509     0.000771     0.478936  
  1510     0.000768     0.478939  
  1511     0.000765     0.478956  
  1512     0.000762     0.478958  
  1513     0.000759     0.478947  
  1514     0.000756     0.478935  
  1515     0.000753     0.478924  
  1516     0.000750     0.478939  
  1517     0.000748     0.478941  
  1518     0.000745     0.478932  
  1519     0.000742     0.478941  
  1520     0.000739     0.478928  
  1521     0.000736     0.478936  
  1522     0.000733     0.478929  
  1523     0.000730     0.478920  
  1524     0.000727     0.478920  
  1525     0.000724     0.478910  
  1526     0.000721     0.478907  
  1527     0.000719     0.478894  
  1528     0.000716     0.478921  
  1529     0.000714     0.478940  
  1530     0.000711     0.478926  
  1531     0.000708     0.478920  
  1532     0.000706     0.478929  
  1533     0.000703     0.478937  
  1534     0.000700     0.478929  
  1535     0.000697     0.478946  
  1536     0.000695     0.478949  
  1537     0.000692     0.478945  
  1538     0.000690     0.478951  
  1539     0.000687     0.478943  
  1540     0.000685     0.478955  
  1541     0.000683     0.478954  
  1542     0.000680     0.478959  
  1543     0.000678     0.478951  
  1544     0.000675     0.478940  
  1545     0.000673     0.478937  
  1546     0.000670     0.478926  
  1547     0.000668     0.478932  
  1548     0.000665     0.478933  
  1549     0.000662     0.478943  
  1550     0.000660     0.478924  
  1551     0.000657     0.478921  
  1552     0.000655     0.478918  
  1553     0.000653     0.478915  
  1554     0.000650     0.478918  
  1555     0.000648     0.478918  
  1556     0.000645     0.478920  
  1557     0.000642     0.478910  
  1558     0.000640     0.478906  
  1559     0.000637     0.478911  
  1560     0.000635     0.478891  
  1561     0.000633     0.478889  
  1562     0.000630     0.478881  
  1563     0.000627     0.478883  
  1564     0.000625     0.478876  
  1565     0.000623     0.478876  
  1566     0.000621     0.478878  
  1567     0.000619     0.478874  
  1568     0.000616     0.478885  
  1569     0.000613     0.478882  
  1570     0.000611     0.478875  
  1571     0.000609     0.478884  
  1572     0.000606     0.478881  
  1573     0.000604     0.478866  
  1574     0.000601     0.478864  
  1575     0.000599     0.478858  
  1576     0.000597     0.478850  
  1577     0.000595     0.478842  
  1578     0.000592     0.478832  
  1579     0.000590     0.478825  
  1580     0.000588     0.478834  
  1581     0.000586     0.478840  
  1582     0.000584     0.478838  
  1583     0.000582     0.478834  
  1584     0.000579     0.478835  
  1585     0.000577     0.478830  
  1586     0.000575     0.478829  
  1587     0.000573     0.478830  
  1588     0.000571     0.478829  
  1589     0.000569     0.478831  
  1590     0.000566     0.478846  
  1591     0.000564     0.478838  
  1592     0.000562     0.478838  
  1593     0.000560     0.478841  
  1594     0.000558     0.478837  
  1595     0.000556     0.478839  
  1596     0.000554     0.478831  
  1597     0.000552     0.478822  
  1598     0.000550     0.478814  
  1599     0.000548     0.478808  
  1600     0.000546     0.478811  
  1601     0.000545     0.478812  
  1602     0.000543     0.478809  
  1603     0.000541     0.478810  
  1604     0.000538     0.478815  
  1605     0.000536     0.478810  
  1606     0.000534     0.478808  
  1607     0.000532     0.478819  
  1608     0.000530     0.478807  
  1609     0.000528     0.478800  
  1610     0.000526     0.478798  
  1611     0.000524     0.478799  
  1612     0.000522     0.478808  
  1613     0.000520     0.478803  
  1614     0.000518     0.478793  
  1615     0.000516     0.478781  
  1616     0.000514     0.478769  
  1617     0.000512     0.478764  
  1618     0.000510     0.478767  
  1619     0.000508     0.478748  
  1620     0.000506     0.478748  
  1621     0.000505     0.478733  
  1622     0.000503     0.478729  
  1623     0.000501     0.478733  
  1624     0.000499     0.478726  
  1625     0.000497     0.478727  
  1626     0.000495     0.478716  
  1627     0.000493     0.478716  
  1628     0.000491     0.478711  
  1629     0.000489     0.478722  
  1630     0.000487     0.478722  
  1631     0.000485     0.478712  
  1632     0.000483     0.478708  
  1633     0.000481     0.478698  
  1634     0.000479     0.478707  
  1635     0.000477     0.478704  
  1636     0.000475     0.478696  
  1637     0.000474     0.478691  
  1638     0.000472     0.478696  
  1639     0.000470     0.478693  
  1640     0.000468     0.478689  
  1641     0.000466     0.478672  
  1642     0.000465     0.478674  
  1643     0.000463     0.478672  
  1644     0.000461     0.478684  
  1645     0.000459     0.478690  
  1646     0.000458     0.478688  
  1647     0.000456     0.478694  
  1648     0.000454     0.478687  
  1649     0.000453     0.478693  
  1650     0.000451     0.478701  
  1651     0.000449     0.478682  
  1652     0.000447     0.478693  
  1653     0.000445     0.478679  
  1654     0.000444     0.478699  
  1655     0.000442     0.478684  
  1656     0.000440     0.478673  
  1657     0.000439     0.478667  
  1658     0.000437     0.478664  
  1659     0.000435     0.478647  
  1660     0.000434     0.478649  
  1661     0.000432     0.478646  
  1662     0.000431     0.478639  
  1663     0.000429     0.478644  
  1664     0.000427     0.478635  
  1665     0.000426     0.478632  
  1666     0.000424     0.478623  
  1667     0.000422     0.478620  
  1668     0.000421     0.478628  
  1669     0.000419     0.478630  
  1670     0.000418     0.478638  
  1671     0.000416     0.478639  
  1672     0.000414     0.478637  
  1673     0.000413     0.478629  
  1674     0.000411     0.478614  
  1675     0.000410     0.478601  
  1676     0.000408     0.478610  
  1677     0.000407     0.478622  
  1678     0.000405     0.478619  
  1679     0.000404     0.478617  
  1680     0.000402     0.478622  
  1681     0.000401     0.478616  
  1682     0.000399     0.478623  
  1683     0.000397     0.478612  
  1684     0.000396     0.478596  
  1685     0.000394     0.478598  
  1686     0.000393     0.478592  
  1687     0.000392     0.478597  
  1688     0.000390     0.478598  
  1689     0.000389     0.478597  
  1690     0.000387     0.478590  
  1691     0.000386     0.478579  
  1692     0.000384     0.478576  
  1693     0.000383     0.478582  
  1694     0.000381     0.478579  
  1695     0.000380     0.478585  
  1696     0.000379     0.478598  
  1697     0.000377     0.478599  
  1698     0.000376     0.478602  
  1699     0.000374     0.478592  
  1700     0.000373     0.478606  
  1701     0.000372     0.478604  
  1702     0.000370     0.478596  
  1703     0.000369     0.478595  
  1704     0.000368     0.478597  
  1705     0.000366     0.478597  
  1706     0.000365     0.478597  
  1707     0.000364     0.478594  
  1708     0.000362     0.478602  
  1709     0.000361     0.478607  
  1710     0.000360     0.478593  
  1711     0.000358     0.478602  
  1712     0.000357     0.478591  
  1713     0.000355     0.478597  
  1714     0.000354     0.478602  
  1715     0.000352     0.478591  
  1716     0.000351     0.478592  
  1717     0.000350     0.478586  
  1718     0.000348     0.478589  
  1719     0.000347     0.478579  
  1720     0.000346     0.478577  
  1721     0.000344     0.478573  
  1722     0.000343     0.478564  
  1723     0.000342     0.478572  
  1724     0.000340     0.478566  
  1725     0.000339     0.478559  
  1726     0.000338     0.478564  
  1727     0.000337     0.478585  
  1728     0.000335     0.478572  
  1729     0.000334     0.478555  
  1730     0.000333     0.478543  
  1731     0.000331     0.478541  
  1732     0.000330     0.478541  
  1733     0.000329     0.478545  
  1734     0.000328     0.478546  
  1735     0.000327     0.478547  
  1736     0.000326     0.478549  
  1737     0.000324     0.478549  
  1738     0.000323     0.478550  
  1739     0.000322     0.478545  
  1740     0.000321     0.478536  
  1741     0.000320     0.478533  
  1742     0.000318     0.478536  
  1743     0.000317     0.478535  
  1744     0.000316     0.478536  
  1745     0.000315     0.478532  
  1746     0.000314     0.478527  
  1747     0.000313     0.478520  
  1748     0.000311     0.478515  
  1749     0.000310     0.478513  
  1750     0.000309     0.478501  
  1751     0.000308     0.478499  
  1752     0.000306     0.478501  
  1753     0.000305     0.478500  
  1754     0.000304     0.478498  
  1755     0.000303     0.478489  
  1756     0.000302     0.478486  
  1757     0.000301     0.478480  
  1758     0.000299     0.478483  
  1759     0.000298     0.478475  
  1760     0.000297     0.478478  
  1761     0.000296     0.478481  
  1762     0.000295     0.478489  
  1763     0.000294     0.478488  
  1764     0.000293     0.478479  
  1765     0.000292     0.478485  
  1766     0.000291     0.478484  
  1767     0.000289     0.478486  
  1768     0.000288     0.478483  
  1769     0.000287     0.478478  
  1770     0.000286     0.478487  
  1771     0.000285     0.478487  
  1772     0.000284     0.478487  
  1773     0.000283     0.478483  
  1774     0.000282     0.478482  
  1775     0.000281     0.478479  
  1776     0.000280     0.478489  
  1777     0.000279     0.478479  
  1778     0.000278     0.478482  
  1779     0.000277     0.478487  
  1780     0.000276     0.478483  
  1781     0.000274     0.478476  
  1782     0.000273     0.478469  
  1783     0.000272     0.478477  
  1784     0.000271     0.478483  
  1785     0.000270     0.478484  
  1786     0.000269     0.478488  
  1787     0.000268     0.478493  
  1788     0.000267     0.478495  
  1789     0.000266     0.478492  
  1790     0.000265     0.478488  
  1791     0.000264     0.478488  
  1792     0.000263     0.478488  
  1793     0.000262     0.478487  
  1794     0.000261     0.478484  
  1795     0.000260     0.478487  
  1796     0.000259     0.478492  
  1797     0.000258     0.478499  
  1798     0.000257     0.478501  
  1799     0.000256     0.478494  
  1800     0.000255     0.478506  
  1801     0.000254     0.478506  
  1802     0.000253     0.478501  
  1803     0.000252     0.478499  
  1804     0.000251     0.478499  
  1805     0.000250     0.478504  
  1806     0.000249     0.478499  
  1807     0.000249     0.478489  
  1808     0.000248     0.478495  
  1809     0.000247     0.478485  
  1810     0.000246     0.478491  
  1811     0.000245     0.478496  
  1812     0.000244     0.478494  
  1813     0.000243     0.478491  
  1814     0.000242     0.478502  
  1815     0.000242     0.478499  
  1816     0.000241     0.478493  
  1817     0.000240     0.478489  
  1818     0.000239     0.478490  
  1819     0.000238     0.478476  
  1820     0.000237     0.478482  
  1821     0.000236     0.478488  
  1822     0.000235     0.478486  
  1823     0.000234     0.478494  
  1824     0.000233     0.478495  
  1825     0.000233     0.478491  
  1826     0.000232     0.478482  
  1827     0.000231     0.478490  
  1828     0.000230     0.478490  
  1829     0.000229     0.478493  
  1830     0.000228     0.478493  
  1831     0.000227     0.478507  
  1832     0.000226     0.478502  
  1833     0.000226     0.478497  
  1834     0.000225     0.478492  
  1835     0.000224     0.478491  
  1836     0.000223     0.478474  
  1837     0.000222     0.478472  
  1838     0.000221     0.478460  
  1839     0.000221     0.478457  
  1840     0.000220     0.478459  
  1841     0.000219     0.478464  
  1842     0.000218     0.478461  
  1843     0.000217     0.478465  
  1844     0.000216     0.478460  
  1845     0.000216     0.478462  
  1846     0.000215     0.478456  
  1847     0.000214     0.478456  
  1848     0.000213     0.478451  
  1849     0.000212     0.478448  
  1850     0.000211     0.478445  
  1851     0.000211     0.478443  
  1852     0.000210     0.478440  
  1853     0.000209     0.478434  
  1854     0.000208     0.478439  
  1855     0.000207     0.478440  
  1856     0.000207     0.478436  
  1857     0.000206     0.478440  
  1858     0.000205     0.478427  
  1859     0.000204     0.478432  
  1860     0.000203     0.478430  
  1861     0.000203     0.478425  
  1862     0.000202     0.478420  
  1863     0.000201     0.478423  
  1864     0.000200     0.478426  
  1865     0.000200     0.478433  
  1866     0.000199     0.478434  
  1867     0.000198     0.478435  
  1868     0.000198     0.478436  
  1869     0.000197     0.478434  
  1870     0.000196     0.478438  
  1871     0.000196     0.478437  
  1872     0.000195     0.478443  
  1873     0.000194     0.478442  
  1874     0.000193     0.478435  
  1875     0.000193     0.478441  
  1876     0.000192     0.478438  
  1877     0.000191     0.478432  
  1878     0.000191     0.478430  
  1879     0.000190     0.478429  
  1880     0.000189     0.478421  
  1881     0.000188     0.478426  
  1882     0.000188     0.478427  
  1883     0.000187     0.478426  
  1884     0.000186     0.478424  
  1885     0.000185     0.478411  
  1886     0.000185     0.478402  
  1887     0.000184     0.478404  
  1888     0.000183     0.478407  
  1889     0.000183     0.478412  
  1890     0.000182     0.478404  
  1891     0.000181     0.478410  
  1892     0.000181     0.478410  
  1893     0.000180     0.478405  
  1894     0.000179     0.478399  
  1895     0.000179     0.478403  
  1896     0.000178     0.478401  
  1897     0.000177     0.478396  
  1898     0.000177     0.478399  
  1899     0.000176     0.478400  
  1900     0.000175     0.478402  
  1901     0.000175     0.478401  
  1902     0.000174     0.478396  
  1903     0.000173     0.478395  
  1904     0.000173     0.478396  
  1905     0.000172     0.478399  
  1906     0.000171     0.478400  
  1907     0.000171     0.478405  
  1908     0.000170     0.478397  
  1909     0.000169     0.478391  
  1910     0.000169     0.478382  
  1911     0.000168     0.478387  
  1912     0.000167     0.478384  
  1913     0.000167     0.478384  
  1914     0.000166     0.478382  
  1915     0.000165     0.478384  
  1916     0.000165     0.478383  
  1917     0.000164     0.478381  
  1918     0.000164     0.478378  
  1919     0.000163     0.478382  
  1920     0.000162     0.478375  
  1921     0.000162     0.478378  
  1922     0.000161     0.478383  
  1923     0.000160     0.478381  
  1924     0.000160     0.478383  
  1925     0.000159     0.478377  
  1926     0.000159     0.478383  
  1927     0.000158     0.478378  
  1928     0.000157     0.478372  
  1929     0.000157     0.478368  
  1930     0.000156     0.478370  
  1931     0.000156     0.478377  
  1932     0.000155     0.478382  
  1933     0.000154     0.478378  
  1934     0.000154     0.478372  
  1935     0.000153     0.478363  
  1936     0.000153     0.478357  
  1937     0.000152     0.478358  
  1938     0.000152     0.478360  
  1939     0.000151     0.478361  
  1940     0.000151     0.478355  
  1941     0.000150     0.478357  
  1942     0.000149     0.478355  
  1943     0.000149     0.478349  
  1944     0.000148     0.478354  
  1945     0.000148     0.478351  
  1946     0.000147     0.478347  
  1947     0.000147     0.478344  
  1948     0.000146     0.478341  
  1949     0.000146     0.478345  
  1950     0.000145     0.478346  
  1951     0.000144     0.478348  
  1952     0.000144     0.478352  
  1953     0.000143     0.478357  
  1954     0.000143     0.478357  
  1955     0.000142     0.478362  
  1956     0.000142     0.478356  
  1957     0.000141     0.478359  
  1958     0.000141     0.478361  
  1959     0.000140     0.478357  
  1960     0.000140     0.478349  
  1961     0.000139     0.478347  
  1962     0.000139     0.478347  
  1963     0.000138     0.478348  
  1964     0.000138     0.478342  
  1965     0.000137     0.478335  
  1966     0.000136     0.478334  
  1967     0.000136     0.478334  
  1968     0.000135     0.478341  
  1969     0.000135     0.478343  
  1970     0.000134     0.478337  
  1971     0.000134     0.478336  
  1972     0.000133     0.478333  
  1973     0.000133     0.478329  
  1974     0.000132     0.478327  
  1975     0.000132     0.478325  
  1976     0.000132     0.478326  
  1977     0.000131     0.478340  
  1978     0.000131     0.478343  
  1979     0.000130     0.478336  
  1980     0.000130     0.478333  
  1981     0.000129     0.478331  
  1982     0.000129     0.478330  
  1983     0.000128     0.478330  
  1984     0.000128     0.478334  
  1985     0.000127     0.478333  
  1986     0.000127     0.478331  
  1987     0.000126     0.478332  
  1988     0.000126     0.478331  
  1989     0.000125     0.478328  
  1990     0.000125     0.478325  
  1991     0.000124     0.478322  
  1992     0.000124     0.478325  
  1993     0.000124     0.478328  
  1994     0.000123     0.478326  
  1995     0.000123     0.478325  
  1996     0.000122     0.478323  
  1997     0.000122     0.478326  
  1998     0.000121     0.478324  
  1999     0.000121     0.478323  
  2000     0.000121     0.478323  
  2001     0.000120     0.478315  
  2002     0.000120     0.478313  
  2003     0.000119     0.478304  
  2004     0.000119     0.478305  
  2005     0.000118     0.478302  
  2006     0.000118     0.478302  
  2007     0.000117     0.478297  
  2008     0.000117     0.478296  
  2009     0.000116     0.478297  
  2010     0.000116     0.478298  
  2011     0.000116     0.478301  
  2012     0.000115     0.478303  
  2013     0.000115     0.478303  
  2014     0.000114     0.478304  
  2015     0.000114     0.478302  
  2016     0.000113     0.478306  
  2017     0.000113     0.478311  
  2018     0.000112     0.478314  
  2019     0.000112     0.478312  
  2020     0.000112     0.478310  
  2021     0.000111     0.478311  
  2022     0.000111     0.478306  
  2023     0.000110     0.478302  
  2024     0.000110     0.478303  
  2025     0.000110     0.478301  
  2026     0.000109     0.478300  
  2027     0.000109     0.478300  
  2028     0.000108     0.478296  
  2029     0.000108     0.478293  
  2030     0.000107     0.478286  
  2031     0.000107     0.478288  
  2032     0.000107     0.478291  
  2033     0.000106     0.478292  
  2034     0.000106     0.478289  
  2035     0.000105     0.478286  
  2036     0.000105     0.478295  
  2037     0.000105     0.478295  
  2038     0.000104     0.478292  
  2039     0.000104     0.478289  
  2040     0.000103     0.478287  
  2041     0.000103     0.478286  
  2042     0.000103     0.478293  
  2043     0.000102     0.478292  
  2044     0.000102     0.478286  
  2045     0.000102     0.478285  
  2046     0.000101     0.478286  
  2047     0.000101     0.478289  
  2048     0.000101     0.478285  
  2049     0.000100     0.478288  
  2050     0.000100     0.478287  
  2051     0.000100     0.478282  
  2052     0.000099     0.478282  
  2053     0.000099     0.478282  
  2054     0.000098     0.478288  
  2055     0.000098     0.478287  
  2056     0.000098     0.478287  
  2057     0.000097     0.478288  
  2058     0.000097     0.478289  
  2059     0.000097     0.478285  
  2060     0.000096     0.478279  
  2061     0.000096     0.478281  
  2062     0.000096     0.478278  
  2063     0.000095     0.478278  
  2064     0.000095     0.478281  
  2065     0.000094     0.478289  
  2066     0.000094     0.478282  
  2067     0.000094     0.478283  
  2068     0.000093     0.478282  
  2069     0.000093     0.478281  
  2070     0.000093     0.478283  
  2071     0.000092     0.478285  
  2072     0.000092     0.478284  
  2073     0.000092     0.478282  
  2074     0.000091     0.478277  
  2075     0.000091     0.478280  
  2076     0.000091     0.478283  
  2077     0.000090     0.478284  
  2078     0.000090     0.478281  
  2079     0.000090     0.478279  
  2080     0.000089     0.478278  
  2081     0.000089     0.478279  
  2082     0.000089     0.478280  
  2083     0.000088     0.478275  
  2084     0.000088     0.478276  
  2085     0.000088     0.478277  
  2086     0.000087     0.478281  
  2087     0.000087     0.478278  
  2088     0.000087     0.478277  
  2089     0.000086     0.478277  
  2090     0.000086     0.478277  
  2091     0.000086     0.478273  
  2092     0.000085     0.478268  
  2093     0.000085     0.478267  
  2094     0.000085     0.478267  
  2095     0.000084     0.478270  
  2096     0.000084     0.478271  
  2097     0.000084     0.478272  
  2098     0.000083     0.478276  
  2099     0.000083     0.478274  
  2100     0.000083     0.478275  
  2101     0.000082     0.478276  
  2102     0.000082     0.478280  
  2103     0.000082     0.478278  
  2104     0.000082     0.478275  
  2105     0.000081     0.478274  
  2106     0.000081     0.478281  
  2107     0.000081     0.478278  
  2108     0.000080     0.478279  
  2109     0.000080     0.478276  
  2110     0.000080     0.478275  
  2111     0.000079     0.478276  
  2112     0.000079     0.478279  
  2113     0.000079     0.478278  
  2114     0.000079     0.478277  
  2115     0.000078     0.478279  
  2116     0.000078     0.478280  
  2117     0.000078     0.478279  
  2118     0.000077     0.478270  
  2119     0.000077     0.478267  
  2120     0.000077     0.478265  
  2121     0.000077     0.478264  
  2122     0.000076     0.478262  
  2123     0.000076     0.478263  
  2124     0.000076     0.478266  
  2125     0.000075     0.478264  
  2126     0.000075     0.478262  
  2127     0.000075     0.478259  
  2128     0.000074     0.478253  
  2129     0.000074     0.478258  
  2130     0.000074     0.478263  
  2131     0.000074     0.478264  
  2132     0.000073     0.478260  
  2133     0.000073     0.478265  
  2134     0.000073     0.478270  
  2135     0.000073     0.478265  
  2136     0.000072     0.478260  
  2137     0.000072     0.478258  
  2138     0.000072     0.478255  
  2139     0.000072     0.478250  
  2140     0.000071     0.478252  
  2141     0.000071     0.478249  
  2142     0.000071     0.478253  
  2143     0.000071     0.478253  
  2144     0.000070     0.478251  
  2145     0.000070     0.478250  
  2146     0.000070     0.478247  
  2147     0.000069     0.478251  
  2148     0.000069     0.478252  
  2149     0.000069     0.478250  
  2150     0.000069     0.478249  
  2151     0.000068     0.478251  
  2152     0.000068     0.478248  
  2153     0.000068     0.478247  
  2154     0.000068     0.478251  
  2155     0.000067     0.478250  
  2156     0.000067     0.478247  
  2157     0.000067     0.478252  
  2158     0.000067     0.478253  
  2159     0.000066     0.478251  
  2160     0.000066     0.478247  
  2161     0.000066     0.478248  
  2162     0.000066     0.478248  
  2163     0.000065     0.478250  
  2164     0.000065     0.478251  
  2165     0.000065     0.478253  
  2166     0.000065     0.478256  
  2167     0.000064     0.478256  
  2168     0.000064     0.478254  
  2169     0.000064     0.478250  
  2170     0.000064     0.478251  
  2171     0.000063     0.478251  
  2172     0.000063     0.478256  
  2173     0.000063     0.478258  
  2174     0.000063     0.478252  
  2175     0.000062     0.478249  
  2176     0.000062     0.478252  
  2177     0.000062     0.478252  
  2178     0.000062     0.478249  
  2179     0.000061     0.478246  
  2180     0.000061     0.478244  
  2181     0.000061     0.478240  
  2182     0.000061     0.478243  
  2183     0.000061     0.478246  
  2184     0.000060     0.478246  
  2185     0.000060     0.478246  
  2186     0.000060     0.478246  
  2187     0.000060     0.478249  
  2188     0.000059     0.478250  
  2189     0.000059     0.478254  
  2190     0.000059     0.478257  
  2191     0.000059     0.478257  
  2192     0.000059     0.478260  
  2193     0.000058     0.478256  
  2194     0.000058     0.478253  
  2195     0.000058     0.478250  
  2196     0.000058     0.478242  
  2197     0.000058     0.478244  
  2198     0.000057     0.478242  
  2199     0.000057     0.478243  
  2200     0.000057     0.478245  
  2201     0.000057     0.478248  
  2202     0.000056     0.478248  
  2203     0.000056     0.478249  
  2204     0.000056     0.478246  
  2205     0.000056     0.478244  
  2206     0.000056     0.478246  
  2207     0.000055     0.478246  
  2208     0.000055     0.478246  
  2209     0.000055     0.478243  
  2210     0.000055     0.478241  
  2211     0.000055     0.478238  
  2212     0.000054     0.478232  
  2213     0.000054     0.478233  
  2214     0.000054     0.478227  
  2215     0.000054     0.478225  
  2216     0.000054     0.478225  
  2217     0.000053     0.478228  
  2218     0.000053     0.478226  
  2219     0.000053     0.478227  
  2220     0.000053     0.478228  
  2221     0.000053     0.478229  
  2222     0.000052     0.478233  
  2223     0.000052     0.478236  
  2224     0.000052     0.478233  
  2225     0.000052     0.478234  
  2226     0.000052     0.478233  
  2227     0.000051     0.478234  
  2228     0.000051     0.478237  
  2229     0.000051     0.478236  
  2230     0.000051     0.478232  
  2231     0.000051     0.478228  
  2232     0.000050     0.478229  
  2233     0.000050     0.478230  
  2234     0.000050     0.478229  
  2235     0.000050     0.478230  
  2236     0.000050     0.478229  
  2237     0.000050     0.478225  
  2238     0.000049     0.478226  
  2239     0.000049     0.478232  
  2240     0.000049     0.478233  
  2241     0.000049     0.478236  
  2242     0.000049     0.478236  
  2243     0.000048     0.478231  
  2244     0.000048     0.478235  
  2245     0.000048     0.478237  
  2246     0.000048     0.478238  
  2247     0.000048     0.478235  
  2248     0.000048     0.478235  
  2249     0.000047     0.478236  
  2250     0.000047     0.478233  
  2251     0.000047     0.478235  
  2252     0.000047     0.478233  
  2253     0.000047     0.478231  
  2254     0.000046     0.478233  
  2255     0.000046     0.478234  
  2256     0.000046     0.478236  
  2257     0.000046     0.478239  
  2258     0.000046     0.478238  
  2259     0.000046     0.478236  
  2260     0.000045     0.478234  
  2261     0.000045     0.478231  
  2262     0.000045     0.478229  
  2263     0.000045     0.478227  
  2264     0.000045     0.478225  
  2265     0.000045     0.478224  
  2266     0.000044     0.478223  
  2267     0.000044     0.478222  
  2268     0.000044     0.478221  
  2269     0.000044     0.478216  
  2270     0.000044     0.478214  
  2271     0.000044     0.478212  
  2272     0.000043     0.478214  
  2273     0.000043     0.478211  
  2274     0.000043     0.478210  
  2275     0.000043     0.478213  
  2276     0.000043     0.478215  
  2277     0.000043     0.478212  
  2278     0.000043     0.478211  
  2279     0.000042     0.478208  
  2280     0.000042     0.478207  
  2281     0.000042     0.478208  
  2282     0.000042     0.478211  
  2283     0.000042     0.478210  
  2284     0.000042     0.478210  
  2285     0.000041     0.478209  
  2286     0.000041     0.478209  
  2287     0.000041     0.478209  
  2288     0.000041     0.478210  
  2289     0.000041     0.478210  
  2290     0.000041     0.478203  
  2291     0.000041     0.478200  
  2292     0.000040     0.478198  
  2293     0.000040     0.478196  
  2294     0.000040     0.478195  
  2295     0.000040     0.478196  
  2296     0.000040     0.478196  
  2297     0.000040     0.478196  
  2298     0.000040     0.478197  
  2299     0.000039     0.478198  
  2300     0.000039     0.478201  
  2301     0.000039     0.478201  
  2302     0.000039     0.478201  
  2303     0.000039     0.478203  
  2304     0.000039     0.478203  
  2305     0.000039     0.478201  
  2306     0.000038     0.478197  
  2307     0.000038     0.478198  
  2308     0.000038     0.478201  
  2309     0.000038     0.478204  
  2310     0.000038     0.478201  
  2311     0.000038     0.478203  
  2312     0.000038     0.478204  
  2313     0.000037     0.478204  
  2314     0.000037     0.478204  
  2315     0.000037     0.478203  
  2316     0.000037     0.478203  
  2317     0.000037     0.478200  
  2318     0.000037     0.478197  
  2319     0.000037     0.478198  
  2320     0.000036     0.478195  
  2321     0.000036     0.478197  
  2322     0.000036     0.478194  
  2323     0.000036     0.478194  
  2324     0.000036     0.478195  
  2325     0.000036     0.478195  
  2326     0.000036     0.478195  
  2327     0.000035     0.478196  
  2328     0.000035     0.478195  
  2329     0.000035     0.478192  
  2330     0.000035     0.478191  
  2331     0.000035     0.478188  
  2332     0.000035     0.478187  
  2333     0.000035     0.478189  
  2334     0.000035     0.478190  
  2335     0.000035     0.478188  
  2336     0.000034     0.478189  
  2337     0.000034     0.478193  
  2338     0.000034     0.478192  
  2339     0.000034     0.478195  
  2340     0.000034     0.478196  
  2341     0.000034     0.478196  
  2342     0.000034     0.478197  
  2343     0.000034     0.478195  
  2344     0.000033     0.478194  
  2345     0.000033     0.478198  
  2346     0.000033     0.478199  
  2347     0.000033     0.478200  
  2348     0.000033     0.478200  
  2349     0.000033     0.478199  
  2350     0.000033     0.478199  
  2351     0.000033     0.478201  
  2352     0.000032     0.478199  
  2353     0.000032     0.478196  
  2354     0.000032     0.478195  
  2355     0.000032     0.478193  
  2356     0.000032     0.478193  
  2357     0.000032     0.478189  
  2358     0.000032     0.478191  
  2359     0.000032     0.478187  
  2360     0.000031     0.478188  
  2361     0.000031     0.478185  
  2362     0.000031     0.478185  
  2363     0.000031     0.478185  
  2364     0.000031     0.478185  
  2365     0.000031     0.478186  
  2366     0.000031     0.478185  
  2367     0.000031     0.478188  
  2368     0.000031     0.478186  
  2369     0.000030     0.478187  
  2370     0.000030     0.478186  
  2371     0.000030     0.478184  
  2372     0.000030     0.478184  
  2373     0.000030     0.478182  
  2374     0.000030     0.478179  
  2375     0.000030     0.478181  
  2376     0.000030     0.478182  
  2377     0.000030     0.478181  
  2378     0.000029     0.478180  
  2379     0.000029     0.478179  
  2380     0.000029     0.478182  
  2381     0.000029     0.478180  
  2382     0.000029     0.478183  
  2383     0.000029     0.478184  
  2384     0.000029     0.478183  
  2385     0.000029     0.478183  
  2386     0.000029     0.478183  
  2387     0.000028     0.478183  
  2388     0.000028     0.478183  
  2389     0.000028     0.478183  
  2390     0.000028     0.478183  
  2391     0.000028     0.478182  
  2392     0.000028     0.478183  
  2393     0.000028     0.478181  
  2394     0.000028     0.478179  
  2395     0.000028     0.478177  
  2396     0.000028     0.478177  
  2397     0.000027     0.478175  
  2398     0.000027     0.478175  
  2399     0.000027     0.478174  
  2400     0.000027     0.478171  
  2401     0.000027     0.478173  
  2402     0.000027     0.478173  
  2403     0.000027     0.478174  
  2404     0.000027     0.478171  
  2405     0.000027     0.478173  
  2406     0.000027     0.478176  
  2407     0.000026     0.478175  
  2408     0.000026     0.478173  
  2409     0.000026     0.478172  
  2410     0.000026     0.478171  
  2411     0.000026     0.478171  
  2412     0.000026     0.478169  
  2413     0.000026     0.478170  
  2414     0.000026     0.478168  
  2415     0.000026     0.478169  
  2416     0.000026     0.478170  
  2417     0.000026     0.478170  
  2418     0.000025     0.478170  
  2419     0.000025     0.478172  
  2420     0.000025     0.478173  
  2421     0.000025     0.478172  
  2422     0.000025     0.478172  
  2423     0.000025     0.478170  
  2424     0.000025     0.478169  
  2425     0.000025     0.478167  
  2426     0.000025     0.478165  
  2427     0.000025     0.478163  
  2428     0.000025     0.478164  
  2429     0.000024     0.478161  
  2430     0.000024     0.478162  
  2431     0.000024     0.478165  
  2432     0.000024     0.478163  
  2433     0.000024     0.478164  
  2434     0.000024     0.478162  
  2435     0.000024     0.478164  
  2436     0.000024     0.478165  
  2437     0.000024     0.478166  
  2438     0.000024     0.478163  
  2439     0.000024     0.478163  
  2440     0.000023     0.478162  
  2441     0.000023     0.478159  
  2442     0.000023     0.478157  
  2443     0.000023     0.478159  
  2444     0.000023     0.478158  
  2445     0.000023     0.478157  
  2446     0.000023     0.478158  
  2447     0.000023     0.478158  
  2448     0.000023     0.478160  
  2449     0.000023     0.478160  
  2450     0.000023     0.478163  
  2451     0.000023     0.478163  
  2452     0.000022     0.478164  
  2453     0.000022     0.478164  
  2454     0.000022     0.478164  
  2455     0.000022     0.478159  
  2456     0.000022     0.478156  
  2457     0.000022     0.478156  
  2458     0.000022     0.478157  
  2459     0.000022     0.478159  
  2460     0.000022     0.478160  
  2461     0.000022     0.478158  
  2462     0.000022     0.478160  
  2463     0.000022     0.478161  
  2464     0.000021     0.478160  
  2465     0.000021     0.478158  
  2466     0.000021     0.478158  
  2467     0.000021     0.478156  
  2468     0.000021     0.478157  
  2469     0.000021     0.478156  
  2470     0.000021     0.478157  
  2471     0.000021     0.478156  
  2472     0.000021     0.478157  
  2473     0.000021     0.478152  
  2474     0.000021     0.478152  
  2475     0.000021     0.478151  
  2476     0.000021     0.478152  
  2477     0.000021     0.478151  
  2478     0.000020     0.478154  
  2479     0.000020     0.478154  
  2480     0.000020     0.478155  
  2481     0.000020     0.478155  
  2482     0.000020     0.478154  
  2483     0.000020     0.478154  
  2484     0.000020     0.478154  
  2485     0.000020     0.478153  
  2486     0.000020     0.478152  
  2487     0.000020     0.478156  
  2488     0.000020     0.478155  
  2489     0.000020     0.478153  
  2490     0.000020     0.478150  
  2491     0.000019     0.478153  
  2492     0.000019     0.478153  
  2493     0.000019     0.478154  
  2494     0.000019     0.478152  
  2495     0.000019     0.478150  * best
  2496     0.000019     0.478151  
  2497     0.000019     0.478151  
  2498     0.000019     0.478155  
  2499     0.000019     0.478158  
  2500     0.000019     0.478156  
  2501     0.000019     0.478157  
  2502     0.000019     0.478158  
  2503     0.000019     0.478156  
  2504     0.000019     0.478155  
  2505     0.000019     0.478157  
  2506     0.000018     0.478158  
  2507     0.000018     0.478158  
  2508     0.000018     0.478158  
  2509     0.000018     0.478156  
  2510     0.000018     0.478155  
  2511     0.000018     0.478156  
  2512     0.000018     0.478156  
  2513     0.000018     0.478157  
  2514     0.000018     0.478158  
  2515     0.000018     0.478160  
  2516     0.000018     0.478160  
  2517     0.000018     0.478160  
  2518     0.000018     0.478163  
  2519     0.000018     0.478164  
  2520     0.000018     0.478166  
  2521     0.000017     0.478167  
  2522     0.000017     0.478167  
  2523     0.000017     0.478169  
  2524     0.000017     0.478169  
  2525     0.000017     0.478169  
  2526     0.000017     0.478171  
  2527     0.000017     0.478173  
  2528     0.000017     0.478173  
  2529     0.000017     0.478171  
  2530     0.000017     0.478172  
  2531     0.000017     0.478173  
  2532     0.000017     0.478173  
  2533     0.000017     0.478172  
  2534     0.000017     0.478169  
  2535     0.000017     0.478167  
  2536     0.000017     0.478167  
  2537     0.000016     0.478169  
  2538     0.000016     0.478169  
  2539     0.000016     0.478167  
  2540     0.000016     0.478169  
  2541     0.000016     0.478167  
  2542     0.000016     0.478167  
  2543     0.000016     0.478166  
  2544     0.000016     0.478166  
  2545     0.000016     0.478167  
  2546     0.000016     0.478167  
  2547     0.000016     0.478166  
  2548     0.000016     0.478166  
  2549     0.000016     0.478165  
  2550     0.000016     0.478165  
  2551     0.000016     0.478164  
  2552     0.000016     0.478164  
  2553     0.000016     0.478164  
  2554     0.000015     0.478164  
  2555     0.000015     0.478161  
  2556     0.000015     0.478163  
  2557     0.000015     0.478162  
  2558     0.000015     0.478163  
  2559     0.000015     0.478163  
  2560     0.000015     0.478163  
  2561     0.000015     0.478161  
  2562     0.000015     0.478162  
  2563     0.000015     0.478162  
  2564     0.000015     0.478160  
  2565     0.000015     0.478157  
  2566     0.000015     0.478159  
  2567     0.000015     0.478160  
  2568     0.000015     0.478161  
  2569     0.000015     0.478162  
  2570     0.000015     0.478163  
  2571     0.000015     0.478165  
  2572     0.000014     0.478166  
  2573     0.000014     0.478167  
  2574     0.000014     0.478167  
  2575     0.000014     0.478168  
  2576     0.000014     0.478169  
  2577     0.000014     0.478169  
  2578     0.000014     0.478167  
  2579     0.000014     0.478168  
  2580     0.000014     0.478168  
  2581     0.000014     0.478167  
  2582     0.000014     0.478167  
  2583     0.000014     0.478167  
  2584     0.000014     0.478167  
  2585     0.000014     0.478164  
  2586     0.000014     0.478165  
  2587     0.000014     0.478166  
  2588     0.000014     0.478168  
  2589     0.000014     0.478167  
  2590     0.000014     0.478167  
  2591     0.000014     0.478166  
  2592     0.000013     0.478166  
  2593     0.000013     0.478167  
  2594     0.000013     0.478166  
  2595     0.000013     0.478165  
# best iteration 2495 (val l2 0.478150)
# Spearman  train +0.9951  val +0.7282  test +0.7337
