# gbm_seq+energy+edge seed 1
# boosted trees on seq+energy+edge
# inputs 15740, 32 trees
# LightGBM gradient-boosted trees, objective l2, lr 0.05, num_leaves 31, min_data_in_leaf 20, feature_fraction 0.3, bagging 0.8, lambda_l2 1.0, up to 3000 rounds, early stopping 100 on validation l2
# loss = l2 on standardised log10 half-life
#
 round        train          val  note
     1     0.958823     0.807246  
     2     0.922413     0.797664  
     3     0.888619     0.785765  
     4     0.856706     0.775156  
     5     0.826548     0.770532  
     6     0.800148     0.765651  
     7     0.775154     0.765283  
     8     0.751735     0.764852  
     9     0.729511     0.766265  
    10     0.708691     0.764135  
    11     0.689181     0.761423  
    12     0.672048     0.758513  
    13     0.655807     0.761565  
    14     0.640478     0.763546  
    15     0.625333     0.760118  
    16     0.611625     0.757810  
    17     0.599407     0.757830  
    18     0.587643     0.762969  
    19     0.576515     0.767057  
    20     0.565235     0.765883  
    21     0.554207     0.766224  
    22     0.544149     0.764026  
    23     0.535076     0.763860  
    24     0.527301     0.762963  
    25     0.518468     0.762478  
    26     0.510830     0.759856  
    27     0.503671     0.756846  
    28     0.496450     0.753369  
    29     0.488774     0.752053  
    30     0.482293     0.751068  
    31     0.475694     0.748366  
    32     0.469494     0.745684  * best
    33     0.463573     0.747364  
    34     0.457437     0.750385  
    35     0.452140     0.750424  
    36     0.446951     0.750401  
    37     0.441689     0.748173  
    38     0.437089     0.748135  
    39     0.432413     0.749259  
    40     0.427601     0.749473  
    41     0.422910     0.749132  
    42     0.418595     0.748740  
    43     0.414250     0.748819  
    44     0.410211     0.748825  
    45     0.406107     0.750845  
    46     0.401788     0.750171  
    47     0.397756     0.752167  
    48     0.393616     0.754662  
    49     0.389789     0.754104  
    50     0.386198     0.754031  
    51     0.382276     0.754706  
    52     0.378928     0.754049  
    53     0.375153     0.751976  
    54     0.371970     0.751769  
    55     0.368513     0.751902  
    56     0.364874     0.752136  
    57     0.361763     0.752528  
    58     0.358453     0.752070  
    59     0.355454     0.751561  
    60     0.352167     0.750732  
    61     0.349089     0.751369  
    62     0.346389     0.751065  
    63     0.343306     0.750174  
    64     0.340702     0.750080  
    65     0.337763     0.749783  
    66     0.334875     0.748596  
    67     0.332196     0.749064  
    68     0.329562     0.750904  
    69     0.326815     0.751362  
    70     0.324215     0.751286  
    71     0.321525     0.752645  
    72     0.318734     0.754783  
    73     0.316054     0.753750  
    74     0.313549     0.753797  
    75     0.311131     0.752884  
    76     0.308706     0.752496  
    77     0.306378     0.754201  
    78     0.303889     0.754024  
    79     0.301284     0.755213  
    80     0.299096     0.754713  
    81     0.296905     0.754318  
    82     0.294720     0.753902  
    83     0.292575     0.754456  
    84     0.290436     0.754851  
    85     0.288371     0.755949  
    86     0.286219     0.755483  
    87     0.284027     0.757207  
    88     0.281905     0.757404  
    89     0.279924     0.757762  
    90     0.277996     0.757955  
    91     0.275901     0.758863  
    92     0.273884     0.758509  
    93     0.271818     0.757717  
    94     0.269999     0.758456  
    95     0.267952     0.758014  
    96     0.265998     0.758572  
    97     0.264129     0.759114  
    98     0.262145     0.759314  
    99     0.260331     0.760354  
   100     0.258526     0.761519  
   101     0.256649     0.760880  
   102     0.254890     0.761254  
   103     0.253216     0.761445  
   104     0.251433     0.761168  
   105     0.249719     0.760889  
   106     0.248079     0.760901  
   107     0.246456     0.761364  
   108     0.244806     0.760950  
   109     0.243175     0.761619  
   110     0.241564     0.761940  
   111     0.239960     0.762039  
   112     0.238381     0.761812  
   113     0.236708     0.762380  
   114     0.235103     0.763574  
   115     0.233527     0.762066  
   116     0.232051     0.761888  
   117     0.230521     0.762549  
   118     0.228997     0.762338  
   119     0.227359     0.762265  
   120     0.225754     0.761980  
   121     0.224219     0.762719  
   122     0.222796     0.762288  
   123     0.221342     0.762873  
   124     0.219882     0.763557  
   125     0.218441     0.762980  
   126     0.217021     0.762782  
   127     0.215625     0.762542  
   128     0.214115     0.761870  
   129     0.212713     0.762214  
   130     0.211243     0.762701  
   131     0.209858     0.762972  
   132     0.208428     0.763203  
# best iteration 32 (val l2 0.745684)
# Spearman  train +0.7816  val +0.1162  test -0.3018
