# gbm_boltz+node+edge seed 1
# boosted trees on boltz+node+edge
# inputs 27517, 159 trees
# LightGBM gradient-boosted trees, objective l2, lr 0.05, num_leaves 31, min_data_in_leaf 20, feature_fraction 0.3, bagging 0.8, lambda_l2 1.0, up to 3000 rounds, early stopping 100 on validation l2
# loss = l2 on standardised log10 half-life
#
 round        train          val  note
     1     0.957804     0.799945  
     2     0.920254     0.785664  
     3     0.885736     0.775576  
     4     0.852801     0.771611  
     5     0.822414     0.757887  
     6     0.793802     0.743347  
     7     0.768068     0.735772  
     8     0.743666     0.726940  
     9     0.720206     0.719188  
    10     0.698842     0.715451  
    11     0.678483     0.710070  
    12     0.658871     0.702085  
    13     0.641313     0.696417  
    14     0.625244     0.691544  
    15     0.609859     0.688964  
    16     0.595324     0.682884  
    17     0.581990     0.678450  
    18     0.568949     0.676169  
    19     0.556948     0.673184  
    20     0.544782     0.668590  
    21     0.533397     0.666315  
    22     0.522058     0.662846  
    23     0.511699     0.660854  
    24     0.502417     0.656869  
    25     0.493615     0.655679  
    26     0.484688     0.653667  
    27     0.476036     0.652789  
    28     0.468176     0.651144  
    29     0.460320     0.648690  
    30     0.453356     0.647343  
    31     0.445989     0.642990  
    32     0.438691     0.641930  
    33     0.432052     0.641093  
    34     0.425043     0.642262  
    35     0.418646     0.641274  
    36     0.412682     0.638970  
    37     0.406825     0.637486  
    38     0.401851     0.637070  
    39     0.396838     0.636678  
    40     0.391950     0.634841  
    41     0.386982     0.633387  
    42     0.382239     0.631579  
    43     0.377309     0.631152  
    44     0.372528     0.631538  
    45     0.368211     0.630501  
    46     0.363755     0.630480  
    47     0.359079     0.628349  
    48     0.354978     0.627948  
    49     0.351099     0.628204  
    50     0.346733     0.627158  
    51     0.342946     0.626810  
    52     0.339204     0.626019  
    53     0.335684     0.625661  
    54     0.332335     0.625014  
    55     0.328767     0.623958  
    56     0.325155     0.621793  
    57     0.321827     0.621570  
    58     0.318497     0.621932  
    59     0.315581     0.621677  
    60     0.312404     0.621088  
    61     0.309400     0.620808  
    62     0.306295     0.620301  
    63     0.303519     0.619948  
    64     0.300592     0.619961  
    65     0.297344     0.618844  
    66     0.294717     0.618550  
    67     0.292062     0.618556  
    68     0.289430     0.617106  
    69     0.286725     0.617135  
    70     0.284217     0.616907  
    71     0.281429     0.617134  
    72     0.278916     0.616836  
    73     0.276637     0.617797  
    74     0.274149     0.617685  
    75     0.271663     0.617260  
    76     0.269349     0.616683  
    77     0.266896     0.617498  
    78     0.264481     0.617151  
    79     0.262298     0.616669  
    80     0.260078     0.616580  
    81     0.257779     0.617177  
    82     0.255612     0.617083  
    83     0.253330     0.616375  
    84     0.251300     0.616277  
    85     0.249302     0.615869  
    86     0.247199     0.617027  
    87     0.245212     0.617035  
    88     0.243155     0.617070  
    89     0.241316     0.615370  
    90     0.239400     0.615856  
    91     0.237528     0.615525  
    92     0.235573     0.615770  
    93     0.233563     0.614373  
    94     0.231734     0.612961  
    95     0.229885     0.613537  
    96     0.228258     0.613996  
    97     0.226509     0.613631  
    98     0.224728     0.614273  
    99     0.222977     0.614762  
   100     0.221149     0.615975  
   101     0.219327     0.616201  
   102     0.217503     0.615417  
   103     0.215774     0.614804  
   104     0.214132     0.614229  
   105     0.212521     0.613965  
   106     0.210826     0.614080  
   107     0.209208     0.613574  
   108     0.207625     0.613578  
   109     0.206062     0.613389  
   110     0.204663     0.612831  
   111     0.203207     0.612351  
   112     0.201750     0.612692  
   113     0.200205     0.613861  
   114     0.198690     0.614102  
   115     0.197239     0.614427  
   116     0.195895     0.614464  
   117     0.194379     0.614607  
   118     0.192949     0.615443  
   119     0.191522     0.615086  
   120     0.190147     0.615643  
   121     0.188814     0.615354  
   122     0.187442     0.614700  
   123     0.186144     0.615053  
   124     0.184797     0.614665  
   125     0.183465     0.613965  
   126     0.182131     0.614126  
   127     0.180896     0.613623  
   128     0.179581     0.613528  
   129     0.178288     0.613425  
   130     0.176997     0.613733  
   131     0.175791     0.614055  
   132     0.174605     0.613902  
   133     0.173318     0.614127  
   134     0.172089     0.614272  
   135     0.170929     0.614078  
   136     0.169703     0.613790  
   137     0.168465     0.613275  
   138     0.167322     0.612280  
   139     0.166210     0.612375  
   140     0.165098     0.612003  
   141     0.163965     0.612809  
   142     0.162829     0.612552  
   143     0.161699     0.613762  
   144     0.160596     0.612499  
   145     0.159545     0.612312  
   146     0.158492     0.612103  
   147     0.157374     0.611784  
   148     0.156314     0.612177  
   149     0.155292     0.612082  
   150     0.154236     0.611485  
   151     0.153194     0.611695  
   152     0.152134     0.611220  
   153     0.151069     0.611575  
   154     0.150018     0.611761  
   155     0.149076     0.611980  
   156     0.148110     0.611959  
   157     0.147182     0.611211  
   158     0.146178     0.611028  
   159     0.145214     0.610855  * best
   160     0.144227     0.611009  
   161     0.143330     0.611445  
   162     0.142378     0.611089  
   163     0.141464     0.611255  
   164     0.140544     0.611157  
   165     0.139599     0.611652  
   166     0.138707     0.612099  
   167     0.137813     0.612305  
   168     0.136966     0.612381  
   169     0.136094     0.612759  
   170     0.135250     0.613375  
   171     0.134372     0.613412  
   172     0.133479     0.612386  
   173     0.132639     0.612804  
   174     0.131803     0.612686  
   175     0.131021     0.612432  
   176     0.130218     0.612600  
   177     0.129345     0.612210  
   178     0.128590     0.612343  
   179     0.127826     0.612482  
   180     0.127037     0.612851  
   181     0.126300     0.613745  
   182     0.125496     0.614339  
   183     0.124683     0.614402  
   184     0.123880     0.615048  
   185     0.123102     0.614818  
   186     0.122338     0.614542  
   187     0.121573     0.614836  
   188     0.120739     0.614442  
   189     0.119989     0.614992  
   190     0.119276     0.615093  
   191     0.118540     0.614510  
   192     0.117864     0.614504  
   193     0.117167     0.614529  
   194     0.116442     0.614315  
   195     0.115729     0.613972  
   196     0.115000     0.613792  
   197     0.114272     0.613953  
   198     0.113590     0.613521  
   199     0.112843     0.614120  
   200     0.112184     0.613916  
   201     0.111520     0.614416  
   202     0.110836     0.614511  
   203     0.110176     0.615074  
   204     0.109487     0.615279  
   205     0.108827     0.615166  
   206     0.108213     0.615423  
   207     0.107545     0.615705  
   208     0.106883     0.615726  
   209     0.106229     0.615837  
   210     0.105621     0.616170  
   211     0.104964     0.616150  
   212     0.104343     0.616266  
   213     0.103718     0.616334  
   214     0.103125     0.617317  
   215     0.102479     0.617485  
   216     0.101895     0.616795  
   217     0.101327     0.616622  
   218     0.100714     0.616972  
   219     0.100174     0.617273  
   220     0.099563     0.616921  
   221     0.098953     0.616422  
   222     0.098390     0.616540  
   223     0.097785     0.616418  
   224     0.097174     0.616329  
   225     0.096580     0.615450  
   226     0.096006     0.616009  
   227     0.095425     0.616018  
   228     0.094865     0.616356  
   229     0.094292     0.615367  
   230     0.093734     0.615380  
   231     0.093154     0.615666  
   232     0.092627     0.615699  
   233     0.092030     0.616141  
   234     0.091472     0.616074  
   235     0.090973     0.616149  
   236     0.090515     0.615931  
   237     0.089992     0.616072  
   238     0.089453     0.615973  
   239     0.088967     0.615519  
   240     0.088417     0.615585  
   241     0.087893     0.615691  
   242     0.087428     0.615421  
   243     0.086890     0.615499  
   244     0.086376     0.615509  
   245     0.085848     0.615487  
   246     0.085338     0.615613  
   247     0.084842     0.615449  
   248     0.084387     0.615449  
   249     0.083848     0.615283  
   250     0.083371     0.615065  
   251     0.082943     0.615588  
   252     0.082468     0.615896  
   253     0.082011     0.616469  
   254     0.081569     0.616666  
   255     0.081110     0.616699  
   256     0.080631     0.617008  
   257     0.080160     0.616596  
   258     0.079666     0.616561  
   259     0.079203     0.616623  
# best iteration 159 (val l2 0.610855)
# Spearman  train +0.9362  val +0.4312  test +0.5689
