# mlp_boltz+node+energy+edge seed 2
# perceptron on boltz+node+energy+edge
# inputs [(27947,)], 3,581,505 parameters
# Linear(n_in,128) -> GELU -> Dropout(0.3) -> Linear(128,32) -> GELU -> Dropout(0.3) -> Linear(32,1)
# Adam lr=0.001 weight_decay=0.0001 batch=32 dropout=0.3
# loss = MSE on standardised log10 half-life
# early stopping on validation loss, patience 40, max 300 epochs
#
 epoch  train_batch        train          val  note
     1    12.541279    27.094999     0.808812  * best
     2    49.869220    29.301771     0.911720  
     3    53.758634     1.622358     0.819123  
     4     2.512005     0.762152     0.731059  * best
     5     1.174619     0.859754     0.698980  * best
     6     1.581148     0.561049     0.681329  * best
     7     0.683502     0.519398     0.686218  
     8     0.640620     0.461543     0.657652  * best
     9     0.630058     0.463857     0.658643  
    10     0.573843     0.449082     0.654448  * best
    11     0.651750     0.399409     0.655324  
    12     0.727087     0.450731     0.684365  
    13     0.571111     0.439991     0.658571  
    14     0.504047     0.368007     0.659889  
    15     0.924373     2.206088     0.893177  
    16     0.804442     0.530777     0.662323  
    17     0.610408     0.401158     0.636054  * best
    18     0.544194     0.337679     0.646037  
    19     0.501983     0.326440     0.634832  * best
    20     0.483534     0.285456     0.639123  
    21     0.446218     0.266894     0.619323  * best
    22     0.438063     0.300038     0.610468  * best
    23     0.415725     0.287483     0.635642  
    24     0.519869     0.434952     0.679031  
    25     0.457966     0.359744     0.634589  
    26     0.443733     0.281355     0.610387  * best
    27     0.429053     0.252069     0.674663  
    28     0.415476     0.257225     0.622274  
    29     0.402793     0.240368     0.634532  
    30     0.414704     0.255930     0.637688  
    31     0.409152     0.245351     0.636353  
    32     0.406209     0.295659     0.631711  
    33     0.409241     0.220943     0.623105  
    34     0.402247     0.250142     0.610670  
    35     0.409760     0.295111     0.629195  
    36     0.416634     0.251159     0.597382  * best
    37     0.400261     0.254268     0.607803  
    38     0.400595     0.253592     0.618004  
    39     0.390511     0.255983     0.618909  
    40     0.382558     0.238096     0.616990  
    41     0.389634     0.228938     0.585707  * best
    42     0.391338     0.319518     0.606409  
    43     0.583145     0.343499     0.591655  
    44     0.533214     0.327922     0.595738  
    45     0.575379     0.283479     0.622170  
    46     0.487793     0.309341     0.636406  
    47     0.558242     0.310562     0.599279  
    48     0.492185     0.295411     0.630692  
    49     0.515679     0.299679     0.635073  
    50     0.491193     0.307414     0.595515  
    51     0.495437     0.305977     0.592751  
    52     0.504446     0.266346     0.622868  
    53     0.476188     0.288536     0.612460  
    54     0.439579     0.254697     0.657880  
    55     0.444917     0.284587     0.596468  
    56     0.464633     0.281386     0.593910  
    57     0.442875     0.283229     0.583030  * best
    58     0.559500     0.282511     0.587032  
    59     0.463960     0.259510     0.594220  
    60     0.445157     0.554269     0.593818  
    61     1.000320     0.297902     0.613855  
    62     0.477395     0.266418     0.620429  
    63     0.418780     0.253329     0.597632  
    64     0.464911     0.435754     0.640549  
    65     0.413536     0.320856     0.648830  
    66     0.421234     0.223978     0.608403  
    67     0.413388     0.231571     0.606060  
    68     0.388283     0.229485     0.599869  
    69     0.409330     0.232503     0.573091  * best
    70     0.396141     0.222158     0.616947  
    71     0.426231     0.311918     0.618775  
    72     0.441640     0.229702     0.627739  
    73     0.405377     0.223134     0.613873  
    74     0.386345     0.187896     0.638716  
    75     0.408680     0.276801     0.611997  
    76     0.549678     0.283584     0.686864  
    77     0.483433     0.299950     0.615138  
    78     0.477484     0.278383     0.634373  
    79     0.442297     0.263309     0.587372  
    80     0.432385     0.272462     0.578341  
    81     0.430906     0.280019     0.611722  
    82     0.420445     0.205464     0.615827  
    83     0.394424     0.237172     0.629359  
    84     0.382352     0.192874     0.622114  
    85     0.368215     0.244951     0.578196  
    86     0.383009     0.209176     0.639164  
    87     0.383938     0.209032     0.637080  
    88     0.373883     0.213323     0.630168  
    89     0.376791     0.193755     0.662966  
    90     0.376867     0.243258     0.582826  
    91     0.379714     0.254531     0.634025  
    92     0.400653     0.221868     0.620689  
    93     0.393743     0.215107     0.621467  
    94     0.381889     0.196378     0.628627  
    95     0.399612     0.224953     0.607855  
    96     0.404529     0.229122     0.623634  
    97     0.391462     0.201395     0.657722  
    98     0.383826     0.185981     0.630150  
    99     0.365534     0.191737     0.669960  
   100     0.362475     0.190071     0.631007  
   101     0.358400     0.178324     0.621771  
   102     0.360817     0.199267     0.625046  
   103     0.355882     0.186609     0.661574  
   104     0.346724     0.244618     0.616837  
   105     0.370065     0.441024     0.660068  
   106     0.420182     0.201494     0.626841  
   107     0.375627     0.199199     0.621790  
   108     0.457766     0.216592     0.620908  
   109     0.361409     0.206441     0.671129  
# stopped at epoch 109: no improvement for 40 epochs
# restored epoch 69 (val MSE 0.573091)
# Spearman  train +0.9127  val +0.4542  test +0.4350
