# mlp_seq+boltz_pooled+charge seed 4
# sequence, pooled Boltz and both charge blocks
# inputs [(2486,)], 322,497 parameters
# Linear(n_in,128) -> GELU -> Dropout(0.3) -> Linear(128,32) -> GELU -> Dropout(0.3) -> Linear(32,1)
# Adam lr=0.001 weight_decay=0.0001 batch=32 dropout=0.3
# loss = MSE on standardised log10 half-life
# early stopping on validation loss, patience 40, max 300 epochs
#
 epoch  train_batch        train          val  note
     1     0.615131     0.401235     0.517528  * best
     2     0.447154     0.310411     0.472183  * best
     3     0.367971     0.232856     0.434370  * best
     4     0.320907     0.214643     0.438125  
     5     0.294110     0.182831     0.440896  
     6     0.265476     0.155476     0.425808  * best
     7     0.246332     0.137372     0.437779  
     8     0.222727     0.125573     0.429054  
     9     0.217113     0.142287     0.444710  
    10     0.198350     0.101791     0.432581  
    11     0.193338     0.118784     0.444466  
    12     0.190585     0.098544     0.446529  
    13     0.176949     0.087014     0.443752  
    14     0.175489     0.093320     0.431805  
    15     0.168510     0.084260     0.437029  
    16     0.158646     0.077930     0.430784  
    17     0.163463     0.085957     0.427278  
    18     0.158784     0.072834     0.424637  * best
    19     0.158606     0.073727     0.433382  
    20     0.153482     0.075729     0.415457  * best
    21     0.144348     0.071203     0.430163  
    22     0.146752     0.066857     0.440975  
    23     0.143477     0.062343     0.439592  
    24     0.136958     0.061703     0.435654  
    25     0.132938     0.059599     0.439553  
    26     0.131321     0.069481     0.426987  
    27     0.134413     0.063946     0.440861  
    28     0.131046     0.057681     0.441182  
    29     0.129898     0.062160     0.441085  
    30     0.132816     0.066802     0.454658  
    31     0.132950     0.055271     0.424252  
    32     0.130504     0.048732     0.433794  
    33     0.126047     0.052801     0.439283  
    34     0.122654     0.051026     0.441996  
    35     0.124946     0.054328     0.432873  
    36     0.120541     0.058489     0.452476  
    37     0.124472     0.061710     0.447666  
    38     0.123561     0.057878     0.440908  
    39     0.121415     0.054097     0.438029  
    40     0.121898     0.049052     0.428209  
    41     0.121868     0.050778     0.441976  
    42     0.117433     0.051438     0.457448  
    43     0.120048     0.049481     0.451424  
    44     0.115459     0.051875     0.438916  
    45     0.115040     0.062682     0.431866  
    46     0.118514     0.064730     0.436512  
    47     0.112945     0.047631     0.426524  
    48     0.110654     0.043831     0.436022  
    49     0.114389     0.043014     0.443988  
    50     0.117685     0.046585     0.451840  
    51     0.114285     0.046804     0.440685  
    52     0.112694     0.043315     0.436789  
    53     0.107744     0.045746     0.437328  
    54     0.110786     0.043265     0.451055  
    55     0.109441     0.063706     0.425797  
    56     0.109418     0.055680     0.443607  
    57     0.113778     0.050169     0.421654  
    58     0.109985     0.044804     0.442546  
    59     0.109467     0.060656     0.455019  
    60     0.110569     0.049209     0.440264  
# stopped at epoch 60: no improvement for 40 epochs
# restored epoch 20 (val MSE 0.415457)
# Spearman  train +0.9656  val +0.7758  test +0.7734
