# mlp_seq+node+energy+edge seed 0
# perceptron on seq+node+energy+edge
# inputs [(27260,)], 3,493,569 parameters
# Linear(n_in,128) -> GELU -> Dropout(0.3) -> Linear(128,32) -> GELU -> Dropout(0.3) -> Linear(32,1)
# Adam lr=0.001 weight_decay=0.0001 batch=32 dropout=0.3
# loss = MSE on standardised log10 half-life
# early stopping on validation loss, patience 40, max 300 epochs
#
 epoch  train_batch        train          val  note
     1    25.641833    39.152519     0.906327  * best
     2   102.186479    75.365509     0.832227  * best
     3    98.918996    18.534040     0.857614  
     4    39.744790    25.453356     0.875927  
     5    22.884408     6.765880     0.833869  
     6    35.987505    11.645504     0.843373  
     7     7.187171    24.003206     0.858709  
     8    76.307553     7.260803     0.852942  
     9     2.407525     6.162940     0.851363  
    10     4.706419     1.016813     0.875466  
    11     0.887567     0.905948     0.895510  
    12     1.023123     0.810742     0.875628  
    13     0.965088     0.819138     0.883660  
    14     0.832813     0.763076     0.883632  
    15     0.985230     0.725027     0.876958  
    16     0.816678     0.715470     0.855390  
    17     0.787287     0.678403     0.838140  
    18     0.790379     0.663557     0.827927  * best
    19     0.744711     0.597553     0.793826  * best
    20     0.705280     0.531728     0.797585  
    21     0.672056     0.530305     0.789442  * best
    22     0.657172     0.485219     0.769958  * best
    23     0.646725     0.490064     0.757305  * best
    24     0.637980     0.470213     0.742631  * best
    25     0.688502     0.471732     0.745548  
    26     0.628947     0.452658     0.746337  
    27     0.595509     0.424155     0.738953  * best
    28     0.596185     0.415565     0.748412  
    29     0.592387     0.429255     0.729083  * best
    30     0.587640     0.403677     0.762420  
    31     0.570400     0.366956     0.770481  
    32     0.551898     0.370485     0.844818  
    33     0.552342     0.354139     0.817851  
    34     0.600815     0.775301     0.732359  
    35     0.675756     0.506079     0.817756  
    36     0.633593     0.477912     0.811076  
    37     0.559667     0.433046     0.753373  
    38     0.517254     0.354720     0.839065  
    39     0.493729     0.375857     0.790285  
    40     0.484590     0.356412     0.743387  
    41     0.574028     0.435522     0.808629  
    42     0.581962     0.377716     0.858676  
    43     0.470941     0.294305     0.868784  
    44     0.536626     0.343177     0.825082  
    45     0.567601     0.310581     0.811616  
    46     0.470443     0.289961     0.782691  
    47     0.451160     0.313234     0.809656  
    48     0.437934     0.320340     0.773892  
    49     0.435138     0.266123     0.854145  
    50     0.444469     0.262020     0.901813  
    51     0.438222     0.282884     0.839725  
    52     0.527618     0.362584     0.738053  
    53     0.477374     0.280292     0.846067  
    54     0.456965     0.283644     0.823406  
    55     0.454126     0.266853     0.863838  
    56     0.429734     0.270472     0.792459  
    57     0.426293     0.307501     0.726095  * best
    58     0.424304     0.246166     0.759013  
    59     0.413117     0.262646     0.826992  
    60     0.401011     0.288428     0.764662  
    61     0.408776     0.271734     0.756116  
    62     0.444662     0.377490     0.757724  
    63     0.418625     0.273126     0.760954  
    64     0.553060     0.535895     0.740449  
    65     0.571870     0.294954     0.796309  
    66     0.475619     0.271494     0.841762  
    67     0.480198     0.318611     0.787474  
    68     0.471118     0.253174     0.836042  
    69     0.451545     0.316101     0.743633  
    70     0.458675     0.288214     0.786426  
    71     0.463267     0.307764     0.770300  
    72     0.472398     0.316941     0.793993  
    73     0.448490     0.261537     0.767818  
    74     0.431218     0.250829     0.748789  
    75     0.534777     0.532262     0.727458  
    76     0.735825     0.497167     0.744894  
    77     0.661689     0.480749     0.765163  
    78     0.656700     0.483074     0.711970  * best
    79     0.664560     0.832270     0.900828  
    80     0.637023     0.411243     0.732746  
    81     0.569378     0.412346     0.729577  
    82     0.939357     0.736772     0.760651  
    83     0.746453     0.548034     0.757849  
    84     0.694771     0.520645     0.730806  
    85     0.674993     0.514803     0.726468  
    86     0.640223     0.455049     0.764007  
    87     0.639847     0.430224     0.756183  
    88     0.588752     0.455171     0.735883  
    89     0.592108     0.488775     0.722068  
    90     0.591371     0.411347     0.751476  
    91     0.585932     0.437475     0.735830  
    92     0.767421     0.500393     0.791543  
    93     0.662400     0.469903     0.759669  
    94     0.659169     0.479314     0.750818  
    95     0.656474     0.465597     0.728372  
    96     0.672675     0.508233     0.723460  
    97     0.681585     0.519485     0.734161  
    98     0.871971     0.516100     0.738597  
    99     0.686408     0.527238     0.751375  
   100     0.613476     0.412248     0.825304  
   101     0.653236     0.453124     0.770309  
   102     0.670041     0.441285     0.740393  
   103     0.614807     0.383824     0.728355  
   104     0.568448     0.367594     0.730197  
   105     0.561665     0.358364     0.721882  
   106     0.578165     0.432492     0.874328  
   107     0.531953     0.354585     0.757061  
   108     0.521908     0.372427     0.696432  * best
   109     0.532599     0.305418     0.774602  
   110     0.470840     0.400524     0.712597  
   111     0.598868     0.289589     0.796288  
   112     0.483677     0.333174     0.748119  
   113     0.510048     0.323402     0.773261  
   114     0.512797     0.327034     0.705208  
   115     0.478827     0.310399     0.859696  
   116     0.477912     0.297379     0.761811  
   117     0.468077     0.301058     0.739523  
   118     0.471630     0.325841     0.742523  
   119     0.459513     0.354034     0.741848  
   120     0.515544     0.248320     0.862575  
   121     0.443618     0.250452     0.777797  
   122     0.427307     0.259592     0.746839  
   123     0.481156     0.345571     0.761007  
   124     0.474612     0.398922     0.746149  
   125     0.991932     0.563077     0.692586  * best
   126     0.755438     0.541291     0.778224  
   127     0.625095     0.384283     0.745055  
   128     0.547150     0.387633     0.724020  
   129     0.500338     0.299294     0.791696  
   130     0.649765     0.449899     0.759728  
   131     0.661174     0.837308     0.871885  
   132     0.815251     0.529758     0.758055  
   133     0.720204     0.656976     0.787401  
   134     0.676357     0.410660     0.768441  
   135     0.675332     0.410939     0.760198  
   136     0.575404     0.347545     0.728680  
   137     0.535635     0.373386     0.747319  
   138     0.541846     0.313709     0.730200  
   139     0.572259     0.326712     0.764124  
   140     0.565035     0.582709     0.787301  
   141     0.652415     0.350827     0.729908  
   142     0.662373     0.727649     0.807039  
   143     0.705809     0.583003     0.720223  
   144     0.942340     0.585654     0.719049  
   145     0.743943     0.551817     0.718119  
   146     0.703158     0.552084     0.720228  
   147     0.638765     0.454200     0.716343  
   148     0.646314     0.507861     0.718083  
   149     0.602584     0.434120     0.731185  
   150     0.573776     0.453277     0.739786  
   151     0.795186     0.483367     0.735592  
   152     0.643587     0.492499     0.719278  
   153     0.589990     0.435642     0.715722  
   154     0.581254     0.400505     0.731490  
   155     0.584128     0.395796     0.723565  
   156     0.586118     0.391627     0.740179  
   157     0.580314     0.427745     0.719259  
   158     0.582760     0.411008     0.735930  
   159     0.581009     0.394899     0.730289  
   160     0.547181     0.378154     0.725000  
   161     0.535523     0.397444     0.710466  
   162     0.535417     0.343989     0.748439  
   163     0.538085     0.347268     0.758358  
   164     0.541411     0.357354     0.740965  
   165     0.529673     0.431187     0.743779  
# stopped at epoch 165: no improvement for 40 epochs
# restored epoch 125 (val MSE 0.692586)
# Spearman  train +0.7592  val +0.2730  test +0.1449
