# seq_hla_pseudo seed 4
# NetMHCpan pseudosequence one-hot, 34 x 20
# input dim 680, 91,329 parameters
# Linear(n_in,128) -> GELU -> Dropout(0.3) -> Linear(128,32) -> GELU -> Dropout(0.3) -> Linear(32,1)
# Adam lr=0.001 weight_decay=0.0001 batch=32 dropout=0.3
# loss = MSE on standardised log10 half-life
# early stopping on validation loss, patience 40, max 300 epochs
#
 epoch  train_batch        train          val  note
     1     0.789498     0.723591     0.781104  * best
     2     0.739299     0.718584     0.769600  * best
     3     0.730473     0.709987     0.758705  * best
     4     0.723257     0.704801     0.752573  * best
     5     0.726377     0.701840     0.759846  
     6     0.726116     0.701487     0.756546  
     7     0.726967     0.704211     0.761310  
     8     0.722381     0.703766     0.757346  
     9     0.721212     0.713687     0.766201  
    10     0.719974     0.705660     0.762444  
    11     0.720913     0.713888     0.758803  
    12     0.718853     0.705881     0.750716  * best
    13     0.719339     0.706071     0.758891  
    14     0.715233     0.704225     0.764804  
    15     0.720637     0.698317     0.748810  * best
    16     0.713554     0.696720     0.745070  * best
    17     0.716895     0.699546     0.750783  
    18     0.715617     0.699417     0.744089  * best
    19     0.716071     0.699676     0.754779  
    20     0.721162     0.701722     0.751570  
    21     0.713161     0.700618     0.743711  * best
    22     0.713287     0.701426     0.750326  
    23     0.715980     0.701105     0.746310  
    24     0.717823     0.700457     0.752653  
    25     0.713975     0.702476     0.750722  
    26     0.714725     0.699042     0.746727  
    27     0.714457     0.700421     0.747424  
    28     0.718310     0.698405     0.748159  
    29     0.714351     0.698620     0.753401  
    30     0.717911     0.696942     0.749149  
    31     0.714781     0.699751     0.743267  * best
    32     0.713963     0.701470     0.757023  
    33     0.716383     0.704618     0.752306  
    34     0.714827     0.696372     0.740651  * best
    35     0.715544     0.696645     0.741429  
    36     0.714480     0.698128     0.749061  
    37     0.715293     0.699335     0.754305  
    38     0.714060     0.698245     0.745930  
    39     0.714069     0.698733     0.743954  
    40     0.715818     0.699677     0.743069  
    41     0.713077     0.697038     0.746161  
    42     0.714862     0.698101     0.752343  
    43     0.715286     0.700994     0.747463  
    44     0.715048     0.696935     0.749459  
    45     0.715251     0.697493     0.744930  
    46     0.713067     0.697991     0.750873  
    47     0.714897     0.696950     0.747572  
    48     0.710464     0.704927     0.756241  
    49     0.719530     0.697270     0.749018  
    50     0.712881     0.698686     0.750844  
    51     0.715140     0.700321     0.744876  
    52     0.714088     0.697759     0.746254  
    53     0.712641     0.699854     0.749769  
    54     0.711716     0.698610     0.754091  
    55     0.713827     0.697567     0.748903  
    56     0.715928     0.697578     0.746190  
    57     0.716445     0.700583     0.750352  
    58     0.712652     0.702054     0.744960  
    59     0.713520     0.702356     0.749883  
    60     0.714206     0.697868     0.752006  
    61     0.711691     0.698322     0.745806  
    62     0.711028     0.695034     0.747445  
    63     0.711105     0.697882     0.738883  * best
    64     0.716019     0.703022     0.754894  
    65     0.713330     0.696349     0.743538  
    66     0.715560     0.701979     0.757181  
    67     0.711597     0.697568     0.746922  
    68     0.715471     0.696982     0.751062  
    69     0.710871     0.695200     0.748242  
    70     0.717190     0.697401     0.741518  
    71     0.711105     0.698115     0.744963  
    72     0.714761     0.696245     0.745540  
    73     0.711227     0.697333     0.754530  
    74     0.710919     0.695618     0.742549  
    75     0.712047     0.698327     0.744855  
    76     0.711822     0.700871     0.747893  
    77     0.708738     0.701986     0.755272  
    78     0.714652     0.695708     0.741791  
    79     0.710536     0.700045     0.752151  
    80     0.710254     0.702671     0.747037  
    81     0.709243     0.696807     0.742621  
    82     0.713357     0.699670     0.752464  
    83     0.713980     0.698161     0.748372  
    84     0.711728     0.697249     0.742729  
    85     0.711430     0.703171     0.744105  
    86     0.713518     0.699383     0.742632  
    87     0.713998     0.697986     0.743045  
    88     0.714469     0.697070     0.747531  
    89     0.716448     0.696536     0.743283  
    90     0.713846     0.699114     0.748451  
    91     0.710941     0.702216     0.741987  
    92     0.713091     0.703739     0.752490  
    93     0.716070     0.697189     0.744074  
    94     0.710705     0.700521     0.743387  
    95     0.712783     0.697159     0.746621  
    96     0.716953     0.696525     0.748391  
    97     0.712648     0.696505     0.742806  
    98     0.714858     0.699301     0.749911  
    99     0.710669     0.697961     0.744316  
   100     0.707962     0.697068     0.745700  
   101     0.711486     0.695344     0.743134  
   102     0.715139     0.702760     0.748423  
   103     0.710016     0.695739     0.744420  
# stopped at epoch 103: no improvement for 40 epochs
# restored epoch 63 (val MSE 0.738883)
# Spearman  train +0.5398  val +0.5114  test +0.4983
