# mlp_seq+edge seed 2
# perceptron on seq+edge
# inputs [(15310,)], 1,963,969 parameters
# Linear(n_in,128) -> GELU -> Dropout(0.3) -> Linear(128,32) -> GELU -> Dropout(0.3) -> Linear(32,1)
# Adam lr=0.001 weight_decay=0.0001 batch=32 dropout=0.3
# loss = MSE on standardised log10 half-life
# early stopping on validation loss, patience 40, max 300 epochs
#
 epoch  train_batch        train          val  note
     1    24.380593    21.429134     0.746052  * best
     2    27.861095     4.901453     0.776013  
     3    13.845729     1.441676     0.792672  
     4     2.947539     0.875809     0.812783  
     5     1.058827     0.596333     0.740038  * best
     6     1.114411     0.595883     0.755421  
     7     0.848879     1.571323     0.780020  
     8     1.198086     0.549695     0.765248  
     9     0.654023     0.473873     0.740120  
    10     0.547069     0.445009     0.718821  * best
    11     0.633524     0.477184     0.715959  * best
    12     0.600370     0.373594     0.731984  
    13     0.483197     0.362958     0.738099  
    14     0.486345     0.355688     0.745036  
    15     0.457971     0.317529     0.736881  
    16     0.435891     0.307314     0.762473  
    17     0.447657     0.303340     0.761146  
    18     0.416375     0.280982     0.761950  
    19     0.403829     0.279901     0.762263  
    20     0.395489     0.265999     0.792682  
    21     0.402071     0.258871     0.796678  
    22     0.383405     0.270962     0.752605  
    23     0.383361     0.259952     0.829800  
    24     0.378386     0.239704     0.838284  
    25     0.377188     0.247169     0.779393  
    26     0.368999     0.243452     0.798960  
    27     0.363028     0.229762     0.832542  
    28     0.366307     0.210595     0.822447  
    29     0.357361     0.236046     0.735106  
    30     0.348648     0.227207     0.833870  
    31     0.408025     0.332676     0.739357  
    32     0.403651     0.233160     0.830063  
    33     0.377055     0.225552     0.834000  
    34     0.359143     0.218839     0.807950  
    35     0.356143     0.236210     0.813095  
    36     0.344810     0.226179     0.823026  
    37     0.347944     0.232121     0.742974  
    38     0.446346     0.261672     0.710580  * best
    39     0.376714     0.221057     0.821775  
    40     0.361259     0.220133     0.853717  
    41     0.366812     0.224305     0.807476  
    42     0.366958     0.235703     0.823057  
    43     0.370991     0.220431     0.755608  
    44     0.437621     0.252380     0.769184  
    45     0.382679     0.209782     0.802443  
    46     0.376326     0.257705     0.758346  
    47     0.372820     0.241771     0.726438  
    48     0.362030     0.216358     0.808661  
    49     0.357468     0.230805     0.810676  
    50     0.371949     0.258725     0.808991  
    51     0.378091     0.262639     0.861023  
    52     0.432553     0.526296     0.819100  
    53     0.440693     0.231658     0.762797  
    54     0.404668     0.214746     0.757805  
    55     0.397291     0.228266     0.765163  
    56     0.386136     0.219963     0.760649  
    57     0.373628     0.222562     0.726146  
    58     0.381166     0.246836     0.750715  
    59     0.375896     0.212250     0.775845  
    60     0.375742     0.239460     0.740842  
    61     0.376764     0.247730     0.729805  
    62     0.368293     0.217117     0.762285  
    63     0.356202     0.192045     0.803424  
    64     0.351815     0.218848     0.737394  
    65     0.347427     0.186381     0.750654  
    66     0.344771     0.182209     0.749565  
    67     0.402021     0.227966     0.729918  
    68     0.390097     0.217726     0.740091  
    69     0.444114     0.342630     0.733898  
    70     0.442945     0.227758     0.710071  * best
    71     0.404286     0.263986     0.765161  
    72     0.393250     0.221542     0.707832  * best
    73     0.458053     0.273018     0.720316  
    74     0.990181     0.773326     0.714963  
    75     0.999271     0.849987     0.959918  
    76     0.677251     0.449059     0.719677  
    77     0.513571     0.311113     0.729083  
    78     0.421288     0.270265     0.730075  
    79     0.413684     0.452255     0.784179  
    80     0.408070     0.264449     0.697577  * best
    81     0.399926     0.231803     0.739525  
    82     0.398322     0.228400     0.741880  
    83     0.392158     0.213693     0.758181  
    84     0.612056     0.494625     0.742302  
    85     0.455768     0.237692     0.814168  
    86     0.531729     0.269948     0.717788  
    87     0.449547     0.256236     0.773828  
    88     0.439501     0.299010     0.695191  * best
    89     0.440472     0.226438     0.726561  
    90     0.428820     0.232359     0.740088  
    91     0.424586     0.218604     0.724350  
    92     0.421939     0.239665     0.725010  
    93     0.406671     0.226823     0.755199  
    94     0.397110     0.222759     0.711981  
    95     0.403434     0.260965     0.699788  
    96     0.389149     0.203501     0.767419  
    97     0.378083     0.214893     0.796087  
    98     0.375711     0.208245     0.799280  
    99     0.378917     0.222075     0.778268  
   100     0.367749     0.222955     0.732709  
   101     0.374329     0.195990     0.706891  
   102     0.409492     0.212857     0.735575  
   103     0.625116     0.488143     0.748052  
   104     0.585100     0.419906     0.767659  
   105     0.551456     0.404435     0.716901  
   106     0.529396     0.418193     0.765109  
   107     0.715461     0.405670     0.734944  
   108     0.562332     0.554028     0.759042  
   109     0.741458     0.363498     0.771191  
   110     0.598806     0.349517     0.756586  
   111     0.540987     0.325894     0.731350  
   112     0.622387     0.326458     0.700731  
   113     0.527189     0.312078     0.727036  
   114     0.578070     0.314543     0.729834  
   115     0.512535     0.310166     0.744145  
   116     0.483370     0.286262     0.734328  
   117     0.450906     0.286977     0.736660  
   118     0.510401     0.280006     0.845458  
   119     0.438142     0.270497     0.736401  
   120     0.445027     0.278206     0.755966  
   121     0.437901     0.240610     0.730239  
   122     0.439804     0.254199     0.777167  
   123     0.439183     0.234454     0.719831  
   124     0.425159     0.243733     0.773623  
   125     0.417232     0.224786     0.835212  
   126     0.417345     0.273449     0.723447  
   127     0.418660     0.232386     0.794179  
   128     0.407450     0.232827     0.719614  
# stopped at epoch 128: no improvement for 40 epochs
# restored epoch 88 (val MSE 0.695191)
# Spearman  train +0.8942  val +0.2805  test +0.2702
