# mlp_boltz+energy seed 1
# perceptron on boltz+energy
# inputs [(1977,)], 257,345 parameters
# Linear(n_in,128) -> GELU -> Dropout(0.3) -> Linear(128,32) -> GELU -> Dropout(0.3) -> Linear(32,1)
# Adam lr=0.001 weight_decay=0.0001 batch=32 dropout=0.3
# loss = MSE on standardised log10 half-life
# early stopping on validation loss, patience 40, max 300 epochs
#
 epoch  train_batch        train          val  note
     1     0.598273     0.409604     0.573849  * best
     2     0.445931     0.323733     0.590640  
     3     0.384653     0.295758     0.574932  
     4     0.341991     0.249964     0.589716  
     5     0.318035     0.210599     0.595530  
     6     0.289079     0.182558     0.603674  
     7     0.272352     0.176840     0.661262  
     8     0.255695     0.163686     0.620314  
     9     0.236933     0.137445     0.644769  
    10     0.231224     0.163371     0.583129  
    11     0.224136     0.125783     0.612289  
    12     0.216373     0.113206     0.614152  
    13     0.199882     0.110547     0.592653  
    14     0.199923     0.110892     0.617449  
    15     0.193895     0.106465     0.600131  
    16     0.184632     0.096408     0.599277  
    17     0.176573     0.090976     0.623220  
    18     0.177784     0.094982     0.614000  
    19     0.171883     0.089801     0.603094  
    20     0.168859     0.081887     0.611650  
    21     0.164302     0.082821     0.606729  
    22     0.164451     0.098388     0.627170  
    23     0.164596     0.072337     0.606922  
    24     0.156463     0.078423     0.634177  
    25     0.164479     0.080774     0.650118  
    26     0.159033     0.089942     0.610291  
    27     0.151563     0.069423     0.615436  
    28     0.148423     0.075474     0.603963  
    29     0.149703     0.078334     0.603224  
    30     0.148908     0.069586     0.632295  
    31     0.148681     0.088628     0.632032  
    32     0.145265     0.074897     0.631169  
    33     0.147403     0.077026     0.624456  
    34     0.149845     0.070988     0.636326  
    35     0.140442     0.069772     0.621614  
    36     0.141655     0.067698     0.607100  
    37     0.143044     0.070209     0.624431  
    38     0.138372     0.081359     0.649249  
    39     0.135215     0.057551     0.617807  
    40     0.138038     0.075821     0.623291  
    41     0.138255     0.069703     0.615866  
# stopped at epoch 41: no improvement for 40 epochs
# restored epoch 1 (val MSE 0.573849)
# Spearman  train +0.7901  val +0.4731  test +0.4990
