# gbm_seq+node seed 2
# boosted trees on seq+node
# inputs 12380, 2,003 trees
# LightGBM gradient-boosted trees, objective l2, lr 0.05, num_leaves 31, min_data_in_leaf 20, feature_fraction 0.3, bagging 0.8, lambda_l2 1.0, up to 3000 rounds, early stopping 100 on validation l2
# loss = l2 on standardised log10 half-life
#
 round        train          val  note
     1     0.969977     0.981076  
     2     0.939314     0.950857  
     3     0.912939     0.926511  
     4     0.888050     0.903582  
     5     0.866234     0.882995  
     6     0.845269     0.864568  
     7     0.823544     0.846362  
     8     0.806047     0.830155  
     9     0.788848     0.816270  
    10     0.773354     0.803684  
    11     0.755998     0.789709  
    12     0.740613     0.777357  
    13     0.726794     0.765931  
    14     0.712799     0.754079  
    15     0.702393     0.746338  
    16     0.689379     0.735464  
    17     0.678215     0.727978  
    18     0.664957     0.717200  
    19     0.655730     0.710629  
    20     0.644819     0.701279  
    21     0.635872     0.695554  
    22     0.626548     0.688825  
    23     0.618217     0.683476  
    24     0.611224     0.678714  
    25     0.602469     0.671715  
    26     0.596176     0.669058  
    27     0.588641     0.663740  
    28     0.580913     0.658436  
    29     0.574461     0.653978  
    30     0.568516     0.650586  
    31     0.562639     0.648053  
    32     0.556161     0.643920  
    33     0.550698     0.640571  
    34     0.545386     0.637465  
    35     0.539628     0.634387  
    36     0.534447     0.631600  
    37     0.529824     0.629805  
    38     0.525322     0.628058  
    39     0.520580     0.626346  
    40     0.516422     0.625013  
    41     0.512087     0.622108  
    42     0.507329     0.619501  
    43     0.503265     0.618003  
    44     0.498915     0.616007  
    45     0.494683     0.613878  
    46     0.490893     0.611550  
    47     0.486661     0.609314  
    48     0.482988     0.608405  
    49     0.479407     0.606259  
    50     0.475226     0.604604  
    51     0.471887     0.603575  
    52     0.468467     0.602669  
    53     0.464494     0.601188  
    54     0.460811     0.599389  
    55     0.457708     0.598581  
    56     0.454141     0.596531  
    57     0.450459     0.595547  
    58     0.447344     0.593977  
    59     0.444033     0.593941  
    60     0.440927     0.592863  
    61     0.437774     0.591529  
    62     0.434692     0.590880  
    63     0.431110     0.588985  
    64     0.428123     0.588701  
    65     0.425117     0.587700  
    66     0.422404     0.587105  
    67     0.419241     0.585953  
    68     0.416162     0.585427  
    69     0.413161     0.584381  
    70     0.410248     0.583202  
    71     0.407431     0.582250  
    72     0.404798     0.581992  
    73     0.402231     0.580855  
    74     0.399689     0.579613  
    75     0.396935     0.579002  
    76     0.394319     0.577952  
    77     0.391786     0.578070  
    78     0.389197     0.577968  
    79     0.386574     0.577372  
    80     0.384018     0.576862  
    81     0.381551     0.576886  
    82     0.378927     0.575956  
    83     0.376359     0.575069  
    84     0.373927     0.575072  
    85     0.371525     0.573869  
    86     0.368945     0.572769  
    87     0.366420     0.572239  
    88     0.364099     0.571605  
    89     0.361825     0.571202  
    90     0.359652     0.570907  
    91     0.356947     0.569814  
    92     0.354699     0.569263  
    93     0.352503     0.569041  
    94     0.350243     0.568521  
    95     0.348103     0.568560  
    96     0.345795     0.567969  
    97     0.343754     0.567776  
    98     0.341634     0.567247  
    99     0.339551     0.566242  
   100     0.337523     0.565556  
   101     0.335464     0.565000  
   102     0.333392     0.564353  
   103     0.331521     0.563960  
   104     0.329400     0.564201  
   105     0.327525     0.564172  
   106     0.325557     0.563946  
   107     0.323699     0.563805  
   108     0.321634     0.563162  
   109     0.319761     0.562558  
   110     0.317819     0.562800  
   111     0.315874     0.562272  
   112     0.313838     0.561266  
   113     0.312041     0.561043  
   114     0.309987     0.560271  
   115     0.308118     0.560218  
   116     0.306316     0.559691  
   117     0.304398     0.558822  
   118     0.302644     0.558411  
   119     0.300856     0.558177  
   120     0.299135     0.558070  
   121     0.297260     0.557610  
   122     0.295448     0.557081  
   123     0.293735     0.557199  
   124     0.291994     0.556610  
   125     0.290321     0.556501  
   126     0.288700     0.555908  
   127     0.287080     0.555763  
   128     0.285443     0.555481  
   129     0.283482     0.554191  
   130     0.281696     0.554063  
   131     0.280064     0.553773  
   132     0.278437     0.553054  
   133     0.276858     0.552670  
   134     0.275188     0.552281  
   135     0.273653     0.551784  
   136     0.272094     0.551531  
   137     0.270571     0.551493  
   138     0.268990     0.551257  
   139     0.267505     0.551343  
   140     0.265958     0.551096  
   141     0.264450     0.550772  
   142     0.262855     0.550161  
   143     0.261444     0.549731  
   144     0.260082     0.549329  
   145     0.258648     0.549426  
   146     0.257216     0.549258  
   147     0.255667     0.548576  
   148     0.254330     0.548479  
   149     0.252801     0.548287  
   150     0.251439     0.548312  
   151     0.250081     0.548532  
   152     0.248756     0.548134  
   153     0.247307     0.548335  
   154     0.246002     0.548413  
   155     0.244500     0.548239  
   156     0.243191     0.547904  
   157     0.241800     0.547403  
   158     0.240388     0.547251  
   159     0.238995     0.546554  
   160     0.237734     0.546606  
   161     0.236516     0.546781  
   162     0.235152     0.546449  
   163     0.233824     0.545669  
   164     0.232531     0.545263  
   165     0.231331     0.545011  
   166     0.230066     0.545191  
   167     0.228758     0.544471  
   168     0.227534     0.543899  
   169     0.226431     0.543717  
   170     0.225241     0.543755  
   171     0.223979     0.543684  
   172     0.222777     0.543616  
   173     0.221466     0.543262  
   174     0.220316     0.543424  
   175     0.219123     0.543390  
   176     0.217935     0.542669  
   177     0.216713     0.542064  
   178     0.215556     0.541727  
   179     0.214403     0.541492  
   180     0.213308     0.541486  
   181     0.212113     0.541931  
   182     0.211007     0.541768  
   183     0.209819     0.541190  
   184     0.208674     0.540887  
   185     0.207620     0.540924  
   186     0.206537     0.540784  
   187     0.205479     0.540530  
   188     0.204440     0.540265  
   189     0.203413     0.540408  
   190     0.202326     0.540193  
   191     0.201331     0.539812  
   192     0.200364     0.539807  
   193     0.199323     0.539608  
   194     0.198350     0.539028  
   195     0.197257     0.539074  
   196     0.196259     0.538756  
   197     0.195200     0.538588  
   198     0.194087     0.538602  
   199     0.193185     0.538664  
   200     0.192308     0.538558  
   201     0.191269     0.538833  
   202     0.190301     0.538264  
   203     0.189320     0.538109  
   204     0.188348     0.537839  
   205     0.187412     0.537226  
   206     0.186508     0.536642  
   207     0.185464     0.536756  
   208     0.184404     0.536579  
   209     0.183449     0.536397  
   210     0.182494     0.536229  
   211     0.181536     0.536195  
   212     0.180693     0.536041  
   213     0.179799     0.536229  
   214     0.178987     0.535929  
   215     0.178029     0.536041  
   216     0.177066     0.535291  
   217     0.176170     0.535241  
   218     0.175296     0.535178  
   219     0.174375     0.535083  
   220     0.173501     0.534859  
   221     0.172666     0.534983  
   222     0.171882     0.534992  
   223     0.171026     0.534860  
   224     0.170238     0.534493  
   225     0.169380     0.534562  
   226     0.168547     0.534321  
   227     0.167693     0.533857  
   228     0.166859     0.533566  
   229     0.165998     0.533380  
   230     0.165159     0.533316  
   231     0.164336     0.533244  
   232     0.163542     0.533266  
   233     0.162773     0.533233  
   234     0.161919     0.533106  
   235     0.161180     0.533193  
   236     0.160382     0.533097  
   237     0.159579     0.532893  
   238     0.158748     0.533159  
   239     0.157946     0.533198  
   240     0.157236     0.533064  
   241     0.156487     0.533075  
   242     0.155679     0.532930  
   243     0.154943     0.532818  
   244     0.154145     0.532632  
   245     0.153358     0.532678  
   246     0.152675     0.532447  
   247     0.152058     0.532439  
   248     0.151296     0.532310  
   249     0.150560     0.532105  
   250     0.149869     0.531800  
   251     0.149149     0.531706  
   252     0.148470     0.531599  
   253     0.147722     0.531389  
   254     0.147005     0.531471  
   255     0.146266     0.531416  
   256     0.145498     0.531079  
   257     0.144807     0.530952  
   258     0.144063     0.530873  
   259     0.143341     0.531052  
   260     0.142617     0.531059  
   261     0.141925     0.530903  
   262     0.141192     0.530852  
   263     0.140462     0.530472  
   264     0.139799     0.530376  
   265     0.139167     0.530046  
   266     0.138426     0.529955  
   267     0.137774     0.529919  
   268     0.137077     0.529774  
   269     0.136366     0.529856  
   270     0.135760     0.529707  
   271     0.135110     0.529842  
   272     0.134461     0.529716  
   273     0.133812     0.529600  
   274     0.133161     0.529345  
   275     0.132363     0.528919  
   276     0.131713     0.528755  
   277     0.131120     0.528736  
   278     0.130492     0.528291  
   279     0.129817     0.528015  
   280     0.129192     0.527826  
   281     0.128622     0.527625  
   282     0.128007     0.527445  
   283     0.127448     0.527260  
   284     0.126850     0.527050  
   285     0.126226     0.526823  
   286     0.125594     0.526910  
   287     0.124949     0.526678  
   288     0.124326     0.526546  
   289     0.123719     0.526451  
   290     0.123134     0.526308  
   291     0.122561     0.526296  
   292     0.121955     0.526141  
   293     0.121363     0.526067  
   294     0.120782     0.525812  
   295     0.120177     0.525811  
   296     0.119586     0.525953  
   297     0.119050     0.525781  
   298     0.118525     0.525566  
   299     0.117955     0.525388  
   300     0.117343     0.525088  
   301     0.116705     0.525278  
   302     0.116150     0.525238  
   303     0.115606     0.525096  
   304     0.115054     0.525326  
   305     0.114480     0.524893  
   306     0.113903     0.524938  
   307     0.113390     0.524932  
   308     0.112784     0.524656  
   309     0.112226     0.524447  
   310     0.111718     0.524435  
   311     0.111175     0.524504  
   312     0.110675     0.524163  
   313     0.110168     0.524062  
   314     0.109626     0.524043  
   315     0.109087     0.523876  
   316     0.108579     0.523884  
   317     0.108063     0.523894  
   318     0.107549     0.523741  
   319     0.107077     0.523586  
   320     0.106599     0.523579  
   321     0.106101     0.523235  
   322     0.105597     0.523146  
   323     0.105090     0.523159  
   324     0.104564     0.523184  
   325     0.104121     0.523109  
   326     0.103585     0.522907  
   327     0.103135     0.522879  
   328     0.102629     0.522766  
   329     0.102156     0.522577  
   330     0.101660     0.522670  
   331     0.101172     0.522379  
   332     0.100687     0.522405  
   333     0.100252     0.522104  
   334     0.099777     0.521959  
   335     0.099284     0.521906  
   336     0.098865     0.521654  
   337     0.098435     0.521716  
   338     0.097956     0.521455  
   339     0.097517     0.521575  
   340     0.097035     0.521557  
   341     0.096561     0.521430  
   342     0.096158     0.521339  
   343     0.095644     0.521233  
   344     0.095190     0.521205  
   345     0.094742     0.520952  
   346     0.094309     0.521212  
   347     0.093885     0.521051  
   348     0.093491     0.521271  
   349     0.093065     0.521243  
   350     0.092607     0.521311  
   351     0.092194     0.521205  
   352     0.091800     0.521297  
   353     0.091379     0.521225  
   354     0.090966     0.521210  
   355     0.090546     0.521278  
   356     0.090157     0.521140  
   357     0.089701     0.521003  
   358     0.089265     0.521140  
   359     0.088866     0.521061  
   360     0.088521     0.521088  
   361     0.088134     0.521173  
   362     0.087734     0.520993  
   363     0.087345     0.521033  
   364     0.086924     0.520811  
   365     0.086529     0.520722  
   366     0.086157     0.520852  
   367     0.085786     0.520672  
   368     0.085401     0.520520  
   369     0.085006     0.520421  
   370     0.084625     0.520388  
   371     0.084219     0.520101  
   372     0.083792     0.520102  
   373     0.083401     0.520109  
   374     0.083015     0.520143  
   375     0.082632     0.520084  
   376     0.082323     0.520083  
   377     0.081977     0.519945  
   378     0.081590     0.519814  
   379     0.081224     0.519720  
   380     0.080820     0.519765  
   381     0.080480     0.519973  
   382     0.080117     0.519775  
   383     0.079795     0.519782  
   384     0.079420     0.519594  
   385     0.079028     0.519504  
   386     0.078719     0.519420  
   387     0.078399     0.519438  
   388     0.078063     0.519111  
   389     0.077683     0.519088  
   390     0.077383     0.519075  
   391     0.077065     0.519118  
   392     0.076701     0.518906  
   393     0.076387     0.518947  
   394     0.076067     0.518866  
   395     0.075708     0.518934  
   396     0.075393     0.518966  
   397     0.075018     0.518860  
   398     0.074675     0.518891  
   399     0.074346     0.519053  
   400     0.074047     0.519025  
   401     0.073731     0.518966  
   402     0.073382     0.518984  
   403     0.073069     0.519034  
   404     0.072766     0.518954  
   405     0.072454     0.518900  
   406     0.072118     0.519085  
   407     0.071824     0.519035  
   408     0.071491     0.518938  
   409     0.071182     0.519025  
   410     0.070850     0.519025  
   411     0.070503     0.518876  
   412     0.070180     0.518810  
   413     0.069880     0.518705  
   414     0.069605     0.518553  
   415     0.069302     0.518499  
   416     0.068986     0.518475  
   417     0.068673     0.518481  
   418     0.068362     0.518384  
   419     0.068079     0.518488  
   420     0.067768     0.518614  
   421     0.067471     0.518473  
   422     0.067132     0.518216  
   423     0.066813     0.518254  
   424     0.066515     0.518133  
   425     0.066258     0.518101  
   426     0.065953     0.517905  
   427     0.065667     0.517896  
   428     0.065372     0.517688  
   429     0.065092     0.517662  
   430     0.064822     0.517806  
   431     0.064540     0.517754  
   432     0.064272     0.517965  
   433     0.063986     0.517869  
   434     0.063671     0.517947  
   435     0.063407     0.517948  
   436     0.063111     0.518006  
   437     0.062861     0.518115  
   438     0.062598     0.518016  
   439     0.062330     0.517938  
   440     0.062073     0.517916  
   441     0.061804     0.518103  
   442     0.061547     0.518038  
   443     0.061301     0.517812  
   444     0.061069     0.517876  
   445     0.060827     0.517822  
   446     0.060540     0.517809  
   447     0.060267     0.517817  
   448     0.060006     0.517715  
   449     0.059752     0.517616  
   450     0.059450     0.517297  
   451     0.059200     0.517262  
   452     0.058940     0.517198  
   453     0.058671     0.517238  
   454     0.058389     0.517118  
   455     0.058147     0.517087  
   456     0.057888     0.517003  
   457     0.057628     0.517080  
   458     0.057372     0.517020  
   459     0.057113     0.516949  
   460     0.056879     0.517018  
   461     0.056644     0.516893  
   462     0.056414     0.516836  
   463     0.056194     0.516829  
   464     0.055983     0.516896  
   465     0.055752     0.516904  
   466     0.055516     0.516930  
   467     0.055278     0.516952  
   468     0.055046     0.516885  
   469     0.054822     0.516921  
   470     0.054562     0.516957  
   471     0.054285     0.516953  
   472     0.054027     0.516817  
   473     0.053784     0.516809  
   474     0.053548     0.516719  
   475     0.053312     0.516546  
   476     0.053090     0.516478  
   477     0.052837     0.516296  
   478     0.052623     0.516267  
   479     0.052374     0.516210  
   480     0.052141     0.516199  
   481     0.051926     0.516109  
   482     0.051698     0.515933  
   483     0.051471     0.516028  
   484     0.051256     0.516186  
   485     0.051045     0.516211  
   486     0.050826     0.516166  
   487     0.050604     0.516035  
   488     0.050390     0.516030  
   489     0.050177     0.516013  
   490     0.049962     0.516071  
   491     0.049748     0.516025  
   492     0.049520     0.515950  
   493     0.049285     0.516011  
   494     0.049059     0.515960  
   495     0.048845     0.515825  
   496     0.048638     0.515751  
   497     0.048423     0.515779  
   498     0.048220     0.515781  
   499     0.048008     0.515789  
   500     0.047791     0.515637  
   501     0.047610     0.515691  
   502     0.047398     0.515759  
   503     0.047224     0.515759  
   504     0.047033     0.515770  
   505     0.046833     0.515811  
   506     0.046615     0.515804  
   507     0.046403     0.515861  
   508     0.046217     0.515833  
   509     0.046015     0.515733  
   510     0.045828     0.515787  
   511     0.045627     0.515838  
   512     0.045417     0.515743  
   513     0.045234     0.515655  
   514     0.045036     0.515663  
   515     0.044847     0.515454  
   516     0.044648     0.515363  
   517     0.044444     0.515418  
   518     0.044255     0.515386  
   519     0.044059     0.515296  
   520     0.043878     0.515212  
   521     0.043688     0.515155  
   522     0.043499     0.515256  
   523     0.043325     0.515126  
   524     0.043144     0.514913  
   525     0.042960     0.515002  
   526     0.042781     0.514977  
   527     0.042596     0.514968  
   528     0.042414     0.514875  
   529     0.042240     0.514843  
   530     0.042055     0.514836  
   531     0.041885     0.514737  
   532     0.041714     0.514898  
   533     0.041537     0.514968  
   534     0.041347     0.514826  
   535     0.041153     0.514756  
   536     0.040983     0.514713  
   537     0.040807     0.514754  
   538     0.040622     0.514676  
   539     0.040459     0.514596  
   540     0.040275     0.514606  
   541     0.040109     0.514631  
   542     0.039943     0.514607  
   543     0.039767     0.514510  
   544     0.039587     0.514549  
   545     0.039432     0.514552  
   546     0.039268     0.514424  
   547     0.039100     0.514311  
   548     0.038941     0.514333  
   549     0.038766     0.514314  
   550     0.038610     0.514240  
   551     0.038465     0.514183  
   552     0.038308     0.514114  
   553     0.038154     0.514254  
   554     0.037980     0.514281  
   555     0.037826     0.514302  
   556     0.037670     0.514238  
   557     0.037504     0.514209  
   558     0.037367     0.514255  
   559     0.037211     0.514291  
   560     0.037047     0.514330  
   561     0.036861     0.514331  
   562     0.036692     0.514256  
   563     0.036532     0.514349  
   564     0.036377     0.514346  
   565     0.036227     0.514368  
   566     0.036079     0.514383  
   567     0.035926     0.514297  
   568     0.035791     0.514344  
   569     0.035647     0.514192  
   570     0.035500     0.514224  
   571     0.035332     0.514184  
   572     0.035177     0.514165  
   573     0.035021     0.514069  
   574     0.034862     0.514074  
   575     0.034717     0.514114  
   576     0.034583     0.514172  
   577     0.034453     0.514153  
   578     0.034295     0.513968  
   579     0.034138     0.513864  
   580     0.034006     0.513772  
   581     0.033876     0.513952  
   582     0.033723     0.513780  
   583     0.033580     0.513796  
   584     0.033427     0.513788  
   585     0.033281     0.513743  
   586     0.033136     0.513769  
   587     0.032991     0.513768  
   588     0.032851     0.513789  
   589     0.032703     0.513894  
   590     0.032573     0.513766  
   591     0.032425     0.513791  
   592     0.032292     0.513767  
   593     0.032161     0.513668  
   594     0.032012     0.513609  
   595     0.031885     0.513540  
   596     0.031751     0.513560  
   597     0.031606     0.513487  
   598     0.031478     0.513410  
   599     0.031361     0.513460  
   600     0.031224     0.513442  
   601     0.031094     0.513412  
   602     0.030949     0.513415  
   603     0.030809     0.513498  
   604     0.030686     0.513364  
   605     0.030570     0.513435  
   606     0.030439     0.513384  
   607     0.030297     0.513380  
   608     0.030186     0.513252  
   609     0.030055     0.513187  
   610     0.029923     0.513105  
   611     0.029810     0.513149  
   612     0.029675     0.513085  
   613     0.029548     0.513090  
   614     0.029420     0.513021  
   615     0.029292     0.513101  
   616     0.029174     0.513098  
   617     0.029042     0.513147  
   618     0.028930     0.513053  
   619     0.028805     0.513027  
   620     0.028672     0.512964  
   621     0.028566     0.512892  
   622     0.028448     0.513013  
   623     0.028318     0.513110  
   624     0.028195     0.513000  
   625     0.028079     0.512973  
   626     0.027965     0.512927  
   627     0.027845     0.512805  
   628     0.027744     0.512731  
   629     0.027622     0.512525  
   630     0.027513     0.512400  
   631     0.027406     0.512367  
   632     0.027300     0.512398  
   633     0.027173     0.512437  
   634     0.027060     0.512359  
   635     0.026950     0.512319  
   636     0.026839     0.512248  
   637     0.026730     0.512234  
   638     0.026626     0.512174  
   639     0.026519     0.512116  
   640     0.026404     0.512066  
   641     0.026295     0.512108  
   642     0.026187     0.511931  
   643     0.026080     0.512013  
   644     0.025977     0.512102  
   645     0.025866     0.512032  
   646     0.025764     0.511909  
   647     0.025662     0.511788  
   648     0.025558     0.511767  
   649     0.025462     0.511636  
   650     0.025359     0.511557  
   651     0.025252     0.511522  
   652     0.025152     0.511429  
   653     0.025045     0.511296  
   654     0.024936     0.511246  
   655     0.024823     0.511214  
   656     0.024718     0.511164  
   657     0.024605     0.511117  
   658     0.024502     0.511120  
   659     0.024397     0.511075  
   660     0.024296     0.511114  
   661     0.024192     0.511034  
   662     0.024094     0.511033  
   663     0.023984     0.510979  
   664     0.023889     0.511007  
   665     0.023798     0.510857  
   666     0.023691     0.510870  
   667     0.023591     0.510766  
   668     0.023489     0.510754  
   669     0.023396     0.510710  
   670     0.023308     0.510641  
   671     0.023210     0.510595  
   672     0.023115     0.510512  
   673     0.023015     0.510526  
   674     0.022930     0.510399  
   675     0.022826     0.510507  
   676     0.022726     0.510508  
   677     0.022631     0.510545  
   678     0.022535     0.510593  
   679     0.022439     0.510537  
   680     0.022342     0.510580  
   681     0.022252     0.510685  
   682     0.022149     0.510769  
   683     0.022054     0.510721  
   684     0.021962     0.510747  
   685     0.021860     0.510738  
   686     0.021772     0.510694  
   687     0.021681     0.510674  
   688     0.021597     0.510640  
   689     0.021518     0.510579  
   690     0.021426     0.510579  
   691     0.021341     0.510474  
   692     0.021273     0.510327  
   693     0.021179     0.510256  
   694     0.021076     0.510286  
   695     0.020990     0.510368  
   696     0.020913     0.510388  
   697     0.020828     0.510323  
   698     0.020730     0.510383  
   699     0.020649     0.510369  
   700     0.020558     0.510337  
   701     0.020464     0.510280  
   702     0.020381     0.510180  
   703     0.020290     0.510182  
   704     0.020215     0.510146  
   705     0.020126     0.510177  
   706     0.020033     0.510104  
   707     0.019954     0.510056  
   708     0.019879     0.510076  
   709     0.019793     0.510045  
   710     0.019712     0.510052  
   711     0.019619     0.510080  
   712     0.019546     0.509992  
   713     0.019466     0.510013  
   714     0.019392     0.510066  
   715     0.019314     0.510075  
   716     0.019232     0.510071  
   717     0.019154     0.510077  
   718     0.019076     0.510062  
   719     0.018993     0.510055  
   720     0.018916     0.510073  
   721     0.018830     0.510027  
   722     0.018751     0.509973  
   723     0.018668     0.509987  
   724     0.018600     0.509935  
   725     0.018526     0.510041  
   726     0.018457     0.510104  
   727     0.018375     0.510134  
   728     0.018307     0.510170  
   729     0.018222     0.510130  
   730     0.018149     0.510058  
   731     0.018074     0.510080  
   732     0.018002     0.510035  
   733     0.017927     0.509952  
   734     0.017850     0.510029  
   735     0.017782     0.510040  
   736     0.017715     0.510012  
   737     0.017641     0.510019  
   738     0.017570     0.510082  
   739     0.017493     0.510061  
   740     0.017424     0.510080  
   741     0.017347     0.510077  
   742     0.017283     0.510113  
   743     0.017212     0.510153  
   744     0.017140     0.510094  
   745     0.017072     0.510106  
   746     0.016999     0.509984  
   747     0.016932     0.509934  
   748     0.016861     0.509936  
   749     0.016781     0.509870  
   750     0.016712     0.509776  
   751     0.016649     0.509812  
   752     0.016582     0.509797  
   753     0.016512     0.509778  
   754     0.016449     0.509610  
   755     0.016387     0.509560  
   756     0.016322     0.509626  
   757     0.016249     0.509507  
   758     0.016179     0.509357  
   759     0.016110     0.509327  
   760     0.016045     0.509242  
   761     0.015975     0.509236  
   762     0.015910     0.509280  
   763     0.015843     0.509285  
   764     0.015780     0.509239  
   765     0.015715     0.509241  
   766     0.015657     0.509338  
   767     0.015589     0.509289  
   768     0.015529     0.509305  
   769     0.015462     0.509286  
   770     0.015403     0.509303  
   771     0.015342     0.509332  
   772     0.015281     0.509300  
   773     0.015218     0.509291  
   774     0.015163     0.509238  
   775     0.015105     0.509221  
   776     0.015042     0.509215  
   777     0.014979     0.509241  
   778     0.014907     0.509209  
   779     0.014850     0.509136  
   780     0.014793     0.509166  
   781     0.014733     0.509168  
   782     0.014671     0.509107  
   783     0.014606     0.509126  
   784     0.014544     0.509109  
   785     0.014494     0.509039  
   786     0.014442     0.508963  
   787     0.014385     0.508920  
   788     0.014326     0.508966  
   789     0.014261     0.509014  
   790     0.014195     0.508998  
   791     0.014141     0.508945  
   792     0.014080     0.508874  
   793     0.014015     0.508910  
   794     0.013954     0.508870  
   795     0.013897     0.508812  
   796     0.013840     0.508799  
   797     0.013784     0.508785  
   798     0.013727     0.508771  
   799     0.013667     0.508792  
   800     0.013611     0.508754  
   801     0.013553     0.508685  
   802     0.013495     0.508690  
   803     0.013446     0.508649  
   804     0.013397     0.508648  
   805     0.013340     0.508665  
   806     0.013284     0.508661  
   807     0.013229     0.508633  
   808     0.013172     0.508606  
   809     0.013113     0.508697  
   810     0.013064     0.508714  
   811     0.013010     0.508721  
   812     0.012964     0.508626  
   813     0.012915     0.508628  
   814     0.012858     0.508669  
   815     0.012811     0.508626  
   816     0.012760     0.508653  
   817     0.012704     0.508694  
   818     0.012649     0.508744  
   819     0.012601     0.508708  
   820     0.012554     0.508711  
   821     0.012509     0.508634  
   822     0.012449     0.508588  
   823     0.012392     0.508579  
   824     0.012343     0.508603  
   825     0.012293     0.508510  
   826     0.012247     0.508501  
   827     0.012203     0.508511  
   828     0.012157     0.508459  
   829     0.012107     0.508400  
   830     0.012061     0.508367  
   831     0.012013     0.508313  
   832     0.011966     0.508283  
   833     0.011918     0.508301  
   834     0.011873     0.508358  
   835     0.011829     0.508397  
   836     0.011782     0.508303  
   837     0.011732     0.508250  
   838     0.011686     0.508271  
   839     0.011641     0.508281  
   840     0.011595     0.508308  
   841     0.011545     0.508201  
   842     0.011496     0.508181  
   843     0.011448     0.508164  
   844     0.011401     0.508161  
   845     0.011354     0.508074  
   846     0.011309     0.508056  
   847     0.011260     0.508123  
   848     0.011219     0.508148  
   849     0.011173     0.508200  
   850     0.011126     0.508169  
   851     0.011083     0.508161  
   852     0.011041     0.508145  
   853     0.011001     0.508098  
   854     0.010959     0.508080  
   855     0.010912     0.508106  
   856     0.010871     0.508045  
   857     0.010826     0.508058  
   858     0.010783     0.508070  
   859     0.010741     0.508080  
   860     0.010697     0.508088  
   861     0.010651     0.508026  
   862     0.010609     0.507977  
   863     0.010567     0.507870  
   864     0.010522     0.507776  
   865     0.010478     0.507775  
   866     0.010440     0.507748  
   867     0.010393     0.507772  
   868     0.010348     0.507691  
   869     0.010307     0.507741  
   870     0.010268     0.507768  
   871     0.010230     0.507698  
   872     0.010193     0.507645  
   873     0.010152     0.507635  
   874     0.010112     0.507612  
   875     0.010068     0.507616  
   876     0.010032     0.507651  
   877     0.009992     0.507620  
   878     0.009951     0.507598  
   879     0.009913     0.507580  
   880     0.009874     0.507550  
   881     0.009832     0.507514  
   882     0.009788     0.507493  
   883     0.009750     0.507493  
   884     0.009706     0.507467  
   885     0.009671     0.507494  
   886     0.009636     0.507483  
   887     0.009597     0.507489  
   888     0.009557     0.507497  
   889     0.009519     0.507439  
   890     0.009477     0.507456  
   891     0.009443     0.507427  
   892     0.009403     0.507366  
   893     0.009367     0.507317  
   894     0.009331     0.507241  
   895     0.009294     0.507255  
   896     0.009254     0.507165  
   897     0.009216     0.507110  
   898     0.009179     0.507126  
   899     0.009142     0.507112  
   900     0.009103     0.507175  
   901     0.009068     0.507266  
   902     0.009034     0.507261  
   903     0.008999     0.507270  
   904     0.008961     0.507277  
   905     0.008925     0.507240  
   906     0.008886     0.507326  
   907     0.008853     0.507344  
   908     0.008815     0.507370  
   909     0.008780     0.507346  
   910     0.008748     0.507354  
   911     0.008712     0.507349  
   912     0.008672     0.507362  
   913     0.008640     0.507371  
   914     0.008606     0.507374  
   915     0.008574     0.507335  
   916     0.008536     0.507304  
   917     0.008500     0.507230  
   918     0.008466     0.507231  
   919     0.008429     0.507224  
   920     0.008397     0.507201  
   921     0.008367     0.507183  
   922     0.008329     0.507198  
   923     0.008295     0.507197  
   924     0.008263     0.507172  
   925     0.008232     0.507226  
   926     0.008196     0.507272  
   927     0.008159     0.507227  
   928     0.008129     0.507230  
   929     0.008095     0.507189  
   930     0.008060     0.507142  
   931     0.008031     0.507083  
   932     0.007997     0.507088  
   933     0.007966     0.507065  
   934     0.007938     0.507082  
   935     0.007907     0.507079  
   936     0.007874     0.507134  
   937     0.007843     0.507114  
   938     0.007814     0.507150  
   939     0.007783     0.507186  
   940     0.007755     0.507198  
   941     0.007725     0.507155  
   942     0.007696     0.507181  
   943     0.007666     0.507181  
   944     0.007634     0.507171  
   945     0.007604     0.507157  
   946     0.007579     0.507158  
   947     0.007550     0.507134  
   948     0.007520     0.507137  
   949     0.007491     0.507116  
   950     0.007461     0.507077  
   951     0.007432     0.507096  
   952     0.007400     0.507031  
   953     0.007371     0.507048  
   954     0.007342     0.507043  
   955     0.007315     0.507043  
   956     0.007285     0.507031  
   957     0.007256     0.506976  
   958     0.007225     0.506942  
   959     0.007197     0.506869  
   960     0.007164     0.506827  
   961     0.007136     0.506834  
   962     0.007109     0.506824  
   963     0.007082     0.506847  
   964     0.007054     0.506808  
   965     0.007025     0.506791  
   966     0.007001     0.506783  
   967     0.006974     0.506721  
   968     0.006947     0.506720  
   969     0.006920     0.506733  
   970     0.006893     0.506729  
   971     0.006864     0.506755  
   972     0.006839     0.506726  
   973     0.006815     0.506721  
   974     0.006789     0.506739  
   975     0.006761     0.506697  
   976     0.006732     0.506681  
   977     0.006706     0.506728  
   978     0.006680     0.506707  
   979     0.006655     0.506717  
   980     0.006628     0.506706  
   981     0.006602     0.506671  
   982     0.006576     0.506666  
   983     0.006546     0.506667  
   984     0.006522     0.506639  
   985     0.006495     0.506641  
   986     0.006472     0.506619  
   987     0.006446     0.506602  
   988     0.006421     0.506597  
   989     0.006397     0.506598  
   990     0.006372     0.506646  
   991     0.006345     0.506639  
   992     0.006320     0.506652  
   993     0.006299     0.506653  
   994     0.006275     0.506689  
   995     0.006251     0.506746  
   996     0.006231     0.506751  
   997     0.006206     0.506742  
   998     0.006181     0.506713  
   999     0.006158     0.506704  
  1000     0.006133     0.506735  
  1001     0.006108     0.506735  
  1002     0.006084     0.506729  
  1003     0.006059     0.506741  
  1004     0.006034     0.506779  
  1005     0.006011     0.506783  
  1006     0.005985     0.506764  
  1007     0.005959     0.506806  
  1008     0.005935     0.506757  
  1009     0.005915     0.506740  
  1010     0.005891     0.506733  
  1011     0.005868     0.506711  
  1012     0.005844     0.506759  
  1013     0.005821     0.506731  
  1014     0.005800     0.506713  
  1015     0.005779     0.506733  
  1016     0.005756     0.506725  
  1017     0.005735     0.506663  
  1018     0.005713     0.506731  
  1019     0.005692     0.506703  
  1020     0.005665     0.506729  
  1021     0.005642     0.506738  
  1022     0.005623     0.506772  
  1023     0.005597     0.506780  
  1024     0.005574     0.506785  
  1025     0.005554     0.506807  
  1026     0.005533     0.506820  
  1027     0.005513     0.506813  
  1028     0.005492     0.506790  
  1029     0.005473     0.506746  
  1030     0.005450     0.506736  
  1031     0.005430     0.506725  
  1032     0.005409     0.506744  
  1033     0.005387     0.506762  
  1034     0.005364     0.506734  
  1035     0.005342     0.506702  
  1036     0.005323     0.506707  
  1037     0.005302     0.506673  
  1038     0.005281     0.506695  
  1039     0.005260     0.506679  
  1040     0.005238     0.506658  
  1041     0.005218     0.506646  
  1042     0.005198     0.506667  
  1043     0.005181     0.506602  
  1044     0.005162     0.506587  
  1045     0.005142     0.506613  
  1046     0.005120     0.506610  
  1047     0.005100     0.506587  
  1048     0.005081     0.506602  
  1049     0.005059     0.506613  
  1050     0.005038     0.506588  
  1051     0.005017     0.506557  
  1052     0.004996     0.506543  
  1053     0.004975     0.506514  
  1054     0.004952     0.506530  
  1055     0.004932     0.506517  
  1056     0.004914     0.506482  
  1057     0.004897     0.506479  
  1058     0.004880     0.506495  
  1059     0.004861     0.506532  
  1060     0.004841     0.506511  
  1061     0.004820     0.506475  
  1062     0.004800     0.506513  
  1063     0.004780     0.506534  
  1064     0.004758     0.506574  
  1065     0.004742     0.506582  
  1066     0.004726     0.506610  
  1067     0.004709     0.506628  
  1068     0.004692     0.506620  
  1069     0.004675     0.506585  
  1070     0.004658     0.506618  
  1071     0.004640     0.506578  
  1072     0.004621     0.506584  
  1073     0.004605     0.506529  
  1074     0.004586     0.506520  
  1075     0.004568     0.506541  
  1076     0.004549     0.506561  
  1077     0.004529     0.506519  
  1078     0.004512     0.506539  
  1079     0.004491     0.506549  
  1080     0.004474     0.506539  
  1081     0.004455     0.506543  
  1082     0.004436     0.506523  
  1083     0.004418     0.506494  
  1084     0.004403     0.506440  
  1085     0.004386     0.506446  
  1086     0.004372     0.506434  
  1087     0.004354     0.506441  
  1088     0.004336     0.506468  
  1089     0.004319     0.506442  
  1090     0.004303     0.506439  
  1091     0.004289     0.506400  
  1092     0.004274     0.506373  
  1093     0.004258     0.506351  
  1094     0.004241     0.506346  
  1095     0.004224     0.506352  
  1096     0.004207     0.506370  
  1097     0.004191     0.506343  
  1098     0.004175     0.506349  
  1099     0.004158     0.506341  
  1100     0.004142     0.506357  
  1101     0.004126     0.506386  
  1102     0.004110     0.506365  
  1103     0.004094     0.506343  
  1104     0.004079     0.506291  
  1105     0.004065     0.506308  
  1106     0.004048     0.506272  
  1107     0.004031     0.506311  
  1108     0.004017     0.506325  
  1109     0.004002     0.506299  
  1110     0.003986     0.506269  
  1111     0.003970     0.506307  
  1112     0.003952     0.506348  
  1113     0.003936     0.506361  
  1114     0.003921     0.506363  
  1115     0.003904     0.506359  
  1116     0.003890     0.506362  
  1117     0.003874     0.506346  
  1118     0.003859     0.506305  
  1119     0.003844     0.506300  
  1120     0.003831     0.506279  
  1121     0.003816     0.506310  
  1122     0.003800     0.506330  
  1123     0.003786     0.506323  
  1124     0.003771     0.506345  
  1125     0.003755     0.506345  
  1126     0.003740     0.506327  
  1127     0.003724     0.506325  
  1128     0.003712     0.506347  
  1129     0.003698     0.506325  
  1130     0.003682     0.506296  
  1131     0.003669     0.506293  
  1132     0.003654     0.506287  
  1133     0.003639     0.506274  
  1134     0.003623     0.506236  
  1135     0.003608     0.506226  
  1136     0.003594     0.506231  
  1137     0.003580     0.506238  
  1138     0.003565     0.506224  
  1139     0.003550     0.506216  
  1140     0.003537     0.506198  
  1141     0.003522     0.506204  
  1142     0.003508     0.506213  
  1143     0.003494     0.506222  
  1144     0.003482     0.506251  
  1145     0.003469     0.506260  
  1146     0.003455     0.506268  
  1147     0.003444     0.506282  
  1148     0.003431     0.506289  
  1149     0.003417     0.506316  
  1150     0.003404     0.506268  
  1151     0.003391     0.506275  
  1152     0.003379     0.506258  
  1153     0.003366     0.506245  
  1154     0.003352     0.506245  
  1155     0.003337     0.506254  
  1156     0.003325     0.506222  
  1157     0.003310     0.506192  
  1158     0.003297     0.506189  
  1159     0.003284     0.506181  
  1160     0.003271     0.506139  
  1161     0.003260     0.506103  
  1162     0.003248     0.506104  
  1163     0.003235     0.506113  
  1164     0.003222     0.506102  
  1165     0.003211     0.506080  
  1166     0.003200     0.506061  
  1167     0.003189     0.506044  
  1168     0.003177     0.506048  
  1169     0.003164     0.506023  
  1170     0.003151     0.505999  
  1171     0.003139     0.506025  
  1172     0.003129     0.506064  
  1173     0.003118     0.506062  
  1174     0.003108     0.506043  
  1175     0.003094     0.506030  
  1176     0.003082     0.506053  
  1177     0.003071     0.506045  
  1178     0.003059     0.506056  
  1179     0.003047     0.506053  
  1180     0.003036     0.506026  
  1181     0.003026     0.506031  
  1182     0.003015     0.506023  
  1183     0.003004     0.506009  
  1184     0.002992     0.505996  
  1185     0.002981     0.506002  
  1186     0.002969     0.505980  
  1187     0.002956     0.505980  
  1188     0.002944     0.505994  
  1189     0.002932     0.506022  
  1190     0.002922     0.506039  
  1191     0.002910     0.506031  
  1192     0.002898     0.506004  
  1193     0.002887     0.506051  
  1194     0.002875     0.506039  
  1195     0.002865     0.506055  
  1196     0.002855     0.506055  
  1197     0.002843     0.506071  
  1198     0.002832     0.506064  
  1199     0.002821     0.506056  
  1200     0.002810     0.506059  
  1201     0.002800     0.506037  
  1202     0.002789     0.506018  
  1203     0.002779     0.506002  
  1204     0.002768     0.505984  
  1205     0.002758     0.505977  
  1206     0.002749     0.505988  
  1207     0.002738     0.505994  
  1208     0.002727     0.505990  
  1209     0.002716     0.505975  
  1210     0.002706     0.505957  
  1211     0.002696     0.505991  
  1212     0.002686     0.505990  
  1213     0.002674     0.506028  
  1214     0.002664     0.506007  
  1215     0.002653     0.505994  
  1216     0.002642     0.506014  
  1217     0.002633     0.506001  
  1218     0.002622     0.506004  
  1219     0.002611     0.505997  
  1220     0.002601     0.506015  
  1221     0.002592     0.506000  
  1222     0.002583     0.505993  
  1223     0.002574     0.505965  
  1224     0.002564     0.505948  
  1225     0.002556     0.505934  
  1226     0.002546     0.505962  
  1227     0.002537     0.505971  
  1228     0.002527     0.505994  
  1229     0.002518     0.506036  
  1230     0.002509     0.506032  
  1231     0.002499     0.506026  
  1232     0.002488     0.505997  
  1233     0.002479     0.505984  
  1234     0.002469     0.505980  
  1235     0.002461     0.505949  
  1236     0.002451     0.505948  
  1237     0.002441     0.505906  
  1238     0.002433     0.505919  
  1239     0.002424     0.505893  
  1240     0.002414     0.505887  
  1241     0.002405     0.505891  
  1242     0.002396     0.505920  
  1243     0.002386     0.505923  
  1244     0.002376     0.505927  
  1245     0.002367     0.505924  
  1246     0.002358     0.505862  
  1247     0.002348     0.505854  
  1248     0.002339     0.505829  
  1249     0.002329     0.505815  
  1250     0.002321     0.505815  
  1251     0.002312     0.505807  
  1252     0.002303     0.505821  
  1253     0.002294     0.505829  
  1254     0.002286     0.505833  
  1255     0.002278     0.505807  
  1256     0.002269     0.505806  
  1257     0.002261     0.505813  
  1258     0.002252     0.505801  
  1259     0.002244     0.505784  
  1260     0.002235     0.505779  
  1261     0.002226     0.505799  
  1262     0.002219     0.505795  
  1263     0.002211     0.505800  
  1264     0.002203     0.505767  
  1265     0.002194     0.505808  
  1266     0.002186     0.505801  
  1267     0.002178     0.505803  
  1268     0.002170     0.505772  
  1269     0.002163     0.505733  
  1270     0.002155     0.505752  
  1271     0.002145     0.505743  
  1272     0.002137     0.505763  
  1273     0.002129     0.505765  
  1274     0.002121     0.505744  
  1275     0.002113     0.505725  
  1276     0.002105     0.505738  
  1277     0.002097     0.505729  
  1278     0.002088     0.505713  
  1279     0.002080     0.505688  
  1280     0.002073     0.505693  
  1281     0.002066     0.505675  
  1282     0.002058     0.505654  
  1283     0.002051     0.505663  
  1284     0.002042     0.505639  
  1285     0.002033     0.505633  
  1286     0.002025     0.505645  
  1287     0.002018     0.505629  
  1288     0.002012     0.505629  
  1289     0.002003     0.505644  
  1290     0.001996     0.505635  
  1291     0.001988     0.505628  
  1292     0.001979     0.505620  
  1293     0.001972     0.505628  
  1294     0.001965     0.505615  
  1295     0.001956     0.505635  
  1296     0.001949     0.505608  
  1297     0.001942     0.505605  
  1298     0.001934     0.505591  
  1299     0.001927     0.505588  
  1300     0.001920     0.505561  
  1301     0.001912     0.505552  
  1302     0.001905     0.505519  
  1303     0.001898     0.505507  
  1304     0.001891     0.505521  
  1305     0.001883     0.505540  
  1306     0.001877     0.505538  
  1307     0.001868     0.505520  
  1308     0.001862     0.505517  
  1309     0.001854     0.505500  
  1310     0.001847     0.505478  
  1311     0.001840     0.505494  
  1312     0.001833     0.505474  
  1313     0.001827     0.505464  
  1314     0.001819     0.505460  
  1315     0.001812     0.505466  
  1316     0.001805     0.505449  
  1317     0.001798     0.505415  
  1318     0.001791     0.505403  
  1319     0.001785     0.505418  
  1320     0.001778     0.505436  
  1321     0.001771     0.505431  
  1322     0.001765     0.505432  
  1323     0.001758     0.505455  
  1324     0.001751     0.505452  
  1325     0.001745     0.505473  
  1326     0.001739     0.505468  
  1327     0.001732     0.505433  
  1328     0.001725     0.505423  
  1329     0.001719     0.505431  
  1330     0.001712     0.505419  
  1331     0.001705     0.505411  
  1332     0.001699     0.505397  
  1333     0.001692     0.505401  
  1334     0.001685     0.505402  
  1335     0.001680     0.505420  
  1336     0.001674     0.505436  
  1337     0.001667     0.505442  
  1338     0.001660     0.505440  
  1339     0.001654     0.505435  
  1340     0.001647     0.505434  
  1341     0.001641     0.505440  
  1342     0.001634     0.505441  
  1343     0.001629     0.505419  
  1344     0.001622     0.505403  
  1345     0.001616     0.505398  
  1346     0.001610     0.505386  
  1347     0.001604     0.505398  
  1348     0.001597     0.505397  
  1349     0.001591     0.505396  
  1350     0.001586     0.505387  
  1351     0.001580     0.505377  
  1352     0.001575     0.505364  
  1353     0.001569     0.505362  
  1354     0.001564     0.505371  
  1355     0.001558     0.505369  
  1356     0.001553     0.505369  
  1357     0.001546     0.505362  
  1358     0.001540     0.505379  
  1359     0.001535     0.505383  
  1360     0.001529     0.505393  
  1361     0.001524     0.505411  
  1362     0.001518     0.505413  
  1363     0.001511     0.505399  
  1364     0.001506     0.505389  
  1365     0.001500     0.505380  
  1366     0.001495     0.505359  
  1367     0.001489     0.505369  
  1368     0.001484     0.505363  
  1369     0.001478     0.505355  
  1370     0.001473     0.505355  
  1371     0.001468     0.505352  
  1372     0.001462     0.505356  
  1373     0.001456     0.505359  
  1374     0.001451     0.505319  
  1375     0.001446     0.505322  
  1376     0.001441     0.505321  
  1377     0.001435     0.505322  
  1378     0.001430     0.505326  
  1379     0.001424     0.505326  
  1380     0.001417     0.505322  
  1381     0.001412     0.505345  
  1382     0.001407     0.505344  
  1383     0.001401     0.505333  
  1384     0.001396     0.505313  
  1385     0.001391     0.505303  
  1386     0.001385     0.505308  
  1387     0.001380     0.505311  
  1388     0.001375     0.505320  
  1389     0.001370     0.505346  
  1390     0.001365     0.505349  
  1391     0.001359     0.505360  
  1392     0.001354     0.505354  
  1393     0.001349     0.505335  
  1394     0.001345     0.505321  
  1395     0.001340     0.505319  
  1396     0.001335     0.505310  
  1397     0.001330     0.505295  
  1398     0.001326     0.505303  
  1399     0.001321     0.505315  
  1400     0.001316     0.505319  
  1401     0.001311     0.505317  
  1402     0.001305     0.505292  
  1403     0.001300     0.505318  
  1404     0.001295     0.505310  
  1405     0.001290     0.505334  
  1406     0.001286     0.505315  
  1407     0.001282     0.505323  
  1408     0.001277     0.505324  
  1409     0.001272     0.505335  
  1410     0.001268     0.505330  
  1411     0.001263     0.505352  
  1412     0.001258     0.505345  
  1413     0.001254     0.505350  
  1414     0.001250     0.505345  
  1415     0.001245     0.505320  
  1416     0.001240     0.505327  
  1417     0.001235     0.505318  
  1418     0.001231     0.505318  
  1419     0.001226     0.505312  
  1420     0.001221     0.505300  
  1421     0.001216     0.505289  
  1422     0.001211     0.505283  
  1423     0.001207     0.505288  
  1424     0.001202     0.505271  
  1425     0.001198     0.505271  
  1426     0.001194     0.505264  
  1427     0.001189     0.505283  
  1428     0.001185     0.505263  
  1429     0.001180     0.505260  
  1430     0.001176     0.505283  
  1431     0.001172     0.505288  
  1432     0.001167     0.505316  
  1433     0.001163     0.505320  
  1434     0.001158     0.505319  
  1435     0.001154     0.505304  
  1436     0.001150     0.505330  
  1437     0.001145     0.505332  
  1438     0.001141     0.505324  
  1439     0.001136     0.505324  
  1440     0.001132     0.505321  
  1441     0.001129     0.505310  
  1442     0.001124     0.505316  
  1443     0.001120     0.505303  
  1444     0.001116     0.505297  
  1445     0.001113     0.505285  
  1446     0.001109     0.505276  
  1447     0.001105     0.505283  
  1448     0.001101     0.505269  
  1449     0.001097     0.505256  
  1450     0.001092     0.505264  
  1451     0.001088     0.505266  
  1452     0.001084     0.505265  
  1453     0.001079     0.505269  
  1454     0.001076     0.505251  
  1455     0.001071     0.505259  
  1456     0.001067     0.505258  
  1457     0.001064     0.505258  
  1458     0.001060     0.505244  
  1459     0.001057     0.505253  
  1460     0.001053     0.505247  
  1461     0.001048     0.505247  
  1462     0.001045     0.505232  
  1463     0.001041     0.505234  
  1464     0.001037     0.505245  
  1465     0.001034     0.505252  
  1466     0.001030     0.505248  
  1467     0.001026     0.505262  
  1468     0.001022     0.505274  
  1469     0.001018     0.505297  
  1470     0.001015     0.505292  
  1471     0.001011     0.505283  
  1472     0.001007     0.505272  
  1473     0.001004     0.505258  
  1474     0.001000     0.505246  
  1475     0.000997     0.505247  
  1476     0.000993     0.505253  
  1477     0.000989     0.505234  
  1478     0.000986     0.505225  
  1479     0.000982     0.505226  
  1480     0.000978     0.505236  
  1481     0.000975     0.505254  
  1482     0.000971     0.505266  
  1483     0.000968     0.505272  
  1484     0.000964     0.505290  
  1485     0.000961     0.505278  
  1486     0.000957     0.505278  
  1487     0.000953     0.505276  
  1488     0.000950     0.505265  
  1489     0.000946     0.505259  
  1490     0.000943     0.505262  
  1491     0.000940     0.505252  
  1492     0.000937     0.505230  
  1493     0.000933     0.505245  
  1494     0.000929     0.505250  
  1495     0.000926     0.505247  
  1496     0.000922     0.505250  
  1497     0.000918     0.505256  
  1498     0.000915     0.505260  
  1499     0.000912     0.505249  
  1500     0.000909     0.505255  
  1501     0.000905     0.505237  
  1502     0.000902     0.505239  
  1503     0.000898     0.505249  
  1504     0.000894     0.505236  
  1505     0.000891     0.505221  
  1506     0.000888     0.505236  
  1507     0.000884     0.505234  
  1508     0.000881     0.505230  
  1509     0.000878     0.505240  
  1510     0.000874     0.505229  
  1511     0.000871     0.505231  
  1512     0.000868     0.505235  
  1513     0.000864     0.505226  
  1514     0.000860     0.505219  
  1515     0.000858     0.505232  
  1516     0.000855     0.505220  
  1517     0.000851     0.505219  
  1518     0.000848     0.505228  
  1519     0.000845     0.505211  
  1520     0.000841     0.505194  
  1521     0.000838     0.505198  
  1522     0.000835     0.505197  
  1523     0.000832     0.505202  
  1524     0.000829     0.505213  
  1525     0.000826     0.505218  
  1526     0.000823     0.505197  
  1527     0.000820     0.505220  
  1528     0.000817     0.505219  
  1529     0.000813     0.505221  
  1530     0.000810     0.505217  
  1531     0.000808     0.505210  
  1532     0.000804     0.505198  
  1533     0.000801     0.505188  
  1534     0.000798     0.505201  
  1535     0.000795     0.505195  
  1536     0.000792     0.505197  
  1537     0.000790     0.505209  
  1538     0.000787     0.505212  
  1539     0.000784     0.505203  
  1540     0.000782     0.505194  
  1541     0.000779     0.505188  
  1542     0.000776     0.505183  
  1543     0.000773     0.505184  
  1544     0.000770     0.505183  
  1545     0.000767     0.505158  
  1546     0.000764     0.505169  
  1547     0.000762     0.505178  
  1548     0.000758     0.505174  
  1549     0.000756     0.505176  
  1550     0.000753     0.505174  
  1551     0.000750     0.505181  
  1552     0.000747     0.505194  
  1553     0.000744     0.505196  
  1554     0.000742     0.505195  
  1555     0.000739     0.505172  
  1556     0.000736     0.505166  
  1557     0.000734     0.505162  
  1558     0.000731     0.505144  
  1559     0.000728     0.505141  
  1560     0.000725     0.505151  
  1561     0.000722     0.505159  
  1562     0.000719     0.505165  
  1563     0.000717     0.505161  
  1564     0.000715     0.505160  
  1565     0.000712     0.505169  
  1566     0.000709     0.505174  
  1567     0.000706     0.505179  
  1568     0.000704     0.505174  
  1569     0.000701     0.505188  
  1570     0.000698     0.505188  
  1571     0.000695     0.505168  
  1572     0.000692     0.505169  
  1573     0.000690     0.505159  
  1574     0.000687     0.505151  
  1575     0.000685     0.505164  
  1576     0.000682     0.505163  
  1577     0.000680     0.505166  
  1578     0.000677     0.505172  
  1579     0.000675     0.505194  
  1580     0.000672     0.505177  
  1581     0.000670     0.505173  
  1582     0.000667     0.505183  
  1583     0.000665     0.505172  
  1584     0.000662     0.505157  
  1585     0.000659     0.505150  
  1586     0.000657     0.505149  
  1587     0.000654     0.505144  
  1588     0.000652     0.505139  
  1589     0.000650     0.505131  
  1590     0.000648     0.505135  
  1591     0.000645     0.505124  
  1592     0.000643     0.505125  
  1593     0.000640     0.505128  
  1594     0.000638     0.505115  
  1595     0.000636     0.505122  
  1596     0.000633     0.505116  
  1597     0.000631     0.505111  
  1598     0.000629     0.505123  
  1599     0.000627     0.505112  
  1600     0.000624     0.505106  
  1601     0.000622     0.505088  
  1602     0.000620     0.505090  
  1603     0.000617     0.505098  
  1604     0.000615     0.505084  
  1605     0.000613     0.505082  
  1606     0.000611     0.505067  
  1607     0.000608     0.505074  
  1608     0.000606     0.505065  
  1609     0.000603     0.505066  
  1610     0.000601     0.505056  
  1611     0.000599     0.505058  
  1612     0.000596     0.505043  
  1613     0.000594     0.505026  
  1614     0.000592     0.505025  
  1615     0.000591     0.505014  
  1616     0.000588     0.505028  
  1617     0.000586     0.505028  
  1618     0.000584     0.505033  
  1619     0.000582     0.505044  
  1620     0.000580     0.505040  
  1621     0.000578     0.505024  
  1622     0.000576     0.505019  
  1623     0.000574     0.505018  
  1624     0.000572     0.505025  
  1625     0.000570     0.505030  
  1626     0.000568     0.505037  
  1627     0.000566     0.505033  
  1628     0.000564     0.505041  
  1629     0.000562     0.505039  
  1630     0.000560     0.505032  
  1631     0.000558     0.505040  
  1632     0.000556     0.505013  
  1633     0.000554     0.505020  
  1634     0.000552     0.505008  
  1635     0.000549     0.505018  
  1636     0.000547     0.505031  
  1637     0.000546     0.505032  
  1638     0.000543     0.505025  
  1639     0.000541     0.505022  
  1640     0.000539     0.505025  
  1641     0.000537     0.505033  
  1642     0.000535     0.505039  
  1643     0.000533     0.505030  
  1644     0.000531     0.505046  
  1645     0.000529     0.505049  
  1646     0.000527     0.505044  
  1647     0.000525     0.505048  
  1648     0.000523     0.505045  
  1649     0.000521     0.505054  
  1650     0.000519     0.505060  
  1651     0.000517     0.505066  
  1652     0.000514     0.505084  
  1653     0.000512     0.505082  
  1654     0.000510     0.505085  
  1655     0.000508     0.505094  
  1656     0.000506     0.505097  
  1657     0.000504     0.505099  
  1658     0.000502     0.505091  
  1659     0.000500     0.505087  
  1660     0.000498     0.505092  
  1661     0.000497     0.505091  
  1662     0.000495     0.505097  
  1663     0.000493     0.505107  
  1664     0.000491     0.505109  
  1665     0.000489     0.505107  
  1666     0.000488     0.505106  
  1667     0.000486     0.505111  
  1668     0.000484     0.505111  
  1669     0.000482     0.505102  
  1670     0.000480     0.505101  
  1671     0.000478     0.505101  
  1672     0.000477     0.505101  
  1673     0.000475     0.505094  
  1674     0.000473     0.505089  
  1675     0.000471     0.505084  
  1676     0.000469     0.505091  
  1677     0.000468     0.505095  
  1678     0.000466     0.505095  
  1679     0.000464     0.505082  
  1680     0.000462     0.505081  
  1681     0.000461     0.505080  
  1682     0.000459     0.505069  
  1683     0.000458     0.505059  
  1684     0.000456     0.505063  
  1685     0.000454     0.505050  
  1686     0.000453     0.505045  
  1687     0.000451     0.505047  
  1688     0.000449     0.505054  
  1689     0.000447     0.505058  
  1690     0.000446     0.505055  
  1691     0.000444     0.505059  
  1692     0.000442     0.505050  
  1693     0.000440     0.505038  
  1694     0.000439     0.505051  
  1695     0.000437     0.505047  
  1696     0.000435     0.505044  
  1697     0.000434     0.505037  
  1698     0.000432     0.505040  
  1699     0.000431     0.505034  
  1700     0.000429     0.505024  
  1701     0.000427     0.505023  
  1702     0.000426     0.505005  
  1703     0.000424     0.504997  
  1704     0.000423     0.504997  
  1705     0.000421     0.504990  
  1706     0.000420     0.504978  
  1707     0.000418     0.504978  
  1708     0.000416     0.504971  
  1709     0.000415     0.504978  
  1710     0.000413     0.504976  
  1711     0.000412     0.504983  
  1712     0.000410     0.504965  
  1713     0.000408     0.504978  
  1714     0.000407     0.504975  
  1715     0.000405     0.504957  
  1716     0.000404     0.504956  
  1717     0.000402     0.504959  
  1718     0.000401     0.504955  
  1719     0.000399     0.504970  
  1720     0.000398     0.504981  
  1721     0.000396     0.504972  
  1722     0.000394     0.504961  
  1723     0.000393     0.504957  
  1724     0.000392     0.504957  
  1725     0.000390     0.504958  
  1726     0.000389     0.504951  
  1727     0.000387     0.504956  
  1728     0.000386     0.504957  
  1729     0.000385     0.504953  
  1730     0.000383     0.504953  
  1731     0.000382     0.504952  
  1732     0.000380     0.504956  
  1733     0.000379     0.504949  
  1734     0.000378     0.504950  
  1735     0.000376     0.504944  
  1736     0.000375     0.504939  
  1737     0.000374     0.504944  
  1738     0.000372     0.504955  
  1739     0.000371     0.504952  
  1740     0.000369     0.504957  
  1741     0.000368     0.504958  
  1742     0.000367     0.504974  
  1743     0.000365     0.504980  
  1744     0.000364     0.504984  
  1745     0.000363     0.504981  
  1746     0.000361     0.504982  
  1747     0.000360     0.504979  
  1748     0.000359     0.504980  
  1749     0.000358     0.504979  
  1750     0.000356     0.504984  
  1751     0.000355     0.504980  
  1752     0.000354     0.504982  
  1753     0.000352     0.504974  
  1754     0.000351     0.504973  
  1755     0.000350     0.504982  
  1756     0.000349     0.504975  
  1757     0.000347     0.504971  
  1758     0.000346     0.504974  
  1759     0.000345     0.504969  
  1760     0.000344     0.504961  
  1761     0.000342     0.504957  
  1762     0.000341     0.504967  
  1763     0.000340     0.504967  
  1764     0.000338     0.504950  
  1765     0.000337     0.504954  
  1766     0.000336     0.504951  
  1767     0.000335     0.504939  
  1768     0.000334     0.504921  
  1769     0.000332     0.504919  
  1770     0.000331     0.504910  
  1771     0.000330     0.504908  
  1772     0.000329     0.504904  
  1773     0.000327     0.504909  
  1774     0.000326     0.504906  
  1775     0.000325     0.504917  
  1776     0.000324     0.504916  
  1777     0.000322     0.504918  
  1778     0.000321     0.504909  
  1779     0.000320     0.504906  
  1780     0.000319     0.504904  
  1781     0.000318     0.504898  
  1782     0.000317     0.504903  
  1783     0.000315     0.504904  
  1784     0.000314     0.504904  
  1785     0.000313     0.504905  
  1786     0.000312     0.504899  
  1787     0.000311     0.504902  
  1788     0.000310     0.504902  
  1789     0.000309     0.504897  
  1790     0.000307     0.504892  
  1791     0.000306     0.504891  
  1792     0.000305     0.504904  
  1793     0.000304     0.504900  
  1794     0.000303     0.504896  
  1795     0.000302     0.504894  
  1796     0.000301     0.504891  
  1797     0.000300     0.504882  
  1798     0.000299     0.504886  
  1799     0.000298     0.504888  
  1800     0.000296     0.504895  
  1801     0.000295     0.504891  
  1802     0.000294     0.504894  
  1803     0.000293     0.504891  
  1804     0.000292     0.504892  
  1805     0.000291     0.504890  
  1806     0.000290     0.504897  
  1807     0.000289     0.504892  
  1808     0.000288     0.504879  
  1809     0.000286     0.504878  
  1810     0.000285     0.504875  
  1811     0.000284     0.504867  
  1812     0.000283     0.504867  
  1813     0.000282     0.504867  
  1814     0.000281     0.504862  
  1815     0.000281     0.504854  
  1816     0.000280     0.504861  
  1817     0.000279     0.504879  
  1818     0.000277     0.504880  
  1819     0.000276     0.504885  
  1820     0.000275     0.504896  
  1821     0.000274     0.504894  
  1822     0.000273     0.504911  
  1823     0.000272     0.504923  
  1824     0.000271     0.504916  
  1825     0.000270     0.504911  
  1826     0.000269     0.504892  
  1827     0.000268     0.504889  
  1828     0.000267     0.504893  
  1829     0.000266     0.504897  
  1830     0.000265     0.504893  
  1831     0.000264     0.504897  
  1832     0.000263     0.504902  
  1833     0.000262     0.504891  
  1834     0.000262     0.504894  
  1835     0.000261     0.504903  
  1836     0.000260     0.504900  
  1837     0.000259     0.504905  
  1838     0.000258     0.504906  
  1839     0.000257     0.504903  
  1840     0.000256     0.504908  
  1841     0.000255     0.504909  
  1842     0.000254     0.504905  
  1843     0.000253     0.504908  
  1844     0.000252     0.504899  
  1845     0.000251     0.504891  
  1846     0.000250     0.504883  
  1847     0.000249     0.504881  
  1848     0.000248     0.504872  
  1849     0.000247     0.504876  
  1850     0.000246     0.504869  
  1851     0.000246     0.504863  
  1852     0.000245     0.504863  
  1853     0.000244     0.504872  
  1854     0.000243     0.504870  
  1855     0.000242     0.504862  
  1856     0.000241     0.504853  
  1857     0.000240     0.504858  
  1858     0.000239     0.504864  
  1859     0.000238     0.504865  
  1860     0.000237     0.504856  
  1861     0.000237     0.504860  
  1862     0.000236     0.504862  
  1863     0.000235     0.504855  
  1864     0.000234     0.504854  
  1865     0.000233     0.504856  
  1866     0.000232     0.504862  
  1867     0.000231     0.504859  
  1868     0.000230     0.504866  
  1869     0.000229     0.504864  
  1870     0.000228     0.504859  
  1871     0.000228     0.504864  
  1872     0.000227     0.504869  
  1873     0.000226     0.504864  
  1874     0.000225     0.504859  
  1875     0.000224     0.504862  
  1876     0.000223     0.504866  
  1877     0.000223     0.504868  
  1878     0.000222     0.504867  
  1879     0.000221     0.504870  
  1880     0.000220     0.504868  
  1881     0.000219     0.504876  
  1882     0.000218     0.504875  
  1883     0.000218     0.504866  
  1884     0.000217     0.504868  
  1885     0.000216     0.504865  
  1886     0.000215     0.504873  
  1887     0.000214     0.504876  
  1888     0.000214     0.504878  
  1889     0.000213     0.504873  
  1890     0.000212     0.504866  
  1891     0.000211     0.504862  
  1892     0.000211     0.504861  
  1893     0.000210     0.504860  
  1894     0.000209     0.504854  
  1895     0.000208     0.504848  
  1896     0.000208     0.504849  
  1897     0.000207     0.504864  
  1898     0.000206     0.504857  
  1899     0.000205     0.504852  
  1900     0.000205     0.504853  
  1901     0.000204     0.504852  
  1902     0.000203     0.504849  
  1903     0.000202     0.504846  
  1904     0.000201     0.504860  
  1905     0.000201     0.504856  
  1906     0.000200     0.504849  
  1907     0.000199     0.504844  
  1908     0.000199     0.504844  
  1909     0.000198     0.504832  
  1910     0.000197     0.504829  
  1911     0.000196     0.504833  
  1912     0.000196     0.504836  
  1913     0.000195     0.504833  
  1914     0.000194     0.504842  
  1915     0.000194     0.504835  
  1916     0.000193     0.504842  
  1917     0.000192     0.504837  
  1918     0.000191     0.504833  
  1919     0.000191     0.504839  
  1920     0.000190     0.504836  
  1921     0.000189     0.504826  
  1922     0.000189     0.504820  
  1923     0.000188     0.504817  
  1924     0.000187     0.504818  
  1925     0.000187     0.504820  
  1926     0.000186     0.504824  
  1927     0.000185     0.504824  
  1928     0.000185     0.504817  
  1929     0.000184     0.504814  
  1930     0.000183     0.504820  
  1931     0.000183     0.504821  
  1932     0.000182     0.504833  
  1933     0.000181     0.504832  
  1934     0.000181     0.504826  
  1935     0.000180     0.504829  
  1936     0.000179     0.504824  
  1937     0.000179     0.504828  
  1938     0.000178     0.504830  
  1939     0.000178     0.504834  
  1940     0.000177     0.504837  
  1941     0.000176     0.504835  
  1942     0.000175     0.504831  
  1943     0.000175     0.504835  
  1944     0.000174     0.504831  
  1945     0.000174     0.504827  
  1946     0.000173     0.504829  
  1947     0.000172     0.504832  
  1948     0.000172     0.504839  
  1949     0.000171     0.504838  
  1950     0.000170     0.504834  
  1951     0.000170     0.504841  
  1952     0.000169     0.504842  
  1953     0.000168     0.504848  
  1954     0.000168     0.504837  
  1955     0.000167     0.504841  
  1956     0.000167     0.504838  
  1957     0.000166     0.504846  
  1958     0.000165     0.504837  
  1959     0.000165     0.504840  
  1960     0.000164     0.504846  
  1961     0.000164     0.504851  
  1962     0.000163     0.504848  
  1963     0.000162     0.504853  
  1964     0.000162     0.504847  
  1965     0.000161     0.504842  
  1966     0.000161     0.504834  
  1967     0.000160     0.504827  
  1968     0.000159     0.504824  
  1969     0.000159     0.504830  
  1970     0.000158     0.504826  
  1971     0.000158     0.504839  
  1972     0.000157     0.504840  
  1973     0.000156     0.504844  
  1974     0.000156     0.504855  
  1975     0.000155     0.504846  
  1976     0.000155     0.504842  
  1977     0.000154     0.504846  
  1978     0.000154     0.504846  
  1979     0.000153     0.504843  
  1980     0.000153     0.504849  
  1981     0.000152     0.504856  
  1982     0.000152     0.504859  
  1983     0.000151     0.504860  
  1984     0.000150     0.504854  
  1985     0.000150     0.504857  
  1986     0.000149     0.504856  
  1987     0.000149     0.504843  
  1988     0.000148     0.504837  
  1989     0.000148     0.504832  
  1990     0.000147     0.504834  
  1991     0.000147     0.504834  
  1992     0.000146     0.504837  
  1993     0.000146     0.504836  
  1994     0.000145     0.504833  
  1995     0.000145     0.504827  
  1996     0.000144     0.504819  
  1997     0.000144     0.504812  
  1998     0.000143     0.504816  
  1999     0.000143     0.504814  
  2000     0.000142     0.504807  
  2001     0.000141     0.504811  
  2002     0.000141     0.504803  
  2003     0.000141     0.504794  * best
  2004     0.000140     0.504800  
  2005     0.000140     0.504797  
  2006     0.000139     0.504802  
  2007     0.000139     0.504799  
  2008     0.000138     0.504802  
  2009     0.000138     0.504803  
  2010     0.000137     0.504799  
  2011     0.000137     0.504805  
  2012     0.000136     0.504801  
  2013     0.000136     0.504802  
  2014     0.000135     0.504806  
  2015     0.000135     0.504798  
  2016     0.000134     0.504800  
  2017     0.000134     0.504802  
  2018     0.000133     0.504798  
  2019     0.000133     0.504802  
  2020     0.000132     0.504806  
  2021     0.000132     0.504804  
  2022     0.000131     0.504804  
  2023     0.000131     0.504810  
  2024     0.000130     0.504810  
  2025     0.000130     0.504806  
  2026     0.000129     0.504811  
  2027     0.000129     0.504821  
  2028     0.000128     0.504825  
  2029     0.000128     0.504825  
  2030     0.000128     0.504825  
  2031     0.000127     0.504829  
  2032     0.000127     0.504818  
  2033     0.000126     0.504821  
  2034     0.000126     0.504820  
  2035     0.000125     0.504825  
  2036     0.000125     0.504826  
  2037     0.000124     0.504825  
  2038     0.000124     0.504822  
  2039     0.000123     0.504815  
  2040     0.000123     0.504811  
  2041     0.000123     0.504817  
  2042     0.000122     0.504820  
  2043     0.000122     0.504822  
  2044     0.000121     0.504823  
  2045     0.000121     0.504824  
  2046     0.000120     0.504827  
  2047     0.000120     0.504829  
  2048     0.000119     0.504829  
  2049     0.000119     0.504825  
  2050     0.000119     0.504824  
  2051     0.000118     0.504821  
  2052     0.000118     0.504825  
  2053     0.000117     0.504826  
  2054     0.000117     0.504824  
  2055     0.000116     0.504826  
  2056     0.000116     0.504828  
  2057     0.000115     0.504824  
  2058     0.000115     0.504821  
  2059     0.000115     0.504819  
  2060     0.000114     0.504818  
  2061     0.000114     0.504823  
  2062     0.000113     0.504825  
  2063     0.000113     0.504826  
  2064     0.000113     0.504827  
  2065     0.000112     0.504829  
  2066     0.000112     0.504823  
  2067     0.000111     0.504825  
  2068     0.000111     0.504828  
  2069     0.000111     0.504828  
  2070     0.000110     0.504824  
  2071     0.000110     0.504819  
  2072     0.000109     0.504818  
  2073     0.000109     0.504814  
  2074     0.000109     0.504814  
  2075     0.000108     0.504812  
  2076     0.000108     0.504811  
  2077     0.000107     0.504817  
  2078     0.000107     0.504824  
  2079     0.000107     0.504827  
  2080     0.000106     0.504827  
  2081     0.000106     0.504828  
  2082     0.000105     0.504825  
  2083     0.000105     0.504822  
  2084     0.000105     0.504820  
  2085     0.000104     0.504822  
  2086     0.000104     0.504824  
  2087     0.000103     0.504828  
  2088     0.000103     0.504820  
  2089     0.000103     0.504821  
  2090     0.000102     0.504820  
  2091     0.000102     0.504817  
  2092     0.000102     0.504820  
  2093     0.000101     0.504815  
  2094     0.000101     0.504813  
  2095     0.000101     0.504816  
  2096     0.000100     0.504814  
  2097     0.000100     0.504815  
  2098     0.000099     0.504810  
  2099     0.000099     0.504812  
  2100     0.000099     0.504809  
  2101     0.000098     0.504809  
  2102     0.000098     0.504811  
  2103     0.000098     0.504812  
# best iteration 2003 (val l2 0.504794)
# Spearman  train +0.9951  val +0.7087  test +0.7190
