# mlp_node+energy seed 0
# perceptron on node+energy
# inputs [(11950,)], 1,533,889 parameters
# Linear(n_in,128) -> GELU -> Dropout(0.3) -> Linear(128,32) -> GELU -> Dropout(0.3) -> Linear(32,1)
# Adam lr=0.001 weight_decay=0.0001 batch=32 dropout=0.3
# loss = MSE on standardised log10 half-life
# early stopping on validation loss, patience 40, max 300 epochs
#
 epoch  train_batch        train          val  note
     1     1.879336     3.782284     0.824754  * best
     2     2.156545     2.541040     0.839453  
     3     5.131863     0.861400     0.790894  * best
     4     1.172821     0.758568     0.797371  
     5     0.766720     0.653225     0.776775  * best
     6     0.769299     0.539241     0.793200  
     7     0.646205     0.512588     0.783929  
     8     0.633365     0.531168     0.747733  * best
     9     0.602854     0.473504     0.762306  
    10     0.567842     0.439765     0.791183  
    11     0.584587     0.417944     0.776689  
    12     0.524480     0.398754     0.748093  
    13     0.512675     0.388619     0.779768  
    14     0.506582     0.396461     0.743761  * best
    15     0.507854     0.360056     0.767156  
    16     0.485762     0.371856     0.758986  
    17     0.468290     0.324816     0.796898  
    18     0.460920     0.317058     0.868318  
    19     0.472581     0.346365     0.755933  
    20     0.455674     0.316297     0.779108  
    21     0.453388     0.317152     0.807670  
    22     0.441329     0.291224     0.814613  
    23     0.436245     0.333399     0.771276  
    24     0.426152     0.290926     0.729450  * best
    25     0.435127     0.325870     0.746221  
    26     0.425883     0.319310     0.746617  
    27     0.420412     0.259283     0.759025  
    28     0.409249     0.277511     0.778526  
    29     0.405538     0.270283     0.776775  
    30     0.404226     0.275573     0.783155  
    31     0.405494     0.284208     0.745894  
    32     0.396544     0.255486     0.783930  
    33     0.409730     0.275602     0.744289  
    34     0.397437     0.306080     0.773729  
    35     0.399050     0.271682     0.790873  
    36     0.469633     0.314053     0.730316  
    37     0.412296     0.262865     0.744197  
    38     0.395113     0.280349     0.760501  
    39     0.430303     0.342060     0.818820  
    40     0.431806     0.286547     0.764360  
    41     0.418566     0.257981     0.813524  
    42     0.397922     0.298478     0.737844  
    43     0.414954     0.265692     0.762851  
    44     0.426222     0.273360     0.759684  
    45     0.431348     0.306144     0.726964  * best
    46     0.407647     0.284195     0.776499  
    47     0.394053     0.296486     0.760104  
    48     0.394852     0.243166     0.784996  
    49     0.391704     0.243815     0.764079  
    50     0.396965     0.280961     0.831225  
    51     0.396660     0.250626     0.801272  
    52     0.416355     0.263763     0.839674  
    53     0.419813     0.305233     0.792849  
    54     0.477495     0.284036     0.761994  
    55     0.420608     0.257154     0.773682  
    56     0.428672     0.281068     0.784817  
    57     0.410810     0.331864     0.749595  
    58     0.417946     0.261351     0.774002  
    59     0.419019     0.244128     0.859607  
    60     0.423343     0.266006     0.756190  
    61     0.412013     0.236882     0.843516  
    62     0.412933     0.268486     0.787300  
    63     0.482798     0.289013     0.747670  
    64     0.428588     0.320548     0.731189  
    65     0.450277     0.461848     0.772469  
    66     0.464621     0.270086     0.749560  
    67     0.403791     0.231093     0.759692  
    68     0.408370     0.285377     0.862029  
    69     0.397693     0.289278     0.739754  
    70     0.416953     0.254815     0.775534  
    71     0.385069     0.236350     0.767371  
    72     0.378905     0.254943     0.789631  
    73     0.380566     0.233892     0.796096  
    74     0.377522     0.226414     0.795231  
    75     0.379205     0.270439     0.778283  
    76     0.607336     0.575656     0.770818  
    77     0.610616     0.464486     0.733345  
    78     0.478613     0.370880     0.744667  
    79     0.454260     0.289748     0.741809  
    80     0.472192     0.284939     0.784475  
    81     0.441050     0.444600     0.732737  
    82     0.447003     0.269650     0.784595  
    83     0.442300     0.269741     0.768646  
    84     0.422794     0.253473     0.780107  
    85     0.416346     0.272198     0.773792  
# stopped at epoch 85: no improvement for 40 epochs
# restored epoch 45 (val MSE 0.726964)
# Spearman  train +0.8690  val +0.2233  test +0.1916
