# bilinear_seq_r64+boltz_pooled+charge seed 2
# rank-64 sequence bilinear, with pooled Boltz and both charge blocks in the head
# inputs [(180,), (680,), (1626,)], 292,033 parameters
# u=Linear(d_pep,64,bias=False); v=Linear(d_groove,64,bias=False); concat[u,v,u*v] + 1626 extra -> Linear(1818,128) -> GELU -> Dropout(0.3) -> Linear(128,32) -> GELU -> Dropout(0.3) -> Linear(32,1)
# Adam lr=0.001 weight_decay=0.0001 batch=32 dropout=0.3
# loss = MSE on standardised log10 half-life
# early stopping on validation loss, patience 40, max 300 epochs
#
 epoch  train_batch        train          val  note
     1     0.614469     0.352540     0.486552  * best
     2     0.419301     0.258286     0.440843  * best
     3     0.336562     0.209345     0.439190  * best
     4     0.280919     0.184743     0.439240  
     5     0.247793     0.144080     0.419051  * best
     6     0.215229     0.126743     0.436330  
     7     0.194641     0.114781     0.419639  
     8     0.181759     0.101864     0.437764  
     9     0.167864     0.099083     0.428161  
    10     0.157053     0.094345     0.417514  * best
    11     0.151133     0.082484     0.427152  
    12     0.143224     0.065675     0.414527  * best
    13     0.137577     0.069211     0.431754  
    14     0.133296     0.069044     0.430189  
    15     0.125794     0.068114     0.428145  
    16     0.118798     0.059882     0.440766  
    17     0.121910     0.051831     0.427944  
    18     0.115514     0.059534     0.429705  
    19     0.113008     0.055235     0.438231  
    20     0.107351     0.057339     0.434548  
    21     0.107885     0.064616     0.430919  
    22     0.109012     0.053117     0.431623  
    23     0.106174     0.066240     0.424349  
    24     0.105327     0.043984     0.429780  
    25     0.105793     0.046827     0.424094  
    26     0.106175     0.045486     0.447098  
    27     0.098169     0.049423     0.437614  
    28     0.098558     0.042793     0.445551  
    29     0.096400     0.061290     0.441295  
    30     0.098416     0.047085     0.463193  
    31     0.094958     0.054874     0.430713  
    32     0.094734     0.045700     0.443002  
    33     0.098289     0.037384     0.445784  
    34     0.089235     0.039131     0.450346  
    35     0.093651     0.041353     0.450361  
    36     0.091794     0.038364     0.442426  
    37     0.097350     0.038432     0.458049  
    38     0.088790     0.039386     0.450240  
    39     0.091976     0.046413     0.436471  
    40     0.091649     0.036843     0.468976  
    41     0.085980     0.036946     0.438969  
    42     0.087818     0.034417     0.458233  
    43     0.087983     0.033738     0.462493  
    44     0.089814     0.039491     0.462142  
    45     0.085965     0.050591     0.436277  
    46     0.086060     0.039808     0.439481  
    47     0.084948     0.035024     0.473082  
    48     0.087012     0.039612     0.453057  
    49     0.084673     0.041726     0.454924  
    50     0.085481     0.037861     0.468247  
    51     0.087583     0.039036     0.474261  
    52     0.092133     0.049892     0.446569  
# stopped at epoch 52: no improvement for 40 epochs
# restored epoch 12 (val MSE 0.414527)
# Spearman  train +0.9666  val +0.7829  test +0.7777
