# gbm_seq seed 1
# boosted trees on seq
# inputs 860, 100 trees
# LightGBM gradient-boosted trees, objective l2, lr 0.05, num_leaves 31, min_data_in_leaf 20, feature_fraction 0.3, bagging 0.8, lambda_l2 1.0, up to 3000 rounds, early stopping 100 on validation l2
# loss = l2 on standardised log10 half-life
#
 round        train          val  note
     1     0.967441     0.808070  
     2     0.935754     0.807443  
     3     0.906948     0.798775  
     4     0.881476     0.805534  
     5     0.857884     0.800916  
     6     0.834189     0.797050  
     7     0.814400     0.800415  
     8     0.795713     0.813659  
     9     0.778257     0.818851  
    10     0.762347     0.818508  
    11     0.747289     0.812974  
    12     0.734656     0.813446  
    13     0.723764     0.811549  
    14     0.711981     0.800484  
    15     0.700505     0.793633  
    16     0.690484     0.790026  
    17     0.680991     0.781062  
    18     0.672268     0.778426  
    19     0.665094     0.776220  
    20     0.657468     0.772466  
    21     0.650834     0.771651  
    22     0.642012     0.777885  
    23     0.635194     0.776675  
    24     0.628610     0.776098  
    25     0.622432     0.773524  
    26     0.616683     0.775647  
    27     0.611073     0.776282  
    28     0.605190     0.776887  
    29     0.601067     0.779843  
    30     0.596822     0.780143  
    31     0.593230     0.781005  
    32     0.589045     0.779560  
    33     0.586110     0.780774  
    34     0.582375     0.780809  
    35     0.578433     0.781759  
    36     0.575109     0.781780  
    37     0.570952     0.778953  
    38     0.568168     0.780622  
    39     0.564723     0.782860  
    40     0.561949     0.780948  
    41     0.558665     0.783253  
    42     0.555242     0.783569  
    43     0.552071     0.783395  
    44     0.548581     0.783678  
    45     0.546485     0.783942  
    46     0.544145     0.783071  
    47     0.541482     0.784622  
    48     0.538892     0.782665  
    49     0.536164     0.782890  
    50     0.533591     0.782578  
    51     0.531416     0.780915  
    52     0.529029     0.779741  
    53     0.526646     0.778875  
    54     0.524840     0.779363  
    55     0.522567     0.777843  
    56     0.520452     0.778571  
    57     0.518528     0.777668  
    58     0.516844     0.778424  
    59     0.515043     0.778478  
    60     0.513553     0.777909  
    61     0.511708     0.777772  
    62     0.509795     0.778066  
    63     0.508016     0.776810  
    64     0.505650     0.773358  
    65     0.504103     0.774083  
    66     0.502498     0.774611  
    67     0.500402     0.773647  
    68     0.498725     0.773756  
    69     0.497081     0.772356  
    70     0.495218     0.771549  
    71     0.493686     0.771254  
    72     0.492503     0.770614  
    73     0.490999     0.769779  
    74     0.489724     0.769407  
    75     0.488560     0.769389  
    76     0.487241     0.769666  
    77     0.485651     0.768073  
    78     0.484064     0.768751  
    79     0.482459     0.768366  
    80     0.480483     0.769556  
    81     0.479156     0.768703  
    82     0.477447     0.767633  
    83     0.475849     0.766281  
    84     0.474169     0.766184  
    85     0.472895     0.766296  
    86     0.471756     0.766805  
    87     0.470264     0.768382  
    88     0.468390     0.767911  
    89     0.467075     0.766622  
    90     0.465820     0.765794  
    91     0.464484     0.766408  
    92     0.463374     0.765476  
    93     0.462238     0.765851  
    94     0.461247     0.765706  
    95     0.460231     0.765585  
    96     0.458998     0.765218  
    97     0.457178     0.764179  
    98     0.456073     0.764092  
    99     0.455033     0.763468  
   100     0.453938     0.762652  * best
   101     0.452715     0.766895  
   102     0.451880     0.768299  
   103     0.450926     0.768823  
   104     0.450100     0.769011  
   105     0.449011     0.770139  
   106     0.447995     0.770487  
   107     0.447021     0.770193  
   108     0.446049     0.770183  
   109     0.444976     0.769574  
   110     0.443887     0.769326  
   111     0.442643     0.769546  
   112     0.441354     0.768615  
   113     0.440360     0.768648  
   114     0.439396     0.770299  
   115     0.438277     0.769642  
   116     0.437540     0.769715  
   117     0.436403     0.768752  
   118     0.435396     0.769394  
   119     0.434651     0.770205  
   120     0.433829     0.770983  
   121     0.432660     0.770251  
   122     0.431759     0.770361  
   123     0.430949     0.771487  
   124     0.430072     0.771223  
   125     0.429366     0.771004  
   126     0.428510     0.771225  
   127     0.427632     0.771126  
   128     0.426666     0.771033  
   129     0.425660     0.771166  
   130     0.424954     0.770857  
   131     0.423854     0.771867  
   132     0.423056     0.770022  
   133     0.422073     0.769545  
   134     0.421166     0.768889  
   135     0.420183     0.770736  
   136     0.419495     0.770829  
   137     0.418103     0.772602  
   138     0.417417     0.772615  
   139     0.416437     0.772123  
   140     0.415730     0.772156  
   141     0.414886     0.770777  
   142     0.413956     0.770011  
   143     0.413142     0.769535  
   144     0.412248     0.768930  
   145     0.411445     0.768201  
   146     0.410719     0.768698  
   147     0.409831     0.767551  
   148     0.409094     0.767524  
   149     0.408394     0.767905  
   150     0.407522     0.768188  
   151     0.406806     0.768249  
   152     0.406022     0.768102  
   153     0.405340     0.768078  
   154     0.404402     0.768210  
   155     0.403794     0.768134  
   156     0.403211     0.768420  
   157     0.402423     0.768600  
   158     0.401537     0.768947  
   159     0.400566     0.769457  
   160     0.399966     0.769082  
   161     0.399212     0.769117  
   162     0.398558     0.769183  
   163     0.397932     0.769142  
   164     0.397327     0.769337  
   165     0.396653     0.769620  
   166     0.395934     0.769113  
   167     0.395057     0.770904  
   168     0.394478     0.770314  
   169     0.394000     0.769041  
   170     0.393450     0.768276  
   171     0.392833     0.768317  
   172     0.392244     0.768620  
   173     0.391542     0.767836  
   174     0.390925     0.768285  
   175     0.390230     0.767753  
   176     0.389690     0.767194  
   177     0.389010     0.767049  
   178     0.388264     0.767876  
   179     0.387737     0.768132  
   180     0.387122     0.767700  
   181     0.386408     0.766314  
   182     0.385667     0.765515  
   183     0.384885     0.765373  
   184     0.384312     0.764815  
   185     0.383668     0.764558  
   186     0.382977     0.764740  
   187     0.382201     0.763977  
   188     0.381651     0.764088  
   189     0.380977     0.764801  
   190     0.380434     0.764532  
   191     0.379847     0.764139  
   192     0.379445     0.764523  
   193     0.378907     0.764084  
   194     0.378474     0.764587  
   195     0.377795     0.763905  
   196     0.377182     0.764073  
   197     0.376500     0.764269  
   198     0.375807     0.764453  
   199     0.375394     0.764557  
   200     0.374895     0.765067  
# best iteration 100 (val l2 0.762652)
# Spearman  train +0.7520  val +0.0682  test -0.1852
