# gbm_seq+node+energy+edge seed 2
# boosted trees on seq+node+energy+edge
# inputs 27260, 635 trees
# LightGBM gradient-boosted trees, objective l2, lr 0.05, num_leaves 31, min_data_in_leaf 20, feature_fraction 0.3, bagging 0.8, lambda_l2 1.0, up to 3000 rounds, early stopping 100 on validation l2
# loss = l2 on standardised log10 half-life
#
 round        train          val  note
     1     0.957955     0.810220  
     2     0.920835     0.810161  
     3     0.885475     0.810862  
     4     0.853417     0.812436  
     5     0.824440     0.808610  
     6     0.796875     0.808151  
     7     0.770725     0.808693  
     8     0.746116     0.800944  
     9     0.723803     0.800424  
    10     0.704278     0.798746  
    11     0.684704     0.798379  
    12     0.667761     0.797797  
    13     0.651653     0.798226  
    14     0.636147     0.787768  
    15     0.621399     0.795964  
    16     0.607707     0.798792  
    17     0.595228     0.806855  
    18     0.583964     0.803802  
    19     0.572058     0.803240  
    20     0.561390     0.806630  
    21     0.551600     0.804962  
    22     0.541748     0.805376  
    23     0.532141     0.802437  
    24     0.523438     0.801291  
    25     0.515391     0.798939  
    26     0.507563     0.795073  
    27     0.499353     0.794166  
    28     0.492305     0.796956  
    29     0.485481     0.794005  
    30     0.478918     0.793697  
    31     0.472419     0.789266  
    32     0.466340     0.786932  
    33     0.460022     0.783248  
    34     0.453560     0.780910  
    35     0.447952     0.780071  
    36     0.442445     0.778065  
    37     0.437268     0.776758  
    38     0.432437     0.774549  
    39     0.427463     0.774036  
    40     0.422885     0.773215  
    41     0.418180     0.770664  
    42     0.413721     0.770468  
    43     0.409168     0.768597  
    44     0.404664     0.768310  
    45     0.400419     0.768761  
    46     0.395678     0.769426  
    47     0.391798     0.769640  
    48     0.387930     0.769404  
    49     0.384003     0.767906  
    50     0.380172     0.766499  
    51     0.376493     0.766357  
    52     0.372730     0.766004  
    53     0.369203     0.765516  
    54     0.365771     0.765538  
    55     0.362269     0.766204  
    56     0.359153     0.765595  
    57     0.356133     0.766352  
    58     0.352902     0.766335  
    59     0.350085     0.766078  
    60     0.347126     0.765658  
    61     0.344331     0.765190  
    62     0.341345     0.764658  
    63     0.338349     0.763794  
    64     0.335559     0.763777  
    65     0.332214     0.763583  
    66     0.329320     0.765840  
    67     0.326652     0.764916  
    68     0.323746     0.764624  
    69     0.321098     0.764793  
    70     0.318623     0.764900  
    71     0.315918     0.766115  
    72     0.313081     0.765828  
    73     0.310526     0.764803  
    74     0.307921     0.765267  
    75     0.305348     0.765797  
    76     0.302883     0.764582  
    77     0.300339     0.764145  
    78     0.297854     0.764202  
    79     0.295403     0.764127  
    80     0.292969     0.763502  
    81     0.290670     0.763421  
    82     0.288414     0.762380  
    83     0.286244     0.762056  
    84     0.284092     0.761740  
    85     0.281762     0.762791  
    86     0.279674     0.763054  
    87     0.277542     0.762693  
    88     0.275145     0.762517  
    89     0.273122     0.762741  
    90     0.270893     0.763234  
    91     0.268872     0.763051  
    92     0.266791     0.762681  
    93     0.264827     0.762574  
    94     0.262798     0.762913  
    95     0.260708     0.763137  
    96     0.258701     0.761847  
    97     0.256725     0.760647  
    98     0.254741     0.760288  
    99     0.252750     0.759707  
   100     0.250801     0.759270  
   101     0.248946     0.759553  
   102     0.247013     0.759258  
   103     0.245185     0.759029  
   104     0.243372     0.759261  
   105     0.241515     0.758728  
   106     0.239792     0.760121  
   107     0.238063     0.759407  
   108     0.236317     0.759223  
   109     0.234513     0.759919  
   110     0.232792     0.758905  
   111     0.231091     0.758792  
   112     0.229370     0.759482  
   113     0.227815     0.758998  
   114     0.226052     0.758351  
   115     0.224442     0.758454  
   116     0.222775     0.760358  
   117     0.221128     0.759936  
   118     0.219496     0.759638  
   119     0.217945     0.759316  
   120     0.216350     0.759093  
   121     0.214829     0.758851  
   122     0.213327     0.758604  
   123     0.211908     0.757636  
   124     0.210458     0.757192  
   125     0.209039     0.757756  
   126     0.207641     0.757283  
   127     0.206230     0.756758  
   128     0.204765     0.755230  
   129     0.203309     0.755197  
   130     0.201959     0.754129  
   131     0.200534     0.754094  
   132     0.199016     0.754499  
   133     0.197714     0.753990  
   134     0.196331     0.754297  
   135     0.195105     0.754985  
   136     0.193806     0.755219  
   137     0.192479     0.755306  
   138     0.191272     0.756696  
   139     0.190068     0.756219  
   140     0.188755     0.756275  
   141     0.187489     0.756438  
   142     0.186245     0.756765  
   143     0.184932     0.757331  
   144     0.183714     0.756948  
   145     0.182576     0.756914  
   146     0.181387     0.756516  
   147     0.180216     0.756689  
   148     0.179038     0.755771  
   149     0.177890     0.755667  
   150     0.176738     0.755549  
   151     0.175533     0.755968  
   152     0.174365     0.755886  
   153     0.173248     0.756098  
   154     0.172117     0.755649  
   155     0.171024     0.755784  
   156     0.169956     0.755920  
   157     0.168829     0.757121  
   158     0.167750     0.756587  
   159     0.166632     0.756842  
   160     0.165523     0.757234  
   161     0.164427     0.757027  
   162     0.163294     0.757198  
   163     0.162214     0.758016  
   164     0.161204     0.758252  
   165     0.160155     0.757805  
   166     0.159094     0.757461  
   167     0.158046     0.756280  
   168     0.157052     0.755483  
   169     0.155994     0.755579  
   170     0.154952     0.755691  
   171     0.153935     0.755426  
   172     0.152937     0.755569  
   173     0.151988     0.755359  
   174     0.151057     0.755010  
   175     0.150117     0.754821  
   176     0.149177     0.754547  
   177     0.148226     0.754774  
   178     0.147287     0.755081  
   179     0.146333     0.754913  
   180     0.145429     0.755426  
   181     0.144512     0.755410  
   182     0.143705     0.755071  
   183     0.142806     0.754870  
   184     0.141960     0.754731  
   185     0.141132     0.755291  
   186     0.140265     0.755647  
   187     0.139343     0.753970  
   188     0.138505     0.754148  
   189     0.137586     0.753885  
   190     0.136738     0.753817  
   191     0.135866     0.753844  
   192     0.135013     0.753938  
   193     0.134198     0.753875  
   194     0.133334     0.753589  
   195     0.132515     0.753026  
   196     0.131685     0.753081  
   197     0.130886     0.752466  
   198     0.130115     0.752848  
   199     0.129355     0.753155  
   200     0.128526     0.753329  
   201     0.127735     0.752745  
   202     0.126974     0.752885  
   203     0.126197     0.752517  
   204     0.125440     0.752382  
   205     0.124685     0.752114  
   206     0.123909     0.752344  
   207     0.123125     0.752340  
   208     0.122418     0.752685  
   209     0.121700     0.752762  
   210     0.121006     0.752465  
   211     0.120237     0.752779  
   212     0.119493     0.753107  
   213     0.118787     0.753527  
   214     0.118030     0.753794  
   215     0.117318     0.753731  
   216     0.116642     0.753418  
   217     0.115943     0.753443  
   218     0.115253     0.753329  
   219     0.114547     0.753076  
   220     0.113935     0.753029  
   221     0.113270     0.753242  
   222     0.112566     0.753074  
   223     0.111879     0.752785  
   224     0.111191     0.753183  
   225     0.110549     0.752942  
   226     0.109895     0.752942  
   227     0.109266     0.752784  
   228     0.108707     0.752703  
   229     0.108041     0.752136  
   230     0.107366     0.752508  
   231     0.106722     0.753247  
   232     0.106112     0.753273  
   233     0.105511     0.753836  
   234     0.104946     0.753975  
   235     0.104374     0.753788  
   236     0.103800     0.754010  
   237     0.103208     0.754403  
   238     0.102610     0.754105  
   239     0.102004     0.754133  
   240     0.101384     0.753823  
   241     0.100764     0.754226  
   242     0.100182     0.754367  
   243     0.099581     0.754573  
   244     0.098958     0.754357  
   245     0.098377     0.754080  
   246     0.097810     0.754051  
   247     0.097239     0.753925  
   248     0.096682     0.753788  
   249     0.096162     0.754248  
   250     0.095618     0.754705  
   251     0.095089     0.754545  
   252     0.094560     0.754383  
   253     0.094012     0.754210  
   254     0.093485     0.754245  
   255     0.092983     0.753285  
   256     0.092509     0.753443  
   257     0.091974     0.753152  
   258     0.091420     0.753170  
   259     0.090933     0.753523  
   260     0.090392     0.753459  
   261     0.089892     0.753554  
   262     0.089399     0.753637  
   263     0.088874     0.753936  
   264     0.088397     0.753455  
   265     0.087898     0.753115  
   266     0.087334     0.752492  
   267     0.086842     0.752820  
   268     0.086381     0.752494  
   269     0.085907     0.752622  
   270     0.085423     0.752062  
   271     0.084994     0.752159  
   272     0.084479     0.752348  
   273     0.084008     0.751945  
   274     0.083517     0.751701  
   275     0.083059     0.751855  
   276     0.082630     0.752190  
   277     0.082154     0.751333  
   278     0.081683     0.751182  
   279     0.081227     0.751177  
   280     0.080756     0.751614  
   281     0.080331     0.752357  
   282     0.079900     0.752386  
   283     0.079436     0.752501  
   284     0.079002     0.752539  
   285     0.078571     0.752596  
   286     0.078152     0.752743  
   287     0.077747     0.752974  
   288     0.077323     0.752489  
   289     0.076903     0.752614  
   290     0.076475     0.752581  
   291     0.076050     0.752781  
   292     0.075614     0.752544  
   293     0.075214     0.752601  
   294     0.074769     0.752388  
   295     0.074364     0.752514  
   296     0.073972     0.752462  
   297     0.073582     0.752572  
   298     0.073195     0.751792  
   299     0.072792     0.751423  
   300     0.072420     0.751130  
   301     0.072037     0.751386  
   302     0.071673     0.751571  
   303     0.071272     0.751880  
   304     0.070895     0.751932  
   305     0.070492     0.752116  
   306     0.070088     0.752062  
   307     0.069699     0.751524  
   308     0.069373     0.751825  
   309     0.069007     0.751743  
   310     0.068632     0.751718  
   311     0.068238     0.751926  
   312     0.067886     0.752010  
   313     0.067561     0.751575  
   314     0.067201     0.751312  
   315     0.066824     0.751652  
   316     0.066464     0.751803  
   317     0.066088     0.751633  
   318     0.065744     0.751733  
   319     0.065384     0.751717  
   320     0.065021     0.751958  
   321     0.064668     0.751771  
   322     0.064330     0.751425  
   323     0.063986     0.751198  
   324     0.063645     0.750837  
   325     0.063330     0.750358  
   326     0.063015     0.750292  
   327     0.062667     0.750324  
   328     0.062323     0.750304  
   329     0.061997     0.750060  
   330     0.061674     0.750022  
   331     0.061336     0.750153  
   332     0.061030     0.749755  
   333     0.060687     0.749988  
   334     0.060376     0.750059  
   335     0.060063     0.751136  
   336     0.059736     0.751110  
   337     0.059444     0.749705  
   338     0.059146     0.749535  
   339     0.058832     0.749385  
   340     0.058526     0.749421  
   341     0.058220     0.749768  
   342     0.057878     0.749606  
   343     0.057555     0.749688  
   344     0.057249     0.749660  
   345     0.056940     0.749940  
   346     0.056644     0.749909  
   347     0.056336     0.749663  
   348     0.056056     0.749679  
   349     0.055755     0.749924  
   350     0.055438     0.750150  
   351     0.055118     0.750157  
   352     0.054848     0.750271  
   353     0.054554     0.750314  
   354     0.054246     0.750379  
   355     0.053991     0.750388  
   356     0.053731     0.750351  
   357     0.053477     0.750519  
   358     0.053191     0.750433  
   359     0.052899     0.750086  
   360     0.052633     0.750064  
   361     0.052338     0.750564  
   362     0.052050     0.749805  
   363     0.051756     0.749862  
   364     0.051450     0.749479  
   365     0.051168     0.749356  
   366     0.050911     0.749135  
   367     0.050618     0.748791  
   368     0.050339     0.748844  
   369     0.050072     0.748764  
   370     0.049814     0.749018  
   371     0.049556     0.749127  
   372     0.049290     0.749167  
   373     0.049030     0.749248  
   374     0.048773     0.749487  
   375     0.048501     0.749924  
   376     0.048262     0.750324  
   377     0.047974     0.750370  
   378     0.047726     0.749589  
   379     0.047483     0.749357  
   380     0.047253     0.749638  
   381     0.047016     0.749577  
   382     0.046767     0.749430  
   383     0.046534     0.749466  
   384     0.046319     0.749507  
   385     0.046082     0.749467  
   386     0.045809     0.749399  
   387     0.045577     0.749427  
   388     0.045356     0.749406  
   389     0.045097     0.749826  
   390     0.044877     0.749797  
   391     0.044668     0.749980  
   392     0.044437     0.749963  
   393     0.044213     0.750247  
   394     0.043990     0.750574  
   395     0.043789     0.750857  
   396     0.043542     0.750757  
   397     0.043316     0.750865  
   398     0.043085     0.750849  
   399     0.042871     0.750811  
   400     0.042649     0.750793  
   401     0.042437     0.750890  
   402     0.042224     0.750778  
   403     0.042008     0.750805  
   404     0.041789     0.750642  
   405     0.041584     0.750653  
   406     0.041364     0.750451  
   407     0.041179     0.750461  
   408     0.040958     0.750599  
   409     0.040748     0.750174  
   410     0.040541     0.750104  
   411     0.040321     0.750229  
   412     0.040116     0.750268  
   413     0.039912     0.750206  
   414     0.039695     0.750306  
   415     0.039497     0.750312  
   416     0.039300     0.750452  
   417     0.039096     0.750468  
   418     0.038886     0.750533  
   419     0.038697     0.750445  
   420     0.038503     0.750451  
   421     0.038305     0.750547  
   422     0.038098     0.750465  
   423     0.037919     0.750395  
   424     0.037731     0.750499  
   425     0.037536     0.750442  
   426     0.037325     0.750566  
   427     0.037138     0.750466  
   428     0.036969     0.750465  
   429     0.036775     0.750374  
   430     0.036591     0.750231  
   431     0.036415     0.750285  
   432     0.036206     0.750327  
   433     0.036018     0.750263  
   434     0.035821     0.750023  
   435     0.035639     0.749883  
   436     0.035447     0.749745  
   437     0.035256     0.749799  
   438     0.035080     0.749659  
   439     0.034912     0.749504  
   440     0.034747     0.749588  
   441     0.034563     0.749548  
   442     0.034401     0.749288  
   443     0.034231     0.749263  
   444     0.034071     0.749276  
   445     0.033897     0.749156  
   446     0.033729     0.748927  
   447     0.033561     0.748759  
   448     0.033390     0.748835  
   449     0.033221     0.748420  
   450     0.033060     0.748180  
   451     0.032892     0.748417  
   452     0.032735     0.748302  
   453     0.032585     0.748187  
   454     0.032410     0.748360  
   455     0.032266     0.748217  
   456     0.032103     0.748189  
   457     0.031941     0.748172  
   458     0.031775     0.748369  
   459     0.031634     0.748167  
   460     0.031480     0.748186  
   461     0.031311     0.748099  
   462     0.031155     0.747953  
   463     0.031013     0.747935  
   464     0.030845     0.747716  
   465     0.030681     0.747715  
   466     0.030535     0.747687  
   467     0.030391     0.747333  
   468     0.030230     0.747692  
   469     0.030083     0.747716  
   470     0.029930     0.747687  
   471     0.029788     0.747497  
   472     0.029642     0.747314  
   473     0.029508     0.747347  
   474     0.029357     0.747143  
   475     0.029213     0.747080  
   476     0.029066     0.746961  
   477     0.028914     0.746665  
   478     0.028765     0.746641  
   479     0.028625     0.746909  
   480     0.028477     0.746795  
   481     0.028334     0.746801  
   482     0.028202     0.746896  
   483     0.028059     0.746716  
   484     0.027923     0.747287  
   485     0.027795     0.747331  
   486     0.027663     0.747721  
   487     0.027541     0.747312  
   488     0.027397     0.747762  
   489     0.027267     0.747978  
   490     0.027120     0.747874  
   491     0.027010     0.748408  
   492     0.026873     0.748422  
   493     0.026754     0.748404  
   494     0.026619     0.748471  
   495     0.026496     0.748397  
   496     0.026358     0.748050  
   497     0.026241     0.748007  
   498     0.026122     0.747895  
   499     0.025991     0.747738  
   500     0.025863     0.747633  
   501     0.025737     0.747887  
   502     0.025604     0.747945  
   503     0.025479     0.747880  
   504     0.025352     0.747866  
   505     0.025230     0.747770  
   506     0.025111     0.747891  
   507     0.024987     0.747989  
   508     0.024854     0.747933  
   509     0.024726     0.748015  
   510     0.024625     0.747989  
   511     0.024510     0.747979  
   512     0.024384     0.748114  
   513     0.024270     0.748241  
   514     0.024150     0.748290  
   515     0.024041     0.748371  
   516     0.023937     0.748122  
   517     0.023814     0.748016  
   518     0.023698     0.748168  
   519     0.023584     0.747853  
   520     0.023472     0.747809  
   521     0.023359     0.747817  
   522     0.023248     0.747998  
   523     0.023137     0.747971  
   524     0.023023     0.747946  
   525     0.022911     0.748068  
   526     0.022787     0.748054  
   527     0.022669     0.747894  
   528     0.022554     0.747882  
   529     0.022443     0.747819  
   530     0.022337     0.747762  
   531     0.022230     0.747715  
   532     0.022125     0.747641  
   533     0.022005     0.747538  
   534     0.021885     0.747437  
   535     0.021773     0.747579  
   536     0.021661     0.747397  
   537     0.021564     0.747297  
   538     0.021453     0.747205  
   539     0.021349     0.747320  
   540     0.021260     0.747373  
   541     0.021154     0.746980  
   542     0.021051     0.747004  
   543     0.020942     0.747184  
   544     0.020845     0.747234  
   545     0.020733     0.747244  
   546     0.020632     0.747253  
   547     0.020521     0.747134  
   548     0.020434     0.747073  
   549     0.020331     0.747077  
   550     0.020244     0.746902  
   551     0.020153     0.746744  
   552     0.020052     0.746379  
   553     0.019959     0.746420  
   554     0.019856     0.746485  
   555     0.019771     0.746636  
   556     0.019685     0.746968  
   557     0.019594     0.747162  
   558     0.019493     0.747003  
   559     0.019405     0.746964  
   560     0.019311     0.747052  
   561     0.019220     0.747051  
   562     0.019129     0.747102  
   563     0.019040     0.746922  
   564     0.018938     0.746977  
   565     0.018846     0.746840  
   566     0.018762     0.746949  
   567     0.018677     0.746874  
   568     0.018597     0.746998  
   569     0.018507     0.747071  
   570     0.018415     0.747059  
   571     0.018320     0.747058  
   572     0.018239     0.747057  
   573     0.018147     0.747068  
   574     0.018067     0.746982  
   575     0.017982     0.746889  
   576     0.017910     0.746614  
   577     0.017831     0.746078  
   578     0.017745     0.746116  
   579     0.017663     0.746197  
   580     0.017575     0.746213  
   581     0.017498     0.746281  
   582     0.017424     0.746321  
   583     0.017342     0.746266  
   584     0.017256     0.746362  
   585     0.017172     0.746321  
   586     0.017086     0.746403  
   587     0.017003     0.746324  
   588     0.016922     0.746538  
   589     0.016843     0.746683  
   590     0.016772     0.746556  
   591     0.016698     0.746713  
   592     0.016618     0.746855  
   593     0.016537     0.746608  
   594     0.016465     0.746618  
   595     0.016392     0.746655  
   596     0.016312     0.746741  
   597     0.016238     0.746778  
   598     0.016155     0.746811  
   599     0.016081     0.746607  
   600     0.016005     0.746663  
   601     0.015931     0.746600  
   602     0.015856     0.746711  
   603     0.015779     0.746673  
   604     0.015698     0.746687  
   605     0.015626     0.746675  
   606     0.015548     0.746820  
   607     0.015476     0.746770  
   608     0.015404     0.746727  
   609     0.015329     0.746933  
   610     0.015247     0.746709  
   611     0.015171     0.746668  
   612     0.015101     0.746660  
   613     0.015022     0.746453  
   614     0.014947     0.746500  
   615     0.014873     0.746334  
   616     0.014802     0.746374  
   617     0.014733     0.746324  
   618     0.014664     0.746304  
   619     0.014596     0.746251  
   620     0.014524     0.746251  
   621     0.014457     0.746152  
   622     0.014385     0.745989  
   623     0.014326     0.746022  
   624     0.014259     0.745999  
   625     0.014187     0.745968  
   626     0.014115     0.745931  
   627     0.014047     0.745845  
   628     0.013985     0.745818  
   629     0.013916     0.745804  
   630     0.013852     0.745731  
   631     0.013794     0.745703  
   632     0.013731     0.745692  
   633     0.013667     0.745730  
   634     0.013607     0.745658  
   635     0.013538     0.745635  * best
   636     0.013481     0.745683  
   637     0.013418     0.745642  
   638     0.013350     0.745819  
   639     0.013285     0.745782  
   640     0.013222     0.746009  
   641     0.013159     0.745859  
   642     0.013095     0.745863  
   643     0.013032     0.745883  
   644     0.012967     0.746004  
   645     0.012906     0.745986  
   646     0.012838     0.746047  
   647     0.012780     0.746062  
   648     0.012722     0.746089  
   649     0.012661     0.746050  
   650     0.012607     0.745978  
   651     0.012547     0.745878  
   652     0.012487     0.745736  
   653     0.012421     0.745811  
   654     0.012366     0.745758  
   655     0.012310     0.745847  
   656     0.012251     0.745951  
   657     0.012192     0.745909  
   658     0.012130     0.745924  
   659     0.012072     0.745688  
   660     0.012014     0.745709  
   661     0.011955     0.745819  
   662     0.011900     0.745833  
   663     0.011842     0.745854  
   664     0.011794     0.745721  
   665     0.011738     0.745967  
   666     0.011682     0.745818  
   667     0.011620     0.745892  
   668     0.011571     0.746043  
   669     0.011508     0.745895  
   670     0.011455     0.746022  
   671     0.011405     0.746005  
   672     0.011353     0.746008  
   673     0.011304     0.746107  
   674     0.011253     0.746092  
   675     0.011206     0.746004  
   676     0.011157     0.746037  
   677     0.011101     0.746094  
   678     0.011053     0.746088  
   679     0.010997     0.746124  
   680     0.010943     0.746153  
   681     0.010890     0.746362  
   682     0.010848     0.746361  
   683     0.010795     0.746392  
   684     0.010742     0.746464  
   685     0.010699     0.746607  
   686     0.010648     0.746671  
   687     0.010598     0.746641  
   688     0.010554     0.746738  
   689     0.010502     0.746767  
   690     0.010451     0.746789  
   691     0.010405     0.746839  
   692     0.010353     0.746841  
   693     0.010298     0.746856  
   694     0.010249     0.746743  
   695     0.010203     0.746769  
   696     0.010155     0.746782  
   697     0.010107     0.746854  
   698     0.010062     0.746981  
   699     0.010020     0.747042  
   700     0.009975     0.746980  
   701     0.009928     0.746972  
   702     0.009880     0.747066  
   703     0.009838     0.747056  
   704     0.009785     0.747163  
   705     0.009738     0.747147  
   706     0.009692     0.747117  
   707     0.009642     0.747055  
   708     0.009593     0.747150  
   709     0.009551     0.747140  
   710     0.009506     0.747263  
   711     0.009464     0.747296  
   712     0.009417     0.747215  
   713     0.009377     0.747216  
   714     0.009332     0.747192  
   715     0.009288     0.747268  
   716     0.009244     0.747375  
   717     0.009201     0.747304  
   718     0.009159     0.747343  
   719     0.009115     0.747393  
   720     0.009072     0.747428  
   721     0.009032     0.747396  
   722     0.008985     0.747332  
   723     0.008944     0.747511  
   724     0.008904     0.747520  
   725     0.008865     0.747397  
   726     0.008826     0.747220  
   727     0.008786     0.747226  
   728     0.008743     0.747225  
   729     0.008701     0.747199  
   730     0.008663     0.746942  
   731     0.008625     0.746100  
   732     0.008583     0.746020  
   733     0.008544     0.745971  
   734     0.008501     0.746048  
   735     0.008458     0.746017  
# best iteration 635 (val l2 0.745635)
# Spearman  train +0.9909  val +0.2303  test +0.0021
