# boltz_pooled seed 1
# Boltz pooled blocks, the hook's own feature vector
# input dim 1547, 202,305 parameters
# Linear(n_in,128) -> GELU -> Dropout(0.3) -> Linear(128,32) -> GELU -> Dropout(0.3) -> Linear(32,1)
# Adam lr=0.001 weight_decay=0.0001 batch=32 dropout=0.3
# loss = MSE on standardised log10 half-life
# early stopping on validation loss, patience 40, max 300 epochs
#
 epoch  train_batch        train          val  note
     1     0.623808     0.393933     0.509044  * best
     2     0.466520     0.318178     0.475845  * best
     3     0.388733     0.279458     0.473298  * best
     4     0.356808     0.239793     0.471798  * best
     5     0.314909     0.205041     0.488466  
     6     0.290974     0.171640     0.451722  * best
     7     0.268179     0.166779     0.442022  * best
     8     0.244168     0.131901     0.456459  
     9     0.233017     0.141597     0.462465  
    10     0.225542     0.121717     0.446021  
    11     0.212702     0.131770     0.457514  
    12     0.202158     0.115778     0.449025  
    13     0.197660     0.111529     0.437077  * best
    14     0.189492     0.097481     0.470293  
    15     0.182170     0.103480     0.453000  
    16     0.172069     0.085341     0.456669  
    17     0.167179     0.078284     0.433147  * best
    18     0.159809     0.079663     0.450230  
    19     0.162099     0.089592     0.451503  
    20     0.152364     0.074668     0.442189  
    21     0.152735     0.070792     0.442045  
    22     0.151574     0.082645     0.456013  
    23     0.149168     0.074127     0.445045  
    24     0.145762     0.077075     0.444709  
    25     0.141204     0.072944     0.452725  
    26     0.137530     0.067651     0.448592  
    27     0.137954     0.067441     0.454553  
    28     0.143061     0.066568     0.447342  
    29     0.135066     0.066810     0.445888  
    30     0.134854     0.052161     0.453315  
    31     0.131472     0.053922     0.446415  
    32     0.129130     0.073710     0.457992  
    33     0.130593     0.067364     0.453331  
    34     0.129058     0.063213     0.451750  
    35     0.129024     0.058457     0.466154  
    36     0.126808     0.054298     0.444129  
    37     0.127085     0.053328     0.449004  
    38     0.126160     0.055216     0.458999  
    39     0.132399     0.062045     0.452358  
    40     0.125859     0.053528     0.444740  
    41     0.122002     0.049651     0.447468  
    42     0.121762     0.047233     0.447047  
    43     0.119659     0.048645     0.464814  
    44     0.126398     0.076913     0.473828  
    45     0.117623     0.051086     0.450870  
    46     0.118270     0.060983     0.448578  
    47     0.119738     0.055248     0.471730  
    48     0.116047     0.046189     0.442060  
    49     0.117572     0.044229     0.460199  
    50     0.116536     0.046593     0.448794  
    51     0.115095     0.049458     0.452764  
    52     0.118093     0.048016     0.459432  
    53     0.113406     0.061975     0.450182  
    54     0.114260     0.042674     0.449414  
    55     0.113199     0.046894     0.459594  
    56     0.113172     0.048094     0.446059  
    57     0.109970     0.045512     0.450395  
# stopped at epoch 57: no improvement for 40 epochs
# restored epoch 17 (val MSE 0.433147)
# Spearman  train +0.9612  val +0.7653  test +0.7571
