# gbm_seq+boltz+node+edge seed 1
# boosted trees on seq+boltz+node+edge
# inputs 28377, 112 trees
# LightGBM gradient-boosted trees, objective l2, lr 0.05, num_leaves 31, min_data_in_leaf 20, feature_fraction 0.3, bagging 0.8, lambda_l2 1.0, up to 3000 rounds, early stopping 100 on validation l2
# loss = l2 on standardised log10 half-life
#
 round        train          val  note
     1     0.958129     0.803193  
     2     0.918562     0.792220  
     3     0.883519     0.781860  
     4     0.850574     0.771295  
     5     0.819507     0.764269  
     6     0.791619     0.748808  
     7     0.764594     0.739160  
     8     0.739104     0.730994  
     9     0.715384     0.726393  
    10     0.694008     0.718643  
    11     0.674253     0.711705  
    12     0.655432     0.704202  
    13     0.638165     0.700743  
    14     0.622034     0.695435  
    15     0.606911     0.692384  
    16     0.591929     0.687961  
    17     0.576991     0.682900  
    18     0.564130     0.681325  
    19     0.551864     0.677075  
    20     0.540666     0.675002  
    21     0.528722     0.670721  
    22     0.518088     0.666773  
    23     0.508179     0.663438  
    24     0.498929     0.661934  
    25     0.489228     0.661528  
    26     0.480627     0.656693  
    27     0.471804     0.653291  
    28     0.462906     0.653010  
    29     0.455359     0.652877  
    30     0.447909     0.650163  
    31     0.441331     0.649191  
    32     0.434873     0.649455  
    33     0.428144     0.646848  
    34     0.421471     0.647425  
    35     0.415417     0.646675  
    36     0.409419     0.646243  
    37     0.403463     0.644828  
    38     0.397947     0.644248  
    39     0.392761     0.642982  
    40     0.387991     0.641747  
    41     0.383065     0.640825  
    42     0.378225     0.640313  
    43     0.372847     0.639158  
    44     0.368498     0.637914  
    45     0.363949     0.636240  
    46     0.359985     0.635540  
    47     0.356136     0.633835  
    48     0.351961     0.633336  
    49     0.347940     0.632462  
    50     0.343603     0.631608  
    51     0.339946     0.631945  
    52     0.336023     0.628153  
    53     0.332136     0.627428  
    54     0.328787     0.627673  
    55     0.325198     0.627224  
    56     0.321765     0.626545  
    57     0.318537     0.625176  
    58     0.315382     0.624122  
    59     0.312204     0.622871  
    60     0.309306     0.622380  
    61     0.306526     0.621638  
    62     0.303644     0.621908  
    63     0.300772     0.621227  
    64     0.297895     0.620697  
    65     0.294980     0.621059  
    66     0.292184     0.619002  
    67     0.289516     0.619035  
    68     0.286843     0.618158  
    69     0.284457     0.618605  
    70     0.281901     0.617452  
    71     0.279471     0.617786  
    72     0.277102     0.617994  
    73     0.274509     0.618097  
    74     0.272050     0.616144  
    75     0.269642     0.616558  
    76     0.267519     0.615974  
    77     0.265361     0.616329  
    78     0.263203     0.615825  
    79     0.261010     0.615301  
    80     0.258789     0.615192  
    81     0.256652     0.615712  
    82     0.254472     0.615933  
    83     0.252454     0.615437  
    84     0.250255     0.615320  
    85     0.248380     0.614419  
    86     0.246412     0.614319  
    87     0.244457     0.614376  
    88     0.242521     0.615215  
    89     0.240555     0.614706  
    90     0.238740     0.614385  
    91     0.236766     0.613975  
    92     0.234813     0.614923  
    93     0.232950     0.614749  
    94     0.231118     0.613899  
    95     0.229384     0.613793  
    96     0.227624     0.613002  
    97     0.225768     0.612106  
    98     0.224057     0.612788  
    99     0.222405     0.613131  
   100     0.220587     0.612489  
   101     0.218853     0.612151  
   102     0.217225     0.611854  
   103     0.215487     0.612376  
   104     0.213807     0.612794  
   105     0.212170     0.611459  
   106     0.210529     0.611916  
   107     0.208857     0.612417  
   108     0.207291     0.612143  
   109     0.205678     0.611328  
   110     0.204216     0.610597  
   111     0.202705     0.609905  
   112     0.201246     0.609903  * best
   113     0.199839     0.610080  
   114     0.198339     0.610194  
   115     0.196890     0.611339  
   116     0.195506     0.611368  
   117     0.194044     0.611138  
   118     0.192665     0.611865  
   119     0.191233     0.612602  
   120     0.189810     0.612070  
   121     0.188489     0.612314  
   122     0.187180     0.611608  
   123     0.185774     0.612390  
   124     0.184468     0.611947  
   125     0.183196     0.611566  
   126     0.181893     0.611256  
   127     0.180623     0.610873  
   128     0.179305     0.611505  
   129     0.178109     0.612636  
   130     0.176883     0.613359  
   131     0.175603     0.612520  
   132     0.174345     0.612771  
   133     0.173067     0.613135  
   134     0.171843     0.612159  
   135     0.170740     0.611917  
   136     0.169581     0.611129  
   137     0.168393     0.611353  
   138     0.167217     0.611786  
   139     0.166022     0.612229  
   140     0.164833     0.613172  
   141     0.163766     0.612522  
   142     0.162631     0.612607  
   143     0.161534     0.611787  
   144     0.160469     0.612196  
   145     0.159342     0.612157  
   146     0.158243     0.612647  
   147     0.157242     0.612066  
   148     0.156245     0.611942  
   149     0.155217     0.611685  
   150     0.154067     0.611597  
   151     0.153037     0.611508  
   152     0.152035     0.611196  
   153     0.150964     0.611247  
   154     0.149907     0.611495  
   155     0.148960     0.611872  
   156     0.147974     0.612756  
   157     0.146941     0.612918  
   158     0.145999     0.613126  
   159     0.144982     0.613089  
   160     0.144072     0.613007  
   161     0.143093     0.613556  
   162     0.142161     0.613363  
   163     0.141214     0.614341  
   164     0.140279     0.614378  
   165     0.139368     0.614133  
   166     0.138366     0.614731  
   167     0.137404     0.615087  
   168     0.136541     0.615923  
   169     0.135669     0.616212  
   170     0.134783     0.616338  
   171     0.133932     0.616627  
   172     0.133043     0.615920  
   173     0.132180     0.615894  
   174     0.131375     0.615654  
   175     0.130510     0.615097  
   176     0.129693     0.615175  
   177     0.128851     0.615478  
   178     0.128081     0.614373  
   179     0.127229     0.613644  
   180     0.126418     0.613595  
   181     0.125615     0.614297  
   182     0.124845     0.614408  
   183     0.124098     0.614052  
   184     0.123337     0.613698  
   185     0.122541     0.613839  
   186     0.121789     0.614041  
   187     0.121047     0.614491  
   188     0.120294     0.614378  
   189     0.119553     0.614785  
   190     0.118803     0.613924  
   191     0.118070     0.614078  
   192     0.117385     0.613530  
   193     0.116656     0.613232  
   194     0.115950     0.612490  
   195     0.115175     0.612245  
   196     0.114507     0.612481  
   197     0.113801     0.612645  
   198     0.113116     0.612392  
   199     0.112437     0.612375  
   200     0.111756     0.612347  
   201     0.110999     0.612632  
   202     0.110314     0.612977  
   203     0.109636     0.613365  
   204     0.109005     0.613388  
   205     0.108350     0.613071  
   206     0.107734     0.613551  
   207     0.107038     0.613219  
   208     0.106395     0.613787  
   209     0.105717     0.613263  
   210     0.105033     0.612828  
   211     0.104427     0.612902  
   212     0.103770     0.612274  
# best iteration 112 (val l2 0.609903)
# Spearman  train +0.9092  val +0.4192  test +0.5438
