# boltz_pooled seed 0
# Boltz pooled blocks, the hook's own feature vector
# input dim 1547, 202,305 parameters
# Linear(n_in,128) -> GELU -> Dropout(0.3) -> Linear(128,32) -> GELU -> Dropout(0.3) -> Linear(32,1)
# Adam lr=0.001 weight_decay=0.0001 batch=32 dropout=0.3
# loss = MSE on standardised log10 half-life
# early stopping on validation loss, patience 40, max 300 epochs
#
 epoch  train_batch        train          val  note
     1     0.603403     0.411632     0.525725  * best
     2     0.460367     0.309684     0.486645  * best
     3     0.393151     0.286200     0.475738  * best
     4     0.348979     0.224293     0.449958  * best
     5     0.307335     0.221485     0.459160  
     6     0.283230     0.186864     0.455005  
     7     0.268012     0.156920     0.452724  
     8     0.251218     0.143907     0.447362  * best
     9     0.236845     0.137118     0.455979  
    10     0.226728     0.127805     0.456885  
    11     0.209154     0.129442     0.456097  
    12     0.200969     0.113051     0.451212  
    13     0.192552     0.108367     0.448659  
    14     0.183547     0.101146     0.460841  
    15     0.185351     0.092943     0.451179  
    16     0.178321     0.098995     0.461103  
    17     0.169975     0.091665     0.454897  
    18     0.166322     0.079359     0.468777  
    19     0.158163     0.086278     0.453090  
    20     0.150332     0.091864     0.458676  
    21     0.155315     0.088062     0.445596  * best
    22     0.151942     0.071390     0.441132  * best
    23     0.153667     0.075854     0.457425  
    24     0.146006     0.068152     0.458542  
    25     0.145463     0.073310     0.446080  
    26     0.139762     0.063619     0.449492  
    27     0.138203     0.061646     0.445521  
    28     0.135658     0.057486     0.467923  
    29     0.137705     0.072578     0.457731  
    30     0.138387     0.075616     0.467329  
    31     0.131407     0.065978     0.465900  
    32     0.135818     0.063522     0.460282  
    33     0.131415     0.061815     0.453763  
    34     0.127698     0.071924     0.478183  
    35     0.128297     0.053250     0.455684  
    36     0.126647     0.067096     0.454030  
    37     0.127603     0.059796     0.463609  
    38     0.123055     0.061289     0.467463  
    39     0.122742     0.054069     0.447983  
    40     0.129168     0.059270     0.471838  
    41     0.125396     0.063276     0.445493  
    42     0.116865     0.055302     0.450325  
    43     0.120838     0.054675     0.463006  
    44     0.119930     0.061564     0.461552  
    45     0.127855     0.052011     0.455210  
    46     0.121094     0.059167     0.456214  
    47     0.113761     0.049800     0.456672  
    48     0.115469     0.058424     0.464956  
    49     0.119800     0.052180     0.447729  
    50     0.115522     0.042811     0.459402  
    51     0.111846     0.055696     0.454060  
    52     0.114610     0.049984     0.454588  
    53     0.115733     0.049595     0.453985  
    54     0.112388     0.051314     0.453954  
    55     0.113475     0.060619     0.471174  
    56     0.117577     0.049132     0.465813  
    57     0.117578     0.040546     0.447205  
    58     0.113900     0.044576     0.461397  
    59     0.115019     0.043989     0.459720  
    60     0.110168     0.048781     0.465161  
    61     0.111522     0.055558     0.474908  
    62     0.111961     0.054465     0.444231  
# stopped at epoch 62: no improvement for 40 epochs
# restored epoch 22 (val MSE 0.441132)
# Spearman  train +0.9638  val +0.7560  test +0.7603
