# mlp_seq+boltz_pooled seed 1
# sequence baseline concatenated with the Boltz pooled blocks
# inputs [(2407,)], 312,385 parameters
# Linear(n_in,128) -> GELU -> Dropout(0.3) -> Linear(128,32) -> GELU -> Dropout(0.3) -> Linear(32,1)
# Adam lr=0.001 weight_decay=0.0001 batch=32 dropout=0.3
# loss = MSE on standardised log10 half-life
# early stopping on validation loss, patience 40, max 300 epochs
#
 epoch  train_batch        train          val  note
     1     0.585214     0.387644     0.598616  * best
     2     0.425714     0.290588     0.559541  * best
     3     0.366544     0.258185     0.603868  
     4     0.330081     0.235625     0.612478  
     5     0.299367     0.182274     0.604436  
     6     0.275452     0.182290     0.613600  
     7     0.258653     0.154313     0.614615  
     8     0.247357     0.147813     0.616006  
     9     0.234035     0.143712     0.620294  
    10     0.222968     0.131685     0.607179  
    11     0.211943     0.114537     0.625743  
    12     0.201470     0.108370     0.620195  
    13     0.193505     0.116670     0.606581  
    14     0.189195     0.102518     0.634684  
    15     0.184942     0.099830     0.625807  
    16     0.184444     0.097314     0.618021  
    17     0.173252     0.087646     0.640894  
    18     0.170016     0.098722     0.633002  
    19     0.163373     0.088672     0.660495  
    20     0.168161     0.083379     0.634045  
    21     0.164748     0.072075     0.620287  
    22     0.159841     0.091971     0.619050  
    23     0.161451     0.079337     0.608401  
    24     0.156904     0.085896     0.650871  
    25     0.152796     0.070890     0.619114  
    26     0.149718     0.082354     0.611336  
    27     0.149119     0.069783     0.617816  
    28     0.144476     0.070389     0.622761  
    29     0.147694     0.062847     0.645178  
    30     0.144768     0.069285     0.633662  
    31     0.140699     0.077858     0.610379  
    32     0.141752     0.069784     0.609932  
    33     0.142995     0.067584     0.632236  
    34     0.143597     0.079052     0.614244  
    35     0.139982     0.075453     0.634285  
    36     0.141272     0.059301     0.652014  
    37     0.134743     0.075198     0.623271  
    38     0.139685     0.058060     0.656904  
    39     0.136320     0.061512     0.620915  
    40     0.136109     0.064690     0.631124  
    41     0.131002     0.061763     0.623936  
    42     0.133918     0.061213     0.625552  
# stopped at epoch 42: no improvement for 40 epochs
# restored epoch 2 (val MSE 0.559541)
# Spearman  train +0.8553  val +0.4929  test +0.5233
