# gbm_boltz_pooled seed 1
# Boltz pooled blocks
# inputs 1547, 320 trees
# LightGBM gradient-boosted trees, objective l2, lr 0.05, num_leaves 31, min_data_in_leaf 20, feature_fraction 0.3, bagging 0.8, lambda_l2 1.0, up to 3000 rounds, early stopping 100 on validation l2
# loss = l2 on standardised log10 half-life
#
 round        train          val  note
     1     0.965379     0.803645  
     2     0.931144     0.793208  
     3     0.899409     0.785099  
     4     0.870838     0.773881  
     5     0.843755     0.764905  
     6     0.819256     0.756520  
     7     0.796809     0.753133  
     8     0.775048     0.746104  
     9     0.755774     0.742468  
    10     0.735704     0.735821  
    11     0.718462     0.733007  
    12     0.701535     0.731170  
    13     0.684836     0.726600  
    14     0.669660     0.722937  
    15     0.654701     0.720726  
    16     0.641452     0.714915  
    17     0.629346     0.710799  
    18     0.616729     0.706976  
    19     0.605479     0.703080  
    20     0.594315     0.698274  
    21     0.583241     0.694600  
    22     0.573233     0.690448  
    23     0.564036     0.685758  
    24     0.554948     0.683795  
    25     0.546430     0.679489  
    26     0.538130     0.678518  
    27     0.529998     0.675872  
    28     0.522462     0.671542  
    29     0.514875     0.668494  
    30     0.507591     0.666331  
    31     0.500567     0.665249  
    32     0.494383     0.663306  
    33     0.487424     0.658696  
    34     0.481269     0.659633  
    35     0.475402     0.659106  
    36     0.469687     0.658124  
    37     0.464321     0.657220  
    38     0.459326     0.656188  
    39     0.454159     0.652972  
    40     0.448871     0.650635  
    41     0.444151     0.650133  
    42     0.439529     0.647474  
    43     0.434857     0.645252  
    44     0.430298     0.644376  
    45     0.425813     0.642447  
    46     0.421669     0.641039  
    47     0.417435     0.640475  
    48     0.413372     0.638370  
    49     0.409525     0.638303  
    50     0.405698     0.636978  
    51     0.402098     0.634756  
    52     0.398616     0.633975  
    53     0.394910     0.633470  
    54     0.391645     0.633425  
    55     0.388144     0.633053  
    56     0.384638     0.631122  
    57     0.381416     0.630142  
    58     0.378049     0.629884  
    59     0.374692     0.630933  
    60     0.371253     0.629169  
    61     0.368191     0.629028  
    62     0.365142     0.628173  
    63     0.362034     0.627062  
    64     0.358711     0.626179  
    65     0.355771     0.625392  
    66     0.352998     0.624275  
    67     0.350062     0.623306  
    68     0.347449     0.623809  
    69     0.344958     0.622951  
    70     0.342392     0.623581  
    71     0.339880     0.622096  
    72     0.337346     0.621723  
    73     0.334714     0.622111  
    74     0.332014     0.620935  
    75     0.329742     0.620573  
    76     0.327511     0.620225  
    77     0.324669     0.619553  
    78     0.322486     0.618775  
    79     0.319959     0.618171  
    80     0.317707     0.618364  
    81     0.315360     0.618113  
    82     0.312995     0.617090  
    83     0.310794     0.617028  
    84     0.308881     0.617056  
    85     0.306657     0.616559  
    86     0.304814     0.616175  
    87     0.302640     0.616385  
    88     0.300405     0.617254  
    89     0.298212     0.616952  
    90     0.296275     0.616443  
    91     0.294391     0.616343  
    92     0.292356     0.615865  
    93     0.290334     0.615583  
    94     0.288332     0.614230  
    95     0.286488     0.614648  
    96     0.284514     0.614429  
    97     0.282562     0.614606  
    98     0.280812     0.614411  
    99     0.278916     0.613201  
   100     0.277254     0.612752  
   101     0.275583     0.612497  
   102     0.273863     0.612509  
   103     0.272144     0.612425  
   104     0.270416     0.612263  
   105     0.268779     0.611709  
   106     0.267164     0.611775  
   107     0.265486     0.610953  
   108     0.264013     0.611121  
   109     0.262396     0.610840  
   110     0.260827     0.610550  
   111     0.259394     0.610809  
   112     0.257690     0.610042  
   113     0.255984     0.610216  
   114     0.254594     0.610224  
   115     0.253047     0.610370  
   116     0.251555     0.609633  
   117     0.250103     0.609919  
   118     0.248671     0.609430  
   119     0.247148     0.609462  
   120     0.245622     0.609484  
   121     0.243945     0.609092  
   122     0.242701     0.608688  
   123     0.241320     0.608325  
   124     0.239839     0.608031  
   125     0.238540     0.607545  
   126     0.237080     0.608261  
   127     0.235821     0.607501  
   128     0.234424     0.607572  
   129     0.233159     0.607391  
   130     0.231816     0.608622  
   131     0.230478     0.609221  
   132     0.229121     0.610332  
   133     0.227799     0.609992  
   134     0.226528     0.609802  
   135     0.225286     0.610322  
   136     0.223856     0.609949  
   137     0.222615     0.610319  
   138     0.221346     0.610308  
   139     0.220114     0.611529  
   140     0.218852     0.611123  
   141     0.217715     0.610690  
   142     0.216579     0.610086  
   143     0.215339     0.610587  
   144     0.214165     0.610208  
   145     0.212992     0.610549  
   146     0.211665     0.609980  
   147     0.210613     0.609958  
   148     0.209392     0.609753  
   149     0.208285     0.609194  
   150     0.207132     0.609313  
   151     0.205930     0.609018  
   152     0.204757     0.607736  
   153     0.203658     0.608195  
   154     0.202574     0.608647  
   155     0.201240     0.608696  
   156     0.200155     0.608936  
   157     0.199064     0.608462  
   158     0.197974     0.608819  
   159     0.196886     0.609155  
   160     0.195932     0.609494  
   161     0.194881     0.609960  
   162     0.193867     0.609704  
   163     0.192788     0.610100  
   164     0.191771     0.610438  
   165     0.190735     0.610407  
   166     0.189607     0.610536  
   167     0.188565     0.609480  
   168     0.187534     0.609461  
   169     0.186532     0.609480  
   170     0.185657     0.608856  
   171     0.184670     0.609142  
   172     0.183661     0.609160  
   173     0.182714     0.610224  
   174     0.181707     0.609877  
   175     0.180746     0.608852  
   176     0.179827     0.608598  
   177     0.178926     0.608487  
   178     0.177926     0.608522  
   179     0.176942     0.607553  
   180     0.175958     0.607050  
   181     0.175027     0.606861  
   182     0.174069     0.606234  
   183     0.173154     0.605899  
   184     0.172234     0.605491  
   185     0.171292     0.605338  
   186     0.170406     0.605214  
   187     0.169510     0.604953  
   188     0.168541     0.603900  
   189     0.167655     0.603293  
   190     0.166863     0.602899  
   191     0.165963     0.603479  
   192     0.165156     0.603915  
   193     0.164305     0.603783  
   194     0.163478     0.603386  
   195     0.162608     0.603646  
   196     0.161765     0.604174  
   197     0.160923     0.604332  
   198     0.160033     0.604343  
   199     0.159219     0.604639  
   200     0.158521     0.604278  
   201     0.157803     0.604593  
   202     0.157042     0.604982  
   203     0.156279     0.604674  
   204     0.155440     0.604467  
   205     0.154641     0.604093  
   206     0.153856     0.604462  
   207     0.153132     0.604015  
   208     0.152384     0.603598  
   209     0.151601     0.603515  
   210     0.150839     0.603529  
   211     0.150201     0.602619  
   212     0.149460     0.602780  
   213     0.148764     0.603076  
   214     0.148041     0.603456  
   215     0.147360     0.603349  
   216     0.146667     0.603519  
   217     0.145930     0.603556  
   218     0.145255     0.604076  
   219     0.144520     0.604684  
   220     0.143801     0.604769  
   221     0.143193     0.604309  
   222     0.142549     0.604664  
   223     0.141878     0.604605  
   224     0.141242     0.603893  
   225     0.140522     0.603630  
   226     0.139871     0.603202  
   227     0.139242     0.603041  
   228     0.138601     0.603129  
   229     0.137947     0.603056  
   230     0.137313     0.603106  
   231     0.136683     0.603202  
   232     0.136028     0.602881  
   233     0.135422     0.602379  
   234     0.134743     0.602163  
   235     0.134116     0.602129  
   236     0.133506     0.602582  
   237     0.132883     0.602896  
   238     0.132177     0.602734  
   239     0.131545     0.602741  
   240     0.130928     0.602430  
   241     0.130288     0.602596  
   242     0.129663     0.602658  
   243     0.129109     0.602266  
   244     0.128552     0.602352  
   245     0.127968     0.602465  
   246     0.127315     0.602317  
   247     0.126781     0.602422  
   248     0.126211     0.602470  
   249     0.125670     0.602553  
   250     0.125032     0.602266  
   251     0.124422     0.602491  
   252     0.123831     0.603046  
   253     0.123269     0.603176  
   254     0.122671     0.603009  
   255     0.122038     0.602746  
   256     0.121504     0.602686  
   257     0.120959     0.602837  
   258     0.120400     0.602915  
   259     0.119833     0.602888  
   260     0.119278     0.602511  
   261     0.118737     0.602764  
   262     0.118190     0.603003  
   263     0.117643     0.603058  
   264     0.117099     0.602955  
   265     0.116585     0.602551  
   266     0.116053     0.602374  
   267     0.115529     0.602491  
   268     0.115014     0.602653  
   269     0.114523     0.602709  
   270     0.113991     0.602666  
   271     0.113493     0.602323  
   272     0.112991     0.602616  
   273     0.112512     0.602758  
   274     0.112016     0.602548  
   275     0.111458     0.602276  
   276     0.110964     0.602295  
   277     0.110448     0.602267  
   278     0.109930     0.602156  
   279     0.109461     0.601851  
   280     0.108969     0.602055  
   281     0.108516     0.602044  
   282     0.108052     0.602263  
   283     0.107597     0.601894  
   284     0.107101     0.602026  
   285     0.106638     0.601637  
   286     0.106195     0.601595  
   287     0.105732     0.601480  
   288     0.105205     0.602132  
   289     0.104754     0.602197  
   290     0.104254     0.602273  
   291     0.103837     0.602097  
   292     0.103348     0.602138  
   293     0.102891     0.602335  
   294     0.102426     0.602611  
   295     0.101958     0.602749  
   296     0.101505     0.602374  
   297     0.101089     0.602290  
   298     0.100639     0.602306  
   299     0.100224     0.602306  
   300     0.099729     0.602366  
   301     0.099292     0.602310  
   302     0.098817     0.602212  
   303     0.098384     0.602277  
   304     0.097953     0.602368  
   305     0.097518     0.602967  
   306     0.097102     0.602886  
   307     0.096673     0.602615  
   308     0.096216     0.602908  
   309     0.095868     0.602576  
   310     0.095437     0.602444  
   311     0.095047     0.602277  
   312     0.094595     0.602270  
   313     0.094199     0.602409  
   314     0.093786     0.602447  
   315     0.093345     0.602422  
   316     0.092943     0.602108  
   317     0.092568     0.602026  
   318     0.092168     0.601700  
   319     0.091794     0.601660  
   320     0.091381     0.601358  * best
   321     0.091032     0.601621  
   322     0.090600     0.601447  
   323     0.090198     0.601493  
   324     0.089770     0.601747  
   325     0.089412     0.601702  
   326     0.088970     0.601903  
   327     0.088599     0.602021  
   328     0.088225     0.601682  
   329     0.087816     0.601388  
   330     0.087436     0.601585  
   331     0.087071     0.601495  
   332     0.086715     0.601361  
   333     0.086323     0.601478  
   334     0.085958     0.601708  
   335     0.085599     0.601797  
   336     0.085209     0.602019  
   337     0.084855     0.601814  
   338     0.084454     0.601842  
   339     0.084088     0.601934  
   340     0.083722     0.602365  
   341     0.083390     0.602560  
   342     0.083030     0.602912  
   343     0.082679     0.602880  
   344     0.082321     0.603116  
   345     0.081967     0.603261  
   346     0.081619     0.603140  
   347     0.081289     0.603371  
   348     0.080941     0.603345  
   349     0.080600     0.603184  
   350     0.080245     0.603101  
   351     0.079916     0.603030  
   352     0.079576     0.603131  
   353     0.079278     0.603338  
   354     0.078946     0.603308  
   355     0.078612     0.603619  
   356     0.078256     0.603493  
   357     0.077930     0.603450  
   358     0.077623     0.603602  
   359     0.077318     0.603630  
   360     0.076992     0.603642  
   361     0.076659     0.603985  
   362     0.076312     0.603907  
   363     0.075980     0.603794  
   364     0.075639     0.603752  
   365     0.075350     0.604102  
   366     0.075011     0.604515  
   367     0.074708     0.604619  
   368     0.074360     0.604829  
   369     0.074046     0.604526  
   370     0.073715     0.604409  
   371     0.073400     0.604308  
   372     0.073065     0.604737  
   373     0.072780     0.604698  
   374     0.072456     0.604377  
   375     0.072163     0.604483  
   376     0.071860     0.604799  
   377     0.071562     0.604789  
   378     0.071242     0.604892  
   379     0.070948     0.604659  
   380     0.070645     0.604667  
   381     0.070328     0.604368  
   382     0.070032     0.604354  
   383     0.069757     0.604354  
   384     0.069423     0.604457  
   385     0.069134     0.604253  
   386     0.068821     0.604552  
   387     0.068528     0.604314  
   388     0.068210     0.604448  
   389     0.067898     0.604652  
   390     0.067642     0.604364  
   391     0.067347     0.604150  
   392     0.067058     0.603881  
   393     0.066807     0.603900  
   394     0.066538     0.603822  
   395     0.066256     0.603951  
   396     0.065988     0.603601  
   397     0.065697     0.603507  
   398     0.065415     0.603459  
   399     0.065126     0.603466  
   400     0.064903     0.603378  
   401     0.064647     0.603324  
   402     0.064380     0.603598  
   403     0.064065     0.603843  
   404     0.063796     0.604341  
   405     0.063542     0.604193  
   406     0.063249     0.604468  
   407     0.062989     0.604390  
   408     0.062719     0.604678  
   409     0.062465     0.604838  
   410     0.062211     0.604827  
   411     0.061961     0.604886  
   412     0.061699     0.604821  
   413     0.061451     0.604698  
   414     0.061204     0.604764  
   415     0.060965     0.604785  
   416     0.060715     0.604758  
   417     0.060500     0.604747  
   418     0.060268     0.604732  
   419     0.060011     0.604725  
   420     0.059792     0.604711  
# best iteration 320 (val l2 0.601358)
# Spearman  train +0.9612  val +0.4148  test +0.6078
