# mlp_edge seed 1
# perceptron on edge
# inputs [(14450,)], 1,853,889 parameters
# Linear(n_in,128) -> GELU -> Dropout(0.3) -> Linear(128,32) -> GELU -> Dropout(0.3) -> Linear(32,1)
# Adam lr=0.001 weight_decay=0.0001 batch=32 dropout=0.3
# loss = MSE on standardised log10 half-life
# early stopping on validation loss, patience 40, max 300 epochs
#
 epoch  train_batch        train          val  note
     1   104.147995    29.969799     0.859370  * best
     2    12.940517    20.517923     1.233831  
     3    59.826703    32.741371     0.803440  * best
     4    37.164882    36.375454     0.784559  * best
     5    82.207491     3.594946     0.795614  
     6     1.446903    11.908964     0.793793  
     7    11.572283    16.356462     0.818045  
     8    11.709751     3.590353     0.785043  
     9     1.289847     4.445687     0.793359  
    10     5.808633     0.702877     0.745297  * best
    11     0.698591     0.553014     0.766086  
    12     0.655036     0.468542     0.780443  
    13     0.607558     0.540153     0.751066  
    14     0.610735     0.525236     0.747101  
    15     0.643370     0.444209     0.762953  
    16     0.581524     0.420944     0.757980  
    17     0.579781     0.381000     0.775941  
    18     0.543001     0.387004     0.776589  
    19     0.525162     0.380171     0.753336  
    20     0.521476     0.364708     0.743618  * best
    21     0.524094     0.422755     0.739625  * best
    22     0.498465     0.345800     0.758596  
    23     0.498737     0.348852     0.734681  * best
    24     0.560606     0.377873     0.789850  
    25     0.593373     0.359384     0.815926  
    26     0.519194     0.332336     0.813311  
    27     0.485646     0.332091     0.758566  
    28     0.472743     0.324630     0.766130  
    29     0.456948     0.296143     0.810375  
    30     0.463096     0.307661     0.810907  
    31     0.459459     0.311034     0.738180  
    32     0.441493     0.310603     0.825451  
    33     0.458432     0.282664     0.760083  
    34     0.546675     0.334932     0.745608  
    35     0.473068     0.298669     0.813918  
    36     0.445100     0.265507     0.765505  
    37     0.423368     0.270610     0.760038  
    38     0.424629     0.259327     0.847972  
    39     0.413994     0.273142     0.796519  
    40     0.403431     0.268653     0.812634  
    41     0.405926     0.265738     0.771754  
    42     0.417523     0.268080     0.795920  
    43     0.405359     0.237989     0.786820  
    44     0.402016     0.260002     0.723711  * best
    45     0.440343     0.259189     0.773348  
    46     0.395407     0.231558     0.806058  
    47     0.396547     0.272412     0.741867  
    48     0.402551     0.234864     0.803012  
    49     0.413726     0.254764     0.769492  
    50     0.393603     0.272741     0.763234  
    51     0.391437     0.261701     0.774787  
    52     0.446740     0.269310     0.827272  
    53     0.433394     0.255939     0.834684  
    54     0.391533     0.241907     0.751446  
    55     0.381781     0.244458     0.804692  
    56     0.382455     0.205862     0.813384  
    57     0.373221     0.202918     0.843400  
    58     0.372231     0.239392     0.800119  
    59     0.378395     0.221632     0.788557  
    60     0.380128     0.219924     0.829435  
    61     0.370888     0.234176     0.899858  
    62     0.357961     0.259327     0.807966  
    63     0.363611     0.257692     0.784610  
    64     0.358867     0.230557     0.912016  
    65     0.349732     0.226832     0.793013  
    66     0.356256     0.214712     0.804945  
    67     0.358985     0.196273     0.809694  
    68     0.350353     0.203127     0.799555  
    69     0.363491     0.253895     0.898707  
    70     0.366393     0.239532     0.753212  
    71     0.367046     0.189486     0.888353  
    72     0.337548     0.384603     0.909891  
    73     0.604853     0.325609     0.814080  
    74     0.451972     0.238940     0.790177  
    75     0.417096     0.263836     0.820283  
    76     0.481372     0.303747     0.714476  * best
    77     0.889679     0.349349     0.717134  
    78     0.527570     0.322948     0.707065  * best
    79     0.507726     0.297678     0.713939  
    80     0.496498     0.323598     0.704120  * best
    81     0.493516     0.289195     0.718210  
    82     0.489859     0.363448     0.679929  * best
    83     0.481970     0.243067     0.744574  
    84     0.461305     0.282987     0.739668  
    85     0.550324     0.332889     0.731389  
    86     0.519395     0.312993     0.707890  
    87     0.510583     0.291712     0.751824  
    88     0.480568     0.265505     0.757176  
    89     0.420620     0.377528     0.698128  
    90     0.544120     0.396436     0.694861  
    91     0.454897     0.305577     0.688409  
    92     0.597879     0.346368     0.725765  
    93     0.592175     0.385967     0.740093  
    94     0.555762     0.298849     0.726184  
    95     0.499217     0.298186     0.718058  
    96     0.529057     0.320267     0.703683  
    97     0.468460     0.263817     0.684269  
    98     0.441440     0.279157     0.692263  
    99     0.425747     0.262781     0.731368  
   100     0.422813     0.247771     0.708780  
   101     0.418104     0.252237     0.741688  
   102     0.424641     0.226063     0.760371  
   103     0.419125     0.214979     0.742539  
   104     0.427131     0.290348     0.719485  
   105     0.400052     0.229245     0.764855  
   106     0.396617     0.266424     0.719846  
   107     0.393205     0.243235     0.741004  
   108     0.388698     0.385858     0.767009  
   109     1.132064     0.455522     0.721349  
   110     0.535951     0.416805     0.731193  
   111     0.523712     0.345503     0.769180  
   112     0.496985     0.385828     0.757884  
   113     0.491704     0.339946     0.752237  
   114     0.483874     0.341422     0.765982  
   115     0.479282     0.351106     0.741895  
   116     0.479060     0.386580     0.802119  
   117     0.838020     0.651493     0.719268  
   118     1.670761     0.895960     0.718174  
   119     0.819661     0.620945     0.701977  
   120     0.788683     0.564797     0.690678  
   121     0.693167     0.476157     0.689092  
   122     0.621951     0.530434     0.791428  
# stopped at epoch 122: no improvement for 40 epochs
# restored epoch 82 (val MSE 0.679929)
# Spearman  train +0.8913  val +0.2925  test +0.0532
