# mlp_boltz_pooled seed 0
# Boltz pooled blocks
# inputs [(1547,)], 202,305 parameters
# Linear(n_in,128) -> GELU -> Dropout(0.3) -> Linear(128,32) -> GELU -> Dropout(0.3) -> Linear(32,1)
# Adam lr=0.001 weight_decay=0.0001 batch=32 dropout=0.3
# loss = MSE on standardised log10 half-life
# early stopping on validation loss, patience 40, max 300 epochs
#
 epoch  train_batch        train          val  note
     1     0.580336     0.381510     0.630247  * best
     2     0.435459     0.332974     0.642565  
     3     0.386200     0.252860     0.598455  * best
     4     0.344848     0.249127     0.649979  
     5     0.311353     0.212372     0.672599  
     6     0.293004     0.178881     0.646313  
     7     0.265279     0.165081     0.617383  
     8     0.250814     0.161198     0.646865  
     9     0.244053     0.165196     0.646620  
    10     0.229693     0.137021     0.631159  
    11     0.225502     0.134273     0.640469  
    12     0.215689     0.142824     0.665206  
    13     0.207232     0.113282     0.671777  
    14     0.198954     0.101295     0.658719  
    15     0.195087     0.116437     0.647127  
    16     0.189454     0.103868     0.691798  
    17     0.183326     0.096348     0.679004  
    18     0.181387     0.094236     0.649505  
    19     0.178014     0.104612     0.675351  
    20     0.172735     0.087353     0.656255  
    21     0.170982     0.089621     0.639990  
    22     0.166044     0.079360     0.710109  
    23     0.167683     0.090273     0.664506  
    24     0.160868     0.090323     0.655331  
    25     0.161555     0.082398     0.631517  
    26     0.157052     0.083594     0.649117  
    27     0.156758     0.086606     0.641543  
    28     0.150430     0.088628     0.663609  
    29     0.152116     0.082069     0.645074  
    30     0.152814     0.075833     0.673153  
    31     0.148611     0.080209     0.642436  
    32     0.145462     0.067524     0.684220  
    33     0.147680     0.080901     0.666042  
    34     0.146567     0.073849     0.652555  
    35     0.140901     0.075505     0.670514  
    36     0.146728     0.082666     0.665839  
    37     0.141340     0.068337     0.672371  
    38     0.139514     0.076284     0.669881  
    39     0.142096     0.072313     0.675016  
    40     0.141188     0.070442     0.731820  
    41     0.136636     0.069872     0.671394  
    42     0.137989     0.066602     0.673375  
    43     0.139668     0.064911     0.687746  
# stopped at epoch 43: no improvement for 40 epochs
# restored epoch 3 (val MSE 0.598455)
# Spearman  train +0.8696  val +0.4310  test +0.5271
