# mlp_seq+edge seed 1
# perceptron on seq+edge
# inputs [(15310,)], 1,963,969 parameters
# Linear(n_in,128) -> GELU -> Dropout(0.3) -> Linear(128,32) -> GELU -> Dropout(0.3) -> Linear(32,1)
# Adam lr=0.001 weight_decay=0.0001 batch=32 dropout=0.3
# loss = MSE on standardised log10 half-life
# early stopping on validation loss, patience 40, max 300 epochs
#
 epoch  train_batch        train          val  note
     1    13.073126    66.523880     0.834019  * best
     2    49.303383     2.553895     0.909724  
     3     3.554298     7.302913     0.732705  * best
     4     4.323333    31.780340     0.833551  
     5    27.102063     2.727140     0.795186  
     6     3.833528     1.784395     0.763905  
     7     7.895831    12.730493     0.784547  
     8    11.047035     0.911137     0.843541  
     9     0.901596     0.664677     0.788639  
    10     0.723323     0.576989     0.760992  
    11     0.676157     0.547887     0.787980  
    12     0.727240     0.490405     0.806611  
    13     0.650969     0.469830     0.825148  
    14     0.618482     0.437798     0.791010  
    15     0.561448     0.431174     0.793471  
    16     0.552838     0.405931     0.831585  
    17     0.554588     0.399693     0.774204  
    18     0.541530     0.389495     0.768615  
    19     0.620577     0.519172     0.794049  
    20     0.531471     0.368369     0.731046  * best
    21     0.501308     0.353481     0.762413  
    22     0.487405     0.358574     0.740611  
    23     0.484806     0.313007     0.771068  
    24     0.464868     0.319227     0.778957  
    25     0.453969     0.291815     0.871295  
    26     0.441939     0.313148     0.799896  
    27     0.433714     0.275297     0.765944  
    28     0.476023     0.299221     0.753742  
    29     0.453122     0.277585     0.810262  
    30     0.443996     0.308799     0.753195  
    31     0.434433     0.299629     0.710049  * best
    32     0.408622     0.313017     0.779430  
    33     0.412893     0.290030     0.780469  
    34     0.409020     0.256308     0.830110  
    35     0.399525     0.244186     0.742093  
    36     0.398024     0.252395     0.752415  
    37     0.408257     0.273084     0.735249  
    38     0.454387     0.274375     0.792578  
    39     0.421471     0.262576     0.748411  
    40     0.389092     0.238740     0.730061  
    41     0.379186     0.231582     0.800334  
    42     0.863748     0.387054     0.725915  
    43     0.555038     0.447659     0.718532  
    44     0.522866     0.355625     0.739036  
    45     0.982335     0.487851     0.706094  * best
    46     0.582426     0.354342     0.729872  
    47     0.472439     0.271086     0.775631  
    48     0.457200     0.322895     0.717606  
    49     0.478830     0.329487     0.735716  
    50     0.441557     0.288478     0.702219  * best
    51     0.452650     0.296251     0.709190  
    52     0.460835     0.356313     0.779730  
    53     0.440228     0.266531     0.798403  
    54     0.456137     0.292894     0.738374  
    55     0.437569     0.247084     0.743333  
    56     0.426255     0.264302     0.748976  
    57     0.529012     0.267451     0.767382  
    58     0.435428     0.250395     0.706171  
    59     0.428961     0.243512     0.746918  
    60     0.463656     0.256233     0.765593  
    61     0.569460     0.248575     0.782526  
    62     0.421487     0.275073     0.739193  
    63     0.416587     0.283974     0.689552  * best
    64     0.406606     0.220287     0.798406  
    65     0.396926     0.222784     0.805538  
    66     0.524923     0.417417     0.700013  
    67     0.581815     0.414480     0.724168  
    68     0.480939     0.313955     0.743406  
    69     0.459465     0.287236     0.768881  
    70     0.552913     0.483399     0.713516  
    71     0.512473     0.267007     0.768559  
    72     0.503467     0.264952     0.748641  
    73     0.449692     0.258111     0.755285  
    74     0.401898     0.236222     0.827530  
    75     0.393056     0.251658     0.802042  
    76     0.394467     0.230031     0.803838  
    77     0.384771     0.211796     0.762025  
    78     0.404530     0.224561     0.740050  
    79     0.380878     0.239112     0.763978  
    80     0.365427     0.236136     0.810480  
    81     0.357437     0.193404     0.753765  
    82     0.349165     0.212217     0.761662  
    83     0.401508     0.213277     0.789082  
    84     0.531464     0.251770     0.749407  
    85     0.450415     0.279785     0.725743  
    86     0.440864     0.259303     0.780282  
    87     0.411571     0.201693     0.746931  
    88     0.404422     0.297630     0.718828  
    89     0.594097     0.326227     0.705673  
    90     0.474599     0.285443     0.736738  
    91     0.442664     0.279459     0.723710  
    92     0.474447     0.253566     0.713121  
    93     0.479165     0.374549     0.821647  
    94     0.468115     0.256137     0.702839  
    95     0.405352     0.241001     0.714306  
    96     0.403830     0.221315     0.801096  
    97     0.396460     0.210715     0.708082  
    98     0.398819     0.235797     0.716576  
    99     0.416879     0.264815     0.710129  
   100     0.398789     0.213914     0.748653  
   101     0.388453     0.222015     0.773660  
   102     0.395196     0.190853     0.811675  
   103     0.665435     0.418599     0.708000  
# stopped at epoch 103: no improvement for 40 epochs
# restored epoch 63 (val MSE 0.689552)
# Spearman  train +0.8946  val +0.3266  test +0.1664
