# mlp_seq seed 1
# perceptron on seq
# inputs [(860,)], 114,369 parameters
# Linear(n_in,128) -> GELU -> Dropout(0.3) -> Linear(128,32) -> GELU -> Dropout(0.3) -> Linear(32,1)
# Adam lr=0.001 weight_decay=0.0001 batch=32 dropout=0.3
# loss = MSE on standardised log10 half-life
# early stopping on validation loss, patience 40, max 300 epochs
#
 epoch  train_batch        train          val  note
     1     0.684329     0.532361     0.821221  * best
     2     0.550631     0.453145     0.868279  
     3     0.491540     0.392166     0.867559  
     4     0.447839     0.353245     0.899301  
     5     0.411001     0.309942     0.965160  
     6     0.384141     0.281188     0.979170  
     7     0.361845     0.270654     0.892878  
     8     0.338036     0.247268     0.891273  
     9     0.327212     0.227427     0.927191  
    10     0.311842     0.218493     0.890733  
    11     0.301220     0.200508     0.897657  
    12     0.289544     0.195802     0.899227  
    13     0.279967     0.191023     0.874084  
    14     0.273910     0.172191     0.927544  
    15     0.266785     0.170779     0.910804  
    16     0.258724     0.155818     0.890706  
    17     0.249662     0.149489     0.932365  
    18     0.240557     0.152773     0.896357  
    19     0.242674     0.143829     0.914403  
    20     0.237301     0.146288     0.916035  
    21     0.234567     0.137512     0.892592  
    22     0.217305     0.126355     0.890949  
    23     0.222578     0.126572     0.921052  
    24     0.213540     0.116219     0.917372  
    25     0.213298     0.123824     0.887525  
    26     0.210694     0.118402     0.896526  
    27     0.206222     0.111678     0.921445  
    28     0.200084     0.109322     0.920686  
    29     0.202512     0.115702     0.911192  
    30     0.197312     0.106063     0.941930  
    31     0.194784     0.119570     0.862713  
    32     0.189671     0.101734     0.918045  
    33     0.194352     0.103132     0.878040  
    34     0.187842     0.096099     0.917712  
    35     0.191471     0.104210     0.851901  
    36     0.184311     0.092914     0.872699  
    37     0.179001     0.097633     0.900289  
    38     0.187131     0.093761     0.913852  
    39     0.178542     0.093921     0.908211  
    40     0.184495     0.094765     0.912612  
    41     0.178073     0.086017     0.934448  
# stopped at epoch 41: no improvement for 40 epochs
# restored epoch 1 (val MSE 0.821221)
# Spearman  train +0.6898  val +0.0517  test +0.1761
