# seq_hla_pseudo seed 4
# NetMHCpan pseudosequence one-hot, 34 x 20
# input dim 680, 91,329 parameters
# Linear(n_in,128) -> GELU -> Dropout(0.3) -> Linear(128,32) -> GELU -> Dropout(0.3) -> Linear(32,1)
# Adam lr=0.001 weight_decay=0.0001 batch=32 dropout=0.3
# loss = MSE on standardised log10 half-life
# early stopping on validation loss, patience 40, max 300 epochs
#
 epoch  train_batch        train          val  note
     1     0.780773     0.707343     0.756924  * best
     2     0.728838     0.696872     0.742132  * best
     3     0.716167     0.700269     0.750544  
     4     0.708919     0.682965     0.733696  * best
     5     0.705329     0.681516     0.725780  * best
     6     0.703884     0.682106     0.734919  
     7     0.706533     0.682318     0.738229  
     8     0.701970     0.684162     0.723574  * best
     9     0.700783     0.681714     0.725196  
    10     0.703047     0.685371     0.726964  
    11     0.700085     0.680374     0.727556  
    12     0.700924     0.683491     0.728367  
    13     0.695192     0.678755     0.727430  
    14     0.697796     0.678067     0.721355  * best
    15     0.698030     0.682145     0.733288  
    16     0.694183     0.681934     0.720983  * best
    17     0.693987     0.677682     0.721780  
    18     0.693931     0.677476     0.725489  
    19     0.694710     0.683605     0.739572  
    20     0.696514     0.679728     0.729244  
    21     0.694946     0.697000     0.736516  
    22     0.692726     0.680322     0.719992  * best
    23     0.694836     0.687485     0.726578  
    24     0.692510     0.676191     0.723244  
    25     0.696888     0.675835     0.721594  
    26     0.693128     0.676923     0.721879  
    27     0.697033     0.680683     0.721208  
    28     0.699157     0.676748     0.727208  
    29     0.696167     0.682624     0.727001  
    30     0.693990     0.677823     0.720975  
    31     0.696016     0.675660     0.722867  
    32     0.698037     0.681046     0.724403  
    33     0.692069     0.676871     0.722247  
    34     0.694486     0.683055     0.726210  
    35     0.694509     0.676699     0.724316  
    36     0.692985     0.678684     0.725043  
    37     0.693338     0.678536     0.723743  
    38     0.695268     0.677114     0.719691  * best
    39     0.694464     0.678458     0.729468  
    40     0.695470     0.677790     0.721622  
    41     0.691920     0.679057     0.721352  
    42     0.693892     0.680003     0.721003  
    43     0.695337     0.675885     0.718113  * best
    44     0.696771     0.677629     0.716740  * best
    45     0.692938     0.675433     0.720560  
    46     0.697162     0.675513     0.722613  
    47     0.693584     0.675262     0.718374  
    48     0.694099     0.681340     0.719260  
    49     0.694749     0.675380     0.725113  
    50     0.691776     0.677593     0.727602  
    51     0.692171     0.678328     0.728469  
    52     0.693186     0.681638     0.727835  
    53     0.694418     0.675927     0.724513  
    54     0.691800     0.683306     0.730380  
    55     0.693917     0.675138     0.717318  
    56     0.690364     0.676916     0.720258  
    57     0.693491     0.675385     0.719474  
    58     0.694075     0.679532     0.731254  
    59     0.693186     0.676220     0.718368  
    60     0.695352     0.677692     0.722714  
    61     0.698371     0.676546     0.715041  * best
    62     0.693745     0.681212     0.725906  
    63     0.690257     0.677891     0.727060  
    64     0.692107     0.675743     0.719673  
    65     0.695229     0.680663     0.723683  
    66     0.694397     0.686546     0.727557  
    67     0.694089     0.676965     0.717822  
    68     0.694583     0.676479     0.725749  
    69     0.693614     0.679783     0.722684  
    70     0.691949     0.681780     0.725935  
    71     0.696237     0.676974     0.725949  
    72     0.690994     0.678573     0.724705  
    73     0.692385     0.680585     0.723905  
    74     0.691802     0.678649     0.727001  
    75     0.697325     0.678939     0.725744  
    76     0.694936     0.675734     0.722546  
    77     0.689221     0.676728     0.722184  
    78     0.692625     0.677466     0.722515  
    79     0.695485     0.681386     0.729276  
    80     0.695309     0.675450     0.724072  
    81     0.692128     0.677809     0.720621  
    82     0.693801     0.679608     0.727391  
    83     0.693498     0.683123     0.724514  
    84     0.690384     0.675660     0.718362  
    85     0.689440     0.681291     0.732520  
    86     0.694533     0.675427     0.715891  
    87     0.694257     0.676737     0.722795  
    88     0.691335     0.675801     0.722605  
    89     0.690600     0.678316     0.720914  
    90     0.690307     0.674507     0.719299  
    91     0.690246     0.677254     0.723304  
    92     0.693104     0.675758     0.723893  
    93     0.690161     0.683671     0.723740  
    94     0.693841     0.678398     0.727175  
    95     0.692167     0.678993     0.722408  
    96     0.695084     0.684668     0.722846  
    97     0.690349     0.679903     0.725285  
    98     0.694543     0.677388     0.726695  
    99     0.689884     0.675752     0.724034  
   100     0.691649     0.677855     0.721441  
   101     0.692396     0.673796     0.716921  
# stopped at epoch 101: no improvement for 40 epochs
# restored epoch 61 (val MSE 0.715041)
# Spearman  train +0.5601  val +0.5352  test +0.5312
