# boltz_conf seed 3
# Boltz confidence metrics (ipTM, pTM, pLDDT, ...)
# input dim 9, 5,441 parameters
# Linear(n_in,128) -> GELU -> Dropout(0.3) -> Linear(128,32) -> GELU -> Dropout(0.3) -> Linear(32,1)
# Adam lr=0.001 weight_decay=0.0001 batch=32 dropout=0.3
# loss = MSE on standardised log10 half-life
# early stopping on validation loss, patience 40, max 300 epochs
#
 epoch  train_batch        train          val  note
     1     0.876867     0.833205     0.828925  * best
     2     0.845736     0.821951     0.823611  * best
     3     0.838568     0.815559     0.815666  * best
     4     0.832374     0.815598     0.818853  
     5     0.822108     0.810530     0.812524  * best
     6     0.822101     0.814142     0.813774  
     7     0.823382     0.806653     0.806905  * best
     8     0.818662     0.807355     0.806463  * best
     9     0.819165     0.800832     0.802514  * best
    10     0.817705     0.803511     0.804019  
    11     0.816555     0.797932     0.802399  * best
    12     0.816431     0.797445     0.802557  
    13     0.814335     0.797196     0.800197  * best
    14     0.812659     0.795899     0.800161  * best
    15     0.807099     0.793324     0.796067  * best
    16     0.805016     0.791184     0.797690  
    17     0.813423     0.792355     0.794605  * best
    18     0.804395     0.791445     0.796154  
    19     0.807917     0.787888     0.793329  * best
    20     0.801431     0.790762     0.794042  
    21     0.799367     0.789748     0.799233  
    22     0.799194     0.789417     0.793147  * best
    23     0.804936     0.784043     0.789654  * best
    24     0.804395     0.785361     0.794716  
    25     0.798903     0.780499     0.791440  
    26     0.796503     0.781176     0.788939  * best
    27     0.793279     0.780504     0.789194  
    28     0.795352     0.777140     0.788726  * best
    29     0.794573     0.775655     0.789604  
    30     0.792743     0.777193     0.791514  
    31     0.790895     0.774144     0.787104  * best
    32     0.796032     0.775146     0.786991  * best
    33     0.788830     0.771717     0.784855  * best
    34     0.793875     0.773649     0.784179  * best
    35     0.794347     0.780115     0.790482  
    36     0.795782     0.773594     0.786765  
    37     0.792167     0.774420     0.791596  
    38     0.785865     0.770187     0.787562  
    39     0.787353     0.772235     0.787137  
    40     0.789999     0.771653     0.785028  
    41     0.791465     0.769390     0.786219  
    42     0.789541     0.771672     0.786866  
    43     0.786192     0.771707     0.790191  
    44     0.786149     0.770643     0.787870  
    45     0.789469     0.768703     0.782818  * best
    46     0.789314     0.771196     0.786296  
    47     0.788195     0.769153     0.784760  
    48     0.790227     0.768402     0.784489  
    49     0.792122     0.767107     0.786060  
    50     0.787845     0.768392     0.781458  * best
    51     0.785362     0.766168     0.783463  
    52     0.786099     0.767753     0.781763  
    53     0.783509     0.765847     0.781066  * best
    54     0.785449     0.771083     0.784792  
    55     0.785959     0.767702     0.785928  
    56     0.787567     0.765339     0.781682  
    57     0.783071     0.767506     0.781895  
    58     0.783423     0.766242     0.782992  
    59     0.785007     0.763414     0.781566  
    60     0.782238     0.764190     0.780573  * best
    61     0.784278     0.766304     0.784601  
    62     0.785652     0.765758     0.780498  * best
    63     0.785747     0.769278     0.785735  
    64     0.784687     0.764306     0.785628  
    65     0.781042     0.763922     0.785722  
    66     0.783377     0.768738     0.789723  
    67     0.785557     0.762651     0.779733  * best
    68     0.784446     0.763204     0.783188  
    69     0.780863     0.764192     0.782254  
    70     0.782553     0.767761     0.783607  
    71     0.783974     0.761887     0.781623  
    72     0.779964     0.761724     0.778445  * best
    73     0.782862     0.767318     0.789902  
    74     0.783976     0.763026     0.781407  
    75     0.780293     0.763939     0.779399  
    76     0.783597     0.763215     0.780917  
    77     0.779560     0.766236     0.785267  
    78     0.779376     0.762773     0.783273  
    79     0.775876     0.759421     0.778593  
    80     0.784000     0.761321     0.778146  * best
    81     0.782080     0.760344     0.779869  
    82     0.780455     0.764145     0.784891  
    83     0.782811     0.760630     0.781741  
    84     0.778573     0.763963     0.784445  
    85     0.781981     0.760467     0.781381  
    86     0.779838     0.762819     0.778227  
    87     0.777456     0.758109     0.778816  
    88     0.777962     0.763268     0.786890  
    89     0.780651     0.758919     0.779389  
    90     0.780430     0.756627     0.776394  * best
    91     0.772758     0.760977     0.778787  
    92     0.779098     0.757885     0.781123  
    93     0.777066     0.757642     0.780747  
    94     0.777171     0.756407     0.779399  
    95     0.774924     0.757959     0.780896  
    96     0.778615     0.759092     0.782465  
    97     0.775448     0.759091     0.781948  
    98     0.777085     0.759527     0.782170  
    99     0.777720     0.759161     0.779092  
   100     0.777310     0.756739     0.775277  * best
   101     0.772217     0.756900     0.777769  
   102     0.779659     0.761197     0.785318  
   103     0.777292     0.757600     0.780282  
   104     0.778506     0.760005     0.783422  
   105     0.779457     0.758202     0.779358  
   106     0.781074     0.755668     0.778138  
   107     0.778534     0.756764     0.777364  
   108     0.777998     0.765232     0.788051  
   109     0.777750     0.758563     0.779884  
   110     0.775847     0.755044     0.775652  
   111     0.776479     0.756376     0.778950  
   112     0.779177     0.755303     0.781109  
   113     0.774688     0.758119     0.787262  
   114     0.774618     0.754225     0.777771  
   115     0.774962     0.753011     0.777929  
   116     0.772511     0.753829     0.777608  
   117     0.774883     0.753471     0.777385  
   118     0.774700     0.755777     0.778434  
   119     0.777563     0.758258     0.781659  
   120     0.776908     0.755649     0.782888  
   121     0.774089     0.758451     0.786849  
   122     0.772813     0.757969     0.782008  
   123     0.774582     0.754450     0.783169  
   124     0.776271     0.753023     0.776554  
   125     0.781396     0.759011     0.782146  
   126     0.781108     0.755108     0.779166  
   127     0.775576     0.753399     0.778918  
   128     0.770494     0.759346     0.781483  
   129     0.775308     0.753003     0.778235  
   130     0.776406     0.755366     0.782453  
   131     0.772957     0.754550     0.782404  
   132     0.776951     0.753101     0.779269  
   133     0.776744     0.753932     0.780529  
   134     0.773655     0.751702     0.778892  
   135     0.776176     0.757912     0.780825  
   136     0.774161     0.755611     0.782438  
   137     0.776657     0.756069     0.784077  
   138     0.775342     0.753173     0.778791  
   139     0.773841     0.756598     0.785576  
   140     0.769961     0.758284     0.789143  
# stopped at epoch 140: no improvement for 40 epochs
# restored epoch 100 (val MSE 0.775277)
# Spearman  train +0.4804  val +0.4521  test +0.4265
