# gbm_seq+boltz+node+energy+edge seed 1
# boosted trees on seq+boltz+node+energy+edge
# inputs 28807, 152 trees
# LightGBM gradient-boosted trees, objective l2, lr 0.05, num_leaves 31, min_data_in_leaf 20, feature_fraction 0.3, bagging 0.8, lambda_l2 1.0, up to 3000 rounds, early stopping 100 on validation l2
# loss = l2 on standardised log10 half-life
#
 round        train          val  note
     1     0.957119     0.810494  
     2     0.916059     0.798667  
     3     0.879179     0.789688  
     4     0.846885     0.779348  
     5     0.815904     0.769290  
     6     0.785579     0.760969  
     7     0.758312     0.752718  
     8     0.733718     0.742642  
     9     0.710064     0.737647  
    10     0.687124     0.731094  
    11     0.666029     0.726743  
    12     0.646678     0.717050  
    13     0.628691     0.712719  
    14     0.611606     0.710255  
    15     0.596042     0.707653  
    16     0.581260     0.704398  
    17     0.567139     0.697908  
    18     0.553358     0.690420  
    19     0.541036     0.686918  
    20     0.529147     0.683053  
    21     0.518196     0.679711  
    22     0.507506     0.675826  
    23     0.496643     0.672832  
    24     0.487040     0.672079  
    25     0.477434     0.669065  
    26     0.469151     0.666935  
    27     0.460427     0.664175  
    28     0.452712     0.661683  
    29     0.444790     0.657286  
    30     0.437550     0.655196  
    31     0.430992     0.653841  
    32     0.424107     0.650972  
    33     0.417455     0.649125  
    34     0.411092     0.649736  
    35     0.405556     0.647347  
    36     0.400387     0.644728  
    37     0.394826     0.643109  
    38     0.389546     0.640997  
    39     0.384173     0.639380  
    40     0.379532     0.638375  
    41     0.375235     0.637719  
    42     0.370885     0.636267  
    43     0.366248     0.635270  
    44     0.361365     0.633068  
    45     0.357491     0.632543  
    46     0.353322     0.632135  
    47     0.349051     0.631057  
    48     0.345238     0.630205  
    49     0.341472     0.627592  
    50     0.337487     0.625597  
    51     0.333818     0.625532  
    52     0.330123     0.626242  
    53     0.326792     0.624562  
    54     0.323585     0.623090  
    55     0.319998     0.623150  
    56     0.316736     0.622821  
    57     0.313380     0.621873  
    58     0.310258     0.620536  
    59     0.307235     0.619261  
    60     0.304217     0.619202  
    61     0.301250     0.619699  
    62     0.298321     0.619149  
    63     0.295571     0.617496  
    64     0.292982     0.617354  
    65     0.290257     0.616897  
    66     0.287645     0.616580  
    67     0.285010     0.616343  
    68     0.282482     0.616631  
    69     0.279851     0.616406  
    70     0.277435     0.616258  
    71     0.274938     0.616065  
    72     0.272533     0.616427  
    73     0.270087     0.616421  
    74     0.267629     0.615734  
    75     0.265327     0.614807  
    76     0.263012     0.614184  
    77     0.260766     0.613377  
    78     0.258429     0.613691  
    79     0.256136     0.612699  
    80     0.254056     0.611809  
    81     0.251881     0.611177  
    82     0.249902     0.610292  
    83     0.247793     0.610328  
    84     0.245868     0.609515  
    85     0.243772     0.608935  
    86     0.241858     0.608919  
    87     0.239875     0.608482  
    88     0.237942     0.607933  
    89     0.236020     0.608094  
    90     0.234063     0.607037  
    91     0.232113     0.607109  
    92     0.230260     0.607428  
    93     0.228486     0.607596  
    94     0.226703     0.607367  
    95     0.224878     0.607405  
    96     0.223114     0.607844  
    97     0.221309     0.607594  
    98     0.219591     0.608346  
    99     0.217840     0.608008  
   100     0.216212     0.607225  
   101     0.214623     0.607860  
   102     0.213091     0.608450  
   103     0.211464     0.608354  
   104     0.209798     0.607713  
   105     0.208252     0.607097  
   106     0.206675     0.607244  
   107     0.205181     0.607386  
   108     0.203710     0.607085  
   109     0.202149     0.606408  
   110     0.200659     0.607127  
   111     0.199078     0.606384  
   112     0.197670     0.606898  
   113     0.196139     0.607353  
   114     0.194662     0.607618  
   115     0.193255     0.608017  
   116     0.191809     0.608167  
   117     0.190395     0.608443  
   118     0.188893     0.608485  
   119     0.187533     0.608819  
   120     0.186169     0.609004  
   121     0.184762     0.608790  
   122     0.183387     0.609140  
   123     0.182125     0.608998  
   124     0.180812     0.608466  
   125     0.179511     0.607600  
   126     0.178211     0.608164  
   127     0.176988     0.607872  
   128     0.175740     0.607955  
   129     0.174519     0.608410  
   130     0.173333     0.608505  
   131     0.172185     0.608309  
   132     0.170958     0.607646  
   133     0.169724     0.607583  
   134     0.168527     0.607557  
   135     0.167324     0.607310  
   136     0.166163     0.605734  
   137     0.165058     0.605668  
   138     0.163942     0.605642  
   139     0.162834     0.605916  
   140     0.161694     0.605134  
   141     0.160620     0.605046  
   142     0.159511     0.604617  
   143     0.158460     0.604165  
   144     0.157390     0.603627  
   145     0.156290     0.603363  
   146     0.155284     0.603397  
   147     0.154205     0.602997  
   148     0.153107     0.602518  
   149     0.152121     0.601720  
   150     0.151023     0.601576  
   151     0.150015     0.601534  
   152     0.148959     0.600645  * best
   153     0.147963     0.600934  
   154     0.146975     0.601698  
   155     0.146029     0.601647  
   156     0.145057     0.601672  
   157     0.144166     0.601763  
   158     0.143236     0.602983  
   159     0.142256     0.602869  
   160     0.141299     0.603508  
   161     0.140400     0.603291  
   162     0.139398     0.603528  
   163     0.138420     0.604266  
   164     0.137472     0.604208  
   165     0.136559     0.604404  
   166     0.135660     0.604760  
   167     0.134799     0.604787  
   168     0.133899     0.604686  
   169     0.133058     0.604098  
   170     0.132237     0.604141  
   171     0.131486     0.604082  
   172     0.130646     0.604059  
   173     0.129868     0.603227  
   174     0.129023     0.602982  
   175     0.128192     0.602551  
   176     0.127362     0.602269  
   177     0.126554     0.601877  
   178     0.125763     0.602232  
   179     0.124976     0.601960  
   180     0.124200     0.601909  
   181     0.123428     0.602236  
   182     0.122646     0.603078  
   183     0.121909     0.603264  
   184     0.121145     0.603391  
   185     0.120395     0.603731  
   186     0.119626     0.603789  
   187     0.118901     0.603896  
   188     0.118166     0.603884  
   189     0.117459     0.602977  
   190     0.116690     0.603174  
   191     0.115973     0.603217  
   192     0.115276     0.603504  
   193     0.114501     0.603333  
   194     0.113780     0.603661  
   195     0.113039     0.603665  
   196     0.112331     0.603917  
   197     0.111658     0.604505  
   198     0.110955     0.604757  
   199     0.110264     0.604579  
   200     0.109560     0.605060  
   201     0.108862     0.604639  
   202     0.108191     0.604321  
   203     0.107501     0.604148  
   204     0.106834     0.604136  
   205     0.106160     0.604188  
   206     0.105497     0.604195  
   207     0.104843     0.603762  
   208     0.104168     0.603862  
   209     0.103527     0.603928  
   210     0.102952     0.604326  
   211     0.102297     0.604287  
   212     0.101684     0.604417  
   213     0.101062     0.603996  
   214     0.100464     0.604278  
   215     0.099854     0.604700  
   216     0.099287     0.604337  
   217     0.098709     0.604443  
   218     0.098138     0.604834  
   219     0.097540     0.605399  
   220     0.096979     0.605450  
   221     0.096334     0.604998  
   222     0.095733     0.605364  
   223     0.095145     0.605366  
   224     0.094544     0.605166  
   225     0.093980     0.605246  
   226     0.093433     0.605387  
   227     0.092875     0.605369  
   228     0.092333     0.605578  
   229     0.091815     0.605441  
   230     0.091298     0.605874  
   231     0.090790     0.606190  
   232     0.090249     0.605655  
   233     0.089706     0.605217  
   234     0.089177     0.605253  
   235     0.088671     0.604797  
   236     0.088131     0.604801  
   237     0.087592     0.604412  
   238     0.087092     0.603806  
   239     0.086580     0.603444  
   240     0.086100     0.603617  
   241     0.085592     0.603397  
   242     0.085088     0.603298  
   243     0.084596     0.603376  
   244     0.084098     0.603443  
   245     0.083608     0.602978  
   246     0.083117     0.603035  
   247     0.082647     0.603198  
   248     0.082179     0.603329  
   249     0.081700     0.603480  
   250     0.081222     0.603601  
   251     0.080746     0.603467  
   252     0.080246     0.603571  
# best iteration 152 (val l2 0.600645)
# Spearman  train +0.9342  val +0.4289  test +0.5491
