# gbm_seq+boltz_pooled seed 1
# sequence with the pooled Boltz blocks
# inputs 2407, 851 trees
# LightGBM gradient-boosted trees, objective l2, lr 0.05, num_leaves 31, min_data_in_leaf 20, feature_fraction 0.3, bagging 0.8, lambda_l2 1.0, up to 3000 rounds, early stopping 100 on validation l2
# loss = l2 on standardised log10 half-life
#
 round        train          val  note
     1     0.963475     0.993522  
     2     0.929460     0.965043  
     3     0.897352     0.938859  
     4     0.864601     0.911994  
     5     0.837003     0.890745  
     6     0.809761     0.868889  
     7     0.783391     0.848676  
     8     0.759527     0.830313  
     9     0.737663     0.812901  
    10     0.717471     0.797028  
    11     0.697360     0.781740  
    12     0.680007     0.767878  
    13     0.664084     0.756346  
    14     0.646903     0.743425  
    15     0.631377     0.733103  
    16     0.618113     0.723484  
    17     0.605248     0.714827  
    18     0.591611     0.704787  
    19     0.578465     0.695093  
    20     0.566042     0.686016  
    21     0.555127     0.679195  
    22     0.543781     0.671953  
    23     0.533100     0.665052  
    24     0.523806     0.660073  
    25     0.513506     0.653340  
    26     0.504446     0.646567  
    27     0.496063     0.640531  
    28     0.487646     0.634770  
    29     0.479974     0.629507  
    30     0.473108     0.626417  
    31     0.465451     0.621370  
    32     0.457630     0.616403  
    33     0.451488     0.612606  
    34     0.444055     0.607041  
    35     0.438078     0.603742  
    36     0.432054     0.600194  
    37     0.425849     0.596696  
    38     0.419378     0.592670  
    39     0.413900     0.589479  
    40     0.407816     0.585812  
    41     0.402146     0.582915  
    42     0.396570     0.579621  
    43     0.391570     0.577217  
    44     0.386732     0.576174  
    45     0.382069     0.573881  
    46     0.377541     0.572103  
    47     0.373371     0.570507  
    48     0.369302     0.569601  
    49     0.365053     0.567646  
    50     0.360419     0.565433  
    51     0.356212     0.563754  
    52     0.351643     0.562198  
    53     0.347641     0.560336  
    54     0.343497     0.557864  
    55     0.339690     0.556621  
    56     0.335882     0.555053  
    57     0.332085     0.553932  
    58     0.328731     0.551657  
    59     0.324750     0.549386  
    60     0.321107     0.547529  
    61     0.317816     0.545875  
    62     0.314475     0.544743  
    63     0.310991     0.543285  
    64     0.307519     0.540918  
    65     0.304226     0.539461  
    66     0.300946     0.537706  
    67     0.298237     0.537604  
    68     0.295135     0.536765  
    69     0.292205     0.534829  
    70     0.289321     0.533409  
    71     0.286297     0.531768  
    72     0.283360     0.530762  
    73     0.280464     0.530109  
    74     0.277532     0.528803  
    75     0.275041     0.528471  
    76     0.272494     0.527586  
    77     0.269992     0.526720  
    78     0.267381     0.525791  
    79     0.264516     0.524203  
    80     0.261954     0.522851  
    81     0.259551     0.522205  
    82     0.256866     0.521845  
    83     0.254556     0.520791  
    84     0.252081     0.519577  
    85     0.249779     0.519576  
    86     0.247423     0.518750  
    87     0.245121     0.517715  
    88     0.242892     0.516501  
    89     0.240542     0.514539  
    90     0.238382     0.513561  
    91     0.236218     0.513228  
    92     0.234220     0.513228  
    93     0.232106     0.512797  
    94     0.230165     0.512014  
    95     0.228166     0.511967  
    96     0.226265     0.511454  
    97     0.224162     0.510611  
    98     0.222310     0.509455  
    99     0.220360     0.509531  
   100     0.218338     0.509311  
   101     0.216346     0.508769  
   102     0.214424     0.508497  
   103     0.212565     0.507632  
   104     0.210786     0.507326  
   105     0.208891     0.506742  
   106     0.207035     0.506244  
   107     0.205268     0.505773  
   108     0.203500     0.505487  
   109     0.201621     0.505098  
   110     0.199891     0.504401  
   111     0.198198     0.504503  
   112     0.196346     0.504449  
   113     0.194707     0.504095  
   114     0.193090     0.504075  
   115     0.191495     0.503600  
   116     0.189908     0.502859  
   117     0.188255     0.502278  
   118     0.186814     0.501930  
   119     0.185229     0.501291  
   120     0.183539     0.500666  
   121     0.182075     0.500672  
   122     0.180541     0.499920  
   123     0.179059     0.499862  
   124     0.177484     0.499124  
   125     0.175994     0.498897  
   126     0.174579     0.498402  
   127     0.173192     0.498057  
   128     0.171783     0.498213  
   129     0.170439     0.498112  
   130     0.169109     0.497570  
   131     0.167713     0.497226  
   132     0.166318     0.496767  
   133     0.164937     0.496453  
   134     0.163550     0.496109  
   135     0.162271     0.495468  
   136     0.160991     0.495086  
   137     0.159721     0.495050  
   138     0.158359     0.494775  
   139     0.157115     0.494486  
   140     0.155878     0.493817  
   141     0.154656     0.493385  
   142     0.153495     0.493333  
   143     0.152248     0.493087  
   144     0.151002     0.492629  
   145     0.149665     0.491339  
   146     0.148503     0.491105  
   147     0.147324     0.490568  
   148     0.146184     0.490493  
   149     0.144985     0.490071  
   150     0.143849     0.489800  
   151     0.142655     0.489289  
   152     0.141621     0.488911  
   153     0.140479     0.488488  
   154     0.139399     0.488392  
   155     0.138374     0.488075  
   156     0.137310     0.487678  
   157     0.136377     0.487526  
   158     0.135329     0.487433  
   159     0.134211     0.487264  
   160     0.133150     0.487187  
   161     0.132196     0.487360  
   162     0.131231     0.487375  
   163     0.130300     0.486972  
   164     0.129327     0.486921  
   165     0.128342     0.486597  
   166     0.127237     0.486369  
   167     0.126286     0.486190  
   168     0.125344     0.485825  
   169     0.124366     0.485573  
   170     0.123426     0.484878  
   171     0.122474     0.484650  
   172     0.121627     0.484464  
   173     0.120725     0.483996  
   174     0.119786     0.483707  
   175     0.118999     0.483192  
   176     0.118086     0.483046  
   177     0.117179     0.482620  
   178     0.116364     0.482295  
   179     0.115463     0.482191  
   180     0.114550     0.481861  
   181     0.113744     0.481338  
   182     0.112911     0.481236  
   183     0.112065     0.480673  
   184     0.111218     0.480303  
   185     0.110450     0.480328  
   186     0.109661     0.480489  
   187     0.108917     0.480459  
   188     0.108165     0.480158  
   189     0.107447     0.480195  
   190     0.106614     0.480098  
   191     0.105797     0.479725  
   192     0.105016     0.479361  
   193     0.104251     0.479103  
   194     0.103479     0.479334  
   195     0.102693     0.479442  
   196     0.101952     0.479116  
   197     0.101265     0.479257  
   198     0.100562     0.479008  
   199     0.099803     0.478894  
   200     0.099043     0.478587  
   201     0.098305     0.478259  
   202     0.097565     0.478061  
   203     0.096897     0.477865  
   204     0.096174     0.477686  
   205     0.095509     0.477625  
   206     0.094839     0.477384  
   207     0.094142     0.477307  
   208     0.093478     0.476866  
   209     0.092781     0.476749  
   210     0.092101     0.476742  
   211     0.091454     0.476694  
   212     0.090789     0.476940  
   213     0.090117     0.477114  
   214     0.089560     0.476974  
   215     0.088922     0.476686  
   216     0.088319     0.476329  
   217     0.087690     0.476507  
   218     0.087098     0.476442  
   219     0.086522     0.476171  
   220     0.085898     0.476064  
   221     0.085308     0.475945  
   222     0.084649     0.475770  
   223     0.084041     0.475838  
   224     0.083458     0.475387  
   225     0.082872     0.475066  
   226     0.082253     0.474996  
   227     0.081689     0.474914  
   228     0.081108     0.474821  
   229     0.080470     0.474737  
   230     0.079933     0.474956  
   231     0.079383     0.474724  
   232     0.078868     0.474581  
   233     0.078294     0.474547  
   234     0.077794     0.474682  
   235     0.077245     0.474616  
   236     0.076735     0.474558  
   237     0.076235     0.474575  
   238     0.075697     0.474457  
   239     0.075213     0.474585  
   240     0.074737     0.474282  
   241     0.074263     0.474447  
   242     0.073713     0.474248  
   243     0.073216     0.474540  
   244     0.072707     0.474542  
   245     0.072193     0.474364  
   246     0.071681     0.474309  
   247     0.071233     0.474625  
   248     0.070717     0.474831  
   249     0.070245     0.474642  
   250     0.069739     0.474234  
   251     0.069255     0.473902  
   252     0.068738     0.473802  
   253     0.068271     0.474026  
   254     0.067793     0.473831  
   255     0.067312     0.473824  
   256     0.066856     0.473559  
   257     0.066410     0.473362  
   258     0.066005     0.473159  
   259     0.065577     0.473109  
   260     0.065137     0.473135  
   261     0.064702     0.473341  
   262     0.064257     0.473304  
   263     0.063814     0.472759  
   264     0.063401     0.472971  
   265     0.062948     0.473062  
   266     0.062522     0.472863  
   267     0.062076     0.472975  
   268     0.061677     0.472853  
   269     0.061268     0.472804  
   270     0.060871     0.472475  
   271     0.060482     0.472244  
   272     0.060080     0.471963  
   273     0.059675     0.471881  
   274     0.059324     0.471659  
   275     0.058946     0.471850  
   276     0.058550     0.471812  
   277     0.058132     0.471387  
   278     0.057779     0.471064  
   279     0.057424     0.471160  
   280     0.057041     0.471167  
   281     0.056671     0.471052  
   282     0.056331     0.471090  
   283     0.055969     0.470978  
   284     0.055620     0.470871  
   285     0.055243     0.470881  
   286     0.054837     0.470855  
   287     0.054432     0.470776  
   288     0.054050     0.470653  
   289     0.053714     0.470488  
   290     0.053341     0.470225  
   291     0.052983     0.470220  
   292     0.052611     0.470018  
   293     0.052310     0.470040  
   294     0.051924     0.469849  
   295     0.051581     0.469668  
   296     0.051284     0.469675  
   297     0.050923     0.469634  
   298     0.050584     0.469493  
   299     0.050237     0.469288  
   300     0.049915     0.469267  
   301     0.049589     0.469167  
   302     0.049261     0.469186  
   303     0.048936     0.468922  
   304     0.048603     0.469140  
   305     0.048261     0.469183  
   306     0.047975     0.469006  
   307     0.047644     0.469120  
   308     0.047347     0.469136  
   309     0.047052     0.469078  
   310     0.046762     0.468957  
   311     0.046446     0.469090  
   312     0.046155     0.468972  
   313     0.045841     0.469038  
   314     0.045545     0.468939  
   315     0.045265     0.468679  
   316     0.044980     0.468568  
   317     0.044683     0.468265  
   318     0.044440     0.468420  
   319     0.044165     0.468326  
   320     0.043852     0.468247  
   321     0.043600     0.468199  
   322     0.043331     0.468240  
   323     0.043047     0.468079  
   324     0.042793     0.467992  
   325     0.042525     0.467917  
   326     0.042265     0.467881  
   327     0.042010     0.467784  
   328     0.041734     0.467841  
   329     0.041472     0.467915  
   330     0.041181     0.467970  
   331     0.040928     0.467795  
   332     0.040690     0.467560  
   333     0.040436     0.467523  
   334     0.040220     0.467399  
   335     0.039958     0.467321  
   336     0.039712     0.467239  
   337     0.039450     0.467059  
   338     0.039186     0.466899  
   339     0.038936     0.466881  
   340     0.038673     0.466901  
   341     0.038455     0.466924  
   342     0.038233     0.466842  
   343     0.038005     0.466841  
   344     0.037788     0.466871  
   345     0.037535     0.466801  
   346     0.037289     0.466782  
   347     0.037075     0.466726  
   348     0.036865     0.466517  
   349     0.036634     0.466569  
   350     0.036412     0.466558  
   351     0.036170     0.466341  
   352     0.035960     0.466089  
   353     0.035762     0.465769  
   354     0.035549     0.465746  
   355     0.035329     0.465852  
   356     0.035103     0.465797  
   357     0.034859     0.465769  
   358     0.034630     0.465745  
   359     0.034411     0.465663  
   360     0.034208     0.465708  
   361     0.033970     0.465697  
   362     0.033739     0.465596  
   363     0.033527     0.465471  
   364     0.033300     0.465519  
   365     0.033074     0.465580  
   366     0.032866     0.465552  
   367     0.032665     0.465737  
   368     0.032468     0.465792  
   369     0.032279     0.465833  
   370     0.032080     0.465731  
   371     0.031896     0.465734  
   372     0.031698     0.465721  
   373     0.031495     0.465702  
   374     0.031316     0.465515  
   375     0.031106     0.465531  
   376     0.030893     0.465557  
   377     0.030697     0.465660  
   378     0.030503     0.465751  
   379     0.030307     0.465659  
   380     0.030116     0.465563  
   381     0.029932     0.465531  
   382     0.029753     0.465566  
   383     0.029562     0.465659  
   384     0.029384     0.465682  
   385     0.029204     0.465524  
   386     0.029029     0.465475  
   387     0.028865     0.465360  
   388     0.028683     0.465377  
   389     0.028521     0.465454  
   390     0.028355     0.465405  
   391     0.028172     0.465343  
   392     0.028006     0.465229  
   393     0.027823     0.465332  
   394     0.027677     0.465224  
   395     0.027522     0.465280  
   396     0.027354     0.465197  
   397     0.027195     0.465184  
   398     0.027038     0.465203  
   399     0.026863     0.465300  
   400     0.026708     0.465264  
   401     0.026564     0.465024  
   402     0.026406     0.464944  
   403     0.026242     0.464880  
   404     0.026097     0.464901  
   405     0.025940     0.464970  
   406     0.025786     0.465035  
   407     0.025625     0.465081  
   408     0.025464     0.464961  
   409     0.025283     0.465010  
   410     0.025150     0.465008  
   411     0.025000     0.464902  
   412     0.024848     0.464820  
   413     0.024696     0.464971  
   414     0.024533     0.465022  
   415     0.024404     0.465138  
   416     0.024261     0.465078  
   417     0.024116     0.464956  
   418     0.023978     0.464825  
   419     0.023850     0.464817  
   420     0.023707     0.464845  
   421     0.023547     0.464786  
   422     0.023392     0.464737  
   423     0.023244     0.464848  
   424     0.023098     0.464790  
   425     0.022946     0.464644  
   426     0.022797     0.464539  
   427     0.022661     0.464657  
   428     0.022538     0.464508  
   429     0.022403     0.464389  
   430     0.022275     0.464285  
   431     0.022146     0.464266  
   432     0.022021     0.464429  
   433     0.021902     0.464497  
   434     0.021787     0.464408  
   435     0.021641     0.464332  
   436     0.021505     0.464366  
   437     0.021370     0.464205  
   438     0.021253     0.464347  
   439     0.021132     0.464139  
   440     0.021003     0.464062  
   441     0.020888     0.463974  
   442     0.020762     0.463734  
   443     0.020634     0.463872  
   444     0.020519     0.464074  
   445     0.020404     0.464122  
   446     0.020269     0.464097  
   447     0.020143     0.464007  
   448     0.020032     0.464147  
   449     0.019914     0.464228  
   450     0.019810     0.464215  
   451     0.019696     0.464185  
   452     0.019585     0.464151  
   453     0.019473     0.464094  
   454     0.019367     0.464073  
   455     0.019262     0.463987  
   456     0.019154     0.463985  
   457     0.019043     0.463905  
   458     0.018936     0.463690  
   459     0.018826     0.463723  
   460     0.018722     0.463720  
   461     0.018614     0.463624  
   462     0.018505     0.463577  
   463     0.018394     0.463661  
   464     0.018282     0.463630  
   465     0.018179     0.463629  
   466     0.018073     0.463597  
   467     0.017967     0.463584  
   468     0.017856     0.463470  
   469     0.017755     0.463389  
   470     0.017656     0.463368  
   471     0.017553     0.463326  
   472     0.017457     0.463405  
   473     0.017356     0.463385  
   474     0.017258     0.463369  
   475     0.017168     0.463386  
   476     0.017068     0.463267  
   477     0.016972     0.463206  
   478     0.016865     0.463153  
   479     0.016771     0.463230  
   480     0.016676     0.463259  
   481     0.016586     0.463281  
   482     0.016478     0.463361  
   483     0.016399     0.463312  
   484     0.016308     0.463371  
   485     0.016208     0.463408  
   486     0.016118     0.463422  
   487     0.016024     0.463396  
   488     0.015926     0.463414  
   489     0.015826     0.463286  
   490     0.015741     0.463185  
   491     0.015650     0.463067  
   492     0.015561     0.462965  
   493     0.015468     0.463073  
   494     0.015374     0.463025  
   495     0.015284     0.462959  
   496     0.015193     0.462881  
   497     0.015106     0.462986  
   498     0.015021     0.462951  
   499     0.014941     0.462836  
   500     0.014859     0.462949  
   501     0.014774     0.462894  
   502     0.014696     0.462905  
   503     0.014618     0.462798  
   504     0.014546     0.462696  
   505     0.014453     0.462600  
   506     0.014372     0.462633  
   507     0.014288     0.462645  
   508     0.014199     0.462681  
   509     0.014117     0.462739  
   510     0.014031     0.462752  
   511     0.013948     0.462783  
   512     0.013872     0.462722  
   513     0.013789     0.462715  
   514     0.013710     0.462682  
   515     0.013625     0.462673  
   516     0.013551     0.462750  
   517     0.013482     0.462694  
   518     0.013413     0.462634  
   519     0.013341     0.462705  
   520     0.013262     0.462670  
   521     0.013173     0.462641  
   522     0.013095     0.462562  
   523     0.013026     0.462513  
   524     0.012954     0.462630  
   525     0.012876     0.462558  
   526     0.012808     0.462547  
   527     0.012737     0.462518  
   528     0.012670     0.462529  
   529     0.012603     0.462488  
   530     0.012531     0.462524  
   531     0.012458     0.462435  
   532     0.012387     0.462343  
   533     0.012310     0.462288  
   534     0.012237     0.462147  
   535     0.012164     0.462166  
   536     0.012100     0.462194  
   537     0.012020     0.462224  
   538     0.011951     0.462170  
   539     0.011885     0.462244  
   540     0.011812     0.462199  
   541     0.011740     0.462031  
   542     0.011674     0.462002  
   543     0.011607     0.461989  
   544     0.011541     0.461971  
   545     0.011480     0.461950  
   546     0.011408     0.461930  
   547     0.011344     0.461720  
   548     0.011276     0.461676  
   549     0.011222     0.461571  
   550     0.011162     0.461592  
   551     0.011096     0.461560  
   552     0.011031     0.461605  
   553     0.010963     0.461553  
   554     0.010900     0.461513  
   555     0.010833     0.461462  
   556     0.010770     0.461533  
   557     0.010712     0.461591  
   558     0.010650     0.461576  
   559     0.010596     0.461488  
   560     0.010539     0.461403  
   561     0.010481     0.461373  
   562     0.010426     0.461322  
   563     0.010376     0.461356  
   564     0.010314     0.461410  
   565     0.010257     0.461387  
   566     0.010199     0.461303  
   567     0.010142     0.461175  
   568     0.010092     0.461140  
   569     0.010034     0.461123  
   570     0.009980     0.461179  
   571     0.009922     0.461167  
   572     0.009870     0.461164  
   573     0.009817     0.461113  
   574     0.009765     0.461146  
   575     0.009710     0.461119  
   576     0.009654     0.461050  
   577     0.009601     0.461003  
   578     0.009543     0.461032  
   579     0.009493     0.461077  
   580     0.009439     0.461121  
   581     0.009386     0.461183  
   582     0.009329     0.461199  
   583     0.009276     0.461132  
   584     0.009224     0.461060  
   585     0.009167     0.461056  
   586     0.009116     0.461000  
   587     0.009069     0.460978  
   588     0.009010     0.460876  
   589     0.008963     0.460828  
   590     0.008914     0.460731  
   591     0.008862     0.460610  
   592     0.008815     0.460700  
   593     0.008765     0.460709  
   594     0.008716     0.460701  
   595     0.008667     0.460681  
   596     0.008610     0.460667  
   597     0.008563     0.460665  
   598     0.008515     0.460685  
   599     0.008471     0.460649  
   600     0.008422     0.460696  
   601     0.008380     0.460679  
   602     0.008332     0.460642  
   603     0.008292     0.460530  
   604     0.008252     0.460517  
   605     0.008205     0.460504  
   606     0.008163     0.460439  
   607     0.008116     0.460412  
   608     0.008067     0.460375  
   609     0.008022     0.460374  
   610     0.007978     0.460358  
   611     0.007935     0.460281  
   612     0.007896     0.460178  
   613     0.007851     0.460206  
   614     0.007805     0.460204  
   615     0.007761     0.460224  
   616     0.007724     0.460172  
   617     0.007682     0.460086  
   618     0.007641     0.460117  
   619     0.007595     0.460134  
   620     0.007557     0.460124  
   621     0.007521     0.460149  
   622     0.007481     0.460134  
   623     0.007439     0.460214  
   624     0.007394     0.460250  
   625     0.007351     0.460218  
   626     0.007311     0.460247  
   627     0.007267     0.460202  
   628     0.007230     0.460114  
   629     0.007190     0.460171  
   630     0.007153     0.460158  
   631     0.007112     0.460155  
   632     0.007076     0.460213  
   633     0.007035     0.460195  
   634     0.006996     0.460150  
   635     0.006958     0.460053  
   636     0.006922     0.460115  
   637     0.006884     0.460140  
   638     0.006850     0.460155  
   639     0.006813     0.460192  
   640     0.006775     0.460149  
   641     0.006736     0.460124  
   642     0.006703     0.460111  
   643     0.006671     0.460051  
   644     0.006633     0.459935  
   645     0.006596     0.459911  
   646     0.006555     0.459902  
   647     0.006517     0.459856  
   648     0.006482     0.459869  
   649     0.006451     0.459879  
   650     0.006418     0.459809  
   651     0.006381     0.459813  
   652     0.006350     0.459803  
   653     0.006316     0.459803  
   654     0.006285     0.459778  
   655     0.006256     0.459821  
   656     0.006220     0.459823  
   657     0.006185     0.459785  
   658     0.006151     0.459786  
   659     0.006113     0.459710  
   660     0.006081     0.459683  
   661     0.006042     0.459676  
   662     0.006007     0.459662  
   663     0.005973     0.459696  
   664     0.005939     0.459653  
   665     0.005915     0.459678  
   666     0.005879     0.459682  
   667     0.005850     0.459656  
   668     0.005821     0.459685  
   669     0.005788     0.459729  
   670     0.005761     0.459706  
   671     0.005732     0.459676  
   672     0.005700     0.459679  
   673     0.005668     0.459701  
   674     0.005638     0.459752  
   675     0.005605     0.459739  
   676     0.005579     0.459669  
   677     0.005544     0.459664  
   678     0.005510     0.459641  
   679     0.005480     0.459679  
   680     0.005449     0.459680  
   681     0.005421     0.459708  
   682     0.005392     0.459647  
   683     0.005364     0.459612  
   684     0.005333     0.459616  
   685     0.005305     0.459641  
   686     0.005277     0.459694  
   687     0.005248     0.459663  
   688     0.005220     0.459692  
   689     0.005189     0.459688  
   690     0.005157     0.459636  
   691     0.005127     0.459610  
   692     0.005099     0.459561  
   693     0.005068     0.459431  
   694     0.005041     0.459392  
   695     0.005014     0.459392  
   696     0.004991     0.459386  
   697     0.004963     0.459329  
   698     0.004938     0.459318  
   699     0.004911     0.459351  
   700     0.004882     0.459348  
   701     0.004860     0.459365  
   702     0.004834     0.459412  
   703     0.004807     0.459465  
   704     0.004784     0.459457  
   705     0.004760     0.459452  
   706     0.004734     0.459503  
   707     0.004713     0.459494  
   708     0.004686     0.459430  
   709     0.004661     0.459422  
   710     0.004636     0.459451  
   711     0.004610     0.459475  
   712     0.004586     0.459462  
   713     0.004558     0.459437  
   714     0.004537     0.459437  
   715     0.004512     0.459350  
   716     0.004487     0.459275  
   717     0.004466     0.459292  
   718     0.004444     0.459361  
   719     0.004419     0.459301  
   720     0.004396     0.459298  
   721     0.004371     0.459283  
   722     0.004348     0.459303  
   723     0.004325     0.459235  
   724     0.004303     0.459216  
   725     0.004280     0.459218  
   726     0.004257     0.459321  
   727     0.004234     0.459260  
   728     0.004212     0.459239  
   729     0.004189     0.459181  
   730     0.004166     0.459177  
   731     0.004145     0.459191  
   732     0.004124     0.459122  
   733     0.004101     0.459076  
   734     0.004081     0.459011  
   735     0.004056     0.459004  
   736     0.004035     0.459012  
   737     0.004014     0.459033  
   738     0.003995     0.459062  
   739     0.003976     0.459044  
   740     0.003956     0.458986  
   741     0.003937     0.458953  
   742     0.003917     0.458989  
   743     0.003895     0.458987  
   744     0.003875     0.459025  
   745     0.003854     0.459041  
   746     0.003836     0.459018  
   747     0.003819     0.458995  
   748     0.003797     0.458953  
   749     0.003779     0.458906  
   750     0.003758     0.458867  
   751     0.003741     0.458893  
   752     0.003721     0.458902  
   753     0.003701     0.458895  
   754     0.003685     0.458910  
   755     0.003668     0.458884  
   756     0.003651     0.458865  
   757     0.003632     0.458896  
   758     0.003611     0.458851  
   759     0.003592     0.458864  
   760     0.003574     0.458869  
   761     0.003556     0.458876  
   762     0.003538     0.458841  
   763     0.003521     0.458854  
   764     0.003502     0.458871  
   765     0.003483     0.458919  
   766     0.003466     0.458909  
   767     0.003448     0.458874  
   768     0.003430     0.458845  
   769     0.003412     0.458834  
   770     0.003393     0.458842  
   771     0.003375     0.458834  
   772     0.003357     0.458847  
   773     0.003339     0.458834  
   774     0.003321     0.458848  
   775     0.003304     0.458830  
   776     0.003287     0.458741  
   777     0.003268     0.458735  
   778     0.003254     0.458706  
   779     0.003236     0.458693  
   780     0.003219     0.458700  
   781     0.003202     0.458738  
   782     0.003186     0.458751  
   783     0.003171     0.458758  
   784     0.003154     0.458801  
   785     0.003138     0.458759  
   786     0.003124     0.458740  
   787     0.003106     0.458713  
   788     0.003092     0.458711  
   789     0.003075     0.458693  
   790     0.003060     0.458699  
   791     0.003045     0.458737  
   792     0.003030     0.458677  
   793     0.003017     0.458652  
   794     0.003000     0.458625  
   795     0.002982     0.458622  
   796     0.002968     0.458671  
   797     0.002953     0.458693  
   798     0.002940     0.458732  
   799     0.002924     0.458780  
   800     0.002908     0.458817  
   801     0.002892     0.458844  
   802     0.002876     0.458872  
   803     0.002862     0.458891  
   804     0.002849     0.458897  
   805     0.002835     0.458911  
   806     0.002820     0.458938  
   807     0.002806     0.458933  
   808     0.002792     0.458926  
   809     0.002779     0.458971  
   810     0.002765     0.458975  
   811     0.002751     0.458991  
   812     0.002736     0.458968  
   813     0.002722     0.458958  
   814     0.002708     0.458987  
   815     0.002694     0.458949  
   816     0.002680     0.458951  
   817     0.002667     0.458914  
   818     0.002651     0.458913  
   819     0.002639     0.458908  
   820     0.002626     0.458900  
   821     0.002612     0.458900  
   822     0.002599     0.458823  
   823     0.002586     0.458810  
   824     0.002572     0.458791  
   825     0.002559     0.458822  
   826     0.002546     0.458820  
   827     0.002534     0.458828  
   828     0.002521     0.458869  
   829     0.002509     0.458815  
   830     0.002495     0.458779  
   831     0.002483     0.458789  
   832     0.002470     0.458769  
   833     0.002458     0.458725  
   834     0.002446     0.458683  
   835     0.002433     0.458656  
   836     0.002421     0.458621  
   837     0.002408     0.458629  
   838     0.002396     0.458651  
   839     0.002382     0.458591  
   840     0.002368     0.458593  
   841     0.002356     0.458674  
   842     0.002346     0.458731  
   843     0.002333     0.458711  
   844     0.002321     0.458730  
   845     0.002311     0.458734  
   846     0.002299     0.458684  
   847     0.002286     0.458663  
   848     0.002275     0.458639  
   849     0.002264     0.458633  
   850     0.002253     0.458618  
   851     0.002241     0.458589  * best
   852     0.002230     0.458609  
   853     0.002219     0.458661  
   854     0.002208     0.458704  
   855     0.002196     0.458698  
   856     0.002187     0.458715  
   857     0.002177     0.458713  
   858     0.002167     0.458707  
   859     0.002156     0.458689  
   860     0.002145     0.458701  
   861     0.002134     0.458709  
   862     0.002124     0.458675  
   863     0.002112     0.458605  
   864     0.002099     0.458612  
   865     0.002087     0.458590  
   866     0.002076     0.458603  
   867     0.002065     0.458628  
   868     0.002054     0.458614  
   869     0.002044     0.458645  
   870     0.002035     0.458650  
   871     0.002026     0.458643  
   872     0.002014     0.458669  
   873     0.002004     0.458642  
   874     0.001995     0.458648  
   875     0.001984     0.458660  
   876     0.001973     0.458661  
   877     0.001963     0.458672  
   878     0.001953     0.458668  
   879     0.001944     0.458661  
   880     0.001933     0.458714  
   881     0.001923     0.458715  
   882     0.001914     0.458719  
   883     0.001905     0.458672  
   884     0.001894     0.458670  
   885     0.001884     0.458680  
   886     0.001876     0.458684  
   887     0.001867     0.458710  
   888     0.001857     0.458721  
   889     0.001848     0.458696  
   890     0.001841     0.458714  
   891     0.001832     0.458727  
   892     0.001822     0.458709  
   893     0.001812     0.458721  
   894     0.001804     0.458687  
   895     0.001794     0.458682  
   896     0.001785     0.458683  
   897     0.001776     0.458687  
   898     0.001766     0.458702  
   899     0.001758     0.458727  
   900     0.001749     0.458760  
   901     0.001742     0.458771  
   902     0.001733     0.458759  
   903     0.001724     0.458759  
   904     0.001714     0.458748  
   905     0.001706     0.458702  
   906     0.001697     0.458670  
   907     0.001688     0.458689  
   908     0.001680     0.458692  
   909     0.001671     0.458715  
   910     0.001663     0.458715  
   911     0.001655     0.458706  
   912     0.001646     0.458681  
   913     0.001637     0.458660  
   914     0.001629     0.458686  
   915     0.001621     0.458654  
   916     0.001613     0.458633  
   917     0.001605     0.458629  
   918     0.001596     0.458612  
   919     0.001588     0.458608  
   920     0.001579     0.458638  
   921     0.001571     0.458631  
   922     0.001563     0.458635  
   923     0.001556     0.458654  
   924     0.001547     0.458632  
   925     0.001539     0.458638  
   926     0.001531     0.458646  
   927     0.001523     0.458650  
   928     0.001514     0.458645  
   929     0.001506     0.458633  
   930     0.001499     0.458636  
   931     0.001493     0.458658  
   932     0.001485     0.458654  
   933     0.001478     0.458643  
   934     0.001472     0.458629  
   935     0.001465     0.458660  
   936     0.001457     0.458691  
   937     0.001449     0.458694  
   938     0.001442     0.458712  
   939     0.001435     0.458680  
   940     0.001427     0.458690  
   941     0.001420     0.458695  
   942     0.001413     0.458706  
   943     0.001406     0.458699  
   944     0.001399     0.458691  
   945     0.001392     0.458702  
   946     0.001385     0.458698  
   947     0.001379     0.458703  
   948     0.001372     0.458710  
   949     0.001366     0.458677  
   950     0.001358     0.458655  
   951     0.001352     0.458613  
# best iteration 851 (val l2 0.458589)
# Spearman  train +0.9963  val +0.7476  test +0.7539
