# bilinear_seq_r64+boltz_pooled+charge seed 4
# rank-64 sequence bilinear, with pooled Boltz and both charge blocks in the head
# inputs [(180,), (680,), (1626,)], 292,033 parameters
# u=Linear(d_pep,64,bias=False); v=Linear(d_groove,64,bias=False); concat[u,v,u*v] + 1626 extra -> Linear(1818,128) -> GELU -> Dropout(0.3) -> Linear(128,32) -> GELU -> Dropout(0.3) -> Linear(32,1)
# Adam lr=0.001 weight_decay=0.0001 batch=32 dropout=0.3
# loss = MSE on standardised log10 half-life
# early stopping on validation loss, patience 40, max 300 epochs
#
 epoch  train_batch        train          val  note
     1     0.615868     0.387477     0.514525  * best
     2     0.420444     0.303426     0.481240  * best
     3     0.336683     0.204644     0.439114  * best
     4     0.275569     0.163829     0.419259  * best
     5     0.243103     0.158520     0.416523  * best
     6     0.217318     0.133521     0.453217  
     7     0.196126     0.121209     0.434417  
     8     0.181416     0.093885     0.418879  
     9     0.163847     0.094649     0.411542  * best
    10     0.148884     0.080324     0.427803  
    11     0.141305     0.076635     0.420451  
    12     0.139147     0.076521     0.429183  
    13     0.136842     0.073782     0.415630  
    14     0.128352     0.070802     0.412145  
    15     0.121996     0.055545     0.426223  
    16     0.117545     0.060209     0.428289  
    17     0.115543     0.060799     0.440143  
    18     0.111024     0.058867     0.446048  
    19     0.110816     0.058761     0.468672  
    20     0.108704     0.046848     0.418951  
    21     0.103842     0.052378     0.425230  
    22     0.103766     0.048852     0.459546  
    23     0.104401     0.045503     0.422178  
    24     0.102036     0.045835     0.435524  
    25     0.095475     0.041106     0.432294  
    26     0.096234     0.039759     0.447557  
    27     0.095812     0.050465     0.444516  
    28     0.096793     0.053766     0.440360  
    29     0.093427     0.040094     0.435663  
    30     0.092202     0.045460     0.433373  
    31     0.091594     0.044990     0.452426  
    32     0.092213     0.040353     0.425275  
    33     0.088605     0.040147     0.434262  
    34     0.090764     0.038953     0.452654  
    35     0.089654     0.038109     0.433429  
    36     0.088950     0.050975     0.474856  
    37     0.091844     0.046735     0.483090  
    38     0.088140     0.044163     0.430960  
    39     0.087509     0.041358     0.431444  
    40     0.083152     0.051138     0.427518  
    41     0.091914     0.049031     0.431035  
    42     0.083649     0.037019     0.445701  
    43     0.087446     0.046526     0.427136  
    44     0.083169     0.034531     0.434546  
    45     0.085530     0.042006     0.425411  
    46     0.087776     0.058684     0.448218  
    47     0.089571     0.043542     0.441735  
    48     0.083278     0.036843     0.436715  
    49     0.080959     0.033032     0.469415  
# stopped at epoch 49: no improvement for 40 epochs
# restored epoch 9 (val MSE 0.411542)
# Spearman  train +0.9568  val +0.7841  test +0.7676
