# seq_hla_pseudo seed 0
# NetMHCpan pseudosequence one-hot, 34 x 20
# input dim 680, 91,329 parameters
# Linear(n_in,128) -> GELU -> Dropout(0.3) -> Linear(128,32) -> GELU -> Dropout(0.3) -> Linear(32,1)
# Adam lr=0.001 weight_decay=0.0001 batch=32 dropout=0.3
# loss = MSE on standardised log10 half-life
# early stopping on validation loss, patience 40, max 300 epochs
#
 epoch  train_batch        train          val  note
     1     0.772905     0.701268     0.755512  * best
     2     0.723452     0.699553     0.755688  
     3     0.712618     0.691793     0.738337  * best
     4     0.706008     0.696801     0.736608  * best
     5     0.706433     0.686384     0.741865  
     6     0.703330     0.680374     0.726787  * best
     7     0.699760     0.680427     0.731644  
     8     0.698801     0.687940     0.731843  
     9     0.701491     0.690842     0.738395  
    10     0.702864     0.678918     0.718377  * best
    11     0.698784     0.678989     0.724605  
    12     0.697747     0.683095     0.730908  
    13     0.696012     0.680065     0.726295  
    14     0.697489     0.683006     0.733698  
    15     0.698414     0.677394     0.724810  
    16     0.695234     0.680050     0.728277  
    17     0.693834     0.683428     0.729278  
    18     0.700107     0.682165     0.730916  
    19     0.698150     0.682444     0.725535  
    20     0.694461     0.678946     0.723733  
    21     0.693473     0.691981     0.732690  
    22     0.698741     0.676692     0.716870  * best
    23     0.694382     0.678419     0.722821  
    24     0.696904     0.677398     0.721238  
    25     0.692570     0.677312     0.723497  
    26     0.697829     0.676731     0.716284  * best
    27     0.696121     0.676382     0.721646  
    28     0.693451     0.678562     0.722324  
    29     0.694608     0.677060     0.720906  
    30     0.695270     0.679347     0.721170  
    31     0.693814     0.674852     0.718016  
    32     0.691460     0.679457     0.729288  
    33     0.693817     0.681098     0.730780  
    34     0.693672     0.678017     0.720912  
    35     0.697028     0.677961     0.723421  
    36     0.692089     0.677248     0.715412  * best
    37     0.694213     0.678352     0.721145  
    38     0.688766     0.681980     0.722084  
    39     0.695221     0.677786     0.717932  
    40     0.693398     0.675197     0.723239  
    41     0.695610     0.676202     0.722149  
    42     0.691257     0.680553     0.732631  
    43     0.698070     0.681176     0.727948  
    44     0.693204     0.683173     0.731139  
    45     0.692255     0.675450     0.715868  
    46     0.693328     0.674905     0.719418  
    47     0.692354     0.678672     0.728955  
    48     0.689964     0.677024     0.723322  
    49     0.694266     0.675484     0.716462  
    50     0.694020     0.678981     0.718843  
    51     0.693810     0.679576     0.728123  
    52     0.693058     0.675029     0.718100  
    53     0.690691     0.674650     0.721315  
    54     0.692516     0.681864     0.723908  
    55     0.692288     0.677434     0.716981  
    56     0.693396     0.675126     0.717768  
    57     0.693183     0.677280     0.724314  
    58     0.689879     0.679252     0.727165  
    59     0.695204     0.677998     0.720067  
    60     0.694706     0.676167     0.724967  
    61     0.695131     0.675357     0.719372  
    62     0.689554     0.677776     0.718202  
    63     0.693254     0.679040     0.725403  
    64     0.693292     0.678486     0.723330  
    65     0.687006     0.679499     0.725418  
    66     0.696242     0.679910     0.723016  
    67     0.689903     0.676035     0.721436  
    68     0.692014     0.676758     0.720490  
    69     0.697983     0.675528     0.721842  
    70     0.692477     0.678775     0.725930  
    71     0.694122     0.675607     0.726326  
    72     0.691739     0.677978     0.715233  * best
    73     0.694597     0.677426     0.717268  
    74     0.694994     0.674812     0.716254  
    75     0.696392     0.677218     0.719031  
    76     0.693420     0.677949     0.717934  
    77     0.693797     0.681292     0.718156  
    78     0.687712     0.679060     0.725325  
    79     0.690264     0.676954     0.722280  
    80     0.689338     0.675090     0.722686  
    81     0.692115     0.675948     0.717469  
    82     0.695943     0.674974     0.714636  * best
    83     0.693885     0.677674     0.721914  
    84     0.693384     0.675783     0.718476  
    85     0.689644     0.675850     0.718887  
    86     0.692435     0.682732     0.727969  
    87     0.695527     0.675774     0.721914  
    88     0.688032     0.677666     0.724583  
    89     0.698093     0.678671     0.722535  
    90     0.695404     0.676637     0.719852  
    91     0.692511     0.677274     0.715442  
    92     0.692030     0.675828     0.716461  
    93     0.693107     0.682894     0.719152  
    94     0.693245     0.676385     0.719189  
    95     0.689383     0.676756     0.718298  
    96     0.695353     0.679558     0.725360  
    97     0.693693     0.676517     0.715020  
    98     0.693859     0.677728     0.720915  
    99     0.692125     0.676331     0.720298  
   100     0.693366     0.677769     0.720144  
   101     0.689214     0.679088     0.723958  
   102     0.692474     0.675128     0.722395  
   103     0.687887     0.677712     0.725683  
   104     0.692224     0.677649     0.720050  
   105     0.693515     0.676582     0.723011  
   106     0.693845     0.677221     0.721287  
   107     0.693396     0.675766     0.722948  
   108     0.689229     0.678280     0.728138  
   109     0.693037     0.680662     0.724290  
   110     0.690865     0.675717     0.720340  
   111     0.691805     0.678155     0.722982  
   112     0.693730     0.676649     0.723227  
   113     0.693603     0.676805     0.716434  
   114     0.691543     0.677867     0.714010  * best
   115     0.694973     0.683930     0.729245  
   116     0.692890     0.674730     0.717251  
   117     0.692900     0.678178     0.723525  
   118     0.690608     0.678627     0.717097  
   119     0.693857     0.683618     0.725397  
   120     0.692471     0.676349     0.722027  
   121     0.693822     0.678185     0.721619  
   122     0.693911     0.681230     0.728173  
   123     0.689880     0.676423     0.723636  
   124     0.696041     0.676024     0.721417  
   125     0.688207     0.681089     0.725706  
   126     0.691200     0.677353     0.715988  
   127     0.688736     0.673730     0.715598  
   128     0.692455     0.678471     0.725859  
   129     0.689659     0.677808     0.722791  
   130     0.692763     0.675577     0.717232  
   131     0.692379     0.675189     0.716118  
   132     0.691495     0.674177     0.717967  
   133     0.692553     0.674562     0.718582  
   134     0.692461     0.675428     0.725430  
   135     0.691253     0.674993     0.718393  
   136     0.693138     0.676397     0.714401  
   137     0.695904     0.678707     0.722438  
   138     0.686865     0.676459     0.719844  
   139     0.692657     0.678484     0.719905  
   140     0.692509     0.678694     0.721823  
   141     0.693167     0.680283     0.728948  
   142     0.691873     0.678773     0.727823  
   143     0.692392     0.675429     0.725379  
   144     0.692755     0.674442     0.714863  
   145     0.693251     0.675853     0.723033  
   146     0.692002     0.676815     0.723140  
   147     0.690980     0.679197     0.720728  
   148     0.691470     0.676982     0.713749  * best
   149     0.691532     0.681142     0.722221  
   150     0.694625     0.678772     0.718041  
   151     0.691171     0.677092     0.720970  
   152     0.693662     0.676080     0.725402  
   153     0.690954     0.677012     0.721144  
   154     0.691996     0.678279     0.722289  
   155     0.693853     0.683869     0.724716  
   156     0.695330     0.676920     0.718848  
   157     0.695198     0.675796     0.721493  
   158     0.692619     0.675733     0.714860  
   159     0.692715     0.677064     0.721856  
   160     0.689411     0.684700     0.729831  
   161     0.688863     0.678412     0.722628  
   162     0.693839     0.674555     0.719251  
   163     0.689287     0.674704     0.717543  
   164     0.692261     0.677844     0.715661  
   165     0.690506     0.678091     0.726144  
   166     0.696220     0.676221     0.723347  
   167     0.688237     0.675746     0.720029  
   168     0.688412     0.675541     0.717326  
   169     0.697343     0.676735     0.717724  
   170     0.692423     0.680922     0.725618  
   171     0.693618     0.678404     0.726381  
   172     0.692442     0.676722     0.718999  
   173     0.689288     0.677188     0.725932  
   174     0.694764     0.675181     0.722865  
   175     0.694068     0.675155     0.719266  
   176     0.689534     0.683000     0.730364  
   177     0.694186     0.678408     0.723016  
   178     0.689989     0.676074     0.719355  
   179     0.692550     0.680969     0.724357  
   180     0.693948     0.675721     0.720045  
   181     0.689846     0.678602     0.722724  
   182     0.691119     0.677382     0.717422  
   183     0.694058     0.680964     0.719736  
   184     0.686991     0.680994     0.726576  
   185     0.692866     0.674739     0.715050  
   186     0.693452     0.677512     0.720892  
   187     0.693448     0.676366     0.725462  
   188     0.688350     0.676396     0.720089  
# stopped at epoch 188: no improvement for 40 epochs
# restored epoch 148 (val MSE 0.713749)
# Spearman  train +0.5575  val +0.5369  test +0.5366
