# gbm_seq+energy+edge seed 2
# boosted trees on seq+energy+edge
# inputs 15740, 1,707 trees
# LightGBM gradient-boosted trees, objective l2, lr 0.05, num_leaves 31, min_data_in_leaf 20, feature_fraction 0.3, bagging 0.8, lambda_l2 1.0, up to 3000 rounds, early stopping 100 on validation l2
# loss = l2 on standardised log10 half-life
#
 round        train          val  note
     1     0.965228     0.976533  
     2     0.932603     0.949640  
     3     0.902761     0.923668  
     4     0.874765     0.897961  
     5     0.849500     0.876275  
     6     0.824586     0.854526  
     7     0.803085     0.836363  
     8     0.782113     0.819366  
     9     0.762487     0.803328  
    10     0.745783     0.789098  
    11     0.727436     0.774328  
    12     0.710744     0.759557  
    13     0.694787     0.746259  
    14     0.680453     0.734630  
    15     0.666665     0.723150  
    16     0.653918     0.714110  
    17     0.642757     0.705413  
    18     0.631554     0.697157  
    19     0.621226     0.688419  
    20     0.611111     0.681177  
    21     0.600972     0.672752  
    22     0.591180     0.664763  
    23     0.583793     0.659819  
    24     0.575389     0.653245  
    25     0.567346     0.647474  
    26     0.559468     0.643012  
    27     0.551988     0.637510  
    28     0.544676     0.632514  
    29     0.538138     0.628079  
    30     0.531799     0.623873  
    31     0.525542     0.619898  
    32     0.519451     0.615459  
    33     0.513578     0.611637  
    34     0.508144     0.608783  
    35     0.502517     0.605678  
    36     0.497290     0.602669  
    37     0.492032     0.598501  
    38     0.487352     0.596452  
    39     0.482369     0.593332  
    40     0.477921     0.591730  
    41     0.473276     0.588773  
    42     0.468719     0.585735  
    43     0.464227     0.583380  
    44     0.460417     0.581917  
    45     0.456279     0.580005  
    46     0.452079     0.578077  
    47     0.448176     0.576245  
    48     0.444100     0.574354  
    49     0.440332     0.571690  
    50     0.436272     0.568935  
    51     0.432709     0.567482  
    52     0.428982     0.565666  
    53     0.425086     0.563156  
    54     0.421655     0.561161  
    55     0.418297     0.559995  
    56     0.414758     0.558056  
    57     0.411162     0.555769  
    58     0.407977     0.554315  
    59     0.404835     0.553088  
    60     0.401651     0.551881  
    61     0.398575     0.550251  
    62     0.395393     0.548588  
    63     0.392499     0.548251  
    64     0.389462     0.546559  
    65     0.386354     0.545098  
    66     0.383483     0.544629  
    67     0.380397     0.543022  
    68     0.377406     0.541602  
    69     0.374517     0.540532  
    70     0.371840     0.539902  
    71     0.369264     0.539171  
    72     0.366331     0.537818  
    73     0.363558     0.536428  
    74     0.360683     0.535307  
    75     0.358031     0.534657  
    76     0.355502     0.534205  
    77     0.352976     0.532915  
    78     0.350432     0.531633  
    79     0.347826     0.530072  
    80     0.345347     0.529105  
    81     0.342766     0.527703  
    82     0.340425     0.526379  
    83     0.338003     0.525523  
    84     0.335660     0.525144  
    85     0.333388     0.524643  
    86     0.331195     0.523786  
    87     0.328920     0.522566  
    88     0.326685     0.521699  
    89     0.324452     0.520951  
    90     0.322303     0.519880  
    91     0.320178     0.519115  
    92     0.318172     0.518018  
    93     0.315991     0.517690  
    94     0.313792     0.516564  
    95     0.311548     0.515626  
    96     0.309503     0.514704  
    97     0.307421     0.513955  
    98     0.305363     0.513161  
    99     0.303235     0.512661  
   100     0.301236     0.512613  
   101     0.299393     0.512582  
   102     0.297376     0.511861  
   103     0.295397     0.511023  
   104     0.293473     0.510414  
   105     0.291501     0.509848  
   106     0.289462     0.509405  
   107     0.287542     0.508666  
   108     0.285703     0.508615  
   109     0.284000     0.508347  
   110     0.282099     0.507502  
   111     0.280203     0.506438  
   112     0.278380     0.506134  
   113     0.276608     0.505060  
   114     0.274779     0.504414  
   115     0.273025     0.503812  
   116     0.271272     0.503186  
   117     0.269619     0.502713  
   118     0.267954     0.502683  
   119     0.266084     0.502301  
   120     0.264345     0.501798  
   121     0.262661     0.500987  
   122     0.261113     0.500890  
   123     0.259554     0.500621  
   124     0.257985     0.500124  
   125     0.256422     0.499551  
   126     0.254820     0.499284  
   127     0.253218     0.498561  
   128     0.251717     0.497990  
   129     0.250136     0.497715  
   130     0.248584     0.497253  
   131     0.247057     0.496520  
   132     0.245512     0.496065  
   133     0.243948     0.495926  
   134     0.242410     0.494863  
   135     0.240858     0.494268  
   136     0.239366     0.493690  
   137     0.237770     0.493404  
   138     0.236278     0.493152  
   139     0.234868     0.492425  
   140     0.233399     0.492108  
   141     0.231960     0.491647  
   142     0.230620     0.491578  
   143     0.229243     0.491280  
   144     0.227903     0.490590  
   145     0.226555     0.489955  
   146     0.225253     0.489295  
   147     0.223963     0.489151  
   148     0.222624     0.488745  
   149     0.221243     0.488115  
   150     0.219935     0.487807  
   151     0.218652     0.487341  
   152     0.217451     0.487118  
   153     0.216126     0.486530  
   154     0.214821     0.486132  
   155     0.213648     0.485645  
   156     0.212394     0.485421  
   157     0.211195     0.484810  
   158     0.209979     0.484383  
   159     0.208812     0.484131  
   160     0.207636     0.483837  
   161     0.206334     0.483652  
   162     0.205121     0.483517  
   163     0.204050     0.483389  
   164     0.202949     0.483110  
   165     0.201758     0.482710  
   166     0.200580     0.482385  
   167     0.199448     0.482053  
   168     0.198220     0.481672  
   169     0.196997     0.481059  
   170     0.195875     0.480723  
   171     0.194727     0.480437  
   172     0.193725     0.479836  
   173     0.192620     0.479746  
   174     0.191508     0.479572  
   175     0.190472     0.479503  
   176     0.189391     0.479357  
   177     0.188439     0.479373  
   178     0.187418     0.479079  
   179     0.186410     0.478597  
   180     0.185425     0.478133  
   181     0.184371     0.477819  
   182     0.183249     0.477233  
   183     0.182246     0.476971  
   184     0.181308     0.476446  
   185     0.180260     0.475921  
   186     0.179260     0.475481  
   187     0.178210     0.475095  
   188     0.177222     0.475118  
   189     0.176163     0.475126  
   190     0.175179     0.474722  
   191     0.174095     0.474149  
   192     0.173142     0.473992  
   193     0.172215     0.473840  
   194     0.171295     0.473604  
   195     0.170355     0.473294  
   196     0.169391     0.473103  
   197     0.168477     0.472754  
   198     0.167549     0.472597  
   199     0.166676     0.472498  
   200     0.165810     0.472409  
   201     0.164995     0.472321  
   202     0.164045     0.472013  
   203     0.163187     0.472013  
   204     0.162295     0.471663  
   205     0.161367     0.471369  
   206     0.160491     0.471182  
   207     0.159603     0.471359  
   208     0.158773     0.471138  
   209     0.157967     0.470917  
   210     0.157075     0.470673  
   211     0.156200     0.470549  
   212     0.155410     0.470371  
   213     0.154586     0.470087  
   214     0.153782     0.469909  
   215     0.153006     0.469818  
   216     0.152196     0.469608  
   217     0.151450     0.469401  
   218     0.150641     0.469284  
   219     0.149798     0.469244  
   220     0.149015     0.468811  
   221     0.148322     0.468718  
   222     0.147525     0.468363  
   223     0.146735     0.468129  
   224     0.145943     0.467914  
   225     0.145144     0.467800  
   226     0.144416     0.467650  
   227     0.143622     0.467414  
   228     0.142859     0.467331  
   229     0.142121     0.466967  
   230     0.141344     0.466688  
   231     0.140605     0.466314  
   232     0.139852     0.465976  
   233     0.139120     0.465882  
   234     0.138404     0.465347  
   235     0.137750     0.465085  
   236     0.137031     0.464746  
   237     0.136351     0.464636  
   238     0.135614     0.464487  
   239     0.134948     0.464180  
   240     0.134337     0.464251  
   241     0.133689     0.464181  
   242     0.132947     0.464091  
   243     0.132273     0.463796  
   244     0.131625     0.463511  
   245     0.130895     0.463500  
   246     0.130193     0.463120  
   247     0.129516     0.462849  
   248     0.128912     0.462702  
   249     0.128298     0.462580  
   250     0.127646     0.462705  
   251     0.127042     0.462499  
   252     0.126367     0.462365  
   253     0.125678     0.461966  
   254     0.125041     0.461896  
   255     0.124445     0.461779  
   256     0.123768     0.461725  
   257     0.123196     0.461210  
   258     0.122572     0.461304  
   259     0.121994     0.461335  
   260     0.121447     0.461255  
   261     0.120793     0.461166  
   262     0.120130     0.461095  
   263     0.119510     0.460935  
   264     0.118979     0.460918  
   265     0.118356     0.460752  
   266     0.117742     0.460806  
   267     0.117142     0.460653  
   268     0.116636     0.460293  
   269     0.116045     0.460152  
   270     0.115475     0.460029  
   271     0.114886     0.459908  
   272     0.114344     0.459875  
   273     0.113752     0.459678  
   274     0.113224     0.459505  
   275     0.112675     0.459307  
   276     0.112167     0.459092  
   277     0.111594     0.458936  
   278     0.111023     0.458705  
   279     0.110474     0.458902  
   280     0.109907     0.458400  
   281     0.109372     0.458565  
   282     0.108829     0.458536  
   283     0.108278     0.458230  
   284     0.107788     0.458105  
   285     0.107309     0.457933  
   286     0.106749     0.457942  
   287     0.106254     0.457943  
   288     0.105759     0.457761  
   289     0.105263     0.457374  
   290     0.104808     0.457308  
   291     0.104274     0.456984  
   292     0.103754     0.456942  
   293     0.103227     0.456983  
   294     0.102696     0.456795  
   295     0.102225     0.456724  
   296     0.101707     0.456407  
   297     0.101223     0.456273  
   298     0.100740     0.456303  
   299     0.100186     0.456087  
   300     0.099657     0.456022  
   301     0.099159     0.455854  
   302     0.098725     0.455574  
   303     0.098265     0.455422  
   304     0.097797     0.455331  
   305     0.097298     0.455213  
   306     0.096816     0.455146  
   307     0.096379     0.455138  
   308     0.095946     0.455000  
   309     0.095508     0.455080  
   310     0.095023     0.454960  
   311     0.094590     0.454970  
   312     0.094119     0.454962  
   313     0.093666     0.455061  
   314     0.093208     0.455075  
   315     0.092771     0.454886  
   316     0.092310     0.454665  
   317     0.091863     0.454479  
   318     0.091421     0.454279  
   319     0.090967     0.454185  
   320     0.090538     0.454154  
   321     0.090127     0.454147  
   322     0.089699     0.454215  
   323     0.089260     0.454209  
   324     0.088806     0.454238  
   325     0.088389     0.454149  
   326     0.087966     0.453983  
   327     0.087543     0.454059  
   328     0.087135     0.453834  
   329     0.086767     0.453696  
   330     0.086353     0.453539  
   331     0.085948     0.453459  
   332     0.085531     0.453435  
   333     0.085075     0.453502  
   334     0.084624     0.453505  
   335     0.084211     0.453663  
   336     0.083806     0.453657  
   337     0.083443     0.453474  
   338     0.083014     0.453482  
   339     0.082608     0.453245  
   340     0.082221     0.453113  
   341     0.081816     0.453012  
   342     0.081470     0.453042  
   343     0.081101     0.452880  
   344     0.080717     0.453000  
   345     0.080348     0.453051  
   346     0.079996     0.453079  
   347     0.079612     0.453118  
   348     0.079221     0.453003  
   349     0.078854     0.452783  
   350     0.078479     0.452815  
   351     0.078129     0.452786  
   352     0.077778     0.452703  
   353     0.077415     0.452546  
   354     0.077060     0.452398  
   355     0.076696     0.452434  
   356     0.076336     0.452574  
   357     0.075960     0.452727  
   358     0.075600     0.452617  
   359     0.075242     0.452411  
   360     0.074889     0.452385  
   361     0.074557     0.452243  
   362     0.074200     0.452160  
   363     0.073873     0.452247  
   364     0.073527     0.452153  
   365     0.073208     0.452076  
   366     0.072842     0.452124  
   367     0.072486     0.451930  
   368     0.072174     0.451836  
   369     0.071849     0.451781  
   370     0.071536     0.451880  
   371     0.071230     0.451815  
   372     0.070891     0.451812  
   373     0.070596     0.451741  
   374     0.070249     0.451627  
   375     0.069953     0.451551  
   376     0.069647     0.451551  
   377     0.069369     0.451518  
   378     0.069044     0.451538  
   379     0.068756     0.451345  
   380     0.068421     0.451334  
   381     0.068083     0.451116  
   382     0.067750     0.451140  
   383     0.067433     0.451334  
   384     0.067148     0.451203  
   385     0.066853     0.451155  
   386     0.066536     0.451222  
   387     0.066276     0.451247  
   388     0.065997     0.451283  
   389     0.065692     0.451260  
   390     0.065413     0.451200  
   391     0.065102     0.450990  
   392     0.064791     0.450909  
   393     0.064482     0.450939  
   394     0.064190     0.450863  
   395     0.063913     0.450899  
   396     0.063597     0.450895  
   397     0.063306     0.450864  
   398     0.063025     0.450804  
   399     0.062716     0.450610  
   400     0.062458     0.450610  
   401     0.062184     0.450677  
   402     0.061910     0.450529  
   403     0.061627     0.450526  
   404     0.061338     0.450647  
   405     0.061086     0.450607  
   406     0.060843     0.450448  
   407     0.060566     0.450427  
   408     0.060277     0.450333  
   409     0.059974     0.450207  
   410     0.059674     0.450102  
   411     0.059413     0.450249  
   412     0.059117     0.450259  
   413     0.058842     0.450027  
   414     0.058571     0.450001  
   415     0.058310     0.450006  
   416     0.058053     0.449940  
   417     0.057837     0.449859  
   418     0.057581     0.449866  
   419     0.057300     0.449924  
   420     0.057050     0.449729  
   421     0.056779     0.449681  
   422     0.056520     0.449560  
   423     0.056249     0.449569  
   424     0.055980     0.449600  
   425     0.055727     0.449405  
   426     0.055476     0.449280  
   427     0.055236     0.449073  
   428     0.055011     0.449028  
   429     0.054750     0.448901  
   430     0.054502     0.448791  
   431     0.054257     0.448718  
   432     0.054041     0.448671  
   433     0.053785     0.448519  
   434     0.053516     0.448712  
   435     0.053261     0.448702  
   436     0.053024     0.448546  
   437     0.052782     0.448519  
   438     0.052535     0.448456  
   439     0.052306     0.448468  
   440     0.052062     0.448576  
   441     0.051822     0.448452  
   442     0.051609     0.448348  
   443     0.051374     0.448205  
   444     0.051154     0.448204  
   445     0.050955     0.448286  
   446     0.050696     0.448108  
   447     0.050503     0.448146  
   448     0.050275     0.448175  
   449     0.050044     0.448170  
   450     0.049824     0.448096  
   451     0.049598     0.447920  
   452     0.049400     0.447850  
   453     0.049183     0.447806  
   454     0.048978     0.447848  
   455     0.048792     0.447903  
   456     0.048552     0.447857  
   457     0.048327     0.447828  
   458     0.048096     0.447599  
   459     0.047881     0.447504  
   460     0.047676     0.447383  
   461     0.047455     0.447376  
   462     0.047214     0.447407  
   463     0.046983     0.447386  
   464     0.046800     0.447368  
   465     0.046596     0.447344  
   466     0.046403     0.447373  
   467     0.046201     0.447355  
   468     0.046007     0.447192  
   469     0.045812     0.447185  
   470     0.045599     0.447202  
   471     0.045384     0.447191  
   472     0.045203     0.447072  
   473     0.044995     0.447033  
   474     0.044797     0.447034  
   475     0.044591     0.446992  
   476     0.044394     0.446953  
   477     0.044217     0.446885  
   478     0.044033     0.446837  
   479     0.043853     0.446782  
   480     0.043656     0.446661  
   481     0.043480     0.446712  
   482     0.043283     0.446760  
   483     0.043098     0.446677  
   484     0.042897     0.446605  
   485     0.042695     0.446766  
   486     0.042501     0.446851  
   487     0.042307     0.446792  
   488     0.042153     0.446747  
   489     0.041970     0.446621  
   490     0.041772     0.446789  
   491     0.041565     0.446696  
   492     0.041356     0.446779  
   493     0.041168     0.446729  
   494     0.040995     0.446755  
   495     0.040813     0.446596  
   496     0.040639     0.446432  
   497     0.040450     0.446379  
   498     0.040258     0.446113  
   499     0.040089     0.446156  
   500     0.039907     0.446198  
   501     0.039729     0.446184  
   502     0.039569     0.446205  
   503     0.039378     0.446250  
   504     0.039209     0.446308  
   505     0.039030     0.446189  
   506     0.038856     0.446041  
   507     0.038668     0.445907  
   508     0.038508     0.445825  
   509     0.038325     0.445842  
   510     0.038153     0.445806  
   511     0.037987     0.445931  
   512     0.037839     0.445971  
   513     0.037695     0.445850  
   514     0.037543     0.445800  
   515     0.037376     0.445542  
   516     0.037220     0.445466  
   517     0.037041     0.445467  
   518     0.036883     0.445347  
   519     0.036730     0.445234  
   520     0.036595     0.445198  
   521     0.036421     0.445205  
   522     0.036276     0.445149  
   523     0.036114     0.445085  
   524     0.035965     0.445131  
   525     0.035815     0.445106  
   526     0.035653     0.445058  
   527     0.035495     0.444999  
   528     0.035345     0.444924  
   529     0.035180     0.444822  
   530     0.035039     0.444754  
   531     0.034899     0.444735  
   532     0.034760     0.444649  
   533     0.034622     0.444647  
   534     0.034477     0.444801  
   535     0.034319     0.444770  
   536     0.034164     0.444888  
   537     0.034004     0.444816  
   538     0.033850     0.444868  
   539     0.033697     0.444832  
   540     0.033549     0.444771  
   541     0.033389     0.444843  
   542     0.033240     0.444785  
   543     0.033094     0.444729  
   544     0.032947     0.444689  
   545     0.032798     0.444753  
   546     0.032666     0.444692  
   547     0.032532     0.444666  
   548     0.032388     0.444575  
   549     0.032237     0.444640  
   550     0.032094     0.444635  
   551     0.031968     0.444680  
   552     0.031828     0.444498  
   553     0.031686     0.444529  
   554     0.031555     0.444503  
   555     0.031415     0.444484  
   556     0.031289     0.444489  
   557     0.031143     0.444462  
   558     0.031010     0.444409  
   559     0.030877     0.444467  
   560     0.030730     0.444384  
   561     0.030604     0.444250  
   562     0.030468     0.444249  
   563     0.030340     0.444247  
   564     0.030215     0.444196  
   565     0.030072     0.444189  
   566     0.029940     0.444080  
   567     0.029809     0.444043  
   568     0.029675     0.444049  
   569     0.029553     0.444052  
   570     0.029444     0.444062  
   571     0.029313     0.444162  
   572     0.029200     0.444183  
   573     0.029071     0.444057  
   574     0.028958     0.444156  
   575     0.028831     0.444083  
   576     0.028721     0.444031  
   577     0.028606     0.443971  
   578     0.028496     0.443949  
   579     0.028386     0.443950  
   580     0.028268     0.443876  
   581     0.028142     0.443841  
   582     0.028028     0.443882  
   583     0.027893     0.443900  
   584     0.027772     0.443845  
   585     0.027650     0.443798  
   586     0.027531     0.443645  
   587     0.027416     0.443567  
   588     0.027301     0.443513  
   589     0.027195     0.443447  
   590     0.027070     0.443373  
   591     0.026951     0.443276  
   592     0.026827     0.443259  
   593     0.026706     0.443248  
   594     0.026589     0.443216  
   595     0.026470     0.443193  
   596     0.026353     0.443238  
   597     0.026257     0.443218  
   598     0.026143     0.443269  
   599     0.026017     0.443270  
   600     0.025904     0.443238  
   601     0.025799     0.443216  
   602     0.025683     0.443237  
   603     0.025567     0.443170  
   604     0.025449     0.443186  
   605     0.025350     0.443161  
   606     0.025241     0.443136  
   607     0.025132     0.443080  
   608     0.025019     0.442995  
   609     0.024921     0.442968  
   610     0.024802     0.442866  
   611     0.024689     0.442663  
   612     0.024595     0.442624  
   613     0.024500     0.442538  
   614     0.024394     0.442456  
   615     0.024293     0.442393  
   616     0.024197     0.442453  
   617     0.024092     0.442467  
   618     0.023984     0.442505  
   619     0.023881     0.442504  
   620     0.023787     0.442438  
   621     0.023679     0.442436  
   622     0.023566     0.442485  
   623     0.023466     0.442385  
   624     0.023366     0.442296  
   625     0.023272     0.442208  
   626     0.023171     0.442214  
   627     0.023081     0.442171  
   628     0.022992     0.442111  
   629     0.022886     0.442176  
   630     0.022786     0.442158  
   631     0.022690     0.442199  
   632     0.022604     0.442191  
   633     0.022497     0.442170  
   634     0.022402     0.442191  
   635     0.022294     0.442236  
   636     0.022202     0.442297  
   637     0.022105     0.442292  
   638     0.022005     0.442289  
   639     0.021911     0.442202  
   640     0.021807     0.442158  
   641     0.021714     0.442132  
   642     0.021632     0.442161  
   643     0.021533     0.442166  
   644     0.021440     0.442112  
   645     0.021339     0.442019  
   646     0.021249     0.442020  
   647     0.021157     0.442104  
   648     0.021074     0.442074  
   649     0.020983     0.442072  
   650     0.020900     0.442159  
   651     0.020818     0.442271  
   652     0.020734     0.442203  
   653     0.020658     0.442118  
   654     0.020569     0.442078  
   655     0.020484     0.442002  
   656     0.020399     0.441961  
   657     0.020310     0.441903  
   658     0.020226     0.441874  
   659     0.020139     0.441797  
   660     0.020058     0.441853  
   661     0.019966     0.441942  
   662     0.019890     0.441797  
   663     0.019811     0.441780  
   664     0.019730     0.441777  
   665     0.019639     0.441731  
   666     0.019559     0.441712  
   667     0.019487     0.441686  
   668     0.019413     0.441607  
   669     0.019334     0.441557  
   670     0.019252     0.441532  
   671     0.019169     0.441487  
   672     0.019101     0.441435  
   673     0.019026     0.441559  
   674     0.018947     0.441543  
   675     0.018863     0.441506  
   676     0.018781     0.441460  
   677     0.018709     0.441508  
   678     0.018636     0.441495  
   679     0.018556     0.441436  
   680     0.018473     0.441479  
   681     0.018398     0.441416  
   682     0.018315     0.441385  
   683     0.018248     0.441449  
   684     0.018162     0.441431  
   685     0.018094     0.441436  
   686     0.018024     0.441495  
   687     0.017946     0.441378  
   688     0.017872     0.441386  
   689     0.017799     0.441419  
   690     0.017724     0.441481  
   691     0.017658     0.441433  
   692     0.017583     0.441379  
   693     0.017503     0.441310  
   694     0.017427     0.441309  
   695     0.017360     0.441273  
   696     0.017282     0.441224  
   697     0.017216     0.441157  
   698     0.017140     0.441087  
   699     0.017069     0.441057  
   700     0.016995     0.441040  
   701     0.016927     0.441034  
   702     0.016856     0.440952  
   703     0.016790     0.440938  
   704     0.016711     0.440908  
   705     0.016635     0.440923  
   706     0.016570     0.440998  
   707     0.016511     0.441062  
   708     0.016443     0.441057  
   709     0.016380     0.441005  
   710     0.016313     0.440956  
   711     0.016252     0.440984  
   712     0.016183     0.440957  
   713     0.016115     0.440920  
   714     0.016055     0.440946  
   715     0.015987     0.440950  
   716     0.015919     0.440849  
   717     0.015857     0.440839  
   718     0.015786     0.440837  
   719     0.015717     0.440803  
   720     0.015644     0.440796  
   721     0.015580     0.440830  
   722     0.015506     0.440846  
   723     0.015445     0.440875  
   724     0.015382     0.440795  
   725     0.015311     0.440828  
   726     0.015237     0.440789  
   727     0.015173     0.440753  
   728     0.015108     0.440716  
   729     0.015042     0.440652  
   730     0.014984     0.440612  
   731     0.014924     0.440539  
   732     0.014867     0.440595  
   733     0.014807     0.440531  
   734     0.014745     0.440482  
   735     0.014683     0.440470  
   736     0.014618     0.440453  
   737     0.014560     0.440434  
   738     0.014496     0.440446  
   739     0.014440     0.440436  
   740     0.014377     0.440410  
   741     0.014321     0.440433  
   742     0.014259     0.440298  
   743     0.014197     0.440283  
   744     0.014138     0.440211  
   745     0.014076     0.440098  
   746     0.014017     0.440061  
   747     0.013959     0.440090  
   748     0.013898     0.440084  
   749     0.013845     0.440078  
   750     0.013789     0.440082  
   751     0.013726     0.439984  
   752     0.013667     0.440011  
   753     0.013609     0.439945  
   754     0.013554     0.439891  
   755     0.013507     0.439840  
   756     0.013448     0.439828  
   757     0.013391     0.439806  
   758     0.013337     0.439753  
   759     0.013274     0.439670  
   760     0.013220     0.439638  
   761     0.013167     0.439640  
   762     0.013115     0.439561  
   763     0.013059     0.439559  
   764     0.013004     0.439565  
   765     0.012954     0.439536  
   766     0.012899     0.439521  
   767     0.012848     0.439528  
   768     0.012795     0.439514  
   769     0.012743     0.439429  
   770     0.012688     0.439366  
   771     0.012637     0.439329  
   772     0.012586     0.439305  
   773     0.012536     0.439328  
   774     0.012487     0.439291  
   775     0.012431     0.439244  
   776     0.012386     0.439255  
   777     0.012338     0.439270  
   778     0.012289     0.439232  
   779     0.012242     0.439273  
   780     0.012193     0.439263  
   781     0.012140     0.439278  
   782     0.012085     0.439275  
   783     0.012035     0.439334  
   784     0.011982     0.439309  
   785     0.011927     0.439334  
   786     0.011883     0.439313  
   787     0.011840     0.439278  
   788     0.011796     0.439276  
   789     0.011747     0.439254  
   790     0.011703     0.439254  
   791     0.011652     0.439280  
   792     0.011602     0.439274  
   793     0.011552     0.439235  
   794     0.011507     0.439184  
   795     0.011460     0.439199  
   796     0.011413     0.439191  
   797     0.011358     0.439168  
   798     0.011314     0.439182  
   799     0.011268     0.439175  
   800     0.011223     0.439172  
   801     0.011176     0.439155  
   802     0.011133     0.439206  
   803     0.011086     0.439177  
   804     0.011042     0.439154  
   805     0.010998     0.439100  
   806     0.010954     0.439058  
   807     0.010910     0.439015  
   808     0.010865     0.439013  
   809     0.010818     0.438966  
   810     0.010770     0.438911  
   811     0.010727     0.438949  
   812     0.010689     0.438882  
   813     0.010645     0.438863  
   814     0.010608     0.438820  
   815     0.010565     0.438759  
   816     0.010526     0.438738  
   817     0.010484     0.438706  
   818     0.010439     0.438728  
   819     0.010401     0.438714  
   820     0.010357     0.438687  
   821     0.010312     0.438703  
   822     0.010274     0.438665  
   823     0.010232     0.438609  
   824     0.010193     0.438611  
   825     0.010154     0.438629  
   826     0.010113     0.438624  
   827     0.010076     0.438630  
   828     0.010035     0.438628  
   829     0.009994     0.438605  
   830     0.009956     0.438585  
   831     0.009919     0.438599  
   832     0.009874     0.438612  
   833     0.009835     0.438594  
   834     0.009797     0.438588  
   835     0.009755     0.438551  
   836     0.009716     0.438555  
   837     0.009679     0.438553  
   838     0.009640     0.438537  
   839     0.009606     0.438467  
   840     0.009565     0.438485  
   841     0.009529     0.438465  
   842     0.009491     0.438445  
   843     0.009451     0.438431  
   844     0.009412     0.438417  
   845     0.009376     0.438397  
   846     0.009340     0.438408  
   847     0.009296     0.438434  
   848     0.009263     0.438448  
   849     0.009226     0.438483  
   850     0.009191     0.438527  
   851     0.009157     0.438504  
   852     0.009123     0.438541  
   853     0.009084     0.438556  
   854     0.009045     0.438566  
   855     0.009005     0.438521  
   856     0.008965     0.438466  
   857     0.008931     0.438452  
   858     0.008896     0.438488  
   859     0.008857     0.438513  
   860     0.008819     0.438469  
   861     0.008784     0.438459  
   862     0.008755     0.438425  
   863     0.008723     0.438397  
   864     0.008688     0.438353  
   865     0.008649     0.438308  
   866     0.008618     0.438302  
   867     0.008585     0.438338  
   868     0.008549     0.438337  
   869     0.008517     0.438372  
   870     0.008482     0.438394  
   871     0.008445     0.438369  
   872     0.008411     0.438378  
   873     0.008378     0.438390  
   874     0.008344     0.438393  
   875     0.008310     0.438376  
   876     0.008278     0.438358  
   877     0.008244     0.438357  
   878     0.008216     0.438325  
   879     0.008182     0.438335  
   880     0.008151     0.438362  
   881     0.008114     0.438328  
   882     0.008080     0.438300  
   883     0.008049     0.438301  
   884     0.008018     0.438294  
   885     0.007985     0.438260  
   886     0.007953     0.438237  
   887     0.007920     0.438211  
   888     0.007889     0.438211  
   889     0.007861     0.438188  
   890     0.007826     0.438169  
   891     0.007798     0.438162  
   892     0.007772     0.438127  
   893     0.007740     0.438130  
   894     0.007711     0.438135  
   895     0.007677     0.438145  
   896     0.007647     0.438152  
   897     0.007616     0.438135  
   898     0.007587     0.438134  
   899     0.007553     0.438142  
   900     0.007522     0.438181  
   901     0.007496     0.438236  
   902     0.007470     0.438198  
   903     0.007441     0.438232  
   904     0.007413     0.438260  
   905     0.007384     0.438255  
   906     0.007355     0.438290  
   907     0.007323     0.438305  
   908     0.007292     0.438329  
   909     0.007259     0.438289  
   910     0.007227     0.438237  
   911     0.007201     0.438242  
   912     0.007173     0.438264  
   913     0.007145     0.438286  
   914     0.007116     0.438278  
   915     0.007085     0.438283  
   916     0.007061     0.438271  
   917     0.007035     0.438311  
   918     0.007010     0.438321  
   919     0.006983     0.438332  
   920     0.006953     0.438283  
   921     0.006930     0.438337  
   922     0.006905     0.438316  
   923     0.006875     0.438276  
   924     0.006849     0.438313  
   925     0.006821     0.438333  
   926     0.006795     0.438336  
   927     0.006767     0.438355  
   928     0.006742     0.438339  
   929     0.006717     0.438307  
   930     0.006691     0.438328  
   931     0.006659     0.438247  
   932     0.006632     0.438242  
   933     0.006604     0.438218  
   934     0.006576     0.438227  
   935     0.006548     0.438243  
   936     0.006522     0.438232  
   937     0.006492     0.438257  
   938     0.006462     0.438236  
   939     0.006436     0.438254  
   940     0.006412     0.438254  
   941     0.006384     0.438262  
   942     0.006358     0.438255  
   943     0.006332     0.438186  
   944     0.006304     0.438153  
   945     0.006281     0.438149  
   946     0.006258     0.438174  
   947     0.006232     0.438144  
   948     0.006203     0.438066  
   949     0.006180     0.438052  
   950     0.006156     0.438048  
   951     0.006134     0.438000  
   952     0.006111     0.437962  
   953     0.006085     0.437965  
   954     0.006061     0.437983  
   955     0.006036     0.438003  
   956     0.006013     0.438003  
   957     0.005989     0.438001  
   958     0.005966     0.437974  
   959     0.005943     0.437954  
   960     0.005919     0.437977  
   961     0.005894     0.437954  
   962     0.005873     0.437965  
   963     0.005850     0.438006  
   964     0.005825     0.438006  
   965     0.005800     0.438052  
   966     0.005776     0.438025  
   967     0.005751     0.438023  
   968     0.005728     0.437967  
   969     0.005706     0.437965  
   970     0.005681     0.437985  
   971     0.005657     0.438009  
   972     0.005635     0.437966  
   973     0.005610     0.437981  
   974     0.005586     0.437970  
   975     0.005565     0.438035  
   976     0.005540     0.438025  
   977     0.005519     0.437979  
   978     0.005496     0.437977  
   979     0.005476     0.438012  
   980     0.005454     0.438047  
   981     0.005430     0.438046  
   982     0.005410     0.438072  
   983     0.005389     0.438030  
   984     0.005366     0.438008  
   985     0.005343     0.438042  
   986     0.005320     0.438012  
   987     0.005296     0.438003  
   988     0.005273     0.438043  
   989     0.005251     0.438005  
   990     0.005230     0.437994  
   991     0.005205     0.437936  
   992     0.005185     0.437921  
   993     0.005165     0.437867  
   994     0.005146     0.437866  
   995     0.005126     0.437857  
   996     0.005106     0.437837  
   997     0.005086     0.437864  
   998     0.005064     0.437841  
   999     0.005041     0.437799  
  1000     0.005022     0.437767  
  1001     0.005002     0.437772  
  1002     0.004982     0.437764  
  1003     0.004961     0.437707  
  1004     0.004941     0.437685  
  1005     0.004919     0.437670  
  1006     0.004897     0.437665  
  1007     0.004878     0.437648  
  1008     0.004858     0.437605  
  1009     0.004840     0.437647  
  1010     0.004821     0.437652  
  1011     0.004801     0.437680  
  1012     0.004782     0.437655  
  1013     0.004763     0.437625  
  1014     0.004741     0.437630  
  1015     0.004721     0.437591  
  1016     0.004706     0.437618  
  1017     0.004689     0.437606  
  1018     0.004671     0.437613  
  1019     0.004652     0.437604  
  1020     0.004634     0.437606  
  1021     0.004616     0.437598  
  1022     0.004597     0.437611  
  1023     0.004580     0.437616  
  1024     0.004562     0.437579  
  1025     0.004542     0.437580  
  1026     0.004525     0.437543  
  1027     0.004510     0.437545  
  1028     0.004493     0.437567  
  1029     0.004475     0.437573  
  1030     0.004459     0.437593  
  1031     0.004438     0.437579  
  1032     0.004422     0.437558  
  1033     0.004401     0.437579  
  1034     0.004385     0.437550  
  1035     0.004367     0.437513  
  1036     0.004351     0.437520  
  1037     0.004334     0.437513  
  1038     0.004317     0.437505  
  1039     0.004301     0.437519  
  1040     0.004282     0.437538  
  1041     0.004263     0.437518  
  1042     0.004245     0.437501  
  1043     0.004228     0.437511  
  1044     0.004211     0.437507  
  1045     0.004193     0.437526  
  1046     0.004175     0.437531  
  1047     0.004160     0.437514  
  1048     0.004143     0.437542  
  1049     0.004127     0.437543  
  1050     0.004111     0.437546  
  1051     0.004094     0.437528  
  1052     0.004078     0.437524  
  1053     0.004061     0.437486  
  1054     0.004046     0.437496  
  1055     0.004029     0.437487  
  1056     0.004013     0.437498  
  1057     0.003997     0.437445  
  1058     0.003979     0.437446  
  1059     0.003963     0.437420  
  1060     0.003947     0.437425  
  1061     0.003932     0.437415  
  1062     0.003917     0.437402  
  1063     0.003902     0.437339  
  1064     0.003885     0.437355  
  1065     0.003870     0.437351  
  1066     0.003856     0.437348  
  1067     0.003843     0.437363  
  1068     0.003827     0.437378  
  1069     0.003811     0.437386  
  1070     0.003795     0.437383  
  1071     0.003780     0.437356  
  1072     0.003767     0.437384  
  1073     0.003750     0.437352  
  1074     0.003735     0.437346  
  1075     0.003722     0.437296  
  1076     0.003707     0.437340  
  1077     0.003692     0.437281  
  1078     0.003677     0.437328  
  1079     0.003662     0.437316  
  1080     0.003647     0.437311  
  1081     0.003634     0.437327  
  1082     0.003621     0.437317  
  1083     0.003607     0.437298  
  1084     0.003592     0.437274  
  1085     0.003578     0.437295  
  1086     0.003562     0.437304  
  1087     0.003549     0.437268  
  1088     0.003535     0.437267  
  1089     0.003521     0.437216  
  1090     0.003508     0.437192  
  1091     0.003494     0.437189  
  1092     0.003481     0.437205  
  1093     0.003468     0.437214  
  1094     0.003453     0.437220  
  1095     0.003440     0.437220  
  1096     0.003426     0.437207  
  1097     0.003412     0.437186  
  1098     0.003398     0.437186  
  1099     0.003385     0.437188  
  1100     0.003371     0.437199  
  1101     0.003358     0.437200  
  1102     0.003343     0.437202  
  1103     0.003329     0.437169  
  1104     0.003316     0.437195  
  1105     0.003302     0.437151  
  1106     0.003286     0.437146  
  1107     0.003271     0.437135  
  1108     0.003257     0.437101  
  1109     0.003243     0.437099  
  1110     0.003230     0.437063  
  1111     0.003217     0.437028  
  1112     0.003204     0.437009  
  1113     0.003192     0.437013  
  1114     0.003180     0.437011  
  1115     0.003168     0.436999  
  1116     0.003156     0.437016  
  1117     0.003142     0.436994  
  1118     0.003128     0.436989  
  1119     0.003116     0.436957  
  1120     0.003105     0.436939  
  1121     0.003092     0.436947  
  1122     0.003079     0.436924  
  1123     0.003067     0.436918  
  1124     0.003056     0.436900  
  1125     0.003044     0.436885  
  1126     0.003032     0.436881  
  1127     0.003021     0.436895  
  1128     0.003008     0.436889  
  1129     0.002995     0.436896  
  1130     0.002982     0.436879  
  1131     0.002971     0.436903  
  1132     0.002959     0.436888  
  1133     0.002948     0.436873  
  1134     0.002935     0.436850  
  1135     0.002923     0.436845  
  1136     0.002912     0.436813  
  1137     0.002899     0.436810  
  1138     0.002889     0.436807  
  1139     0.002877     0.436795  
  1140     0.002865     0.436801  
  1141     0.002853     0.436822  
  1142     0.002842     0.436808  
  1143     0.002832     0.436812  
  1144     0.002821     0.436823  
  1145     0.002810     0.436825  
  1146     0.002798     0.436821  
  1147     0.002787     0.436826  
  1148     0.002774     0.436818  
  1149     0.002764     0.436788  
  1150     0.002753     0.436811  
  1151     0.002743     0.436816  
  1152     0.002732     0.436782  
  1153     0.002721     0.436787  
  1154     0.002712     0.436785  
  1155     0.002701     0.436795  
  1156     0.002690     0.436783  
  1157     0.002679     0.436767  
  1158     0.002669     0.436755  
  1159     0.002658     0.436764  
  1160     0.002647     0.436717  
  1161     0.002636     0.436697  
  1162     0.002626     0.436698  
  1163     0.002616     0.436688  
  1164     0.002606     0.436715  
  1165     0.002595     0.436690  
  1166     0.002585     0.436705  
  1167     0.002576     0.436743  
  1168     0.002565     0.436716  
  1169     0.002556     0.436699  
  1170     0.002544     0.436671  
  1171     0.002535     0.436680  
  1172     0.002525     0.436684  
  1173     0.002514     0.436663  
  1174     0.002504     0.436682  
  1175     0.002494     0.436703  
  1176     0.002483     0.436681  
  1177     0.002474     0.436653  
  1178     0.002464     0.436685  
  1179     0.002454     0.436683  
  1180     0.002445     0.436660  
  1181     0.002436     0.436638  
  1182     0.002426     0.436623  
  1183     0.002416     0.436627  
  1184     0.002406     0.436625  
  1185     0.002397     0.436631  
  1186     0.002388     0.436630  
  1187     0.002378     0.436648  
  1188     0.002369     0.436649  
  1189     0.002360     0.436647  
  1190     0.002349     0.436671  
  1191     0.002339     0.436667  
  1192     0.002330     0.436679  
  1193     0.002321     0.436667  
  1194     0.002310     0.436652  
  1195     0.002302     0.436647  
  1196     0.002292     0.436626  
  1197     0.002284     0.436612  
  1198     0.002275     0.436576  
  1199     0.002266     0.436599  
  1200     0.002256     0.436582  
  1201     0.002248     0.436568  
  1202     0.002239     0.436578  
  1203     0.002229     0.436582  
  1204     0.002221     0.436554  
  1205     0.002213     0.436550  
  1206     0.002204     0.436556  
  1207     0.002195     0.436542  
  1208     0.002187     0.436532  
  1209     0.002178     0.436521  
  1210     0.002171     0.436541  
  1211     0.002162     0.436528  
  1212     0.002153     0.436504  
  1213     0.002146     0.436511  
  1214     0.002137     0.436485  
  1215     0.002129     0.436503  
  1216     0.002121     0.436500  
  1217     0.002113     0.436492  
  1218     0.002106     0.436500  
  1219     0.002099     0.436510  
  1220     0.002090     0.436485  
  1221     0.002082     0.436468  
  1222     0.002074     0.436448  
  1223     0.002066     0.436469  
  1224     0.002058     0.436458  
  1225     0.002048     0.436472  
  1226     0.002039     0.436466  
  1227     0.002031     0.436445  
  1228     0.002023     0.436442  
  1229     0.002016     0.436435  
  1230     0.002008     0.436407  
  1231     0.002001     0.436420  
  1232     0.001992     0.436404  
  1233     0.001985     0.436378  
  1234     0.001978     0.436389  
  1235     0.001969     0.436371  
  1236     0.001961     0.436392  
  1237     0.001954     0.436400  
  1238     0.001946     0.436380  
  1239     0.001938     0.436402  
  1240     0.001930     0.436395  
  1241     0.001922     0.436421  
  1242     0.001914     0.436385  
  1243     0.001907     0.436383  
  1244     0.001899     0.436414  
  1245     0.001891     0.436419  
  1246     0.001884     0.436410  
  1247     0.001876     0.436400  
  1248     0.001868     0.436400  
  1249     0.001861     0.436385  
  1250     0.001854     0.436369  
  1251     0.001847     0.436397  
  1252     0.001840     0.436419  
  1253     0.001833     0.436413  
  1254     0.001827     0.436413  
  1255     0.001819     0.436419  
  1256     0.001812     0.436409  
  1257     0.001804     0.436410  
  1258     0.001797     0.436408  
  1259     0.001790     0.436435  
  1260     0.001783     0.436427  
  1261     0.001777     0.436424  
  1262     0.001770     0.436410  
  1263     0.001763     0.436414  
  1264     0.001756     0.436420  
  1265     0.001749     0.436418  
  1266     0.001742     0.436418  
  1267     0.001736     0.436426  
  1268     0.001729     0.436432  
  1269     0.001722     0.436418  
  1270     0.001715     0.436429  
  1271     0.001708     0.436417  
  1272     0.001701     0.436405  
  1273     0.001696     0.436413  
  1274     0.001689     0.436404  
  1275     0.001683     0.436390  
  1276     0.001677     0.436398  
  1277     0.001670     0.436369  
  1278     0.001664     0.436374  
  1279     0.001657     0.436389  
  1280     0.001650     0.436374  
  1281     0.001644     0.436363  
  1282     0.001637     0.436362  
  1283     0.001631     0.436362  
  1284     0.001625     0.436360  
  1285     0.001618     0.436367  
  1286     0.001611     0.436344  
  1287     0.001605     0.436352  
  1288     0.001599     0.436359  
  1289     0.001594     0.436344  
  1290     0.001587     0.436334  
  1291     0.001581     0.436345  
  1292     0.001574     0.436337  
  1293     0.001569     0.436357  
  1294     0.001564     0.436381  
  1295     0.001557     0.436373  
  1296     0.001551     0.436385  
  1297     0.001545     0.436374  
  1298     0.001540     0.436360  
  1299     0.001533     0.436373  
  1300     0.001528     0.436358  
  1301     0.001522     0.436374  
  1302     0.001515     0.436364  
  1303     0.001509     0.436352  
  1304     0.001503     0.436370  
  1305     0.001497     0.436358  
  1306     0.001490     0.436364  
  1307     0.001484     0.436371  
  1308     0.001478     0.436376  
  1309     0.001473     0.436386  
  1310     0.001467     0.436398  
  1311     0.001461     0.436423  
  1312     0.001456     0.436435  
  1313     0.001449     0.436432  
  1314     0.001443     0.436421  
  1315     0.001437     0.436432  
  1316     0.001432     0.436428  
  1317     0.001426     0.436423  
  1318     0.001421     0.436426  
  1319     0.001416     0.436414  
  1320     0.001411     0.436412  
  1321     0.001405     0.436422  
  1322     0.001399     0.436425  
  1323     0.001393     0.436431  
  1324     0.001388     0.436428  
  1325     0.001383     0.436422  
  1326     0.001379     0.436425  
  1327     0.001373     0.436414  
  1328     0.001368     0.436407  
  1329     0.001362     0.436408  
  1330     0.001356     0.436410  
  1331     0.001351     0.436431  
  1332     0.001346     0.436441  
  1333     0.001341     0.436458  
  1334     0.001336     0.436456  
  1335     0.001331     0.436436  
  1336     0.001325     0.436443  
  1337     0.001320     0.436467  
  1338     0.001315     0.436484  
  1339     0.001311     0.436468  
  1340     0.001305     0.436475  
  1341     0.001300     0.436467  
  1342     0.001295     0.436452  
  1343     0.001289     0.436451  
  1344     0.001284     0.436451  
  1345     0.001279     0.436437  
  1346     0.001274     0.436450  
  1347     0.001268     0.436455  
  1348     0.001264     0.436445  
  1349     0.001259     0.436434  
  1350     0.001254     0.436439  
  1351     0.001249     0.436423  
  1352     0.001244     0.436422  
  1353     0.001239     0.436409  
  1354     0.001235     0.436404  
  1355     0.001229     0.436391  
  1356     0.001224     0.436389  
  1357     0.001219     0.436391  
  1358     0.001214     0.436386  
  1359     0.001209     0.436395  
  1360     0.001205     0.436415  
  1361     0.001201     0.436416  
  1362     0.001197     0.436392  
  1363     0.001192     0.436394  
  1364     0.001188     0.436375  
  1365     0.001184     0.436375  
  1366     0.001179     0.436384  
  1367     0.001174     0.436376  
  1368     0.001169     0.436369  
  1369     0.001165     0.436358  
  1370     0.001161     0.436344  
  1371     0.001157     0.436333  
  1372     0.001153     0.436325  
  1373     0.001148     0.436314  
  1374     0.001143     0.436322  
  1375     0.001140     0.436321  
  1376     0.001135     0.436336  
  1377     0.001130     0.436341  
  1378     0.001125     0.436328  
  1379     0.001121     0.436340  
  1380     0.001117     0.436323  
  1381     0.001112     0.436322  
  1382     0.001108     0.436305  
  1383     0.001104     0.436319  
  1384     0.001100     0.436304  
  1385     0.001096     0.436305  
  1386     0.001091     0.436306  
  1387     0.001087     0.436308  
  1388     0.001083     0.436279  
  1389     0.001079     0.436278  
  1390     0.001075     0.436287  
  1391     0.001071     0.436283  
  1392     0.001067     0.436283  
  1393     0.001063     0.436273  
  1394     0.001058     0.436263  
  1395     0.001054     0.436246  
  1396     0.001050     0.436240  
  1397     0.001045     0.436248  
  1398     0.001042     0.436237  
  1399     0.001038     0.436239  
  1400     0.001033     0.436234  
  1401     0.001030     0.436232  
  1402     0.001025     0.436224  
  1403     0.001022     0.436215  
  1404     0.001018     0.436215  
  1405     0.001014     0.436218  
  1406     0.001010     0.436219  
  1407     0.001006     0.436209  
  1408     0.001002     0.436229  
  1409     0.000998     0.436225  
  1410     0.000994     0.436215  
  1411     0.000990     0.436221  
  1412     0.000987     0.436208  
  1413     0.000983     0.436209  
  1414     0.000980     0.436211  
  1415     0.000976     0.436200  
  1416     0.000972     0.436225  
  1417     0.000969     0.436211  
  1418     0.000965     0.436216  
  1419     0.000962     0.436204  
  1420     0.000958     0.436211  
  1421     0.000955     0.436202  
  1422     0.000951     0.436179  
  1423     0.000947     0.436171  
  1424     0.000943     0.436175  
  1425     0.000939     0.436192  
  1426     0.000936     0.436179  
  1427     0.000932     0.436195  
  1428     0.000929     0.436204  
  1429     0.000925     0.436206  
  1430     0.000922     0.436194  
  1431     0.000918     0.436201  
  1432     0.000914     0.436201  
  1433     0.000911     0.436202  
  1434     0.000907     0.436192  
  1435     0.000904     0.436191  
  1436     0.000900     0.436200  
  1437     0.000897     0.436196  
  1438     0.000893     0.436194  
  1439     0.000890     0.436185  
  1440     0.000886     0.436183  
  1441     0.000883     0.436181  
  1442     0.000880     0.436169  
  1443     0.000877     0.436175  
  1444     0.000874     0.436171  
  1445     0.000870     0.436152  
  1446     0.000867     0.436154  
  1447     0.000864     0.436154  
  1448     0.000861     0.436157  
  1449     0.000858     0.436167  
  1450     0.000855     0.436171  
  1451     0.000852     0.436177  
  1452     0.000848     0.436176  
  1453     0.000844     0.436169  
  1454     0.000841     0.436169  
  1455     0.000838     0.436157  
  1456     0.000835     0.436150  
  1457     0.000831     0.436144  
  1458     0.000829     0.436141  
  1459     0.000825     0.436138  
  1460     0.000823     0.436150  
  1461     0.000820     0.436152  
  1462     0.000816     0.436170  
  1463     0.000814     0.436173  
  1464     0.000810     0.436165  
  1465     0.000807     0.436166  
  1466     0.000804     0.436164  
  1467     0.000801     0.436183  
  1468     0.000798     0.436191  
  1469     0.000794     0.436205  
  1470     0.000791     0.436193  
  1471     0.000788     0.436167  
  1472     0.000785     0.436156  
  1473     0.000783     0.436146  
  1474     0.000780     0.436147  
  1475     0.000777     0.436146  
  1476     0.000774     0.436142  
  1477     0.000771     0.436128  
  1478     0.000768     0.436127  
  1479     0.000765     0.436103  
  1480     0.000762     0.436093  
  1481     0.000760     0.436088  
  1482     0.000757     0.436089  
  1483     0.000753     0.436078  
  1484     0.000751     0.436066  
  1485     0.000748     0.436068  
  1486     0.000745     0.436062  
  1487     0.000742     0.436049  
  1488     0.000739     0.436025  
  1489     0.000736     0.436037  
  1490     0.000733     0.436040  
  1491     0.000730     0.436037  
  1492     0.000728     0.436047  
  1493     0.000725     0.436030  
  1494     0.000722     0.436029  
  1495     0.000719     0.436003  
  1496     0.000716     0.435998  
  1497     0.000714     0.435986  
  1498     0.000711     0.435979  
  1499     0.000708     0.435974  
  1500     0.000705     0.435956  
  1501     0.000703     0.435970  
  1502     0.000700     0.435980  
  1503     0.000697     0.435985  
  1504     0.000694     0.435967  
  1505     0.000692     0.435977  
  1506     0.000689     0.435973  
  1507     0.000686     0.435961  
  1508     0.000684     0.435959  
  1509     0.000681     0.435960  
  1510     0.000678     0.435962  
  1511     0.000675     0.435960  
  1512     0.000673     0.435952  
  1513     0.000671     0.435956  
  1514     0.000668     0.435954  
  1515     0.000665     0.435962  
  1516     0.000663     0.435960  
  1517     0.000660     0.435969  
  1518     0.000658     0.435963  
  1519     0.000656     0.435960  
  1520     0.000653     0.435963  
  1521     0.000651     0.435968  
  1522     0.000648     0.435975  
  1523     0.000646     0.435976  
  1524     0.000643     0.435964  
  1525     0.000641     0.435957  
  1526     0.000639     0.435966  
  1527     0.000636     0.435976  
  1528     0.000634     0.435978  
  1529     0.000631     0.435977  
  1530     0.000629     0.435976  
  1531     0.000626     0.435987  
  1532     0.000624     0.435984  
  1533     0.000622     0.435987  
  1534     0.000620     0.435986  
  1535     0.000617     0.435992  
  1536     0.000615     0.435986  
  1537     0.000613     0.435982  
  1538     0.000611     0.435987  
  1539     0.000608     0.435990  
  1540     0.000606     0.435994  
  1541     0.000604     0.435987  
  1542     0.000602     0.435987  
  1543     0.000600     0.436001  
  1544     0.000598     0.436002  
  1545     0.000595     0.435996  
  1546     0.000593     0.435987  
  1547     0.000591     0.435994  
  1548     0.000589     0.435994  
  1549     0.000587     0.435978  
  1550     0.000585     0.435977  
  1551     0.000583     0.435976  
  1552     0.000580     0.435981  
  1553     0.000578     0.435973  
  1554     0.000576     0.435977  
  1555     0.000574     0.435980  
  1556     0.000572     0.435997  
  1557     0.000570     0.436002  
  1558     0.000567     0.435981  
  1559     0.000565     0.435975  
  1560     0.000563     0.435976  
  1561     0.000561     0.435969  
  1562     0.000559     0.435968  
  1563     0.000557     0.435978  
  1564     0.000555     0.435989  
  1565     0.000552     0.435992  
  1566     0.000550     0.435994  
  1567     0.000548     0.435985  
  1568     0.000546     0.435998  
  1569     0.000544     0.435983  
  1570     0.000542     0.435979  
  1571     0.000539     0.435984  
  1572     0.000537     0.435982  
  1573     0.000535     0.435978  
  1574     0.000533     0.435978  
  1575     0.000532     0.435969  
  1576     0.000530     0.435962  
  1577     0.000528     0.435956  
  1578     0.000525     0.435947  
  1579     0.000524     0.435945  
  1580     0.000522     0.435933  
  1581     0.000520     0.435933  
  1582     0.000518     0.435904  
  1583     0.000516     0.435906  
  1584     0.000514     0.435896  
  1585     0.000512     0.435892  
  1586     0.000510     0.435892  
  1587     0.000508     0.435904  
  1588     0.000506     0.435911  
  1589     0.000504     0.435908  
  1590     0.000503     0.435895  
  1591     0.000501     0.435883  
  1592     0.000499     0.435877  
  1593     0.000497     0.435868  
  1594     0.000495     0.435875  
  1595     0.000494     0.435873  
  1596     0.000492     0.435859  
  1597     0.000490     0.435873  
  1598     0.000488     0.435877  
  1599     0.000486     0.435872  
  1600     0.000484     0.435871  
  1601     0.000482     0.435859  
  1602     0.000481     0.435858  
  1603     0.000479     0.435856  
  1604     0.000477     0.435853  
  1605     0.000475     0.435866  
  1606     0.000473     0.435870  
  1607     0.000472     0.435865  
  1608     0.000470     0.435877  
  1609     0.000468     0.435864  
  1610     0.000467     0.435867  
  1611     0.000465     0.435862  
  1612     0.000463     0.435864  
  1613     0.000461     0.435857  
  1614     0.000460     0.435848  
  1615     0.000458     0.435858  
  1616     0.000457     0.435845  
  1617     0.000455     0.435833  
  1618     0.000453     0.435837  
  1619     0.000452     0.435838  
  1620     0.000450     0.435840  
  1621     0.000448     0.435831  
  1622     0.000447     0.435826  
  1623     0.000445     0.435829  
  1624     0.000444     0.435834  
  1625     0.000442     0.435826  
  1626     0.000440     0.435824  
  1627     0.000439     0.435826  
  1628     0.000437     0.435832  
  1629     0.000435     0.435836  
  1630     0.000434     0.435833  
  1631     0.000433     0.435830  
  1632     0.000431     0.435830  
  1633     0.000429     0.435828  
  1634     0.000427     0.435821  
  1635     0.000426     0.435819  
  1636     0.000424     0.435810  
  1637     0.000423     0.435811  
  1638     0.000421     0.435804  
  1639     0.000419     0.435797  
  1640     0.000418     0.435795  
  1641     0.000416     0.435787  
  1642     0.000415     0.435785  
  1643     0.000413     0.435789  
  1644     0.000412     0.435794  
  1645     0.000411     0.435789  
  1646     0.000409     0.435789  
  1647     0.000407     0.435796  
  1648     0.000406     0.435794  
  1649     0.000404     0.435783  
  1650     0.000403     0.435775  
  1651     0.000401     0.435777  
  1652     0.000400     0.435769  
  1653     0.000399     0.435768  
  1654     0.000397     0.435757  
  1655     0.000396     0.435754  
  1656     0.000394     0.435762  
  1657     0.000393     0.435759  
  1658     0.000392     0.435756  
  1659     0.000390     0.435760  
  1660     0.000389     0.435761  
  1661     0.000387     0.435757  
  1662     0.000386     0.435762  
  1663     0.000385     0.435762  
  1664     0.000383     0.435772  
  1665     0.000382     0.435771  
  1666     0.000380     0.435770  
  1667     0.000379     0.435767  
  1668     0.000377     0.435771  
  1669     0.000376     0.435770  
  1670     0.000375     0.435772  
  1671     0.000373     0.435773  
  1672     0.000372     0.435774  
  1673     0.000371     0.435783  
  1674     0.000369     0.435774  
  1675     0.000368     0.435771  
  1676     0.000366     0.435765  
  1677     0.000365     0.435756  
  1678     0.000364     0.435756  
  1679     0.000362     0.435763  
  1680     0.000361     0.435754  
  1681     0.000360     0.435753  
  1682     0.000358     0.435750  
  1683     0.000357     0.435749  
  1684     0.000356     0.435739  
  1685     0.000354     0.435741  
  1686     0.000353     0.435728  
  1687     0.000352     0.435732  
  1688     0.000350     0.435724  
  1689     0.000349     0.435713  
  1690     0.000347     0.435709  
  1691     0.000346     0.435701  
  1692     0.000345     0.435699  
  1693     0.000344     0.435683  
  1694     0.000342     0.435683  
  1695     0.000341     0.435682  
  1696     0.000340     0.435680  
  1697     0.000339     0.435666  
  1698     0.000337     0.435662  
  1699     0.000336     0.435654  
  1700     0.000335     0.435652  
  1701     0.000334     0.435647  
  1702     0.000332     0.435634  
  1703     0.000331     0.435630  
  1704     0.000330     0.435634  
  1705     0.000329     0.435638  
  1706     0.000327     0.435641  
  1707     0.000326     0.435629  * best
  1708     0.000325     0.435637  
  1709     0.000324     0.435653  
  1710     0.000323     0.435657  
  1711     0.000321     0.435652  
  1712     0.000320     0.435646  
  1713     0.000319     0.435647  
  1714     0.000318     0.435640  
  1715     0.000317     0.435634  
  1716     0.000315     0.435641  
  1717     0.000314     0.435638  
  1718     0.000313     0.435635  
  1719     0.000312     0.435639  
  1720     0.000310     0.435643  
  1721     0.000309     0.435647  
  1722     0.000308     0.435652  
  1723     0.000307     0.435660  
  1724     0.000306     0.435659  
  1725     0.000304     0.435673  
  1726     0.000303     0.435679  
  1727     0.000302     0.435683  
  1728     0.000301     0.435676  
  1729     0.000300     0.435678  
  1730     0.000299     0.435671  
  1731     0.000298     0.435682  
  1732     0.000297     0.435669  
  1733     0.000296     0.435676  
  1734     0.000294     0.435676  
  1735     0.000293     0.435678  
  1736     0.000292     0.435681  
  1737     0.000291     0.435675  
  1738     0.000290     0.435677  
  1739     0.000289     0.435674  
  1740     0.000287     0.435679  
  1741     0.000286     0.435686  
  1742     0.000285     0.435674  
  1743     0.000284     0.435672  
  1744     0.000283     0.435674  
  1745     0.000282     0.435672  
  1746     0.000281     0.435675  
  1747     0.000280     0.435667  
  1748     0.000279     0.435668  
  1749     0.000278     0.435672  
  1750     0.000277     0.435670  
  1751     0.000276     0.435660  
  1752     0.000275     0.435649  
  1753     0.000274     0.435644  
  1754     0.000273     0.435648  
  1755     0.000272     0.435641  
  1756     0.000271     0.435646  
  1757     0.000270     0.435646  
  1758     0.000269     0.435639  
  1759     0.000268     0.435644  
  1760     0.000266     0.435651  
  1761     0.000266     0.435652  
  1762     0.000265     0.435654  
  1763     0.000264     0.435658  
  1764     0.000263     0.435665  
  1765     0.000262     0.435663  
  1766     0.000261     0.435668  
  1767     0.000260     0.435667  
  1768     0.000259     0.435667  
  1769     0.000258     0.435668  
  1770     0.000257     0.435660  
  1771     0.000256     0.435653  
  1772     0.000255     0.435663  
  1773     0.000254     0.435671  
  1774     0.000253     0.435667  
  1775     0.000252     0.435672  
  1776     0.000251     0.435672  
  1777     0.000250     0.435667  
  1778     0.000249     0.435659  
  1779     0.000248     0.435662  
  1780     0.000248     0.435666  
  1781     0.000247     0.435652  
  1782     0.000246     0.435650  
  1783     0.000245     0.435658  
  1784     0.000244     0.435664  
  1785     0.000243     0.435666  
  1786     0.000242     0.435675  
  1787     0.000241     0.435673  
  1788     0.000240     0.435671  
  1789     0.000239     0.435668  
  1790     0.000238     0.435673  
  1791     0.000238     0.435680  
  1792     0.000237     0.435680  
  1793     0.000236     0.435678  
  1794     0.000235     0.435674  
  1795     0.000234     0.435672  
  1796     0.000233     0.435670  
  1797     0.000232     0.435677  
  1798     0.000232     0.435681  
  1799     0.000231     0.435686  
  1800     0.000230     0.435685  
  1801     0.000229     0.435691  
  1802     0.000228     0.435694  
  1803     0.000227     0.435688  
  1804     0.000226     0.435690  
  1805     0.000226     0.435692  
  1806     0.000225     0.435694  
  1807     0.000224     0.435695  
# best iteration 1707 (val l2 0.435629)
# Spearman  train +0.9951  val +0.7577  test +0.7601
