# gbm_charge_all seed 0
# sequence and structure charge blocks
# inputs 79, 360 trees
# LightGBM gradient-boosted trees, objective l2, lr 0.05, num_leaves 31, min_data_in_leaf 20, feature_fraction 0.3, bagging 0.8, lambda_l2 1.0, up to 3000 rounds, early stopping 100 on validation l2
# loss = l2 on standardised log10 half-life
#
 round        train          val  note
     1     0.973519     0.998159  
     2     0.944961     0.972054  
     3     0.918442     0.948426  
     4     0.896887     0.931555  
     5     0.878512     0.915757  
     6     0.860125     0.898097  
     7     0.839339     0.879212  
     8     0.821631     0.862831  
     9     0.806682     0.850821  
    10     0.789588     0.836274  
    11     0.776819     0.825365  
    12     0.763831     0.815146  
    13     0.751934     0.805081  
    14     0.741640     0.795836  
    15     0.731201     0.787934  
    16     0.722351     0.782948  
    17     0.713355     0.775582  
    18     0.704440     0.769482  
    19     0.696937     0.764567  
    20     0.689591     0.758515  
    21     0.682476     0.752592  
    22     0.674875     0.746079  
    23     0.669285     0.741688  
    24     0.662874     0.736181  
    25     0.657861     0.732149  
    26     0.651193     0.727104  
    27     0.646052     0.723346  
    28     0.641705     0.721122  
    29     0.637190     0.718535  
    30     0.632660     0.715277  
    31     0.628417     0.712461  
    32     0.624289     0.710403  
    33     0.620214     0.708322  
    34     0.615318     0.705339  
    35     0.611457     0.703519  
    36     0.607124     0.700779  
    37     0.602874     0.698133  
    38     0.599317     0.696346  
    39     0.596330     0.695418  
    40     0.593185     0.693944  
    41     0.589590     0.691992  
    42     0.585659     0.688195  
    43     0.582099     0.685882  
    44     0.579145     0.683786  
    45     0.575957     0.681558  
    46     0.573405     0.680659  
    47     0.570272     0.678989  
    48     0.566609     0.676684  
    49     0.563821     0.675641  
    50     0.561725     0.675550  
    51     0.559075     0.674319  
    52     0.556893     0.673621  
    53     0.554497     0.672737  
    54     0.551373     0.670774  
    55     0.549331     0.669682  
    56     0.547391     0.668774  
    57     0.545330     0.667091  
    58     0.542286     0.665037  
    59     0.540040     0.664491  
    60     0.537706     0.662848  
    61     0.535450     0.661826  
    62     0.533581     0.661422  
    63     0.531349     0.659270  
    64     0.529703     0.658609  
    65     0.527629     0.657178  
    66     0.525526     0.655830  
    67     0.523552     0.654766  
    68     0.521711     0.654444  
    69     0.519779     0.653522  
    70     0.518049     0.651781  
    71     0.516225     0.651243  
    72     0.514595     0.651012  
    73     0.512964     0.650335  
    74     0.510828     0.649772  
    75     0.508967     0.649195  
    76     0.507112     0.648940  
    77     0.505390     0.648600  
    78     0.503676     0.647677  
    79     0.502059     0.647390  
    80     0.500459     0.646809  
    81     0.499232     0.646457  
    82     0.497178     0.645524  
    83     0.495506     0.644805  
    84     0.493957     0.645022  
    85     0.492196     0.643851  
    86     0.490598     0.642841  
    87     0.489122     0.642537  
    88     0.487536     0.642262  
    89     0.485868     0.641901  
    90     0.484153     0.641104  
    91     0.482819     0.640404  
    92     0.481390     0.640054  
    93     0.479806     0.639856  
    94     0.478082     0.639521  
    95     0.476593     0.638596  
    96     0.475070     0.638191  
    97     0.473595     0.637345  
    98     0.472152     0.636791  
    99     0.470356     0.635552  
   100     0.469027     0.635085  
   101     0.467765     0.635463  
   102     0.466713     0.635634  
   103     0.465469     0.635626  
   104     0.464266     0.635050  
   105     0.462936     0.635373  
   106     0.461766     0.635397  
   107     0.460350     0.635191  
   108     0.458965     0.634681  
   109     0.457792     0.634514  
   110     0.456256     0.633882  
   111     0.454981     0.634161  
   112     0.453862     0.633958  
   113     0.452402     0.634123  
   114     0.451133     0.633584  
   115     0.449766     0.632755  
   116     0.448586     0.632164  
   117     0.447103     0.631584  
   118     0.446030     0.631555  
   119     0.444771     0.631520  
   120     0.443208     0.631526  
   121     0.442018     0.631197  
   122     0.440756     0.631611  
   123     0.439766     0.631182  
   124     0.438418     0.629972  
   125     0.437141     0.630048  
   126     0.435958     0.629841  
   127     0.434616     0.628985  
   128     0.433463     0.628933  
   129     0.432433     0.628842  
   130     0.431375     0.628997  
   131     0.430185     0.628789  
   132     0.428878     0.628865  
   133     0.427984     0.628745  
   134     0.426689     0.627928  
   135     0.425627     0.627136  
   136     0.424564     0.626920  
   137     0.423576     0.626351  
   138     0.422442     0.626136  
   139     0.421301     0.626020  
   140     0.420229     0.625929  
   141     0.419200     0.626344  
   142     0.417769     0.626340  
   143     0.416952     0.626200  
   144     0.415796     0.625981  
   145     0.414715     0.625248  
   146     0.413646     0.624558  
   147     0.412579     0.624635  
   148     0.411504     0.624472  
   149     0.410274     0.624139  
   150     0.409320     0.624200  
   151     0.408302     0.623654  
   152     0.407289     0.623690  
   153     0.406422     0.623493  
   154     0.405428     0.623458  
   155     0.404330     0.623120  
   156     0.403498     0.623046  
   157     0.402494     0.623365  
   158     0.401627     0.623072  
   159     0.400387     0.623287  
   160     0.399216     0.623099  
   161     0.398135     0.622995  
   162     0.397006     0.622533  
   163     0.395957     0.622297  
   164     0.394805     0.621947  
   165     0.393946     0.621967  
   166     0.393091     0.621751  
   167     0.392170     0.621778  
   168     0.391125     0.620741  
   169     0.390031     0.620599  
   170     0.389247     0.620463  
   171     0.388359     0.620613  
   172     0.387506     0.620910  
   173     0.386838     0.620295  
   174     0.385931     0.620019  
   175     0.385188     0.620010  
   176     0.384333     0.619942  
   177     0.383643     0.620107  
   178     0.382819     0.619898  
   179     0.381914     0.619409  
   180     0.381049     0.619293  
   181     0.380248     0.619391  
   182     0.379393     0.619442  
   183     0.378489     0.619090  
   184     0.377517     0.619475  
   185     0.376777     0.619222  
   186     0.375914     0.619034  
   187     0.374922     0.618540  
   188     0.374072     0.618182  
   189     0.373331     0.618027  
   190     0.372641     0.617747  
   191     0.371897     0.617602  
   192     0.371069     0.617222  
   193     0.370175     0.617391  
   194     0.369250     0.617411  
   195     0.368300     0.617616  
   196     0.367282     0.617700  
   197     0.366323     0.617401  
   198     0.365269     0.617486  
   199     0.364389     0.617280  
   200     0.363606     0.616943  
   201     0.362606     0.616264  
   202     0.361923     0.616123  
   203     0.361181     0.615574  
   204     0.360254     0.615549  
   205     0.359343     0.614966  
   206     0.358579     0.614968  
   207     0.357928     0.614885  
   208     0.357128     0.614628  
   209     0.356285     0.614603  
   210     0.355643     0.614609  
   211     0.354823     0.614754  
   212     0.354074     0.614934  
   213     0.353373     0.614780  
   214     0.352427     0.614965  
   215     0.351673     0.615077  
   216     0.350897     0.614875  
   217     0.350080     0.614512  
   218     0.349455     0.614438  
   219     0.348590     0.613716  
   220     0.347730     0.613762  
   221     0.347215     0.613579  
   222     0.346463     0.613538  
   223     0.345642     0.613575  
   224     0.344867     0.613992  
   225     0.344062     0.613510  
   226     0.343331     0.613566  
   227     0.342754     0.613763  
   228     0.342141     0.613885  
   229     0.341195     0.613933  
   230     0.340341     0.614034  
   231     0.339576     0.614177  
   232     0.338912     0.614157  
   233     0.338208     0.614237  
   234     0.337475     0.614067  
   235     0.336719     0.614069  
   236     0.336170     0.614303  
   237     0.335418     0.614679  
   238     0.334704     0.615006  
   239     0.333920     0.614848  
   240     0.333172     0.614266  
   241     0.332390     0.614439  
   242     0.331446     0.614454  
   243     0.330642     0.614626  
   244     0.329558     0.614637  
   245     0.328838     0.614580  
   246     0.327952     0.614785  
   247     0.327373     0.614917  
   248     0.326716     0.614852  
   249     0.326064     0.614359  
   250     0.325401     0.614519  
   251     0.324811     0.614250  
   252     0.324151     0.614503  
   253     0.323518     0.614620  
   254     0.322741     0.614462  
   255     0.322029     0.614801  
   256     0.321295     0.614834  
   257     0.320570     0.614791  
   258     0.319901     0.614558  
   259     0.319038     0.614734  
   260     0.318389     0.613920  
   261     0.317884     0.614054  
   262     0.317265     0.614094  
   263     0.316509     0.613761  
   264     0.315780     0.613402  
   265     0.315229     0.613439  
   266     0.314478     0.613445  
   267     0.313765     0.613171  
   268     0.313163     0.613097  
   269     0.312599     0.612976  
   270     0.312136     0.612871  
   271     0.311552     0.612431  
   272     0.310978     0.612445  
   273     0.310419     0.612518  
   274     0.309869     0.612067  
   275     0.309165     0.612214  
   276     0.308537     0.612066  
   277     0.308043     0.612196  
   278     0.307456     0.612154  
   279     0.306652     0.611904  
   280     0.305933     0.611754  
   281     0.305296     0.611392  
   282     0.304741     0.611551  
   283     0.304122     0.611354  
   284     0.303729     0.611515  
   285     0.303230     0.611271  
   286     0.302600     0.611415  
   287     0.301966     0.611471  
   288     0.301315     0.611346  
   289     0.300741     0.610982  
   290     0.300151     0.610921  
   291     0.299514     0.610921  
   292     0.298860     0.611030  
   293     0.298127     0.610819  
   294     0.297430     0.610783  
   295     0.296831     0.610533  
   296     0.296058     0.610540  
   297     0.295418     0.610554  
   298     0.294838     0.610712  
   299     0.294109     0.610784  
   300     0.293542     0.611195  
   301     0.292750     0.610985  
   302     0.292069     0.611173  
   303     0.291523     0.611080  
   304     0.290965     0.611281  
   305     0.290427     0.611322  
   306     0.289785     0.610954  
   307     0.289337     0.610620  
   308     0.288684     0.610255  
   309     0.288089     0.610426  
   310     0.287363     0.610483  
   311     0.286754     0.610129  
   312     0.286194     0.610588  
   313     0.285587     0.610474  
   314     0.284938     0.610649  
   315     0.284399     0.610629  
   316     0.283828     0.610419  
   317     0.283485     0.610363  
   318     0.282940     0.610617  
   319     0.282383     0.610526  
   320     0.281717     0.610638  
   321     0.280988     0.610519  
   322     0.280429     0.610720  
   323     0.279930     0.610296  
   324     0.279091     0.610527  
   325     0.278670     0.610200  
   326     0.277969     0.610197  
   327     0.277428     0.609930  
   328     0.277032     0.610097  
   329     0.276429     0.610296  
   330     0.276018     0.610247  
   331     0.275576     0.610176  
   332     0.275260     0.609965  
   333     0.274682     0.609801  
   334     0.274162     0.609607  
   335     0.273475     0.609231  
   336     0.272965     0.608983  
   337     0.272302     0.608530  
   338     0.271772     0.608372  
   339     0.271174     0.608424  
   340     0.270668     0.608587  
   341     0.270207     0.608557  
   342     0.269768     0.608423  
   343     0.269271     0.608393  
   344     0.268714     0.608550  
   345     0.268317     0.608114  
   346     0.267648     0.608137  
   347     0.267142     0.607736  
   348     0.266640     0.607430  
   349     0.266087     0.607452  
   350     0.265545     0.607173  
   351     0.264941     0.607382  
   352     0.264313     0.607427  
   353     0.263936     0.607090  
   354     0.263444     0.607169  
   355     0.262822     0.607212  
   356     0.262434     0.607303  
   357     0.261897     0.607335  
   358     0.261361     0.607322  
   359     0.261035     0.607046  
   360     0.260402     0.606918  * best
   361     0.259773     0.607061  
   362     0.259075     0.607346  
   363     0.258499     0.607429  
   364     0.258073     0.607614  
   365     0.257722     0.607677  
   366     0.257303     0.607889  
   367     0.256805     0.607702  
   368     0.256343     0.607697  
   369     0.255860     0.607750  
   370     0.255326     0.607844  
   371     0.254722     0.608125  
   372     0.254224     0.608522  
   373     0.253934     0.608688  
   374     0.253410     0.608870  
   375     0.252943     0.608750  
   376     0.252568     0.608794  
   377     0.252050     0.608720  
   378     0.251486     0.608832  
   379     0.250985     0.608755  
   380     0.250372     0.609030  
   381     0.250025     0.609115  
   382     0.249593     0.609092  
   383     0.249070     0.609032  
   384     0.248588     0.609062  
   385     0.248029     0.609540  
   386     0.247525     0.609519  
   387     0.247025     0.609656  
   388     0.246481     0.609532  
   389     0.245818     0.609825  
   390     0.245320     0.609677  
   391     0.244743     0.609603  
   392     0.244082     0.609621  
   393     0.243605     0.609915  
   394     0.243230     0.609874  
   395     0.242751     0.609894  
   396     0.242199     0.609962  
   397     0.241744     0.609923  
   398     0.241247     0.609816  
   399     0.240762     0.609836  
   400     0.240357     0.609994  
   401     0.239939     0.610175  
   402     0.239530     0.610306  
   403     0.239075     0.610283  
   404     0.238611     0.610284  
   405     0.238295     0.610229  
   406     0.237704     0.610224  
   407     0.237136     0.610087  
   408     0.236721     0.610143  
   409     0.236266     0.610006  
   410     0.235823     0.609927  
   411     0.235335     0.610159  
   412     0.235029     0.609884  
   413     0.234531     0.610263  
   414     0.234045     0.610610  
   415     0.233506     0.610916  
   416     0.233004     0.610882  
   417     0.232597     0.610896  
   418     0.232125     0.610644  
   419     0.231577     0.610401  
   420     0.231250     0.610431  
   421     0.230737     0.610505  
   422     0.230312     0.610334  
   423     0.229969     0.610039  
   424     0.229520     0.610035  
   425     0.229101     0.610130  
   426     0.228711     0.610252  
   427     0.228325     0.610272  
   428     0.227888     0.610371  
   429     0.227400     0.610410  
   430     0.227041     0.610615  
   431     0.226685     0.610567  
   432     0.226184     0.610839  
   433     0.225613     0.610695  
   434     0.225127     0.610505  
   435     0.224747     0.610309  
   436     0.224303     0.610397  
   437     0.223836     0.610476  
   438     0.223331     0.610356  
   439     0.222938     0.610429  
   440     0.222536     0.610186  
   441     0.222171     0.610238  
   442     0.221782     0.610252  
   443     0.221414     0.610305  
   444     0.221074     0.610349  
   445     0.220779     0.610337  
   446     0.220415     0.610148  
   447     0.220041     0.609955  
   448     0.219552     0.609906  
   449     0.219183     0.610121  
   450     0.218901     0.610214  
   451     0.218419     0.610309  
   452     0.217997     0.610470  
   453     0.217497     0.610772  
   454     0.217167     0.610734  
   455     0.216727     0.610966  
   456     0.216303     0.611374  
   457     0.215911     0.611092  
   458     0.215497     0.610927  
   459     0.215022     0.610947  
   460     0.214721     0.610875  
# best iteration 360 (val l2 0.606918)
# Spearman  train +0.8761  val +0.6313  test +0.6142
