# gbm_seq+boltz+node seed 0
# boosted trees on seq+boltz+node
# inputs 13927, 169 trees
# LightGBM gradient-boosted trees, objective l2, lr 0.05, num_leaves 31, min_data_in_leaf 20, feature_fraction 0.3, bagging 0.8, lambda_l2 1.0, up to 3000 rounds, early stopping 100 on validation l2
# loss = l2 on standardised log10 half-life
#
 round        train          val  note
     1     0.960078     0.805934  
     2     0.923285     0.796176  
     3     0.888767     0.783815  
     4     0.857808     0.778353  
     5     0.827225     0.763697  
     6     0.798778     0.752881  
     7     0.772468     0.749082  
     8     0.747472     0.741509  
     9     0.725128     0.732858  
    10     0.705133     0.725696  
    11     0.684344     0.717569  
    12     0.665904     0.713505  
    13     0.649651     0.704922  
    14     0.634922     0.702275  
    15     0.620257     0.699226  
    16     0.605565     0.695309  
    17     0.591908     0.690254  
    18     0.579578     0.686396  
    19     0.567220     0.681423  
    20     0.555040     0.676163  
    21     0.543828     0.673894  
    22     0.532714     0.670690  
    23     0.522539     0.667932  
    24     0.513200     0.664696  
    25     0.503916     0.663348  
    26     0.495099     0.661980  
    27     0.486977     0.660089  
    28     0.479667     0.657461  
    29     0.472198     0.654255  
    30     0.465695     0.652656  
    31     0.459013     0.650622  
    32     0.452325     0.647836  
    33     0.445871     0.646256  
    34     0.439684     0.643104  
    35     0.433545     0.640797  
    36     0.427600     0.638500  
    37     0.421607     0.635879  
    38     0.416632     0.634002  
    39     0.411435     0.631466  
    40     0.406737     0.631144  
    41     0.401838     0.629967  
    42     0.397071     0.629024  
    43     0.392663     0.628397  
    44     0.388600     0.627706  
    45     0.383943     0.625614  
    46     0.379683     0.623311  
    47     0.375676     0.622681  
    48     0.371886     0.621988  
    49     0.367817     0.620901  
    50     0.363412     0.619616  
    51     0.359736     0.618662  
    52     0.355997     0.617527  
    53     0.352446     0.617280  
    54     0.349346     0.616223  
    55     0.345774     0.615699  
    56     0.342477     0.614576  
    57     0.339037     0.612684  
    58     0.335833     0.612915  
    59     0.332805     0.612381  
    60     0.329715     0.611698  
    61     0.326629     0.611601  
    62     0.323407     0.610857  
    63     0.320372     0.609410  
    64     0.317785     0.609226  
    65     0.314958     0.607767  
    66     0.312446     0.608173  
    67     0.309862     0.606719  
    68     0.307426     0.606244  
    69     0.304574     0.605439  
    70     0.302082     0.604721  
    71     0.299492     0.603858  
    72     0.297250     0.603236  
    73     0.294921     0.602384  
    74     0.292233     0.601552  
    75     0.289805     0.602909  
    76     0.287618     0.602509  
    77     0.285461     0.602095  
    78     0.282943     0.601601  
    79     0.280685     0.601697  
    80     0.278595     0.601531  
    81     0.276455     0.601163  
    82     0.274360     0.601029  
    83     0.272300     0.600448  
    84     0.270155     0.600560  
    85     0.268135     0.600440  
    86     0.266046     0.600517  
    87     0.263980     0.600550  
    88     0.262095     0.600577  
    89     0.260165     0.600050  
    90     0.258313     0.599575  
    91     0.256335     0.599506  
    92     0.254365     0.598461  
    93     0.252540     0.598451  
    94     0.250821     0.599502  
    95     0.248966     0.599394  
    96     0.247151     0.598843  
    97     0.245342     0.597949  
    98     0.243544     0.596872  
    99     0.241860     0.596762  
   100     0.239944     0.596095  
   101     0.238198     0.595240  
   102     0.236458     0.594814  
   103     0.234761     0.594327  
   104     0.233065     0.594549  
   105     0.231503     0.594170  
   106     0.229718     0.593463  
   107     0.228088     0.593456  
   108     0.226493     0.593086  
   109     0.224738     0.592079  
   110     0.223220     0.591618  
   111     0.221696     0.590850  
   112     0.220146     0.590738  
   113     0.218751     0.590027  
   114     0.217260     0.589003  
   115     0.215713     0.587671  
   116     0.214145     0.587781  
   117     0.212673     0.587234  
   118     0.211283     0.586286  
   119     0.209877     0.586281  
   120     0.208543     0.585377  
   121     0.206985     0.584465  
   122     0.205617     0.583977  
   123     0.204151     0.584058  
   124     0.202747     0.583364  
   125     0.201458     0.583108  
   126     0.200104     0.582990  
   127     0.198887     0.583422  
   128     0.197565     0.584044  
   129     0.196236     0.583286  
   130     0.194933     0.583441  
   131     0.193669     0.583234  
   132     0.192397     0.583320  
   133     0.191145     0.583531  
   134     0.189927     0.582988  
   135     0.188815     0.582475  
   136     0.187556     0.582056  
   137     0.186362     0.581976  
   138     0.185081     0.581472  
   139     0.183949     0.581230  
   140     0.182741     0.581204  
   141     0.181617     0.581501  
   142     0.180544     0.580998  
   143     0.179323     0.581098  
   144     0.178134     0.580810  
   145     0.176958     0.580520  
   146     0.175933     0.580293  
   147     0.174833     0.579480  
   148     0.173666     0.579566  
   149     0.172567     0.579797  
   150     0.171483     0.580517  
   151     0.170460     0.579432  
   152     0.169334     0.580267  
   153     0.168390     0.580269  
   154     0.167235     0.580111  
   155     0.166085     0.580537  
   156     0.165093     0.580504  
   157     0.164120     0.580116  
   158     0.163079     0.580547  
   159     0.162074     0.580546  
   160     0.161040     0.580645  
   161     0.159978     0.580032  
   162     0.159104     0.580316  
   163     0.158219     0.579911  
   164     0.157240     0.579554  
   165     0.156262     0.579783  
   166     0.155308     0.580047  
   167     0.154425     0.579967  
   168     0.153445     0.579467  
   169     0.152481     0.579030  * best
   170     0.151599     0.579313  
   171     0.150648     0.580089  
   172     0.149792     0.580328  
   173     0.148859     0.580476  
   174     0.148071     0.580674  
   175     0.147123     0.579967  
   176     0.146244     0.580247  
   177     0.145407     0.580215  
   178     0.144546     0.580542  
   179     0.143658     0.581391  
   180     0.142799     0.580829  
   181     0.141917     0.581141  
   182     0.141021     0.581759  
   183     0.140205     0.581801  
   184     0.139347     0.581240  
   185     0.138463     0.580911  
   186     0.137641     0.581016  
   187     0.136856     0.581050  
   188     0.135967     0.581282  
   189     0.135125     0.581203  
   190     0.134381     0.580743  
   191     0.133642     0.580692  
   192     0.132886     0.580987  
   193     0.132143     0.580829  
   194     0.131334     0.580669  
   195     0.130538     0.580864  
   196     0.129749     0.580845  
   197     0.128955     0.580799  
   198     0.128259     0.580653  
   199     0.127562     0.580772  
   200     0.126821     0.580431  
   201     0.126167     0.580396  
   202     0.125433     0.581257  
   203     0.124692     0.581399  
   204     0.123946     0.581837  
   205     0.123236     0.581887  
   206     0.122541     0.582067  
   207     0.121824     0.582254  
   208     0.121123     0.582515  
   209     0.120459     0.582167  
   210     0.119764     0.581928  
   211     0.118991     0.582032  
   212     0.118330     0.582395  
   213     0.117653     0.582101  
   214     0.117053     0.582175  
   215     0.116379     0.582140  
   216     0.115771     0.582249  
   217     0.115105     0.582334  
   218     0.114509     0.582279  
   219     0.113873     0.582572  
   220     0.113198     0.583027  
   221     0.112610     0.582322  
   222     0.111989     0.582334  
   223     0.111397     0.582165  
   224     0.110830     0.581862  
   225     0.110216     0.581805  
   226     0.109569     0.581634  
   227     0.108976     0.581657  
   228     0.108396     0.581354  
   229     0.107780     0.581640  
   230     0.107177     0.581461  
   231     0.106593     0.581668  
   232     0.106027     0.581907  
   233     0.105383     0.581854  
   234     0.104842     0.582117  
   235     0.104249     0.582286  
   236     0.103664     0.582642  
   237     0.103132     0.583228  
   238     0.102531     0.583389  
   239     0.101982     0.583587  
   240     0.101396     0.583865  
   241     0.100826     0.583953  
   242     0.100261     0.584802  
   243     0.099736     0.584704  
   244     0.099193     0.585277  
   245     0.098650     0.585207  
   246     0.098098     0.584847  
   247     0.097616     0.584504  
   248     0.097041     0.584506  
   249     0.096509     0.584663  
   250     0.095937     0.584933  
   251     0.095404     0.584892  
   252     0.094918     0.585032  
   253     0.094383     0.585103  
   254     0.093851     0.585123  
   255     0.093325     0.584977  
   256     0.092834     0.584852  
   257     0.092319     0.585084  
   258     0.091849     0.585233  
   259     0.091356     0.585071  
   260     0.090886     0.584923  
   261     0.090404     0.584455  
   262     0.089970     0.584095  
   263     0.089485     0.584347  
   264     0.089037     0.584107  
   265     0.088517     0.584000  
   266     0.088085     0.584079  
   267     0.087583     0.584248  
   268     0.087100     0.584252  
   269     0.086617     0.584433  
# best iteration 169 (val l2 0.579030)
# Spearman  train +0.9338  val +0.4599  test +0.5569
