# mlp_seq+boltz seed 2
# perceptron on seq+boltz
# inputs [(2407,)], 312,385 parameters
# Linear(n_in,128) -> GELU -> Dropout(0.3) -> Linear(128,32) -> GELU -> Dropout(0.3) -> Linear(32,1)
# Adam lr=0.001 weight_decay=0.0001 batch=32 dropout=0.3
# loss = MSE on standardised log10 half-life
# early stopping on validation loss, patience 40, max 300 epochs
#
 epoch  train_batch        train          val  note
     1     0.564186     0.364277     0.667616  * best
     2     0.418206     0.292605     0.604735  * best
     3     0.359445     0.257094     0.588921  * best
     4     0.318590     0.205082     0.586493  * best
     5     0.289519     0.171639     0.604100  
     6     0.261930     0.166203     0.609538  
     7     0.252301     0.156980     0.626535  
     8     0.237704     0.146565     0.626319  
     9     0.224189     0.146966     0.629916  
    10     0.215883     0.127926     0.612347  
    11     0.204527     0.109750     0.608497  
    12     0.202596     0.130712     0.585983  * best
    13     0.191078     0.117444     0.616827  
    14     0.186308     0.098166     0.619660  
    15     0.175458     0.103473     0.613461  
    16     0.175211     0.107299     0.605676  
    17     0.170985     0.089181     0.609587  
    18     0.166178     0.094623     0.615932  
    19     0.159348     0.087752     0.632891  
    20     0.157996     0.083102     0.618105  
    21     0.154681     0.086026     0.621811  
    22     0.155947     0.075983     0.628039  
    23     0.155453     0.079850     0.625290  
    24     0.150165     0.072106     0.653053  
    25     0.150090     0.071748     0.627257  
    26     0.150264     0.091675     0.605141  
    27     0.149145     0.068777     0.652693  
    28     0.144464     0.075264     0.621988  
    29     0.141079     0.074249     0.612409  
    30     0.138116     0.063202     0.662281  
    31     0.139108     0.073292     0.634117  
    32     0.140710     0.068540     0.664233  
    33     0.138414     0.065616     0.651756  
    34     0.137251     0.063753     0.655378  
    35     0.135385     0.061642     0.627712  
    36     0.135118     0.064743     0.684122  
    37     0.135539     0.068172     0.651653  
    38     0.131355     0.059962     0.670716  
    39     0.130923     0.066112     0.613150  
    40     0.129067     0.057185     0.623446  
    41     0.129983     0.057879     0.632865  
    42     0.132161     0.067075     0.624862  
    43     0.131291     0.054697     0.630518  
    44     0.129458     0.065246     0.615314  
    45     0.131797     0.054449     0.675093  
    46     0.128073     0.054253     0.645624  
    47     0.128353     0.057222     0.619032  
    48     0.131085     0.061559     0.649509  
    49     0.126706     0.056596     0.639222  
    50     0.126768     0.053525     0.620363  
    51     0.122873     0.069508     0.616744  
    52     0.121068     0.059818     0.634996  
# stopped at epoch 52: no improvement for 40 epochs
# restored epoch 12 (val MSE 0.585983)
# Spearman  train +0.9470  val +0.4496  test +0.4867
