# mlp_seq+boltz_pooled seed 2
# sequence baseline concatenated with the Boltz pooled blocks
# inputs [(2407,)], 312,385 parameters
# Linear(n_in,128) -> GELU -> Dropout(0.3) -> Linear(128,32) -> GELU -> Dropout(0.3) -> Linear(32,1)
# Adam lr=0.001 weight_decay=0.0001 batch=32 dropout=0.3
# loss = MSE on standardised log10 half-life
# early stopping on validation loss, patience 40, max 300 epochs
#
 epoch  train_batch        train          val  note
     1     0.608794     0.375196     0.511082  * best
     2     0.434187     0.303490     0.474386  * best
     3     0.364429     0.240612     0.460148  * best
     4     0.318234     0.211048     0.455864  * best
     5     0.288406     0.172704     0.432409  * best
     6     0.259275     0.165502     0.451957  
     7     0.237835     0.126999     0.445980  
     8     0.221346     0.136697     0.451737  
     9     0.207278     0.122316     0.435219  
    10     0.206209     0.113575     0.438964  
    11     0.190668     0.097396     0.447829  
    12     0.184847     0.093061     0.452444  
    13     0.178144     0.103603     0.442380  
    14     0.164703     0.074861     0.447457  
    15     0.168502     0.083971     0.451932  
    16     0.155171     0.078521     0.457289  
    17     0.154412     0.074212     0.428412  * best
    18     0.151110     0.076678     0.463796  
    19     0.146649     0.077590     0.433680  
    20     0.144703     0.065867     0.451497  
    21     0.146351     0.075476     0.446380  
    22     0.138660     0.078979     0.443983  
    23     0.137699     0.082267     0.446534  
    24     0.136311     0.070026     0.443751  
    25     0.131231     0.058806     0.443031  
    26     0.134679     0.058369     0.446721  
    27     0.132262     0.069416     0.466078  
    28     0.130630     0.060651     0.462102  
    29     0.131295     0.076537     0.449947  
    30     0.127216     0.054627     0.446177  
    31     0.126330     0.061382     0.431645  
    32     0.120143     0.059942     0.441692  
    33     0.125003     0.056944     0.447506  
    34     0.116996     0.061204     0.451107  
    35     0.123372     0.063449     0.448739  
    36     0.120154     0.054366     0.431671  
    37     0.120797     0.054785     0.451358  
    38     0.124940     0.057995     0.450198  
    39     0.116263     0.071200     0.447881  
    40     0.115958     0.055900     0.444783  
    41     0.113625     0.048204     0.437419  
    42     0.116718     0.054479     0.442868  
    43     0.117791     0.048395     0.464740  
    44     0.119652     0.052588     0.446296  
    45     0.111238     0.052263     0.436934  
    46     0.113503     0.057004     0.447534  
    47     0.113757     0.046180     0.436498  
    48     0.111702     0.046435     0.463707  
    49     0.107402     0.050797     0.443407  
    50     0.107196     0.050810     0.452878  
    51     0.107282     0.047812     0.440251  
    52     0.111898     0.050118     0.440080  
    53     0.108578     0.047798     0.443894  
    54     0.112418     0.044561     0.453109  
    55     0.108119     0.042453     0.455228  
    56     0.108869     0.046169     0.449353  
    57     0.108807     0.044888     0.455357  
# stopped at epoch 57: no improvement for 40 epochs
# restored epoch 17 (val MSE 0.428412)
# Spearman  train +0.9644  val +0.7653  test +0.7755
