# seq_hla_pseudo seed 1
# NetMHCpan pseudosequence one-hot, 34 x 20
# input dim 680, 91,329 parameters
# Linear(n_in,128) -> GELU -> Dropout(0.3) -> Linear(128,32) -> GELU -> Dropout(0.3) -> Linear(32,1)
# Adam lr=0.001 weight_decay=0.0001 batch=32 dropout=0.3
# loss = MSE on standardised log10 half-life
# early stopping on validation loss, patience 40, max 300 epochs
#
 epoch  train_batch        train          val  note
     1     0.786602     0.725979     0.781374  * best
     2     0.742430     0.710893     0.762682  * best
     3     0.732565     0.708780     0.759534  * best
     4     0.730961     0.707154     0.760291  
     5     0.723588     0.704052     0.750141  * best
     6     0.723990     0.701275     0.745418  * best
     7     0.722579     0.703070     0.760145  
     8     0.723187     0.703407     0.751067  
     9     0.721179     0.709678     0.749595  
    10     0.719661     0.705570     0.754848  
    11     0.723488     0.700998     0.753095  
    12     0.716070     0.702790     0.746591  
    13     0.716143     0.700716     0.755664  
    14     0.716437     0.701073     0.748168  
    15     0.715360     0.702459     0.752503  
    16     0.712558     0.700714     0.755660  
    17     0.718560     0.703594     0.745558  
    18     0.712413     0.707038     0.752099  
    19     0.716059     0.708757     0.762737  
    20     0.722130     0.700283     0.741450  * best
    21     0.716880     0.697469     0.750775  
    22     0.715234     0.702638     0.747543  
    23     0.716616     0.698060     0.743202  
    24     0.711543     0.703892     0.757401  
    25     0.714137     0.696307     0.750067  
    26     0.716282     0.701891     0.757139  
    27     0.713759     0.699247     0.748569  
    28     0.717127     0.698891     0.755330  
    29     0.716554     0.698819     0.746039  
    30     0.714523     0.695397     0.746935  
    31     0.715875     0.698803     0.745787  
    32     0.714887     0.697642     0.745252  
    33     0.713316     0.695967     0.745722  
    34     0.712458     0.697146     0.746935  
    35     0.713391     0.697114     0.746946  
    36     0.714512     0.697803     0.743771  
    37     0.716489     0.697416     0.744658  
    38     0.713863     0.701310     0.751425  
    39     0.715720     0.697100     0.749367  
    40     0.714368     0.698046     0.749583  
    41     0.711216     0.695162     0.744653  
    42     0.714104     0.699464     0.741242  * best
    43     0.714081     0.696858     0.743347  
    44     0.713820     0.698882     0.743926  
    45     0.718334     0.698420     0.746688  
    46     0.714830     0.699823     0.747074  
    47     0.714957     0.697203     0.752927  
    48     0.711519     0.698765     0.752223  
    49     0.714065     0.699580     0.745325  
    50     0.716227     0.696506     0.740956  * best
    51     0.715682     0.698196     0.743583  
    52     0.714436     0.699358     0.750917  
    53     0.714506     0.697684     0.741718  
    54     0.715874     0.696681     0.750468  
    55     0.716300     0.698927     0.744689  
    56     0.712427     0.697494     0.745447  
    57     0.712388     0.709004     0.758312  
    58     0.710174     0.703006     0.748863  
    59     0.715662     0.698556     0.745737  
    60     0.717396     0.696675     0.744452  
    61     0.711969     0.698928     0.743580  
    62     0.716520     0.696792     0.745827  
    63     0.711141     0.697138     0.741136  
    64     0.714962     0.696056     0.743722  
    65     0.714557     0.697237     0.743985  
    66     0.714143     0.696398     0.746017  
    67     0.714147     0.698879     0.749102  
    68     0.711487     0.696937     0.742801  
    69     0.714206     0.698861     0.746303  
    70     0.715789     0.699111     0.749169  
    71     0.715877     0.700123     0.743184  
    72     0.711707     0.697988     0.741359  
    73     0.713859     0.698096     0.747515  
    74     0.711515     0.701693     0.742864  
    75     0.714024     0.699967     0.747217  
    76     0.712624     0.698740     0.750752  
    77     0.713726     0.705488     0.749251  
    78     0.711963     0.697328     0.751057  
    79     0.711976     0.697270     0.746387  
    80     0.711327     0.706893     0.759294  
    81     0.711551     0.700755     0.745886  
    82     0.716230     0.697842     0.743022  
    83     0.709423     0.696568     0.741857  
    84     0.714184     0.698480     0.748679  
    85     0.711755     0.699201     0.748163  
    86     0.714071     0.695612     0.743434  
    87     0.711796     0.698423     0.746027  
    88     0.713393     0.700939     0.748806  
    89     0.716647     0.695865     0.743964  
    90     0.717168     0.703695     0.751145  
# stopped at epoch 90: no improvement for 40 epochs
# restored epoch 50 (val MSE 0.740956)
# Spearman  train +0.5410  val +0.5137  test +0.5023
