# charge_struct seed 3
# structure-derived charge: Coulomb proxy over charged centres, salt bridges, receptor charge within 8/12 A, per-position charge environment
# input dim 20, 6,849 parameters
# Linear(n_in,128) -> GELU -> Dropout(0.3) -> Linear(128,32) -> GELU -> Dropout(0.3) -> Linear(32,1)
# Adam lr=0.001 weight_decay=0.0001 batch=32 dropout=0.3
# loss = MSE on standardised log10 half-life
# early stopping on validation loss, patience 40, max 300 epochs
#
 epoch  train_batch        train          val  note
     1     0.925500     0.870235     0.896783  * best
     2     0.858949     0.819291     0.853088  * best
     3     0.835563     0.794321     0.837769  * best
     4     0.815843     0.775669     0.816233  * best
     5     0.807569     0.771535     0.815423  * best
     6     0.795345     0.758062     0.808731  * best
     7     0.785987     0.749473     0.798549  * best
     8     0.781702     0.746666     0.798472  * best
     9     0.768793     0.733434     0.789110  * best
    10     0.771222     0.734970     0.791243  
    11     0.764014     0.725336     0.780538  * best
    12     0.764482     0.724860     0.781859  
    13     0.758867     0.717479     0.778898  * best
    14     0.756454     0.713475     0.779321  
    15     0.752784     0.711614     0.773457  * best
    16     0.741425     0.706093     0.781376  
    17     0.744031     0.703842     0.770769  * best
    18     0.748477     0.700580     0.770768  
    19     0.736341     0.694159     0.772892  
    20     0.733563     0.695950     0.776999  
    21     0.730125     0.687716     0.769476  * best
    22     0.725980     0.688718     0.773700  
    23     0.728733     0.684102     0.766045  * best
    24     0.723571     0.679068     0.759944  * best
    25     0.725985     0.677172     0.758354  * best
    26     0.719378     0.685430     0.765080  
    27     0.724142     0.673779     0.763380  
    28     0.720724     0.668934     0.754452  * best
    29     0.708331     0.668622     0.756547  
    30     0.716415     0.677967     0.761567  
    31     0.703968     0.664702     0.757235  
    32     0.705352     0.662308     0.752656  * best
    33     0.713397     0.664909     0.755887  
    34     0.702537     0.655015     0.754580  
    35     0.701113     0.655479     0.757063  
    36     0.697446     0.649252     0.751211  * best
    37     0.706268     0.651241     0.747042  * best
    38     0.702216     0.646648     0.750555  
    39     0.695993     0.643472     0.752550  
    40     0.692291     0.640106     0.748190  
    41     0.691761     0.646073     0.750930  
    42     0.687547     0.634766     0.742799  * best
    43     0.687456     0.636047     0.745739  
    44     0.680913     0.642688     0.738400  * best
    45     0.685372     0.629615     0.742573  
    46     0.681743     0.634879     0.739791  
    47     0.680505     0.629675     0.741543  
    48     0.678843     0.623009     0.738135  * best
    49     0.674504     0.623351     0.736277  * best
    50     0.682245     0.640567     0.757881  
    51     0.679104     0.622960     0.743051  
    52     0.673150     0.616406     0.734134  * best
    53     0.674344     0.618402     0.731940  * best
    54     0.681274     0.619368     0.744721  
    55     0.672113     0.609314     0.735125  
    56     0.665728     0.619302     0.754935  
    57     0.671224     0.621624     0.733686  
    58     0.665824     0.615062     0.743612  
    59     0.670036     0.612507     0.730200  * best
    60     0.667530     0.606406     0.725594  * best
    61     0.664893     0.606120     0.727780  
    62     0.660389     0.603748     0.733753  
    63     0.664843     0.608286     0.729886  
    64     0.660180     0.596525     0.726210  
    65     0.659522     0.600818     0.734704  
    66     0.661023     0.595288     0.730502  
    67     0.656452     0.595514     0.723342  * best
    68     0.656187     0.596860     0.730558  
    69     0.647607     0.586064     0.726134  
    70     0.655907     0.588460     0.728905  
    71     0.651920     0.590222     0.728628  
    72     0.657776     0.581228     0.727885  
    73     0.650712     0.581608     0.732604  
    74     0.649439     0.583159     0.722834  * best
    75     0.657448     0.581203     0.725312  
    76     0.649881     0.584576     0.721372  * best
    77     0.653367     0.581583     0.724708  
    78     0.652016     0.580314     0.721669  
    79     0.637153     0.572674     0.719111  * best
    80     0.645041     0.577871     0.731661  
    81     0.633378     0.573212     0.722936  
    82     0.638420     0.570080     0.722576  
    83     0.630680     0.569950     0.722304  
    84     0.640086     0.569757     0.722264  
    85     0.643134     0.570049     0.725709  
    86     0.638504     0.565705     0.727038  
    87     0.641212     0.565081     0.719871  
    88     0.637329     0.572927     0.726612  
    89     0.643591     0.562731     0.718348  * best
    90     0.632074     0.558704     0.718988  
    91     0.619191     0.560649     0.717825  * best
    92     0.639070     0.556214     0.714894  * best
    93     0.638700     0.557599     0.714950  
    94     0.632151     0.555822     0.718791  
    95     0.631123     0.555207     0.713008  * best
    96     0.630662     0.559325     0.707342  * best
    97     0.631510     0.557136     0.716853  
    98     0.627406     0.559116     0.717925  
    99     0.625292     0.556454     0.721141  
   100     0.626084     0.552172     0.718311  
   101     0.629625     0.548529     0.713562  
   102     0.628259     0.564552     0.725452  
   103     0.623032     0.547635     0.712513  
   104     0.632888     0.556253     0.717434  
   105     0.628979     0.546842     0.710224  
   106     0.616042     0.543792     0.713591  
   107     0.619534     0.542146     0.712515  
   108     0.622775     0.540570     0.720641  
   109     0.620289     0.549518     0.714505  
   110     0.619584     0.537906     0.706852  * best
   111     0.615749     0.538629     0.708125  
   112     0.619992     0.552183     0.718458  
   113     0.618431     0.542181     0.710054  
   114     0.622099     0.549283     0.720249  
   115     0.620619     0.545875     0.719015  
   116     0.619014     0.538955     0.707693  
   117     0.615880     0.535389     0.715380  
   118     0.614010     0.534590     0.714285  
   119     0.610683     0.531520     0.720639  
   120     0.619752     0.535116     0.718616  
   121     0.619315     0.529365     0.712766  
   122     0.608274     0.525471     0.711087  
   123     0.608700     0.532420     0.713891  
   124     0.612035     0.527513     0.713763  
   125     0.613454     0.532469     0.718365  
   126     0.614429     0.534317     0.728005  
   127     0.611600     0.538554     0.722445  
   128     0.603418     0.529476     0.718638  
   129     0.611717     0.528210     0.717188  
   130     0.614393     0.528808     0.719419  
   131     0.606674     0.520469     0.719349  
   132     0.608753     0.523824     0.718678  
   133     0.609495     0.526686     0.723475  
   134     0.608425     0.527074     0.723127  
   135     0.601512     0.520416     0.715766  
   136     0.610019     0.525765     0.715133  
   137     0.610691     0.521019     0.720894  
   138     0.599004     0.511450     0.716635  
   139     0.601056     0.530368     0.723245  
   140     0.609394     0.524239     0.717194  
   141     0.598834     0.512896     0.713231  
   142     0.603079     0.520479     0.714696  
   143     0.605641     0.519040     0.715139  
   144     0.592524     0.520383     0.718911  
   145     0.595878     0.512250     0.728935  
   146     0.605040     0.508356     0.714348  
   147     0.599482     0.523472     0.717130  
   148     0.599412     0.514565     0.711097  
   149     0.597704     0.510837     0.714710  
   150     0.594896     0.511629     0.711049  
# stopped at epoch 150: no improvement for 40 epochs
# restored epoch 110 (val MSE 0.706852)
# Spearman  train +0.6813  val +0.5514  test +0.5351
