# gbm_seq seed 0
# boosted trees on seq
# inputs 860, 141 trees
# LightGBM gradient-boosted trees, objective l2, lr 0.05, num_leaves 31, min_data_in_leaf 20, feature_fraction 0.3, bagging 0.8, lambda_l2 1.0, up to 3000 rounds, early stopping 100 on validation l2
# loss = l2 on standardised log10 half-life
#
 round        train          val  note
     1     0.968457     0.822588  
     2     0.937267     0.819050  
     3     0.909114     0.808703  
     4     0.880033     0.801503  
     5     0.857502     0.805273  
     6     0.835325     0.794395  
     7     0.814979     0.792608  
     8     0.797160     0.793287  
     9     0.780221     0.805888  
    10     0.763870     0.804234  
    11     0.747987     0.815619  
    12     0.734939     0.827970  
    13     0.723593     0.837441  
    14     0.711068     0.838049  
    15     0.700708     0.834486  
    16     0.691357     0.837378  
    17     0.680688     0.832524  
    18     0.670709     0.830755  
    19     0.662097     0.827652  
    20     0.654431     0.827094  
    21     0.646657     0.824156  
    22     0.640560     0.825382  
    23     0.633626     0.827333  
    24     0.627724     0.827619  
    25     0.622279     0.826221  
    26     0.617363     0.819523  
    27     0.612512     0.820051  
    28     0.607578     0.817736  
    29     0.602734     0.814158  
    30     0.599173     0.818235  
    31     0.595448     0.814940  
    32     0.591109     0.815227  
    33     0.587095     0.808447  
    34     0.584013     0.807181  
    35     0.580842     0.804271  
    36     0.576899     0.802549  
    37     0.573847     0.806730  
    38     0.570782     0.802429  
    39     0.568191     0.802323  
    40     0.565276     0.802590  
    41     0.562418     0.802234  
    42     0.560152     0.803270  
    43     0.557193     0.800148  
    44     0.554915     0.797626  
    45     0.552516     0.793681  
    46     0.549704     0.790997  
    47     0.547044     0.790980  
    48     0.545169     0.791416  
    49     0.542750     0.789510  
    50     0.540845     0.789700  
    51     0.538187     0.788636  
    52     0.536437     0.787317  
    53     0.533706     0.787042  
    54     0.531390     0.788802  
    55     0.529214     0.789763  
    56     0.527296     0.788268  
    57     0.524937     0.785591  
    58     0.521856     0.784912  
    59     0.519756     0.784247  
    60     0.517770     0.783958  
    61     0.515972     0.783217  
    62     0.514361     0.782109  
    63     0.511846     0.781242  
    64     0.509865     0.779039  
    65     0.508044     0.780016  
    66     0.505765     0.779966  
    67     0.504487     0.781039  
    68     0.502541     0.779782  
    69     0.501036     0.779486  
    70     0.499492     0.779334  
    71     0.497960     0.780873  
    72     0.496528     0.780784  
    73     0.495201     0.781867  
    74     0.493797     0.781275  
    75     0.492067     0.780968  
    76     0.490828     0.780426  
    77     0.488930     0.779736  
    78     0.487083     0.779747  
    79     0.485612     0.778785  
    80     0.484408     0.780306  
    81     0.482754     0.780169  
    82     0.481151     0.779317  
    83     0.479826     0.775947  
    84     0.478291     0.774986  
    85     0.477017     0.774587  
    86     0.475761     0.775612  
    87     0.474347     0.775719  
    88     0.473106     0.775623  
    89     0.471833     0.775793  
    90     0.470679     0.776372  
    91     0.469341     0.776835  
    92     0.467593     0.776501  
    93     0.466432     0.776334  
    94     0.465310     0.775991  
    95     0.464130     0.775855  
    96     0.463203     0.776303  
    97     0.462182     0.776179  
    98     0.460897     0.775046  
    99     0.459624     0.774182  
   100     0.458493     0.774270  
   101     0.457499     0.774358  
   102     0.456491     0.774060  
   103     0.454138     0.771831  
   104     0.452990     0.772260  
   105     0.451906     0.771203  
   106     0.450675     0.771578  
   107     0.449565     0.771719  
   108     0.448677     0.772068  
   109     0.447385     0.770231  
   110     0.446486     0.770026  
   111     0.445381     0.770180  
   112     0.444515     0.770257  
   113     0.443537     0.769096  
   114     0.442660     0.769193  
   115     0.441586     0.769739  
   116     0.440638     0.769250  
   117     0.439803     0.769615  
   118     0.439037     0.769814  
   119     0.438147     0.769473  
   120     0.437075     0.769321  
   121     0.436220     0.769296  
   122     0.435203     0.769060  
   123     0.434340     0.767960  
   124     0.433388     0.766756  
   125     0.432592     0.767672  
   126     0.431724     0.767280  
   127     0.430844     0.767119  
   128     0.429044     0.766542  
   129     0.428232     0.766412  
   130     0.427421     0.765839  
   131     0.426126     0.765131  
   132     0.425254     0.765624  
   133     0.424339     0.764444  
   134     0.423507     0.763538  
   135     0.422753     0.762658  
   136     0.421968     0.762712  
   137     0.421250     0.762104  
   138     0.420453     0.762598  
   139     0.419511     0.762422  
   140     0.418936     0.762162  
   141     0.418144     0.762034  * best
   142     0.417043     0.762257  
   143     0.415984     0.763434  
   144     0.414977     0.762326  
   145     0.413943     0.764755  
   146     0.413239     0.764907  
   147     0.412565     0.765395  
   148     0.411815     0.765491  
   149     0.411095     0.765888  
   150     0.410415     0.765847  
   151     0.409325     0.765034  
   152     0.408520     0.765743  
   153     0.407737     0.764786  
   154     0.407156     0.764326  
   155     0.406372     0.764424  
   156     0.405663     0.766341  
   157     0.405058     0.766119  
   158     0.404262     0.766660  
   159     0.403652     0.766742  
   160     0.402994     0.766662  
   161     0.402379     0.766358  
   162     0.401824     0.766097  
   163     0.401262     0.766101  
   164     0.400593     0.766104  
   165     0.400038     0.766146  
   166     0.399489     0.765598  
   167     0.398776     0.765736  
   168     0.397775     0.764856  
   169     0.397167     0.764947  
   170     0.396212     0.764885  
   171     0.395687     0.765256  
   172     0.395223     0.764976  
   173     0.394663     0.765224  
   174     0.394143     0.765604  
   175     0.392957     0.765642  
   176     0.392381     0.766011  
   177     0.391833     0.766310  
   178     0.390799     0.766325  
   179     0.390427     0.766329  
   180     0.389916     0.765461  
   181     0.389337     0.765458  
   182     0.388534     0.764594  
   183     0.387712     0.764827  
   184     0.387055     0.764983  
   185     0.386140     0.764564  
   186     0.385521     0.764345  
   187     0.385011     0.764226  
   188     0.384278     0.764370  
   189     0.383533     0.764261  
   190     0.382959     0.764213  
   191     0.382327     0.764702  
   192     0.381580     0.764199  
   193     0.380908     0.764171  
   194     0.380149     0.763733  
   195     0.379564     0.764365  
   196     0.378946     0.764038  
   197     0.378487     0.765172  
   198     0.377687     0.764941  
   199     0.377198     0.764935  
   200     0.376664     0.764933  
   201     0.376141     0.764772  
   202     0.375627     0.764789  
   203     0.374921     0.764577  
   204     0.374170     0.764733  
   205     0.373486     0.764548  
   206     0.372757     0.766132  
   207     0.372168     0.766463  
   208     0.371474     0.766907  
   209     0.370964     0.766708  
   210     0.370597     0.766671  
   211     0.369885     0.766153  
   212     0.369137     0.765863  
   213     0.368648     0.766326  
   214     0.368041     0.765037  
   215     0.367435     0.765218  
   216     0.366760     0.765358  
   217     0.366354     0.765766  
   218     0.365972     0.765305  
   219     0.365462     0.765520  
   220     0.364981     0.765809  
   221     0.364464     0.768093  
   222     0.363953     0.768338  
   223     0.363343     0.767630  
   224     0.362903     0.767802  
   225     0.362273     0.767262  
   226     0.361795     0.767202  
   227     0.361312     0.767249  
   228     0.360887     0.767875  
   229     0.360153     0.767655  
   230     0.359540     0.767554  
   231     0.359080     0.767190  
   232     0.358504     0.766791  
   233     0.357940     0.766501  
   234     0.357465     0.765965  
   235     0.356942     0.765719  
   236     0.356448     0.765324  
   237     0.356028     0.765545  
   238     0.355572     0.764658  
   239     0.355140     0.764356  
   240     0.354448     0.764175  
   241     0.353762     0.763581  
# best iteration 141 (val l2 0.762034)
# Spearman  train +0.7747  val +0.1120  test -0.1140
