# gbm_seq+boltz+node+energy seed 0
# boosted trees on seq+boltz+node+energy
# inputs 14357, 184 trees
# LightGBM gradient-boosted trees, objective l2, lr 0.05, num_leaves 31, min_data_in_leaf 20, feature_fraction 0.3, bagging 0.8, lambda_l2 1.0, up to 3000 rounds, early stopping 100 on validation l2
# loss = l2 on standardised log10 half-life
#
 round        train          val  note
     1     0.957722     0.807349  
     2     0.919959     0.798719  
     3     0.884262     0.787431  
     4     0.851134     0.779836  
     5     0.819783     0.770500  
     6     0.790998     0.764019  
     7     0.764794     0.757680  
     8     0.740832     0.749358  
     9     0.718533     0.745522  
    10     0.697341     0.739620  
    11     0.677088     0.733968  
    12     0.657904     0.727703  
    13     0.639919     0.722547  
    14     0.623577     0.721108  
    15     0.607729     0.714033  
    16     0.593473     0.706497  
    17     0.579130     0.704592  
    18     0.563975     0.698257  
    19     0.551847     0.694435  
    20     0.539293     0.692035  
    21     0.527498     0.687096  
    22     0.516646     0.682014  
    23     0.506572     0.678209  
    24     0.497922     0.677376  
    25     0.488228     0.672246  
    26     0.480626     0.670081  
    27     0.472407     0.667579  
    28     0.465006     0.664590  
    29     0.457737     0.663093  
    30     0.449770     0.660860  
    31     0.442904     0.657027  
    32     0.436016     0.652964  
    33     0.429215     0.648046  
    34     0.423536     0.646169  
    35     0.417847     0.643764  
    36     0.412196     0.641929  
    37     0.406510     0.638755  
    38     0.400974     0.636792  
    39     0.395496     0.634661  
    40     0.390596     0.633017  
    41     0.385870     0.632056  
    42     0.381218     0.630983  
    43     0.376898     0.631014  
    44     0.372629     0.630183  
    45     0.368209     0.628041  
    46     0.363895     0.625347  
    47     0.360086     0.623393  
    48     0.355829     0.621308  
    49     0.352480     0.620005  
    50     0.348888     0.618638  
    51     0.345463     0.617831  
    52     0.342094     0.616020  
    53     0.338802     0.614690  
    54     0.335488     0.613779  
    55     0.331945     0.610825  
    56     0.328781     0.610386  
    57     0.325683     0.608876  
    58     0.322663     0.607182  
    59     0.319502     0.605681  
    60     0.316866     0.605574  
    61     0.314198     0.605335  
    62     0.311325     0.603624  
    63     0.308555     0.601799  
    64     0.305760     0.600436  
    65     0.303135     0.599959  
    66     0.300697     0.599064  
    67     0.297877     0.597509  
    68     0.295479     0.597441  
    69     0.293009     0.597063  
    70     0.290387     0.596542  
    71     0.288053     0.595587  
    72     0.285763     0.595069  
    73     0.283552     0.594864  
    74     0.281062     0.592981  
    75     0.278815     0.592113  
    76     0.276658     0.591420  
    77     0.274538     0.590845  
    78     0.272261     0.590512  
    79     0.270136     0.590173  
    80     0.268216     0.589562  
    81     0.266126     0.589397  
    82     0.264019     0.588426  
    83     0.261953     0.587854  
    84     0.259744     0.587808  
    85     0.257906     0.587272  
    86     0.255834     0.587387  
    87     0.253591     0.588767  
    88     0.251628     0.588557  
    89     0.249599     0.587185  
    90     0.247723     0.587186  
    91     0.245879     0.586009  
    92     0.244228     0.585760  
    93     0.242464     0.586260  
    94     0.240517     0.586072  
    95     0.238773     0.586142  
    96     0.237112     0.585671  
    97     0.235347     0.585934  
    98     0.233615     0.585722  
    99     0.231841     0.585582  
   100     0.230172     0.584743  
   101     0.228451     0.584416  
   102     0.226847     0.585174  
   103     0.225070     0.584643  
   104     0.223552     0.583623  
   105     0.221917     0.583265  
   106     0.220311     0.583469  
   107     0.218681     0.583371  
   108     0.217236     0.583194  
   109     0.215720     0.582514  
   110     0.214274     0.582336  
   111     0.212816     0.581977  
   112     0.211364     0.581449  
   113     0.209880     0.581044  
   114     0.208419     0.581253  
   115     0.206949     0.581110  
   116     0.205586     0.581393  
   117     0.204178     0.581774  
   118     0.202731     0.581416  
   119     0.201454     0.581357  
   120     0.200074     0.580705  
   121     0.198714     0.579782  
   122     0.197382     0.579823  
   123     0.196049     0.579154  
   124     0.194652     0.579196  
   125     0.193385     0.579548  
   126     0.192016     0.579542  
   127     0.190818     0.579327  
   128     0.189557     0.579597  
   129     0.188333     0.579163  
   130     0.187134     0.579388  
   131     0.185990     0.579403  
   132     0.184760     0.578950  
   133     0.183554     0.578524  
   134     0.182360     0.578455  
   135     0.181196     0.579030  
   136     0.179984     0.578079  
   137     0.178840     0.577877  
   138     0.177724     0.578335  
   139     0.176636     0.578186  
   140     0.175496     0.577789  
   141     0.174411     0.578129  
   142     0.173315     0.577866  
   143     0.172214     0.577711  
   144     0.171069     0.577829  
   145     0.169966     0.577532  
   146     0.168908     0.577631  
   147     0.167842     0.577603  
   148     0.166841     0.577736  
   149     0.165774     0.577588  
   150     0.164708     0.576662  
   151     0.163670     0.576675  
   152     0.162696     0.576416  
   153     0.161673     0.576776  
   154     0.160700     0.576898  
   155     0.159700     0.576697  
   156     0.158678     0.576613  
   157     0.157704     0.576190  
   158     0.156755     0.575604  
   159     0.155746     0.575597  
   160     0.154773     0.575352  
   161     0.153813     0.575371  
   162     0.152801     0.574625  
   163     0.151871     0.574369  
   164     0.150939     0.574075  
   165     0.149956     0.574006  
   166     0.149015     0.573712  
   167     0.148107     0.573783  
   168     0.147275     0.573668  
   169     0.146403     0.573804  
   170     0.145525     0.573552  
   171     0.144647     0.573739  
   172     0.143768     0.574018  
   173     0.142931     0.573701  
   174     0.142107     0.573923  
   175     0.141215     0.573591  
   176     0.140358     0.573631  
   177     0.139477     0.573898  
   178     0.138688     0.574003  
   179     0.137850     0.573888  
   180     0.137047     0.573598  
   181     0.136230     0.573387  
   182     0.135412     0.573644  
   183     0.134599     0.573498  
   184     0.133809     0.573170  * best
   185     0.132957     0.573814  
   186     0.132246     0.574249  
   187     0.131474     0.574291  
   188     0.130678     0.574471  
   189     0.129882     0.573947  
   190     0.129155     0.573655  
   191     0.128382     0.573631  
   192     0.127642     0.573844  
   193     0.126874     0.573792  
   194     0.126131     0.573589  
   195     0.125411     0.574152  
   196     0.124737     0.574121  
   197     0.123982     0.574259  
   198     0.123275     0.574088  
   199     0.122547     0.574368  
   200     0.121789     0.574567  
   201     0.121112     0.574646  
   202     0.120390     0.574720  
   203     0.119699     0.574625  
   204     0.119017     0.574389  
   205     0.118332     0.574166  
   206     0.117651     0.574211  
   207     0.117006     0.574344  
   208     0.116302     0.574569  
   209     0.115631     0.574947  
   210     0.114956     0.574778  
   211     0.114284     0.575290  
   212     0.113640     0.575361  
   213     0.112991     0.575322  
   214     0.112331     0.575357  
   215     0.111633     0.575354  
   216     0.110982     0.575269  
   217     0.110408     0.575521  
   218     0.109821     0.575323  
   219     0.109194     0.575617  
   220     0.108613     0.575787  
   221     0.108025     0.575779  
   222     0.107460     0.575704  
   223     0.106870     0.575648  
   224     0.106235     0.575713  
   225     0.105617     0.575592  
   226     0.105065     0.574986  
   227     0.104424     0.575319  
   228     0.103809     0.575584  
   229     0.103243     0.575402  
   230     0.102617     0.575284  
   231     0.102042     0.575778  
   232     0.101432     0.576037  
   233     0.100820     0.575820  
   234     0.100262     0.576165  
   235     0.099787     0.576257  
   236     0.099278     0.576281  
   237     0.098729     0.576179  
   238     0.098193     0.575888  
   239     0.097677     0.575550  
   240     0.097142     0.575668  
   241     0.096614     0.575634  
   242     0.096073     0.576159  
   243     0.095619     0.576241  
   244     0.095118     0.576970  
   245     0.094590     0.577317  
   246     0.094063     0.577403  
   247     0.093534     0.577442  
   248     0.093047     0.577419  
   249     0.092500     0.577056  
   250     0.092031     0.577028  
   251     0.091463     0.577118  
   252     0.090961     0.576702  
   253     0.090503     0.576691  
   254     0.089998     0.576860  
   255     0.089554     0.576917  
   256     0.089066     0.576471  
   257     0.088566     0.576393  
   258     0.088071     0.576572  
   259     0.087620     0.576562  
   260     0.087126     0.576912  
   261     0.086621     0.576901  
   262     0.086160     0.576900  
   263     0.085700     0.577291  
   264     0.085249     0.577231  
   265     0.084816     0.577027  
   266     0.084380     0.577189  
   267     0.083940     0.576963  
   268     0.083439     0.577228  
   269     0.083027     0.577270  
   270     0.082562     0.577164  
   271     0.082098     0.577151  
   272     0.081636     0.577571  
   273     0.081180     0.578021  
   274     0.080758     0.577909  
   275     0.080315     0.577879  
   276     0.079890     0.577987  
   277     0.079444     0.577619  
   278     0.079019     0.577737  
   279     0.078614     0.578007  
   280     0.078204     0.578193  
   281     0.077784     0.578296  
   282     0.077390     0.578263  
   283     0.077016     0.578427  
   284     0.076626     0.578246  
# best iteration 184 (val l2 0.573170)
# Spearman  train +0.9417  val +0.4637  test +0.5548
