# mlp_seq+boltz+energy+edge seed 0
# perceptron on seq+boltz+energy+edge
# inputs [(17287,)], 2,217,025 parameters
# Linear(n_in,128) -> GELU -> Dropout(0.3) -> Linear(128,32) -> GELU -> Dropout(0.3) -> Linear(32,1)
# Adam lr=0.001 weight_decay=0.0001 batch=32 dropout=0.3
# loss = MSE on standardised log10 half-life
# early stopping on validation loss, patience 40, max 300 epochs
#
 epoch  train_batch        train          val  note
     1    10.212572    11.759645     0.720342  * best
     2    14.196947     3.930069     0.723946  
     3     4.753465     7.176184     0.699094  * best
     4    17.445476     0.559206     0.675117  * best
     5     0.668047     0.475781     0.659771  * best
     6     0.831911     0.903588     0.675715  
     7     0.536190     0.396892     0.632883  * best
     8     0.526669     0.491394     0.627638  * best
     9     0.605287     0.355352     0.633774  
    10     0.641044     0.448032     0.730644  
    11     0.715551     0.587298     0.620422  * best
    12     0.644509     0.393362     0.643607  
    13     0.508852     0.341179     0.633632  
    14     0.475443     0.344505     0.616171  * best
    15     0.504469     0.287759     0.618755  
    16     0.461526     0.277059     0.630529  
    17     0.569915     0.379116     0.662535  
    18     0.440273     0.278666     0.633395  
    19     0.435518     0.246344     0.625782  
    20     0.420832     0.234999     0.583476  * best
    21     0.394756     0.229543     0.588559  
    22     0.378009     0.232176     0.622714  
    23     0.377526     0.206407     0.604122  
    24     0.365981     0.229487     0.606629  
    25     0.358803     0.223313     0.617954  
    26     0.380229     0.199489     0.611576  
    27     0.359948     0.221845     0.601610  
    28     0.349087     0.207995     0.615828  
    29     0.352160     0.226946     0.675600  
    30     0.341929     0.191097     0.602923  
    31     0.352277     0.209877     0.622183  
    32     0.335659     0.222988     0.584290  
    33     0.407200     0.264279     0.618970  
    34     0.356958     0.197520     0.634290  
    35     0.420664     0.224535     0.593632  
    36     0.371606     0.220209     0.598201  
    37     0.355281     0.220743     0.576877  * best
    38     0.405277     0.223635     0.605175  
    39     0.418289     0.227857     0.597885  
    40     0.378829     0.210418     0.641844  
    41     0.363024     0.190240     0.613770  
    42     0.371774     0.251480     0.609875  
    43     0.506284     0.240908     0.599758  
    44     0.473588     0.265606     0.596451  
    45     0.456502     0.257973     0.560230  * best
    46     0.472744     0.266345     0.591891  
    47     0.510726     0.275587     0.597495  
    48     0.468303     0.250317     0.586612  
    49     0.443680     0.221494     0.598701  
    50     0.423247     0.233336     0.597036  
    51     0.531715     0.223169     0.653642  
    52     0.386472     0.209760     0.602824  
    53     0.366702     0.195412     0.623429  
    54     0.383905     0.236940     0.612655  
    55     0.384054     0.226076     0.604176  
    56     0.477012     0.524712     0.714611  
    57     0.547464     0.384017     0.606269  
    58     0.502847     0.341605     0.608509  
    59     0.664063     0.363695     0.640340  
    60     0.527993     0.379127     0.610095  
    61     0.518187     0.331754     0.663595  
    62     0.488989     0.351712     0.611790  
    63     0.447964     0.294347     0.609406  
    64     0.470833     0.252372     0.626185  
    65     0.382900     0.243338     0.683470  
    66     0.399389     0.296534     0.638259  
    67     0.418600     0.215627     0.637536  
    68     0.380531     0.200288     0.596207  
    69     0.368596     0.213063     0.622664  
    70     0.370435     0.203963     0.618517  
    71     0.355508     0.199721     0.584533  
    72     0.434936     0.460007     0.689048  
    73     0.464976     0.342153     0.606222  
    74     0.522377     0.333530     0.615650  
    75     0.468274     0.322872     0.657625  
    76     0.465506     0.277561     0.644662  
    77     0.510091     0.360473     0.605987  
    78     0.525492     0.299256     0.612882  
    79     0.506222     0.291103     0.613666  
    80     0.486026     0.244780     0.614371  
    81     0.452134     0.244112     0.605804  
    82     0.421365     0.249523     0.586135  
    83     0.441852     0.247844     0.603496  
    84     0.421088     0.237175     0.585247  
    85     0.409124     0.222102     0.675535  
# stopped at epoch 85: no improvement for 40 epochs
# restored epoch 45 (val MSE 0.560230)
# Spearman  train +0.9186  val +0.4748  test +0.3740
