# gbm_boltz_pooled seed 4
# Boltz pooled blocks
# inputs 1547, 759 trees
# LightGBM gradient-boosted trees, objective l2, lr 0.05, num_leaves 31, min_data_in_leaf 20, feature_fraction 0.3, bagging 0.8, lambda_l2 1.0, up to 3000 rounds, early stopping 100 on validation l2
# loss = l2 on standardised log10 half-life
#
 round        train          val  note
     1     0.963954     0.993187  
     2     0.929471     0.965629  
     3     0.897466     0.942223  
     4     0.868452     0.918452  
     5     0.840816     0.896549  
     6     0.814816     0.878331  
     7     0.789876     0.859284  
     8     0.768092     0.842326  
     9     0.747276     0.826401  
    10     0.727023     0.810724  
    11     0.708786     0.798333  
    12     0.691653     0.787697  
    13     0.675582     0.776716  
    14     0.659517     0.765250  
    15     0.643991     0.755075  
    16     0.629089     0.745452  
    17     0.614734     0.733825  
    18     0.601926     0.724544  
    19     0.589274     0.716320  
    20     0.577607     0.709609  
    21     0.566778     0.701681  
    22     0.555981     0.695746  
    23     0.544934     0.687480  
    24     0.535315     0.681586  
    25     0.526119     0.676240  
    26     0.516789     0.670839  
    27     0.508214     0.666114  
    28     0.499576     0.660488  
    29     0.491390     0.655791  
    30     0.483699     0.651823  
    31     0.476101     0.647321  
    32     0.468575     0.641972  
    33     0.461773     0.638336  
    34     0.454744     0.633462  
    35     0.448006     0.629826  
    36     0.441721     0.627088  
    37     0.435560     0.622948  
    38     0.429555     0.619537  
    39     0.423644     0.617547  
    40     0.417761     0.614142  
    41     0.412005     0.610545  
    42     0.406308     0.608537  
    43     0.401062     0.605276  
    44     0.395835     0.602318  
    45     0.390682     0.599060  
    46     0.385715     0.595981  
    47     0.380664     0.592963  
    48     0.375704     0.590087  
    49     0.371271     0.587726  
    50     0.366411     0.585668  
    51     0.362111     0.584475  
    52     0.358079     0.581969  
    53     0.353851     0.579946  
    54     0.349708     0.577698  
    55     0.345402     0.574869  
    56     0.341464     0.573631  
    57     0.337877     0.572181  
    58     0.334226     0.571797  
    59     0.330523     0.570267  
    60     0.326801     0.568856  
    61     0.323452     0.567307  
    62     0.320083     0.566027  
    63     0.316193     0.563532  
    64     0.312311     0.562106  
    65     0.308860     0.560378  
    66     0.305544     0.558408  
    67     0.302286     0.556633  
    68     0.299478     0.556254  
    69     0.296259     0.554949  
    70     0.293345     0.553971  
    71     0.290264     0.552399  
    72     0.287367     0.551131  
    73     0.284258     0.549784  
    74     0.281318     0.548396  
    75     0.278579     0.547307  
    76     0.275803     0.546098  
    77     0.273013     0.544866  
    78     0.270286     0.544379  
    79     0.267473     0.542695  
    80     0.265105     0.541838  
    81     0.262407     0.540939  
    82     0.260111     0.539788  
    83     0.257839     0.538547  
    84     0.255608     0.537561  
    85     0.253363     0.537789  
    86     0.251036     0.536674  
    87     0.248959     0.535937  
    88     0.246617     0.534567  
    89     0.244357     0.533789  
    90     0.241947     0.532870  
    91     0.239692     0.532338  
    92     0.237645     0.531693  
    93     0.235579     0.531210  
    94     0.233218     0.530008  
    95     0.231229     0.528822  
    96     0.229230     0.528241  
    97     0.226936     0.527412  
    98     0.224787     0.526288  
    99     0.222451     0.525728  
   100     0.220409     0.525425  
   101     0.218369     0.524605  
   102     0.216353     0.524268  
   103     0.214374     0.523106  
   104     0.212353     0.522042  
   105     0.210448     0.521228  
   106     0.208554     0.520922  
   107     0.206612     0.521013  
   108     0.204896     0.520594  
   109     0.203100     0.520214  
   110     0.201339     0.520153  
   111     0.199484     0.519389  
   112     0.197601     0.518896  
   113     0.195784     0.518677  
   114     0.194041     0.517955  
   115     0.192411     0.516441  
   116     0.190834     0.515880  
   117     0.189272     0.515168  
   118     0.187671     0.515103  
   119     0.186162     0.514375  
   120     0.184561     0.513778  
   121     0.182891     0.512772  
   122     0.181326     0.512867  
   123     0.179813     0.512852  
   124     0.178453     0.511938  
   125     0.176931     0.511695  
   126     0.175447     0.511258  
   127     0.174010     0.511169  
   128     0.172625     0.510895  
   129     0.171256     0.510604  
   130     0.169961     0.510239  
   131     0.168609     0.509766  
   132     0.167134     0.509215  
   133     0.165891     0.508791  
   134     0.164622     0.507915  
   135     0.163210     0.507563  
   136     0.161921     0.507043  
   137     0.160670     0.506998  
   138     0.159434     0.506891  
   139     0.158123     0.506479  
   140     0.156961     0.506628  
   141     0.155731     0.506374  
   142     0.154513     0.505950  
   143     0.153225     0.505650  
   144     0.151906     0.504924  
   145     0.150732     0.504493  
   146     0.149447     0.503611  
   147     0.148164     0.503056  
   148     0.147010     0.502503  
   149     0.145863     0.502309  
   150     0.144695     0.502205  
   151     0.143598     0.502207  
   152     0.142532     0.501892  
   153     0.141325     0.501197  
   154     0.140287     0.501189  
   155     0.139249     0.500833  
   156     0.138207     0.500745  
   157     0.137136     0.500507  
   158     0.136047     0.500004  
   159     0.135009     0.499874  
   160     0.134025     0.499536  
   161     0.132931     0.499655  
   162     0.131992     0.499393  
   163     0.131041     0.498889  
   164     0.130001     0.498755  
   165     0.129001     0.498641  
   166     0.127985     0.498777  
   167     0.126944     0.498875  
   168     0.125964     0.499025  
   169     0.124941     0.499180  
   170     0.124039     0.499168  
   171     0.123064     0.499354  
   172     0.122132     0.499004  
   173     0.121231     0.498595  
   174     0.120337     0.498761  
   175     0.119437     0.498583  
   176     0.118567     0.498497  
   177     0.117687     0.498166  
   178     0.116835     0.498007  
   179     0.115935     0.497543  
   180     0.115123     0.497188  
   181     0.114257     0.497120  
   182     0.113396     0.497221  
   183     0.112624     0.496971  
   184     0.111829     0.496553  
   185     0.110979     0.496231  
   186     0.110213     0.495546  
   187     0.109457     0.495085  
   188     0.108689     0.495096  
   189     0.107867     0.494962  
   190     0.107055     0.494456  
   191     0.106228     0.494228  
   192     0.105419     0.493822  
   193     0.104681     0.493947  
   194     0.103916     0.493972  
   195     0.103104     0.493726  
   196     0.102396     0.493700  
   197     0.101675     0.493522  
   198     0.100954     0.492887  
   199     0.100220     0.492957  
   200     0.099419     0.492340  
   201     0.098690     0.492237  
   202     0.097963     0.491914  
   203     0.097268     0.491456  
   204     0.096592     0.491546  
   205     0.095866     0.491458  
   206     0.095201     0.491555  
   207     0.094519     0.491028  
   208     0.093892     0.490872  
   209     0.093204     0.490658  
   210     0.092567     0.490093  
   211     0.091929     0.490137  
   212     0.091344     0.489923  
   213     0.090712     0.489758  
   214     0.090072     0.489636  
   215     0.089481     0.489965  
   216     0.088848     0.489892  
   217     0.088246     0.489551  
   218     0.087653     0.489551  
   219     0.087029     0.489573  
   220     0.086380     0.489448  
   221     0.085820     0.489092  
   222     0.085200     0.488985  
   223     0.084623     0.488776  
   224     0.084083     0.488789  
   225     0.083433     0.488920  
   226     0.082805     0.489031  
   227     0.082283     0.488957  
   228     0.081728     0.488886  
   229     0.081129     0.488741  
   230     0.080623     0.488802  
   231     0.080094     0.488864  
   232     0.079562     0.488806  
   233     0.079043     0.488520  
   234     0.078508     0.488212  
   235     0.077955     0.488229  
   236     0.077358     0.488037  
   237     0.076855     0.487758  
   238     0.076313     0.487792  
   239     0.075794     0.487681  
   240     0.075294     0.487495  
   241     0.074825     0.487430  
   242     0.074363     0.487536  
   243     0.073893     0.487424  
   244     0.073366     0.487403  
   245     0.072884     0.487424  
   246     0.072386     0.487301  
   247     0.071930     0.487505  
   248     0.071429     0.487305  
   249     0.070922     0.487172  
   250     0.070444     0.486998  
   251     0.069965     0.487015  
   252     0.069507     0.486895  
   253     0.069019     0.486589  
   254     0.068578     0.486577  
   255     0.068099     0.486426  
   256     0.067640     0.486239  
   257     0.067138     0.486203  
   258     0.066668     0.486092  
   259     0.066223     0.485837  
   260     0.065791     0.485851  
   261     0.065327     0.485670  
   262     0.064848     0.485419  
   263     0.064410     0.485303  
   264     0.063971     0.485111  
   265     0.063540     0.485025  
   266     0.063151     0.484922  
   267     0.062727     0.484838  
   268     0.062283     0.484922  
   269     0.061860     0.484730  
   270     0.061430     0.484840  
   271     0.061009     0.484719  
   272     0.060617     0.484686  
   273     0.060193     0.484507  
   274     0.059819     0.484438  
   275     0.059434     0.484570  
   276     0.059017     0.484416  
   277     0.058646     0.484131  
   278     0.058319     0.484138  
   279     0.057941     0.483856  
   280     0.057591     0.484280  
   281     0.057208     0.484349  
   282     0.056818     0.484544  
   283     0.056413     0.484267  
   284     0.056031     0.484509  
   285     0.055653     0.484576  
   286     0.055280     0.484558  
   287     0.054939     0.484590  
   288     0.054574     0.484607  
   289     0.054221     0.484608  
   290     0.053924     0.484565  
   291     0.053557     0.484831  
   292     0.053213     0.484447  
   293     0.052855     0.484237  
   294     0.052509     0.484161  
   295     0.052133     0.484137  
   296     0.051817     0.484024  
   297     0.051468     0.484051  
   298     0.051150     0.484026  
   299     0.050803     0.483777  
   300     0.050466     0.483700  
   301     0.050128     0.483602  
   302     0.049843     0.483628  
   303     0.049536     0.483723  
   304     0.049178     0.483955  
   305     0.048878     0.483819  
   306     0.048581     0.483912  
   307     0.048231     0.483862  
   308     0.047925     0.483981  
   309     0.047625     0.484138  
   310     0.047312     0.484406  
   311     0.047009     0.484277  
   312     0.046710     0.484062  
   313     0.046413     0.483990  
   314     0.046134     0.483831  
   315     0.045845     0.483703  
   316     0.045543     0.483564  
   317     0.045250     0.483619  
   318     0.044958     0.483549  
   319     0.044670     0.483287  
   320     0.044382     0.483424  
   321     0.044104     0.483063  
   322     0.043792     0.482979  
   323     0.043501     0.482771  
   324     0.043221     0.482660  
   325     0.042941     0.482706  
   326     0.042658     0.482576  
   327     0.042388     0.482476  
   328     0.042166     0.482356  
   329     0.041871     0.482225  
   330     0.041603     0.482016  
   331     0.041363     0.481898  
   332     0.041102     0.481915  
   333     0.040834     0.481867  
   334     0.040560     0.481889  
   335     0.040293     0.481936  
   336     0.040095     0.481801  
   337     0.039824     0.481799  
   338     0.039566     0.481710  
   339     0.039317     0.481837  
   340     0.039076     0.481748  
   341     0.038813     0.481634  
   342     0.038577     0.481732  
   343     0.038344     0.481722  
   344     0.038110     0.481651  
   345     0.037883     0.481518  
   346     0.037685     0.481522  
   347     0.037472     0.481379  
   348     0.037240     0.481501  
   349     0.036973     0.481588  
   350     0.036750     0.481587  
   351     0.036521     0.481442  
   352     0.036315     0.481571  
   353     0.036102     0.481444  
   354     0.035858     0.481235  
   355     0.035640     0.481053  
   356     0.035428     0.481135  
   357     0.035220     0.481096  
   358     0.034994     0.481096  
   359     0.034780     0.481076  
   360     0.034580     0.480856  
   361     0.034385     0.480679  
   362     0.034172     0.480864  
   363     0.033956     0.480961  
   364     0.033742     0.480944  
   365     0.033541     0.480926  
   366     0.033323     0.480762  
   367     0.033115     0.480640  
   368     0.032911     0.480584  
   369     0.032718     0.480403  
   370     0.032507     0.480445  
   371     0.032322     0.480373  
   372     0.032140     0.480491  
   373     0.031941     0.480445  
   374     0.031746     0.480526  
   375     0.031523     0.480398  
   376     0.031342     0.480370  
   377     0.031123     0.480296  
   378     0.030938     0.480380  
   379     0.030756     0.480332  
   380     0.030556     0.480118  
   381     0.030362     0.480114  
   382     0.030209     0.480078  
   383     0.030010     0.480077  
   384     0.029820     0.479984  
   385     0.029651     0.479914  
   386     0.029458     0.479906  
   387     0.029292     0.479777  
   388     0.029112     0.479529  
   389     0.028932     0.479300  
   390     0.028758     0.479121  
   391     0.028583     0.479192  
   392     0.028389     0.479268  
   393     0.028222     0.479128  
   394     0.028065     0.479097  
   395     0.027883     0.479019  
   396     0.027717     0.479135  
   397     0.027569     0.479298  
   398     0.027405     0.479070  
   399     0.027228     0.479069  
   400     0.027048     0.479052  
   401     0.026889     0.479024  
   402     0.026730     0.478959  
   403     0.026579     0.478834  
   404     0.026401     0.478735  
   405     0.026247     0.478752  
   406     0.026092     0.478675  
   407     0.025928     0.478776  
   408     0.025776     0.478719  
   409     0.025618     0.478758  
   410     0.025468     0.478712  
   411     0.025333     0.478619  
   412     0.025183     0.478598  
   413     0.025034     0.478582  
   414     0.024879     0.478663  
   415     0.024719     0.478568  
   416     0.024562     0.478658  
   417     0.024401     0.478605  
   418     0.024256     0.478529  
   419     0.024101     0.478454  
   420     0.023955     0.478438  
   421     0.023818     0.478455  
   422     0.023669     0.478488  
   423     0.023530     0.478329  
   424     0.023378     0.478422  
   425     0.023245     0.478445  
   426     0.023094     0.478358  
   427     0.022953     0.478433  
   428     0.022812     0.478413  
   429     0.022674     0.478391  
   430     0.022535     0.478367  
   431     0.022408     0.478332  
   432     0.022274     0.478263  
   433     0.022136     0.478118  
   434     0.022005     0.478106  
   435     0.021889     0.478167  
   436     0.021757     0.478192  
   437     0.021627     0.478252  
   438     0.021508     0.478334  
   439     0.021405     0.478354  
   440     0.021272     0.478332  
   441     0.021143     0.478426  
   442     0.021007     0.478365  
   443     0.020873     0.478266  
   444     0.020746     0.478228  
   445     0.020630     0.478208  
   446     0.020502     0.478206  
   447     0.020388     0.478185  
   448     0.020260     0.478203  
   449     0.020135     0.478306  
   450     0.020029     0.478191  
   451     0.019916     0.478341  
   452     0.019796     0.478382  
   453     0.019677     0.478285  
   454     0.019557     0.478219  
   455     0.019442     0.478197  
   456     0.019324     0.478164  
   457     0.019207     0.478258  
   458     0.019100     0.478228  
   459     0.018971     0.477969  
   460     0.018857     0.477763  
   461     0.018738     0.477644  
   462     0.018630     0.477731  
   463     0.018528     0.477712  
   464     0.018406     0.477810  
   465     0.018284     0.477738  
   466     0.018176     0.477926  
   467     0.018085     0.477929  
   468     0.017980     0.477938  
   469     0.017874     0.478014  
   470     0.017781     0.477983  
   471     0.017686     0.477941  
   472     0.017582     0.477862  
   473     0.017470     0.477750  
   474     0.017374     0.477819  
   475     0.017274     0.477775  
   476     0.017171     0.477667  
   477     0.017074     0.477628  
   478     0.016968     0.477774  
   479     0.016870     0.477778  
   480     0.016769     0.477751  
   481     0.016668     0.477788  
   482     0.016565     0.477789  
   483     0.016459     0.477754  
   484     0.016360     0.477812  
   485     0.016265     0.477757  
   486     0.016167     0.477685  
   487     0.016074     0.477592  
   488     0.015986     0.477449  
   489     0.015894     0.477404  
   490     0.015800     0.477365  
   491     0.015710     0.477463  
   492     0.015616     0.477447  
   493     0.015525     0.477542  
   494     0.015436     0.477479  
   495     0.015351     0.477522  
   496     0.015253     0.477496  
   497     0.015164     0.477453  
   498     0.015080     0.477444  
   499     0.014986     0.477357  
   500     0.014911     0.477424  
   501     0.014824     0.477407  
   502     0.014733     0.477407  
   503     0.014643     0.477324  
   504     0.014549     0.477289  
   505     0.014468     0.477199  
   506     0.014391     0.477260  
   507     0.014313     0.477171  
   508     0.014229     0.477098  
   509     0.014151     0.477048  
   510     0.014080     0.477044  
   511     0.013987     0.477083  
   512     0.013911     0.476967  
   513     0.013838     0.476940  
   514     0.013763     0.476903  
   515     0.013678     0.476923  
   516     0.013603     0.476793  
   517     0.013522     0.476771  
   518     0.013443     0.476818  
   519     0.013368     0.476797  
   520     0.013287     0.476867  
   521     0.013214     0.477023  
   522     0.013138     0.476996  
   523     0.013062     0.476928  
   524     0.012985     0.476864  
   525     0.012909     0.476781  
   526     0.012836     0.476779  
   527     0.012770     0.476783  
   528     0.012695     0.476777  
   529     0.012624     0.476695  
   530     0.012551     0.476644  
   531     0.012477     0.476551  
   532     0.012407     0.476460  
   533     0.012327     0.476389  
   534     0.012259     0.476356  
   535     0.012192     0.476407  
   536     0.012127     0.476467  
   537     0.012062     0.476366  
   538     0.011997     0.476317  
   539     0.011935     0.476284  
   540     0.011863     0.476343  
   541     0.011801     0.476248  
   542     0.011729     0.476232  
   543     0.011666     0.476322  
   544     0.011606     0.476243  
   545     0.011538     0.476283  
   546     0.011483     0.476359  
   547     0.011422     0.476386  
   548     0.011360     0.476436  
   549     0.011291     0.476391  
   550     0.011230     0.476333  
   551     0.011168     0.476221  
   552     0.011098     0.476098  
   553     0.011039     0.476097  
   554     0.010972     0.476036  
   555     0.010913     0.476060  
   556     0.010850     0.476062  
   557     0.010787     0.476027  
   558     0.010731     0.476049  
   559     0.010680     0.476033  
   560     0.010617     0.475990  
   561     0.010563     0.475924  
   562     0.010512     0.476000  
   563     0.010456     0.476062  
   564     0.010400     0.476012  
   565     0.010345     0.476055  
   566     0.010292     0.476109  
   567     0.010235     0.476073  
   568     0.010178     0.476020  
   569     0.010121     0.476016  
   570     0.010056     0.476040  
   571     0.010004     0.476043  
   572     0.009949     0.475930  
   573     0.009888     0.475794  
   574     0.009833     0.475844  
   575     0.009778     0.475782  
   576     0.009728     0.475729  
   577     0.009674     0.475673  
   578     0.009619     0.475705  
   579     0.009571     0.475714  
   580     0.009517     0.475709  
   581     0.009457     0.475656  
   582     0.009406     0.475635  
   583     0.009358     0.475648  
   584     0.009298     0.475605  
   585     0.009249     0.475583  
   586     0.009202     0.475615  
   587     0.009151     0.475617  
   588     0.009102     0.475586  
   589     0.009048     0.475541  
   590     0.009000     0.475601  
   591     0.008949     0.475656  
   592     0.008896     0.475744  
   593     0.008838     0.475734  
   594     0.008787     0.475733  
   595     0.008733     0.475754  
   596     0.008681     0.475808  
   597     0.008628     0.475752  
   598     0.008582     0.475726  
   599     0.008537     0.475800  
   600     0.008497     0.475861  
   601     0.008449     0.475755  
   602     0.008398     0.475862  
   603     0.008355     0.475935  
   604     0.008308     0.475911  
   605     0.008263     0.475820  
   606     0.008220     0.475855  
   607     0.008170     0.475817  
   608     0.008122     0.475869  
   609     0.008074     0.475928  
   610     0.008030     0.475993  
   611     0.007987     0.475937  
   612     0.007945     0.475866  
   613     0.007904     0.475862  
   614     0.007866     0.475927  
   615     0.007823     0.475858  
   616     0.007776     0.475889  
   617     0.007735     0.475853  
   618     0.007689     0.475745  
   619     0.007646     0.475726  
   620     0.007596     0.475633  
   621     0.007556     0.475623  
   622     0.007514     0.475690  
   623     0.007474     0.475635  
   624     0.007434     0.475684  
   625     0.007394     0.475687  
   626     0.007355     0.475732  
   627     0.007310     0.475731  
   628     0.007269     0.475778  
   629     0.007231     0.475772  
   630     0.007198     0.475731  
   631     0.007159     0.475772  
   632     0.007121     0.475764  
   633     0.007081     0.475806  
   634     0.007035     0.475804  
   635     0.007001     0.475780  
   636     0.006961     0.475856  
   637     0.006926     0.475825  
   638     0.006890     0.475856  
   639     0.006853     0.475849  
   640     0.006817     0.475817  
   641     0.006778     0.475733  
   642     0.006741     0.475651  
   643     0.006702     0.475699  
   644     0.006666     0.475696  
   645     0.006632     0.475777  
   646     0.006594     0.475721  
   647     0.006558     0.475860  
   648     0.006527     0.475887  
   649     0.006492     0.475909  
   650     0.006454     0.475960  
   651     0.006419     0.475941  
   652     0.006392     0.475866  
   653     0.006359     0.475838  
   654     0.006326     0.475798  
   655     0.006290     0.475686  
   656     0.006259     0.475699  
   657     0.006225     0.475732  
   658     0.006191     0.475658  
   659     0.006158     0.475623  
   660     0.006124     0.475591  
   661     0.006093     0.475582  
   662     0.006061     0.475523  
   663     0.006027     0.475563  
   664     0.005992     0.475569  
   665     0.005957     0.475658  
   666     0.005921     0.475644  
   667     0.005893     0.475664  
   668     0.005863     0.475657  
   669     0.005828     0.475604  
   670     0.005794     0.475650  
   671     0.005766     0.475631  
   672     0.005732     0.475672  
   673     0.005701     0.475643  
   674     0.005671     0.475663  
   675     0.005640     0.475691  
   676     0.005607     0.475716  
   677     0.005576     0.475676  
   678     0.005544     0.475672  
   679     0.005517     0.475668  
   680     0.005487     0.475647  
   681     0.005457     0.475607  
   682     0.005429     0.475625  
   683     0.005399     0.475625  
   684     0.005371     0.475576  
   685     0.005342     0.475564  
   686     0.005314     0.475609  
   687     0.005287     0.475641  
   688     0.005258     0.475616  
   689     0.005233     0.475645  
   690     0.005205     0.475685  
   691     0.005181     0.475687  
   692     0.005153     0.475640  
   693     0.005123     0.475582  
   694     0.005091     0.475559  
   695     0.005064     0.475549  
   696     0.005037     0.475573  
   697     0.005007     0.475634  
   698     0.004983     0.475601  
   699     0.004955     0.475628  
   700     0.004929     0.475647  
   701     0.004903     0.475592  
   702     0.004879     0.475557  
   703     0.004849     0.475526  
   704     0.004823     0.475475  
   705     0.004795     0.475488  
   706     0.004769     0.475445  
   707     0.004743     0.475381  
   708     0.004718     0.475287  
   709     0.004694     0.475279  
   710     0.004670     0.475315  
   711     0.004646     0.475328  
   712     0.004618     0.475267  
   713     0.004592     0.475205  
   714     0.004569     0.475108  
   715     0.004544     0.475139  
   716     0.004519     0.475154  
   717     0.004495     0.475175  
   718     0.004470     0.475213  
   719     0.004448     0.475231  
   720     0.004424     0.475184  
   721     0.004400     0.475188  
   722     0.004376     0.475166  
   723     0.004356     0.475158  
   724     0.004331     0.475125  
   725     0.004311     0.475141  
   726     0.004289     0.475080  
   727     0.004268     0.475089  
   728     0.004244     0.475058  
   729     0.004226     0.475082  
   730     0.004204     0.475043  
   731     0.004183     0.475029  
   732     0.004163     0.475093  
   733     0.004140     0.475190  
   734     0.004118     0.475130  
   735     0.004095     0.475128  
   736     0.004074     0.475125  
   737     0.004053     0.475099  
   738     0.004032     0.475064  
   739     0.004014     0.475025  
   740     0.003992     0.475052  
   741     0.003971     0.475103  
   742     0.003949     0.474998  
   743     0.003927     0.474965  
   744     0.003906     0.474984  
   745     0.003888     0.474988  
   746     0.003868     0.475001  
   747     0.003848     0.475014  
   748     0.003828     0.474970  
   749     0.003808     0.474966  
   750     0.003789     0.474921  
   751     0.003766     0.474914  
   752     0.003746     0.474963  
   753     0.003726     0.474928  
   754     0.003705     0.474953  
   755     0.003686     0.474958  
   756     0.003665     0.474925  
   757     0.003645     0.474958  
   758     0.003627     0.474925  
   759     0.003607     0.474899  * best
   760     0.003590     0.474965  
   761     0.003571     0.475017  
   762     0.003554     0.475050  
   763     0.003536     0.475056  
   764     0.003518     0.475086  
   765     0.003501     0.475094  
   766     0.003483     0.475072  
   767     0.003464     0.475126  
   768     0.003444     0.475116  
   769     0.003429     0.475130  
   770     0.003410     0.475146  
   771     0.003390     0.475184  
   772     0.003373     0.475271  
   773     0.003354     0.475258  
   774     0.003338     0.475300  
   775     0.003325     0.475297  
   776     0.003307     0.475297  
   777     0.003290     0.475274  
   778     0.003273     0.475250  
   779     0.003254     0.475201  
   780     0.003237     0.475169  
   781     0.003219     0.475181  
   782     0.003202     0.475132  
   783     0.003184     0.475087  
   784     0.003169     0.475119  
   785     0.003151     0.475092  
   786     0.003135     0.475132  
   787     0.003120     0.475112  
   788     0.003104     0.475121  
   789     0.003087     0.475104  
   790     0.003073     0.475061  
   791     0.003057     0.475069  
   792     0.003042     0.475060  
   793     0.003028     0.475048  
   794     0.003012     0.474995  
   795     0.002997     0.474958  
   796     0.002983     0.474985  
   797     0.002969     0.474998  
   798     0.002954     0.475036  
   799     0.002940     0.475089  
   800     0.002925     0.475111  
   801     0.002912     0.475113  
   802     0.002897     0.475111  
   803     0.002882     0.475102  
   804     0.002868     0.475120  
   805     0.002855     0.475104  
   806     0.002841     0.475102  
   807     0.002825     0.475097  
   808     0.002812     0.475073  
   809     0.002798     0.475124  
   810     0.002783     0.475147  
   811     0.002769     0.475111  
   812     0.002754     0.475186  
   813     0.002739     0.475161  
   814     0.002726     0.475173  
   815     0.002712     0.475175  
   816     0.002698     0.475145  
   817     0.002684     0.475136  
   818     0.002671     0.475134  
   819     0.002658     0.475116  
   820     0.002646     0.475089  
   821     0.002634     0.475074  
   822     0.002620     0.475119  
   823     0.002607     0.475097  
   824     0.002596     0.475125  
   825     0.002583     0.475094  
   826     0.002570     0.475089  
   827     0.002557     0.475101  
   828     0.002544     0.475138  
   829     0.002530     0.475129  
   830     0.002517     0.475151  
   831     0.002503     0.475082  
   832     0.002492     0.475054  
   833     0.002480     0.475061  
   834     0.002466     0.475048  
   835     0.002455     0.475079  
   836     0.002442     0.475043  
   837     0.002429     0.475020  
   838     0.002417     0.475006  
   839     0.002404     0.474978  
   840     0.002393     0.474989  
   841     0.002380     0.474961  
   842     0.002368     0.474956  
   843     0.002356     0.474979  
   844     0.002344     0.475018  
   845     0.002333     0.474990  
   846     0.002322     0.474966  
   847     0.002308     0.475015  
   848     0.002297     0.475037  
   849     0.002286     0.475030  
   850     0.002275     0.474992  
   851     0.002263     0.474997  
   852     0.002251     0.474956  
   853     0.002239     0.474961  
   854     0.002228     0.474947  
   855     0.002216     0.474959  
   856     0.002203     0.475004  
   857     0.002192     0.474999  
   858     0.002182     0.474985  
   859     0.002170     0.474968  
# best iteration 759 (val l2 0.474899)
# Spearman  train +0.9958  val +0.7374  test +0.7479
