# gbm_energy seed 1
# boosted trees on energy
# inputs 430, 1,004 trees
# LightGBM gradient-boosted trees, objective l2, lr 0.05, num_leaves 31, min_data_in_leaf 20, feature_fraction 0.3, bagging 0.8, lambda_l2 1.0, up to 3000 rounds, early stopping 100 on validation l2
# loss = l2 on standardised log10 half-life
#
 round        train          val  note
     1     0.968048     0.978504  
     2     0.942662     0.956596  
     3     0.916887     0.932733  
     4     0.893809     0.913473  
     5     0.872615     0.895684  
     6     0.851999     0.876675  
     7     0.830544     0.855983  
     8     0.811486     0.837403  
     9     0.796834     0.824196  
    10     0.780384     0.809502  
    11     0.765660     0.796994  
    12     0.751707     0.783676  
    13     0.739950     0.774230  
    14     0.727726     0.763840  
    15     0.715083     0.752820  
    16     0.704255     0.743784  
    17     0.693916     0.735608  
    18     0.683924     0.727094  
    19     0.675440     0.720309  
    20     0.666696     0.713063  
    21     0.659014     0.707310  
    22     0.651389     0.701058  
    23     0.645090     0.696992  
    24     0.638381     0.692306  
    25     0.631271     0.687315  
    26     0.625129     0.683217  
    27     0.619324     0.679688  
    28     0.613641     0.675986  
    29     0.607243     0.670930  
    30     0.602369     0.667670  
    31     0.597616     0.663959  
    32     0.592649     0.660315  
    33     0.587706     0.657591  
    34     0.582931     0.654019  
    35     0.579147     0.651222  
    36     0.574770     0.648488  
    37     0.570163     0.645404  
    38     0.566328     0.643423  
    39     0.562665     0.640545  
    40     0.558738     0.638467  
    41     0.555173     0.636987  
    42     0.551501     0.634854  
    43     0.547872     0.633475  
    44     0.544484     0.631943  
    45     0.541154     0.629589  
    46     0.537600     0.627702  
    47     0.534436     0.626065  
    48     0.530968     0.624184  
    49     0.527672     0.622006  
    50     0.524514     0.620138  
    51     0.521267     0.618565  
    52     0.518438     0.617584  
    53     0.515444     0.616197  
    54     0.512643     0.614480  
    55     0.509588     0.613950  
    56     0.506708     0.612222  
    57     0.503746     0.610901  
    58     0.501064     0.609490  
    59     0.498531     0.608827  
    60     0.495952     0.607989  
    61     0.493421     0.606893  
    62     0.490590     0.606087  
    63     0.488012     0.605137  
    64     0.485837     0.604229  
    65     0.483149     0.602956  
    66     0.480722     0.600827  
    67     0.478278     0.599603  
    68     0.475555     0.598371  
    69     0.473237     0.597526  
    70     0.471179     0.597457  
    71     0.468909     0.596979  
    72     0.466598     0.596050  
    73     0.464206     0.595507  
    74     0.462017     0.594478  
    75     0.459879     0.593385  
    76     0.457703     0.591948  
    77     0.455577     0.590947  
    78     0.453480     0.590678  
    79     0.451532     0.590054  
    80     0.449258     0.589187  
    81     0.447144     0.588666  
    82     0.444977     0.587812  
    83     0.442901     0.587212  
    84     0.440662     0.586619  
    85     0.438747     0.586220  
    86     0.436839     0.585643  
    87     0.434961     0.585277  
    88     0.432835     0.585442  
    89     0.430990     0.584708  
    90     0.429095     0.584240  
    91     0.427195     0.583717  
    92     0.425348     0.582861  
    93     0.423618     0.582111  
    94     0.421854     0.581658  
    95     0.419998     0.580958  
    96     0.417852     0.579696  
    97     0.415997     0.579048  
    98     0.414180     0.578432  
    99     0.412426     0.578294  
   100     0.410534     0.577507  
   101     0.408692     0.576495  
   102     0.406766     0.575438  
   103     0.405052     0.575263  
   104     0.403338     0.575107  
   105     0.401446     0.574508  
   106     0.399709     0.574803  
   107     0.398102     0.574660  
   108     0.396229     0.573864  
   109     0.394537     0.573013  
   110     0.393007     0.572504  
   111     0.390935     0.571644  
   112     0.389505     0.571449  
   113     0.388051     0.571146  
   114     0.386223     0.570452  
   115     0.384704     0.570273  
   116     0.383107     0.570251  
   117     0.381548     0.569940  
   118     0.380104     0.569643  
   119     0.378433     0.569188  
   120     0.377006     0.569112  
   121     0.375431     0.569145  
   122     0.373989     0.568914  
   123     0.372577     0.568686  
   124     0.371099     0.568284  
   125     0.369715     0.567932  
   126     0.368194     0.567535  
   127     0.366906     0.567167  
   128     0.365438     0.566903  
   129     0.363952     0.566352  
   130     0.362273     0.565734  
   131     0.360783     0.565824  
   132     0.359336     0.565367  
   133     0.357845     0.565034  
   134     0.356393     0.564597  
   135     0.355052     0.564209  
   136     0.353624     0.564167  
   137     0.352168     0.563993  
   138     0.350883     0.563735  
   139     0.349501     0.563538  
   140     0.348025     0.563401  
   141     0.346773     0.563262  
   142     0.345326     0.562848  
   143     0.344173     0.562591  
   144     0.342827     0.562058  
   145     0.341615     0.562118  
   146     0.340159     0.561542  
   147     0.338894     0.561689  
   148     0.337543     0.561750  
   149     0.336083     0.561453  
   150     0.334881     0.561168  
   151     0.333483     0.560683  
   152     0.332332     0.560214  
   153     0.331032     0.560252  
   154     0.329783     0.559881  
   155     0.328724     0.559491  
   156     0.327474     0.559507  
   157     0.326376     0.559272  
   158     0.325205     0.559222  
   159     0.324032     0.559444  
   160     0.322869     0.559441  
   161     0.321389     0.558681  
   162     0.320136     0.558142  
   163     0.319026     0.558356  
   164     0.317800     0.558328  
   165     0.316675     0.558003  
   166     0.315406     0.557565  
   167     0.314189     0.557389  
   168     0.313175     0.557329  
   169     0.312209     0.556996  
   170     0.311284     0.556631  
   171     0.310092     0.556429  
   172     0.308875     0.556035  
   173     0.307763     0.555631  
   174     0.306717     0.555218  
   175     0.305660     0.555106  
   176     0.304596     0.554783  
   177     0.303594     0.555002  
   178     0.302590     0.554878  
   179     0.301594     0.554381  
   180     0.300673     0.554338  
   181     0.299499     0.554177  
   182     0.298639     0.554072  
   183     0.297635     0.554089  
   184     0.296452     0.553610  
   185     0.295458     0.553195  
   186     0.294259     0.552496  
   187     0.293078     0.552862  
   188     0.292103     0.552451  
   189     0.291224     0.552219  
   190     0.290295     0.552200  
   191     0.289188     0.551851  
   192     0.288296     0.551542  
   193     0.287264     0.551501  
   194     0.286229     0.551582  
   195     0.285211     0.551089  
   196     0.284268     0.550556  
   197     0.283381     0.550470  
   198     0.282396     0.550533  
   199     0.281473     0.550633  
   200     0.280531     0.550254  
   201     0.279666     0.550027  
   202     0.278793     0.549908  
   203     0.277729     0.549828  
   204     0.276691     0.549613  
   205     0.275746     0.549059  
   206     0.274738     0.548963  
   207     0.273734     0.549054  
   208     0.272909     0.548734  
   209     0.271898     0.548366  
   210     0.270877     0.548227  
   211     0.269951     0.547932  
   212     0.269115     0.547891  
   213     0.268361     0.547644  
   214     0.267425     0.547636  
   215     0.266433     0.547495  
   216     0.265490     0.547073  
   217     0.264582     0.546887  
   218     0.263650     0.546892  
   219     0.262698     0.546949  
   220     0.261890     0.546796  
   221     0.260931     0.546793  
   222     0.260017     0.546647  
   223     0.259289     0.546552  
   224     0.258472     0.546189  
   225     0.257511     0.546005  
   226     0.256701     0.546131  
   227     0.255876     0.546294  
   228     0.255119     0.546180  
   229     0.254276     0.546434  
   230     0.253387     0.546359  
   231     0.252505     0.545916  
   232     0.251682     0.545732  
   233     0.250908     0.545753  
   234     0.249976     0.545633  
   235     0.249059     0.545239  
   236     0.248127     0.544905  
   237     0.247265     0.545245  
   238     0.246413     0.545083  
   239     0.245573     0.545075  
   240     0.244788     0.544865  
   241     0.244063     0.545035  
   242     0.243302     0.544827  
   243     0.242437     0.544960  
   244     0.241660     0.544966  
   245     0.240814     0.545107  
   246     0.240076     0.544874  
   247     0.239311     0.544660  
   248     0.238439     0.544348  
   249     0.237642     0.544169  
   250     0.236778     0.544322  
   251     0.236148     0.544400  
   252     0.235289     0.544400  
   253     0.234514     0.544412  
   254     0.233797     0.544329  
   255     0.233053     0.544397  
   256     0.232199     0.544313  
   257     0.231359     0.544049  
   258     0.230663     0.543923  
   259     0.229885     0.543900  
   260     0.229107     0.543734  
   261     0.228455     0.543701  
   262     0.227679     0.543346  
   263     0.226889     0.542775  
   264     0.226161     0.542845  
   265     0.225471     0.542749  
   266     0.224773     0.542903  
   267     0.224065     0.543081  
   268     0.223280     0.542854  
   269     0.222588     0.542905  
   270     0.221771     0.542650  
   271     0.220982     0.542543  
   272     0.220208     0.542455  
   273     0.219520     0.542404  
   274     0.218885     0.542460  
   275     0.218063     0.542297  
   276     0.217273     0.541988  
   277     0.216607     0.542035  
   278     0.215980     0.541715  
   279     0.215347     0.541663  
   280     0.214673     0.541555  
   281     0.214005     0.541354  
   282     0.213242     0.541091  
   283     0.212617     0.541007  
   284     0.211974     0.541011  
   285     0.211393     0.540886  
   286     0.210761     0.540850  
   287     0.210052     0.540362  
   288     0.209386     0.540022  
   289     0.208684     0.539928  
   290     0.207901     0.539457  
   291     0.207315     0.539344  
   292     0.206694     0.539231  
   293     0.205981     0.539413  
   294     0.205227     0.539303  
   295     0.204488     0.538990  
   296     0.203822     0.538741  
   297     0.203116     0.538405  
   298     0.202455     0.538444  
   299     0.201771     0.538401  
   300     0.201059     0.538339  
   301     0.200433     0.538185  
   302     0.199785     0.538166  
   303     0.199170     0.537857  
   304     0.198546     0.537730  
   305     0.197954     0.537627  
   306     0.197307     0.537397  
   307     0.196683     0.537447  
   308     0.196033     0.537405  
   309     0.195512     0.537556  
   310     0.194846     0.537606  
   311     0.194132     0.537508  
   312     0.193634     0.537420  
   313     0.193015     0.537267  
   314     0.192382     0.537054  
   315     0.191746     0.536697  
   316     0.191057     0.536621  
   317     0.190400     0.536187  
   318     0.189862     0.536053  
   319     0.189279     0.535984  
   320     0.188702     0.535677  
   321     0.188029     0.535492  
   322     0.187433     0.535217  
   323     0.186818     0.535155  
   324     0.186265     0.535013  
   325     0.185642     0.534930  
   326     0.185086     0.534897  
   327     0.184487     0.534815  
   328     0.183910     0.534878  
   329     0.183255     0.534787  
   330     0.182673     0.534841  
   331     0.182018     0.534544  
   332     0.181411     0.534503  
   333     0.180898     0.534472  
   334     0.180351     0.534455  
   335     0.179819     0.534528  
   336     0.179183     0.534502  
   337     0.178605     0.534162  
   338     0.177925     0.534139  
   339     0.177402     0.534290  
   340     0.176857     0.533903  
   341     0.176370     0.534048  
   342     0.175892     0.534028  
   343     0.175375     0.533802  
   344     0.174760     0.533521  
   345     0.174204     0.533535  
   346     0.173701     0.533648  
   347     0.173171     0.533684  
   348     0.172570     0.533484  
   349     0.172007     0.533297  
   350     0.171403     0.533232  
   351     0.170910     0.533198  
   352     0.170433     0.533271  
   353     0.169884     0.533156  
   354     0.169402     0.532956  
   355     0.168777     0.532574  
   356     0.168343     0.532653  
   357     0.167781     0.532822  
   358     0.167260     0.532467  
   359     0.166626     0.532558  
   360     0.166119     0.532692  
   361     0.165600     0.532638  
   362     0.165091     0.532713  
   363     0.164632     0.532599  
   364     0.164084     0.532604  
   365     0.163504     0.532558  
   366     0.163102     0.532433  
   367     0.162622     0.532351  
   368     0.162089     0.532039  
   369     0.161558     0.531996  
   370     0.161088     0.531997  
   371     0.160549     0.531990  
   372     0.159961     0.531667  
   373     0.159529     0.531568  
   374     0.158978     0.531455  
   375     0.158496     0.531310  
   376     0.158032     0.531145  
   377     0.157536     0.531035  
   378     0.157132     0.530791  
   379     0.156690     0.530914  
   380     0.156249     0.530945  
   381     0.155724     0.530773  
   382     0.155241     0.530918  
   383     0.154787     0.531078  
   384     0.154313     0.530989  
   385     0.153828     0.531027  
   386     0.153396     0.530766  
   387     0.152943     0.530760  
   388     0.152510     0.530835  
   389     0.152045     0.530895  
   390     0.151620     0.530898  
   391     0.151106     0.530882  
   392     0.150710     0.530764  
   393     0.150269     0.530753  
   394     0.149768     0.530876  
   395     0.149262     0.530877  
   396     0.148908     0.530736  
   397     0.148429     0.530388  
   398     0.147903     0.530523  
   399     0.147507     0.530313  
   400     0.147078     0.530325  
   401     0.146575     0.530396  
   402     0.146145     0.530070  
   403     0.145708     0.529873  
   404     0.145221     0.529577  
   405     0.144742     0.529615  
   406     0.144306     0.529489  
   407     0.143877     0.529245  
   408     0.143460     0.529051  
   409     0.142961     0.528904  
   410     0.142529     0.528838  
   411     0.142100     0.528722  
   412     0.141701     0.528734  
   413     0.141296     0.528546  
   414     0.140847     0.528358  
   415     0.140425     0.528326  
   416     0.140005     0.528220  
   417     0.139581     0.528319  
   418     0.139194     0.528433  
   419     0.138761     0.528144  
   420     0.138276     0.528003  
   421     0.137890     0.527815  
   422     0.137466     0.527851  
   423     0.137042     0.527869  
   424     0.136584     0.527884  
   425     0.136247     0.527727  
   426     0.135769     0.527657  
   427     0.135395     0.527523  
   428     0.134970     0.527346  
   429     0.134522     0.527200  
   430     0.134140     0.527242  
   431     0.133712     0.527191  
   432     0.133310     0.527260  
   433     0.132916     0.527169  
   434     0.132545     0.527093  
   435     0.132125     0.527116  
   436     0.131739     0.526958  
   437     0.131310     0.526957  
   438     0.130889     0.526796  
   439     0.130480     0.526720  
   440     0.130078     0.526827  
   441     0.129683     0.526698  
   442     0.129294     0.526666  
   443     0.128872     0.526727  
   444     0.128445     0.526473  
   445     0.128022     0.526582  
   446     0.127660     0.526591  
   447     0.127327     0.526412  
   448     0.126929     0.526476  
   449     0.126563     0.526542  
   450     0.126181     0.526480  
   451     0.125756     0.526445  
   452     0.125349     0.526310  
   453     0.124970     0.526187  
   454     0.124670     0.526351  
   455     0.124359     0.526357  
   456     0.123930     0.526047  
   457     0.123600     0.525838  
   458     0.123174     0.525637  
   459     0.122875     0.525435  
   460     0.122539     0.525296  
   461     0.122182     0.525352  
   462     0.121784     0.525325  
   463     0.121409     0.525288  
   464     0.121031     0.525269  
   465     0.120727     0.525314  
   466     0.120358     0.525256  
   467     0.119978     0.525224  
   468     0.119626     0.525069  
   469     0.119283     0.525088  
   470     0.118883     0.525061  
   471     0.118537     0.525083  
   472     0.118209     0.525185  
   473     0.117882     0.525132  
   474     0.117516     0.525111  
   475     0.117146     0.525218  
   476     0.116834     0.525228  
   477     0.116477     0.525349  
   478     0.116162     0.525442  
   479     0.115853     0.525295  
   480     0.115507     0.525203  
   481     0.115200     0.525369  
   482     0.114870     0.525113  
   483     0.114590     0.524895  
   484     0.114303     0.524999  
   485     0.113922     0.524955  
   486     0.113642     0.525079  
   487     0.113285     0.525137  
   488     0.113012     0.524919  
   489     0.112712     0.525052  
   490     0.112381     0.524832  
   491     0.112039     0.525064  
   492     0.111667     0.525082  
   493     0.111356     0.525083  
   494     0.111042     0.525159  
   495     0.110688     0.525089  
   496     0.110401     0.525191  
   497     0.110011     0.525233  
   498     0.109645     0.525370  
   499     0.109301     0.525374  
   500     0.108957     0.525309  
   501     0.108633     0.525432  
   502     0.108336     0.525392  
   503     0.108034     0.525324  
   504     0.107720     0.525310  
   505     0.107416     0.525379  
   506     0.107114     0.525408  
   507     0.106825     0.525328  
   508     0.106491     0.525166  
   509     0.106172     0.525348  
   510     0.105915     0.525315  
   511     0.105658     0.525209  
   512     0.105391     0.525236  
   513     0.105090     0.525311  
   514     0.104732     0.525254  
   515     0.104447     0.525191  
   516     0.104108     0.525135  
   517     0.103863     0.525101  
   518     0.103509     0.525031  
   519     0.103237     0.524959  
   520     0.102973     0.524929  
   521     0.102663     0.524789  
   522     0.102350     0.524780  
   523     0.102032     0.524941  
   524     0.101753     0.524780  
   525     0.101440     0.524721  
   526     0.101101     0.524663  
   527     0.100837     0.524512  
   528     0.100573     0.524522  
   529     0.100294     0.524251  
   530     0.100036     0.524259  
   531     0.099755     0.524143  
   532     0.099372     0.523889  
   533     0.099058     0.523737  
   534     0.098756     0.523697  
   535     0.098504     0.523726  
   536     0.098243     0.523769  
   537     0.097987     0.523824  
   538     0.097740     0.523859  
   539     0.097489     0.523933  
   540     0.097233     0.523916  
   541     0.096983     0.523945  
   542     0.096687     0.523798  
   543     0.096432     0.523728  
   544     0.096200     0.523728  
   545     0.095885     0.523597  
   546     0.095642     0.523695  
   547     0.095357     0.523838  
   548     0.095077     0.523690  
   549     0.094815     0.523679  
   550     0.094580     0.523536  
   551     0.094272     0.523414  
   552     0.094002     0.523468  
   553     0.093761     0.523518  
   554     0.093491     0.523341  
   555     0.093243     0.523332  
   556     0.092970     0.523395  
   557     0.092668     0.523242  
   558     0.092385     0.523495  
   559     0.092099     0.523445  
   560     0.091835     0.523310  
   561     0.091543     0.523352  
   562     0.091284     0.523267  
   563     0.091022     0.523290  
   564     0.090767     0.523233  
   565     0.090540     0.523183  
   566     0.090271     0.523129  
   567     0.089986     0.523277  
   568     0.089727     0.523284  
   569     0.089417     0.523099  
   570     0.089173     0.523013  
   571     0.088844     0.522841  
   572     0.088575     0.522912  
   573     0.088355     0.522916  
   574     0.088070     0.523104  
   575     0.087814     0.523034  
   576     0.087585     0.523120  
   577     0.087337     0.523166  
   578     0.087096     0.523282  
   579     0.086840     0.523318  
   580     0.086566     0.523058  
   581     0.086305     0.522990  
   582     0.086038     0.522855  
   583     0.085772     0.522918  
   584     0.085548     0.522868  
   585     0.085282     0.522727  
   586     0.085056     0.522786  
   587     0.084811     0.522865  
   588     0.084605     0.522809  
   589     0.084424     0.522813  
   590     0.084181     0.522843  
   591     0.083963     0.522928  
   592     0.083740     0.522833  
   593     0.083457     0.522892  
   594     0.083129     0.522606  
   595     0.082907     0.522776  
   596     0.082709     0.522580  
   597     0.082491     0.522562  
   598     0.082213     0.522580  
   599     0.082005     0.522677  
   600     0.081777     0.522736  
   601     0.081524     0.522477  
   602     0.081329     0.522415  
   603     0.081126     0.522487  
   604     0.080917     0.522456  
   605     0.080665     0.522688  
   606     0.080429     0.522822  
   607     0.080222     0.522618  
   608     0.080007     0.522519  
   609     0.079784     0.522439  
   610     0.079577     0.522412  
   611     0.079378     0.522418  
   612     0.079144     0.522417  
   613     0.078907     0.522412  
   614     0.078700     0.522373  
   615     0.078461     0.522580  
   616     0.078248     0.522603  
   617     0.078035     0.522533  
   618     0.077808     0.522671  
   619     0.077628     0.522661  
   620     0.077406     0.522771  
   621     0.077165     0.522726  
   622     0.076950     0.522714  
   623     0.076761     0.522649  
   624     0.076544     0.522713  
   625     0.076347     0.522714  
   626     0.076170     0.522772  
   627     0.075962     0.522843  
   628     0.075747     0.522755  
   629     0.075554     0.522666  
   630     0.075342     0.522616  
   631     0.075121     0.522503  
   632     0.074902     0.522468  
   633     0.074720     0.522548  
   634     0.074528     0.522435  
   635     0.074300     0.522433  
   636     0.074088     0.522374  
   637     0.073888     0.522120  
   638     0.073656     0.522139  
   639     0.073445     0.522036  
   640     0.073228     0.521888  
   641     0.073012     0.521686  
   642     0.072801     0.521655  
   643     0.072588     0.521546  
   644     0.072373     0.521507  
   645     0.072176     0.521480  
   646     0.071957     0.521304  
   647     0.071772     0.521392  
   648     0.071550     0.521382  
   649     0.071303     0.521339  
   650     0.071092     0.521315  
   651     0.070926     0.521262  
   652     0.070739     0.521314  
   653     0.070546     0.521306  
   654     0.070307     0.521228  
   655     0.070123     0.521162  
   656     0.069906     0.521313  
   657     0.069710     0.521405  
   658     0.069520     0.521509  
   659     0.069329     0.521448  
   660     0.069127     0.521459  
   661     0.068946     0.521547  
   662     0.068750     0.521504  
   663     0.068559     0.521553  
   664     0.068404     0.521478  
   665     0.068183     0.521443  
   666     0.067994     0.521490  
   667     0.067786     0.521588  
   668     0.067638     0.521602  
   669     0.067458     0.521544  
   670     0.067248     0.521454  
   671     0.067078     0.521454  
   672     0.066889     0.521434  
   673     0.066696     0.521370  
   674     0.066510     0.521443  
   675     0.066320     0.521385  
   676     0.066110     0.521366  
   677     0.065934     0.521236  
   678     0.065698     0.521295  
   679     0.065520     0.521241  
   680     0.065350     0.521222  
   681     0.065151     0.521028  
   682     0.064990     0.520914  
   683     0.064786     0.520973  
   684     0.064585     0.521024  
   685     0.064391     0.521093  
   686     0.064234     0.521104  
   687     0.064037     0.521095  
   688     0.063845     0.521096  
   689     0.063672     0.521059  
   690     0.063502     0.521013  
   691     0.063317     0.520887  
   692     0.063146     0.520757  
   693     0.062988     0.520681  
   694     0.062809     0.520658  
   695     0.062638     0.520560  
   696     0.062461     0.520520  
   697     0.062267     0.520569  
   698     0.062089     0.520425  
   699     0.061885     0.520276  
   700     0.061704     0.520186  
   701     0.061515     0.520321  
   702     0.061344     0.520096  
   703     0.061186     0.520102  
   704     0.061016     0.520188  
   705     0.060858     0.520144  
   706     0.060715     0.520144  
   707     0.060575     0.520098  
   708     0.060379     0.520117  
   709     0.060188     0.520226  
   710     0.060005     0.520106  
   711     0.059829     0.519927  
   712     0.059661     0.520025  
   713     0.059486     0.520183  
   714     0.059310     0.520190  
   715     0.059167     0.520209  
   716     0.059028     0.520253  
   717     0.058866     0.520342  
   718     0.058696     0.520247  
   719     0.058547     0.520256  
   720     0.058403     0.520330  
   721     0.058265     0.520252  
   722     0.058128     0.520192  
   723     0.057953     0.520273  
   724     0.057804     0.520321  
   725     0.057640     0.520389  
   726     0.057458     0.520405  
   727     0.057317     0.520470  
   728     0.057176     0.520416  
   729     0.057016     0.520370  
   730     0.056822     0.520346  
   731     0.056673     0.520311  
   732     0.056487     0.520340  
   733     0.056303     0.520334  
   734     0.056151     0.520332  
   735     0.056003     0.520291  
   736     0.055826     0.520212  
   737     0.055657     0.520339  
   738     0.055473     0.520463  
   739     0.055324     0.520454  
   740     0.055157     0.520436  
   741     0.055018     0.520437  
   742     0.054883     0.520372  
   743     0.054720     0.520284  
   744     0.054542     0.520315  
   745     0.054396     0.520410  
   746     0.054240     0.520394  
   747     0.054108     0.520307  
   748     0.053956     0.520356  
   749     0.053811     0.520339  
   750     0.053651     0.520253  
   751     0.053525     0.520214  
   752     0.053392     0.520158  
   753     0.053254     0.520247  
   754     0.053106     0.520161  
   755     0.052988     0.520172  
   756     0.052856     0.520084  
   757     0.052728     0.519978  
   758     0.052568     0.519851  
   759     0.052429     0.519799  
   760     0.052298     0.519763  
   761     0.052164     0.519853  
   762     0.052035     0.519800  
   763     0.051886     0.519669  
   764     0.051734     0.519714  
   765     0.051610     0.519721  
   766     0.051460     0.519651  
   767     0.051333     0.519672  
   768     0.051213     0.519670  
   769     0.051091     0.519566  
   770     0.050975     0.519573  
   771     0.050844     0.519557  
   772     0.050701     0.519490  
   773     0.050590     0.519457  
   774     0.050444     0.519439  
   775     0.050308     0.519369  
   776     0.050159     0.519413  
   777     0.050036     0.519384  
   778     0.049877     0.519430  
   779     0.049728     0.519465  
   780     0.049577     0.519464  
   781     0.049449     0.519474  
   782     0.049309     0.519556  
   783     0.049162     0.519585  
   784     0.049010     0.519565  
   785     0.048887     0.519579  
   786     0.048728     0.519477  
   787     0.048600     0.519416  
   788     0.048447     0.519478  
   789     0.048318     0.519340  
   790     0.048191     0.519237  
   791     0.048026     0.519149  
   792     0.047884     0.519123  
   793     0.047742     0.519175  
   794     0.047637     0.519108  
   795     0.047500     0.519165  
   796     0.047378     0.519272  
   797     0.047244     0.519216  
   798     0.047130     0.519215  
   799     0.047005     0.519217  
   800     0.046870     0.519179  
   801     0.046734     0.519229  
   802     0.046596     0.519203  
   803     0.046467     0.519200  
   804     0.046326     0.519241  
   805     0.046207     0.519135  
   806     0.046062     0.519145  
   807     0.045930     0.519083  
   808     0.045798     0.519151  
   809     0.045653     0.519142  
   810     0.045507     0.519061  
   811     0.045392     0.518966  
   812     0.045276     0.518949  
   813     0.045138     0.518859  
   814     0.045006     0.518795  
   815     0.044855     0.518819  
   816     0.044723     0.518853  
   817     0.044609     0.518888  
   818     0.044481     0.518778  
   819     0.044373     0.518752  
   820     0.044223     0.518645  
   821     0.044095     0.518633  
   822     0.043987     0.518676  
   823     0.043859     0.518639  
   824     0.043735     0.518510  
   825     0.043609     0.518474  
   826     0.043475     0.518522  
   827     0.043338     0.518414  
   828     0.043201     0.518382  
   829     0.043090     0.518401  
   830     0.042952     0.518363  
   831     0.042841     0.518389  
   832     0.042713     0.518335  
   833     0.042601     0.518321  
   834     0.042494     0.518249  
   835     0.042369     0.518166  
   836     0.042268     0.518137  
   837     0.042163     0.518220  
   838     0.042042     0.518160  
   839     0.041935     0.518192  
   840     0.041841     0.518225  
   841     0.041720     0.518182  
   842     0.041612     0.518137  
   843     0.041490     0.518181  
   844     0.041391     0.518297  
   845     0.041289     0.518196  
   846     0.041174     0.518106  
   847     0.041050     0.518064  
   848     0.040926     0.518088  
   849     0.040826     0.518164  
   850     0.040715     0.518145  
   851     0.040610     0.518106  
   852     0.040511     0.518109  
   853     0.040404     0.518013  
   854     0.040303     0.518027  
   855     0.040186     0.517944  
   856     0.040066     0.517958  
   857     0.039951     0.518057  
   858     0.039827     0.518034  
   859     0.039709     0.517943  
   860     0.039615     0.517958  
   861     0.039509     0.517940  
   862     0.039410     0.517981  
   863     0.039282     0.517926  
   864     0.039156     0.517925  
   865     0.039068     0.517874  
   866     0.038954     0.517872  
   867     0.038823     0.517793  
   868     0.038723     0.517784  
   869     0.038606     0.517720  
   870     0.038505     0.517724  
   871     0.038395     0.517655  
   872     0.038282     0.517664  
   873     0.038167     0.517634  
   874     0.038066     0.517675  
   875     0.037956     0.517744  
   876     0.037856     0.517641  
   877     0.037752     0.517697  
   878     0.037628     0.517744  
   879     0.037513     0.517798  
   880     0.037394     0.517775  
   881     0.037295     0.517751  
   882     0.037190     0.517835  
   883     0.037092     0.517822  
   884     0.037000     0.517750  
   885     0.036908     0.517757  
   886     0.036806     0.517737  
   887     0.036713     0.517632  
   888     0.036617     0.517467  
   889     0.036519     0.517468  
   890     0.036430     0.517435  
   891     0.036338     0.517492  
   892     0.036243     0.517509  
   893     0.036153     0.517546  
   894     0.036071     0.517525  
   895     0.035984     0.517527  
   896     0.035868     0.517514  
   897     0.035770     0.517531  
   898     0.035667     0.517492  
   899     0.035572     0.517443  
   900     0.035464     0.517520  
   901     0.035370     0.517530  
   902     0.035275     0.517422  
   903     0.035175     0.517395  
   904     0.035063     0.517433  
   905     0.034968     0.517387  
   906     0.034880     0.517349  
   907     0.034792     0.517350  
   908     0.034696     0.517240  
   909     0.034602     0.517262  
   910     0.034527     0.517247  
   911     0.034412     0.517333  
   912     0.034338     0.517353  
   913     0.034242     0.517461  
   914     0.034133     0.517526  
   915     0.034052     0.517540  
   916     0.033949     0.517541  
   917     0.033838     0.517400  
   918     0.033731     0.517491  
   919     0.033628     0.517522  
   920     0.033540     0.517563  
   921     0.033438     0.517469  
   922     0.033351     0.517370  
   923     0.033254     0.517337  
   924     0.033145     0.517396  
   925     0.033052     0.517346  
   926     0.032974     0.517415  
   927     0.032896     0.517366  
   928     0.032818     0.517409  
   929     0.032721     0.517341  
   930     0.032601     0.517404  
   931     0.032507     0.517468  
   932     0.032428     0.517438  
   933     0.032357     0.517360  
   934     0.032262     0.517366  
   935     0.032170     0.517352  
   936     0.032097     0.517301  
   937     0.032008     0.517398  
   938     0.031924     0.517379  
   939     0.031840     0.517443  
   940     0.031751     0.517446  
   941     0.031660     0.517417  
   942     0.031573     0.517366  
   943     0.031500     0.517344  
   944     0.031422     0.517316  
   945     0.031335     0.517217  
   946     0.031240     0.517319  
   947     0.031148     0.517222  
   948     0.031070     0.517173  
   949     0.030990     0.517185  
   950     0.030900     0.517129  
   951     0.030817     0.517113  
   952     0.030716     0.517052  
   953     0.030638     0.517054  
   954     0.030558     0.517038  
   955     0.030484     0.517024  
   956     0.030401     0.516988  
   957     0.030315     0.516948  
   958     0.030232     0.516909  
   959     0.030149     0.516863  
   960     0.030060     0.516958  
   961     0.029974     0.516998  
   962     0.029892     0.517031  
   963     0.029803     0.516881  
   964     0.029732     0.516889  
   965     0.029635     0.516901  
   966     0.029563     0.516942  
   967     0.029501     0.516967  
   968     0.029427     0.516891  
   969     0.029341     0.516779  
   970     0.029272     0.516869  
   971     0.029210     0.516921  
   972     0.029139     0.516926  
   973     0.029054     0.516937  
   974     0.028978     0.517008  
   975     0.028917     0.516967  
   976     0.028834     0.516927  
   977     0.028756     0.516860  
   978     0.028685     0.516839  
   979     0.028620     0.516793  
   980     0.028548     0.516752  
   981     0.028452     0.516748  
   982     0.028363     0.516720  
   983     0.028290     0.516665  
   984     0.028208     0.516656  
   985     0.028128     0.516562  
   986     0.028057     0.516493  
   987     0.027988     0.516481  
   988     0.027919     0.516502  
   989     0.027837     0.516516  
   990     0.027772     0.516395  
   991     0.027700     0.516438  
   992     0.027634     0.516467  
   993     0.027558     0.516510  
   994     0.027483     0.516527  
   995     0.027403     0.516374  
   996     0.027338     0.516305  
   997     0.027262     0.516307  
   998     0.027198     0.516301  
   999     0.027133     0.516271  
  1000     0.027075     0.516237  
  1001     0.027014     0.516155  
  1002     0.026931     0.516160  
  1003     0.026841     0.516145  
  1004     0.026771     0.516129  * best
  1005     0.026699     0.516246  
  1006     0.026633     0.516257  
  1007     0.026564     0.516342  
  1008     0.026494     0.516351  
  1009     0.026438     0.516317  
  1010     0.026375     0.516357  
  1011     0.026296     0.516259  
  1012     0.026221     0.516277  
  1013     0.026151     0.516208  
  1014     0.026097     0.516217  
  1015     0.026035     0.516269  
  1016     0.025967     0.516274  
  1017     0.025900     0.516236  
  1018     0.025827     0.516241  
  1019     0.025753     0.516252  
  1020     0.025691     0.516231  
  1021     0.025609     0.516213  
  1022     0.025542     0.516233  
  1023     0.025458     0.516197  
  1024     0.025379     0.516163  
  1025     0.025307     0.516182  
  1026     0.025242     0.516253  
  1027     0.025182     0.516266  
  1028     0.025100     0.516299  
  1029     0.025020     0.516333  
  1030     0.024955     0.516335  
  1031     0.024898     0.516418  
  1032     0.024839     0.516391  
  1033     0.024766     0.516493  
  1034     0.024697     0.516513  
  1035     0.024633     0.516457  
  1036     0.024554     0.516420  
  1037     0.024491     0.516530  
  1038     0.024422     0.516535  
  1039     0.024361     0.516498  
  1040     0.024298     0.516414  
  1041     0.024243     0.516467  
  1042     0.024174     0.516484  
  1043     0.024123     0.516499  
  1044     0.024064     0.516487  
  1045     0.023996     0.516468  
  1046     0.023931     0.516436  
  1047     0.023864     0.516486  
  1048     0.023789     0.516534  
  1049     0.023727     0.516545  
  1050     0.023661     0.516634  
  1051     0.023590     0.516627  
  1052     0.023539     0.516603  
  1053     0.023465     0.516642  
  1054     0.023404     0.516677  
  1055     0.023340     0.516694  
  1056     0.023278     0.516711  
  1057     0.023230     0.516723  
  1058     0.023169     0.516751  
  1059     0.023104     0.516727  
  1060     0.023041     0.516702  
  1061     0.022977     0.516655  
  1062     0.022905     0.516721  
  1063     0.022842     0.516747  
  1064     0.022780     0.516760  
  1065     0.022727     0.516748  
  1066     0.022680     0.516727  
  1067     0.022615     0.516668  
  1068     0.022554     0.516587  
  1069     0.022494     0.516561  
  1070     0.022439     0.516597  
  1071     0.022384     0.516557  
  1072     0.022317     0.516546  
  1073     0.022267     0.516569  
  1074     0.022203     0.516500  
  1075     0.022144     0.516507  
  1076     0.022082     0.516509  
  1077     0.022031     0.516500  
  1078     0.021981     0.516461  
  1079     0.021919     0.516436  
  1080     0.021854     0.516433  
  1081     0.021785     0.516448  
  1082     0.021723     0.516407  
  1083     0.021669     0.516423  
  1084     0.021614     0.516359  
  1085     0.021560     0.516288  
  1086     0.021508     0.516284  
  1087     0.021460     0.516233  
  1088     0.021403     0.516285  
  1089     0.021343     0.516331  
  1090     0.021297     0.516371  
  1091     0.021246     0.516322  
  1092     0.021193     0.516314  
  1093     0.021143     0.516368  
  1094     0.021084     0.516271  
  1095     0.021037     0.516282  
  1096     0.020986     0.516288  
  1097     0.020926     0.516268  
  1098     0.020868     0.516227  
  1099     0.020799     0.516279  
  1100     0.020738     0.516234  
  1101     0.020684     0.516231  
  1102     0.020634     0.516282  
  1103     0.020580     0.516321  
  1104     0.020524     0.516296  
# best iteration 1004 (val l2 0.516129)
# Spearman  train +0.9876  val +0.7006  test +0.6989
