# gbm_seq+node+energy+edge seed 1
# boosted trees on seq+node+energy+edge
# inputs 27260, 48 trees
# LightGBM gradient-boosted trees, objective l2, lr 0.05, num_leaves 31, min_data_in_leaf 20, feature_fraction 0.3, bagging 0.8, lambda_l2 1.0, up to 3000 rounds, early stopping 100 on validation l2
# loss = l2 on standardised log10 half-life
#
 round        train          val  note
     1     0.958567     0.810271  
     2     0.920755     0.804119  
     3     0.886660     0.808465  
     4     0.853687     0.803142  
     5     0.824648     0.802657  
     6     0.796507     0.796374  
     7     0.772403     0.789975  
     8     0.747620     0.798290  
     9     0.725183     0.798616  
    10     0.703690     0.796886  
    11     0.684626     0.792048  
    12     0.668268     0.788284  
    13     0.652353     0.786164  
    14     0.637079     0.784975  
    15     0.622881     0.784641  
    16     0.608716     0.781430  
    17     0.596303     0.776680  
    18     0.585440     0.774754  
    19     0.573810     0.776304  
    20     0.562472     0.772487  
    21     0.552009     0.773370  
    22     0.542107     0.774173  
    23     0.532475     0.773710  
    24     0.523468     0.769362  
    25     0.515658     0.766146  
    26     0.507521     0.767895  
    27     0.500368     0.766309  
    28     0.493092     0.767076  
    29     0.485696     0.765151  
    30     0.479459     0.763621  
    31     0.472928     0.765065  
    32     0.466465     0.765615  
    33     0.460283     0.763392  
    34     0.454353     0.764356  
    35     0.448570     0.761270  
    36     0.442871     0.760318  
    37     0.437459     0.760353  
    38     0.432460     0.760581  
    39     0.427606     0.760824  
    40     0.423046     0.761013  
    41     0.418350     0.761674  
    42     0.413778     0.759499  
    43     0.409537     0.761320  
    44     0.405323     0.760631  
    45     0.401363     0.760034  
    46     0.397655     0.759953  
    47     0.393776     0.759641  
    48     0.390115     0.757951  * best
    49     0.386237     0.758643  
    50     0.382515     0.760840  
    51     0.378935     0.761034  
    52     0.375149     0.760735  
    53     0.371629     0.759824  
    54     0.368167     0.759744  
    55     0.364887     0.758719  
    56     0.361584     0.758482  
    57     0.358126     0.758001  
    58     0.354987     0.759099  
    59     0.351684     0.759821  
    60     0.348241     0.760591  
    61     0.344947     0.760723  
    62     0.341825     0.760023  
    63     0.339014     0.760680  
    64     0.335886     0.760981  
    65     0.332873     0.762686  
    66     0.330091     0.761804  
    67     0.327223     0.761889  
    68     0.324727     0.761928  
    69     0.321954     0.762263  
    70     0.319234     0.761683  
    71     0.316463     0.763404  
    72     0.313764     0.763131  
    73     0.311081     0.762664  
    74     0.308583     0.762368  
    75     0.306147     0.762366  
    76     0.303638     0.762270  
    77     0.301254     0.762782  
    78     0.298687     0.762321  
    79     0.296129     0.762556  
    80     0.293638     0.762049  
    81     0.291284     0.762572  
    82     0.289004     0.763583  
    83     0.286594     0.762460  
    84     0.284296     0.762185  
    85     0.281904     0.761741  
    86     0.279843     0.761592  
    87     0.277670     0.761103  
    88     0.275355     0.762038  
    89     0.273288     0.761812  
    90     0.271174     0.762458  
    91     0.269084     0.761749  
    92     0.266891     0.761022  
    93     0.264932     0.761031  
    94     0.262929     0.761695  
    95     0.260816     0.762344  
    96     0.258749     0.761968  
    97     0.256691     0.762789  
    98     0.254859     0.764225  
    99     0.252976     0.763650  
   100     0.251131     0.763920  
   101     0.249353     0.763999  
   102     0.247561     0.764266  
   103     0.245864     0.763448  
   104     0.244142     0.763977  
   105     0.242342     0.764286  
   106     0.240654     0.764014  
   107     0.238904     0.763802  
   108     0.237178     0.764901  
   109     0.235375     0.765239  
   110     0.233640     0.765615  
   111     0.232011     0.765819  
   112     0.230295     0.766136  
   113     0.228505     0.766305  
   114     0.226884     0.765984  
   115     0.225275     0.766287  
   116     0.223577     0.765639  
   117     0.221974     0.765343  
   118     0.220460     0.765756  
   119     0.218879     0.765784  
   120     0.217364     0.766114  
   121     0.215899     0.765750  
   122     0.214355     0.765513  
   123     0.212836     0.765268  
   124     0.211419     0.764015  
   125     0.209921     0.764403  
   126     0.208492     0.764690  
   127     0.207018     0.765174  
   128     0.205406     0.764062  
   129     0.204051     0.764739  
   130     0.202661     0.764702  
   131     0.201254     0.764944  
   132     0.199933     0.766033  
   133     0.198528     0.765903  
   134     0.197116     0.765512  
   135     0.195762     0.767099  
   136     0.194426     0.766384  
   137     0.193106     0.767852  
   138     0.191811     0.768755  
   139     0.190569     0.768260  
   140     0.189239     0.769189  
   141     0.188014     0.768660  
   142     0.186747     0.769134  
   143     0.185485     0.769186  
   144     0.184203     0.768320  
   145     0.182884     0.768132  
   146     0.181645     0.768384  
   147     0.180485     0.768467  
   148     0.179305     0.768218  
# best iteration 48 (val l2 0.757951)
# Spearman  train +0.8167  val +0.1154  test -0.2569
