# mlp_node+edge seed 2
# perceptron on node+edge
# inputs [(25970,)], 3,328,449 parameters
# Linear(n_in,128) -> GELU -> Dropout(0.3) -> Linear(128,32) -> GELU -> Dropout(0.3) -> Linear(32,1)
# Adam lr=0.001 weight_decay=0.0001 batch=32 dropout=0.3
# loss = MSE on standardised log10 half-life
# early stopping on validation loss, patience 40, max 300 epochs
#
 epoch  train_batch        train          val  note
     1    56.131247   239.409195     1.154490  * best
     2   499.796775    43.395393     0.871412  * best
     3   104.858951    43.189453     0.795085  * best
     4    35.282599     6.511015     0.815554  
     5    36.263844    19.856956     0.821152  
     6    22.826201    21.252804     0.820646  
     7    54.332344     2.166577     0.806789  
     8     7.052118     1.879412     0.796925  
     9     2.806447     0.971671     0.824514  
    10     0.913908     0.942888     0.784192  * best
    11     1.062690     0.835756     0.778414  * best
    12     0.850705     0.794851     0.759061  * best
    13     0.847589     0.753594     0.759740  
    14     0.982872     0.720619     0.739669  * best
    15     0.816706     0.663443     0.735156  * best
    16     0.776806     0.625158     0.726790  * best
    17     0.746544     0.621204     0.728570  
    18     0.721998     0.573701     0.722085  * best
    19     0.697532     0.567607     0.726871  
    20     0.701706     0.541940     0.728675  
    21     0.670489     0.544367     0.721068  * best
    22     0.668975     0.526694     0.724537  
    23     0.668536     0.530436     0.723358  
    24     0.653060     0.499896     0.732650  
    25     0.639402     0.498399     0.723501  
    26     0.641682     0.478572     0.748612  
    27     0.602868     0.425003     0.799261  
    28     0.644670     0.456764     0.732514  
    29     0.635560     0.492816     0.727211  
    30     0.632436     0.487864     0.721261  
    31     0.627440     0.477637     0.738674  
    32     0.622721     0.471702     0.728342  
    33     0.666533     0.433723     0.736957  
    34     0.638201     0.933515     0.734650  
    35     0.638320     0.423315     0.733137  
    36     0.610494     0.449202     0.726051  
    37     0.605033     0.425129     0.761082  
    38     0.604460     0.417880     0.742116  
    39     0.602123     0.472450     0.728576  
    40     0.606033     0.638368     0.725178  
    41     0.619133     0.442080     0.742354  
    42     0.592460     0.453592     0.736564  
    43     0.596506     0.447027     0.752155  
    44     0.593818     0.441521     0.739933  
    45     0.600373     0.416416     0.741217  
    46     0.606693     0.449803     0.739451  
    47     0.624881     0.472522     0.752787  
    48     0.565212     0.468305     0.819408  
    49     0.587422     0.681381     0.797849  
    50     0.787002     1.072410     0.730368  
    51     0.684260     0.486410     0.730349  
    52     0.607702     0.483835     0.719379  * best
    53     0.601003     0.465520     0.726827  
    54     0.576296     0.416539     0.746410  
    55     0.595628     0.422382     0.743275  
    56     0.557605     0.404878     0.729831  
    57     0.546626     0.410817     0.752938  
    58     0.551918     0.361409     0.741387  
    59     0.529720     0.330065     0.750920  
    60     0.528539     0.350586     0.801676  
    61     0.643750     0.627065     0.780871  
    62     0.647883     0.404652     0.741406  
    63     0.527760     0.319708     0.831481  
    64     0.508958     0.376287     0.761056  
    65     0.502222     0.321300     0.738891  
    66     0.645306     0.393378     0.752398  
    67     0.526021     0.336889     0.783446  
    68     0.500845     0.344707     0.762018  
    69     0.494985     0.341516     0.774251  
    70     0.491205     0.286410     0.835057  
    71     0.458736     0.337294     0.790839  
    72     0.455247     0.351546     0.748420  
    73     0.500875     0.548117     0.754626  
    74     0.751742     0.479716     0.784609  
    75     0.594480     0.371538     0.729797  
    76     0.662641     0.581890     0.816004  
    77     0.588000     0.387365     0.768066  
    78     0.577839     0.397564     0.755507  
    79     0.533533     0.392811     0.733759  
    80     0.657407     0.452793     0.727147  
    81     0.537342     0.341117     0.739859  
    82     0.512448     0.319066     0.803602  
    83     0.542696     5.873972     0.829887  
    84     1.276100     3.342338     0.753318  
    85     1.223021    21.176298     0.767742  
    86    24.085382     1.690814     0.750943  
    87     5.946685     0.485635     0.774778  
    88     0.597083     0.422918     0.792394  
    89     0.588167     0.406530     0.787005  
    90     0.579194     0.512423     0.749145  
    91     0.568358     0.361212     0.834092  
    92     0.554278     0.359738     0.846042  
# stopped at epoch 92: no improvement for 40 epochs
# restored epoch 52 (val MSE 0.719379)
# Spearman  train +0.8070  val +0.1217  test -0.0180
