# gbm_boltz_pooled seed 0
# Boltz pooled blocks
# inputs 1547, 627 trees
# LightGBM gradient-boosted trees, objective l2, lr 0.05, num_leaves 31, min_data_in_leaf 20, feature_fraction 0.3, bagging 0.8, lambda_l2 1.0, up to 3000 rounds, early stopping 100 on validation l2
# loss = l2 on standardised log10 half-life
#
 round        train          val  note
     1     0.964649     0.993996  
     2     0.931072     0.965496  
     3     0.899300     0.939738  
     4     0.870050     0.916159  
     5     0.843459     0.893271  
     6     0.817908     0.874637  
     7     0.793519     0.855346  
     8     0.769329     0.836405  
     9     0.748457     0.819417  
    10     0.728575     0.803628  
    11     0.710385     0.789215  
    12     0.691960     0.775866  
    13     0.675300     0.763801  
    14     0.659803     0.753747  
    15     0.644279     0.741997  
    16     0.630184     0.731597  
    17     0.616015     0.721252  
    18     0.603225     0.711423  
    19     0.590244     0.700917  
    20     0.578252     0.692455  
    21     0.567103     0.685055  
    22     0.556192     0.676961  
    23     0.545428     0.669423  
    24     0.535560     0.663672  
    25     0.526150     0.659805  
    26     0.516468     0.654698  
    27     0.507563     0.651036  
    28     0.499364     0.647222  
    29     0.492028     0.643450  
    30     0.483522     0.639117  
    31     0.475815     0.635056  
    32     0.468274     0.630271  
    33     0.461616     0.625678  
    34     0.455311     0.623116  
    35     0.448505     0.619139  
    36     0.442011     0.615366  
    37     0.435631     0.610824  
    38     0.429975     0.608852  
    39     0.424047     0.604919  
    40     0.418310     0.602352  
    41     0.412806     0.600196  
    42     0.407435     0.597246  
    43     0.402073     0.594591  
    44     0.396824     0.591802  
    45     0.392379     0.589905  
    46     0.387575     0.586943  
    47     0.382587     0.583761  
    48     0.377757     0.580816  
    49     0.373059     0.578844  
    50     0.368679     0.576607  
    51     0.364593     0.574834  
    52     0.360194     0.572283  
    53     0.356108     0.571100  
    54     0.352192     0.569662  
    55     0.348036     0.568179  
    56     0.343643     0.566315  
    57     0.340052     0.565444  
    58     0.336422     0.564275  
    59     0.332943     0.563096  
    60     0.329003     0.560132  
    61     0.325250     0.558251  
    62     0.321621     0.557097  
    63     0.318400     0.555253  
    64     0.314854     0.554271  
    65     0.311661     0.553093  
    66     0.308370     0.551544  
    67     0.305202     0.550480  
    68     0.301977     0.548972  
    69     0.298903     0.547551  
    70     0.296028     0.546119  
    71     0.292919     0.545596  
    72     0.289903     0.544200  
    73     0.287077     0.543421  
    74     0.284212     0.542290  
    75     0.281544     0.541247  
    76     0.278604     0.540634  
    77     0.275843     0.540184  
    78     0.273156     0.538699  
    79     0.270335     0.537475  
    80     0.267877     0.536713  
    81     0.265310     0.536188  
    82     0.262895     0.535266  
    83     0.260224     0.534948  
    84     0.257473     0.533804  
    85     0.254779     0.532763  
    86     0.252105     0.531866  
    87     0.249789     0.531905  
    88     0.247308     0.531219  
    89     0.245059     0.530480  
    90     0.242570     0.529468  
    91     0.240303     0.528169  
    92     0.238134     0.527091  
    93     0.235757     0.526342  
    94     0.233689     0.525393  
    95     0.231531     0.524772  
    96     0.229594     0.524423  
    97     0.227558     0.524011  
    98     0.225537     0.522861  
    99     0.223412     0.522185  
   100     0.221438     0.522095  
   101     0.219452     0.521844  
   102     0.217607     0.521535  
   103     0.215701     0.521440  
   104     0.213840     0.520928  
   105     0.212009     0.520874  
   106     0.210067     0.519733  
   107     0.208175     0.519270  
   108     0.206126     0.518219  
   109     0.204385     0.518020  
   110     0.202623     0.517025  
   111     0.200874     0.516212  
   112     0.199178     0.516004  
   113     0.197485     0.515560  
   114     0.195679     0.514663  
   115     0.193831     0.513930  
   116     0.192098     0.513161  
   117     0.190503     0.512467  
   118     0.188894     0.511656  
   119     0.187290     0.511307  
   120     0.185663     0.510722  
   121     0.184087     0.509679  
   122     0.182531     0.509245  
   123     0.181052     0.508686  
   124     0.179383     0.508620  
   125     0.178002     0.508049  
   126     0.176469     0.506752  
   127     0.175124     0.506504  
   128     0.173667     0.505798  
   129     0.172289     0.505281  
   130     0.170784     0.504404  
   131     0.169379     0.503882  
   132     0.167928     0.503579  
   133     0.166692     0.503132  
   134     0.165395     0.502917  
   135     0.164018     0.502348  
   136     0.162681     0.501728  
   137     0.161329     0.501904  
   138     0.159954     0.501298  
   139     0.158713     0.501339  
   140     0.157317     0.500648  
   141     0.156028     0.500230  
   142     0.154841     0.500022  
   143     0.153630     0.499897  
   144     0.152303     0.499193  
   145     0.151154     0.499165  
   146     0.149980     0.498558  
   147     0.148885     0.498527  
   148     0.147763     0.498372  
   149     0.146538     0.497817  
   150     0.145354     0.497079  
   151     0.144291     0.496957  
   152     0.143114     0.496305  
   153     0.141988     0.495700  
   154     0.140900     0.495226  
   155     0.139833     0.495002  
   156     0.138722     0.495168  
   157     0.137733     0.494654  
   158     0.136679     0.494796  
   159     0.135666     0.495016  
   160     0.134602     0.494644  
   161     0.133553     0.494965  
   162     0.132613     0.494865  
   163     0.131524     0.494820  
   164     0.130413     0.494863  
   165     0.129451     0.494650  
   166     0.128423     0.494586  
   167     0.127492     0.494059  
   168     0.126506     0.493500  
   169     0.125512     0.492949  
   170     0.124464     0.492844  
   171     0.123486     0.492615  
   172     0.122499     0.492207  
   173     0.121717     0.491990  
   174     0.120839     0.491488  
   175     0.119796     0.491170  
   176     0.118861     0.491119  
   177     0.117915     0.490934  
   178     0.117013     0.490532  
   179     0.116106     0.490282  
   180     0.115175     0.490176  
   181     0.114406     0.489952  
   182     0.113653     0.489709  
   183     0.112781     0.489419  
   184     0.112013     0.489739  
   185     0.111226     0.489953  
   186     0.110359     0.489949  
   187     0.109532     0.489869  
   188     0.108613     0.489808  
   189     0.107887     0.489414  
   190     0.107101     0.489082  
   191     0.106309     0.489014  
   192     0.105531     0.489108  
   193     0.104743     0.488858  
   194     0.103985     0.488700  
   195     0.103242     0.488373  
   196     0.102516     0.488205  
   197     0.101772     0.488328  
   198     0.101032     0.487765  
   199     0.100283     0.487412  
   200     0.099527     0.487246  
   201     0.098771     0.487251  
   202     0.098067     0.487090  
   203     0.097398     0.486832  
   204     0.096675     0.486551  
   205     0.096033     0.486348  
   206     0.095355     0.486207  
   207     0.094626     0.485841  
   208     0.093929     0.485538  
   209     0.093219     0.485282  
   210     0.092535     0.485202  
   211     0.091882     0.484791  
   212     0.091239     0.484830  
   213     0.090588     0.484529  
   214     0.089885     0.484769  
   215     0.089206     0.485087  
   216     0.088556     0.484865  
   217     0.087929     0.485067  
   218     0.087373     0.484859  
   219     0.086714     0.484563  
   220     0.086149     0.484263  
   221     0.085551     0.484282  
   222     0.084942     0.484202  
   223     0.084310     0.484045  
   224     0.083738     0.483841  
   225     0.083108     0.483522  
   226     0.082491     0.483319  
   227     0.081921     0.483273  
   228     0.081381     0.483260  
   229     0.080799     0.483176  
   230     0.080237     0.482830  
   231     0.079638     0.482663  
   232     0.079103     0.482729  
   233     0.078558     0.482494  
   234     0.078042     0.482266  
   235     0.077500     0.481834  
   236     0.076991     0.481213  
   237     0.076451     0.481091  
   238     0.075930     0.480782  
   239     0.075425     0.480636  
   240     0.074908     0.480592  
   241     0.074400     0.480689  
   242     0.073896     0.480235  
   243     0.073375     0.480117  
   244     0.072903     0.479995  
   245     0.072385     0.480108  
   246     0.071885     0.479971  
   247     0.071382     0.479729  
   248     0.070855     0.479926  
   249     0.070385     0.480137  
   250     0.069880     0.480061  
   251     0.069368     0.480326  
   252     0.068922     0.480122  
   253     0.068444     0.479798  
   254     0.067946     0.479461  
   255     0.067485     0.479273  
   256     0.067022     0.479078  
   257     0.066541     0.478834  
   258     0.066126     0.478586  
   259     0.065684     0.478548  
   260     0.065281     0.478154  
   261     0.064816     0.478119  
   262     0.064405     0.478039  
   263     0.063904     0.478004  
   264     0.063482     0.478056  
   265     0.063063     0.478001  
   266     0.062624     0.478133  
   267     0.062204     0.478066  
   268     0.061766     0.478060  
   269     0.061367     0.477977  
   270     0.060967     0.478173  
   271     0.060563     0.478200  
   272     0.060172     0.478048  
   273     0.059710     0.477618  
   274     0.059355     0.477435  
   275     0.058957     0.477385  
   276     0.058549     0.477123  
   277     0.058152     0.476908  
   278     0.057764     0.477021  
   279     0.057343     0.476946  
   280     0.056933     0.476978  
   281     0.056509     0.476873  
   282     0.056115     0.477013  
   283     0.055726     0.477083  
   284     0.055342     0.476719  
   285     0.054953     0.477029  
   286     0.054602     0.477197  
   287     0.054244     0.476779  
   288     0.053892     0.476759  
   289     0.053534     0.476533  
   290     0.053183     0.476296  
   291     0.052820     0.476199  
   292     0.052470     0.476174  
   293     0.052121     0.476079  
   294     0.051792     0.476081  
   295     0.051465     0.475772  
   296     0.051111     0.475786  
   297     0.050757     0.475732  
   298     0.050449     0.475830  
   299     0.050122     0.475887  
   300     0.049745     0.475841  
   301     0.049442     0.475659  
   302     0.049119     0.475642  
   303     0.048778     0.475356  
   304     0.048423     0.475209  
   305     0.048125     0.474996  
   306     0.047800     0.474894  
   307     0.047504     0.474686  
   308     0.047185     0.474577  
   309     0.046883     0.474487  
   310     0.046563     0.474511  
   311     0.046267     0.474368  
   312     0.045964     0.474470  
   313     0.045654     0.474442  
   314     0.045344     0.474472  
   315     0.045089     0.474309  
   316     0.044819     0.473955  
   317     0.044554     0.473807  
   318     0.044268     0.473668  
   319     0.043994     0.473770  
   320     0.043749     0.473801  
   321     0.043466     0.473639  
   322     0.043182     0.473584  
   323     0.042892     0.473577  
   324     0.042609     0.473562  
   325     0.042334     0.473497  
   326     0.042061     0.473596  
   327     0.041776     0.473531  
   328     0.041494     0.473526  
   329     0.041239     0.473389  
   330     0.040956     0.473472  
   331     0.040690     0.473366  
   332     0.040419     0.473300  
   333     0.040183     0.473262  
   334     0.039889     0.473296  
   335     0.039651     0.473364  
   336     0.039391     0.473457  
   337     0.039157     0.473561  
   338     0.038928     0.473397  
   339     0.038680     0.473404  
   340     0.038420     0.473353  
   341     0.038183     0.473350  
   342     0.037943     0.473400  
   343     0.037720     0.473207  
   344     0.037457     0.473059  
   345     0.037223     0.472855  
   346     0.036955     0.472785  
   347     0.036735     0.472844  
   348     0.036502     0.472692  
   349     0.036265     0.472680  
   350     0.036045     0.472525  
   351     0.035810     0.472446  
   352     0.035602     0.472237  
   353     0.035387     0.472094  
   354     0.035184     0.471915  
   355     0.034953     0.471879  
   356     0.034761     0.471837  
   357     0.034537     0.471843  
   358     0.034315     0.471783  
   359     0.034116     0.471798  
   360     0.033894     0.471672  
   361     0.033686     0.471413  
   362     0.033473     0.471235  
   363     0.033243     0.471268  
   364     0.033029     0.471215  
   365     0.032818     0.471095  
   366     0.032624     0.470918  
   367     0.032431     0.470893  
   368     0.032226     0.470891  
   369     0.032021     0.470807  
   370     0.031822     0.470878  
   371     0.031625     0.470976  
   372     0.031415     0.470922  
   373     0.031213     0.471053  
   374     0.031028     0.470958  
   375     0.030852     0.470822  
   376     0.030650     0.470874  
   377     0.030458     0.470706  
   378     0.030270     0.470726  
   379     0.030084     0.470838  
   380     0.029911     0.470757  
   381     0.029718     0.470573  
   382     0.029563     0.470618  
   383     0.029378     0.470636  
   384     0.029194     0.470612  
   385     0.029012     0.470433  
   386     0.028845     0.470577  
   387     0.028682     0.470504  
   388     0.028511     0.470469  
   389     0.028327     0.470395  
   390     0.028145     0.470291  
   391     0.027969     0.470258  
   392     0.027816     0.470118  
   393     0.027656     0.470021  
   394     0.027502     0.469897  
   395     0.027349     0.469958  
   396     0.027188     0.470175  
   397     0.027012     0.470137  
   398     0.026869     0.470274  
   399     0.026708     0.470224  
   400     0.026547     0.470129  
   401     0.026385     0.470086  
   402     0.026219     0.469992  
   403     0.026054     0.469884  
   404     0.025880     0.469853  
   405     0.025710     0.469799  
   406     0.025570     0.469747  
   407     0.025413     0.469642  
   408     0.025254     0.469608  
   409     0.025089     0.469464  
   410     0.024948     0.469580  
   411     0.024788     0.469687  
   412     0.024637     0.469829  
   413     0.024486     0.469814  
   414     0.024341     0.469695  
   415     0.024199     0.469699  
   416     0.024041     0.469536  
   417     0.023898     0.469376  
   418     0.023753     0.469398  
   419     0.023601     0.469361  
   420     0.023469     0.469364  
   421     0.023322     0.469483  
   422     0.023171     0.469372  
   423     0.023032     0.469315  
   424     0.022881     0.469253  
   425     0.022735     0.469286  
   426     0.022600     0.469173  
   427     0.022458     0.469054  
   428     0.022321     0.469053  
   429     0.022189     0.469022  
   430     0.022063     0.468892  
   431     0.021932     0.468975  
   432     0.021817     0.468886  
   433     0.021690     0.468893  
   434     0.021558     0.468787  
   435     0.021427     0.468722  
   436     0.021291     0.468623  
   437     0.021159     0.468521  
   438     0.021028     0.468366  
   439     0.020909     0.468378  
   440     0.020778     0.468381  
   441     0.020649     0.468462  
   442     0.020527     0.468525  
   443     0.020403     0.468490  
   444     0.020278     0.468497  
   445     0.020157     0.468488  
   446     0.020043     0.468503  
   447     0.019923     0.468494  
   448     0.019804     0.468441  
   449     0.019697     0.468308  
   450     0.019584     0.468173  
   451     0.019474     0.468103  
   452     0.019359     0.468248  
   453     0.019240     0.468351  
   454     0.019119     0.468346  
   455     0.019011     0.468418  
   456     0.018911     0.468362  
   457     0.018801     0.468260  
   458     0.018694     0.468218  
   459     0.018600     0.468131  
   460     0.018489     0.468018  
   461     0.018394     0.468063  
   462     0.018286     0.468069  
   463     0.018184     0.468199  
   464     0.018075     0.468295  
   465     0.017969     0.468277  
   466     0.017866     0.468314  
   467     0.017758     0.468407  
   468     0.017652     0.468461  
   469     0.017541     0.468571  
   470     0.017444     0.468494  
   471     0.017354     0.468286  
   472     0.017245     0.468354  
   473     0.017150     0.468284  
   474     0.017063     0.468335  
   475     0.016964     0.468400  
   476     0.016866     0.468398  
   477     0.016773     0.468468  
   478     0.016675     0.468503  
   479     0.016584     0.468483  
   480     0.016493     0.468385  
   481     0.016391     0.468224  
   482     0.016297     0.468173  
   483     0.016194     0.468041  
   484     0.016097     0.468161  
   485     0.016008     0.468136  
   486     0.015925     0.468015  
   487     0.015831     0.467962  
   488     0.015739     0.467938  
   489     0.015660     0.467940  
   490     0.015567     0.467875  
   491     0.015475     0.467860  
   492     0.015390     0.467886  
   493     0.015310     0.467945  
   494     0.015228     0.467953  
   495     0.015142     0.468024  
   496     0.015040     0.467956  
   497     0.014958     0.467934  
   498     0.014874     0.467917  
   499     0.014789     0.467977  
   500     0.014700     0.467972  
   501     0.014623     0.467923  
   502     0.014542     0.467741  
   503     0.014458     0.467830  
   504     0.014375     0.467906  
   505     0.014294     0.467875  
   506     0.014205     0.467873  
   507     0.014114     0.467960  
   508     0.014038     0.467843  
   509     0.013967     0.467844  
   510     0.013886     0.467806  
   511     0.013805     0.467762  
   512     0.013723     0.467868  
   513     0.013654     0.467923  
   514     0.013578     0.467854  
   515     0.013493     0.467792  
   516     0.013412     0.467751  
   517     0.013337     0.467758  
   518     0.013270     0.467756  
   519     0.013201     0.467808  
   520     0.013120     0.467830  
   521     0.013046     0.467790  
   522     0.012971     0.467748  
   523     0.012883     0.467694  
   524     0.012819     0.467714  
   525     0.012751     0.467642  
   526     0.012685     0.467720  
   527     0.012613     0.467551  
   528     0.012539     0.467448  
   529     0.012474     0.467483  
   530     0.012401     0.467438  
   531     0.012323     0.467395  
   532     0.012240     0.467422  
   533     0.012163     0.467371  
   534     0.012088     0.467382  
   535     0.012018     0.467299  
   536     0.011955     0.467290  
   537     0.011884     0.467326  
   538     0.011812     0.467387  
   539     0.011737     0.467200  
   540     0.011673     0.467200  
   541     0.011602     0.467142  
   542     0.011538     0.467164  
   543     0.011464     0.467114  
   544     0.011396     0.467070  
   545     0.011334     0.467037  
   546     0.011273     0.467096  
   547     0.011209     0.467010  
   548     0.011145     0.467079  
   549     0.011078     0.467030  
   550     0.011025     0.467043  
   551     0.010964     0.467081  
   552     0.010906     0.467219  
   553     0.010850     0.467247  
   554     0.010782     0.467189  
   555     0.010713     0.467172  
   556     0.010652     0.467109  
   557     0.010588     0.466953  
   558     0.010527     0.466970  
   559     0.010472     0.466904  
   560     0.010417     0.466868  
   561     0.010361     0.466891  
   562     0.010300     0.466897  
   563     0.010243     0.466879  
   564     0.010183     0.466788  
   565     0.010125     0.466821  
   566     0.010070     0.466703  
   567     0.010018     0.466762  
   568     0.009963     0.466689  
   569     0.009904     0.466672  
   570     0.009845     0.466546  
   571     0.009789     0.466465  
   572     0.009737     0.466430  
   573     0.009677     0.466424  
   574     0.009618     0.466385  
   575     0.009564     0.466347  
   576     0.009511     0.466258  
   577     0.009451     0.466171  
   578     0.009404     0.466133  
   579     0.009348     0.466140  
   580     0.009298     0.466086  
   581     0.009245     0.466144  
   582     0.009194     0.466144  
   583     0.009143     0.466220  
   584     0.009090     0.466202  
   585     0.009044     0.466163  
   586     0.008994     0.466122  
   587     0.008947     0.466106  
   588     0.008896     0.466127  
   589     0.008848     0.466051  
   590     0.008796     0.466034  
   591     0.008754     0.466073  
   592     0.008707     0.465942  
   593     0.008658     0.465922  
   594     0.008609     0.465824  
   595     0.008556     0.465905  
   596     0.008504     0.465976  
   597     0.008459     0.466032  
   598     0.008408     0.465978  
   599     0.008358     0.465926  
   600     0.008312     0.466034  
   601     0.008262     0.465978  
   602     0.008215     0.465908  
   603     0.008174     0.465906  
   604     0.008130     0.465884  
   605     0.008082     0.465884  
   606     0.008034     0.465907  
   607     0.007991     0.465783  
   608     0.007945     0.465681  
   609     0.007902     0.465714  
   610     0.007860     0.465745  
   611     0.007818     0.465713  
   612     0.007777     0.465746  
   613     0.007732     0.465730  
   614     0.007688     0.465727  
   615     0.007646     0.465695  
   616     0.007604     0.465662  
   617     0.007559     0.465643  
   618     0.007515     0.465675  
   619     0.007472     0.465735  
   620     0.007431     0.465625  
   621     0.007394     0.465636  
   622     0.007355     0.465609  
   623     0.007317     0.465563  
   624     0.007281     0.465505  
   625     0.007242     0.465395  
   626     0.007203     0.465333  
   627     0.007162     0.465331  * best
   628     0.007125     0.465341  
   629     0.007090     0.465370  
   630     0.007055     0.465478  
   631     0.007017     0.465532  
   632     0.006986     0.465504  
   633     0.006946     0.465462  
   634     0.006907     0.465500  
   635     0.006871     0.465536  
   636     0.006829     0.465583  
   637     0.006795     0.465584  
   638     0.006760     0.465561  
   639     0.006720     0.465517  
   640     0.006685     0.465503  
   641     0.006649     0.465567  
   642     0.006613     0.465590  
   643     0.006579     0.465627  
   644     0.006543     0.465713  
   645     0.006510     0.465710  
   646     0.006472     0.465607  
   647     0.006437     0.465659  
   648     0.006404     0.465682  
   649     0.006376     0.465661  
   650     0.006342     0.465731  
   651     0.006310     0.465711  
   652     0.006276     0.465710  
   653     0.006245     0.465690  
   654     0.006210     0.465712  
   655     0.006176     0.465657  
   656     0.006141     0.465681  
   657     0.006111     0.465686  
   658     0.006074     0.465670  
   659     0.006044     0.465641  
   660     0.006011     0.465596  
   661     0.005975     0.465638  
   662     0.005947     0.465617  
   663     0.005913     0.465640  
   664     0.005885     0.465584  
   665     0.005853     0.465577  
   666     0.005819     0.465588  
   667     0.005788     0.465593  
   668     0.005757     0.465614  
   669     0.005726     0.465616  
   670     0.005697     0.465623  
   671     0.005669     0.465682  
   672     0.005640     0.465659  
   673     0.005609     0.465712  
   674     0.005581     0.465624  
   675     0.005549     0.465563  
   676     0.005520     0.465642  
   677     0.005490     0.465605  
   678     0.005458     0.465638  
   679     0.005427     0.465587  
   680     0.005397     0.465649  
   681     0.005370     0.465632  
   682     0.005341     0.465710  
   683     0.005314     0.465671  
   684     0.005288     0.465677  
   685     0.005260     0.465692  
   686     0.005229     0.465653  
   687     0.005200     0.465614  
   688     0.005171     0.465630  
   689     0.005143     0.465711  
   690     0.005115     0.465678  
   691     0.005085     0.465677  
   692     0.005056     0.465726  
   693     0.005029     0.465710  
   694     0.005001     0.465653  
   695     0.004976     0.465601  
   696     0.004948     0.465553  
   697     0.004921     0.465545  
   698     0.004893     0.465547  
   699     0.004869     0.465604  
   700     0.004843     0.465589  
   701     0.004817     0.465544  
   702     0.004790     0.465544  
   703     0.004764     0.465520  
   704     0.004738     0.465493  
   705     0.004715     0.465455  
   706     0.004693     0.465478  
   707     0.004671     0.465477  
   708     0.004646     0.465466  
   709     0.004620     0.465521  
   710     0.004593     0.465650  
   711     0.004570     0.465621  
   712     0.004545     0.465660  
   713     0.004518     0.465716  
   714     0.004497     0.465679  
   715     0.004473     0.465671  
   716     0.004452     0.465630  
   717     0.004430     0.465688  
   718     0.004406     0.465722  
   719     0.004382     0.465759  
   720     0.004358     0.465750  
   721     0.004334     0.465732  
   722     0.004311     0.465764  
   723     0.004288     0.465819  
   724     0.004265     0.465817  
   725     0.004242     0.465824  
   726     0.004218     0.465788  
   727     0.004196     0.465749  
# best iteration 627 (val l2 0.465331)
# Spearman  train +0.9945  val +0.7410  test +0.7443
