# gbm_boltz+node+energy seed 0
# boosted trees on boltz+node+energy
# inputs 13497, 279 trees
# LightGBM gradient-boosted trees, objective l2, lr 0.05, num_leaves 31, min_data_in_leaf 20, feature_fraction 0.3, bagging 0.8, lambda_l2 1.0, up to 3000 rounds, early stopping 100 on validation l2
# loss = l2 on standardised log10 half-life
#
 round        train          val  note
     1     0.959022     0.803506  
     2     0.920613     0.795515  
     3     0.884108     0.786886  
     4     0.850381     0.783287  
     5     0.818847     0.771171  
     6     0.790217     0.762673  
     7     0.763901     0.753952  
     8     0.739059     0.748208  
     9     0.716586     0.740753  
    10     0.696020     0.732940  
    11     0.676334     0.726966  
    12     0.657413     0.721196  
    13     0.638972     0.720282  
    14     0.623176     0.712720  
    15     0.607621     0.705443  
    16     0.592162     0.698634  
    17     0.578004     0.692751  
    18     0.564605     0.686494  
    19     0.552561     0.681928  
    20     0.540354     0.677701  
    21     0.529334     0.674003  
    22     0.518822     0.668159  
    23     0.508965     0.664325  
    24     0.500027     0.661718  
    25     0.490984     0.658901  
    26     0.482682     0.656982  
    27     0.475199     0.654526  
    28     0.467888     0.651640  
    29     0.460285     0.651023  
    30     0.452913     0.647811  
    31     0.445917     0.645847  
    32     0.439296     0.643705  
    33     0.433304     0.641364  
    34     0.426955     0.639299  
    35     0.421406     0.638501  
    36     0.415640     0.636164  
    37     0.409896     0.632627  
    38     0.404854     0.633557  
    39     0.399988     0.633188  
    40     0.395157     0.632267  
    41     0.390051     0.629855  
    42     0.385228     0.628365  
    43     0.380555     0.627252  
    44     0.376040     0.626685  
    45     0.371934     0.625310  
    46     0.367402     0.625378  
    47     0.363210     0.622504  
    48     0.359114     0.622066  
    49     0.355672     0.621396  
    50     0.352135     0.621076  
    51     0.348361     0.619661  
    52     0.344999     0.620307  
    53     0.341846     0.619361  
    54     0.338449     0.617890  
    55     0.334889     0.615857  
    56     0.331926     0.614988  
    57     0.328536     0.614218  
    58     0.324968     0.612725  
    59     0.322036     0.612394  
    60     0.319032     0.611254  
    61     0.316227     0.612092  
    62     0.313450     0.610576  
    63     0.310789     0.610060  
    64     0.308173     0.610041  
    65     0.305326     0.608286  
    66     0.302743     0.607660  
    67     0.300250     0.607950  
    68     0.297902     0.608103  
    69     0.295311     0.607328  
    70     0.292732     0.605458  
    71     0.290011     0.605347  
    72     0.287696     0.604092  
    73     0.285284     0.604018  
    74     0.282817     0.603168  
    75     0.280524     0.603362  
    76     0.278373     0.602807  
    77     0.276244     0.602367  
    78     0.273852     0.601399  
    79     0.271694     0.600566  
    80     0.269562     0.601282  
    81     0.267465     0.601475  
    82     0.265275     0.601004  
    83     0.263252     0.599990  
    84     0.261100     0.599033  
    85     0.259217     0.598405  
    86     0.257370     0.598339  
    87     0.255511     0.598183  
    88     0.253592     0.597459  
    89     0.251652     0.595972  
    90     0.249815     0.595836  
    91     0.247967     0.595062  
    92     0.246257     0.594592  
    93     0.244502     0.593865  
    94     0.242679     0.593389  
    95     0.240805     0.593036  
    96     0.239153     0.592410  
    97     0.237320     0.591394  
    98     0.235745     0.591945  
    99     0.234026     0.591803  
   100     0.232296     0.591281  
   101     0.230584     0.591445  
   102     0.229039     0.591422  
   103     0.227489     0.590789  
   104     0.225878     0.589950  
   105     0.224359     0.589763  
   106     0.222811     0.589991  
   107     0.221161     0.590052  
   108     0.219610     0.590164  
   109     0.218128     0.590504  
   110     0.216498     0.590133  
   111     0.215073     0.589908  
   112     0.213679     0.589092  
   113     0.212192     0.588387  
   114     0.210690     0.588497  
   115     0.209285     0.588566  
   116     0.207844     0.589063  
   117     0.206474     0.588940  
   118     0.205117     0.589713  
   119     0.203750     0.589454  
   120     0.202382     0.589836  
   121     0.201108     0.590214  
   122     0.199767     0.590986  
   123     0.198411     0.591253  
   124     0.197078     0.590244  
   125     0.195682     0.590122  
   126     0.194207     0.591096  
   127     0.192826     0.590948  
   128     0.191455     0.590613  
   129     0.190177     0.590077  
   130     0.188879     0.590016  
   131     0.187598     0.590212  
   132     0.186424     0.590007  
   133     0.185167     0.589137  
   134     0.183852     0.588954  
   135     0.182683     0.588376  
   136     0.181506     0.589135  
   137     0.180411     0.589084  
   138     0.179263     0.588940  
   139     0.178145     0.588765  
   140     0.176977     0.588980  
   141     0.175810     0.589095  
   142     0.174585     0.588565  
   143     0.173426     0.588785  
   144     0.172313     0.588620  
   145     0.171309     0.588243  
   146     0.170267     0.588304  
   147     0.169176     0.587875  
   148     0.168088     0.588005  
   149     0.167039     0.588153  
   150     0.166005     0.588453  
   151     0.164950     0.588263  
   152     0.163940     0.588775  
   153     0.162978     0.588736  
   154     0.161924     0.588721  
   155     0.160890     0.588569  
   156     0.159825     0.587784  
   157     0.158826     0.587205  
   158     0.157883     0.587131  
   159     0.156956     0.588378  
   160     0.155963     0.588403  
   161     0.155003     0.588603  
   162     0.153984     0.588252  
   163     0.153089     0.588150  
   164     0.152107     0.588598  
   165     0.151161     0.588708  
   166     0.150199     0.588231  
   167     0.149283     0.588005  
   168     0.148329     0.587655  
   169     0.147390     0.587549  
   170     0.146480     0.587384  
   171     0.145553     0.587166  
   172     0.144660     0.586733  
   173     0.143803     0.587091  
   174     0.142963     0.586860  
   175     0.142062     0.586576  
   176     0.141210     0.586455  
   177     0.140345     0.586291  
   178     0.139510     0.586327  
   179     0.138695     0.586179  
   180     0.137876     0.586221  
   181     0.137000     0.586411  
   182     0.136132     0.586159  
   183     0.135290     0.586149  
   184     0.134504     0.586192  
   185     0.133644     0.586243  
   186     0.132808     0.585647  
   187     0.132033     0.586028  
   188     0.131247     0.586235  
   189     0.130490     0.586151  
   190     0.129752     0.585930  
   191     0.128991     0.586049  
   192     0.128273     0.586162  
   193     0.127512     0.586420  
   194     0.126800     0.586066  
   195     0.125973     0.586035  
   196     0.125176     0.585986  
   197     0.124484     0.586096  
   198     0.123760     0.586623  
   199     0.123019     0.586721  
   200     0.122282     0.586726  
   201     0.121583     0.586775  
   202     0.120897     0.587144  
   203     0.120177     0.586879  
   204     0.119560     0.586439  
   205     0.118923     0.586633  
   206     0.118214     0.586684  
   207     0.117523     0.586555  
   208     0.116859     0.586834  
   209     0.116197     0.587185  
   210     0.115433     0.587233  
   211     0.114747     0.587242  
   212     0.114061     0.586826  
   213     0.113367     0.587569  
   214     0.112704     0.587246  
   215     0.112050     0.587016  
   216     0.111448     0.586823  
   217     0.110858     0.587084  
   218     0.110251     0.586908  
   219     0.109607     0.587130  
   220     0.108966     0.586984  
   221     0.108404     0.587065  
   222     0.107764     0.586780  
   223     0.107110     0.586695  
   224     0.106496     0.586513  
   225     0.105931     0.586415  
   226     0.105358     0.586703  
   227     0.104798     0.586663  
   228     0.104254     0.586974  
   229     0.103645     0.586988  
   230     0.103036     0.586976  
   231     0.102512     0.587081  
   232     0.101980     0.587299  
   233     0.101435     0.587122  
   234     0.100840     0.586546  
   235     0.100311     0.586583  
   236     0.099739     0.586691  
   237     0.099137     0.586314  
   238     0.098626     0.586720  
   239     0.098096     0.586719  
   240     0.097607     0.587060  
   241     0.097035     0.587217  
   242     0.096440     0.587479  
   243     0.095880     0.587254  
   244     0.095364     0.587045  
   245     0.094856     0.586972  
   246     0.094429     0.586938  
   247     0.093865     0.587165  
   248     0.093313     0.586986  
   249     0.092800     0.586909  
   250     0.092302     0.587054  
   251     0.091819     0.587011  
   252     0.091315     0.586489  
   253     0.090767     0.586848  
   254     0.090264     0.586868  
   255     0.089750     0.586812  
   256     0.089294     0.586735  
   257     0.088774     0.586743  
   258     0.088269     0.586401  
   259     0.087773     0.586195  
   260     0.087300     0.586208  
   261     0.086812     0.586270  
   262     0.086299     0.586597  
   263     0.085856     0.586683  
   264     0.085394     0.586511  
   265     0.084931     0.586278  
   266     0.084485     0.586138  
   267     0.084058     0.586144  
   268     0.083636     0.586086  
   269     0.083192     0.586120  
   270     0.082776     0.586112  
   271     0.082341     0.585844  
   272     0.081912     0.585879  
   273     0.081500     0.585940  
   274     0.081101     0.586097  
   275     0.080643     0.585961  
   276     0.080209     0.585726  
   277     0.079768     0.585598  
   278     0.079328     0.585474  
   279     0.078881     0.585135  * best
   280     0.078474     0.585436  
   281     0.078056     0.585492  
   282     0.077659     0.585782  
   283     0.077244     0.585944  
   284     0.076875     0.585939  
   285     0.076468     0.585860  
   286     0.076046     0.586057  
   287     0.075609     0.586222  
   288     0.075226     0.586381  
   289     0.074878     0.586392  
   290     0.074487     0.586327  
   291     0.074075     0.586387  
   292     0.073672     0.585815  
   293     0.073296     0.585889  
   294     0.072926     0.585673  
   295     0.072549     0.585759  
   296     0.072212     0.585868  
   297     0.071839     0.586048  
   298     0.071445     0.585843  
   299     0.071058     0.585782  
   300     0.070695     0.586275  
   301     0.070343     0.586203  
   302     0.070028     0.586203  
   303     0.069688     0.586360  
   304     0.069318     0.586407  
   305     0.068942     0.586534  
   306     0.068569     0.586436  
   307     0.068206     0.586387  
   308     0.067868     0.586186  
   309     0.067561     0.586141  
   310     0.067230     0.586187  
   311     0.066884     0.586240  
   312     0.066499     0.586250  
   313     0.066158     0.586267  
   314     0.065824     0.586375  
   315     0.065483     0.586358  
   316     0.065156     0.586449  
   317     0.064773     0.586693  
   318     0.064451     0.586641  
   319     0.064093     0.586835  
   320     0.063777     0.587154  
   321     0.063439     0.587158  
   322     0.063126     0.587117  
   323     0.062817     0.587034  
   324     0.062498     0.586789  
   325     0.062200     0.587100  
   326     0.061864     0.586870  
   327     0.061547     0.586973  
   328     0.061250     0.586918  
   329     0.060922     0.586887  
   330     0.060614     0.586958  
   331     0.060294     0.587022  
   332     0.060026     0.587101  
   333     0.059694     0.587385  
   334     0.059364     0.587457  
   335     0.059044     0.587398  
   336     0.058750     0.587381  
   337     0.058417     0.587157  
   338     0.058117     0.586840  
   339     0.057823     0.586790  
   340     0.057510     0.586715  
   341     0.057195     0.586834  
   342     0.056888     0.586782  
   343     0.056582     0.586674  
   344     0.056305     0.586982  
   345     0.056050     0.587044  
   346     0.055760     0.586974  
   347     0.055467     0.587174  
   348     0.055180     0.586946  
   349     0.054914     0.587099  
   350     0.054611     0.586780  
   351     0.054354     0.586712  
   352     0.054083     0.587040  
   353     0.053819     0.587109  
   354     0.053556     0.587156  
   355     0.053297     0.587121  
   356     0.053042     0.587321  
   357     0.052782     0.587305  
   358     0.052524     0.587421  
   359     0.052257     0.587397  
   360     0.051980     0.587248  
   361     0.051730     0.587039  
   362     0.051481     0.586772  
   363     0.051216     0.586502  
   364     0.050942     0.586320  
   365     0.050669     0.586226  
   366     0.050434     0.586341  
   367     0.050200     0.586415  
   368     0.049949     0.586488  
   369     0.049685     0.586731  
   370     0.049431     0.586742  
   371     0.049196     0.586632  
   372     0.048943     0.586531  
   373     0.048693     0.586647  
   374     0.048425     0.586618  
   375     0.048166     0.586730  
   376     0.047923     0.586922  
   377     0.047699     0.586850  
   378     0.047444     0.586781  
   379     0.047202     0.586798  
# best iteration 279 (val l2 0.585135)
# Spearman  train +0.9660  val +0.4466  test +0.5588
