# mlp_node+edge seed 0
# perceptron on node+edge
# inputs [(25970,)], 3,328,449 parameters
# Linear(n_in,128) -> GELU -> Dropout(0.3) -> Linear(128,32) -> GELU -> Dropout(0.3) -> Linear(32,1)
# Adam lr=0.001 weight_decay=0.0001 batch=32 dropout=0.3
# loss = MSE on standardised log10 half-life
# early stopping on validation loss, patience 40, max 300 epochs
#
 epoch  train_batch        train          val  note
     1    22.136703    49.105885     0.894461  * best
     2    46.660152    18.040047     0.778130  * best
     3    29.266583    27.088799     0.772748  * best
     4    20.815474     6.696095     0.788221  
     5    10.241222     5.337752     0.766960  * best
     6     8.655191     1.483760     0.785829  
     7     1.517104     0.718595     0.764289  * best
     8     0.775847     0.690030     0.749268  * best
     9     0.885322     0.634734     0.735602  * best
    10     0.788265     0.577551     0.742220  
    11     0.697976     0.528676     0.756675  
    12     0.661140     0.504561     0.726528  * best
    13     0.627869     0.502350     0.738613  
    14     0.628874     0.446336     0.764551  
    15     0.678289     0.498186     0.769888  
    16     0.606266     0.459491     0.747220  
    17     0.621726     0.404570     0.764367  
    18     0.573476     0.389129     0.785519  
    19     0.650617     0.433674     0.773129  
    20     0.527216     0.348697     0.772690  
    21     0.516352     0.354524     0.755914  
    22     0.537020     0.331414     0.770605  
    23     0.504135     0.402800     0.748057  
    24     0.508848     0.376357     0.722379  * best
    25     0.475094     0.314881     0.753988  
    26     0.462209     0.352254     0.749765  
    27     0.472341     0.307639     0.746176  
    28     0.454093     0.324257     0.745981  
    29     0.565588     0.568892     0.771915  
    30     0.585408     0.316884     0.801842  
    31     0.484381     0.287989     0.845229  
    32     0.463598     0.279445     0.808434  
    33     0.469089     0.309608     0.774658  
    34     0.465205     0.303984     0.765059  
    35     0.464182     0.271440     0.772257  
    36     0.462441     0.337323     0.774464  
    37     0.452886     0.314477     0.815352  
    38     0.446994     0.283913     0.784073  
    39     0.497512     0.298903     0.773134  
    40     0.464873     0.283320     0.841374  
    41     0.457842     0.284738     0.797212  
    42     0.459319     0.308391     0.807256  
    43     0.452441     0.285639     0.764322  
    44     0.442801     0.261184     0.854659  
    45     0.446758     0.296237     0.763351  
    46     0.424583     0.248330     0.852901  
    47     0.414323     0.274363     0.796267  
    48     0.402728     0.242932     0.872161  
    49     0.417494     0.258060     0.774953  
    50     0.410087     0.248127     0.824352  
    51     0.406620     0.241288     0.843212  
    52     0.410682     0.262450     0.762372  
    53     0.413771     0.248933     0.995610  
    54     0.393946     0.331148     0.775908  
    55     0.439698     0.315723     0.786003  
    56     0.465536     0.356039     0.814341  
    57     0.469057     0.296717     0.758357  
    58     0.416473     0.268869     0.811357  
    59     0.419554     0.305466     0.775911  
    60     0.408688     0.295402     0.804353  
    61     0.440580     0.413858     0.946653  
    62     0.455346     0.234361     0.848412  
    63     0.456207     0.296464     0.817306  
    64     0.439077     0.260106     0.842918  
# stopped at epoch 64: no improvement for 40 epochs
# restored epoch 24 (val MSE 0.722379)
# Spearman  train +0.8510  val +0.2057  test +0.0656
