# gbm_boltz+node+edge seed 0
# boosted trees on boltz+node+edge
# inputs 27517, 88 trees
# LightGBM gradient-boosted trees, objective l2, lr 0.05, num_leaves 31, min_data_in_leaf 20, feature_fraction 0.3, bagging 0.8, lambda_l2 1.0, up to 3000 rounds, early stopping 100 on validation l2
# loss = l2 on standardised log10 half-life
#
 round        train          val  note
     1     0.958977     0.800887  
     2     0.920276     0.782914  
     3     0.883876     0.774637  
     4     0.853352     0.765948  
     5     0.822179     0.756767  
     6     0.794626     0.744111  
     7     0.767891     0.734256  
     8     0.743578     0.727585  
     9     0.720788     0.720023  
    10     0.699431     0.713528  
    11     0.678430     0.707017  
    12     0.659845     0.701510  
    13     0.641519     0.694960  
    14     0.624875     0.688074  
    15     0.608847     0.678312  
    16     0.594345     0.675254  
    17     0.580473     0.672084  
    18     0.567463     0.668831  
    19     0.554611     0.664981  
    20     0.542543     0.659840  
    21     0.531048     0.654875  
    22     0.519821     0.651245  
    23     0.509329     0.646126  
    24     0.499774     0.645462  
    25     0.490645     0.643236  
    26     0.482046     0.641856  
    27     0.473699     0.640631  
    28     0.465829     0.639840  
    29     0.457669     0.637404  
    30     0.450706     0.634475  
    31     0.443884     0.632373  
    32     0.437577     0.631902  
    33     0.430916     0.630480  
    34     0.425134     0.629459  
    35     0.418685     0.626884  
    36     0.412777     0.626556  
    37     0.406837     0.623632  
    38     0.401124     0.622631  
    39     0.396120     0.620608  
    40     0.391292     0.620277  
    41     0.386426     0.619563  
    42     0.381659     0.619245  
    43     0.376984     0.616642  
    44     0.372378     0.615488  
    45     0.368035     0.614726  
    46     0.363979     0.613741  
    47     0.359286     0.615868  
    48     0.355018     0.614948  
    49     0.351518     0.614430  
    50     0.347680     0.614175  
    51     0.343939     0.614556  
    52     0.340045     0.613728  
    53     0.336504     0.613002  
    54     0.332850     0.613100  
    55     0.329131     0.611857  
    56     0.325842     0.612651  
    57     0.322696     0.612193  
    58     0.319499     0.611470  
    59     0.316214     0.611865  
    60     0.313280     0.611232  
    61     0.310468     0.610843  
    62     0.307544     0.610110  
    63     0.304480     0.608869  
    64     0.301650     0.608618  
    65     0.298808     0.607442  
    66     0.296177     0.608009  
    67     0.293639     0.607742  
    68     0.291049     0.608517  
    69     0.288521     0.607993  
    70     0.286084     0.607787  
    71     0.283551     0.607139  
    72     0.280918     0.605048  
    73     0.278477     0.605399  
    74     0.275957     0.604708  
    75     0.273509     0.604164  
    76     0.271169     0.603621  
    77     0.268876     0.603418  
    78     0.266467     0.604722  
    79     0.264300     0.604894  
    80     0.262176     0.604340  
    81     0.260016     0.603832  
    82     0.257869     0.604184  
    83     0.255669     0.604601  
    84     0.253692     0.604227  
    85     0.251583     0.603548  
    86     0.249631     0.603703  
    87     0.247351     0.603819  
    88     0.245254     0.603336  * best
    89     0.243202     0.604702  
    90     0.241405     0.604626  
    91     0.239430     0.605067  
    92     0.237715     0.605434  
    93     0.235687     0.605183  
    94     0.233821     0.605752  
    95     0.231900     0.607505  
    96     0.230078     0.607683  
    97     0.228208     0.607039  
    98     0.226510     0.606952  
    99     0.224929     0.608018  
   100     0.223209     0.607269  
   101     0.221487     0.605208  
   102     0.219750     0.605765  
   103     0.218056     0.606374  
   104     0.216399     0.606530  
   105     0.214713     0.606824  
   106     0.212900     0.606124  
   107     0.211337     0.605953  
   108     0.209795     0.606218  
   109     0.208222     0.606629  
   110     0.206703     0.606207  
   111     0.205245     0.605668  
   112     0.203640     0.605615  
   113     0.202274     0.605662  
   114     0.200848     0.606124  
   115     0.199334     0.606180  
   116     0.197835     0.606805  
   117     0.196429     0.607042  
   118     0.194935     0.607086  
   119     0.193557     0.606103  
   120     0.192075     0.606504  
   121     0.190746     0.605169  
   122     0.189401     0.606541  
   123     0.187944     0.605979  
   124     0.186650     0.605934  
   125     0.185348     0.605991  
   126     0.184039     0.605112  
   127     0.182659     0.605254  
   128     0.181338     0.604569  
   129     0.179997     0.604352  
   130     0.178778     0.604299  
   131     0.177508     0.604464  
   132     0.176267     0.604802  
   133     0.174946     0.604880  
   134     0.173657     0.604516  
   135     0.172397     0.604731  
   136     0.171235     0.605080  
   137     0.170113     0.604761  
   138     0.168958     0.605555  
   139     0.167777     0.606188  
   140     0.166673     0.605220  
   141     0.165553     0.605186  
   142     0.164418     0.605346  
   143     0.163235     0.605943  
   144     0.162178     0.606154  
   145     0.161038     0.606547  
   146     0.159964     0.606192  
   147     0.158875     0.605979  
   148     0.157798     0.605622  
   149     0.156743     0.605562  
   150     0.155752     0.605855  
   151     0.154749     0.606111  
   152     0.153709     0.606688  
   153     0.152646     0.606451  
   154     0.151644     0.607028  
   155     0.150626     0.606366  
   156     0.149634     0.606517  
   157     0.148681     0.606649  
   158     0.147700     0.606542  
   159     0.146683     0.606133  
   160     0.145667     0.605983  
   161     0.144700     0.605769  
   162     0.143744     0.606579  
   163     0.142765     0.606493  
   164     0.141837     0.607643  
   165     0.140915     0.607789  
   166     0.139943     0.607590  
   167     0.139061     0.607265  
   168     0.138179     0.607433  
   169     0.137299     0.607545  
   170     0.136426     0.607812  
   171     0.135545     0.608192  
   172     0.134667     0.608486  
   173     0.133798     0.609181  
   174     0.133024     0.608731  
   175     0.132170     0.608793  
   176     0.131362     0.608551  
   177     0.130515     0.608787  
   178     0.129674     0.610406  
   179     0.128785     0.611486  
   180     0.127957     0.610944  
   181     0.127128     0.611440  
   182     0.126332     0.611500  
   183     0.125537     0.612128  
   184     0.124750     0.612089  
   185     0.123986     0.612112  
   186     0.123183     0.612239  
   187     0.122398     0.612272  
   188     0.121589     0.612332  
# best iteration 88 (val l2 0.603336)
# Spearman  train +0.8869  val +0.4234  test +0.5612
