# gbm_seq+boltz seed 1
# boosted trees on seq+boltz
# inputs 2407, 696 trees
# LightGBM gradient-boosted trees, objective l2, lr 0.05, num_leaves 31, min_data_in_leaf 20, feature_fraction 0.3, bagging 0.8, lambda_l2 1.0, up to 3000 rounds, early stopping 100 on validation l2
# loss = l2 on standardised log10 half-life
#
 round        train          val  note
     1     0.966698     0.978377  
     2     0.934982     0.950113  
     3     0.906906     0.924402  
     4     0.880369     0.900372  
     5     0.855811     0.879119  
     6     0.833317     0.860769  
     7     0.811823     0.842488  
     8     0.790109     0.823388  
     9     0.770577     0.805898  
    10     0.751555     0.789796  
    11     0.733553     0.774095  
    12     0.717824     0.759952  
    13     0.703160     0.747255  
    14     0.689809     0.736303  
    15     0.676730     0.725774  
    16     0.663787     0.714231  
    17     0.651906     0.705649  
    18     0.640040     0.696249  
    19     0.628813     0.687134  
    20     0.618404     0.679094  
    21     0.608046     0.671208  
    22     0.598488     0.663351  
    23     0.589332     0.657253  
    24     0.581180     0.651650  
    25     0.573149     0.644873  
    26     0.565275     0.639477  
    27     0.557159     0.633103  
    28     0.549960     0.627397  
    29     0.541488     0.621137  
    30     0.535124     0.616863  
    31     0.528373     0.611536  
    32     0.522034     0.607263  
    33     0.516178     0.603301  
    34     0.510624     0.599932  
    35     0.504689     0.596008  
    36     0.499628     0.593160  
    37     0.494360     0.589719  
    38     0.489178     0.586784  
    39     0.484465     0.584309  
    40     0.479942     0.581675  
    41     0.475528     0.578829  
    42     0.470881     0.575855  
    43     0.466317     0.573524  
    44     0.461903     0.571062  
    45     0.457607     0.568908  
    46     0.453009     0.565867  
    47     0.449097     0.564338  
    48     0.445205     0.562265  
    49     0.441166     0.559866  
    50     0.437308     0.558089  
    51     0.433253     0.555442  
    52     0.429769     0.553339  
    53     0.426244     0.552296  
    54     0.422910     0.550565  
    55     0.419563     0.548714  
    56     0.416405     0.547474  
    57     0.413332     0.546105  
    58     0.410421     0.544688  
    59     0.407427     0.542393  
    60     0.404587     0.540590  
    61     0.401671     0.539455  
    62     0.398442     0.537433  
    63     0.395455     0.535873  
    64     0.392554     0.534712  
    65     0.390118     0.534253  
    66     0.387224     0.532515  
    67     0.384320     0.531159  
    68     0.381581     0.529349  
    69     0.378891     0.527655  
    70     0.376344     0.526028  
    71     0.373688     0.525198  
    72     0.370973     0.523860  
    73     0.368585     0.522693  
    74     0.365939     0.521506  
    75     0.363640     0.520494  
    76     0.361348     0.519962  
    77     0.358903     0.518966  
    78     0.356250     0.517051  
    79     0.354074     0.516343  
    80     0.351716     0.515142  
    81     0.349677     0.514446  
    82     0.347164     0.513067  
    83     0.344789     0.511903  
    84     0.342667     0.511091  
    85     0.340454     0.509803  
    86     0.338342     0.509263  
    87     0.336292     0.508646  
    88     0.334358     0.508023  
    89     0.332358     0.507609  
    90     0.330232     0.506287  
    91     0.328164     0.505086  
    92     0.326221     0.504315  
    93     0.324291     0.503477  
    94     0.322433     0.502519  
    95     0.320376     0.502225  
    96     0.318440     0.501499  
    97     0.316431     0.500777  
    98     0.314470     0.499869  
    99     0.312638     0.498746  
   100     0.310870     0.498571  
   101     0.309294     0.498225  
   102     0.307400     0.497533  
   103     0.305646     0.497023  
   104     0.303887     0.496691  
   105     0.301963     0.495943  
   106     0.300200     0.495065  
   107     0.298506     0.494572  
   108     0.296794     0.493384  
   109     0.294982     0.493169  
   110     0.293442     0.492588  
   111     0.291560     0.491618  
   112     0.289814     0.490886  
   113     0.288153     0.490085  
   114     0.286563     0.489987  
   115     0.284982     0.489486  
   116     0.283394     0.489062  
   117     0.281721     0.488609  
   118     0.280154     0.487808  
   119     0.278691     0.487572  
   120     0.277147     0.486665  
   121     0.275458     0.485991  
   122     0.273984     0.485265  
   123     0.272466     0.484900  
   124     0.271102     0.485029  
   125     0.269532     0.484626  
   126     0.267800     0.483731  
   127     0.266347     0.483586  
   128     0.264834     0.482953  
   129     0.263298     0.482426  
   130     0.261817     0.482025  
   131     0.260483     0.482190  
   132     0.259072     0.481786  
   133     0.257656     0.481154  
   134     0.256318     0.480929  
   135     0.255007     0.480854  
   136     0.253725     0.480359  
   137     0.252412     0.479768  
   138     0.251001     0.479162  
   139     0.249689     0.478708  
   140     0.248359     0.478046  
   141     0.246948     0.477328  
   142     0.245678     0.477037  
   143     0.244373     0.476816  
   144     0.243113     0.476368  
   145     0.241723     0.475767  
   146     0.240537     0.475413  
   147     0.239318     0.475219  
   148     0.238054     0.474895  
   149     0.236845     0.474531  
   150     0.235708     0.474106  
   151     0.234520     0.473934  
   152     0.233305     0.473423  
   153     0.231954     0.472728  
   154     0.230845     0.472664  
   155     0.229677     0.472069  
   156     0.228610     0.471605  
   157     0.227506     0.471377  
   158     0.226357     0.470701  
   159     0.225241     0.470488  
   160     0.224101     0.470041  
   161     0.222954     0.470030  
   162     0.221807     0.469688  
   163     0.220795     0.469337  
   164     0.219709     0.469302  
   165     0.218587     0.469011  
   166     0.217460     0.468478  
   167     0.216427     0.468239  
   168     0.215365     0.468131  
   169     0.214291     0.467846  
   170     0.213281     0.467624  
   171     0.212242     0.467517  
   172     0.211241     0.467243  
   173     0.210182     0.467076  
   174     0.209076     0.466432  
   175     0.208070     0.466311  
   176     0.207057     0.465977  
   177     0.206029     0.465782  
   178     0.205061     0.465491  
   179     0.204091     0.465124  
   180     0.203114     0.464780  
   181     0.202198     0.464576  
   182     0.201231     0.464408  
   183     0.200274     0.464046  
   184     0.199372     0.463967  
   185     0.198380     0.463975  
   186     0.197320     0.463674  
   187     0.196362     0.463335  
   188     0.195467     0.463067  
   189     0.194495     0.463154  
   190     0.193607     0.463060  
   191     0.192698     0.462982  
   192     0.191727     0.462840  
   193     0.190803     0.462778  
   194     0.189932     0.462588  
   195     0.189100     0.462433  
   196     0.188165     0.462028  
   197     0.187312     0.461732  
   198     0.186378     0.461323  
   199     0.185551     0.461349  
   200     0.184664     0.461283  
   201     0.183776     0.461423  
   202     0.182838     0.461411  
   203     0.182031     0.461197  
   204     0.181193     0.461203  
   205     0.180323     0.460841  
   206     0.179560     0.460776  
   207     0.178781     0.460799  
   208     0.177977     0.460632  
   209     0.177118     0.460587  
   210     0.176280     0.460568  
   211     0.175502     0.460690  
   212     0.174721     0.460298  
   213     0.173990     0.459952  
   214     0.173194     0.459649  
   215     0.172374     0.459626  
   216     0.171566     0.459541  
   217     0.170761     0.459188  
   218     0.170044     0.459119  
   219     0.169244     0.459089  
   220     0.168455     0.459025  
   221     0.167688     0.458817  
   222     0.166917     0.458830  
   223     0.166118     0.458851  
   224     0.165323     0.458837  
   225     0.164592     0.458739  
   226     0.163895     0.458206  
   227     0.163178     0.457960  
   228     0.162456     0.457752  
   229     0.161765     0.457582  
   230     0.161050     0.457289  
   231     0.160337     0.457071  
   232     0.159676     0.456868  
   233     0.158999     0.456803  
   234     0.158277     0.456953  
   235     0.157573     0.456913  
   236     0.156874     0.456719  
   237     0.156148     0.456512  
   238     0.155521     0.456524  
   239     0.154807     0.456467  
   240     0.154107     0.456392  
   241     0.153494     0.456176  
   242     0.152837     0.455862  
   243     0.152179     0.455723  
   244     0.151479     0.455396  
   245     0.150807     0.455260  
   246     0.150131     0.455338  
   247     0.149425     0.455102  
   248     0.148802     0.455064  
   249     0.148195     0.454831  
   250     0.147543     0.454686  
   251     0.146957     0.454583  
   252     0.146362     0.454343  
   253     0.145752     0.454349  
   254     0.145147     0.454116  
   255     0.144555     0.454195  
   256     0.143943     0.454101  
   257     0.143291     0.453821  
   258     0.142704     0.453559  
   259     0.142074     0.453535  
   260     0.141474     0.453291  
   261     0.140808     0.453038  
   262     0.140163     0.452690  
   263     0.139568     0.452433  
   264     0.138965     0.452217  
   265     0.138385     0.451902  
   266     0.137877     0.451732  
   267     0.137315     0.451433  
   268     0.136734     0.451186  
   269     0.136195     0.451078  
   270     0.135604     0.451072  
   271     0.135039     0.450965  
   272     0.134418     0.450788  
   273     0.133818     0.450562  
   274     0.133221     0.450597  
   275     0.132612     0.450285  
   276     0.132031     0.450140  
   277     0.131504     0.450039  
   278     0.130942     0.449784  
   279     0.130419     0.449659  
   280     0.129823     0.449638  
   281     0.129260     0.449537  
   282     0.128747     0.449450  
   283     0.128183     0.449765  
   284     0.127711     0.449426  
   285     0.127195     0.449208  
   286     0.126700     0.449115  
   287     0.126119     0.448603  
   288     0.125516     0.448348  
   289     0.125020     0.448221  
   290     0.124423     0.448017  
   291     0.123893     0.447956  
   292     0.123396     0.448038  
   293     0.122895     0.447863  
   294     0.122410     0.447920  
   295     0.121923     0.448054  
   296     0.121401     0.447610  
   297     0.120902     0.447737  
   298     0.120449     0.447792  
   299     0.119891     0.447588  
   300     0.119415     0.447254  
   301     0.118878     0.447327  
   302     0.118350     0.447305  
   303     0.117806     0.447047  
   304     0.117324     0.447302  
   305     0.116815     0.447034  
   306     0.116336     0.447076  
   307     0.115857     0.446968  
   308     0.115411     0.446981  
   309     0.114901     0.446956  
   310     0.114434     0.446924  
   311     0.113914     0.446903  
   312     0.113390     0.446855  
   313     0.112871     0.446654  
   314     0.112457     0.446582  
   315     0.112007     0.446822  
   316     0.111530     0.446701  
   317     0.111040     0.446633  
   318     0.110591     0.446590  
   319     0.110175     0.446625  
   320     0.109660     0.446571  
   321     0.109207     0.446273  
   322     0.108717     0.446073  
   323     0.108295     0.446067  
   324     0.107833     0.445703  
   325     0.107394     0.445672  
   326     0.106988     0.445654  
   327     0.106538     0.445572  
   328     0.106032     0.445359  
   329     0.105579     0.445288  
   330     0.105141     0.445123  
   331     0.104700     0.445025  
   332     0.104287     0.445005  
   333     0.103803     0.444947  
   334     0.103357     0.444499  
   335     0.102930     0.444421  
   336     0.102555     0.444370  
   337     0.102176     0.444472  
   338     0.101764     0.444503  
   339     0.101332     0.444129  
   340     0.100894     0.444148  
   341     0.100483     0.443980  
   342     0.100095     0.444122  
   343     0.099673     0.443948  
   344     0.099307     0.443960  
   345     0.098904     0.443742  
   346     0.098517     0.443708  
   347     0.098113     0.443704  
   348     0.097731     0.443468  
   349     0.097328     0.443488  
   350     0.096921     0.443494  
   351     0.096501     0.443684  
   352     0.096081     0.443529  
   353     0.095698     0.443338  
   354     0.095318     0.443338  
   355     0.094904     0.443038  
   356     0.094539     0.442845  
   357     0.094157     0.442694  
   358     0.093809     0.442895  
   359     0.093432     0.442792  
   360     0.093049     0.442719  
   361     0.092657     0.442612  
   362     0.092288     0.442453  
   363     0.091961     0.442426  
   364     0.091602     0.442496  
   365     0.091231     0.442386  
   366     0.090821     0.442310  
   367     0.090521     0.442318  
   368     0.090171     0.442462  
   369     0.089802     0.442439  
   370     0.089445     0.442481  
   371     0.089108     0.442372  
   372     0.088738     0.442394  
   373     0.088387     0.442234  
   374     0.088041     0.442281  
   375     0.087691     0.442098  
   376     0.087330     0.442112  
   377     0.087013     0.441876  
   378     0.086673     0.441943  
   379     0.086282     0.441740  
   380     0.085945     0.441575  
   381     0.085613     0.441609  
   382     0.085270     0.441541  
   383     0.084933     0.441392  
   384     0.084576     0.441285  
   385     0.084248     0.441237  
   386     0.083926     0.441251  
   387     0.083620     0.441047  
   388     0.083250     0.440839  
   389     0.082890     0.440609  
   390     0.082595     0.440707  
   391     0.082232     0.440708  
   392     0.081890     0.440710  
   393     0.081550     0.440519  
   394     0.081243     0.440384  
   395     0.080979     0.440417  
   396     0.080642     0.440337  
   397     0.080296     0.440313  
   398     0.079961     0.440333  
   399     0.079656     0.440179  
   400     0.079338     0.440133  
   401     0.079028     0.440144  
   402     0.078675     0.440170  
   403     0.078349     0.440148  
   404     0.078028     0.440010  
   405     0.077702     0.439785  
   406     0.077381     0.439642  
   407     0.077050     0.439548  
   408     0.076763     0.439524  
   409     0.076484     0.439338  
   410     0.076206     0.439321  
   411     0.075919     0.439356  
   412     0.075660     0.439247  
   413     0.075333     0.439196  
   414     0.075024     0.439272  
   415     0.074721     0.439202  
   416     0.074450     0.439215  
   417     0.074160     0.439132  
   418     0.073871     0.438959  
   419     0.073594     0.438773  
   420     0.073301     0.438709  
   421     0.072997     0.438574  
   422     0.072707     0.438616  
   423     0.072413     0.438755  
   424     0.072159     0.438887  
   425     0.071919     0.438978  
   426     0.071635     0.438863  
   427     0.071366     0.438743  
   428     0.071064     0.438694  
   429     0.070800     0.438854  
   430     0.070532     0.438779  
   431     0.070258     0.438632  
   432     0.070012     0.438668  
   433     0.069734     0.438794  
   434     0.069456     0.438721  
   435     0.069206     0.438711  
   436     0.068909     0.438776  
   437     0.068637     0.438703  
   438     0.068367     0.438639  
   439     0.068107     0.438636  
   440     0.067863     0.438462  
   441     0.067629     0.438257  
   442     0.067369     0.438203  
   443     0.067109     0.438216  
   444     0.066858     0.438281  
   445     0.066600     0.437944  
   446     0.066347     0.437847  
   447     0.066127     0.437865  
   448     0.065864     0.437872  
   449     0.065605     0.437809  
   450     0.065326     0.437847  
   451     0.065080     0.437926  
   452     0.064842     0.437963  
   453     0.064591     0.437900  
   454     0.064341     0.437886  
   455     0.064090     0.437813  
   456     0.063855     0.437860  
   457     0.063631     0.437948  
   458     0.063373     0.437887  
   459     0.063111     0.437847  
   460     0.062887     0.437778  
   461     0.062633     0.437842  
   462     0.062398     0.437877  
   463     0.062139     0.437834  
   464     0.061886     0.437815  
   465     0.061628     0.437644  
   466     0.061411     0.437576  
   467     0.061181     0.437418  
   468     0.060969     0.437385  
   469     0.060751     0.437357  
   470     0.060544     0.437367  
   471     0.060323     0.437382  
   472     0.060069     0.437352  
   473     0.059838     0.437364  
   474     0.059599     0.437360  
   475     0.059392     0.437261  
   476     0.059153     0.437272  
   477     0.058918     0.436997  
   478     0.058679     0.436941  
   479     0.058456     0.437025  
   480     0.058226     0.436932  
   481     0.058033     0.436954  
   482     0.057804     0.436914  
   483     0.057576     0.436783  
   484     0.057347     0.436810  
   485     0.057131     0.436798  
   486     0.056914     0.436687  
   487     0.056715     0.436702  
   488     0.056500     0.436627  
   489     0.056283     0.436569  
   490     0.056072     0.436506  
   491     0.055856     0.436425  
   492     0.055658     0.436436  
   493     0.055436     0.436331  
   494     0.055228     0.436212  
   495     0.055043     0.436179  
   496     0.054836     0.436154  
   497     0.054621     0.436150  
   498     0.054429     0.435980  
   499     0.054250     0.436022  
   500     0.054060     0.436026  
   501     0.053878     0.436008  
   502     0.053684     0.435963  
   503     0.053486     0.435984  
   504     0.053298     0.435987  
   505     0.053111     0.436038  
   506     0.052905     0.436099  
   507     0.052693     0.435893  
   508     0.052496     0.435759  
   509     0.052308     0.435635  
   510     0.052107     0.435669  
   511     0.051920     0.435569  
   512     0.051695     0.435494  
   513     0.051503     0.435471  
   514     0.051314     0.435458  
   515     0.051124     0.435439  
   516     0.050955     0.435364  
   517     0.050754     0.435234  
   518     0.050570     0.435307  
   519     0.050380     0.435191  
   520     0.050201     0.435196  
   521     0.050018     0.435238  
   522     0.049832     0.435158  
   523     0.049654     0.435097  
   524     0.049496     0.435031  
   525     0.049322     0.435047  
   526     0.049154     0.434966  
   527     0.049004     0.434866  
   528     0.048807     0.434904  
   529     0.048603     0.434900  
   530     0.048419     0.434853  
   531     0.048223     0.434771  
   532     0.048049     0.434758  
   533     0.047872     0.434777  
   534     0.047716     0.434801  
   535     0.047522     0.434823  
   536     0.047359     0.434875  
   537     0.047177     0.434785  
   538     0.047032     0.434690  
   539     0.046857     0.434713  
   540     0.046693     0.434625  
   541     0.046523     0.434569  
   542     0.046378     0.434611  
   543     0.046212     0.434602  
   544     0.046052     0.434559  
   545     0.045896     0.434613  
   546     0.045712     0.434644  
   547     0.045548     0.434468  
   548     0.045391     0.434397  
   549     0.045215     0.434441  
   550     0.045026     0.434319  
   551     0.044864     0.434294  
   552     0.044721     0.434309  
   553     0.044562     0.434281  
   554     0.044388     0.434255  
   555     0.044237     0.434309  
   556     0.044091     0.434319  
   557     0.043927     0.434356  
   558     0.043746     0.434336  
   559     0.043604     0.434274  
   560     0.043444     0.434097  
   561     0.043280     0.434005  
   562     0.043142     0.433956  
   563     0.042987     0.433914  
   564     0.042833     0.433826  
   565     0.042674     0.433876  
   566     0.042518     0.433797  
   567     0.042355     0.433819  
   568     0.042198     0.433837  
   569     0.042062     0.433823  
   570     0.041910     0.433941  
   571     0.041774     0.433906  
   572     0.041622     0.433892  
   573     0.041466     0.433813  
   574     0.041317     0.433793  
   575     0.041194     0.433794  
   576     0.041029     0.433696  
   577     0.040879     0.433723  
   578     0.040724     0.433777  
   579     0.040570     0.433728  
   580     0.040432     0.433793  
   581     0.040283     0.433797  
   582     0.040134     0.433714  
   583     0.039986     0.433814  
   584     0.039831     0.433740  
   585     0.039699     0.433653  
   586     0.039577     0.433617  
   587     0.039444     0.433580  
   588     0.039295     0.433483  
   589     0.039141     0.433486  
   590     0.039021     0.433527  
   591     0.038874     0.433549  
   592     0.038735     0.433491  
   593     0.038610     0.433444  
   594     0.038458     0.433424  
   595     0.038309     0.433451  
   596     0.038159     0.433362  
   597     0.038018     0.433421  
   598     0.037894     0.433313  
   599     0.037751     0.433364  
   600     0.037603     0.433265  
   601     0.037475     0.433288  
   602     0.037334     0.433244  
   603     0.037207     0.433212  
   604     0.037085     0.433124  
   605     0.036954     0.433144  
   606     0.036813     0.433160  
   607     0.036687     0.433114  
   608     0.036533     0.433125  
   609     0.036408     0.433032  
   610     0.036279     0.433014  
   611     0.036171     0.433048  
   612     0.036055     0.433057  
   613     0.035920     0.433058  
   614     0.035782     0.433021  
   615     0.035664     0.432827  
   616     0.035533     0.432794  
   617     0.035404     0.432840  
   618     0.035296     0.432875  
   619     0.035158     0.432828  
   620     0.035046     0.432871  
   621     0.034904     0.432785  
   622     0.034782     0.432799  
   623     0.034643     0.432696  
   624     0.034510     0.432728  
   625     0.034406     0.432704  
   626     0.034277     0.432786  
   627     0.034160     0.432822  
   628     0.034041     0.432867  
   629     0.033911     0.432842  
   630     0.033816     0.432903  
   631     0.033687     0.432897  
   632     0.033570     0.432841  
   633     0.033451     0.432852  
   634     0.033332     0.432914  
   635     0.033206     0.432985  
   636     0.033105     0.432865  
   637     0.032979     0.432926  
   638     0.032867     0.433070  
   639     0.032755     0.433075  
   640     0.032627     0.432962  
   641     0.032508     0.433059  
   642     0.032400     0.433096  
   643     0.032290     0.433112  
   644     0.032170     0.433077  
   645     0.032063     0.433109  
   646     0.031947     0.433082  
   647     0.031825     0.432996  
   648     0.031703     0.432877  
   649     0.031602     0.432837  
   650     0.031489     0.432810  
   651     0.031387     0.432804  
   652     0.031277     0.432764  
   653     0.031160     0.432851  
   654     0.031044     0.432869  
   655     0.030941     0.432855  
   656     0.030826     0.432914  
   657     0.030730     0.432905  
   658     0.030626     0.432950  
   659     0.030533     0.432940  
   660     0.030433     0.432930  
   661     0.030329     0.432910  
   662     0.030200     0.432871  
   663     0.030080     0.432858  
   664     0.029966     0.432830  
   665     0.029853     0.432696  
   666     0.029763     0.432720  
   667     0.029662     0.432628  
   668     0.029560     0.432609  
   669     0.029442     0.432647  
   670     0.029341     0.432579  
   671     0.029229     0.432496  
   672     0.029125     0.432456  
   673     0.029015     0.432397  
   674     0.028916     0.432351  
   675     0.028816     0.432296  
   676     0.028732     0.432263  
   677     0.028633     0.432247  
   678     0.028535     0.432245  
   679     0.028436     0.432243  
   680     0.028329     0.432236  
   681     0.028233     0.432254  
   682     0.028143     0.432167  
   683     0.028048     0.432158  
   684     0.027947     0.432150  
   685     0.027860     0.432171  
   686     0.027768     0.432191  
   687     0.027677     0.432219  
   688     0.027575     0.432258  
   689     0.027465     0.432254  
   690     0.027372     0.432299  
   691     0.027268     0.432248  
   692     0.027176     0.432286  
   693     0.027081     0.432233  
   694     0.026976     0.432200  
   695     0.026875     0.432178  
   696     0.026781     0.432127  * best
   697     0.026691     0.432190  
   698     0.026607     0.432269  
   699     0.026510     0.432333  
   700     0.026430     0.432378  
   701     0.026336     0.432294  
   702     0.026249     0.432337  
   703     0.026147     0.432269  
   704     0.026064     0.432258  
   705     0.025980     0.432209  
   706     0.025894     0.432165  
   707     0.025800     0.432264  
   708     0.025703     0.432354  
   709     0.025611     0.432357  
   710     0.025525     0.432362  
   711     0.025442     0.432398  
   712     0.025374     0.432377  
   713     0.025280     0.432357  
   714     0.025183     0.432282  
   715     0.025083     0.432217  
   716     0.024986     0.432244  
   717     0.024888     0.432280  
   718     0.024800     0.432232  
   719     0.024718     0.432340  
   720     0.024627     0.432372  
   721     0.024534     0.432410  
   722     0.024440     0.432399  
   723     0.024359     0.432331  
   724     0.024280     0.432404  
   725     0.024181     0.432401  
   726     0.024088     0.432474  
   727     0.024014     0.432419  
   728     0.023936     0.432320  
   729     0.023846     0.432346  
   730     0.023756     0.432352  
   731     0.023677     0.432309  
   732     0.023601     0.432299  
   733     0.023516     0.432387  
   734     0.023443     0.432428  
   735     0.023355     0.432426  
   736     0.023267     0.432373  
   737     0.023195     0.432346  
   738     0.023124     0.432396  
   739     0.023037     0.432519  
   740     0.022946     0.432494  
   741     0.022858     0.432475  
   742     0.022779     0.432427  
   743     0.022697     0.432406  
   744     0.022620     0.432535  
   745     0.022538     0.432526  
   746     0.022469     0.432487  
   747     0.022404     0.432466  
   748     0.022326     0.432491  
   749     0.022238     0.432556  
   750     0.022164     0.432549  
   751     0.022088     0.432580  
   752     0.022007     0.432582  
   753     0.021931     0.432584  
   754     0.021857     0.432510  
   755     0.021783     0.432395  
   756     0.021709     0.432431  
   757     0.021636     0.432558  
   758     0.021556     0.432579  
   759     0.021485     0.432637  
   760     0.021411     0.432577  
   761     0.021347     0.432597  
   762     0.021278     0.432560  
   763     0.021212     0.432673  
   764     0.021142     0.432730  
   765     0.021078     0.432711  
   766     0.021006     0.432712  
   767     0.020942     0.432700  
   768     0.020863     0.432710  
   769     0.020803     0.432720  
   770     0.020727     0.432598  
   771     0.020658     0.432578  
   772     0.020593     0.432561  
   773     0.020520     0.432518  
   774     0.020440     0.432470  
   775     0.020377     0.432465  
   776     0.020317     0.432442  
   777     0.020245     0.432451  
   778     0.020181     0.432453  
   779     0.020114     0.432410  
   780     0.020052     0.432364  
   781     0.019985     0.432412  
   782     0.019926     0.432394  
   783     0.019857     0.432320  
   784     0.019794     0.432291  
   785     0.019725     0.432271  
   786     0.019658     0.432274  
   787     0.019587     0.432248  
   788     0.019512     0.432297  
   789     0.019455     0.432358  
   790     0.019384     0.432352  
   791     0.019313     0.432364  
   792     0.019244     0.432369  
   793     0.019173     0.432338  
   794     0.019114     0.432369  
   795     0.019050     0.432421  
   796     0.018987     0.432461  
# best iteration 696 (val l2 0.432127)
# Spearman  train +0.9864  val +0.7592  test +0.7602
