# gbm_seq+node seed 1
# boosted trees on seq+node
# inputs 12380, 136 trees
# LightGBM gradient-boosted trees, objective l2, lr 0.05, num_leaves 31, min_data_in_leaf 20, feature_fraction 0.3, bagging 0.8, lambda_l2 1.0, up to 3000 rounds, early stopping 100 on validation l2
# loss = l2 on standardised log10 half-life
#
 round        train          val  note
     1     0.962002     0.800206  
     2     0.928105     0.788353  
     3     0.897986     0.782689  
     4     0.867442     0.775699  
     5     0.840520     0.774259  
     6     0.814738     0.774992  
     7     0.791481     0.770726  
     8     0.769023     0.769703  
     9     0.749069     0.767296  
    10     0.728364     0.769229  
    11     0.710609     0.767891  
    12     0.694374     0.763486  
    13     0.677584     0.767752  
    14     0.663378     0.765281  
    15     0.649352     0.762181  
    16     0.636986     0.760180  
    17     0.625360     0.760555  
    18     0.613811     0.756447  
    19     0.603043     0.751233  
    20     0.592811     0.751241  
    21     0.582746     0.746955  
    22     0.574195     0.749037  
    23     0.565717     0.746983  
    24     0.556901     0.746915  
    25     0.548481     0.746264  
    26     0.540515     0.746708  
    27     0.533130     0.746306  
    28     0.526282     0.745502  
    29     0.519518     0.743874  
    30     0.512415     0.743881  
    31     0.505965     0.741163  
    32     0.499616     0.740437  
    33     0.494009     0.739684  
    34     0.488358     0.740739  
    35     0.483230     0.740039  
    36     0.477724     0.742895  
    37     0.472916     0.741911  
    38     0.468137     0.741063  
    39     0.463903     0.740984  
    40     0.459519     0.741425  
    41     0.454934     0.741158  
    42     0.449739     0.740425  
    43     0.445492     0.740772  
    44     0.441713     0.741563  
    45     0.437947     0.742006  
    46     0.433414     0.742660  
    47     0.429945     0.742276  
    48     0.426043     0.742122  
    49     0.422583     0.742160  
    50     0.418556     0.741158  
    51     0.414948     0.740855  
    52     0.411607     0.739942  
    53     0.407958     0.740142  
    54     0.404609     0.739748  
    55     0.401486     0.740410  
    56     0.398492     0.739953  
    57     0.395205     0.740059  
    58     0.391871     0.740965  
    59     0.388970     0.741269  
    60     0.385592     0.741273  
    61     0.382627     0.742029  
    62     0.379954     0.742482  
    63     0.377156     0.742038  
    64     0.374303     0.742361  
    65     0.371530     0.742161  
    66     0.368717     0.742487  
    67     0.365974     0.742279  
    68     0.363356     0.743119  
    69     0.360824     0.743014  
    70     0.358255     0.742733  
    71     0.355473     0.742886  
    72     0.352803     0.742773  
    73     0.350132     0.741571  
    74     0.347521     0.741820  
    75     0.345142     0.741604  
    76     0.342529     0.741414  
    77     0.339888     0.741847  
    78     0.337474     0.741987  
    79     0.335127     0.742184  
    80     0.332774     0.742050  
    81     0.330219     0.742793  
    82     0.327667     0.742279  
    83     0.325322     0.741510  
    84     0.322981     0.741452  
    85     0.320718     0.742553  
    86     0.318520     0.742915  
    87     0.316181     0.742842  
    88     0.313913     0.742464  
    89     0.311748     0.742354  
    90     0.309564     0.741628  
    91     0.307226     0.741178  
    92     0.305197     0.741465  
    93     0.303189     0.741608  
    94     0.301196     0.741388  
    95     0.299109     0.741361  
    96     0.297263     0.741171  
    97     0.295196     0.740732  
    98     0.293159     0.740741  
    99     0.291232     0.740097  
   100     0.289377     0.739903  
   101     0.287498     0.739952  
   102     0.285633     0.739953  
   103     0.283612     0.739445  
   104     0.281887     0.739715  
   105     0.279991     0.739016  
   106     0.278235     0.738766  
   107     0.276477     0.738854  
   108     0.274627     0.738489  
   109     0.272872     0.738538  
   110     0.271019     0.738436  
   111     0.269298     0.738561  
   112     0.267572     0.738623  
   113     0.265752     0.738643  
   114     0.264094     0.738493  
   115     0.262454     0.738299  
   116     0.260784     0.738347  
   117     0.259204     0.738184  
   118     0.257603     0.739085  
   119     0.255981     0.738415  
   120     0.254263     0.739262  
   121     0.252650     0.739645  
   122     0.250934     0.739152  
   123     0.249350     0.739423  
   124     0.247851     0.739083  
   125     0.246400     0.739375  
   126     0.244875     0.739083  
   127     0.243523     0.738809  
   128     0.242075     0.738353  
   129     0.240571     0.738174  
   130     0.238938     0.737679  
   131     0.237314     0.737413  
   132     0.235893     0.737938  
   133     0.234495     0.737668  
   134     0.233051     0.737672  
   135     0.231638     0.737273  
   136     0.230272     0.736894  * best
   137     0.228805     0.737288  
   138     0.227432     0.737980  
   139     0.226202     0.738346  
   140     0.224893     0.738700  
   141     0.223411     0.739704  
   142     0.221937     0.738894  
   143     0.220595     0.739035  
   144     0.219356     0.739358  
   145     0.218059     0.739261  
   146     0.216813     0.739375  
   147     0.215578     0.739386  
   148     0.214291     0.739992  
   149     0.213060     0.739750  
   150     0.211763     0.740591  
   151     0.210546     0.741407  
   152     0.209329     0.741191  
   153     0.208161     0.741344  
   154     0.206929     0.741161  
   155     0.205695     0.741824  
   156     0.204520     0.742225  
   157     0.203358     0.742333  
   158     0.202099     0.742301  
   159     0.200860     0.742188  
   160     0.199655     0.742693  
   161     0.198418     0.742140  
   162     0.197201     0.743146  
   163     0.196102     0.743579  
   164     0.194982     0.743552  
   165     0.193873     0.743222  
   166     0.192779     0.743540  
   167     0.191625     0.743612  
   168     0.190511     0.743379  
   169     0.189455     0.743272  
   170     0.188335     0.743104  
   171     0.187340     0.743262  
   172     0.186177     0.743314  
   173     0.185138     0.743289  
   174     0.184087     0.742904  
   175     0.182936     0.742633  
   176     0.181886     0.742647  
   177     0.180908     0.742479  
   178     0.179887     0.742907  
   179     0.178846     0.742657  
   180     0.177846     0.742727  
   181     0.176888     0.743355  
   182     0.175828     0.743511  
   183     0.174844     0.743221  
   184     0.173900     0.743263  
   185     0.172801     0.742821  
   186     0.171865     0.742651  
   187     0.170954     0.743040  
   188     0.169997     0.742805  
   189     0.169121     0.743282  
   190     0.168232     0.743006  
   191     0.167255     0.743254  
   192     0.166292     0.743062  
   193     0.165422     0.743260  
   194     0.164538     0.743348  
   195     0.163692     0.743367  
   196     0.162883     0.742597  
   197     0.162009     0.742928  
   198     0.161147     0.743442  
   199     0.160296     0.744335  
   200     0.159417     0.744013  
   201     0.158556     0.744026  
   202     0.157731     0.744257  
   203     0.156765     0.744164  
   204     0.155912     0.743790  
   205     0.155031     0.743640  
   206     0.154112     0.743531  
   207     0.153264     0.743292  
   208     0.152444     0.742580  
   209     0.151635     0.742387  
   210     0.150839     0.742609  
   211     0.149984     0.743040  
   212     0.149251     0.742657  
   213     0.148385     0.743113  
   214     0.147555     0.743458  
   215     0.146756     0.743447  
   216     0.145991     0.743573  
   217     0.145177     0.743587  
   218     0.144387     0.743164  
   219     0.143644     0.743392  
   220     0.142962     0.743350  
   221     0.142173     0.743430  
   222     0.141398     0.743876  
   223     0.140610     0.743616  
   224     0.139890     0.743806  
   225     0.139125     0.743200  
   226     0.138401     0.742839  
   227     0.137694     0.742742  
   228     0.137019     0.742885  
   229     0.136277     0.743014  
   230     0.135538     0.742281  
   231     0.134867     0.742168  
   232     0.134085     0.742091  
   233     0.133442     0.742333  
   234     0.132727     0.742262  
   235     0.132056     0.741855  
   236     0.131344     0.742540  
# best iteration 136 (val l2 0.736894)
# Spearman  train +0.8999  val +0.1646  test -0.1299
