# gbm_seq+boltz_pooled seed 3
# sequence with the pooled Boltz blocks
# inputs 2407, 999 trees
# LightGBM gradient-boosted trees, objective l2, lr 0.05, num_leaves 31, min_data_in_leaf 20, feature_fraction 0.3, bagging 0.8, lambda_l2 1.0, up to 3000 rounds, early stopping 100 on validation l2
# loss = l2 on standardised log10 half-life
#
 round        train          val  note
     1     0.963329     0.992687  
     2     0.927693     0.966185  
     3     0.894802     0.939438  
     4     0.863745     0.912665  
     5     0.836369     0.890284  
     6     0.809388     0.865813  
     7     0.783353     0.845200  
     8     0.759375     0.825611  
     9     0.737696     0.809613  
    10     0.716884     0.793940  
    11     0.698185     0.780161  
    12     0.679835     0.765401  
    13     0.663174     0.754495  
    14     0.648299     0.744457  
    15     0.631692     0.733179  
    16     0.617083     0.722450  
    17     0.602739     0.710279  
    18     0.590163     0.703175  
    19     0.577576     0.694394  
    20     0.566288     0.687135  
    21     0.554423     0.679072  
    22     0.543883     0.672510  
    23     0.533855     0.666419  
    24     0.524439     0.661813  
    25     0.514873     0.654396  
    26     0.506191     0.649394  
    27     0.497503     0.643984  
    28     0.489947     0.639071  
    29     0.481982     0.634587  
    30     0.474329     0.629637  
    31     0.466429     0.623987  
    32     0.459143     0.619523  
    33     0.451492     0.613417  
    34     0.444705     0.610349  
    35     0.437798     0.605805  
    36     0.431586     0.602661  
    37     0.425728     0.599431  
    38     0.419661     0.597413  
    39     0.414327     0.594922  
    40     0.408847     0.591721  
    41     0.403436     0.588504  
    42     0.398250     0.586310  
    43     0.393234     0.583862  
    44     0.388112     0.581931  
    45     0.383196     0.579794  
    46     0.378144     0.576375  
    47     0.373050     0.573747  
    48     0.368533     0.570850  
    49     0.364161     0.569264  
    50     0.359901     0.567838  
    51     0.355873     0.566138  
    52     0.351849     0.564129  
    53     0.348011     0.561413  
    54     0.343763     0.560447  
    55     0.339683     0.558623  
    56     0.335904     0.557284  
    57     0.332205     0.555125  
    58     0.328218     0.552704  
    59     0.324675     0.551602  
    60     0.321131     0.549051  
    61     0.317957     0.547460  
    62     0.314673     0.547007  
    63     0.310995     0.545485  
    64     0.307549     0.544944  
    65     0.304432     0.543097  
    66     0.301260     0.541712  
    67     0.298238     0.539954  
    68     0.294932     0.538282  
    69     0.291897     0.536621  
    70     0.288890     0.535459  
    71     0.286062     0.534011  
    72     0.283231     0.533004  
    73     0.280473     0.531776  
    74     0.277662     0.531099  
    75     0.274955     0.530655  
    76     0.272394     0.530112  
    77     0.269812     0.529517  
    78     0.267077     0.528387  
    79     0.264539     0.526860  
    80     0.262065     0.525808  
    81     0.259434     0.525171  
    82     0.256753     0.523073  
    83     0.254390     0.522057  
    84     0.251791     0.521213  
    85     0.249407     0.520776  
    86     0.247184     0.519756  
    87     0.244864     0.519206  
    88     0.242524     0.518389  
    89     0.240377     0.516665  
    90     0.238106     0.516238  
    91     0.235795     0.515021  
    92     0.233660     0.513325  
    93     0.231612     0.512732  
    94     0.229608     0.512653  
    95     0.227538     0.511730  
    96     0.225107     0.510827  
    97     0.223176     0.510584  
    98     0.221242     0.510003  
    99     0.219442     0.510195  
   100     0.217516     0.509137  
   101     0.215529     0.508631  
   102     0.213584     0.507929  
   103     0.211763     0.507029  
   104     0.209966     0.506394  
   105     0.208022     0.505387  
   106     0.206208     0.504500  
   107     0.204466     0.503640  
   108     0.202770     0.503445  
   109     0.200972     0.502483  
   110     0.199246     0.502642  
   111     0.197558     0.501960  
   112     0.195758     0.501905  
   113     0.194158     0.501347  
   114     0.192461     0.500693  
   115     0.190802     0.500306  
   116     0.189179     0.500683  
   117     0.187574     0.500386  
   118     0.185912     0.499672  
   119     0.184411     0.499695  
   120     0.182875     0.499378  
   121     0.181171     0.498627  
   122     0.179711     0.497875  
   123     0.178186     0.497682  
   124     0.176762     0.497354  
   125     0.175267     0.496807  
   126     0.173831     0.496299  
   127     0.172387     0.495418  
   128     0.170944     0.495378  
   129     0.169561     0.494520  
   130     0.168090     0.494189  
   131     0.166764     0.493410  
   132     0.165401     0.492772  
   133     0.164031     0.491989  
   134     0.162695     0.491692  
   135     0.161411     0.491290  
   136     0.160116     0.491341  
   137     0.158823     0.491161  
   138     0.157570     0.491050  
   139     0.156322     0.490905  
   140     0.155116     0.490833  
   141     0.153911     0.490617  
   142     0.152765     0.490018  
   143     0.151556     0.489632  
   144     0.150357     0.488776  
   145     0.149009     0.487785  
   146     0.147766     0.487196  
   147     0.146648     0.487039  
   148     0.145492     0.487159  
   149     0.144377     0.486518  
   150     0.143156     0.485988  
   151     0.142071     0.485803  
   152     0.140927     0.485925  
   153     0.139844     0.485603  
   154     0.138843     0.485124  
   155     0.137713     0.484944  
   156     0.136582     0.484776  
   157     0.135478     0.485043  
   158     0.134354     0.484611  
   159     0.133181     0.484427  
   160     0.132200     0.484304  
   161     0.131205     0.484047  
   162     0.130125     0.483584  
   163     0.129242     0.483566  
   164     0.128319     0.483013  
   165     0.127319     0.482907  
   166     0.126315     0.483167  
   167     0.125409     0.483157  
   168     0.124545     0.482754  
   169     0.123579     0.482768  
   170     0.122639     0.482315  
   171     0.121710     0.482260  
   172     0.120781     0.482429  
   173     0.119866     0.482433  
   174     0.118922     0.482191  
   175     0.118014     0.482280  
   176     0.117104     0.482273  
   177     0.116243     0.481898  
   178     0.115317     0.481467  
   179     0.114460     0.481564  
   180     0.113587     0.481546  
   181     0.112692     0.481311  
   182     0.111818     0.481206  
   183     0.110967     0.480919  
   184     0.110127     0.481080  
   185     0.109327     0.480943  
   186     0.108538     0.480930  
   187     0.107732     0.480390  
   188     0.106967     0.480315  
   189     0.106221     0.480113  
   190     0.105394     0.479678  
   191     0.104609     0.478906  
   192     0.103876     0.479035  
   193     0.103119     0.478855  
   194     0.102375     0.478748  
   195     0.101646     0.478214  
   196     0.100927     0.478247  
   197     0.100164     0.478289  
   198     0.099460     0.478396  
   199     0.098726     0.478501  
   200     0.098014     0.478401  
   201     0.097357     0.478274  
   202     0.096684     0.478666  
   203     0.095970     0.478660  
   204     0.095270     0.478431  
   205     0.094610     0.478402  
   206     0.093855     0.478032  
   207     0.093247     0.477807  
   208     0.092643     0.477551  
   209     0.091962     0.477608  
   210     0.091344     0.477203  
   211     0.090674     0.477293  
   212     0.090018     0.477179  
   213     0.089342     0.476912  
   214     0.088681     0.476986  
   215     0.088045     0.476823  
   216     0.087393     0.476628  
   217     0.086764     0.476760  
   218     0.086113     0.476803  
   219     0.085483     0.476377  
   220     0.084880     0.476372  
   221     0.084324     0.476572  
   222     0.083718     0.476298  
   223     0.083100     0.476138  
   224     0.082522     0.476080  
   225     0.081916     0.475971  
   226     0.081308     0.476004  
   227     0.080775     0.475948  
   228     0.080178     0.475967  
   229     0.079617     0.475712  
   230     0.079105     0.475426  
   231     0.078503     0.475194  
   232     0.077978     0.475393  
   233     0.077439     0.475553  
   234     0.076910     0.475144  
   235     0.076348     0.475312  
   236     0.075826     0.475178  
   237     0.075289     0.475048  
   238     0.074808     0.475252  
   239     0.074295     0.474894  
   240     0.073761     0.475041  
   241     0.073237     0.474742  
   242     0.072732     0.474367  
   243     0.072259     0.474102  
   244     0.071764     0.473876  
   245     0.071287     0.473804  
   246     0.070831     0.473476  
   247     0.070333     0.473682  
   248     0.069858     0.473795  
   249     0.069409     0.473808  
   250     0.068937     0.473789  
   251     0.068464     0.473831  
   252     0.067988     0.473659  
   253     0.067557     0.473592  
   254     0.067098     0.473620  
   255     0.066648     0.473148  
   256     0.066232     0.473269  
   257     0.065780     0.473296  
   258     0.065320     0.473103  
   259     0.064883     0.472646  
   260     0.064430     0.472651  
   261     0.063998     0.472434  
   262     0.063614     0.472541  
   263     0.063173     0.472605  
   264     0.062737     0.472295  
   265     0.062314     0.472332  
   266     0.061920     0.472386  
   267     0.061473     0.472306  
   268     0.061043     0.472375  
   269     0.060651     0.472389  
   270     0.060249     0.472320  
   271     0.059852     0.472086  
   272     0.059447     0.472096  
   273     0.059031     0.471910  
   274     0.058671     0.471749  
   275     0.058263     0.471909  
   276     0.057849     0.471714  
   277     0.057486     0.471743  
   278     0.057103     0.471631  
   279     0.056705     0.471653  
   280     0.056335     0.471576  
   281     0.055919     0.471708  
   282     0.055529     0.471570  
   283     0.055192     0.471447  
   284     0.054837     0.471547  
   285     0.054482     0.471620  
   286     0.054130     0.471489  
   287     0.053769     0.471168  
   288     0.053456     0.471174  
   289     0.053095     0.470989  
   290     0.052722     0.471088  
   291     0.052399     0.471191  
   292     0.052035     0.471053  
   293     0.051709     0.470668  
   294     0.051381     0.470430  
   295     0.051079     0.470580  
   296     0.050739     0.470508  
   297     0.050436     0.470767  
   298     0.050121     0.470786  
   299     0.049807     0.470699  
   300     0.049493     0.470744  
   301     0.049135     0.470641  
   302     0.048796     0.470507  
   303     0.048466     0.470608  
   304     0.048152     0.470608  
   305     0.047843     0.470666  
   306     0.047525     0.470063  
   307     0.047205     0.469937  
   308     0.046883     0.469929  
   309     0.046560     0.469839  
   310     0.046267     0.469709  
   311     0.045959     0.469640  
   312     0.045646     0.470027  
   313     0.045354     0.470055  
   314     0.045076     0.469808  
   315     0.044760     0.469748  
   316     0.044478     0.469555  
   317     0.044221     0.469502  
   318     0.043928     0.469377  
   319     0.043645     0.469193  
   320     0.043355     0.469074  
   321     0.043087     0.468875  
   322     0.042822     0.468737  
   323     0.042530     0.468761  
   324     0.042264     0.468824  
   325     0.041981     0.468877  
   326     0.041723     0.468716  
   327     0.041475     0.468552  
   328     0.041215     0.468557  
   329     0.040956     0.468445  
   330     0.040700     0.468293  
   331     0.040428     0.468198  
   332     0.040160     0.467879  
   333     0.039931     0.467744  
   334     0.039680     0.467935  
   335     0.039451     0.468099  
   336     0.039211     0.467932  
   337     0.038965     0.467861  
   338     0.038734     0.467875  
   339     0.038507     0.468004  
   340     0.038265     0.467907  
   341     0.038014     0.467962  
   342     0.037763     0.467808  
   343     0.037538     0.467847  
   344     0.037304     0.467657  
   345     0.037055     0.467549  
   346     0.036823     0.467340  
   347     0.036616     0.467157  
   348     0.036403     0.467159  
   349     0.036177     0.466796  
   350     0.035960     0.466763  
   351     0.035748     0.466441  
   352     0.035547     0.466381  
   353     0.035326     0.466483  
   354     0.035089     0.466367  
   355     0.034860     0.466494  
   356     0.034650     0.466361  
   357     0.034444     0.466378  
   358     0.034225     0.466400  
   359     0.034002     0.466276  
   360     0.033783     0.466295  
   361     0.033613     0.466261  
   362     0.033390     0.466032  
   363     0.033174     0.465933  
   364     0.032972     0.465882  
   365     0.032781     0.465965  
   366     0.032577     0.466025  
   367     0.032359     0.466040  
   368     0.032167     0.465904  
   369     0.031964     0.465863  
   370     0.031774     0.465692  
   371     0.031577     0.465821  
   372     0.031372     0.465748  
   373     0.031197     0.465825  
   374     0.030999     0.465754  
   375     0.030799     0.465608  
   376     0.030585     0.465488  
   377     0.030404     0.465501  
   378     0.030200     0.465396  
   379     0.030008     0.465313  
   380     0.029819     0.465058  
   381     0.029641     0.465115  
   382     0.029443     0.465143  
   383     0.029270     0.465094  
   384     0.029075     0.465107  
   385     0.028906     0.465041  
   386     0.028733     0.465146  
   387     0.028545     0.464922  
   388     0.028355     0.464822  
   389     0.028183     0.464877  
   390     0.028006     0.464935  
   391     0.027838     0.464734  
   392     0.027674     0.464548  
   393     0.027495     0.464384  
   394     0.027335     0.464611  
   395     0.027165     0.464613  
   396     0.026991     0.464432  
   397     0.026820     0.464481  
   398     0.026657     0.464437  
   399     0.026487     0.464320  
   400     0.026330     0.464273  
   401     0.026177     0.464195  
   402     0.025992     0.464079  
   403     0.025841     0.464003  
   404     0.025697     0.463999  
   405     0.025551     0.463940  
   406     0.025396     0.463993  
   407     0.025236     0.463832  
   408     0.025087     0.463904  
   409     0.024922     0.463930  
   410     0.024775     0.463898  
   411     0.024632     0.463943  
   412     0.024485     0.463933  
   413     0.024324     0.463901  
   414     0.024169     0.463786  
   415     0.024037     0.463870  
   416     0.023896     0.463779  
   417     0.023743     0.463685  
   418     0.023598     0.463815  
   419     0.023471     0.463821  
   420     0.023320     0.463570  
   421     0.023175     0.463622  
   422     0.023043     0.463561  
   423     0.022889     0.463532  
   424     0.022752     0.463460  
   425     0.022614     0.463310  
   426     0.022483     0.463330  
   427     0.022353     0.463209  
   428     0.022206     0.463168  
   429     0.022074     0.463108  
   430     0.021948     0.463095  
   431     0.021832     0.463276  
   432     0.021699     0.463263  
   433     0.021573     0.463231  
   434     0.021459     0.463308  
   435     0.021313     0.463371  
   436     0.021201     0.463440  
   437     0.021082     0.463483  
   438     0.020950     0.463493  
   439     0.020822     0.463536  
   440     0.020699     0.463628  
   441     0.020577     0.463604  
   442     0.020460     0.463570  
   443     0.020335     0.463489  
   444     0.020202     0.463368  
   445     0.020090     0.463326  
   446     0.019978     0.463208  
   447     0.019866     0.463168  
   448     0.019757     0.463088  
   449     0.019654     0.463080  
   450     0.019539     0.462953  
   451     0.019434     0.462798  
   452     0.019337     0.462782  
   453     0.019228     0.462719  
   454     0.019111     0.462725  
   455     0.019006     0.462814  
   456     0.018892     0.462755  
   457     0.018776     0.462676  
   458     0.018672     0.462668  
   459     0.018561     0.462640  
   460     0.018448     0.462493  
   461     0.018337     0.462477  
   462     0.018228     0.462461  
   463     0.018130     0.462495  
   464     0.018041     0.462373  
   465     0.017940     0.462322  
   466     0.017840     0.462267  
   467     0.017742     0.462362  
   468     0.017636     0.462323  
   469     0.017535     0.462223  
   470     0.017441     0.462259  
   471     0.017337     0.462323  
   472     0.017237     0.462245  
   473     0.017136     0.462236  
   474     0.017040     0.462272  
   475     0.016945     0.462316  
   476     0.016858     0.462198  
   477     0.016772     0.462207  
   478     0.016675     0.462030  
   479     0.016591     0.462054  
   480     0.016496     0.461993  
   481     0.016399     0.462063  
   482     0.016310     0.461960  
   483     0.016220     0.461882  
   484     0.016135     0.461815  
   485     0.016037     0.461872  
   486     0.015938     0.461635  
   487     0.015833     0.461559  
   488     0.015760     0.461625  
   489     0.015675     0.461571  
   490     0.015586     0.461436  
   491     0.015495     0.461376  
   492     0.015409     0.461311  
   493     0.015319     0.461284  
   494     0.015240     0.461265  
   495     0.015146     0.461326  
   496     0.015069     0.461336  
   497     0.014981     0.461346  
   498     0.014888     0.461411  
   499     0.014803     0.461332  
   500     0.014722     0.461283  
   501     0.014646     0.461283  
   502     0.014568     0.461239  
   503     0.014482     0.461202  
   504     0.014409     0.461188  
   505     0.014335     0.461183  
   506     0.014260     0.461182  
   507     0.014165     0.461274  
   508     0.014089     0.461294  
   509     0.014017     0.461186  
   510     0.013932     0.461114  
   511     0.013858     0.461139  
   512     0.013787     0.461199  
   513     0.013696     0.461133  
   514     0.013626     0.461074  
   515     0.013541     0.461219  
   516     0.013472     0.461220  
   517     0.013397     0.461096  
   518     0.013324     0.461073  
   519     0.013242     0.461028  
   520     0.013175     0.461081  
   521     0.013098     0.461024  
   522     0.013019     0.460947  
   523     0.012942     0.460959  
   524     0.012871     0.460941  
   525     0.012793     0.460814  
   526     0.012714     0.460839  
   527     0.012639     0.460747  
   528     0.012560     0.460799  
   529     0.012494     0.460780  
   530     0.012423     0.460858  
   531     0.012354     0.460909  
   532     0.012285     0.460877  
   533     0.012211     0.460979  
   534     0.012145     0.460993  
   535     0.012086     0.460960  
   536     0.012017     0.460983  
   537     0.011948     0.460922  
   538     0.011888     0.461050  
   539     0.011820     0.461089  
   540     0.011747     0.461163  
   541     0.011676     0.461120  
   542     0.011616     0.461110  
   543     0.011552     0.461088  
   544     0.011489     0.461060  
   545     0.011428     0.460958  
   546     0.011365     0.461040  
   547     0.011297     0.461108  
   548     0.011227     0.461113  
   549     0.011166     0.461020  
   550     0.011112     0.460932  
   551     0.011049     0.460943  
   552     0.010981     0.460967  
   553     0.010924     0.461012  
   554     0.010867     0.461113  
   555     0.010801     0.461147  
   556     0.010737     0.461126  
   557     0.010677     0.461208  
   558     0.010618     0.461171  
   559     0.010562     0.461153  
   560     0.010504     0.461138  
   561     0.010440     0.461026  
   562     0.010383     0.461001  
   563     0.010317     0.460989  
   564     0.010256     0.461027  
   565     0.010196     0.460886  
   566     0.010134     0.460904  
   567     0.010079     0.460916  
   568     0.010019     0.460929  
   569     0.009966     0.460998  
   570     0.009912     0.461078  
   571     0.009856     0.460999  
   572     0.009804     0.460999  
   573     0.009755     0.460920  
   574     0.009699     0.460957  
   575     0.009650     0.460958  
   576     0.009598     0.460952  
   577     0.009546     0.460987  
   578     0.009494     0.460950  
   579     0.009442     0.461043  
   580     0.009393     0.461042  
   581     0.009336     0.461055  
   582     0.009279     0.460983  
   583     0.009231     0.460924  
   584     0.009181     0.460891  
   585     0.009131     0.460867  
   586     0.009083     0.460858  
   587     0.009033     0.460878  
   588     0.008980     0.460895  
   589     0.008930     0.460830  
   590     0.008883     0.460757  
   591     0.008833     0.460717  
   592     0.008784     0.460731  
   593     0.008744     0.460813  
   594     0.008698     0.460895  
   595     0.008654     0.460864  
   596     0.008608     0.460903  
   597     0.008561     0.460940  
   598     0.008514     0.460974  
   599     0.008465     0.460951  
   600     0.008415     0.460924  
   601     0.008365     0.460835  
   602     0.008323     0.460807  
   603     0.008272     0.460689  
   604     0.008228     0.460613  
   605     0.008184     0.460584  
   606     0.008133     0.460579  
   607     0.008090     0.460625  
   608     0.008046     0.460507  
   609     0.008004     0.460430  
   610     0.007961     0.460457  
   611     0.007920     0.460469  
   612     0.007874     0.460378  
   613     0.007829     0.460404  
   614     0.007782     0.460352  
   615     0.007736     0.460321  
   616     0.007692     0.460272  
   617     0.007652     0.460256  
   618     0.007606     0.460285  
   619     0.007568     0.460250  
   620     0.007531     0.460211  
   621     0.007490     0.460254  
   622     0.007444     0.460214  
   623     0.007406     0.460229  
   624     0.007366     0.460220  
   625     0.007321     0.460210  
   626     0.007283     0.460218  
   627     0.007247     0.460211  
   628     0.007209     0.460172  
   629     0.007171     0.460100  
   630     0.007140     0.460216  
   631     0.007103     0.460217  
   632     0.007069     0.460140  
   633     0.007034     0.460127  
   634     0.006999     0.460093  
   635     0.006957     0.460034  
   636     0.006925     0.459998  
   637     0.006886     0.460006  
   638     0.006848     0.459952  
   639     0.006816     0.459986  
   640     0.006777     0.460034  
   641     0.006739     0.460012  
   642     0.006700     0.459973  
   643     0.006659     0.459972  
   644     0.006623     0.459976  
   645     0.006584     0.460062  
   646     0.006546     0.460190  
   647     0.006511     0.460185  
   648     0.006473     0.460190  
   649     0.006439     0.460196  
   650     0.006406     0.460261  
   651     0.006373     0.460190  
   652     0.006340     0.460189  
   653     0.006308     0.460146  
   654     0.006270     0.460179  
   655     0.006236     0.460159  
   656     0.006202     0.460073  
   657     0.006171     0.460030  
   658     0.006139     0.460002  
   659     0.006107     0.460002  
   660     0.006074     0.460035  
   661     0.006042     0.460038  
   662     0.006007     0.460045  
   663     0.005975     0.459982  
   664     0.005943     0.460000  
   665     0.005913     0.460014  
   666     0.005883     0.459995  
   667     0.005849     0.459995  
   668     0.005815     0.459979  
   669     0.005781     0.459963  
   670     0.005750     0.459970  
   671     0.005723     0.459983  
   672     0.005689     0.459931  
   673     0.005664     0.459916  
   674     0.005633     0.459857  
   675     0.005606     0.459846  
   676     0.005574     0.459888  
   677     0.005545     0.459875  
   678     0.005513     0.459877  
   679     0.005487     0.459842  
   680     0.005459     0.459811  
   681     0.005429     0.459825  
   682     0.005398     0.459793  
   683     0.005370     0.459779  
   684     0.005341     0.459825  
   685     0.005313     0.459849  
   686     0.005288     0.459834  
   687     0.005262     0.459863  
   688     0.005236     0.459804  
   689     0.005207     0.459810  
   690     0.005177     0.459813  
   691     0.005150     0.459788  
   692     0.005122     0.459774  
   693     0.005096     0.459854  
   694     0.005066     0.459861  
   695     0.005042     0.459842  
   696     0.005014     0.459841  
   697     0.004990     0.459747  
   698     0.004964     0.459774  
   699     0.004938     0.459785  
   700     0.004912     0.459713  
   701     0.004887     0.459684  
   702     0.004859     0.459638  
   703     0.004834     0.459694  
   704     0.004807     0.459713  
   705     0.004782     0.459760  
   706     0.004757     0.459702  
   707     0.004732     0.459681  
   708     0.004709     0.459698  
   709     0.004685     0.459686  
   710     0.004660     0.459674  
   711     0.004636     0.459680  
   712     0.004612     0.459655  
   713     0.004588     0.459666  
   714     0.004565     0.459676  
   715     0.004545     0.459703  
   716     0.004518     0.459695  
   717     0.004494     0.459670  
   718     0.004470     0.459651  
   719     0.004451     0.459690  
   720     0.004427     0.459630  
   721     0.004407     0.459640  
   722     0.004387     0.459675  
   723     0.004366     0.459685  
   724     0.004342     0.459603  
   725     0.004320     0.459612  
   726     0.004299     0.459614  
   727     0.004275     0.459617  
   728     0.004252     0.459578  
   729     0.004231     0.459603  
   730     0.004209     0.459577  
   731     0.004189     0.459559  
   732     0.004165     0.459550  
   733     0.004146     0.459520  
   734     0.004123     0.459514  
   735     0.004101     0.459507  
   736     0.004080     0.459446  
   737     0.004058     0.459396  
   738     0.004037     0.459394  
   739     0.004017     0.459377  
   740     0.003998     0.459442  
   741     0.003976     0.459392  
   742     0.003955     0.459407  
   743     0.003933     0.459437  
   744     0.003916     0.459412  
   745     0.003895     0.459418  
   746     0.003873     0.459414  
   747     0.003853     0.459416  
   748     0.003834     0.459404  
   749     0.003814     0.459382  
   750     0.003793     0.459362  
   751     0.003773     0.459361  
   752     0.003755     0.459327  
   753     0.003734     0.459313  
   754     0.003716     0.459294  
   755     0.003697     0.459307  
   756     0.003676     0.459295  
   757     0.003658     0.459312  
   758     0.003639     0.459320  
   759     0.003619     0.459315  
   760     0.003600     0.459351  
   761     0.003582     0.459332  
   762     0.003564     0.459340  
   763     0.003545     0.459279  
   764     0.003525     0.459272  
   765     0.003505     0.459312  
   766     0.003486     0.459360  
   767     0.003466     0.459305  
   768     0.003449     0.459320  
   769     0.003431     0.459306  
   770     0.003413     0.459287  
   771     0.003395     0.459244  
   772     0.003377     0.459230  
   773     0.003358     0.459222  
   774     0.003342     0.459208  
   775     0.003323     0.459146  
   776     0.003306     0.459113  
   777     0.003286     0.459072  
   778     0.003268     0.459072  
   779     0.003249     0.458998  
   780     0.003230     0.458988  
   781     0.003212     0.459021  
   782     0.003196     0.458995  
   783     0.003180     0.458978  
   784     0.003165     0.458925  
   785     0.003149     0.458904  
   786     0.003133     0.458834  
   787     0.003116     0.458820  
   788     0.003100     0.458805  
   789     0.003085     0.458764  
   790     0.003070     0.458710  
   791     0.003053     0.458728  
   792     0.003036     0.458684  
   793     0.003019     0.458730  
   794     0.003005     0.458678  
   795     0.002989     0.458653  
   796     0.002973     0.458633  
   797     0.002959     0.458656  
   798     0.002943     0.458638  
   799     0.002930     0.458567  
   800     0.002915     0.458579  
   801     0.002902     0.458588  
   802     0.002887     0.458598  
   803     0.002873     0.458573  
   804     0.002857     0.458531  
   805     0.002843     0.458540  
   806     0.002830     0.458508  
   807     0.002815     0.458501  
   808     0.002801     0.458579  
   809     0.002789     0.458566  
   810     0.002777     0.458564  
   811     0.002761     0.458517  
   812     0.002748     0.458513  
   813     0.002732     0.458442  
   814     0.002719     0.458479  
   815     0.002705     0.458450  
   816     0.002693     0.458443  
   817     0.002678     0.458459  
   818     0.002665     0.458451  
   819     0.002651     0.458442  
   820     0.002639     0.458434  
   821     0.002626     0.458379  
   822     0.002613     0.458415  
   823     0.002599     0.458444  
   824     0.002587     0.458426  
   825     0.002572     0.458416  
   826     0.002561     0.458400  
   827     0.002549     0.458430  
   828     0.002536     0.458399  
   829     0.002522     0.458340  
   830     0.002509     0.458339  
   831     0.002498     0.458328  
   832     0.002487     0.458310  
   833     0.002474     0.458310  
   834     0.002463     0.458288  
   835     0.002450     0.458276  
   836     0.002437     0.458233  
   837     0.002426     0.458242  
   838     0.002413     0.458228  
   839     0.002401     0.458186  
   840     0.002390     0.458184  
   841     0.002379     0.458087  
   842     0.002366     0.458074  
   843     0.002355     0.458056  
   844     0.002343     0.458081  
   845     0.002333     0.458108  
   846     0.002320     0.458076  
   847     0.002307     0.458096  
   848     0.002297     0.458088  
   849     0.002285     0.458092  
   850     0.002273     0.458082  
   851     0.002260     0.458078  
   852     0.002250     0.458103  
   853     0.002237     0.458074  
   854     0.002226     0.458080  
   855     0.002215     0.458089  
   856     0.002204     0.458056  
   857     0.002192     0.458038  
   858     0.002182     0.458049  
   859     0.002171     0.458044  
   860     0.002160     0.458022  
   861     0.002150     0.458039  
   862     0.002139     0.458051  
   863     0.002129     0.458081  
   864     0.002119     0.458093  
   865     0.002106     0.458121  
   866     0.002097     0.458068  
   867     0.002087     0.458020  
   868     0.002076     0.458063  
   869     0.002066     0.458097  
   870     0.002056     0.458106  
   871     0.002047     0.458122  
   872     0.002037     0.458140  
   873     0.002028     0.458114  
   874     0.002017     0.458118  
   875     0.002007     0.458133  
   876     0.001996     0.458161  
   877     0.001987     0.458138  
   878     0.001977     0.458149  
   879     0.001967     0.458100  
   880     0.001957     0.458115  
   881     0.001948     0.458146  
   882     0.001938     0.458164  
   883     0.001929     0.458121  
   884     0.001919     0.458105  
   885     0.001910     0.458118  
   886     0.001900     0.458113  
   887     0.001891     0.458081  
   888     0.001882     0.458058  
   889     0.001871     0.458058  
   890     0.001862     0.458048  
   891     0.001853     0.458099  
   892     0.001844     0.458073  
   893     0.001834     0.458038  
   894     0.001825     0.458013  
   895     0.001817     0.457984  
   896     0.001808     0.457997  
   897     0.001799     0.457927  
   898     0.001790     0.457916  
   899     0.001780     0.457908  
   900     0.001772     0.457904  
   901     0.001763     0.457918  
   902     0.001755     0.457951  
   903     0.001746     0.457940  
   904     0.001737     0.457936  
   905     0.001728     0.457974  
   906     0.001720     0.457939  
   907     0.001712     0.457905  
   908     0.001704     0.457861  
   909     0.001695     0.457865  
   910     0.001686     0.457903  
   911     0.001678     0.457894  
   912     0.001669     0.457898  
   913     0.001660     0.457906  
   914     0.001652     0.457910  
   915     0.001643     0.457889  
   916     0.001635     0.457889  
   917     0.001626     0.457843  
   918     0.001618     0.457844  
   919     0.001610     0.457829  
   920     0.001602     0.457832  
   921     0.001594     0.457846  
   922     0.001587     0.457849  
   923     0.001579     0.457833  
   924     0.001571     0.457868  
   925     0.001564     0.457855  
   926     0.001556     0.457835  
   927     0.001547     0.457831  
   928     0.001540     0.457847  
   929     0.001533     0.457840  
   930     0.001526     0.457824  
   931     0.001518     0.457819  
   932     0.001511     0.457832  
   933     0.001503     0.457838  
   934     0.001496     0.457812  
   935     0.001488     0.457807  
   936     0.001482     0.457783  
   937     0.001475     0.457800  
   938     0.001467     0.457801  
   939     0.001459     0.457798  
   940     0.001452     0.457808  
   941     0.001445     0.457788  
   942     0.001439     0.457776  
   943     0.001432     0.457767  
   944     0.001426     0.457781  
   945     0.001419     0.457776  
   946     0.001412     0.457780  
   947     0.001405     0.457780  
   948     0.001398     0.457789  
   949     0.001391     0.457780  
   950     0.001384     0.457768  
   951     0.001376     0.457778  
   952     0.001370     0.457777  
   953     0.001364     0.457784  
   954     0.001357     0.457761  
   955     0.001349     0.457764  
   956     0.001342     0.457778  
   957     0.001335     0.457724  
   958     0.001330     0.457739  
   959     0.001322     0.457755  
   960     0.001315     0.457769  
   961     0.001309     0.457754  
   962     0.001303     0.457753  
   963     0.001295     0.457727  
   964     0.001289     0.457679  
   965     0.001284     0.457675  
   966     0.001278     0.457670  
   967     0.001272     0.457641  
   968     0.001266     0.457635  
   969     0.001261     0.457612  
   970     0.001254     0.457639  
   971     0.001248     0.457663  
   972     0.001243     0.457645  
   973     0.001237     0.457645  
   974     0.001231     0.457615  
   975     0.001225     0.457626  
   976     0.001219     0.457608  
   977     0.001213     0.457611  
   978     0.001207     0.457610  
   979     0.001201     0.457604  
   980     0.001195     0.457593  
   981     0.001189     0.457594  
   982     0.001182     0.457584  
   983     0.001176     0.457591  
   984     0.001170     0.457551  
   985     0.001164     0.457564  
   986     0.001159     0.457568  
   987     0.001153     0.457599  
   988     0.001147     0.457600  
   989     0.001141     0.457569  
   990     0.001135     0.457598  
   991     0.001129     0.457548  
   992     0.001123     0.457528  
   993     0.001118     0.457509  
   994     0.001112     0.457503  
   995     0.001107     0.457509  
   996     0.001101     0.457502  
   997     0.001096     0.457530  
   998     0.001090     0.457506  
   999     0.001084     0.457497  * best
  1000     0.001079     0.457511  
  1001     0.001074     0.457531  
  1002     0.001069     0.457548  
  1003     0.001063     0.457542  
  1004     0.001058     0.457525  
  1005     0.001053     0.457542  
  1006     0.001048     0.457530  
  1007     0.001044     0.457538  
  1008     0.001039     0.457528  
  1009     0.001034     0.457514  
  1010     0.001028     0.457526  
  1011     0.001023     0.457512  
  1012     0.001018     0.457541  
  1013     0.001014     0.457544  
  1014     0.001008     0.457533  
  1015     0.001003     0.457539  
  1016     0.000999     0.457536  
  1017     0.000993     0.457544  
  1018     0.000988     0.457522  
  1019     0.000984     0.457541  
  1020     0.000978     0.457534  
  1021     0.000973     0.457554  
  1022     0.000968     0.457580  
  1023     0.000964     0.457600  
  1024     0.000959     0.457578  
  1025     0.000954     0.457579  
  1026     0.000950     0.457574  
  1027     0.000945     0.457596  
  1028     0.000941     0.457583  
  1029     0.000936     0.457592  
  1030     0.000930     0.457616  
  1031     0.000926     0.457621  
  1032     0.000921     0.457661  
  1033     0.000917     0.457670  
  1034     0.000912     0.457672  
  1035     0.000908     0.457684  
  1036     0.000903     0.457697  
  1037     0.000898     0.457700  
  1038     0.000893     0.457697  
  1039     0.000889     0.457682  
  1040     0.000885     0.457698  
  1041     0.000880     0.457717  
  1042     0.000876     0.457719  
  1043     0.000871     0.457726  
  1044     0.000867     0.457713  
  1045     0.000862     0.457709  
  1046     0.000858     0.457722  
  1047     0.000854     0.457719  
  1048     0.000850     0.457718  
  1049     0.000846     0.457717  
  1050     0.000842     0.457722  
  1051     0.000839     0.457747  
  1052     0.000834     0.457761  
  1053     0.000831     0.457777  
  1054     0.000827     0.457776  
  1055     0.000824     0.457746  
  1056     0.000820     0.457738  
  1057     0.000816     0.457747  
  1058     0.000812     0.457772  
  1059     0.000808     0.457753  
  1060     0.000804     0.457724  
  1061     0.000800     0.457716  
  1062     0.000796     0.457702  
  1063     0.000792     0.457692  
  1064     0.000789     0.457703  
  1065     0.000785     0.457674  
  1066     0.000781     0.457679  
  1067     0.000777     0.457707  
  1068     0.000773     0.457721  
  1069     0.000770     0.457718  
  1070     0.000766     0.457685  
  1071     0.000762     0.457685  
  1072     0.000759     0.457735  
  1073     0.000756     0.457745  
  1074     0.000752     0.457733  
  1075     0.000749     0.457708  
  1076     0.000745     0.457717  
  1077     0.000741     0.457709  
  1078     0.000738     0.457677  
  1079     0.000734     0.457671  
  1080     0.000730     0.457680  
  1081     0.000727     0.457673  
  1082     0.000724     0.457654  
  1083     0.000720     0.457634  
  1084     0.000716     0.457615  
  1085     0.000713     0.457615  
  1086     0.000709     0.457625  
  1087     0.000706     0.457629  
  1088     0.000703     0.457648  
  1089     0.000700     0.457661  
  1090     0.000696     0.457648  
  1091     0.000693     0.457646  
  1092     0.000690     0.457645  
  1093     0.000687     0.457632  
  1094     0.000683     0.457644  
  1095     0.000680     0.457661  
  1096     0.000676     0.457686  
  1097     0.000673     0.457688  
  1098     0.000670     0.457699  
  1099     0.000667     0.457701  
# best iteration 999 (val l2 0.457497)
# Spearman  train +0.9967  val +0.7466  test +0.7493
