# gbm_seq+boltz+energy seed 2
# boosted trees on seq+boltz+energy
# inputs 2837, 414 trees
# LightGBM gradient-boosted trees, objective l2, lr 0.05, num_leaves 31, min_data_in_leaf 20, feature_fraction 0.3, bagging 0.8, lambda_l2 1.0, up to 3000 rounds, early stopping 100 on validation l2
# loss = l2 on standardised log10 half-life
#
 round        train          val  note
     1     0.959946     0.802305  
     2     0.922982     0.799242  
     3     0.888481     0.792757  
     4     0.856881     0.789533  
     5     0.826678     0.781506  
     6     0.800286     0.786794  
     7     0.774056     0.784175  
     8     0.749090     0.779649  
     9     0.727046     0.773123  
    10     0.705710     0.765558  
    11     0.686820     0.763489  
    12     0.668616     0.759780  
    13     0.651618     0.757821  
    14     0.635317     0.753283  
    15     0.620077     0.749530  
    16     0.606190     0.744723  
    17     0.593401     0.739713  
    18     0.581481     0.743389  
    19     0.569640     0.742891  
    20     0.559120     0.741118  
    21     0.548705     0.742636  
    22     0.538109     0.737903  
    23     0.528612     0.738775  
    24     0.519197     0.733955  
    25     0.509951     0.731372  
    26     0.501930     0.728501  
    27     0.494464     0.726554  
    28     0.485957     0.722738  
    29     0.478372     0.716980  
    30     0.471709     0.712106  
    31     0.464747     0.708092  
    32     0.458522     0.703724  
    33     0.452946     0.702751  
    34     0.446315     0.699239  
    35     0.441239     0.699174  
    36     0.436600     0.696485  
    37     0.430725     0.692671  
    38     0.425841     0.692845  
    39     0.421199     0.691439  
    40     0.416584     0.690676  
    41     0.411741     0.689986  
    42     0.407389     0.690225  
    43     0.403039     0.689209  
    44     0.398695     0.684912  
    45     0.394663     0.683593  
    46     0.390693     0.681951  
    47     0.386797     0.680271  
    48     0.383211     0.678846  
    49     0.379847     0.679173  
    50     0.376360     0.677351  
    51     0.372590     0.674025  
    52     0.368918     0.672395  
    53     0.365629     0.670573  
    54     0.362369     0.667889  
    55     0.359097     0.666655  
    56     0.355944     0.665762  
    57     0.352882     0.665321  
    58     0.350023     0.665945  
    59     0.347251     0.664987  
    60     0.344163     0.664637  
    61     0.341175     0.663622  
    62     0.338285     0.664288  
    63     0.335703     0.663834  
    64     0.333135     0.662843  
    65     0.330655     0.661795  
    66     0.328125     0.662521  
    67     0.325780     0.661720  
    68     0.323169     0.661473  
    69     0.320840     0.660268  
    70     0.318225     0.659173  
    71     0.315903     0.658138  
    72     0.313746     0.659543  
    73     0.311514     0.658038  
    74     0.309238     0.658172  
    75     0.306953     0.658081  
    76     0.304548     0.655585  
    77     0.302306     0.655432  
    78     0.300302     0.654435  
    79     0.298349     0.654043  
    80     0.296413     0.653405  
    81     0.294449     0.653897  
    82     0.292365     0.652739  
    83     0.290371     0.651219  
    84     0.288396     0.651667  
    85     0.286309     0.651334  
    86     0.284275     0.651021  
    87     0.282478     0.650418  
    88     0.280519     0.648857  
    89     0.278835     0.649119  
    90     0.277128     0.649582  
    91     0.275406     0.649143  
    92     0.273693     0.647910  
    93     0.271891     0.647916  
    94     0.270110     0.647551  
    95     0.268198     0.646735  
    96     0.266441     0.645620  
    97     0.264600     0.645200  
    98     0.262854     0.645445  
    99     0.261203     0.646070  
   100     0.259327     0.645717  
   101     0.257764     0.646354  
   102     0.256202     0.645548  
   103     0.254701     0.644800  
   104     0.253125     0.644030  
   105     0.251593     0.643981  
   106     0.250030     0.644412  
   107     0.248359     0.644729  
   108     0.246865     0.644649  
   109     0.245280     0.642967  
   110     0.243689     0.643018  
   111     0.242189     0.643336  
   112     0.240733     0.645691  
   113     0.239399     0.645876  
   114     0.237830     0.644795  
   115     0.236309     0.642756  
   116     0.234799     0.642474  
   117     0.233322     0.642676  
   118     0.231944     0.642261  
   119     0.230480     0.642618  
   120     0.229123     0.641994  
   121     0.227857     0.641445  
   122     0.226526     0.641027  
   123     0.225190     0.639791  
   124     0.223854     0.640467  
   125     0.222492     0.640054  
   126     0.221171     0.640507  
   127     0.219933     0.640790  
   128     0.218562     0.640639  
   129     0.217269     0.641392  
   130     0.216074     0.641105  
   131     0.214813     0.641317  
   132     0.213568     0.641421  
   133     0.212369     0.641177  
   134     0.211131     0.640665  
   135     0.209888     0.640225  
   136     0.208732     0.640335  
   137     0.207458     0.640054  
   138     0.206305     0.639689  
   139     0.205086     0.638212  
   140     0.203899     0.637581  
   141     0.202764     0.637167  
   142     0.201669     0.636270  
   143     0.200479     0.636810  
   144     0.199371     0.636577  
   145     0.198198     0.636241  
   146     0.197118     0.637140  
   147     0.196029     0.636927  
   148     0.194986     0.635793  
   149     0.193875     0.634498  
   150     0.192846     0.634609  
   151     0.191773     0.634175  
   152     0.190625     0.634444  
   153     0.189496     0.635359  
   154     0.188502     0.635184  
   155     0.187597     0.635102  
   156     0.186557     0.635254  
   157     0.185571     0.635128  
   158     0.184547     0.635164  
   159     0.183482     0.634755  
   160     0.182536     0.634776  
   161     0.181563     0.635321  
   162     0.180579     0.634984  
   163     0.179574     0.634720  
   164     0.178629     0.634251  
   165     0.177658     0.634198  
   166     0.176738     0.633816  
   167     0.175757     0.633010  
   168     0.174684     0.633798  
   169     0.173691     0.633935  
   170     0.172835     0.633704  
   171     0.171915     0.633315  
   172     0.171026     0.632748  
   173     0.170129     0.633006  
   174     0.169262     0.632827  
   175     0.168450     0.632240  
   176     0.167531     0.632637  
   177     0.166633     0.632968  
   178     0.165766     0.632858  
   179     0.164872     0.632967  
   180     0.164012     0.632250  
   181     0.163089     0.631990  
   182     0.162199     0.631973  
   183     0.161407     0.632664  
   184     0.160604     0.632352  
   185     0.159731     0.631975  
   186     0.158901     0.631947  
   187     0.158036     0.631473  
   188     0.157303     0.631270  
   189     0.156500     0.631099  
   190     0.155682     0.630490  
   191     0.154961     0.629935  
   192     0.154247     0.629923  
   193     0.153422     0.630008  
   194     0.152598     0.629980  
   195     0.151830     0.630043  
   196     0.151061     0.630076  
   197     0.150295     0.630679  
   198     0.149505     0.630860  
   199     0.148759     0.630636  
   200     0.147955     0.630678  
   201     0.147194     0.630599  
   202     0.146431     0.630342  
   203     0.145688     0.631351  
   204     0.144907     0.631603  
   205     0.144227     0.630425  
   206     0.143475     0.629985  
   207     0.142700     0.629855  
   208     0.141994     0.629989  
   209     0.141276     0.630033  
   210     0.140550     0.629978  
   211     0.139847     0.629991  
   212     0.139095     0.630081  
   213     0.138428     0.629524  
   214     0.137737     0.629612  
   215     0.137090     0.629479  
   216     0.136451     0.629896  
   217     0.135805     0.630027  
   218     0.135118     0.630007  
   219     0.134477     0.629859  
   220     0.133812     0.629998  
   221     0.133132     0.630023  
   222     0.132497     0.629897  
   223     0.131820     0.629002  
   224     0.131140     0.628242  
   225     0.130502     0.628288  
   226     0.129832     0.627964  
   227     0.129200     0.628139  
   228     0.128549     0.627568  
   229     0.127963     0.627520  
   230     0.127365     0.627699  
   231     0.126689     0.627640  
   232     0.126065     0.627775  
   233     0.125381     0.627761  
   234     0.124792     0.627723  
   235     0.124164     0.627457  
   236     0.123541     0.626951  
   237     0.122972     0.626854  
   238     0.122384     0.626653  
   239     0.121816     0.626728  
   240     0.121222     0.626187  
   241     0.120662     0.626516  
   242     0.120062     0.626736  
   243     0.119517     0.626365  
   244     0.118960     0.626026  
   245     0.118378     0.626452  
   246     0.117790     0.626490  
   247     0.117193     0.625942  
   248     0.116594     0.625991  
   249     0.116093     0.625906  
   250     0.115522     0.625544  
   251     0.114995     0.624977  
   252     0.114424     0.625417  
   253     0.113915     0.625275  
   254     0.113387     0.625027  
   255     0.112879     0.625061  
   256     0.112361     0.623879  
   257     0.111865     0.623339  
   258     0.111277     0.623154  
   259     0.110764     0.622834  
   260     0.110251     0.622343  
   261     0.109688     0.622897  
   262     0.109150     0.623083  
   263     0.108618     0.623148  
   264     0.108126     0.622752  
   265     0.107632     0.622825  
   266     0.107150     0.623598  
   267     0.106643     0.623940  
   268     0.106153     0.623473  
   269     0.105658     0.623463  
   270     0.105195     0.622930  
   271     0.104748     0.623123  
   272     0.104330     0.622951  
   273     0.103834     0.622685  
   274     0.103345     0.622603  
   275     0.102902     0.622529  
   276     0.102425     0.622986  
   277     0.101950     0.623075  
   278     0.101494     0.623180  
   279     0.101023     0.622451  
   280     0.100485     0.621776  
   281     0.100068     0.622005  
   282     0.099547     0.622078  
   283     0.099105     0.622150  
   284     0.098634     0.622233  
   285     0.098158     0.622356  
   286     0.097672     0.622007  
   287     0.097245     0.622025  
   288     0.096828     0.622035  
   289     0.096402     0.622152  
   290     0.095981     0.622223  
   291     0.095566     0.622419  
   292     0.095166     0.622412  
   293     0.094730     0.622334  
   294     0.094329     0.622654  
   295     0.093864     0.622377  
   296     0.093445     0.622174  
   297     0.093054     0.622282  
   298     0.092664     0.622088  
   299     0.092237     0.622122  
   300     0.091766     0.622563  
   301     0.091338     0.622517  
   302     0.090929     0.622847  
   303     0.090552     0.622716  
   304     0.090161     0.622625  
   305     0.089728     0.622189  
   306     0.089329     0.622229  
   307     0.088946     0.622536  
   308     0.088518     0.622608  
   309     0.088160     0.622237  
   310     0.087788     0.621932  
   311     0.087435     0.622094  
   312     0.087016     0.622316  
   313     0.086590     0.622371  
   314     0.086237     0.622073  
   315     0.085866     0.622151  
   316     0.085493     0.621639  
   317     0.085131     0.621197  
   318     0.084722     0.621264  
   319     0.084366     0.621061  
   320     0.083976     0.621366  
   321     0.083628     0.621521  
   322     0.083212     0.621826  
   323     0.082890     0.621535  
   324     0.082523     0.621549  
   325     0.082168     0.621390  
   326     0.081815     0.621370  
   327     0.081455     0.620423  
   328     0.081113     0.619931  
   329     0.080764     0.619566  
   330     0.080425     0.619724  
   331     0.080024     0.619127  
   332     0.079643     0.619240  
   333     0.079317     0.619210  
   334     0.078981     0.619012  
   335     0.078594     0.619044  
   336     0.078228     0.618655  
   337     0.077892     0.617947  
   338     0.077549     0.618267  
   339     0.077211     0.618256  
   340     0.076889     0.618546  
   341     0.076559     0.619381  
   342     0.076217     0.619743  
   343     0.075904     0.619488  
   344     0.075531     0.618783  
   345     0.075200     0.619090  
   346     0.074871     0.618995  
   347     0.074549     0.618933  
   348     0.074188     0.619315  
   349     0.073871     0.619449  
   350     0.073544     0.619522  
   351     0.073205     0.619439  
   352     0.072871     0.619184  
   353     0.072546     0.619100  
   354     0.072248     0.619396  
   355     0.071945     0.619497  
   356     0.071611     0.619241  
   357     0.071298     0.619223  
   358     0.070986     0.619418  
   359     0.070678     0.619684  
   360     0.070393     0.619466  
   361     0.070092     0.619757  
   362     0.069804     0.619551  
   363     0.069509     0.619456  
   364     0.069209     0.619507  
   365     0.068901     0.619191  
   366     0.068600     0.618984  
   367     0.068319     0.619257  
   368     0.068052     0.619429  
   369     0.067763     0.619537  
   370     0.067452     0.619431  
   371     0.067143     0.619536  
   372     0.066836     0.619834  
   373     0.066542     0.619675  
   374     0.066246     0.619725  
   375     0.065939     0.619913  
   376     0.065648     0.620005  
   377     0.065354     0.619643  
   378     0.065083     0.619632  
   379     0.064794     0.619692  
   380     0.064538     0.619716  
   381     0.064252     0.619733  
   382     0.063995     0.619771  
   383     0.063707     0.619672  
   384     0.063446     0.619552  
   385     0.063170     0.619521  
   386     0.062885     0.619520  
   387     0.062598     0.619672  
   388     0.062342     0.619940  
   389     0.062092     0.619772  
   390     0.061804     0.619886  
   391     0.061558     0.619585  
   392     0.061301     0.619379  
   393     0.061081     0.619411  
   394     0.060813     0.619319  
   395     0.060514     0.619458  
   396     0.060235     0.619372  
   397     0.059974     0.619560  
   398     0.059737     0.619696  
   399     0.059517     0.619691  
   400     0.059254     0.619673  
   401     0.058998     0.619388  
   402     0.058771     0.619431  
   403     0.058523     0.619455  
   404     0.058260     0.619522  
   405     0.058021     0.619369  
   406     0.057750     0.618926  
   407     0.057504     0.619005  
   408     0.057257     0.619070  
   409     0.056986     0.618699  
   410     0.056745     0.618564  
   411     0.056500     0.618535  
   412     0.056257     0.618267  
   413     0.056024     0.618234  
   414     0.055788     0.617882  * best
   415     0.055574     0.618068  
   416     0.055345     0.618119  
   417     0.055128     0.618115  
   418     0.054885     0.618177  
   419     0.054621     0.618620  
   420     0.054388     0.618636  
   421     0.054161     0.618365  
   422     0.053940     0.618569  
   423     0.053719     0.618718  
   424     0.053488     0.618640  
   425     0.053274     0.618648  
   426     0.053057     0.618772  
   427     0.052848     0.618944  
   428     0.052634     0.618952  
   429     0.052412     0.619285  
   430     0.052170     0.619131  
   431     0.051950     0.619384  
   432     0.051729     0.619372  
   433     0.051514     0.619563  
   434     0.051289     0.619633  
   435     0.051079     0.619666  
   436     0.050885     0.620013  
   437     0.050695     0.620183  
   438     0.050483     0.620169  
   439     0.050286     0.620364  
   440     0.050106     0.620285  
   441     0.049905     0.620542  
   442     0.049702     0.620792  
   443     0.049473     0.620760  
   444     0.049256     0.620876  
   445     0.049038     0.620700  
   446     0.048823     0.620731  
   447     0.048602     0.620870  
   448     0.048415     0.620483  
   449     0.048221     0.620570  
   450     0.048027     0.620502  
   451     0.047799     0.620284  
   452     0.047578     0.620105  
   453     0.047380     0.620283  
   454     0.047179     0.620382  
   455     0.046990     0.620310  
   456     0.046826     0.620159  
   457     0.046634     0.620456  
   458     0.046454     0.620616  
   459     0.046286     0.620680  
   460     0.046069     0.620769  
   461     0.045879     0.621040  
   462     0.045701     0.621146  
   463     0.045506     0.621110  
   464     0.045327     0.621419  
   465     0.045146     0.621388  
   466     0.044984     0.621352  
   467     0.044819     0.621617  
   468     0.044638     0.621670  
   469     0.044437     0.621523  
   470     0.044246     0.621567  
   471     0.044086     0.621558  
   472     0.043910     0.622033  
   473     0.043728     0.622004  
   474     0.043546     0.622067  
   475     0.043357     0.622223  
   476     0.043175     0.622074  
   477     0.042994     0.621970  
   478     0.042821     0.621789  
   479     0.042635     0.621861  
   480     0.042465     0.621849  
   481     0.042288     0.621850  
   482     0.042101     0.621536  
   483     0.041926     0.621574  
   484     0.041767     0.621571  
   485     0.041617     0.621570  
   486     0.041451     0.621373  
   487     0.041292     0.621334  
   488     0.041137     0.621766  
   489     0.040951     0.621502  
   490     0.040779     0.621918  
   491     0.040619     0.621704  
   492     0.040449     0.621689  
   493     0.040285     0.621679  
   494     0.040118     0.621639  
   495     0.039933     0.621628  
   496     0.039789     0.621188  
   497     0.039623     0.621349  
   498     0.039476     0.621664  
   499     0.039316     0.621673  
   500     0.039161     0.621707  
   501     0.039008     0.621918  
   502     0.038835     0.621837  
   503     0.038660     0.621880  
   504     0.038489     0.621716  
   505     0.038351     0.621808  
   506     0.038187     0.621882  
   507     0.038040     0.621662  
   508     0.037914     0.621959  
   509     0.037771     0.622071  
   510     0.037620     0.622123  
   511     0.037482     0.621958  
   512     0.037337     0.622048  
   513     0.037173     0.623109  
   514     0.037021     0.623155  
# best iteration 414 (val l2 0.617882)
# Spearman  train +0.9750  val +0.4044  test +0.6076
