# mlp_energy+edge seed 2
# perceptron on energy+edge
# inputs [(14880,)], 1,908,929 parameters
# Linear(n_in,128) -> GELU -> Dropout(0.3) -> Linear(128,32) -> GELU -> Dropout(0.3) -> Linear(32,1)
# Adam lr=0.001 weight_decay=0.0001 batch=32 dropout=0.3
# loss = MSE on standardised log10 half-life
# early stopping on validation loss, patience 40, max 300 epochs
#
 epoch  train_batch        train          val  note
     1     8.027500    30.162580     0.807635  * best
     2    66.107975     6.038008     0.817463  
     3    10.883786     1.116596     0.771263  * best
     4     4.193410     2.583182     0.786974  
     5     6.167383     1.174971     0.759427  * best
     6     1.164548     0.598263     0.733233  * best
     7     0.657604     0.521538     0.760156  
     8     0.689463     0.481770     0.755005  
     9     0.640614     0.479548     0.739495  
    10     0.713165     0.491479     0.702503  * best
    11     0.586278     0.445609     0.727182  
    12     0.576657     0.423551     0.713454  
    13     0.533298     0.394611     0.730957  
    14     0.526798     0.377200     0.735469  
    15     0.499423     0.434703     0.725260  
    16     0.479115     0.335654     0.700541  * best
    17     0.461228     0.321790     0.744105  
    18     0.456435     0.433429     0.714355  
    19     0.465617     0.388249     0.715115  
    20     0.666018     0.330677     0.717115  
    21     0.498710     0.324074     0.701785  
    22     0.466891     0.307164     0.697944  * best
    23     0.431574     0.286175     0.720930  
    24     0.446534     0.299553     0.755367  
    25     0.418159     0.270399     0.756421  
    26     0.396734     0.282898     0.711785  
    27     0.409169     0.257304     0.763730  
    28     0.398734     0.331833     0.703182  
    29     0.403787     0.266005     0.719142  
    30     0.375942     0.257347     0.844279  
    31     0.403836     0.267556     0.750902  
    32     0.398287     0.235351     0.817431  
    33     0.373680     0.222634     0.796706  
    34     0.447192     0.304792     0.862049  
    35     0.443885     0.293089     0.699681  
    36     0.399846     0.243574     0.745061  
    37     0.386611     0.231006     0.798889  
    38     0.384883     0.343708     0.693085  * best
    39     0.382368     0.262581     0.756727  
    40     0.383565     0.352875     0.774158  
    41     0.382222     0.235341     0.783292  
    42     0.373759     0.232777     0.774039  
    43     0.388930     0.252972     0.740833  
    44     0.380216     0.204628     0.826917  
    45     0.355148     0.223036     0.797561  
    46     0.360525     0.208894     0.826902  
    47     0.352594     0.219890     0.756703  
    48     0.351999     0.220769     0.776904  
    49     0.356355     0.308927     0.751200  
    50     0.359041     0.232279     0.829640  
    51     0.443354     0.216088     0.746317  
    52     0.456679     0.232207     0.786992  
    53     0.405492     0.257270     0.774970  
    54     0.370879     0.226050     0.805284  
    55     0.375087     0.235374     0.718112  
    56     0.363982     0.184021     0.759297  
    57     0.359838     0.202178     0.739344  
    58     0.375842     0.268616     0.727313  
    59     0.365756     0.206100     0.750352  
    60     0.375356     0.302406     0.754788  
    61     0.383370     0.237695     0.776665  
    62     0.430996     0.273735     0.710107  
    63     0.459755     0.293742     0.734729  
    64     0.421073     0.236556     0.763869  
    65     0.419462     0.255632     0.670917  * best
    66     0.424651     0.248083     0.744931  
    67     0.422073     0.249930     0.680378  
    68     0.433188     0.235552     0.754689  
    69     0.424504     0.251528     0.700049  
    70     0.420219     0.294634     0.696749  
    71     0.421186     0.259300     0.737550  
    72     0.418802     0.281254     0.692004  
    73     0.494484     0.373259     0.716578  
    74     0.424593     0.247342     0.824569  
    75     0.438124     0.251567     0.708010  
    76     0.408321     0.221854     0.721021  
    77     0.384293     0.270848     0.731400  
    78     0.406540     0.302676     0.793362  
    79     0.499155     0.384544     0.676603  
    80     0.450145     0.246128     0.695887  
    81     0.523604     0.300359     0.779994  
    82     0.612912     0.294043     0.726304  
    83     0.451273     0.266620     0.697686  
    84     0.441723     0.248639     0.717625  
    85     0.433970     0.250128     0.753550  
    86     0.436251     0.269061     0.716515  
    87     0.419265     0.230510     0.702466  
    88     0.420097     0.231697     0.775071  
    89     0.445612     0.242193     0.708865  
    90     0.404426     0.205160     0.684477  
    91     0.405540     0.223166     0.711284  
    92     0.397396     0.216093     0.773914  
    93     0.387531     0.222562     0.732349  
    94     0.391134     0.225864     0.699232  
    95     0.391661     0.260411     0.728138  
    96     0.378168     0.215426     0.777925  
    97     0.366978     0.241874     0.672638  
    98     0.374170     0.207805     0.747829  
    99     0.372468     0.212391     0.726876  
   100     0.377996     0.225512     0.687181  
   101     0.377426     0.203118     0.730311  
   102     0.370525     0.250214     0.681677  
   103     0.375794     0.193143     0.849207  
   104     0.367427     0.239202     0.721963  
   105     0.375595     0.208020     0.730559  
# stopped at epoch 105: no improvement for 40 epochs
# restored epoch 65 (val MSE 0.670917)
# Spearman  train +0.9018  val +0.3457  test +0.1856
