# gbm_seq+boltz_pooled seed 4
# sequence with the pooled Boltz blocks
# inputs 2407, 513 trees
# LightGBM gradient-boosted trees, objective l2, lr 0.05, num_leaves 31, min_data_in_leaf 20, feature_fraction 0.3, bagging 0.8, lambda_l2 1.0, up to 3000 rounds, early stopping 100 on validation l2
# loss = l2 on standardised log10 half-life
#
 round        train          val  note
     1     0.963031     0.990127  
     2     0.926078     0.958811  
     3     0.894716     0.932352  
     4     0.862689     0.905121  
     5     0.833131     0.881343  
     6     0.807916     0.862192  
     7     0.783673     0.841891  
     8     0.760272     0.823598  
     9     0.738321     0.807200  
    10     0.719470     0.793205  
    11     0.699851     0.779734  
    12     0.682268     0.765880  
    13     0.664767     0.752968  
    14     0.647828     0.740919  
    15     0.632664     0.730284  
    16     0.618636     0.721464  
    17     0.605044     0.712687  
    18     0.591622     0.703452  
    19     0.579222     0.693216  
    20     0.567859     0.684410  
    21     0.557126     0.677289  
    22     0.546496     0.670748  
    23     0.536286     0.664435  
    24     0.526874     0.658681  
    25     0.518121     0.653503  
    26     0.509108     0.646996  
    27     0.499968     0.640672  
    28     0.491642     0.634996  
    29     0.483292     0.629504  
    30     0.474984     0.623476  
    31     0.466819     0.617351  
    32     0.459740     0.614446  
    33     0.452705     0.609148  
    34     0.446292     0.605615  
    35     0.439904     0.601613  
    36     0.433803     0.597544  
    37     0.427647     0.594760  
    38     0.421940     0.591941  
    39     0.416504     0.589505  
    40     0.410915     0.585793  
    41     0.405943     0.584153  
    42     0.400472     0.581545  
    43     0.395286     0.578599  
    44     0.390436     0.575221  
    45     0.385519     0.572833  
    46     0.380819     0.570858  
    47     0.375924     0.568212  
    48     0.370824     0.564938  
    49     0.366047     0.562474  
    50     0.361437     0.560516  
    51     0.357284     0.558105  
    52     0.353274     0.556021  
    53     0.349145     0.553851  
    54     0.345285     0.552258  
    55     0.341118     0.550686  
    56     0.337267     0.547394  
    57     0.333440     0.545664  
    58     0.330040     0.543980  
    59     0.326385     0.541833  
    60     0.323010     0.540263  
    61     0.319622     0.538515  
    62     0.316241     0.538012  
    63     0.312781     0.537175  
    64     0.309359     0.535790  
    65     0.306262     0.534780  
    66     0.303093     0.534265  
    67     0.300213     0.533287  
    68     0.296801     0.530613  
    69     0.293687     0.529757  
    70     0.290780     0.528159  
    71     0.287989     0.527432  
    72     0.285219     0.526275  
    73     0.282267     0.525440  
    74     0.279560     0.523889  
    75     0.276437     0.522236  
    76     0.273740     0.521155  
    77     0.271280     0.521447  
    78     0.268714     0.520086  
    79     0.266148     0.518396  
    80     0.263437     0.517348  
    81     0.260825     0.517294  
    82     0.258292     0.516191  
    83     0.256093     0.515532  
    84     0.253607     0.514256  
    85     0.251257     0.513202  
    86     0.248976     0.510826  
    87     0.246643     0.509916  
    88     0.244477     0.508976  
    89     0.242245     0.508112  
    90     0.240079     0.507975  
    91     0.237718     0.506944  
    92     0.235630     0.506905  
    93     0.233504     0.506320  
    94     0.231435     0.505373  
    95     0.229295     0.504651  
    96     0.227378     0.503672  
    97     0.225216     0.503303  
    98     0.223189     0.502869  
    99     0.221155     0.502002  
   100     0.219091     0.500944  
   101     0.217142     0.500155  
   102     0.215084     0.499881  
   103     0.213117     0.499779  
   104     0.211152     0.499288  
   105     0.209305     0.498570  
   106     0.207490     0.497565  
   107     0.205714     0.497018  
   108     0.203979     0.496046  
   109     0.202139     0.495188  
   110     0.200463     0.494623  
   111     0.198750     0.494887  
   112     0.197151     0.494635  
   113     0.195361     0.494039  
   114     0.193619     0.493234  
   115     0.191999     0.492518  
   116     0.190268     0.492183  
   117     0.188701     0.491540  
   118     0.187201     0.491562  
   119     0.185487     0.491005  
   120     0.183894     0.491032  
   121     0.182366     0.490882  
   122     0.180689     0.490089  
   123     0.179237     0.489705  
   124     0.177771     0.489337  
   125     0.176343     0.488876  
   126     0.174879     0.488762  
   127     0.173366     0.488904  
   128     0.171884     0.488133  
   129     0.170448     0.487692  
   130     0.169100     0.487676  
   131     0.167618     0.486874  
   132     0.166200     0.486298  
   133     0.164899     0.486435  
   134     0.163692     0.486674  
   135     0.162340     0.486485  
   136     0.160933     0.486019  
   137     0.159584     0.485152  
   138     0.158403     0.485287  
   139     0.157136     0.485154  
   140     0.155869     0.484836  
   141     0.154665     0.484640  
   142     0.153517     0.484138  
   143     0.152278     0.483933  
   144     0.151095     0.483879  
   145     0.149891     0.483726  
   146     0.148716     0.483881  
   147     0.147539     0.483761  
   148     0.146379     0.483931  
   149     0.145162     0.483294  
   150     0.144002     0.482972  
   151     0.142854     0.482865  
   152     0.141778     0.482097  
   153     0.140734     0.482131  
   154     0.139535     0.481771  
   155     0.138436     0.481602  
   156     0.137379     0.481195  
   157     0.136311     0.481128  
   158     0.135293     0.480664  
   159     0.134270     0.480860  
   160     0.133249     0.480520  
   161     0.132264     0.480156  
   162     0.131298     0.479613  
   163     0.130289     0.479569  
   164     0.129280     0.479625  
   165     0.128256     0.479402  
   166     0.127210     0.479344  
   167     0.126180     0.479353  
   168     0.125240     0.479541  
   169     0.124341     0.479899  
   170     0.123466     0.479457  
   171     0.122450     0.479092  
   172     0.121595     0.478594  
   173     0.120754     0.478588  
   174     0.119776     0.477762  
   175     0.118885     0.477493  
   176     0.117945     0.477234  
   177     0.117012     0.476909  
   178     0.116161     0.476865  
   179     0.115271     0.476879  
   180     0.114423     0.476814  
   181     0.113530     0.476464  
   182     0.112656     0.476239  
   183     0.111723     0.475787  
   184     0.110951     0.475342  
   185     0.110143     0.475030  
   186     0.109374     0.474970  
   187     0.108594     0.474910  
   188     0.107824     0.475004  
   189     0.107017     0.474764  
   190     0.106173     0.474505  
   191     0.105327     0.474682  
   192     0.104610     0.474322  
   193     0.103833     0.474364  
   194     0.103067     0.474109  
   195     0.102339     0.473813  
   196     0.101620     0.473586  
   197     0.100873     0.473178  
   198     0.100176     0.473252  
   199     0.099394     0.473088  
   200     0.098619     0.473346  
   201     0.097897     0.473004  
   202     0.097148     0.472871  
   203     0.096473     0.473158  
   204     0.095858     0.473111  
   205     0.095215     0.472893  
   206     0.094578     0.472736  
   207     0.093956     0.472515  
   208     0.093305     0.472432  
   209     0.092649     0.472199  
   210     0.091924     0.471748  
   211     0.091270     0.471517  
   212     0.090637     0.471275  
   213     0.089947     0.470794  
   214     0.089316     0.470553  
   215     0.088654     0.470464  
   216     0.088039     0.470174  
   217     0.087469     0.470314  
   218     0.086832     0.470162  
   219     0.086233     0.470095  
   220     0.085610     0.469922  
   221     0.085051     0.469821  
   222     0.084472     0.469886  
   223     0.083851     0.469691  
   224     0.083261     0.469537  
   225     0.082733     0.469694  
   226     0.082185     0.469342  
   227     0.081661     0.469258  
   228     0.081106     0.468828  
   229     0.080521     0.468832  
   230     0.080032     0.468826  
   231     0.079482     0.468868  
   232     0.078928     0.468696  
   233     0.078396     0.468494  
   234     0.077855     0.468603  
   235     0.077295     0.468479  
   236     0.076721     0.468274  
   237     0.076199     0.468182  
   238     0.075698     0.468273  
   239     0.075135     0.468022  
   240     0.074611     0.467737  
   241     0.074109     0.467612  
   242     0.073618     0.467381  
   243     0.073095     0.467423  
   244     0.072563     0.467093  
   245     0.072062     0.466939  
   246     0.071540     0.466743  
   247     0.071087     0.466525  
   248     0.070606     0.466343  
   249     0.070146     0.466244  
   250     0.069649     0.466183  
   251     0.069181     0.466140  
   252     0.068722     0.466075  
   253     0.068261     0.465880  
   254     0.067825     0.465968  
   255     0.067400     0.466071  
   256     0.066898     0.465816  
   257     0.066443     0.465932  
   258     0.065972     0.465637  
   259     0.065498     0.465399  
   260     0.065058     0.465319  
   261     0.064602     0.465286  
   262     0.064148     0.464928  
   263     0.063746     0.464825  
   264     0.063331     0.464787  
   265     0.062948     0.464705  
   266     0.062517     0.464717  
   267     0.062100     0.464568  
   268     0.061682     0.464544  
   269     0.061271     0.464472  
   270     0.060888     0.464558  
   271     0.060472     0.464445  
   272     0.060053     0.464597  
   273     0.059652     0.464440  
   274     0.059248     0.464211  
   275     0.058859     0.463947  
   276     0.058490     0.463786  
   277     0.058123     0.463671  
   278     0.057748     0.463868  
   279     0.057414     0.463877  
   280     0.057024     0.463607  
   281     0.056652     0.463108  
   282     0.056266     0.462772  
   283     0.055901     0.462470  
   284     0.055526     0.462428  
   285     0.055133     0.462418  
   286     0.054754     0.462456  
   287     0.054377     0.462502  
   288     0.054001     0.462405  
   289     0.053635     0.462275  
   290     0.053281     0.462232  
   291     0.052971     0.462144  
   292     0.052639     0.462202  
   293     0.052301     0.462037  
   294     0.051950     0.461974  
   295     0.051589     0.461905  
   296     0.051280     0.461763  
   297     0.050961     0.461880  
   298     0.050653     0.461824  
   299     0.050371     0.461675  
   300     0.050030     0.461692  
   301     0.049689     0.461626  
   302     0.049368     0.461514  
   303     0.049042     0.461296  
   304     0.048746     0.461164  
   305     0.048447     0.461061  
   306     0.048164     0.460978  
   307     0.047831     0.460829  
   308     0.047522     0.460849  
   309     0.047207     0.460612  
   310     0.046882     0.460428  
   311     0.046574     0.460695  
   312     0.046266     0.460495  
   313     0.045998     0.460539  
   314     0.045673     0.460448  
   315     0.045373     0.460498  
   316     0.045056     0.460202  
   317     0.044765     0.460088  
   318     0.044485     0.459984  
   319     0.044223     0.459725  
   320     0.043945     0.459756  
   321     0.043668     0.459789  
   322     0.043372     0.459694  
   323     0.043087     0.459585  
   324     0.042817     0.459699  
   325     0.042550     0.459871  
   326     0.042302     0.459474  
   327     0.042014     0.459294  
   328     0.041728     0.459393  
   329     0.041468     0.459369  
   330     0.041206     0.459140  
   331     0.040937     0.459042  
   332     0.040678     0.459022  
   333     0.040398     0.458928  
   334     0.040130     0.459238  
   335     0.039871     0.459230  
   336     0.039608     0.459295  
   337     0.039360     0.459120  
   338     0.039086     0.459027  
   339     0.038826     0.459112  
   340     0.038592     0.458940  
   341     0.038335     0.459038  
   342     0.038084     0.458781  
   343     0.037868     0.458780  
   344     0.037622     0.458618  
   345     0.037382     0.458589  
   346     0.037133     0.458727  
   347     0.036890     0.458666  
   348     0.036696     0.458443  
   349     0.036471     0.458368  
   350     0.036253     0.458390  
   351     0.036037     0.458368  
   352     0.035806     0.458251  
   353     0.035591     0.458377  
   354     0.035377     0.458181  
   355     0.035143     0.458380  
   356     0.034927     0.458330  
   357     0.034724     0.458470  
   358     0.034498     0.458466  
   359     0.034249     0.458503  
   360     0.034017     0.458517  
   361     0.033810     0.458497  
   362     0.033594     0.458301  
   363     0.033384     0.458401  
   364     0.033158     0.458359  
   365     0.032949     0.458405  
   366     0.032723     0.458580  
   367     0.032518     0.458620  
   368     0.032320     0.458660  
   369     0.032138     0.458682  
   370     0.031956     0.458625  
   371     0.031753     0.458349  
   372     0.031562     0.458257  
   373     0.031386     0.458269  
   374     0.031223     0.458366  
   375     0.031032     0.458371  
   376     0.030841     0.458228  
   377     0.030631     0.458112  
   378     0.030460     0.458189  
   379     0.030305     0.458209  
   380     0.030125     0.458157  
   381     0.029946     0.458038  
   382     0.029768     0.457997  
   383     0.029625     0.457972  
   384     0.029448     0.458025  
   385     0.029263     0.458124  
   386     0.029083     0.457950  
   387     0.028913     0.457997  
   388     0.028744     0.457985  
   389     0.028570     0.458036  
   390     0.028388     0.457992  
   391     0.028216     0.458135  
   392     0.028044     0.458057  
   393     0.027864     0.457862  
   394     0.027685     0.457874  
   395     0.027510     0.457949  
   396     0.027340     0.457939  
   397     0.027182     0.457977  
   398     0.027001     0.457772  
   399     0.026841     0.457587  
   400     0.026680     0.457573  
   401     0.026535     0.457517  
   402     0.026356     0.457486  
   403     0.026184     0.457608  
   404     0.026010     0.457699  
   405     0.025853     0.457655  
   406     0.025692     0.457586  
   407     0.025549     0.457537  
   408     0.025412     0.457409  
   409     0.025257     0.457467  
   410     0.025099     0.457370  
   411     0.024943     0.457296  
   412     0.024776     0.457239  
   413     0.024622     0.457176  
   414     0.024479     0.457262  
   415     0.024332     0.457204  
   416     0.024187     0.457225  
   417     0.024043     0.457075  
   418     0.023878     0.457145  
   419     0.023734     0.457197  
   420     0.023586     0.457191  
   421     0.023454     0.457235  
   422     0.023309     0.457155  
   423     0.023184     0.457049  
   424     0.023042     0.456851  
   425     0.022899     0.456784  
   426     0.022750     0.456812  
   427     0.022593     0.456767  
   428     0.022453     0.456843  
   429     0.022325     0.456741  
   430     0.022202     0.456722  
   431     0.022079     0.456596  
   432     0.021948     0.456538  
   433     0.021816     0.456672  
   434     0.021693     0.456650  
   435     0.021558     0.456574  
   436     0.021440     0.456622  
   437     0.021306     0.456559  
   438     0.021184     0.456672  
   439     0.021071     0.456759  
   440     0.020943     0.456761  
   441     0.020819     0.456636  
   442     0.020682     0.456702  
   443     0.020565     0.456704  
   444     0.020438     0.456699  
   445     0.020315     0.456790  
   446     0.020187     0.456771  
   447     0.020052     0.456765  
   448     0.019938     0.456761  
   449     0.019825     0.456908  
   450     0.019719     0.456914  
   451     0.019615     0.456988  
   452     0.019487     0.457049  
   453     0.019365     0.457105  
   454     0.019247     0.457031  
   455     0.019146     0.457098  
   456     0.019037     0.457017  
   457     0.018930     0.457051  
   458     0.018832     0.457007  
   459     0.018710     0.457176  
   460     0.018601     0.457137  
   461     0.018487     0.457229  
   462     0.018378     0.457139  
   463     0.018268     0.457146  
   464     0.018164     0.457135  
   465     0.018070     0.457079  
   466     0.017975     0.457114  
   467     0.017869     0.456906  
   468     0.017752     0.456899  
   469     0.017648     0.457045  
   470     0.017541     0.457119  
   471     0.017444     0.457095  
   472     0.017330     0.457110  
   473     0.017230     0.457070  
   474     0.017123     0.457124  
   475     0.017025     0.457083  
   476     0.016928     0.457170  
   477     0.016839     0.457162  
   478     0.016739     0.457147  
   479     0.016654     0.457086  
   480     0.016552     0.457031  
   481     0.016453     0.457146  
   482     0.016353     0.457152  
   483     0.016259     0.457076  
   484     0.016168     0.456994  
   485     0.016078     0.457042  
   486     0.015975     0.456859  
   487     0.015876     0.456752  
   488     0.015788     0.456743  
   489     0.015697     0.456741  
   490     0.015611     0.456632  
   491     0.015519     0.456507  
   492     0.015427     0.456494  
   493     0.015333     0.456574  
   494     0.015241     0.456482  
   495     0.015142     0.456430  
   496     0.015059     0.456432  
   497     0.014966     0.456387  
   498     0.014878     0.456230  
   499     0.014792     0.456149  
   500     0.014711     0.456270  
   501     0.014630     0.456347  
   502     0.014549     0.456413  
   503     0.014456     0.456358  
   504     0.014374     0.456275  
   505     0.014291     0.456244  
   506     0.014202     0.456262  
   507     0.014125     0.456119  
   508     0.014049     0.456181  
   509     0.013964     0.456169  
   510     0.013883     0.456145  
   511     0.013800     0.456107  
   512     0.013710     0.456099  
   513     0.013629     0.456034  * best
   514     0.013552     0.456136  
   515     0.013475     0.456194  
   516     0.013388     0.456128  
   517     0.013315     0.456114  
   518     0.013230     0.456082  
   519     0.013155     0.456188  
   520     0.013079     0.456159  
   521     0.013008     0.456179  
   522     0.012939     0.456159  
   523     0.012867     0.456122  
   524     0.012798     0.456140  
   525     0.012729     0.456066  
   526     0.012654     0.456036  
   527     0.012587     0.456062  
   528     0.012518     0.456226  
   529     0.012449     0.456380  
   530     0.012374     0.456388  
   531     0.012308     0.456353  
   532     0.012234     0.456298  
   533     0.012167     0.456259  
   534     0.012099     0.456242  
   535     0.012030     0.456142  
   536     0.011963     0.456218  
   537     0.011904     0.456201  
   538     0.011836     0.456294  
   539     0.011765     0.456186  
   540     0.011699     0.456126  
   541     0.011635     0.456139  
   542     0.011572     0.456156  
   543     0.011510     0.456220  
   544     0.011436     0.456196  
   545     0.011376     0.456266  
   546     0.011311     0.456302  
   547     0.011244     0.456226  
   548     0.011179     0.456200  
   549     0.011112     0.456315  
   550     0.011047     0.456260  
   551     0.010991     0.456159  
   552     0.010933     0.456115  
   553     0.010872     0.456119  
   554     0.010808     0.456173  
   555     0.010746     0.456216  
   556     0.010686     0.456238  
   557     0.010621     0.456195  
   558     0.010559     0.456253  
   559     0.010503     0.456253  
   560     0.010450     0.456276  
   561     0.010389     0.456156  
   562     0.010330     0.456218  
   563     0.010273     0.456315  
   564     0.010217     0.456341  
   565     0.010159     0.456445  
   566     0.010104     0.456443  
   567     0.010050     0.456466  
   568     0.009998     0.456520  
   569     0.009937     0.456510  
   570     0.009889     0.456462  
   571     0.009831     0.456421  
   572     0.009776     0.456443  
   573     0.009729     0.456426  
   574     0.009673     0.456470  
   575     0.009621     0.456501  
   576     0.009568     0.456485  
   577     0.009518     0.456491  
   578     0.009471     0.456478  
   579     0.009419     0.456413  
   580     0.009367     0.456354  
   581     0.009312     0.456369  
   582     0.009262     0.456357  
   583     0.009210     0.456371  
   584     0.009160     0.456392  
   585     0.009104     0.456483  
   586     0.009054     0.456572  
   587     0.009007     0.456538  
   588     0.008953     0.456539  
   589     0.008904     0.456602  
   590     0.008857     0.456617  
   591     0.008805     0.456615  
   592     0.008757     0.456539  
   593     0.008709     0.456396  
   594     0.008656     0.456377  
   595     0.008612     0.456405  
   596     0.008563     0.456373  
   597     0.008514     0.456333  
   598     0.008468     0.456375  
   599     0.008416     0.456423  
   600     0.008371     0.456482  
   601     0.008324     0.456469  
   602     0.008281     0.456446  
   603     0.008239     0.456453  
   604     0.008186     0.456407  
   605     0.008143     0.456420  
   606     0.008094     0.456356  
   607     0.008051     0.456366  
   608     0.008009     0.456375  
   609     0.007966     0.456317  
   610     0.007924     0.456326  
   611     0.007885     0.456336  
   612     0.007843     0.456396  
   613     0.007802     0.456418  
# best iteration 513 (val l2 0.456034)
# Spearman  train +0.9921  val +0.7487  test +0.7574
