# gbm_seq+node seed 1
# boosted trees on seq+node
# inputs 12380, 2,061 trees
# LightGBM gradient-boosted trees, objective l2, lr 0.05, num_leaves 31, min_data_in_leaf 20, feature_fraction 0.3, bagging 0.8, lambda_l2 1.0, up to 3000 rounds, early stopping 100 on validation l2
# loss = l2 on standardised log10 half-life
#
 round        train          val  note
     1     0.969664     0.980646  
     2     0.939346     0.951869  
     3     0.910820     0.926753  
     4     0.885670     0.904338  
     5     0.860985     0.883064  
     6     0.838100     0.861581  
     7     0.817861     0.843724  
     8     0.799716     0.828412  
     9     0.781930     0.813480  
    10     0.765646     0.800391  
    11     0.748900     0.786571  
    12     0.733564     0.772994  
    13     0.719996     0.762089  
    14     0.708068     0.752673  
    15     0.694046     0.741754  
    16     0.682975     0.733565  
    17     0.671808     0.725545  
    18     0.661332     0.716478  
    19     0.651186     0.708561  
    20     0.640577     0.700668  
    21     0.631788     0.694218  
    22     0.623732     0.688014  
    23     0.614399     0.681527  
    24     0.606961     0.676582  
    25     0.599215     0.671553  
    26     0.591286     0.666309  
    27     0.584293     0.661195  
    28     0.577900     0.656826  
    29     0.571719     0.652638  
    30     0.565943     0.650154  
    31     0.560152     0.647392  
    32     0.554459     0.643750  
    33     0.549378     0.641712  
    34     0.544476     0.639381  
    35     0.539317     0.635723  
    36     0.534011     0.632809  
    37     0.529480     0.629714  
    38     0.524788     0.626492  
    39     0.520706     0.624533  
    40     0.516346     0.621755  
    41     0.512526     0.620566  
    42     0.508059     0.618057  
    43     0.503556     0.615056  
    44     0.498958     0.613059  
    45     0.494873     0.611318  
    46     0.490564     0.609872  
    47     0.486468     0.609338  
    48     0.482306     0.607566  
    49     0.478815     0.606040  
    50     0.475270     0.604771  
    51     0.470649     0.602764  
    52     0.467163     0.600941  
    53     0.463654     0.599931  
    54     0.460205     0.598288  
    55     0.456918     0.597013  
    56     0.453696     0.596620  
    57     0.450023     0.594331  
    58     0.446986     0.592854  
    59     0.443708     0.591371  
    60     0.440490     0.590775  
    61     0.436941     0.589170  
    62     0.433788     0.588419  
    63     0.430471     0.587455  
    64     0.427535     0.586992  
    65     0.424531     0.586137  
    66     0.421707     0.585432  
    67     0.418444     0.584241  
    68     0.415588     0.583180  
    69     0.412642     0.581911  
    70     0.409896     0.581095  
    71     0.407022     0.579953  
    72     0.404148     0.578577  
    73     0.401361     0.577585  
    74     0.398398     0.576282  
    75     0.395808     0.575681  
    76     0.393073     0.574867  
    77     0.390367     0.574045  
    78     0.387927     0.573437  
    79     0.385474     0.572823  
    80     0.382725     0.571533  
    81     0.380253     0.571019  
    82     0.377772     0.569767  
    83     0.375576     0.569541  
    84     0.373041     0.568967  
    85     0.370798     0.568549  
    86     0.368491     0.568270  
    87     0.366156     0.567691  
    88     0.363670     0.566391  
    89     0.361415     0.565622  
    90     0.358937     0.564395  
    91     0.356650     0.563517  
    92     0.354487     0.562774  
    93     0.352137     0.561494  
    94     0.349671     0.560422  
    95     0.347359     0.560344  
    96     0.345238     0.559911  
    97     0.343109     0.559313  
    98     0.341094     0.559306  
    99     0.338997     0.559200  
   100     0.336879     0.559094  
   101     0.334865     0.558808  
   102     0.332829     0.557826  
   103     0.330769     0.557015  
   104     0.328673     0.556885  
   105     0.326667     0.556779  
   106     0.324586     0.556165  
   107     0.322223     0.554963  
   108     0.320289     0.554533  
   109     0.318517     0.554344  
   110     0.316632     0.554143  
   111     0.314811     0.553854  
   112     0.313001     0.553623  
   113     0.311156     0.553777  
   114     0.309257     0.553748  
   115     0.307364     0.553192  
   116     0.305716     0.552882  
   117     0.303994     0.552996  
   118     0.302182     0.552724  
   119     0.300390     0.552252  
   120     0.298537     0.551595  
   121     0.296657     0.551207  
   122     0.294961     0.551105  
   123     0.293246     0.550715  
   124     0.291634     0.550417  
   125     0.289953     0.550249  
   126     0.288206     0.549726  
   127     0.286598     0.549527  
   128     0.285007     0.549546  
   129     0.283438     0.549312  
   130     0.281664     0.548459  
   131     0.279997     0.547937  
   132     0.278292     0.547767  
   133     0.276643     0.546945  
   134     0.275004     0.547107  
   135     0.273520     0.546955  
   136     0.271977     0.546561  
   137     0.270405     0.546342  
   138     0.268896     0.546425  
   139     0.267499     0.545995  
   140     0.266014     0.545797  
   141     0.264480     0.545535  
   142     0.263043     0.544964  
   143     0.261598     0.545084  
   144     0.260081     0.544881  
   145     0.258613     0.544793  
   146     0.257177     0.544372  
   147     0.255775     0.544080  
   148     0.254369     0.543759  
   149     0.252989     0.543282  
   150     0.251677     0.542885  
   151     0.250078     0.542171  
   152     0.248817     0.541760  
   153     0.247361     0.541029  
   154     0.246013     0.540685  
   155     0.244626     0.540686  
   156     0.243252     0.540178  
   157     0.241996     0.539712  
   158     0.240622     0.539218  
   159     0.239238     0.538961  
   160     0.237884     0.538893  
   161     0.236658     0.538925  
   162     0.235335     0.538827  
   163     0.234122     0.538287  
   164     0.232887     0.538242  
   165     0.231708     0.538433  
   166     0.230498     0.538115  
   167     0.229233     0.537758  
   168     0.227966     0.537594  
   169     0.226848     0.537378  
   170     0.225574     0.537502  
   171     0.224434     0.537734  
   172     0.223356     0.537488  
   173     0.222126     0.536795  
   174     0.220991     0.536676  
   175     0.219824     0.536907  
   176     0.218610     0.537078  
   177     0.217465     0.536993  
   178     0.216317     0.537088  
   179     0.215106     0.537080  
   180     0.213880     0.536619  
   181     0.212825     0.536262  
   182     0.211612     0.535836  
   183     0.210614     0.535704  
   184     0.209406     0.535229  
   185     0.208265     0.534942  
   186     0.207227     0.534563  
   187     0.206299     0.534419  
   188     0.205190     0.534313  
   189     0.204052     0.533864  
   190     0.203035     0.533560  
   191     0.201978     0.533266  
   192     0.200784     0.532608  
   193     0.199739     0.532374  
   194     0.198753     0.532045  
   195     0.197688     0.531476  
   196     0.196800     0.531631  
   197     0.195884     0.531686  
   198     0.195000     0.531654  
   199     0.194129     0.531255  
   200     0.193096     0.531310  
   201     0.192163     0.530920  
   202     0.191229     0.530642  
   203     0.190158     0.530684  
   204     0.189186     0.530741  
   205     0.188173     0.530665  
   206     0.187242     0.530361  
   207     0.186340     0.530151  
   208     0.185395     0.530184  
   209     0.184368     0.529894  
   210     0.183403     0.529721  
   211     0.182392     0.529386  
   212     0.181396     0.529205  
   213     0.180455     0.528988  
   214     0.179461     0.528654  
   215     0.178565     0.528702  
   216     0.177636     0.528235  
   217     0.176784     0.528212  
   218     0.175894     0.527706  
   219     0.175053     0.527767  
   220     0.174111     0.527230  
   221     0.173260     0.526896  
   222     0.172486     0.526877  
   223     0.171619     0.526539  
   224     0.170718     0.526334  
   225     0.169855     0.526143  
   226     0.168995     0.526265  
   227     0.168241     0.526052  
   228     0.167361     0.525871  
   229     0.166659     0.526099  
   230     0.165842     0.525996  
   231     0.165118     0.525931  
   232     0.164282     0.525754  
   233     0.163531     0.525741  
   234     0.162724     0.525857  
   235     0.161846     0.525603  
   236     0.160989     0.525699  
   237     0.160202     0.525467  
   238     0.159400     0.525318  
   239     0.158609     0.525168  
   240     0.157836     0.524956  
   241     0.157015     0.524759  
   242     0.156288     0.524775  
   243     0.155568     0.524622  
   244     0.154805     0.524499  
   245     0.154013     0.524276  
   246     0.153289     0.524186  
   247     0.152577     0.524216  
   248     0.151852     0.524459  
   249     0.151085     0.524456  
   250     0.150357     0.524562  
   251     0.149669     0.524300  
   252     0.148860     0.524048  
   253     0.148118     0.523852  
   254     0.147346     0.523855  
   255     0.146649     0.524132  
   256     0.145951     0.524122  
   257     0.145263     0.524273  
   258     0.144638     0.524435  
   259     0.143938     0.524522  
   260     0.143298     0.524247  
   261     0.142631     0.523897  
   262     0.141979     0.523807  
   263     0.141286     0.523762  
   264     0.140649     0.523241  
   265     0.139969     0.523149  
   266     0.139238     0.522988  
   267     0.138592     0.523121  
   268     0.137863     0.523052  
   269     0.137210     0.523055  
   270     0.136562     0.522670  
   271     0.135902     0.522487  
   272     0.135284     0.522383  
   273     0.134560     0.522387  
   274     0.133870     0.522334  
   275     0.133273     0.522314  
   276     0.132610     0.522058  
   277     0.131922     0.521754  
   278     0.131265     0.521858  
   279     0.130666     0.521874  
   280     0.130109     0.521536  
   281     0.129483     0.521211  
   282     0.128851     0.521107  
   283     0.128287     0.520825  
   284     0.127750     0.520764  
   285     0.127185     0.520879  
   286     0.126568     0.520679  
   287     0.125922     0.520690  
   288     0.125349     0.520545  
   289     0.124767     0.520321  
   290     0.124062     0.520351  
   291     0.123461     0.520411  
   292     0.122863     0.520082  
   293     0.122299     0.520096  
   294     0.121741     0.519958  
   295     0.121152     0.519738  
   296     0.120548     0.520077  
   297     0.119939     0.519935  
   298     0.119354     0.520047  
   299     0.118789     0.519962  
   300     0.118204     0.520039  
   301     0.117622     0.519846  
   302     0.117025     0.520107  
   303     0.116517     0.520047  
   304     0.116021     0.519894  
   305     0.115549     0.519810  
   306     0.115006     0.519694  
   307     0.114446     0.519935  
   308     0.113942     0.520086  
   309     0.113425     0.520247  
   310     0.112910     0.520289  
   311     0.112402     0.520384  
   312     0.111875     0.520276  
   313     0.111331     0.520058  
   314     0.110882     0.519849  
   315     0.110351     0.519805  
   316     0.109879     0.519750  
   317     0.109389     0.519571  
   318     0.108882     0.519592  
   319     0.108363     0.519305  
   320     0.107848     0.519292  
   321     0.107376     0.519134  
   322     0.106879     0.518962  
   323     0.106424     0.518934  
   324     0.105966     0.518715  
   325     0.105443     0.518384  
   326     0.104950     0.518408  
   327     0.104473     0.518284  
   328     0.103910     0.517975  
   329     0.103433     0.517894  
   330     0.102977     0.517546  
   331     0.102446     0.517397  
   332     0.101956     0.517355  
   333     0.101529     0.517576  
   334     0.101063     0.517627  
   335     0.100544     0.517304  
   336     0.100069     0.517442  
   337     0.099628     0.517351  
   338     0.099176     0.517537  
   339     0.098683     0.517225  
   340     0.098192     0.517317  
   341     0.097780     0.517254  
   342     0.097371     0.517179  
   343     0.096947     0.517199  
   344     0.096504     0.516954  
   345     0.096060     0.517207  
   346     0.095592     0.517420  
   347     0.095142     0.517305  
   348     0.094701     0.517210  
   349     0.094294     0.516930  
   350     0.093873     0.516680  
   351     0.093425     0.516580  
   352     0.092969     0.516745  
   353     0.092580     0.516587  
   354     0.092185     0.516336  
   355     0.091754     0.516104  
   356     0.091347     0.516019  
   357     0.090941     0.515937  
   358     0.090532     0.515763  
   359     0.090125     0.515731  
   360     0.089703     0.515712  
   361     0.089265     0.515789  
   362     0.088880     0.515667  
   363     0.088467     0.515496  
   364     0.088080     0.515551  
   365     0.087656     0.515763  
   366     0.087247     0.515700  
   367     0.086840     0.515350  
   368     0.086463     0.515577  
   369     0.086081     0.515236  
   370     0.085700     0.515298  
   371     0.085305     0.515253  
   372     0.084928     0.515284  
   373     0.084543     0.515265  
   374     0.084167     0.515194  
   375     0.083771     0.514961  
   376     0.083397     0.514777  
   377     0.083018     0.514545  
   378     0.082626     0.514446  
   379     0.082252     0.514357  
   380     0.081887     0.514334  
   381     0.081559     0.514127  
   382     0.081225     0.514134  
   383     0.080860     0.514253  
   384     0.080473     0.514608  
   385     0.080101     0.514539  
   386     0.079706     0.514522  
   387     0.079361     0.514401  
   388     0.078991     0.514372  
   389     0.078608     0.514398  
   390     0.078281     0.514381  
   391     0.077930     0.514443  
   392     0.077550     0.514196  
   393     0.077179     0.514117  
   394     0.076811     0.514019  
   395     0.076462     0.513912  
   396     0.076160     0.513968  
   397     0.075851     0.513769  
   398     0.075524     0.513887  
   399     0.075192     0.513887  
   400     0.074865     0.513830  
   401     0.074516     0.513904  
   402     0.074189     0.513905  
   403     0.073867     0.513946  
   404     0.073550     0.513975  
   405     0.073224     0.513881  
   406     0.072895     0.513784  
   407     0.072565     0.513673  
   408     0.072271     0.513659  
   409     0.071973     0.513566  
   410     0.071657     0.513486  
   411     0.071296     0.513467  
   412     0.071005     0.513271  
   413     0.070726     0.513291  
   414     0.070405     0.513300  
   415     0.070107     0.513204  
   416     0.069775     0.513178  
   417     0.069485     0.513017  
   418     0.069178     0.512835  
   419     0.068851     0.512824  
   420     0.068553     0.512776  
   421     0.068272     0.512734  
   422     0.067962     0.512600  
   423     0.067652     0.512514  
   424     0.067343     0.512297  
   425     0.067096     0.512237  
   426     0.066804     0.512203  
   427     0.066476     0.512166  
   428     0.066182     0.512217  
   429     0.065918     0.512347  
   430     0.065619     0.512437  
   431     0.065345     0.512405  
   432     0.065048     0.512346  
   433     0.064806     0.512345  
   434     0.064489     0.512198  
   435     0.064230     0.512173  
   436     0.063946     0.512164  
   437     0.063682     0.511949  
   438     0.063432     0.512075  
   439     0.063151     0.511939  
   440     0.062892     0.511915  
   441     0.062667     0.512039  
   442     0.062395     0.512024  
   443     0.062090     0.511860  
   444     0.061830     0.511923  
   445     0.061558     0.511937  
   446     0.061285     0.511825  
   447     0.061007     0.511735  
   448     0.060714     0.511750  
   449     0.060459     0.511559  
   450     0.060196     0.511383  
   451     0.059947     0.511356  
   452     0.059684     0.511291  
   453     0.059446     0.511214  
   454     0.059225     0.511341  
   455     0.058962     0.511273  
   456     0.058719     0.511378  
   457     0.058436     0.511197  
   458     0.058188     0.511142  
   459     0.057948     0.511191  
   460     0.057682     0.511134  
   461     0.057402     0.510976  
   462     0.057178     0.510820  
   463     0.056944     0.510978  
   464     0.056714     0.511085  
   465     0.056482     0.511205  
   466     0.056237     0.511198  
   467     0.055993     0.511031  
   468     0.055760     0.511073  
   469     0.055525     0.511030  
   470     0.055246     0.510923  
   471     0.055001     0.510907  
   472     0.054766     0.510850  
   473     0.054523     0.511080  
   474     0.054261     0.510889  
   475     0.054018     0.510849  
   476     0.053780     0.510774  
   477     0.053517     0.510742  
   478     0.053301     0.510679  
   479     0.053088     0.510543  
   480     0.052866     0.510493  
   481     0.052627     0.510456  
   482     0.052406     0.510435  
   483     0.052188     0.510439  
   484     0.051965     0.510274  
   485     0.051726     0.510318  
   486     0.051517     0.510305  
   487     0.051287     0.510118  
   488     0.051083     0.509967  
   489     0.050856     0.509903  
   490     0.050631     0.509828  
   491     0.050387     0.509913  
   492     0.050167     0.509994  
   493     0.049956     0.509899  
   494     0.049761     0.509958  
   495     0.049541     0.509851  
   496     0.049284     0.509847  
   497     0.049074     0.509904  
   498     0.048872     0.509977  
   499     0.048656     0.509921  
   500     0.048442     0.509831  
   501     0.048226     0.509839  
   502     0.048014     0.509751  
   503     0.047807     0.509774  
   504     0.047612     0.509687  
   505     0.047420     0.509754  
   506     0.047195     0.509725  
   507     0.046994     0.509833  
   508     0.046777     0.509964  
   509     0.046557     0.510000  
   510     0.046346     0.509984  
   511     0.046163     0.509870  
   512     0.045956     0.509866  
   513     0.045749     0.509739  
   514     0.045568     0.509780  
   515     0.045354     0.509731  
   516     0.045185     0.509771  
   517     0.044999     0.509817  
   518     0.044808     0.509681  
   519     0.044594     0.509650  
   520     0.044418     0.509467  
   521     0.044221     0.509452  
   522     0.044039     0.509384  
   523     0.043848     0.509333  
   524     0.043647     0.509420  
   525     0.043477     0.509366  
   526     0.043275     0.509356  
   527     0.043093     0.509302  
   528     0.042909     0.509365  
   529     0.042733     0.509313  
   530     0.042556     0.509336  
   531     0.042380     0.509299  
   532     0.042177     0.509186  
   533     0.041994     0.509159  
   534     0.041809     0.509042  
   535     0.041603     0.508897  
   536     0.041435     0.509033  
   537     0.041250     0.508978  
   538     0.041078     0.508964  
   539     0.040907     0.508841  
   540     0.040754     0.508722  
   541     0.040586     0.508771  
   542     0.040379     0.508978  
   543     0.040198     0.509007  
   544     0.040047     0.508983  
   545     0.039864     0.508948  
   546     0.039706     0.508874  
   547     0.039557     0.508847  
   548     0.039388     0.508847  
   549     0.039208     0.508917  
   550     0.039045     0.508838  
   551     0.038885     0.508819  
   552     0.038725     0.508768  
   553     0.038558     0.508611  
   554     0.038394     0.508514  
   555     0.038209     0.508480  
   556     0.038055     0.508340  
   557     0.037911     0.508390  
   558     0.037755     0.508477  
   559     0.037592     0.508524  
   560     0.037449     0.508570  
   561     0.037300     0.508449  
   562     0.037135     0.508498  
   563     0.036984     0.508412  
   564     0.036823     0.508383  
   565     0.036668     0.508401  
   566     0.036510     0.508499  
   567     0.036364     0.508435  
   568     0.036208     0.508419  
   569     0.036049     0.508405  
   570     0.035883     0.508448  
   571     0.035742     0.508336  
   572     0.035608     0.508348  
   573     0.035442     0.508231  
   574     0.035305     0.508169  
   575     0.035147     0.508200  
   576     0.034993     0.508081  
   577     0.034844     0.508059  
   578     0.034683     0.508133  
   579     0.034543     0.508049  
   580     0.034409     0.508088  
   581     0.034270     0.507960  
   582     0.034132     0.508074  
   583     0.033997     0.507968  
   584     0.033847     0.508001  
   585     0.033711     0.508006  
   586     0.033590     0.507949  
   587     0.033446     0.507981  
   588     0.033289     0.508050  
   589     0.033153     0.508099  
   590     0.033019     0.508082  
   591     0.032885     0.508121  
   592     0.032760     0.508102  
   593     0.032620     0.508188  
   594     0.032491     0.508224  
   595     0.032356     0.508255  
   596     0.032228     0.508318  
   597     0.032102     0.508255  
   598     0.031963     0.508208  
   599     0.031817     0.508163  
   600     0.031690     0.508233  
   601     0.031565     0.508122  
   602     0.031434     0.508058  
   603     0.031285     0.508024  
   604     0.031153     0.507982  
   605     0.031040     0.507904  
   606     0.030905     0.507897  
   607     0.030774     0.507850  
   608     0.030658     0.507861  
   609     0.030515     0.507851  
   610     0.030378     0.507888  
   611     0.030257     0.507842  
   612     0.030121     0.507796  
   613     0.029990     0.507888  
   614     0.029853     0.507818  
   615     0.029734     0.507998  
   616     0.029612     0.508070  
   617     0.029503     0.507954  
   618     0.029381     0.507873  
   619     0.029257     0.507820  
   620     0.029141     0.507821  
   621     0.029009     0.507804  
   622     0.028888     0.507755  
   623     0.028770     0.507665  
   624     0.028652     0.507738  
   625     0.028541     0.507622  
   626     0.028422     0.507668  
   627     0.028309     0.507645  
   628     0.028191     0.507550  
   629     0.028067     0.507475  
   630     0.027941     0.507358  
   631     0.027827     0.507362  
   632     0.027704     0.507403  
   633     0.027593     0.507392  
   634     0.027484     0.507373  
   635     0.027360     0.507421  
   636     0.027249     0.507417  
   637     0.027128     0.507345  
   638     0.027008     0.507360  
   639     0.026896     0.507305  
   640     0.026791     0.507267  
   641     0.026683     0.507209  
   642     0.026567     0.507130  
   643     0.026460     0.507082  
   644     0.026342     0.506991  
   645     0.026229     0.506874  
   646     0.026120     0.506913  
   647     0.026006     0.506792  
   648     0.025886     0.506867  
   649     0.025768     0.506844  
   650     0.025654     0.506905  
   651     0.025557     0.506818  
   652     0.025455     0.506748  
   653     0.025349     0.506618  
   654     0.025250     0.506576  
   655     0.025142     0.506477  
   656     0.025040     0.506515  
   657     0.024932     0.506633  
   658     0.024826     0.506662  
   659     0.024725     0.506640  
   660     0.024627     0.506637  
   661     0.024524     0.506618  
   662     0.024426     0.506592  
   663     0.024331     0.506609  
   664     0.024244     0.506656  
   665     0.024147     0.506668  
   666     0.024046     0.506586  
   667     0.023948     0.506731  
   668     0.023855     0.506622  
   669     0.023773     0.506563  
   670     0.023680     0.506508  
   671     0.023584     0.506505  
   672     0.023473     0.506500  
   673     0.023364     0.506464  
   674     0.023270     0.506452  
   675     0.023175     0.506571  
   676     0.023077     0.506568  
   677     0.022989     0.506510  
   678     0.022893     0.506441  
   679     0.022801     0.506394  
   680     0.022705     0.506360  
   681     0.022609     0.506271  
   682     0.022525     0.506229  
   683     0.022439     0.506164  
   684     0.022342     0.506238  
   685     0.022244     0.506178  
   686     0.022152     0.506244  
   687     0.022056     0.506203  
   688     0.021971     0.506066  
   689     0.021887     0.506065  
   690     0.021796     0.506005  
   691     0.021706     0.505985  
   692     0.021622     0.506009  
   693     0.021540     0.505992  
   694     0.021445     0.505964  
   695     0.021357     0.505955  
   696     0.021264     0.505962  
   697     0.021175     0.505943  
   698     0.021097     0.505938  
   699     0.021010     0.505960  
   700     0.020926     0.505970  
   701     0.020846     0.506020  
   702     0.020761     0.506082  
   703     0.020683     0.506118  
   704     0.020597     0.506191  
   705     0.020517     0.506190  
   706     0.020424     0.506031  
   707     0.020335     0.505959  
   708     0.020243     0.505868  
   709     0.020156     0.505937  
   710     0.020074     0.505885  
   711     0.019988     0.505776  
   712     0.019898     0.505720  
   713     0.019819     0.505609  
   714     0.019743     0.505493  
   715     0.019660     0.505517  
   716     0.019581     0.505523  
   717     0.019506     0.505483  
   718     0.019431     0.505539  
   719     0.019346     0.505438  
   720     0.019272     0.505397  
   721     0.019195     0.505294  
   722     0.019114     0.505218  
   723     0.019029     0.505254  
   724     0.018949     0.505196  
   725     0.018877     0.505160  
   726     0.018802     0.505176  
   727     0.018726     0.505194  
   728     0.018649     0.505172  
   729     0.018569     0.505110  
   730     0.018492     0.505103  
   731     0.018412     0.505082  
   732     0.018344     0.505112  
   733     0.018271     0.505129  
   734     0.018198     0.505043  
   735     0.018128     0.505082  
   736     0.018059     0.505078  
   737     0.017981     0.505095  
   738     0.017906     0.505115  
   739     0.017827     0.505015  
   740     0.017752     0.505017  
   741     0.017687     0.504984  
   742     0.017608     0.504964  
   743     0.017543     0.505004  
   744     0.017469     0.504957  
   745     0.017402     0.504880  
   746     0.017331     0.504924  
   747     0.017255     0.504916  
   748     0.017185     0.504893  
   749     0.017111     0.504716  
   750     0.017046     0.504737  
   751     0.016978     0.504682  
   752     0.016897     0.504712  
   753     0.016828     0.504742  
   754     0.016763     0.504712  
   755     0.016694     0.504635  
   756     0.016635     0.504578  
   757     0.016572     0.504604  
   758     0.016501     0.504626  
   759     0.016433     0.504708  
   760     0.016373     0.504640  
   761     0.016306     0.504649  
   762     0.016239     0.504617  
   763     0.016168     0.504616  
   764     0.016108     0.504649  
   765     0.016046     0.504670  
   766     0.015980     0.504703  
   767     0.015917     0.504675  
   768     0.015857     0.504624  
   769     0.015800     0.504561  
   770     0.015740     0.504569  
   771     0.015679     0.504598  
   772     0.015614     0.504512  
   773     0.015547     0.504410  
   774     0.015483     0.504509  
   775     0.015418     0.504553  
   776     0.015355     0.504576  
   777     0.015291     0.504609  
   778     0.015231     0.504616  
   779     0.015160     0.504706  
   780     0.015100     0.504708  
   781     0.015032     0.504689  
   782     0.014970     0.504644  
   783     0.014909     0.504604  
   784     0.014835     0.504523  
   785     0.014773     0.504504  
   786     0.014711     0.504450  
   787     0.014652     0.504428  
   788     0.014594     0.504506  
   789     0.014536     0.504480  
   790     0.014474     0.504481  
   791     0.014415     0.504511  
   792     0.014361     0.504498  
   793     0.014303     0.504500  
   794     0.014246     0.504547  
   795     0.014181     0.504580  
   796     0.014122     0.504472  
   797     0.014063     0.504463  
   798     0.014008     0.504435  
   799     0.013952     0.504463  
   800     0.013893     0.504410  
   801     0.013838     0.504403  
   802     0.013782     0.504381  
   803     0.013733     0.504358  
   804     0.013682     0.504356  
   805     0.013630     0.504298  
   806     0.013580     0.504279  
   807     0.013522     0.504345  
   808     0.013459     0.504404  
   809     0.013402     0.504469  
   810     0.013348     0.504455  
   811     0.013297     0.504469  
   812     0.013246     0.504436  
   813     0.013187     0.504356  
   814     0.013137     0.504300  
   815     0.013085     0.504256  
   816     0.013028     0.504194  
   817     0.012986     0.504190  
   818     0.012934     0.504199  
   819     0.012883     0.504206  
   820     0.012823     0.504200  
   821     0.012771     0.504200  
   822     0.012718     0.504186  
   823     0.012661     0.504053  
   824     0.012608     0.504094  
   825     0.012561     0.504155  
   826     0.012503     0.504188  
   827     0.012455     0.504122  
   828     0.012406     0.504109  
   829     0.012353     0.504042  
   830     0.012298     0.504092  
   831     0.012245     0.504132  
   832     0.012196     0.504060  
   833     0.012143     0.504086  
   834     0.012092     0.504113  
   835     0.012044     0.504079  
   836     0.011996     0.504019  
   837     0.011944     0.504024  
   838     0.011896     0.504004  
   839     0.011845     0.503975  
   840     0.011791     0.503944  
   841     0.011737     0.503990  
   842     0.011689     0.503929  
   843     0.011637     0.503979  
   844     0.011592     0.503964  
   845     0.011548     0.504035  
   846     0.011503     0.503988  
   847     0.011451     0.503933  
   848     0.011405     0.503898  
   849     0.011353     0.503885  
   850     0.011311     0.503837  
   851     0.011261     0.503793  
   852     0.011217     0.503827  
   853     0.011173     0.503786  
   854     0.011134     0.503739  
   855     0.011091     0.503741  
   856     0.011049     0.503699  
   857     0.011010     0.503683  
   858     0.010969     0.503586  
   859     0.010929     0.503533  
   860     0.010885     0.503514  
   861     0.010842     0.503566  
   862     0.010800     0.503541  
   863     0.010751     0.503468  
   864     0.010714     0.503540  
   865     0.010674     0.503494  
   866     0.010631     0.503516  
   867     0.010582     0.503563  
   868     0.010537     0.503613  
   869     0.010491     0.503619  
   870     0.010449     0.503577  
   871     0.010406     0.503644  
   872     0.010365     0.503623  
   873     0.010325     0.503652  
   874     0.010285     0.503631  
   875     0.010244     0.503675  
   876     0.010204     0.503665  
   877     0.010160     0.503725  
   878     0.010118     0.503707  
   879     0.010080     0.503696  
   880     0.010041     0.503699  
   881     0.010003     0.503742  
   882     0.009961     0.503653  
   883     0.009929     0.503617  
   884     0.009894     0.503673  
   885     0.009859     0.503709  
   886     0.009820     0.503782  
   887     0.009785     0.503793  
   888     0.009746     0.503771  
   889     0.009704     0.503721  
   890     0.009669     0.503725  
   891     0.009628     0.503751  
   892     0.009586     0.503756  
   893     0.009546     0.503794  
   894     0.009502     0.503807  
   895     0.009462     0.503813  
   896     0.009423     0.503857  
   897     0.009385     0.503790  
   898     0.009350     0.503791  
   899     0.009313     0.503803  
   900     0.009274     0.503769  
   901     0.009230     0.503771  
   902     0.009195     0.503756  
   903     0.009161     0.503739  
   904     0.009121     0.503698  
   905     0.009085     0.503691  
   906     0.009045     0.503670  
   907     0.009008     0.503634  
   908     0.008975     0.503681  
   909     0.008941     0.503627  
   910     0.008901     0.503585  
   911     0.008864     0.503621  
   912     0.008828     0.503635  
   913     0.008796     0.503669  
   914     0.008760     0.503664  
   915     0.008725     0.503684  
   916     0.008689     0.503657  
   917     0.008652     0.503664  
   918     0.008617     0.503596  
   919     0.008582     0.503552  
   920     0.008552     0.503532  
   921     0.008517     0.503480  
   922     0.008486     0.503408  
   923     0.008453     0.503424  
   924     0.008417     0.503390  
   925     0.008386     0.503404  
   926     0.008352     0.503401  
   927     0.008320     0.503438  
   928     0.008291     0.503426  
   929     0.008258     0.503417  
   930     0.008224     0.503437  
   931     0.008195     0.503407  
   932     0.008165     0.503417  
   933     0.008132     0.503392  
   934     0.008101     0.503399  
   935     0.008071     0.503354  
   936     0.008037     0.503322  
   937     0.008000     0.503286  
   938     0.007968     0.503263  
   939     0.007934     0.503252  
   940     0.007900     0.503324  
   941     0.007866     0.503307  
   942     0.007835     0.503330  
   943     0.007800     0.503324  
   944     0.007767     0.503222  
   945     0.007742     0.503179  
   946     0.007713     0.503127  
   947     0.007688     0.503137  
   948     0.007655     0.503130  
   949     0.007621     0.503161  
   950     0.007585     0.503167  
   951     0.007553     0.503216  
   952     0.007523     0.503215  
   953     0.007492     0.503174  
   954     0.007462     0.503143  
   955     0.007434     0.503133  
   956     0.007404     0.503166  
   957     0.007376     0.503184  
   958     0.007350     0.503185  
   959     0.007319     0.503184  
   960     0.007288     0.503208  
   961     0.007257     0.503121  
   962     0.007227     0.503112  
   963     0.007197     0.503082  
   964     0.007168     0.503081  
   965     0.007140     0.503084  
   966     0.007114     0.503051  
   967     0.007086     0.503080  
   968     0.007055     0.503051  
   969     0.007030     0.503039  
   970     0.007001     0.503025  
   971     0.006973     0.503029  
   972     0.006943     0.503041  
   973     0.006917     0.503044  
   974     0.006887     0.503092  
   975     0.006861     0.503116  
   976     0.006830     0.503126  
   977     0.006800     0.503146  
   978     0.006771     0.503104  
   979     0.006744     0.503123  
   980     0.006715     0.503108  
   981     0.006689     0.503122  
   982     0.006665     0.503123  
   983     0.006637     0.503130  
   984     0.006611     0.503149  
   985     0.006584     0.503107  
   986     0.006554     0.503104  
   987     0.006530     0.503089  
   988     0.006506     0.503088  
   989     0.006478     0.503120  
   990     0.006454     0.503117  
   991     0.006428     0.503139  
   992     0.006402     0.503112  
   993     0.006379     0.503137  
   994     0.006357     0.503131  
   995     0.006333     0.503091  
   996     0.006308     0.503062  
   997     0.006282     0.503048  
   998     0.006256     0.503033  
   999     0.006232     0.503056  
  1000     0.006209     0.503060  
  1001     0.006184     0.503088  
  1002     0.006159     0.503106  
  1003     0.006136     0.503066  
  1004     0.006112     0.503074  
  1005     0.006089     0.503092  
  1006     0.006064     0.503102  
  1007     0.006039     0.503103  
  1008     0.006019     0.503076  
  1009     0.005996     0.503095  
  1010     0.005971     0.503103  
  1011     0.005949     0.503113  
  1012     0.005926     0.503056  
  1013     0.005906     0.503021  
  1014     0.005884     0.503031  
  1015     0.005860     0.503050  
  1016     0.005837     0.503039  
  1017     0.005813     0.503046  
  1018     0.005789     0.503041  
  1019     0.005768     0.503047  
  1020     0.005747     0.502989  
  1021     0.005725     0.503015  
  1022     0.005700     0.503021  
  1023     0.005680     0.503001  
  1024     0.005658     0.503009  
  1025     0.005635     0.503015  
  1026     0.005613     0.503020  
  1027     0.005590     0.503032  
  1028     0.005571     0.502985  
  1029     0.005551     0.503017  
  1030     0.005527     0.503029  
  1031     0.005505     0.503012  
  1032     0.005484     0.503012  
  1033     0.005463     0.503002  
  1034     0.005441     0.503009  
  1035     0.005419     0.503011  
  1036     0.005399     0.503016  
  1037     0.005380     0.502997  
  1038     0.005359     0.503005  
  1039     0.005339     0.502965  
  1040     0.005321     0.502950  
  1041     0.005302     0.502942  
  1042     0.005283     0.502938  
  1043     0.005261     0.502884  
  1044     0.005239     0.502894  
  1045     0.005217     0.502882  
  1046     0.005197     0.502892  
  1047     0.005179     0.502868  
  1048     0.005158     0.502864  
  1049     0.005137     0.502824  
  1050     0.005116     0.502798  
  1051     0.005094     0.502763  
  1052     0.005076     0.502749  
  1053     0.005057     0.502709  
  1054     0.005036     0.502706  
  1055     0.005016     0.502701  
  1056     0.004994     0.502693  
  1057     0.004974     0.502710  
  1058     0.004953     0.502689  
  1059     0.004931     0.502681  
  1060     0.004911     0.502701  
  1061     0.004893     0.502715  
  1062     0.004872     0.502691  
  1063     0.004854     0.502701  
  1064     0.004836     0.502676  
  1065     0.004817     0.502678  
  1066     0.004801     0.502674  
  1067     0.004781     0.502684  
  1068     0.004762     0.502717  
  1069     0.004745     0.502715  
  1070     0.004728     0.502740  
  1071     0.004709     0.502734  
  1072     0.004691     0.502699  
  1073     0.004672     0.502714  
  1074     0.004654     0.502708  
  1075     0.004638     0.502677  
  1076     0.004619     0.502638  
  1077     0.004600     0.502606  
  1078     0.004582     0.502625  
  1079     0.004564     0.502634  
  1080     0.004546     0.502652  
  1081     0.004528     0.502682  
  1082     0.004512     0.502681  
  1083     0.004492     0.502680  
  1084     0.004474     0.502644  
  1085     0.004458     0.502650  
  1086     0.004440     0.502633  
  1087     0.004424     0.502634  
  1088     0.004409     0.502634  
  1089     0.004392     0.502616  
  1090     0.004372     0.502605  
  1091     0.004355     0.502615  
  1092     0.004337     0.502622  
  1093     0.004320     0.502633  
  1094     0.004303     0.502665  
  1095     0.004285     0.502665  
  1096     0.004269     0.502678  
  1097     0.004251     0.502734  
  1098     0.004234     0.502687  
  1099     0.004219     0.502688  
  1100     0.004202     0.502667  
  1101     0.004187     0.502684  
  1102     0.004168     0.502675  
  1103     0.004152     0.502719  
  1104     0.004137     0.502706  
  1105     0.004119     0.502695  
  1106     0.004105     0.502675  
  1107     0.004087     0.502712  
  1108     0.004071     0.502737  
  1109     0.004055     0.502772  
  1110     0.004041     0.502797  
  1111     0.004025     0.502808  
  1112     0.004010     0.502805  
  1113     0.003993     0.502780  
  1114     0.003978     0.502808  
  1115     0.003963     0.502785  
  1116     0.003947     0.502742  
  1117     0.003933     0.502727  
  1118     0.003918     0.502709  
  1119     0.003903     0.502661  
  1120     0.003889     0.502629  
  1121     0.003874     0.502605  
  1122     0.003862     0.502596  
  1123     0.003847     0.502606  
  1124     0.003833     0.502609  
  1125     0.003816     0.502632  
  1126     0.003801     0.502634  
  1127     0.003785     0.502623  
  1128     0.003769     0.502633  
  1129     0.003757     0.502623  
  1130     0.003741     0.502627  
  1131     0.003729     0.502579  
  1132     0.003715     0.502608  
  1133     0.003700     0.502602  
  1134     0.003686     0.502606  
  1135     0.003673     0.502618  
  1136     0.003659     0.502572  
  1137     0.003643     0.502601  
  1138     0.003631     0.502593  
  1139     0.003617     0.502618  
  1140     0.003601     0.502625  
  1141     0.003586     0.502581  
  1142     0.003569     0.502585  
  1143     0.003556     0.502595  
  1144     0.003541     0.502628  
  1145     0.003529     0.502613  
  1146     0.003514     0.502597  
  1147     0.003500     0.502601  
  1148     0.003486     0.502625  
  1149     0.003474     0.502617  
  1150     0.003461     0.502629  
  1151     0.003449     0.502617  
  1152     0.003436     0.502608  
  1153     0.003423     0.502622  
  1154     0.003410     0.502595  
  1155     0.003395     0.502582  
  1156     0.003383     0.502604  
  1157     0.003369     0.502640  
  1158     0.003356     0.502619  
  1159     0.003344     0.502613  
  1160     0.003329     0.502613  
  1161     0.003315     0.502599  
  1162     0.003301     0.502585  
  1163     0.003289     0.502581  
  1164     0.003276     0.502551  
  1165     0.003265     0.502563  
  1166     0.003253     0.502567  
  1167     0.003239     0.502541  
  1168     0.003227     0.502530  
  1169     0.003215     0.502477  
  1170     0.003200     0.502487  
  1171     0.003188     0.502491  
  1172     0.003176     0.502534  
  1173     0.003163     0.502544  
  1174     0.003149     0.502566  
  1175     0.003138     0.502557  
  1176     0.003125     0.502535  
  1177     0.003113     0.502542  
  1178     0.003102     0.502538  
  1179     0.003091     0.502554  
  1180     0.003080     0.502542  
  1181     0.003069     0.502536  
  1182     0.003056     0.502553  
  1183     0.003043     0.502514  
  1184     0.003031     0.502477  
  1185     0.003019     0.502480  
  1186     0.003008     0.502496  
  1187     0.002996     0.502497  
  1188     0.002984     0.502499  
  1189     0.002973     0.502502  
  1190     0.002960     0.502467  
  1191     0.002948     0.502486  
  1192     0.002937     0.502466  
  1193     0.002927     0.502455  
  1194     0.002917     0.502474  
  1195     0.002907     0.502471  
  1196     0.002896     0.502489  
  1197     0.002886     0.502481  
  1198     0.002875     0.502468  
  1199     0.002864     0.502463  
  1200     0.002855     0.502468  
  1201     0.002844     0.502482  
  1202     0.002832     0.502450  
  1203     0.002823     0.502466  
  1204     0.002812     0.502490  
  1205     0.002802     0.502455  
  1206     0.002791     0.502461  
  1207     0.002779     0.502455  
  1208     0.002768     0.502495  
  1209     0.002757     0.502528  
  1210     0.002746     0.502550  
  1211     0.002736     0.502539  
  1212     0.002725     0.502549  
  1213     0.002714     0.502561  
  1214     0.002704     0.502574  
  1215     0.002692     0.502587  
  1216     0.002682     0.502590  
  1217     0.002672     0.502585  
  1218     0.002662     0.502580  
  1219     0.002652     0.502552  
  1220     0.002641     0.502556  
  1221     0.002631     0.502539  
  1222     0.002620     0.502557  
  1223     0.002610     0.502542  
  1224     0.002600     0.502523  
  1225     0.002589     0.502527  
  1226     0.002578     0.502513  
  1227     0.002569     0.502512  
  1228     0.002560     0.502481  
  1229     0.002551     0.502513  
  1230     0.002541     0.502525  
  1231     0.002532     0.502510  
  1232     0.002521     0.502477  
  1233     0.002512     0.502483  
  1234     0.002503     0.502486  
  1235     0.002492     0.502480  
  1236     0.002482     0.502488  
  1237     0.002473     0.502500  
  1238     0.002464     0.502498  
  1239     0.002456     0.502510  
  1240     0.002446     0.502507  
  1241     0.002438     0.502517  
  1242     0.002428     0.502512  
  1243     0.002419     0.502517  
  1244     0.002410     0.502527  
  1245     0.002401     0.502554  
  1246     0.002391     0.502536  
  1247     0.002383     0.502566  
  1248     0.002373     0.502539  
  1249     0.002365     0.502549  
  1250     0.002355     0.502562  
  1251     0.002346     0.502565  
  1252     0.002337     0.502591  
  1253     0.002329     0.502598  
  1254     0.002319     0.502587  
  1255     0.002310     0.502568  
  1256     0.002301     0.502571  
  1257     0.002292     0.502525  
  1258     0.002283     0.502497  
  1259     0.002275     0.502484  
  1260     0.002265     0.502468  
  1261     0.002255     0.502477  
  1262     0.002246     0.502440  
  1263     0.002238     0.502437  
  1264     0.002229     0.502457  
  1265     0.002220     0.502424  
  1266     0.002211     0.502421  
  1267     0.002202     0.502447  
  1268     0.002194     0.502445  
  1269     0.002184     0.502451  
  1270     0.002176     0.502439  
  1271     0.002166     0.502413  
  1272     0.002158     0.502407  
  1273     0.002149     0.502414  
  1274     0.002139     0.502393  
  1275     0.002130     0.502399  
  1276     0.002121     0.502407  
  1277     0.002113     0.502385  
  1278     0.002104     0.502368  
  1279     0.002096     0.502351  
  1280     0.002088     0.502366  
  1281     0.002080     0.502350  
  1282     0.002072     0.502345  
  1283     0.002065     0.502350  
  1284     0.002058     0.502333  
  1285     0.002050     0.502327  
  1286     0.002041     0.502329  
  1287     0.002032     0.502294  
  1288     0.002025     0.502262  
  1289     0.002016     0.502265  
  1290     0.002009     0.502276  
  1291     0.002001     0.502282  
  1292     0.001994     0.502267  
  1293     0.001986     0.502266  
  1294     0.001978     0.502276  
  1295     0.001970     0.502275  
  1296     0.001963     0.502291  
  1297     0.001955     0.502287  
  1298     0.001947     0.502290  
  1299     0.001939     0.502286  
  1300     0.001932     0.502303  
  1301     0.001925     0.502300  
  1302     0.001918     0.502297  
  1303     0.001912     0.502300  
  1304     0.001904     0.502304  
  1305     0.001896     0.502318  
  1306     0.001890     0.502323  
  1307     0.001883     0.502299  
  1308     0.001876     0.502306  
  1309     0.001869     0.502295  
  1310     0.001861     0.502317  
  1311     0.001855     0.502312  
  1312     0.001848     0.502314  
  1313     0.001841     0.502329  
  1314     0.001834     0.502310  
  1315     0.001828     0.502295  
  1316     0.001820     0.502311  
  1317     0.001813     0.502312  
  1318     0.001806     0.502296  
  1319     0.001799     0.502306  
  1320     0.001793     0.502309  
  1321     0.001786     0.502301  
  1322     0.001779     0.502283  
  1323     0.001773     0.502257  
  1324     0.001767     0.502227  
  1325     0.001760     0.502227  
  1326     0.001753     0.502222  
  1327     0.001746     0.502214  
  1328     0.001740     0.502241  
  1329     0.001733     0.502234  
  1330     0.001726     0.502236  
  1331     0.001720     0.502248  
  1332     0.001713     0.502226  
  1333     0.001706     0.502225  
  1334     0.001700     0.502231  
  1335     0.001693     0.502227  
  1336     0.001688     0.502234  
  1337     0.001680     0.502241  
  1338     0.001673     0.502237  
  1339     0.001667     0.502282  
  1340     0.001661     0.502282  
  1341     0.001655     0.502280  
  1342     0.001649     0.502286  
  1343     0.001643     0.502298  
  1344     0.001637     0.502270  
  1345     0.001631     0.502256  
  1346     0.001626     0.502259  
  1347     0.001620     0.502256  
  1348     0.001614     0.502240  
  1349     0.001608     0.502240  
  1350     0.001602     0.502200  
  1351     0.001596     0.502207  
  1352     0.001588     0.502187  
  1353     0.001582     0.502179  
  1354     0.001577     0.502184  
  1355     0.001570     0.502187  
  1356     0.001565     0.502189  
  1357     0.001559     0.502186  
  1358     0.001553     0.502175  
  1359     0.001548     0.502163  
  1360     0.001542     0.502153  
  1361     0.001536     0.502157  
  1362     0.001529     0.502155  
  1363     0.001523     0.502142  
  1364     0.001518     0.502131  
  1365     0.001511     0.502104  
  1366     0.001506     0.502098  
  1367     0.001499     0.502077  
  1368     0.001494     0.502033  
  1369     0.001488     0.502012  
  1370     0.001483     0.501986  
  1371     0.001477     0.501990  
  1372     0.001470     0.501988  
  1373     0.001465     0.501981  
  1374     0.001459     0.501984  
  1375     0.001454     0.501985  
  1376     0.001448     0.501986  
  1377     0.001442     0.501977  
  1378     0.001437     0.501962  
  1379     0.001431     0.501964  
  1380     0.001425     0.501974  
  1381     0.001419     0.501979  
  1382     0.001414     0.501974  
  1383     0.001408     0.501984  
  1384     0.001402     0.501962  
  1385     0.001397     0.501984  
  1386     0.001392     0.501985  
  1387     0.001386     0.501967  
  1388     0.001380     0.501954  
  1389     0.001375     0.501966  
  1390     0.001370     0.501983  
  1391     0.001365     0.501976  
  1392     0.001360     0.501985  
  1393     0.001355     0.501976  
  1394     0.001350     0.501995  
  1395     0.001344     0.501990  
  1396     0.001339     0.501993  
  1397     0.001334     0.501994  
  1398     0.001329     0.502001  
  1399     0.001325     0.501980  
  1400     0.001319     0.501973  
  1401     0.001314     0.501974  
  1402     0.001309     0.501975  
  1403     0.001304     0.501974  
  1404     0.001299     0.501950  
  1405     0.001294     0.501948  
  1406     0.001288     0.501951  
  1407     0.001283     0.501957  
  1408     0.001278     0.501944  
  1409     0.001273     0.501941  
  1410     0.001269     0.501951  
  1411     0.001264     0.501941  
  1412     0.001259     0.501924  
  1413     0.001253     0.501927  
  1414     0.001249     0.501922  
  1415     0.001244     0.501940  
  1416     0.001239     0.501940  
  1417     0.001234     0.501947  
  1418     0.001229     0.501929  
  1419     0.001225     0.501969  
  1420     0.001220     0.501965  
  1421     0.001215     0.501950  
  1422     0.001210     0.501952  
  1423     0.001206     0.501983  
  1424     0.001201     0.501988  
  1425     0.001197     0.501957  
  1426     0.001192     0.501977  
  1427     0.001188     0.501961  
  1428     0.001184     0.501950  
  1429     0.001179     0.501945  
  1430     0.001175     0.501960  
  1431     0.001170     0.501947  
  1432     0.001166     0.501944  
  1433     0.001161     0.501937  
  1434     0.001157     0.501933  
  1435     0.001153     0.501923  
  1436     0.001148     0.501929  
  1437     0.001144     0.501954  
  1438     0.001140     0.501953  
  1439     0.001136     0.501952  
  1440     0.001132     0.501934  
  1441     0.001128     0.501943  
  1442     0.001123     0.501970  
  1443     0.001120     0.501977  
  1444     0.001115     0.501989  
  1445     0.001110     0.501976  
  1446     0.001106     0.501953  
  1447     0.001102     0.501961  
  1448     0.001097     0.501939  
  1449     0.001093     0.501924  
  1450     0.001089     0.501920  
  1451     0.001085     0.501919  
  1452     0.001082     0.501931  
  1453     0.001077     0.501929  
  1454     0.001073     0.501944  
  1455     0.001069     0.501947  
  1456     0.001065     0.501946  
  1457     0.001061     0.501941  
  1458     0.001057     0.501946  
  1459     0.001052     0.501960  
  1460     0.001049     0.501939  
  1461     0.001045     0.501952  
  1462     0.001042     0.501940  
  1463     0.001038     0.501942  
  1464     0.001035     0.501934  
  1465     0.001031     0.501939  
  1466     0.001027     0.501954  
  1467     0.001023     0.501945  
  1468     0.001018     0.501940  
  1469     0.001015     0.501903  
  1470     0.001011     0.501906  
  1471     0.001007     0.501909  
  1472     0.001003     0.501912  
  1473     0.000999     0.501906  
  1474     0.000995     0.501915  
  1475     0.000991     0.501898  
  1476     0.000987     0.501873  
  1477     0.000984     0.501881  
  1478     0.000980     0.501872  
  1479     0.000976     0.501862  
  1480     0.000973     0.501862  
  1481     0.000969     0.501866  
  1482     0.000965     0.501861  
  1483     0.000961     0.501867  
  1484     0.000958     0.501872  
  1485     0.000954     0.501891  
  1486     0.000950     0.501893  
  1487     0.000947     0.501897  
  1488     0.000943     0.501890  
  1489     0.000940     0.501888  
  1490     0.000936     0.501886  
  1491     0.000933     0.501876  
  1492     0.000930     0.501881  
  1493     0.000927     0.501872  
  1494     0.000923     0.501877  
  1495     0.000919     0.501870  
  1496     0.000915     0.501883  
  1497     0.000912     0.501874  
  1498     0.000908     0.501891  
  1499     0.000905     0.501882  
  1500     0.000901     0.501891  
  1501     0.000897     0.501869  
  1502     0.000894     0.501873  
  1503     0.000890     0.501872  
  1504     0.000887     0.501877  
  1505     0.000884     0.501873  
  1506     0.000881     0.501856  
  1507     0.000878     0.501866  
  1508     0.000874     0.501883  
  1509     0.000871     0.501893  
  1510     0.000868     0.501887  
  1511     0.000865     0.501878  
  1512     0.000862     0.501883  
  1513     0.000859     0.501884  
  1514     0.000857     0.501893  
  1515     0.000854     0.501888  
  1516     0.000851     0.501886  
  1517     0.000848     0.501876  
  1518     0.000844     0.501889  
  1519     0.000841     0.501900  
  1520     0.000838     0.501892  
  1521     0.000835     0.501898  
  1522     0.000831     0.501909  
  1523     0.000828     0.501905  
  1524     0.000826     0.501927  
  1525     0.000822     0.501924  
  1526     0.000819     0.501928  
  1527     0.000816     0.501944  
  1528     0.000813     0.501937  
  1529     0.000810     0.501929  
  1530     0.000807     0.501919  
  1531     0.000803     0.501905  
  1532     0.000800     0.501904  
  1533     0.000798     0.501907  
  1534     0.000795     0.501907  
  1535     0.000792     0.501905  
  1536     0.000789     0.501905  
  1537     0.000786     0.501906  
  1538     0.000783     0.501913  
  1539     0.000780     0.501913  
  1540     0.000777     0.501909  
  1541     0.000774     0.501909  
  1542     0.000772     0.501906  
  1543     0.000769     0.501913  
  1544     0.000766     0.501909  
  1545     0.000763     0.501910  
  1546     0.000760     0.501902  
  1547     0.000757     0.501892  
  1548     0.000754     0.501884  
  1549     0.000751     0.501886  
  1550     0.000748     0.501874  
  1551     0.000745     0.501853  
  1552     0.000742     0.501857  
  1553     0.000739     0.501832  
  1554     0.000736     0.501823  
  1555     0.000733     0.501812  
  1556     0.000731     0.501795  
  1557     0.000728     0.501773  
  1558     0.000725     0.501770  
  1559     0.000722     0.501761  
  1560     0.000719     0.501753  
  1561     0.000717     0.501764  
  1562     0.000714     0.501759  
  1563     0.000711     0.501736  
  1564     0.000709     0.501743  
  1565     0.000706     0.501749  
  1566     0.000703     0.501756  
  1567     0.000701     0.501760  
  1568     0.000698     0.501754  
  1569     0.000696     0.501761  
  1570     0.000693     0.501760  
  1571     0.000691     0.501760  
  1572     0.000688     0.501761  
  1573     0.000685     0.501774  
  1574     0.000683     0.501772  
  1575     0.000680     0.501768  
  1576     0.000678     0.501767  
  1577     0.000675     0.501764  
  1578     0.000673     0.501752  
  1579     0.000670     0.501745  
  1580     0.000668     0.501731  
  1581     0.000665     0.501728  
  1582     0.000662     0.501731  
  1583     0.000660     0.501735  
  1584     0.000657     0.501736  
  1585     0.000654     0.501740  
  1586     0.000651     0.501725  
  1587     0.000648     0.501727  
  1588     0.000646     0.501732  
  1589     0.000644     0.501729  
  1590     0.000641     0.501722  
  1591     0.000639     0.501726  
  1592     0.000637     0.501720  
  1593     0.000634     0.501733  
  1594     0.000632     0.501739  
  1595     0.000629     0.501735  
  1596     0.000627     0.501710  
  1597     0.000625     0.501701  
  1598     0.000622     0.501708  
  1599     0.000620     0.501709  
  1600     0.000618     0.501709  
  1601     0.000616     0.501696  
  1602     0.000613     0.501696  
  1603     0.000611     0.501702  
  1604     0.000609     0.501693  
  1605     0.000607     0.501695  
  1606     0.000604     0.501684  
  1607     0.000602     0.501690  
  1608     0.000599     0.501695  
  1609     0.000597     0.501688  
  1610     0.000595     0.501683  
  1611     0.000592     0.501687  
  1612     0.000590     0.501680  
  1613     0.000588     0.501675  
  1614     0.000586     0.501658  
  1615     0.000584     0.501643  
  1616     0.000581     0.501625  
  1617     0.000579     0.501621  
  1618     0.000577     0.501622  
  1619     0.000575     0.501625  
  1620     0.000573     0.501605  
  1621     0.000571     0.501608  
  1622     0.000569     0.501595  
  1623     0.000567     0.501596  
  1624     0.000564     0.501610  
  1625     0.000562     0.501602  
  1626     0.000560     0.501595  
  1627     0.000558     0.501593  
  1628     0.000556     0.501586  
  1629     0.000554     0.501599  
  1630     0.000552     0.501602  
  1631     0.000550     0.501579  
  1632     0.000548     0.501592  
  1633     0.000546     0.501582  
  1634     0.000544     0.501574  
  1635     0.000542     0.501584  
  1636     0.000539     0.501597  
  1637     0.000537     0.501590  
  1638     0.000535     0.501592  
  1639     0.000533     0.501590  
  1640     0.000531     0.501592  
  1641     0.000529     0.501599  
  1642     0.000527     0.501597  
  1643     0.000526     0.501594  
  1644     0.000524     0.501590  
  1645     0.000522     0.501575  
  1646     0.000519     0.501571  
  1647     0.000518     0.501568  
  1648     0.000515     0.501568  
  1649     0.000514     0.501562  
  1650     0.000512     0.501574  
  1651     0.000510     0.501584  
  1652     0.000508     0.501585  
  1653     0.000506     0.501592  
  1654     0.000504     0.501592  
  1655     0.000502     0.501579  
  1656     0.000500     0.501588  
  1657     0.000498     0.501584  
  1658     0.000496     0.501586  
  1659     0.000494     0.501587  
  1660     0.000493     0.501578  
  1661     0.000491     0.501560  
  1662     0.000489     0.501563  
  1663     0.000487     0.501564  
  1664     0.000485     0.501558  
  1665     0.000484     0.501561  
  1666     0.000482     0.501568  
  1667     0.000480     0.501570  
  1668     0.000478     0.501568  
  1669     0.000477     0.501563  
  1670     0.000475     0.501574  
  1671     0.000474     0.501582  
  1672     0.000472     0.501581  
  1673     0.000470     0.501585  
  1674     0.000468     0.501585  
  1675     0.000467     0.501593  
  1676     0.000465     0.501587  
  1677     0.000463     0.501581  
  1678     0.000461     0.501578  
  1679     0.000460     0.501582  
  1680     0.000458     0.501568  
  1681     0.000456     0.501571  
  1682     0.000454     0.501570  
  1683     0.000453     0.501550  
  1684     0.000451     0.501556  
  1685     0.000450     0.501560  
  1686     0.000448     0.501557  
  1687     0.000446     0.501546  
  1688     0.000444     0.501545  
  1689     0.000443     0.501539  
  1690     0.000441     0.501528  
  1691     0.000439     0.501519  
  1692     0.000438     0.501522  
  1693     0.000436     0.501522  
  1694     0.000434     0.501518  
  1695     0.000433     0.501502  
  1696     0.000431     0.501506  
  1697     0.000429     0.501510  
  1698     0.000428     0.501500  
  1699     0.000426     0.501492  
  1700     0.000425     0.501502  
  1701     0.000423     0.501502  
  1702     0.000422     0.501496  
  1703     0.000420     0.501499  
  1704     0.000419     0.501497  
  1705     0.000417     0.501499  
  1706     0.000415     0.501499  
  1707     0.000414     0.501497  
  1708     0.000412     0.501486  
  1709     0.000411     0.501489  
  1710     0.000410     0.501486  
  1711     0.000408     0.501491  
  1712     0.000406     0.501495  
  1713     0.000405     0.501490  
  1714     0.000403     0.501486  
  1715     0.000402     0.501479  
  1716     0.000400     0.501470  
  1717     0.000399     0.501484  
  1718     0.000398     0.501480  
  1719     0.000396     0.501489  
  1720     0.000395     0.501498  
  1721     0.000394     0.501502  
  1722     0.000392     0.501512  
  1723     0.000390     0.501496  
  1724     0.000389     0.501497  
  1725     0.000387     0.501491  
  1726     0.000386     0.501489  
  1727     0.000385     0.501492  
  1728     0.000383     0.501493  
  1729     0.000382     0.501483  
  1730     0.000380     0.501470  
  1731     0.000379     0.501469  
  1732     0.000378     0.501472  
  1733     0.000376     0.501473  
  1734     0.000375     0.501475  
  1735     0.000373     0.501473  
  1736     0.000372     0.501464  
  1737     0.000371     0.501469  
  1738     0.000369     0.501469  
  1739     0.000368     0.501471  
  1740     0.000367     0.501457  
  1741     0.000365     0.501457  
  1742     0.000364     0.501458  
  1743     0.000362     0.501448  
  1744     0.000361     0.501453  
  1745     0.000360     0.501450  
  1746     0.000358     0.501443  
  1747     0.000357     0.501432  
  1748     0.000356     0.501430  
  1749     0.000354     0.501433  
  1750     0.000353     0.501437  
  1751     0.000352     0.501442  
  1752     0.000351     0.501438  
  1753     0.000349     0.501421  
  1754     0.000348     0.501422  
  1755     0.000347     0.501424  
  1756     0.000345     0.501425  
  1757     0.000344     0.501436  
  1758     0.000342     0.501441  
  1759     0.000341     0.501436  
  1760     0.000340     0.501423  
  1761     0.000339     0.501413  
  1762     0.000337     0.501411  
  1763     0.000336     0.501412  
  1764     0.000335     0.501397  
  1765     0.000334     0.501401  
  1766     0.000332     0.501393  
  1767     0.000331     0.501394  
  1768     0.000330     0.501396  
  1769     0.000329     0.501393  
  1770     0.000328     0.501386  
  1771     0.000326     0.501385  
  1772     0.000325     0.501389  
  1773     0.000324     0.501395  
  1774     0.000323     0.501387  
  1775     0.000322     0.501386  
  1776     0.000321     0.501383  
  1777     0.000320     0.501378  
  1778     0.000318     0.501378  
  1779     0.000317     0.501376  
  1780     0.000316     0.501379  
  1781     0.000315     0.501375  
  1782     0.000314     0.501387  
  1783     0.000312     0.501384  
  1784     0.000311     0.501385  
  1785     0.000310     0.501378  
  1786     0.000309     0.501373  
  1787     0.000308     0.501361  
  1788     0.000307     0.501360  
  1789     0.000305     0.501361  
  1790     0.000304     0.501358  
  1791     0.000303     0.501357  
  1792     0.000302     0.501361  
  1793     0.000301     0.501365  
  1794     0.000300     0.501363  
  1795     0.000299     0.501367  
  1796     0.000298     0.501365  
  1797     0.000296     0.501358  
  1798     0.000295     0.501369  
  1799     0.000294     0.501369  
  1800     0.000293     0.501367  
  1801     0.000292     0.501363  
  1802     0.000291     0.501360  
  1803     0.000290     0.501359  
  1804     0.000289     0.501357  
  1805     0.000288     0.501347  
  1806     0.000287     0.501350  
  1807     0.000286     0.501349  
  1808     0.000285     0.501338  
  1809     0.000284     0.501335  
  1810     0.000283     0.501332  
  1811     0.000282     0.501335  
  1812     0.000281     0.501335  
  1813     0.000279     0.501344  
  1814     0.000278     0.501342  
  1815     0.000277     0.501346  
  1816     0.000276     0.501343  
  1817     0.000275     0.501344  
  1818     0.000274     0.501341  
  1819     0.000273     0.501348  
  1820     0.000272     0.501350  
  1821     0.000271     0.501356  
  1822     0.000270     0.501357  
  1823     0.000269     0.501360  
  1824     0.000268     0.501360  
  1825     0.000267     0.501358  
  1826     0.000266     0.501347  
  1827     0.000265     0.501348  
  1828     0.000264     0.501336  
  1829     0.000263     0.501333  
  1830     0.000262     0.501337  
  1831     0.000262     0.501342  
  1832     0.000261     0.501345  
  1833     0.000260     0.501336  
  1834     0.000259     0.501329  
  1835     0.000258     0.501327  
  1836     0.000257     0.501325  
  1837     0.000256     0.501325  
  1838     0.000255     0.501333  
  1839     0.000254     0.501333  
  1840     0.000253     0.501337  
  1841     0.000252     0.501339  
  1842     0.000251     0.501333  
  1843     0.000250     0.501330  
  1844     0.000250     0.501328  
  1845     0.000249     0.501321  
  1846     0.000248     0.501332  
  1847     0.000247     0.501340  
  1848     0.000246     0.501343  
  1849     0.000245     0.501350  
  1850     0.000244     0.501353  
  1851     0.000243     0.501358  
  1852     0.000242     0.501357  
  1853     0.000241     0.501356  
  1854     0.000240     0.501359  
  1855     0.000239     0.501365  
  1856     0.000238     0.501367  
  1857     0.000237     0.501368  
  1858     0.000237     0.501377  
  1859     0.000236     0.501372  
  1860     0.000235     0.501367  
  1861     0.000234     0.501366  
  1862     0.000233     0.501368  
  1863     0.000232     0.501371  
  1864     0.000231     0.501378  
  1865     0.000230     0.501375  
  1866     0.000230     0.501380  
  1867     0.000229     0.501385  
  1868     0.000228     0.501377  
  1869     0.000227     0.501380  
  1870     0.000226     0.501384  
  1871     0.000225     0.501392  
  1872     0.000225     0.501388  
  1873     0.000224     0.501382  
  1874     0.000223     0.501383  
  1875     0.000222     0.501379  
  1876     0.000222     0.501377  
  1877     0.000221     0.501377  
  1878     0.000220     0.501378  
  1879     0.000219     0.501380  
  1880     0.000219     0.501381  
  1881     0.000218     0.501380  
  1882     0.000217     0.501377  
  1883     0.000216     0.501373  
  1884     0.000215     0.501363  
  1885     0.000215     0.501371  
  1886     0.000214     0.501369  
  1887     0.000213     0.501368  
  1888     0.000212     0.501367  
  1889     0.000212     0.501362  
  1890     0.000211     0.501362  
  1891     0.000210     0.501369  
  1892     0.000209     0.501357  
  1893     0.000208     0.501360  
  1894     0.000208     0.501363  
  1895     0.000207     0.501363  
  1896     0.000206     0.501362  
  1897     0.000205     0.501362  
  1898     0.000205     0.501364  
  1899     0.000204     0.501365  
  1900     0.000203     0.501361  
  1901     0.000202     0.501356  
  1902     0.000202     0.501352  
  1903     0.000201     0.501362  
  1904     0.000200     0.501366  
  1905     0.000199     0.501367  
  1906     0.000199     0.501369  
  1907     0.000198     0.501367  
  1908     0.000197     0.501361  
  1909     0.000196     0.501366  
  1910     0.000196     0.501365  
  1911     0.000195     0.501362  
  1912     0.000194     0.501358  
  1913     0.000193     0.501356  
  1914     0.000193     0.501359  
  1915     0.000192     0.501367  
  1916     0.000191     0.501363  
  1917     0.000191     0.501360  
  1918     0.000190     0.501355  
  1919     0.000189     0.501347  
  1920     0.000188     0.501338  
  1921     0.000188     0.501340  
  1922     0.000187     0.501343  
  1923     0.000186     0.501343  
  1924     0.000186     0.501338  
  1925     0.000185     0.501337  
  1926     0.000184     0.501339  
  1927     0.000184     0.501332  
  1928     0.000183     0.501337  
  1929     0.000182     0.501339  
  1930     0.000182     0.501335  
  1931     0.000181     0.501334  
  1932     0.000180     0.501334  
  1933     0.000180     0.501327  
  1934     0.000179     0.501334  
  1935     0.000178     0.501333  
  1936     0.000178     0.501321  
  1937     0.000177     0.501316  
  1938     0.000176     0.501313  
  1939     0.000176     0.501314  
  1940     0.000175     0.501309  
  1941     0.000174     0.501305  
  1942     0.000174     0.501308  
  1943     0.000173     0.501304  
  1944     0.000172     0.501304  
  1945     0.000172     0.501299  
  1946     0.000171     0.501300  
  1947     0.000171     0.501297  
  1948     0.000170     0.501294  
  1949     0.000169     0.501297  
  1950     0.000169     0.501297  
  1951     0.000168     0.501298  
  1952     0.000167     0.501305  
  1953     0.000167     0.501305  
  1954     0.000166     0.501293  
  1955     0.000165     0.501297  
  1956     0.000165     0.501294  
  1957     0.000164     0.501295  
  1958     0.000164     0.501288  
  1959     0.000163     0.501286  
  1960     0.000162     0.501283  
  1961     0.000162     0.501284  
  1962     0.000161     0.501281  
  1963     0.000161     0.501282  
  1964     0.000160     0.501285  
  1965     0.000159     0.501285  
  1966     0.000159     0.501290  
  1967     0.000158     0.501282  
  1968     0.000158     0.501288  
  1969     0.000157     0.501289  
  1970     0.000157     0.501284  
  1971     0.000156     0.501287  
  1972     0.000156     0.501293  
  1973     0.000155     0.501292  
  1974     0.000154     0.501290  
  1975     0.000154     0.501290  
  1976     0.000153     0.501291  
  1977     0.000153     0.501284  
  1978     0.000152     0.501288  
  1979     0.000152     0.501285  
  1980     0.000151     0.501286  
  1981     0.000151     0.501283  
  1982     0.000150     0.501279  
  1983     0.000150     0.501281  
  1984     0.000149     0.501286  
  1985     0.000149     0.501291  
  1986     0.000148     0.501293  
  1987     0.000147     0.501296  
  1988     0.000147     0.501297  
  1989     0.000146     0.501299  
  1990     0.000146     0.501298  
  1991     0.000145     0.501302  
  1992     0.000145     0.501301  
  1993     0.000144     0.501309  
  1994     0.000144     0.501310  
  1995     0.000143     0.501317  
  1996     0.000143     0.501307  
  1997     0.000142     0.501313  
  1998     0.000142     0.501308  
  1999     0.000141     0.501303  
  2000     0.000141     0.501292  
  2001     0.000140     0.501293  
  2002     0.000139     0.501299  
  2003     0.000139     0.501298  
  2004     0.000139     0.501292  
  2005     0.000138     0.501295  
  2006     0.000138     0.501300  
  2007     0.000137     0.501293  
  2008     0.000137     0.501290  
  2009     0.000136     0.501294  
  2010     0.000135     0.501288  
  2011     0.000135     0.501288  
  2012     0.000134     0.501285  
  2013     0.000134     0.501282  
  2014     0.000133     0.501277  
  2015     0.000133     0.501269  
  2016     0.000132     0.501277  
  2017     0.000132     0.501273  
  2018     0.000131     0.501274  
  2019     0.000131     0.501268  
  2020     0.000130     0.501260  
  2021     0.000130     0.501261  
  2022     0.000129     0.501262  
  2023     0.000129     0.501262  
  2024     0.000128     0.501257  
  2025     0.000128     0.501257  
  2026     0.000127     0.501258  
  2027     0.000127     0.501258  
  2028     0.000127     0.501260  
  2029     0.000126     0.501257  
  2030     0.000126     0.501256  
  2031     0.000125     0.501249  
  2032     0.000125     0.501244  
  2033     0.000124     0.501245  
  2034     0.000124     0.501238  
  2035     0.000123     0.501240  
  2036     0.000123     0.501233  
  2037     0.000122     0.501228  
  2038     0.000122     0.501229  
  2039     0.000122     0.501218  
  2040     0.000121     0.501216  
  2041     0.000121     0.501209  
  2042     0.000120     0.501212  
  2043     0.000120     0.501209  
  2044     0.000119     0.501207  
  2045     0.000119     0.501208  
  2046     0.000119     0.501202  
  2047     0.000118     0.501196  
  2048     0.000118     0.501193  
  2049     0.000117     0.501194  
  2050     0.000117     0.501190  
  2051     0.000116     0.501186  
  2052     0.000116     0.501189  
  2053     0.000116     0.501182  
  2054     0.000115     0.501185  
  2055     0.000115     0.501183  
  2056     0.000114     0.501188  
  2057     0.000114     0.501185  
  2058     0.000114     0.501185  
  2059     0.000113     0.501181  
  2060     0.000113     0.501179  
  2061     0.000112     0.501179  * best
  2062     0.000112     0.501179  
  2063     0.000112     0.501183  
  2064     0.000111     0.501186  
  2065     0.000111     0.501192  
  2066     0.000110     0.501187  
  2067     0.000110     0.501189  
  2068     0.000110     0.501185  
  2069     0.000109     0.501186  
  2070     0.000109     0.501194  
  2071     0.000108     0.501195  
  2072     0.000108     0.501196  
  2073     0.000108     0.501188  
  2074     0.000107     0.501185  
  2075     0.000107     0.501183  
  2076     0.000106     0.501184  
  2077     0.000106     0.501183  
  2078     0.000106     0.501184  
  2079     0.000105     0.501184  
  2080     0.000105     0.501181  
  2081     0.000105     0.501183  
  2082     0.000104     0.501182  
  2083     0.000104     0.501185  
  2084     0.000103     0.501190  
  2085     0.000103     0.501190  
  2086     0.000103     0.501190  
  2087     0.000102     0.501198  
  2088     0.000102     0.501197  
  2089     0.000101     0.501200  
  2090     0.000101     0.501192  
  2091     0.000101     0.501197  
  2092     0.000100     0.501199  
  2093     0.000100     0.501201  
  2094     0.000100     0.501203  
  2095     0.000099     0.501209  
  2096     0.000099     0.501211  
  2097     0.000098     0.501210  
  2098     0.000098     0.501206  
  2099     0.000098     0.501212  
  2100     0.000097     0.501209  
  2101     0.000097     0.501211  
  2102     0.000097     0.501211  
  2103     0.000096     0.501215  
  2104     0.000096     0.501212  
  2105     0.000096     0.501217  
  2106     0.000095     0.501218  
  2107     0.000095     0.501219  
  2108     0.000095     0.501218  
  2109     0.000094     0.501223  
  2110     0.000094     0.501223  
  2111     0.000093     0.501222  
  2112     0.000093     0.501221  
  2113     0.000093     0.501219  
  2114     0.000092     0.501214  
  2115     0.000092     0.501207  
  2116     0.000092     0.501201  
  2117     0.000091     0.501205  
  2118     0.000091     0.501209  
  2119     0.000091     0.501203  
  2120     0.000090     0.501198  
  2121     0.000090     0.501205  
  2122     0.000090     0.501206  
  2123     0.000089     0.501204  
  2124     0.000089     0.501200  
  2125     0.000089     0.501205  
  2126     0.000088     0.501199  
  2127     0.000088     0.501196  
  2128     0.000088     0.501196  
  2129     0.000088     0.501203  
  2130     0.000087     0.501203  
  2131     0.000087     0.501201  
  2132     0.000087     0.501202  
  2133     0.000086     0.501200  
  2134     0.000086     0.501199  
  2135     0.000086     0.501199  
  2136     0.000085     0.501197  
  2137     0.000085     0.501196  
  2138     0.000085     0.501192  
  2139     0.000085     0.501191  
  2140     0.000084     0.501191  
  2141     0.000084     0.501191  
  2142     0.000084     0.501195  
  2143     0.000083     0.501193  
  2144     0.000083     0.501198  
  2145     0.000083     0.501199  
  2146     0.000082     0.501198  
  2147     0.000082     0.501196  
  2148     0.000082     0.501197  
  2149     0.000082     0.501194  
  2150     0.000081     0.501189  
  2151     0.000081     0.501189  
  2152     0.000081     0.501190  
  2153     0.000080     0.501187  
  2154     0.000080     0.501188  
  2155     0.000080     0.501189  
  2156     0.000079     0.501185  
  2157     0.000079     0.501183  
  2158     0.000079     0.501187  
  2159     0.000079     0.501184  
  2160     0.000078     0.501183  
  2161     0.000078     0.501182  
# best iteration 2061 (val l2 0.501179)
# Spearman  train +0.9951  val +0.7135  test +0.7187
