# gbm_seq+boltz+node+energy seed 0
# boosted trees on seq+boltz+node+energy
# inputs 14357, 888 trees
# LightGBM gradient-boosted trees, objective l2, lr 0.05, num_leaves 31, min_data_in_leaf 20, feature_fraction 0.3, bagging 0.8, lambda_l2 1.0, up to 3000 rounds, early stopping 100 on validation l2
# loss = l2 on standardised log10 half-life
#
 round        train          val  note
     1     0.962758     0.974819  
     2     0.929510     0.945010  
     3     0.899453     0.917972  
     4     0.871213     0.893167  
     5     0.845186     0.871207  
     6     0.819202     0.847908  
     7     0.795099     0.826210  
     8     0.773210     0.807869  
     9     0.752685     0.789095  
    10     0.733922     0.773037  
    11     0.716247     0.758248  
    12     0.699519     0.745300  
    13     0.683827     0.730552  
    14     0.667807     0.717352  
    15     0.653062     0.705817  
    16     0.639922     0.695037  
    17     0.627103     0.684078  
    18     0.613806     0.672460  
    19     0.601236     0.662334  
    20     0.589834     0.652903  
    21     0.578821     0.643487  
    22     0.569031     0.636408  
    23     0.558865     0.628500  
    24     0.549695     0.620887  
    25     0.541355     0.614908  
    26     0.533609     0.608876  
    27     0.525637     0.602863  
    28     0.517439     0.596856  
    29     0.509980     0.591417  
    30     0.502582     0.586086  
    31     0.495716     0.582027  
    32     0.489367     0.578111  
    33     0.483069     0.574048  
    34     0.477055     0.569453  
    35     0.470591     0.564164  
    36     0.464479     0.560248  
    37     0.458706     0.556052  
    38     0.453841     0.554146  
    39     0.448746     0.551358  
    40     0.443920     0.547769  
    41     0.439123     0.545881  
    42     0.434834     0.543315  
    43     0.429854     0.540811  
    44     0.425544     0.537996  
    45     0.420860     0.535230  
    46     0.416700     0.532956  
    47     0.412741     0.530834  
    48     0.408600     0.528490  
    49     0.405103     0.527189  
    50     0.401163     0.525563  
    51     0.397322     0.523720  
    52     0.393709     0.522252  
    53     0.390444     0.521419  
    54     0.386717     0.519341  
    55     0.382948     0.517306  
    56     0.379393     0.515615  
    57     0.375876     0.513549  
    58     0.372572     0.512194  
    59     0.369361     0.510682  
    60     0.366229     0.509164  
    61     0.363075     0.507469  
    62     0.359992     0.506323  
    63     0.356799     0.504364  
    64     0.353845     0.503152  
    65     0.350930     0.501800  
    66     0.348314     0.500590  
    67     0.345486     0.499011  
    68     0.342617     0.497494  
    69     0.339489     0.495401  
    70     0.336928     0.494489  
    71     0.334226     0.493388  
    72     0.331680     0.491969  
    73     0.329226     0.491125  
    74     0.326806     0.490017  
    75     0.324403     0.488666  
    76     0.322064     0.487518  
    77     0.319660     0.486690  
    78     0.317296     0.485527  
    79     0.314697     0.484478  
    80     0.312134     0.483416  
    81     0.309709     0.482672  
    82     0.307237     0.481342  
    83     0.304892     0.480397  
    84     0.302668     0.479624  
    85     0.300501     0.478841  
    86     0.298317     0.477928  
    87     0.296165     0.477234  
    88     0.294124     0.476818  
    89     0.292103     0.475903  
    90     0.290019     0.475012  
    91     0.288114     0.474579  
    92     0.286144     0.473753  
    93     0.284156     0.473109  
    94     0.282228     0.472398  
    95     0.280441     0.471661  
    96     0.278491     0.471091  
    97     0.276604     0.470384  
    98     0.274770     0.469858  
    99     0.272919     0.468826  
   100     0.270944     0.467690  
   101     0.269112     0.467328  
   102     0.267251     0.466763  
   103     0.265522     0.466375  
   104     0.263770     0.465632  
   105     0.261982     0.465130  
   106     0.260183     0.464106  
   107     0.258203     0.463298  
   108     0.256583     0.462585  
   109     0.254927     0.461618  
   110     0.253338     0.461246  
   111     0.251759     0.461120  
   112     0.250142     0.460741  
   113     0.248653     0.460345  
   114     0.247047     0.459892  
   115     0.245499     0.459169  
   116     0.243930     0.459053  
   117     0.242426     0.458722  
   118     0.240748     0.457923  
   119     0.239050     0.457099  
   120     0.237456     0.456016  
   121     0.235940     0.455599  
   122     0.234417     0.455409  
   123     0.233010     0.454992  
   124     0.231527     0.454811  
   125     0.230057     0.454777  
   126     0.228609     0.454260  
   127     0.227155     0.453856  
   128     0.225612     0.453613  
   129     0.224223     0.453478  
   130     0.222797     0.452729  
   131     0.221466     0.452507  
   132     0.220061     0.452195  
   133     0.218757     0.452044  
   134     0.217358     0.451675  
   135     0.216012     0.451097  
   136     0.214616     0.450795  
   137     0.213300     0.450434  
   138     0.211951     0.450587  
   139     0.210582     0.450258  
   140     0.209383     0.450127  
   141     0.208157     0.449882  
   142     0.206875     0.449740  
   143     0.205667     0.449398  
   144     0.204432     0.449283  
   145     0.203249     0.448873  
   146     0.202081     0.448484  
   147     0.200947     0.448404  
   148     0.199880     0.448258  
   149     0.198595     0.447750  
   150     0.197441     0.447509  
   151     0.196281     0.447244  
   152     0.195097     0.447088  
   153     0.193934     0.446544  
   154     0.192823     0.446254  
   155     0.191666     0.445958  
   156     0.190501     0.445547  
   157     0.189406     0.445257  
   158     0.188270     0.444924  
   159     0.187147     0.444595  
   160     0.186065     0.444610  
   161     0.185056     0.444248  
   162     0.183981     0.444077  
   163     0.182863     0.443588  
   164     0.181713     0.443019  
   165     0.180682     0.443062  
   166     0.179660     0.443092  
   167     0.178637     0.442832  
   168     0.177591     0.442610  
   169     0.176451     0.442566  
   170     0.175393     0.442158  
   171     0.174394     0.441804  
   172     0.173446     0.441858  
   173     0.172510     0.441731  
   174     0.171562     0.441551  
   175     0.170541     0.441493  
   176     0.169583     0.441489  
   177     0.168591     0.441509  
   178     0.167552     0.441109  
   179     0.166568     0.440915  
   180     0.165724     0.440992  
   181     0.164753     0.441031  
   182     0.163832     0.440943  
   183     0.162833     0.440876  
   184     0.161973     0.440560  
   185     0.161003     0.440133  
   186     0.160153     0.439836  
   187     0.159251     0.439408  
   188     0.158401     0.439179  
   189     0.157554     0.438903  
   190     0.156710     0.438898  
   191     0.155826     0.438823  
   192     0.154970     0.438580  
   193     0.154152     0.438421  
   194     0.153308     0.438260  
   195     0.152433     0.437760  
   196     0.151568     0.437697  
   197     0.150791     0.437585  
   198     0.149928     0.437687  
   199     0.149066     0.437501  
   200     0.148216     0.437240  
   201     0.147404     0.437085  
   202     0.146606     0.436866  
   203     0.145798     0.436487  
   204     0.145017     0.436284  
   205     0.144300     0.436214  
   206     0.143494     0.435947  
   207     0.142689     0.435607  
   208     0.141956     0.435454  
   209     0.141150     0.435188  
   210     0.140355     0.435185  
   211     0.139603     0.434977  
   212     0.138833     0.434741  
   213     0.138122     0.434536  
   214     0.137319     0.434288  
   215     0.136585     0.434125  
   216     0.135782     0.433804  
   217     0.134988     0.433253  
   218     0.134262     0.433020  
   219     0.133561     0.432870  
   220     0.132840     0.433017  
   221     0.132134     0.432887  
   222     0.131447     0.432589  
   223     0.130712     0.432604  
   224     0.129970     0.432649  
   225     0.129278     0.432481  
   226     0.128605     0.432695  
   227     0.127926     0.432722  
   228     0.127257     0.432560  
   229     0.126547     0.432270  
   230     0.125923     0.432047  
   231     0.125263     0.432151  
   232     0.124626     0.432092  
   233     0.124020     0.432194  
   234     0.123374     0.432182  
   235     0.122714     0.432102  
   236     0.122070     0.431872  
   237     0.121433     0.432093  
   238     0.120842     0.432107  
   239     0.120234     0.431939  
   240     0.119595     0.431860  
   241     0.118983     0.431759  
   242     0.118332     0.431713  
   243     0.117713     0.431533  
   244     0.117134     0.431305  
   245     0.116584     0.431152  
   246     0.115991     0.430983  
   247     0.115360     0.430691  
   248     0.114777     0.430671  
   249     0.114184     0.430379  
   250     0.113613     0.430129  
   251     0.113035     0.429920  
   252     0.112503     0.430032  
   253     0.111939     0.429994  
   254     0.111357     0.429761  
   255     0.110792     0.429647  
   256     0.110266     0.429731  
   257     0.109715     0.429489  
   258     0.109166     0.429375  
   259     0.108605     0.429373  
   260     0.108060     0.429055  
   261     0.107535     0.429077  
   262     0.106963     0.429063  
   263     0.106391     0.428821  
   264     0.105813     0.428858  
   265     0.105290     0.428644  
   266     0.104723     0.428748  
   267     0.104207     0.428828  
   268     0.103683     0.428830  
   269     0.103159     0.428785  
   270     0.102718     0.428741  
   271     0.102156     0.428693  
   272     0.101664     0.428440  
   273     0.101141     0.428477  
   274     0.100606     0.428051  
   275     0.100088     0.427901  
   276     0.099559     0.427824  
   277     0.099067     0.427681  
   278     0.098572     0.427689  
   279     0.098056     0.427656  
   280     0.097590     0.427607  
   281     0.097090     0.427575  
   282     0.096583     0.427384  
   283     0.096121     0.427388  
   284     0.095613     0.427434  
   285     0.095161     0.427395  
   286     0.094674     0.427245  
   287     0.094182     0.427183  
   288     0.093731     0.427372  
   289     0.093262     0.427255  
   290     0.092789     0.427408  
   291     0.092346     0.427480  
   292     0.091890     0.427598  
   293     0.091411     0.427612  
   294     0.090984     0.427622  
   295     0.090507     0.427595  
   296     0.089999     0.427551  
   297     0.089586     0.427532  
   298     0.089093     0.427514  
   299     0.088620     0.427417  
   300     0.088220     0.427307  
   301     0.087788     0.427163  
   302     0.087373     0.427196  
   303     0.086965     0.427085  
   304     0.086513     0.426995  
   305     0.086112     0.426798  
   306     0.085691     0.426693  
   307     0.085233     0.426679  
   308     0.084780     0.426683  
   309     0.084326     0.426541  
   310     0.083895     0.426589  
   311     0.083487     0.426436  
   312     0.083074     0.426344  
   313     0.082671     0.426144  
   314     0.082277     0.426153  
   315     0.081858     0.425989  
   316     0.081446     0.425884  
   317     0.081087     0.425785  
   318     0.080697     0.425623  
   319     0.080289     0.425570  
   320     0.079930     0.425451  
   321     0.079506     0.425486  
   322     0.079119     0.425323  
   323     0.078752     0.425328  
   324     0.078354     0.425134  
   325     0.077983     0.425019  
   326     0.077593     0.425092  
   327     0.077226     0.425129  
   328     0.076859     0.425070  
   329     0.076481     0.425036  
   330     0.076108     0.424827  
   331     0.075735     0.424770  
   332     0.075329     0.424880  
   333     0.074964     0.424985  
   334     0.074560     0.424994  
   335     0.074195     0.425120  
   336     0.073831     0.425196  
   337     0.073458     0.425234  
   338     0.073094     0.425214  
   339     0.072725     0.425214  
   340     0.072406     0.425116  
   341     0.072057     0.425100  
   342     0.071698     0.425122  
   343     0.071341     0.425222  
   344     0.071016     0.425112  
   345     0.070704     0.425087  
   346     0.070350     0.424992  
   347     0.070025     0.424902  
   348     0.069689     0.424868  
   349     0.069342     0.424976  
   350     0.069009     0.424865  
   351     0.068633     0.424840  
   352     0.068281     0.424812  
   353     0.067957     0.424742  
   354     0.067620     0.424569  
   355     0.067281     0.424577  
   356     0.066949     0.424548  
   357     0.066628     0.424241  
   358     0.066325     0.424139  
   359     0.066013     0.424092  
   360     0.065730     0.424253  
   361     0.065403     0.424161  
   362     0.065085     0.423981  
   363     0.064799     0.423958  
   364     0.064484     0.423849  
   365     0.064177     0.423589  
   366     0.063875     0.423428  
   367     0.063573     0.423427  
   368     0.063262     0.423493  
   369     0.062977     0.423496  
   370     0.062688     0.423490  
   371     0.062382     0.423384  
   372     0.062068     0.423441  
   373     0.061793     0.423470  
   374     0.061522     0.423379  
   375     0.061217     0.423198  
   376     0.060925     0.423191  
   377     0.060657     0.423246  
   378     0.060384     0.423233  
   379     0.060123     0.423230  
   380     0.059832     0.423298  
   381     0.059558     0.423183  
   382     0.059263     0.423345  
   383     0.058982     0.423255  
   384     0.058703     0.423229  
   385     0.058426     0.423241  
   386     0.058166     0.423404  
   387     0.057878     0.423309  
   388     0.057610     0.423293  
   389     0.057340     0.423122  
   390     0.057087     0.423131  
   391     0.056818     0.423051  
   392     0.056536     0.422811  
   393     0.056280     0.422783  
   394     0.056040     0.422585  
   395     0.055800     0.422504  
   396     0.055573     0.422592  
   397     0.055291     0.422489  
   398     0.055022     0.422536  
   399     0.054759     0.422482  
   400     0.054492     0.422455  
   401     0.054260     0.422593  
   402     0.054023     0.422232  
   403     0.053795     0.422221  
   404     0.053551     0.422204  
   405     0.053278     0.422270  
   406     0.053028     0.422229  
   407     0.052775     0.422223  
   408     0.052544     0.422353  
   409     0.052287     0.422279  
   410     0.052017     0.422169  
   411     0.051766     0.422380  
   412     0.051518     0.422166  
   413     0.051275     0.422140  
   414     0.051047     0.422175  
   415     0.050807     0.422121  
   416     0.050559     0.422167  
   417     0.050349     0.422278  
   418     0.050094     0.422239  
   419     0.049890     0.422241  
   420     0.049692     0.422145  
   421     0.049466     0.422166  
   422     0.049239     0.422204  
   423     0.049012     0.422287  
   424     0.048792     0.422327  
   425     0.048560     0.422420  
   426     0.048328     0.422517  
   427     0.048115     0.422653  
   428     0.047910     0.422545  
   429     0.047684     0.422370  
   430     0.047469     0.422317  
   431     0.047261     0.422170  
   432     0.047022     0.422135  
   433     0.046821     0.422179  
   434     0.046598     0.422033  
   435     0.046369     0.421827  
   436     0.046148     0.421752  
   437     0.045946     0.421723  
   438     0.045742     0.421624  
   439     0.045552     0.421526  
   440     0.045339     0.421337  
   441     0.045139     0.421480  
   442     0.044944     0.421493  
   443     0.044736     0.421679  
   444     0.044493     0.421641  
   445     0.044288     0.421644  
   446     0.044069     0.421340  
   447     0.043875     0.421359  
   448     0.043679     0.421333  
   449     0.043495     0.421234  
   450     0.043277     0.421156  
   451     0.043079     0.421015  
   452     0.042900     0.421100  
   453     0.042703     0.420915  
   454     0.042495     0.420939  
   455     0.042303     0.421018  
   456     0.042092     0.421049  
   457     0.041883     0.421167  
   458     0.041664     0.421018  
   459     0.041485     0.421091  
   460     0.041312     0.421073  
   461     0.041128     0.421003  
   462     0.040922     0.421012  
   463     0.040717     0.420921  
   464     0.040529     0.421021  
   465     0.040341     0.420927  
   466     0.040154     0.420859  
   467     0.039962     0.420696  
   468     0.039775     0.420802  
   469     0.039590     0.420945  
   470     0.039420     0.420883  
   471     0.039243     0.420899  
   472     0.039074     0.420746  
   473     0.038876     0.420706  
   474     0.038679     0.420642  
   475     0.038498     0.420537  
   476     0.038320     0.420482  
   477     0.038136     0.420518  
   478     0.037961     0.420295  
   479     0.037786     0.420267  
   480     0.037616     0.420335  
   481     0.037450     0.420233  
   482     0.037282     0.420187  
   483     0.037107     0.420125  
   484     0.036943     0.420140  
   485     0.036758     0.420076  
   486     0.036579     0.420052  
   487     0.036416     0.420077  
   488     0.036260     0.419985  
   489     0.036077     0.419843  
   490     0.035930     0.419850  
   491     0.035781     0.419811  
   492     0.035631     0.420031  
   493     0.035468     0.419963  
   494     0.035287     0.419923  
   495     0.035108     0.420029  
   496     0.034962     0.420085  
   497     0.034815     0.419882  
   498     0.034660     0.419947  
   499     0.034514     0.419783  
   500     0.034360     0.419655  
   501     0.034215     0.419534  
   502     0.034062     0.419530  
   503     0.033906     0.419357  
   504     0.033755     0.419267  
   505     0.033607     0.419324  
   506     0.033461     0.419401  
   507     0.033311     0.419373  
   508     0.033149     0.419345  
   509     0.032984     0.419273  
   510     0.032842     0.419285  
   511     0.032694     0.419240  
   512     0.032553     0.419118  
   513     0.032401     0.418994  
   514     0.032250     0.418816  
   515     0.032112     0.418757  
   516     0.031974     0.418777  
   517     0.031838     0.418539  
   518     0.031699     0.418571  
   519     0.031548     0.418532  
   520     0.031399     0.418479  
   521     0.031256     0.418451  
   522     0.031098     0.418388  
   523     0.030954     0.418448  
   524     0.030820     0.418413  
   525     0.030683     0.418408  
   526     0.030537     0.418280  
   527     0.030410     0.418376  
   528     0.030262     0.418401  
   529     0.030133     0.418373  
   530     0.029994     0.418456  
   531     0.029854     0.418483  
   532     0.029713     0.418440  
   533     0.029590     0.418530  
   534     0.029457     0.418548  
   535     0.029320     0.418401  
   536     0.029189     0.418356  
   537     0.029060     0.418339  
   538     0.028927     0.418349  
   539     0.028801     0.418324  
   540     0.028651     0.418193  
   541     0.028522     0.418230  
   542     0.028394     0.418254  
   543     0.028275     0.418244  
   544     0.028145     0.418097  
   545     0.028028     0.418121  
   546     0.027910     0.418187  
   547     0.027777     0.418159  
   548     0.027657     0.418190  
   549     0.027528     0.418125  
   550     0.027394     0.418115  
   551     0.027268     0.418194  
   552     0.027154     0.418292  
   553     0.027032     0.418149  
   554     0.026895     0.418039  
   555     0.026775     0.417926  
   556     0.026666     0.417831  
   557     0.026549     0.417852  
   558     0.026436     0.417840  
   559     0.026319     0.417818  
   560     0.026191     0.417859  
   561     0.026073     0.417898  
   562     0.025948     0.417988  
   563     0.025852     0.418010  
   564     0.025731     0.417951  
   565     0.025620     0.417794  
   566     0.025509     0.417750  
   567     0.025397     0.417703  
   568     0.025281     0.417649  
   569     0.025165     0.417619  
   570     0.025058     0.417537  
   571     0.024952     0.417698  
   572     0.024850     0.417636  
   573     0.024728     0.417650  
   574     0.024610     0.417590  
   575     0.024498     0.417538  
   576     0.024394     0.417508  
   577     0.024276     0.417534  
   578     0.024174     0.417579  
   579     0.024063     0.417582  
   580     0.023949     0.417503  
   581     0.023836     0.417564  
   582     0.023725     0.417487  
   583     0.023609     0.417405  
   584     0.023497     0.417485  
   585     0.023402     0.417459  
   586     0.023297     0.417417  
   587     0.023185     0.417418  
   588     0.023077     0.417347  
   589     0.022965     0.417280  
   590     0.022862     0.417275  
   591     0.022759     0.417251  
   592     0.022658     0.417319  
   593     0.022553     0.417291  
   594     0.022456     0.417302  
   595     0.022364     0.417325  
   596     0.022263     0.417340  
   597     0.022163     0.417372  
   598     0.022062     0.417448  
   599     0.021959     0.417367  
   600     0.021871     0.417366  
   601     0.021768     0.417339  
   602     0.021659     0.417356  
   603     0.021552     0.417374  
   604     0.021453     0.417355  
   605     0.021354     0.417301  
   606     0.021256     0.417356  
   607     0.021160     0.417303  
   608     0.021052     0.417361  
   609     0.020954     0.417460  
   610     0.020861     0.417323  
   611     0.020766     0.417224  
   612     0.020669     0.417277  
   613     0.020579     0.417219  
   614     0.020486     0.417186  
   615     0.020399     0.417249  
   616     0.020314     0.417145  
   617     0.020232     0.417154  
   618     0.020143     0.417183  
   619     0.020050     0.417201  
   620     0.019962     0.417222  
   621     0.019879     0.417193  
   622     0.019794     0.417176  
   623     0.019707     0.417143  
   624     0.019614     0.417138  
   625     0.019520     0.417102  
   626     0.019437     0.417060  
   627     0.019352     0.416989  
   628     0.019269     0.416934  
   629     0.019188     0.416963  
   630     0.019102     0.416988  
   631     0.019019     0.416963  
   632     0.018941     0.416936  
   633     0.018858     0.416881  
   634     0.018784     0.416854  
   635     0.018708     0.416800  
   636     0.018626     0.416740  
   637     0.018550     0.416678  
   638     0.018460     0.416603  
   639     0.018382     0.416606  
   640     0.018305     0.416530  
   641     0.018231     0.416526  
   642     0.018143     0.416450  
   643     0.018070     0.416458  
   644     0.017991     0.416408  
   645     0.017913     0.416360  
   646     0.017830     0.416338  
   647     0.017756     0.416323  
   648     0.017687     0.416253  
   649     0.017611     0.416234  
   650     0.017523     0.416235  
   651     0.017451     0.416349  
   652     0.017376     0.416264  
   653     0.017301     0.416300  
   654     0.017238     0.416294  
   655     0.017161     0.416247  
   656     0.017093     0.416205  
   657     0.017020     0.416204  
   658     0.016945     0.416205  
   659     0.016863     0.416244  
   660     0.016787     0.416204  
   661     0.016710     0.416198  
   662     0.016640     0.416160  
   663     0.016564     0.416167  
   664     0.016494     0.416185  
   665     0.016424     0.416174  
   666     0.016359     0.416149  
   667     0.016287     0.416128  
   668     0.016222     0.416072  
   669     0.016152     0.416066  
   670     0.016083     0.416111  
   671     0.016011     0.416114  
   672     0.015942     0.416179  
   673     0.015873     0.416115  
   674     0.015805     0.416048  
   675     0.015747     0.416042  
   676     0.015676     0.415998  
   677     0.015608     0.415993  
   678     0.015543     0.415873  
   679     0.015482     0.415904  
   680     0.015420     0.415853  
   681     0.015354     0.415816  
   682     0.015285     0.415811  
   683     0.015225     0.415781  
   684     0.015158     0.415789  
   685     0.015089     0.415714  
   686     0.015026     0.415795  
   687     0.014964     0.415758  
   688     0.014907     0.415784  
   689     0.014836     0.415671  
   690     0.014778     0.415660  
   691     0.014709     0.415637  
   692     0.014654     0.415699  
   693     0.014597     0.415657  
   694     0.014526     0.415649  
   695     0.014460     0.415636  
   696     0.014401     0.415615  
   697     0.014343     0.415602  
   698     0.014285     0.415637  
   699     0.014222     0.415544  
   700     0.014162     0.415548  
   701     0.014099     0.415521  
   702     0.014037     0.415441  
   703     0.013973     0.415464  
   704     0.013911     0.415385  
   705     0.013851     0.415373  
   706     0.013784     0.415372  
   707     0.013728     0.415353  
   708     0.013669     0.415306  
   709     0.013614     0.415270  
   710     0.013554     0.415331  
   711     0.013497     0.415342  
   712     0.013440     0.415299  
   713     0.013385     0.415303  
   714     0.013323     0.415321  
   715     0.013268     0.415364  
   716     0.013209     0.415385  
   717     0.013154     0.415381  
   718     0.013093     0.415416  
   719     0.013037     0.415431  
   720     0.012983     0.415426  
   721     0.012926     0.415411  
   722     0.012869     0.415373  
   723     0.012816     0.415367  
   724     0.012758     0.415416  
   725     0.012701     0.415416  
   726     0.012644     0.415347  
   727     0.012589     0.415342  
   728     0.012540     0.415325  
   729     0.012487     0.415324  
   730     0.012434     0.415322  
   731     0.012383     0.415304  
   732     0.012336     0.415286  
   733     0.012282     0.415281  
   734     0.012229     0.415315  
   735     0.012178     0.415254  
   736     0.012124     0.415230  
   737     0.012072     0.415181  
   738     0.012020     0.415168  
   739     0.011967     0.415158  
   740     0.011913     0.415189  
   741     0.011865     0.415212  
   742     0.011810     0.415216  
   743     0.011759     0.415196  
   744     0.011713     0.415181  
   745     0.011666     0.415160  
   746     0.011617     0.415107  
   747     0.011566     0.415049  
   748     0.011523     0.415097  
   749     0.011470     0.415079  
   750     0.011424     0.415144  
   751     0.011378     0.415155  
   752     0.011331     0.415075  
   753     0.011281     0.414992  
   754     0.011237     0.415038  
   755     0.011188     0.415070  
   756     0.011140     0.415104  
   757     0.011093     0.415104  
   758     0.011045     0.415144  
   759     0.010994     0.415140  
   760     0.010944     0.415132  
   761     0.010902     0.415066  
   762     0.010858     0.415131  
   763     0.010813     0.415111  
   764     0.010767     0.415096  
   765     0.010726     0.415078  
   766     0.010678     0.415106  
   767     0.010631     0.415102  
   768     0.010589     0.415181  
   769     0.010542     0.415168  
   770     0.010494     0.415151  
   771     0.010448     0.415115  
   772     0.010407     0.415087  
   773     0.010358     0.415060  
   774     0.010313     0.415072  
   775     0.010268     0.415073  
   776     0.010230     0.415007  
   777     0.010190     0.414997  
   778     0.010152     0.414975  
   779     0.010108     0.414987  
   780     0.010063     0.414970  
   781     0.010022     0.414985  
   782     0.009976     0.414958  
   783     0.009932     0.414920  
   784     0.009886     0.414897  
   785     0.009842     0.414890  
   786     0.009801     0.414898  
   787     0.009762     0.414840  
   788     0.009717     0.414819  
   789     0.009675     0.414805  
   790     0.009633     0.414826  
   791     0.009596     0.414756  
   792     0.009558     0.414734  
   793     0.009521     0.414767  
   794     0.009479     0.414760  
   795     0.009435     0.414719  
   796     0.009393     0.414715  
   797     0.009356     0.414652  
   798     0.009315     0.414584  
   799     0.009278     0.414579  
   800     0.009239     0.414569  
   801     0.009199     0.414584  
   802     0.009163     0.414604  
   803     0.009124     0.414591  
   804     0.009084     0.414638  
   805     0.009046     0.414682  
   806     0.009008     0.414656  
   807     0.008970     0.414647  
   808     0.008933     0.414630  
   809     0.008896     0.414631  
   810     0.008858     0.414623  
   811     0.008820     0.414574  
   812     0.008787     0.414580  
   813     0.008749     0.414606  
   814     0.008718     0.414613  
   815     0.008677     0.414658  
   816     0.008639     0.414641  
   817     0.008605     0.414648  
   818     0.008568     0.414625  
   819     0.008530     0.414569  
   820     0.008496     0.414599  
   821     0.008459     0.414603  
   822     0.008425     0.414585  
   823     0.008386     0.414532  
   824     0.008354     0.414485  
   825     0.008318     0.414484  
   826     0.008287     0.414463  
   827     0.008252     0.414439  
   828     0.008219     0.414454  
   829     0.008185     0.414491  
   830     0.008155     0.414494  
   831     0.008120     0.414491  
   832     0.008089     0.414466  
   833     0.008054     0.414452  
   834     0.008018     0.414441  
   835     0.007986     0.414448  
   836     0.007953     0.414429  
   837     0.007918     0.414432  
   838     0.007885     0.414414  
   839     0.007849     0.414402  
   840     0.007819     0.414410  
   841     0.007781     0.414379  
   842     0.007747     0.414340  
   843     0.007710     0.414353  
   844     0.007680     0.414375  
   845     0.007649     0.414363  
   846     0.007620     0.414384  
   847     0.007587     0.414327  
   848     0.007553     0.414334  
   849     0.007524     0.414361  
   850     0.007494     0.414370  
   851     0.007465     0.414384  
   852     0.007436     0.414371  
   853     0.007405     0.414379  
   854     0.007373     0.414391  
   855     0.007341     0.414401  
   856     0.007314     0.414413  
   857     0.007283     0.414386  
   858     0.007251     0.414352  
   859     0.007219     0.414352  
   860     0.007188     0.414294  
   861     0.007162     0.414325  
   862     0.007132     0.414350  
   863     0.007103     0.414363  
   864     0.007072     0.414395  
   865     0.007043     0.414399  
   866     0.007011     0.414408  
   867     0.006981     0.414436  
   868     0.006953     0.414415  
   869     0.006922     0.414422  
   870     0.006897     0.414493  
   871     0.006866     0.414560  
   872     0.006837     0.414497  
   873     0.006810     0.414471  
   874     0.006780     0.414455  
   875     0.006753     0.414403  
   876     0.006725     0.414354  
   877     0.006700     0.414329  
   878     0.006673     0.414324  
   879     0.006645     0.414306  
   880     0.006616     0.414296  
   881     0.006587     0.414315  
   882     0.006558     0.414279  
   883     0.006530     0.414273  
   884     0.006504     0.414259  
   885     0.006476     0.414249  
   886     0.006448     0.414218  
   887     0.006418     0.414210  
   888     0.006390     0.414205  * best
   889     0.006365     0.414237  
   890     0.006339     0.414253  
   891     0.006315     0.414264  
   892     0.006291     0.414241  
   893     0.006266     0.414277  
   894     0.006239     0.414289  
   895     0.006211     0.414248  
   896     0.006188     0.414264  
   897     0.006165     0.414285  
   898     0.006142     0.414262  
   899     0.006115     0.414256  
   900     0.006089     0.414259  
   901     0.006062     0.414282  
   902     0.006037     0.414302  
   903     0.006014     0.414291  
   904     0.005986     0.414284  
   905     0.005962     0.414273  
   906     0.005934     0.414252  
   907     0.005912     0.414259  
   908     0.005890     0.414268  
   909     0.005865     0.414272  
   910     0.005839     0.414309  
   911     0.005816     0.414346  
   912     0.005792     0.414322  
   913     0.005769     0.414374  
   914     0.005748     0.414353  
   915     0.005725     0.414343  
   916     0.005701     0.414378  
   917     0.005676     0.414408  
   918     0.005650     0.414445  
   919     0.005627     0.414454  
   920     0.005606     0.414468  
   921     0.005584     0.414458  
   922     0.005561     0.414471  
   923     0.005538     0.414499  
   924     0.005519     0.414491  
   925     0.005498     0.414528  
   926     0.005474     0.414557  
   927     0.005450     0.414537  
   928     0.005427     0.414540  
   929     0.005406     0.414486  
   930     0.005383     0.414490  
   931     0.005363     0.414532  
   932     0.005340     0.414542  
   933     0.005318     0.414528  
   934     0.005295     0.414514  
   935     0.005273     0.414509  
   936     0.005252     0.414486  
   937     0.005230     0.414457  
   938     0.005209     0.414419  
   939     0.005190     0.414399  
   940     0.005168     0.414399  
   941     0.005147     0.414399  
   942     0.005126     0.414399  
   943     0.005104     0.414363  
   944     0.005087     0.414362  
   945     0.005064     0.414345  
   946     0.005041     0.414360  
   947     0.005020     0.414361  
   948     0.004998     0.414311  
   949     0.004981     0.414337  
   950     0.004961     0.414354  
   951     0.004942     0.414367  
   952     0.004921     0.414371  
   953     0.004904     0.414401  
   954     0.004883     0.414407  
   955     0.004863     0.414428  
   956     0.004843     0.414455  
   957     0.004825     0.414484  
   958     0.004802     0.414493  
   959     0.004786     0.414538  
   960     0.004765     0.414539  
   961     0.004747     0.414543  
   962     0.004730     0.414576  
   963     0.004709     0.414579  
   964     0.004689     0.414574  
   965     0.004668     0.414564  
   966     0.004649     0.414590  
   967     0.004629     0.414574  
   968     0.004612     0.414611  
   969     0.004593     0.414611  
   970     0.004577     0.414617  
   971     0.004559     0.414622  
   972     0.004540     0.414639  
   973     0.004520     0.414631  
   974     0.004503     0.414604  
   975     0.004487     0.414589  
   976     0.004466     0.414634  
   977     0.004450     0.414648  
   978     0.004430     0.414659  
   979     0.004411     0.414668  
   980     0.004393     0.414706  
   981     0.004376     0.414693  
   982     0.004360     0.414696  
   983     0.004342     0.414696  
   984     0.004323     0.414678  
   985     0.004305     0.414631  
   986     0.004289     0.414602  
   987     0.004272     0.414579  
   988     0.004254     0.414581  
# best iteration 888 (val l2 0.414205)
# Spearman  train +0.9933  val +0.7731  test +0.7891
