# gbm_seq+edge seed 2
# boosted trees on seq+edge
# inputs 15310, 25 trees
# LightGBM gradient-boosted trees, objective l2, lr 0.05, num_leaves 31, min_data_in_leaf 20, feature_fraction 0.3, bagging 0.8, lambda_l2 1.0, up to 3000 rounds, early stopping 100 on validation l2
# loss = l2 on standardised log10 half-life
#
 round        train          val  note
     1     0.959110     0.809706  
     2     0.921038     0.800462  
     3     0.887786     0.786050  
     4     0.856387     0.781318  
     5     0.827008     0.776119  
     6     0.799761     0.766391  
     7     0.775761     0.761912  
     8     0.752540     0.758106  
     9     0.730670     0.755713  
    10     0.711444     0.754570  
    11     0.692532     0.753952  
    12     0.675633     0.749123  
    13     0.659411     0.751531  
    14     0.643588     0.751815  
    15     0.629743     0.752758  
    16     0.615245     0.751405  
    17     0.602575     0.752215  
    18     0.590090     0.751397  
    19     0.579209     0.750043  
    20     0.568189     0.750383  
    21     0.558171     0.749354  
    22     0.548486     0.749889  
    23     0.539035     0.748621  
    24     0.530137     0.748761  
    25     0.522080     0.748516  * best
    26     0.514358     0.750924  
    27     0.506555     0.752843  
    28     0.499411     0.753775  
    29     0.492502     0.756121  
    30     0.485864     0.756246  
    31     0.479400     0.756457  
    32     0.473384     0.758178  
    33     0.467823     0.758549  
    34     0.462013     0.757663  
    35     0.456537     0.756232  
    36     0.451519     0.757095  
    37     0.446161     0.757692  
    38     0.441769     0.757008  
    39     0.437033     0.756593  
    40     0.432519     0.756403  
    41     0.428007     0.755314  
    42     0.423506     0.755142  
    43     0.419442     0.754493  
    44     0.415245     0.755766  
    45     0.411430     0.755004  
    46     0.407523     0.755301  
    47     0.403726     0.755574  
    48     0.399957     0.756560  
    49     0.396135     0.757370  
    50     0.392574     0.758126  
    51     0.388852     0.757592  
    52     0.385437     0.758014  
    53     0.381815     0.757581  
    54     0.378271     0.757082  
    55     0.374807     0.755116  
    56     0.371400     0.755396  
    57     0.368221     0.755635  
    58     0.365134     0.756735  
    59     0.362020     0.758031  
    60     0.359010     0.758810  
    61     0.355929     0.759296  
    62     0.352894     0.758461  
    63     0.349745     0.758445  
    64     0.346522     0.757418  
    65     0.343344     0.756186  
    66     0.340515     0.756260  
    67     0.337787     0.757076  
    68     0.334906     0.756077  
    69     0.332184     0.756453  
    70     0.329612     0.755201  
    71     0.326715     0.755212  
    72     0.324148     0.756174  
    73     0.321596     0.757553  
    74     0.318962     0.756667  
    75     0.316583     0.756893  
    76     0.314138     0.757485  
    77     0.311568     0.758693  
    78     0.309036     0.758862  
    79     0.306531     0.760694  
    80     0.304184     0.760725  
    81     0.301776     0.760483  
    82     0.299392     0.760728  
    83     0.297188     0.761478  
    84     0.295021     0.761445  
    85     0.292746     0.760242  
    86     0.290661     0.760802  
    87     0.288579     0.760507  
    88     0.286535     0.761425  
    89     0.284441     0.761876  
    90     0.282449     0.762766  
    91     0.280386     0.761637  
    92     0.278358     0.760201  
    93     0.276554     0.760618  
    94     0.274493     0.761834  
    95     0.272590     0.762192  
    96     0.270582     0.765287  
    97     0.268689     0.763323  
    98     0.266838     0.763999  
    99     0.264859     0.762815  
   100     0.262837     0.764986  
   101     0.260859     0.765789  
   102     0.258959     0.766726  
   103     0.257028     0.766191  
   104     0.255264     0.765171  
   105     0.253483     0.765346  
   106     0.251673     0.766872  
   107     0.249924     0.766267  
   108     0.248256     0.766932  
   109     0.246617     0.766468  
   110     0.244860     0.766101  
   111     0.243239     0.767725  
   112     0.241630     0.768269  
   113     0.240081     0.768045  
   114     0.238558     0.770020  
   115     0.236916     0.768500  
   116     0.235375     0.769236  
   117     0.233830     0.767676  
   118     0.232265     0.768223  
   119     0.230701     0.768862  
   120     0.229217     0.767928  
   121     0.227692     0.768178  
   122     0.226157     0.768023  
   123     0.224733     0.767811  
   124     0.223151     0.767147  
   125     0.221680     0.766847  
# best iteration 25 (val l2 0.748516)
# Spearman  train +0.7615  val +0.0461  test -0.3135
