# gbm_seq+boltz+node seed 1
# boosted trees on seq+boltz+node
# inputs 13927, 1,618 trees
# LightGBM gradient-boosted trees, objective l2, lr 0.05, num_leaves 31, min_data_in_leaf 20, feature_fraction 0.3, bagging 0.8, lambda_l2 1.0, up to 3000 rounds, early stopping 100 on validation l2
# loss = l2 on standardised log10 half-life
#
 round        train          val  note
     1     0.966172     0.976777  
     2     0.932448     0.946994  
     3     0.901940     0.920183  
     4     0.873515     0.894433  
     5     0.848617     0.873530  
     6     0.823582     0.852036  
     7     0.801322     0.832516  
     8     0.780037     0.815202  
     9     0.759912     0.797596  
    10     0.740455     0.780971  
    11     0.721160     0.763946  
    12     0.705323     0.750970  
    13     0.689938     0.738431  
    14     0.674506     0.726158  
    15     0.660256     0.715481  
    16     0.646953     0.705395  
    17     0.633656     0.694419  
    18     0.621741     0.684405  
    19     0.610939     0.676361  
    20     0.599866     0.667867  
    21     0.589870     0.660500  
    22     0.580152     0.652280  
    23     0.570034     0.644917  
    24     0.560923     0.638074  
    25     0.552742     0.631916  
    26     0.544367     0.625206  
    27     0.536405     0.619762  
    28     0.528612     0.614259  
    29     0.521471     0.609571  
    30     0.514625     0.604729  
    31     0.508041     0.600040  
    32     0.501786     0.596168  
    33     0.495508     0.592488  
    34     0.489554     0.589188  
    35     0.483218     0.584179  
    36     0.477525     0.580060  
    37     0.471489     0.576030  
    38     0.466265     0.573275  
    39     0.460442     0.568909  
    40     0.454887     0.565098  
    41     0.450461     0.562441  
    42     0.445507     0.560072  
    43     0.440872     0.557604  
    44     0.436712     0.555385  
    45     0.432483     0.553350  
    46     0.427689     0.551275  
    47     0.423509     0.547978  
    48     0.419639     0.545889  
    49     0.415626     0.543619  
    50     0.411891     0.542718  
    51     0.407712     0.539889  
    52     0.404146     0.537994  
    53     0.400683     0.536339  
    54     0.397189     0.534488  
    55     0.393160     0.531619  
    56     0.389329     0.529159  
    57     0.385633     0.527758  
    58     0.381165     0.524834  
    59     0.378094     0.523618  
    60     0.374913     0.521579  
    61     0.371874     0.520158  
    62     0.368937     0.518391  
    63     0.365849     0.517335  
    64     0.363175     0.516485  
    65     0.360057     0.514941  
    66     0.357031     0.513199  
    67     0.354218     0.512022  
    68     0.351390     0.510535  
    69     0.348563     0.508407  
    70     0.346096     0.507462  
    71     0.343344     0.506382  
    72     0.340729     0.505660  
    73     0.338249     0.504136  
    74     0.335841     0.503211  
    75     0.333178     0.501829  
    76     0.330712     0.501141  
    77     0.328248     0.500335  
    78     0.325833     0.499607  
    79     0.323255     0.498499  
    80     0.320575     0.496586  
    81     0.318036     0.495879  
    82     0.315531     0.494376  
    83     0.313153     0.493470  
    84     0.310828     0.492431  
    85     0.308681     0.491160  
    86     0.306477     0.490108  
    87     0.304079     0.488960  
    88     0.301974     0.488124  
    89     0.299773     0.487067  
    90     0.297694     0.485618  
    91     0.295626     0.485029  
    92     0.293704     0.484845  
    93     0.291732     0.484696  
    94     0.289643     0.483610  
    95     0.287421     0.482859  
    96     0.285372     0.481956  
    97     0.283456     0.481278  
    98     0.281567     0.480907  
    99     0.279536     0.480421  
   100     0.277629     0.479965  
   101     0.275631     0.479246  
   102     0.273878     0.478485  
   103     0.271990     0.477916  
   104     0.270238     0.477436  
   105     0.268386     0.476574  
   106     0.266463     0.475530  
   107     0.264662     0.474904  
   108     0.262893     0.474209  
   109     0.261199     0.473646  
   110     0.259381     0.473131  
   111     0.257764     0.472922  
   112     0.256196     0.472355  
   113     0.254504     0.472055  
   114     0.252903     0.471578  
   115     0.251270     0.470565  
   116     0.249608     0.470410  
   117     0.247949     0.469992  
   118     0.246388     0.469829  
   119     0.244824     0.469324  
   120     0.243246     0.468884  
   121     0.241685     0.468776  
   122     0.240155     0.468576  
   123     0.238656     0.467966  
   124     0.237039     0.467428  
   125     0.235585     0.466751  
   126     0.234130     0.466281  
   127     0.232605     0.465672  
   128     0.231144     0.464985  
   129     0.229797     0.464635  
   130     0.228379     0.464251  
   131     0.227048     0.463773  
   132     0.225624     0.463460  
   133     0.224268     0.463191  
   134     0.222966     0.462880  
   135     0.221651     0.462487  
   136     0.220326     0.461913  
   137     0.218871     0.460999  
   138     0.217486     0.460517  
   139     0.216130     0.459711  
   140     0.214735     0.459495  
   141     0.213475     0.459001  
   142     0.212260     0.458683  
   143     0.210962     0.458185  
   144     0.209625     0.458036  
   145     0.208399     0.457488  
   146     0.207143     0.456668  
   147     0.205964     0.456592  
   148     0.204674     0.456386  
   149     0.203480     0.455796  
   150     0.202299     0.455728  
   151     0.201131     0.455392  
   152     0.199841     0.454995  
   153     0.198648     0.455097  
   154     0.197511     0.454920  
   155     0.196223     0.454505  
   156     0.195097     0.453873  
   157     0.193952     0.453582  
   158     0.192780     0.453126  
   159     0.191789     0.452988  
   160     0.190662     0.452769  
   161     0.189566     0.452280  
   162     0.188465     0.451956  
   163     0.187411     0.451610  
   164     0.186334     0.451399  
   165     0.185317     0.450822  
   166     0.184209     0.450451  
   167     0.183103     0.449964  
   168     0.182087     0.449742  
   169     0.180986     0.449460  
   170     0.179971     0.449371  
   171     0.179060     0.449357  
   172     0.178123     0.449367  
   173     0.177055     0.448898  
   174     0.176089     0.448962  
   175     0.175052     0.448437  
   176     0.174049     0.448299  
   177     0.173096     0.447933  
   178     0.172144     0.447775  
   179     0.171198     0.447600  
   180     0.170280     0.447633  
   181     0.169307     0.447429  
   182     0.168332     0.447391  
   183     0.167415     0.447320  
   184     0.166473     0.447234  
   185     0.165523     0.446742  
   186     0.164578     0.446518  
   187     0.163626     0.445887  
   188     0.162728     0.445754  
   189     0.161900     0.445249  
   190     0.161019     0.444880  
   191     0.160104     0.444603  
   192     0.159205     0.444365  
   193     0.158213     0.444128  
   194     0.157338     0.444035  
   195     0.156409     0.443861  
   196     0.155603     0.443507  
   197     0.154699     0.443373  
   198     0.153816     0.443069  
   199     0.153008     0.442624  
   200     0.152215     0.442480  
   201     0.151373     0.442254  
   202     0.150550     0.442061  
   203     0.149697     0.442048  
   204     0.148900     0.441714  
   205     0.148122     0.441571  
   206     0.147309     0.441625  
   207     0.146506     0.441423  
   208     0.145760     0.441435  
   209     0.144995     0.441041  
   210     0.144172     0.441385  
   211     0.143404     0.441340  
   212     0.142606     0.441180  
   213     0.141889     0.441035  
   214     0.141140     0.441409  
   215     0.140431     0.441186  
   216     0.139710     0.441144  
   217     0.138998     0.441248  
   218     0.138258     0.441037  
   219     0.137582     0.440804  
   220     0.136880     0.440783  
   221     0.136166     0.440788  
   222     0.135457     0.440732  
   223     0.134718     0.440664  
   224     0.134017     0.440504  
   225     0.133343     0.440218  
   226     0.132676     0.440136  
   227     0.131994     0.440092  
   228     0.131280     0.439840  
   229     0.130567     0.439702  
   230     0.129834     0.439573  
   231     0.129189     0.439443  
   232     0.128463     0.439338  
   233     0.127744     0.439123  
   234     0.127070     0.438923  
   235     0.126352     0.438573  
   236     0.125720     0.438490  
   237     0.125089     0.438411  
   238     0.124412     0.438288  
   239     0.123733     0.438261  
   240     0.123186     0.438233  
   241     0.122529     0.438158  
   242     0.121900     0.438264  
   243     0.121295     0.437998  
   244     0.120639     0.438009  
   245     0.119993     0.437987  
   246     0.119353     0.437950  
   247     0.118732     0.437917  
   248     0.118033     0.437930  
   249     0.117415     0.437802  
   250     0.116819     0.437800  
   251     0.116237     0.437698  
   252     0.115679     0.437470  
   253     0.115076     0.437621  
   254     0.114452     0.437583  
   255     0.113835     0.437167  
   256     0.113226     0.437156  
   257     0.112624     0.436873  
   258     0.112066     0.436746  
   259     0.111501     0.436453  
   260     0.110933     0.436301  
   261     0.110344     0.436215  
   262     0.109801     0.436126  
   263     0.109232     0.436066  
   264     0.108706     0.436057  
   265     0.108195     0.435989  
   266     0.107621     0.435962  
   267     0.107088     0.436051  
   268     0.106560     0.435881  
   269     0.105978     0.435660  
   270     0.105444     0.435537  
   271     0.104896     0.435322  
   272     0.104335     0.434908  
   273     0.103800     0.434533  
   274     0.103298     0.434525  
   275     0.102743     0.434292  
   276     0.102197     0.434192  
   277     0.101650     0.434140  
   278     0.101131     0.433959  
   279     0.100621     0.433819  
   280     0.100084     0.433688  
   281     0.099607     0.433692  
   282     0.099112     0.433574  
   283     0.098633     0.433371  
   284     0.098139     0.433355  
   285     0.097625     0.433432  
   286     0.097129     0.433423  
   287     0.096656     0.433284  
   288     0.096120     0.433012  
   289     0.095600     0.432930  
   290     0.095122     0.432782  
   291     0.094601     0.432620  
   292     0.094128     0.432555  
   293     0.093687     0.432467  
   294     0.093177     0.432362  
   295     0.092749     0.432101  
   296     0.092229     0.432105  
   297     0.091784     0.432056  
   298     0.091350     0.431928  
   299     0.090906     0.431735  
   300     0.090425     0.431889  
   301     0.089959     0.431750  
   302     0.089511     0.431803  
   303     0.089068     0.431964  
   304     0.088639     0.431760  
   305     0.088236     0.431907  
   306     0.087787     0.431718  
   307     0.087358     0.431725  
   308     0.086946     0.431756  
   309     0.086478     0.431641  
   310     0.086027     0.431490  
   311     0.085614     0.431408  
   312     0.085163     0.431280  
   313     0.084773     0.431190  
   314     0.084375     0.431002  
   315     0.083986     0.430872  
   316     0.083595     0.430818  
   317     0.083198     0.430864  
   318     0.082758     0.430795  
   319     0.082349     0.430706  
   320     0.081913     0.430647  
   321     0.081542     0.430610  
   322     0.081188     0.430502  
   323     0.080776     0.430588  
   324     0.080402     0.430712  
   325     0.080008     0.430679  
   326     0.079665     0.430763  
   327     0.079265     0.430711  
   328     0.078845     0.430715  
   329     0.078468     0.430533  
   330     0.078060     0.430444  
   331     0.077672     0.430188  
   332     0.077276     0.430145  
   333     0.076871     0.430094  
   334     0.076470     0.430131  
   335     0.076100     0.430010  
   336     0.075728     0.429994  
   337     0.075325     0.429830  
   338     0.074971     0.429872  
   339     0.074602     0.429780  
   340     0.074238     0.429677  
   341     0.073890     0.429608  
   342     0.073526     0.429635  
   343     0.073188     0.429652  
   344     0.072814     0.429647  
   345     0.072477     0.429772  
   346     0.072102     0.429521  
   347     0.071804     0.429552  
   348     0.071470     0.429462  
   349     0.071153     0.429374  
   350     0.070832     0.429463  
   351     0.070461     0.429294  
   352     0.070116     0.429252  
   353     0.069803     0.428979  
   354     0.069483     0.428830  
   355     0.069169     0.428845  
   356     0.068833     0.428845  
   357     0.068508     0.428639  
   358     0.068191     0.428798  
   359     0.067856     0.428713  
   360     0.067524     0.428685  
   361     0.067202     0.428551  
   362     0.066848     0.428445  
   363     0.066540     0.428308  
   364     0.066227     0.428152  
   365     0.065929     0.427872  
   366     0.065618     0.427793  
   367     0.065284     0.427792  
   368     0.064981     0.427744  
   369     0.064653     0.427733  
   370     0.064381     0.427654  
   371     0.064070     0.427668  
   372     0.063777     0.427808  
   373     0.063482     0.427870  
   374     0.063204     0.427838  
   375     0.062927     0.427766  
   376     0.062634     0.427662  
   377     0.062363     0.427770  
   378     0.062072     0.427647  
   379     0.061774     0.427570  
   380     0.061472     0.427527  
   381     0.061176     0.427418  
   382     0.060887     0.427307  
   383     0.060583     0.427248  
   384     0.060297     0.427117  
   385     0.060021     0.427023  
   386     0.059752     0.426966  
   387     0.059509     0.427080  
   388     0.059213     0.427006  
   389     0.058959     0.427067  
   390     0.058699     0.426903  
   391     0.058434     0.426930  
   392     0.058130     0.426722  
   393     0.057874     0.426628  
   394     0.057610     0.426649  
   395     0.057310     0.426615  
   396     0.057013     0.426607  
   397     0.056739     0.426507  
   398     0.056480     0.426409  
   399     0.056225     0.426506  
   400     0.055978     0.426493  
   401     0.055724     0.426542  
   402     0.055449     0.426542  
   403     0.055209     0.426587  
   404     0.054971     0.426477  
   405     0.054702     0.426436  
   406     0.054447     0.426388  
   407     0.054154     0.426144  
   408     0.053899     0.426019  
   409     0.053663     0.425988  
   410     0.053436     0.425938  
   411     0.053204     0.425845  
   412     0.052937     0.425748  
   413     0.052713     0.425685  
   414     0.052469     0.425798  
   415     0.052241     0.425724  
   416     0.051994     0.425780  
   417     0.051773     0.425773  
   418     0.051537     0.425856  
   419     0.051310     0.425911  
   420     0.051063     0.425988  
   421     0.050845     0.426078  
   422     0.050588     0.426146  
   423     0.050369     0.426198  
   424     0.050177     0.426056  
   425     0.049946     0.426035  
   426     0.049738     0.426079  
   427     0.049489     0.425907  
   428     0.049244     0.425843  
   429     0.049006     0.425781  
   430     0.048789     0.425835  
   431     0.048578     0.425860  
   432     0.048348     0.425781  
   433     0.048130     0.425766  
   434     0.047922     0.425878  
   435     0.047695     0.425760  
   436     0.047500     0.425694  
   437     0.047317     0.425585  
   438     0.047107     0.425417  
   439     0.046898     0.425394  
   440     0.046685     0.425389  
   441     0.046491     0.425419  
   442     0.046275     0.425498  
   443     0.046042     0.425547  
   444     0.045840     0.425531  
   445     0.045660     0.425434  
   446     0.045448     0.425436  
   447     0.045273     0.425423  
   448     0.045042     0.425397  
   449     0.044829     0.425422  
   450     0.044630     0.425304  
   451     0.044438     0.425360  
   452     0.044247     0.425414  
   453     0.044030     0.425481  
   454     0.043804     0.425430  
   455     0.043606     0.425458  
   456     0.043403     0.425434  
   457     0.043200     0.425320  
   458     0.043021     0.425248  
   459     0.042823     0.425192  
   460     0.042621     0.425066  
   461     0.042450     0.425038  
   462     0.042253     0.425082  
   463     0.042062     0.425027  
   464     0.041884     0.425089  
   465     0.041694     0.425010  
   466     0.041505     0.424973  
   467     0.041303     0.425009  
   468     0.041104     0.424949  
   469     0.040906     0.424876  
   470     0.040721     0.424808  
   471     0.040518     0.424668  
   472     0.040339     0.424572  
   473     0.040165     0.424738  
   474     0.039979     0.424678  
   475     0.039796     0.424621  
   476     0.039650     0.424566  
   477     0.039477     0.424428  
   478     0.039286     0.424429  
   479     0.039110     0.424320  
   480     0.038923     0.424323  
   481     0.038752     0.424340  
   482     0.038559     0.424287  
   483     0.038410     0.424210  
   484     0.038234     0.424307  
   485     0.038051     0.424224  
   486     0.037876     0.424161  
   487     0.037701     0.424213  
   488     0.037536     0.424157  
   489     0.037358     0.424137  
   490     0.037190     0.424043  
   491     0.037014     0.424122  
   492     0.036832     0.424055  
   493     0.036656     0.424207  
   494     0.036482     0.424272  
   495     0.036316     0.424218  
   496     0.036138     0.424141  
   497     0.035975     0.424153  
   498     0.035803     0.424095  
   499     0.035650     0.423950  
   500     0.035488     0.423978  
   501     0.035317     0.424102  
   502     0.035161     0.424002  
   503     0.035011     0.424054  
   504     0.034852     0.424025  
   505     0.034700     0.424078  
   506     0.034542     0.424070  
   507     0.034401     0.424073  
   508     0.034234     0.424113  
   509     0.034076     0.424011  
   510     0.033923     0.423945  
   511     0.033782     0.423974  
   512     0.033635     0.424019  
   513     0.033503     0.424067  
   514     0.033366     0.424077  
   515     0.033213     0.424027  
   516     0.033074     0.424116  
   517     0.032924     0.424058  
   518     0.032790     0.423960  
   519     0.032651     0.424006  
   520     0.032506     0.423965  
   521     0.032386     0.423856  
   522     0.032249     0.423844  
   523     0.032112     0.423784  
   524     0.031965     0.423734  
   525     0.031811     0.423671  
   526     0.031669     0.423519  
   527     0.031531     0.423482  
   528     0.031400     0.423606  
   529     0.031274     0.423490  
   530     0.031129     0.423477  
   531     0.030985     0.423327  
   532     0.030848     0.423291  
   533     0.030717     0.423268  
   534     0.030586     0.423198  
   535     0.030435     0.423167  
   536     0.030307     0.423100  
   537     0.030179     0.423105  
   538     0.030054     0.423032  
   539     0.029920     0.423151  
   540     0.029794     0.423010  
   541     0.029665     0.422984  
   542     0.029522     0.422928  
   543     0.029379     0.422805  
   544     0.029240     0.422723  
   545     0.029118     0.422676  
   546     0.028999     0.422614  
   547     0.028860     0.422692  
   548     0.028727     0.422619  
   549     0.028600     0.422596  
   550     0.028473     0.422543  
   551     0.028354     0.422475  
   552     0.028237     0.422508  
   553     0.028108     0.422568  
   554     0.027984     0.422603  
   555     0.027868     0.422571  
   556     0.027752     0.422617  
   557     0.027638     0.422508  
   558     0.027520     0.422604  
   559     0.027400     0.422607  
   560     0.027279     0.422530  
   561     0.027143     0.422435  
   562     0.027028     0.422393  
   563     0.026907     0.422395  
   564     0.026791     0.422380  
   565     0.026681     0.422360  
   566     0.026569     0.422357  
   567     0.026459     0.422352  
   568     0.026346     0.422386  
   569     0.026233     0.422405  
   570     0.026126     0.422375  
   571     0.026027     0.422290  
   572     0.025914     0.422257  
   573     0.025794     0.422198  
   574     0.025674     0.422209  
   575     0.025559     0.422285  
   576     0.025453     0.422172  
   577     0.025343     0.422126  
   578     0.025234     0.422174  
   579     0.025128     0.422239  
   580     0.025021     0.422229  
   581     0.024905     0.422165  
   582     0.024792     0.422225  
   583     0.024682     0.422292  
   584     0.024567     0.422233  
   585     0.024461     0.422189  
   586     0.024366     0.422124  
   587     0.024272     0.422065  
   588     0.024177     0.422173  
   589     0.024077     0.422112  
   590     0.023979     0.422159  
   591     0.023879     0.422084  
   592     0.023778     0.422030  
   593     0.023670     0.421985  
   594     0.023570     0.422000  
   595     0.023456     0.422088  
   596     0.023351     0.422080  
   597     0.023254     0.421989  
   598     0.023149     0.421965  
   599     0.023062     0.422054  
   600     0.022973     0.422037  
   601     0.022862     0.421974  
   602     0.022765     0.421935  
   603     0.022674     0.421893  
   604     0.022576     0.421954  
   605     0.022482     0.421915  
   606     0.022381     0.421909  
   607     0.022283     0.421869  
   608     0.022187     0.421861  
   609     0.022086     0.421898  
   610     0.021986     0.421872  
   611     0.021886     0.421908  
   612     0.021791     0.421901  
   613     0.021709     0.421851  
   614     0.021631     0.421908  
   615     0.021540     0.422000  
   616     0.021440     0.421929  
   617     0.021339     0.422047  
   618     0.021248     0.422073  
   619     0.021157     0.422111  
   620     0.021073     0.422111  
   621     0.020987     0.422058  
   622     0.020896     0.422094  
   623     0.020811     0.422134  
   624     0.020734     0.422088  
   625     0.020649     0.422156  
   626     0.020561     0.422203  
   627     0.020473     0.422205  
   628     0.020385     0.422203  
   629     0.020290     0.422212  
   630     0.020199     0.422126  
   631     0.020116     0.422129  
   632     0.020037     0.422029  
   633     0.019954     0.422038  
   634     0.019864     0.422030  
   635     0.019773     0.422036  
   636     0.019691     0.422004  
   637     0.019607     0.422078  
   638     0.019522     0.422002  
   639     0.019454     0.422042  
   640     0.019376     0.422076  
   641     0.019285     0.422165  
   642     0.019193     0.422113  
   643     0.019106     0.422131  
   644     0.019025     0.422161  
   645     0.018941     0.422132  
   646     0.018854     0.422070  
   647     0.018782     0.422089  
   648     0.018698     0.422118  
   649     0.018618     0.422119  
   650     0.018537     0.422192  
   651     0.018463     0.422225  
   652     0.018387     0.422193  
   653     0.018308     0.422134  
   654     0.018226     0.422116  
   655     0.018150     0.422152  
   656     0.018075     0.422117  
   657     0.017992     0.422139  
   658     0.017915     0.422159  
   659     0.017844     0.422085  
   660     0.017764     0.422066  
   661     0.017691     0.422090  
   662     0.017611     0.422048  
   663     0.017531     0.422050  
   664     0.017467     0.422087  
   665     0.017385     0.422043  
   666     0.017315     0.422071  
   667     0.017238     0.422082  
   668     0.017155     0.422066  
   669     0.017082     0.422024  
   670     0.017004     0.421979  
   671     0.016936     0.421937  
   672     0.016867     0.421938  
   673     0.016802     0.421879  
   674     0.016726     0.421823  
   675     0.016659     0.421758  
   676     0.016589     0.421735  
   677     0.016535     0.421752  
   678     0.016468     0.421684  
   679     0.016392     0.421638  
   680     0.016328     0.421650  
   681     0.016253     0.421634  
   682     0.016183     0.421654  
   683     0.016112     0.421642  
   684     0.016045     0.421580  
   685     0.015977     0.421602  
   686     0.015905     0.421528  
   687     0.015836     0.421519  
   688     0.015765     0.421478  
   689     0.015700     0.421480  
   690     0.015633     0.421475  
   691     0.015562     0.421436  
   692     0.015502     0.421459  
   693     0.015434     0.421426  
   694     0.015377     0.421291  
   695     0.015307     0.421352  
   696     0.015243     0.421401  
   697     0.015175     0.421432  
   698     0.015118     0.421407  
   699     0.015061     0.421469  
   700     0.015002     0.421494  
   701     0.014950     0.421467  
   702     0.014885     0.421419  
   703     0.014827     0.421359  
   704     0.014758     0.421461  
   705     0.014693     0.421409  
   706     0.014630     0.421351  
   707     0.014566     0.421304  
   708     0.014501     0.421291  
   709     0.014441     0.421305  
   710     0.014380     0.421289  
   711     0.014319     0.421357  
   712     0.014258     0.421396  
   713     0.014200     0.421384  
   714     0.014145     0.421445  
   715     0.014083     0.421420  
   716     0.014024     0.421386  
   717     0.013965     0.421323  
   718     0.013905     0.421212  
   719     0.013843     0.421304  
   720     0.013781     0.421282  
   721     0.013724     0.421294  
   722     0.013671     0.421322  
   723     0.013622     0.421332  
   724     0.013566     0.421302  
   725     0.013509     0.421289  
   726     0.013447     0.421252  
   727     0.013394     0.421303  
   728     0.013345     0.421291  
   729     0.013293     0.421239  
   730     0.013236     0.421252  
   731     0.013183     0.421219  
   732     0.013129     0.421285  
   733     0.013071     0.421269  
   734     0.013016     0.421315  
   735     0.012959     0.421393  
   736     0.012902     0.421411  
   737     0.012855     0.421384  
   738     0.012805     0.421375  
   739     0.012748     0.421311  
   740     0.012693     0.421354  
   741     0.012644     0.421407  
   742     0.012588     0.421385  
   743     0.012539     0.421341  
   744     0.012487     0.421363  
   745     0.012430     0.421403  
   746     0.012382     0.421363  
   747     0.012327     0.421306  
   748     0.012276     0.421287  
   749     0.012226     0.421282  
   750     0.012173     0.421238  
   751     0.012113     0.421189  
   752     0.012062     0.421163  
   753     0.012007     0.421122  
   754     0.011955     0.421105  
   755     0.011907     0.421082  
   756     0.011858     0.421044  
   757     0.011807     0.421046  
   758     0.011757     0.421020  
   759     0.011700     0.421078  
   760     0.011650     0.421076  
   761     0.011602     0.421105  
   762     0.011554     0.421074  
   763     0.011503     0.421134  
   764     0.011455     0.421184  
   765     0.011406     0.421206  
   766     0.011359     0.421144  
   767     0.011313     0.421139  
   768     0.011270     0.421198  
   769     0.011224     0.421187  
   770     0.011177     0.421183  
   771     0.011132     0.421200  
   772     0.011082     0.421190  
   773     0.011040     0.421156  
   774     0.010994     0.421143  
   775     0.010943     0.421196  
   776     0.010904     0.421219  
   777     0.010860     0.421168  
   778     0.010811     0.421194  
   779     0.010765     0.421187  
   780     0.010717     0.421143  
   781     0.010672     0.421080  
   782     0.010634     0.421048  
   783     0.010590     0.421045  
   784     0.010543     0.421027  
   785     0.010501     0.421042  
   786     0.010459     0.421065  
   787     0.010420     0.421096  
   788     0.010380     0.421119  
   789     0.010334     0.421055  
   790     0.010288     0.421101  
   791     0.010243     0.421074  
   792     0.010204     0.421121  
   793     0.010160     0.421088  
   794     0.010119     0.421095  
   795     0.010074     0.421101  
   796     0.010033     0.421052  
   797     0.009989     0.421053  
   798     0.009950     0.421057  
   799     0.009913     0.421019  
   800     0.009872     0.421022  
   801     0.009831     0.420988  
   802     0.009791     0.420941  
   803     0.009750     0.420852  
   804     0.009707     0.420813  
   805     0.009661     0.420806  
   806     0.009620     0.420839  
   807     0.009581     0.420871  
   808     0.009538     0.420867  
   809     0.009500     0.420838  
   810     0.009460     0.420834  
   811     0.009425     0.420822  
   812     0.009384     0.420746  
   813     0.009345     0.420739  
   814     0.009305     0.420718  
   815     0.009268     0.420726  
   816     0.009227     0.420690  
   817     0.009188     0.420652  
   818     0.009151     0.420599  
   819     0.009109     0.420613  
   820     0.009068     0.420615  
   821     0.009029     0.420623  
   822     0.008992     0.420655  
   823     0.008956     0.420654  
   824     0.008922     0.420643  
   825     0.008882     0.420668  
   826     0.008845     0.420675  
   827     0.008809     0.420689  
   828     0.008765     0.420615  
   829     0.008730     0.420565  
   830     0.008695     0.420502  
   831     0.008661     0.420461  
   832     0.008623     0.420441  
   833     0.008593     0.420372  
   834     0.008554     0.420356  
   835     0.008519     0.420302  
   836     0.008484     0.420278  
   837     0.008450     0.420295  
   838     0.008413     0.420251  
   839     0.008379     0.420220  
   840     0.008346     0.420182  
   841     0.008313     0.420201  
   842     0.008280     0.420234  
   843     0.008245     0.420226  
   844     0.008213     0.420242  
   845     0.008178     0.420202  
   846     0.008145     0.420157  
   847     0.008113     0.420162  
   848     0.008086     0.420149  
   849     0.008056     0.420157  
   850     0.008019     0.420141  
   851     0.007985     0.420158  
   852     0.007956     0.420149  
   853     0.007924     0.420085  
   854     0.007890     0.420087  
   855     0.007859     0.420059  
   856     0.007827     0.420073  
   857     0.007797     0.420070  
   858     0.007763     0.420035  
   859     0.007732     0.420028  
   860     0.007698     0.419985  
   861     0.007666     0.420024  
   862     0.007630     0.420031  
   863     0.007598     0.420038  
   864     0.007567     0.420012  
   865     0.007535     0.419978  
   866     0.007500     0.419960  
   867     0.007471     0.419902  
   868     0.007438     0.419830  
   869     0.007408     0.419804  
   870     0.007376     0.419786  
   871     0.007349     0.419730  
   872     0.007319     0.419720  
   873     0.007289     0.419677  
   874     0.007257     0.419666  
   875     0.007231     0.419614  
   876     0.007200     0.419570  
   877     0.007167     0.419533  
   878     0.007141     0.419504  
   879     0.007110     0.419501  
   880     0.007084     0.419555  
   881     0.007055     0.419554  
   882     0.007024     0.419582  
   883     0.006993     0.419548  
   884     0.006964     0.419498  
   885     0.006934     0.419489  
   886     0.006902     0.419549  
   887     0.006873     0.419509  
   888     0.006844     0.419534  
   889     0.006817     0.419536  
   890     0.006789     0.419540  
   891     0.006760     0.419541  
   892     0.006733     0.419530  
   893     0.006703     0.419556  
   894     0.006677     0.419560  
   895     0.006652     0.419571  
   896     0.006627     0.419523  
   897     0.006600     0.419529  
   898     0.006573     0.419548  
   899     0.006549     0.419594  
   900     0.006524     0.419576  
   901     0.006498     0.419573  
   902     0.006471     0.419588  
   903     0.006444     0.419555  
   904     0.006416     0.419581  
   905     0.006391     0.419573  
   906     0.006365     0.419577  
   907     0.006337     0.419523  
   908     0.006313     0.419518  
   909     0.006289     0.419519  
   910     0.006264     0.419487  
   911     0.006239     0.419459  
   912     0.006213     0.419432  
   913     0.006186     0.419431  
   914     0.006161     0.419419  
   915     0.006135     0.419422  
   916     0.006112     0.419434  
   917     0.006086     0.419405  
   918     0.006060     0.419431  
   919     0.006033     0.419375  
   920     0.006009     0.419325  
   921     0.005986     0.419330  
   922     0.005963     0.419375  
   923     0.005939     0.419344  
   924     0.005919     0.419303  
   925     0.005894     0.419314  
   926     0.005869     0.419343  
   927     0.005844     0.419329  
   928     0.005822     0.419287  
   929     0.005797     0.419267  
   930     0.005774     0.419266  
   931     0.005748     0.419262  
   932     0.005727     0.419235  
   933     0.005703     0.419230  
   934     0.005678     0.419279  
   935     0.005655     0.419276  
   936     0.005633     0.419312  
   937     0.005610     0.419315  
   938     0.005587     0.419339  
   939     0.005566     0.419259  
   940     0.005540     0.419226  
   941     0.005517     0.419216  
   942     0.005495     0.419177  
   943     0.005473     0.419139  
   944     0.005453     0.419139  
   945     0.005427     0.419103  
   946     0.005407     0.419069  
   947     0.005387     0.419113  
   948     0.005363     0.419098  
   949     0.005343     0.419119  
   950     0.005321     0.419137  
   951     0.005301     0.419099  
   952     0.005277     0.419073  
   953     0.005254     0.419108  
   954     0.005234     0.419073  
   955     0.005212     0.419062  
   956     0.005191     0.419091  
   957     0.005169     0.419082  
   958     0.005148     0.419077  
   959     0.005127     0.419037  
   960     0.005104     0.419058  
   961     0.005085     0.419056  
   962     0.005066     0.419098  
   963     0.005046     0.419098  
   964     0.005025     0.419119  
   965     0.005005     0.419093  
   966     0.004984     0.419039  
   967     0.004964     0.419021  
   968     0.004944     0.419043  
   969     0.004925     0.419061  
   970     0.004905     0.419028  
   971     0.004885     0.419029  
   972     0.004866     0.419016  
   973     0.004845     0.419040  
   974     0.004825     0.419045  
   975     0.004806     0.419003  
   976     0.004787     0.418961  
   977     0.004766     0.418970  
   978     0.004747     0.418961  
   979     0.004725     0.418956  
   980     0.004705     0.418980  
   981     0.004685     0.418984  
   982     0.004666     0.418944  
   983     0.004647     0.418942  
   984     0.004627     0.418943  
   985     0.004608     0.418963  
   986     0.004587     0.418970  
   987     0.004568     0.418966  
   988     0.004551     0.419002  
   989     0.004534     0.419080  
   990     0.004516     0.419075  
   991     0.004498     0.419072  
   992     0.004480     0.419041  
   993     0.004462     0.419045  
   994     0.004444     0.419050  
   995     0.004426     0.419042  
   996     0.004409     0.419021  
   997     0.004391     0.419003  
   998     0.004374     0.418990  
   999     0.004357     0.418908  
  1000     0.004338     0.418915  
  1001     0.004321     0.418902  
  1002     0.004303     0.418904  
  1003     0.004284     0.418853  
  1004     0.004265     0.418845  
  1005     0.004247     0.418844  
  1006     0.004231     0.418817  
  1007     0.004212     0.418798  
  1008     0.004195     0.418785  
  1009     0.004178     0.418773  
  1010     0.004160     0.418803  
  1011     0.004141     0.418784  
  1012     0.004125     0.418802  
  1013     0.004109     0.418795  
  1014     0.004093     0.418837  
  1015     0.004078     0.418807  
  1016     0.004062     0.418826  
  1017     0.004046     0.418824  
  1018     0.004029     0.418868  
  1019     0.004012     0.418901  
  1020     0.003995     0.418894  
  1021     0.003981     0.418857  
  1022     0.003965     0.418855  
  1023     0.003951     0.418839  
  1024     0.003937     0.418839  
  1025     0.003922     0.418838  
  1026     0.003906     0.418838  
  1027     0.003891     0.418838  
  1028     0.003876     0.418856  
  1029     0.003862     0.418878  
  1030     0.003847     0.418869  
  1031     0.003831     0.418853  
  1032     0.003815     0.418858  
  1033     0.003799     0.418895  
  1034     0.003783     0.418846  
  1035     0.003769     0.418876  
  1036     0.003753     0.418842  
  1037     0.003737     0.418820  
  1038     0.003724     0.418857  
  1039     0.003710     0.418900  
  1040     0.003694     0.418906  
  1041     0.003680     0.418922  
  1042     0.003665     0.418898  
  1043     0.003651     0.418913  
  1044     0.003638     0.418886  
  1045     0.003622     0.418901  
  1046     0.003608     0.418884  
  1047     0.003592     0.418893  
  1048     0.003577     0.418922  
  1049     0.003563     0.418976  
  1050     0.003549     0.418997  
  1051     0.003533     0.419007  
  1052     0.003517     0.418985  
  1053     0.003504     0.418986  
  1054     0.003489     0.418951  
  1055     0.003474     0.418961  
  1056     0.003460     0.418930  
  1057     0.003446     0.418933  
  1058     0.003434     0.418916  
  1059     0.003420     0.418932  
  1060     0.003406     0.418928  
  1061     0.003391     0.418935  
  1062     0.003379     0.418921  
  1063     0.003364     0.418904  
  1064     0.003351     0.418857  
  1065     0.003337     0.418864  
  1066     0.003323     0.418877  
  1067     0.003311     0.418870  
  1068     0.003300     0.418863  
  1069     0.003287     0.418825  
  1070     0.003276     0.418850  
  1071     0.003261     0.418816  
  1072     0.003249     0.418779  
  1073     0.003236     0.418775  
  1074     0.003223     0.418731  
  1075     0.003210     0.418703  
  1076     0.003196     0.418690  
  1077     0.003182     0.418686  
  1078     0.003171     0.418689  
  1079     0.003158     0.418715  
  1080     0.003146     0.418704  
  1081     0.003134     0.418696  
  1082     0.003122     0.418692  
  1083     0.003111     0.418684  
  1084     0.003098     0.418691  
  1085     0.003085     0.418670  
  1086     0.003071     0.418667  
  1087     0.003060     0.418635  
  1088     0.003047     0.418601  
  1089     0.003035     0.418582  
  1090     0.003022     0.418562  
  1091     0.003010     0.418590  
  1092     0.002999     0.418581  
  1093     0.002987     0.418581  
  1094     0.002974     0.418586  
  1095     0.002962     0.418599  
  1096     0.002951     0.418590  
  1097     0.002939     0.418580  
  1098     0.002928     0.418564  
  1099     0.002916     0.418564  
  1100     0.002905     0.418555  
  1101     0.002892     0.418565  
  1102     0.002880     0.418580  
  1103     0.002870     0.418569  
  1104     0.002859     0.418559  
  1105     0.002846     0.418559  
  1106     0.002836     0.418544  
  1107     0.002825     0.418534  
  1108     0.002814     0.418525  
  1109     0.002804     0.418524  
  1110     0.002792     0.418482  
  1111     0.002781     0.418489  
  1112     0.002771     0.418492  
  1113     0.002760     0.418501  
  1114     0.002749     0.418459  
  1115     0.002738     0.418465  
  1116     0.002727     0.418467  
  1117     0.002717     0.418456  
  1118     0.002706     0.418478  
  1119     0.002695     0.418479  
  1120     0.002683     0.418463  
  1121     0.002673     0.418434  
  1122     0.002664     0.418425  
  1123     0.002653     0.418418  
  1124     0.002642     0.418407  
  1125     0.002631     0.418400  
  1126     0.002621     0.418393  
  1127     0.002609     0.418390  
  1128     0.002597     0.418394  
  1129     0.002587     0.418394  
  1130     0.002575     0.418417  
  1131     0.002565     0.418403  
  1132     0.002554     0.418414  
  1133     0.002543     0.418404  
  1134     0.002534     0.418412  
  1135     0.002524     0.418416  
  1136     0.002515     0.418433  
  1137     0.002504     0.418403  
  1138     0.002495     0.418392  
  1139     0.002484     0.418384  
  1140     0.002474     0.418386  
  1141     0.002464     0.418417  
  1142     0.002454     0.418412  
  1143     0.002445     0.418391  
  1144     0.002434     0.418371  
  1145     0.002424     0.418350  
  1146     0.002413     0.418344  
  1147     0.002401     0.418318  
  1148     0.002391     0.418286  
  1149     0.002382     0.418282  
  1150     0.002373     0.418279  
  1151     0.002363     0.418263  
  1152     0.002354     0.418236  
  1153     0.002346     0.418240  
  1154     0.002336     0.418245  
  1155     0.002327     0.418265  
  1156     0.002318     0.418275  
  1157     0.002308     0.418289  
  1158     0.002298     0.418287  
  1159     0.002290     0.418266  
  1160     0.002279     0.418256  
  1161     0.002270     0.418275  
  1162     0.002262     0.418246  
  1163     0.002252     0.418250  
  1164     0.002243     0.418248  
  1165     0.002234     0.418242  
  1166     0.002225     0.418257  
  1167     0.002216     0.418250  
  1168     0.002207     0.418251  
  1169     0.002198     0.418266  
  1170     0.002189     0.418271  
  1171     0.002180     0.418277  
  1172     0.002172     0.418270  
  1173     0.002163     0.418267  
  1174     0.002155     0.418237  
  1175     0.002145     0.418223  
  1176     0.002135     0.418244  
  1177     0.002127     0.418224  
  1178     0.002118     0.418196  
  1179     0.002111     0.418191  
  1180     0.002101     0.418203  
  1181     0.002092     0.418182  
  1182     0.002084     0.418204  
  1183     0.002077     0.418234  
  1184     0.002068     0.418242  
  1185     0.002058     0.418264  
  1186     0.002050     0.418242  
  1187     0.002042     0.418270  
  1188     0.002033     0.418282  
  1189     0.002025     0.418268  
  1190     0.002017     0.418269  
  1191     0.002009     0.418260  
  1192     0.002001     0.418230  
  1193     0.001993     0.418235  
  1194     0.001986     0.418212  
  1195     0.001978     0.418227  
  1196     0.001969     0.418205  
  1197     0.001962     0.418189  
  1198     0.001954     0.418186  
  1199     0.001945     0.418176  
  1200     0.001938     0.418169  
  1201     0.001930     0.418179  
  1202     0.001921     0.418164  
  1203     0.001914     0.418175  
  1204     0.001906     0.418167  
  1205     0.001898     0.418162  
  1206     0.001890     0.418154  
  1207     0.001883     0.418161  
  1208     0.001875     0.418180  
  1209     0.001868     0.418164  
  1210     0.001860     0.418161  
  1211     0.001853     0.418166  
  1212     0.001846     0.418179  
  1213     0.001840     0.418178  
  1214     0.001832     0.418171  
  1215     0.001826     0.418168  
  1216     0.001819     0.418172  
  1217     0.001811     0.418169  
  1218     0.001804     0.418180  
  1219     0.001797     0.418162  
  1220     0.001790     0.418160  
  1221     0.001782     0.418153  
  1222     0.001776     0.418148  
  1223     0.001768     0.418135  
  1224     0.001761     0.418145  
  1225     0.001755     0.418152  
  1226     0.001748     0.418139  
  1227     0.001741     0.418145  
  1228     0.001734     0.418153  
  1229     0.001727     0.418142  
  1230     0.001721     0.418131  
  1231     0.001714     0.418096  
  1232     0.001708     0.418080  
  1233     0.001701     0.418084  
  1234     0.001694     0.418078  
  1235     0.001688     0.418064  
  1236     0.001682     0.418076  
  1237     0.001675     0.418066  
  1238     0.001668     0.418060  
  1239     0.001662     0.418059  
  1240     0.001656     0.418038  
  1241     0.001650     0.418040  
  1242     0.001644     0.418019  
  1243     0.001637     0.418008  
  1244     0.001630     0.418006  
  1245     0.001624     0.417996  
  1246     0.001617     0.417996  
  1247     0.001612     0.417988  
  1248     0.001607     0.417988  
  1249     0.001601     0.417985  
  1250     0.001595     0.417985  
  1251     0.001589     0.417997  
  1252     0.001583     0.417966  
  1253     0.001577     0.417942  
  1254     0.001570     0.417932  
  1255     0.001564     0.417947  
  1256     0.001558     0.417945  
  1257     0.001552     0.417946  
  1258     0.001545     0.417916  
  1259     0.001539     0.417887  
  1260     0.001533     0.417876  
  1261     0.001526     0.417860  
  1262     0.001521     0.417874  
  1263     0.001515     0.417892  
  1264     0.001509     0.417875  
  1265     0.001503     0.417875  
  1266     0.001498     0.417864  
  1267     0.001492     0.417848  
  1268     0.001485     0.417850  
  1269     0.001480     0.417834  
  1270     0.001474     0.417816  
  1271     0.001468     0.417825  
  1272     0.001462     0.417855  
  1273     0.001456     0.417837  
  1274     0.001451     0.417845  
  1275     0.001445     0.417836  
  1276     0.001440     0.417837  
  1277     0.001434     0.417844  
  1278     0.001428     0.417844  
  1279     0.001422     0.417842  
  1280     0.001416     0.417839  
  1281     0.001410     0.417837  
  1282     0.001405     0.417856  
  1283     0.001399     0.417865  
  1284     0.001394     0.417881  
  1285     0.001388     0.417889  
  1286     0.001383     0.417889  
  1287     0.001377     0.417886  
  1288     0.001372     0.417863  
  1289     0.001367     0.417843  
  1290     0.001362     0.417855  
  1291     0.001357     0.417845  
  1292     0.001351     0.417856  
  1293     0.001345     0.417867  
  1294     0.001339     0.417895  
  1295     0.001334     0.417884  
  1296     0.001329     0.417885  
  1297     0.001323     0.417885  
  1298     0.001318     0.417900  
  1299     0.001313     0.417901  
  1300     0.001308     0.417901  
  1301     0.001303     0.417886  
  1302     0.001298     0.417896  
  1303     0.001293     0.417889  
  1304     0.001287     0.417885  
  1305     0.001282     0.417861  
  1306     0.001277     0.417848  
  1307     0.001272     0.417832  
  1308     0.001268     0.417811  
  1309     0.001263     0.417808  
  1310     0.001258     0.417816  
  1311     0.001253     0.417816  
  1312     0.001247     0.417808  
  1313     0.001242     0.417810  
  1314     0.001238     0.417812  
  1315     0.001233     0.417808  
  1316     0.001228     0.417817  
  1317     0.001224     0.417823  
  1318     0.001218     0.417804  
  1319     0.001214     0.417811  
  1320     0.001209     0.417804  
  1321     0.001204     0.417796  
  1322     0.001200     0.417787  
  1323     0.001195     0.417783  
  1324     0.001191     0.417790  
  1325     0.001186     0.417781  
  1326     0.001181     0.417794  
  1327     0.001176     0.417775  
  1328     0.001172     0.417782  
  1329     0.001168     0.417775  
  1330     0.001162     0.417760  
  1331     0.001157     0.417738  
  1332     0.001153     0.417735  
  1333     0.001148     0.417734  
  1334     0.001143     0.417747  
  1335     0.001139     0.417739  
  1336     0.001134     0.417731  
  1337     0.001130     0.417714  
  1338     0.001126     0.417720  
  1339     0.001121     0.417720  
  1340     0.001116     0.417724  
  1341     0.001112     0.417721  
  1342     0.001108     0.417734  
  1343     0.001104     0.417714  
  1344     0.001099     0.417720  
  1345     0.001095     0.417734  
  1346     0.001091     0.417735  
  1347     0.001086     0.417711  
  1348     0.001082     0.417724  
  1349     0.001078     0.417718  
  1350     0.001074     0.417726  
  1351     0.001070     0.417728  
  1352     0.001066     0.417714  
  1353     0.001062     0.417713  
  1354     0.001058     0.417723  
  1355     0.001054     0.417714  
  1356     0.001050     0.417710  
  1357     0.001046     0.417714  
  1358     0.001042     0.417731  
  1359     0.001037     0.417721  
  1360     0.001033     0.417717  
  1361     0.001029     0.417730  
  1362     0.001025     0.417729  
  1363     0.001021     0.417713  
  1364     0.001017     0.417712  
  1365     0.001012     0.417703  
  1366     0.001009     0.417708  
  1367     0.001005     0.417716  
  1368     0.001002     0.417705  
  1369     0.000998     0.417704  
  1370     0.000994     0.417702  
  1371     0.000990     0.417703  
  1372     0.000987     0.417706  
  1373     0.000983     0.417706  
  1374     0.000980     0.417714  
  1375     0.000976     0.417682  
  1376     0.000973     0.417681  
  1377     0.000968     0.417660  
  1378     0.000965     0.417667  
  1379     0.000962     0.417674  
  1380     0.000957     0.417677  
  1381     0.000954     0.417675  
  1382     0.000950     0.417674  
  1383     0.000946     0.417669  
  1384     0.000943     0.417674  
  1385     0.000939     0.417666  
  1386     0.000936     0.417659  
  1387     0.000932     0.417661  
  1388     0.000928     0.417678  
  1389     0.000925     0.417687  
  1390     0.000921     0.417689  
  1391     0.000918     0.417688  
  1392     0.000914     0.417708  
  1393     0.000911     0.417694  
  1394     0.000907     0.417692  
  1395     0.000904     0.417696  
  1396     0.000900     0.417699  
  1397     0.000897     0.417716  
  1398     0.000893     0.417706  
  1399     0.000890     0.417710  
  1400     0.000886     0.417711  
  1401     0.000883     0.417711  
  1402     0.000880     0.417694  
  1403     0.000876     0.417703  
  1404     0.000872     0.417706  
  1405     0.000869     0.417707  
  1406     0.000865     0.417704  
  1407     0.000862     0.417686  
  1408     0.000858     0.417675  
  1409     0.000855     0.417662  
  1410     0.000852     0.417681  
  1411     0.000849     0.417688  
  1412     0.000845     0.417687  
  1413     0.000842     0.417684  
  1414     0.000838     0.417699  
  1415     0.000835     0.417699  
  1416     0.000832     0.417687  
  1417     0.000828     0.417695  
  1418     0.000826     0.417705  
  1419     0.000822     0.417703  
  1420     0.000819     0.417707  
  1421     0.000816     0.417704  
  1422     0.000813     0.417699  
  1423     0.000810     0.417681  
  1424     0.000807     0.417674  
  1425     0.000804     0.417660  
  1426     0.000801     0.417659  
  1427     0.000798     0.417670  
  1428     0.000795     0.417666  
  1429     0.000792     0.417677  
  1430     0.000789     0.417663  
  1431     0.000785     0.417673  
  1432     0.000782     0.417662  
  1433     0.000779     0.417641  
  1434     0.000776     0.417634  
  1435     0.000773     0.417628  
  1436     0.000770     0.417646  
  1437     0.000767     0.417639  
  1438     0.000764     0.417641  
  1439     0.000761     0.417646  
  1440     0.000759     0.417647  
  1441     0.000756     0.417628  
  1442     0.000753     0.417630  
  1443     0.000750     0.417632  
  1444     0.000747     0.417617  
  1445     0.000744     0.417623  
  1446     0.000741     0.417616  
  1447     0.000738     0.417596  
  1448     0.000735     0.417595  
  1449     0.000732     0.417588  
  1450     0.000730     0.417576  
  1451     0.000727     0.417581  
  1452     0.000724     0.417596  
  1453     0.000721     0.417615  
  1454     0.000718     0.417604  
  1455     0.000716     0.417608  
  1456     0.000713     0.417589  
  1457     0.000711     0.417584  
  1458     0.000708     0.417576  
  1459     0.000705     0.417573  
  1460     0.000703     0.417562  
  1461     0.000700     0.417573  
  1462     0.000697     0.417569  
  1463     0.000695     0.417571  
  1464     0.000692     0.417572  
  1465     0.000689     0.417588  
  1466     0.000686     0.417583  
  1467     0.000684     0.417577  
  1468     0.000681     0.417565  
  1469     0.000678     0.417561  
  1470     0.000676     0.417567  
  1471     0.000673     0.417566  
  1472     0.000671     0.417552  
  1473     0.000668     0.417549  
  1474     0.000665     0.417548  
  1475     0.000663     0.417556  
  1476     0.000660     0.417551  
  1477     0.000658     0.417558  
  1478     0.000655     0.417560  
  1479     0.000653     0.417556  
  1480     0.000650     0.417543  
  1481     0.000648     0.417544  
  1482     0.000645     0.417542  
  1483     0.000643     0.417522  
  1484     0.000640     0.417529  
  1485     0.000637     0.417539  
  1486     0.000635     0.417519  
  1487     0.000633     0.417520  
  1488     0.000630     0.417519  
  1489     0.000628     0.417526  
  1490     0.000626     0.417533  
  1491     0.000623     0.417534  
  1492     0.000621     0.417531  
  1493     0.000618     0.417526  
  1494     0.000616     0.417524  
  1495     0.000613     0.417517  
  1496     0.000611     0.417509  
  1497     0.000609     0.417518  
  1498     0.000606     0.417530  
  1499     0.000604     0.417532  
  1500     0.000602     0.417519  
  1501     0.000600     0.417509  
  1502     0.000597     0.417488  
  1503     0.000595     0.417495  
  1504     0.000592     0.417503  
  1505     0.000590     0.417513  
  1506     0.000587     0.417512  
  1507     0.000585     0.417527  
  1508     0.000583     0.417523  
  1509     0.000581     0.417532  
  1510     0.000579     0.417534  
  1511     0.000577     0.417542  
  1512     0.000575     0.417539  
  1513     0.000573     0.417530  
  1514     0.000570     0.417532  
  1515     0.000568     0.417532  
  1516     0.000567     0.417533  
  1517     0.000564     0.417531  
  1518     0.000562     0.417525  
  1519     0.000560     0.417514  
  1520     0.000558     0.417518  
  1521     0.000556     0.417504  
  1522     0.000554     0.417503  
  1523     0.000551     0.417517  
  1524     0.000549     0.417505  
  1525     0.000547     0.417518  
  1526     0.000545     0.417532  
  1527     0.000543     0.417521  
  1528     0.000541     0.417514  
  1529     0.000539     0.417509  
  1530     0.000537     0.417514  
  1531     0.000535     0.417506  
  1532     0.000533     0.417501  
  1533     0.000531     0.417501  
  1534     0.000529     0.417507  
  1535     0.000527     0.417510  
  1536     0.000525     0.417511  
  1537     0.000523     0.417516  
  1538     0.000521     0.417507  
  1539     0.000519     0.417510  
  1540     0.000517     0.417502  
  1541     0.000515     0.417519  
  1542     0.000513     0.417513  
  1543     0.000511     0.417510  
  1544     0.000509     0.417514  
  1545     0.000507     0.417513  
  1546     0.000506     0.417523  
  1547     0.000504     0.417521  
  1548     0.000502     0.417507  
  1549     0.000500     0.417505  
  1550     0.000498     0.417498  
  1551     0.000496     0.417495  
  1552     0.000494     0.417519  
  1553     0.000492     0.417506  
  1554     0.000490     0.417503  
  1555     0.000489     0.417484  
  1556     0.000487     0.417486  
  1557     0.000485     0.417487  
  1558     0.000483     0.417486  
  1559     0.000481     0.417489  
  1560     0.000479     0.417484  
  1561     0.000477     0.417490  
  1562     0.000476     0.417484  
  1563     0.000474     0.417474  
  1564     0.000472     0.417479  
  1565     0.000470     0.417470  
  1566     0.000469     0.417460  
  1567     0.000467     0.417456  
  1568     0.000465     0.417452  
  1569     0.000464     0.417446  
  1570     0.000462     0.417442  
  1571     0.000460     0.417440  
  1572     0.000458     0.417431  
  1573     0.000457     0.417420  
  1574     0.000455     0.417427  
  1575     0.000453     0.417421  
  1576     0.000452     0.417418  
  1577     0.000450     0.417423  
  1578     0.000448     0.417422  
  1579     0.000447     0.417423  
  1580     0.000445     0.417414  
  1581     0.000444     0.417407  
  1582     0.000442     0.417407  
  1583     0.000441     0.417422  
  1584     0.000439     0.417417  
  1585     0.000438     0.417418  
  1586     0.000436     0.417419  
  1587     0.000434     0.417404  
  1588     0.000433     0.417398  
  1589     0.000431     0.417396  
  1590     0.000430     0.417401  
  1591     0.000428     0.417400  
  1592     0.000427     0.417406  
  1593     0.000425     0.417401  
  1594     0.000423     0.417405  
  1595     0.000422     0.417408  
  1596     0.000420     0.417412  
  1597     0.000418     0.417417  
  1598     0.000417     0.417406  
  1599     0.000415     0.417407  
  1600     0.000414     0.417392  
  1601     0.000412     0.417390  
  1602     0.000410     0.417376  
  1603     0.000409     0.417379  
  1604     0.000407     0.417370  
  1605     0.000406     0.417364  
  1606     0.000405     0.417367  
  1607     0.000403     0.417374  
  1608     0.000402     0.417374  
  1609     0.000400     0.417367  
  1610     0.000399     0.417363  
  1611     0.000397     0.417366  
  1612     0.000396     0.417352  
  1613     0.000395     0.417347  
  1614     0.000393     0.417343  
  1615     0.000391     0.417326  
  1616     0.000390     0.417322  
  1617     0.000388     0.417311  
  1618     0.000387     0.417304  * best
  1619     0.000385     0.417310  
  1620     0.000384     0.417319  
  1621     0.000382     0.417315  
  1622     0.000381     0.417324  
  1623     0.000380     0.417319  
  1624     0.000379     0.417324  
  1625     0.000377     0.417330  
  1626     0.000376     0.417328  
  1627     0.000374     0.417331  
  1628     0.000373     0.417338  
  1629     0.000371     0.417351  
  1630     0.000370     0.417338  
  1631     0.000368     0.417337  
  1632     0.000367     0.417344  
  1633     0.000366     0.417332  
  1634     0.000364     0.417322  
  1635     0.000363     0.417311  
  1636     0.000362     0.417321  
  1637     0.000360     0.417317  
  1638     0.000359     0.417318  
  1639     0.000358     0.417315  
  1640     0.000356     0.417320  
  1641     0.000355     0.417332  
  1642     0.000354     0.417336  
  1643     0.000352     0.417337  
  1644     0.000351     0.417339  
  1645     0.000350     0.417348  
  1646     0.000349     0.417349  
  1647     0.000347     0.417353  
  1648     0.000346     0.417360  
  1649     0.000345     0.417366  
  1650     0.000343     0.417375  
  1651     0.000342     0.417379  
  1652     0.000341     0.417372  
  1653     0.000340     0.417366  
  1654     0.000338     0.417361  
  1655     0.000337     0.417360  
  1656     0.000336     0.417370  
  1657     0.000335     0.417382  
  1658     0.000333     0.417387  
  1659     0.000332     0.417392  
  1660     0.000331     0.417392  
  1661     0.000329     0.417387  
  1662     0.000328     0.417393  
  1663     0.000327     0.417391  
  1664     0.000326     0.417388  
  1665     0.000325     0.417385  
  1666     0.000324     0.417392  
  1667     0.000322     0.417388  
  1668     0.000321     0.417386  
  1669     0.000319     0.417388  
  1670     0.000318     0.417384  
  1671     0.000317     0.417388  
  1672     0.000316     0.417401  
  1673     0.000315     0.417400  
  1674     0.000314     0.417406  
  1675     0.000312     0.417403  
  1676     0.000311     0.417403  
  1677     0.000310     0.417402  
  1678     0.000308     0.417393  
  1679     0.000307     0.417399  
  1680     0.000306     0.417402  
  1681     0.000305     0.417402  
  1682     0.000304     0.417386  
  1683     0.000303     0.417375  
  1684     0.000301     0.417372  
  1685     0.000300     0.417369  
  1686     0.000299     0.417371  
  1687     0.000298     0.417369  
  1688     0.000297     0.417370  
  1689     0.000296     0.417376  
  1690     0.000295     0.417385  
  1691     0.000294     0.417386  
  1692     0.000293     0.417381  
  1693     0.000292     0.417383  
  1694     0.000291     0.417392  
  1695     0.000290     0.417396  
  1696     0.000289     0.417383  
  1697     0.000288     0.417383  
  1698     0.000286     0.417384  
  1699     0.000285     0.417381  
  1700     0.000284     0.417377  
  1701     0.000283     0.417371  
  1702     0.000282     0.417373  
  1703     0.000281     0.417376  
  1704     0.000280     0.417374  
  1705     0.000279     0.417371  
  1706     0.000278     0.417370  
  1707     0.000277     0.417380  
  1708     0.000276     0.417375  
  1709     0.000275     0.417371  
  1710     0.000274     0.417372  
  1711     0.000273     0.417370  
  1712     0.000272     0.417362  
  1713     0.000271     0.417368  
  1714     0.000270     0.417361  
  1715     0.000269     0.417361  
  1716     0.000268     0.417354  
  1717     0.000266     0.417353  
  1718     0.000265     0.417354  
# best iteration 1618 (val l2 0.417304)
# Spearman  train +0.9951  val +0.7702  test +0.7782
