# gbm_seq+boltz+energy+edge seed 2
# boosted trees on seq+boltz+energy+edge
# inputs 17287, 124 trees
# LightGBM gradient-boosted trees, objective l2, lr 0.05, num_leaves 31, min_data_in_leaf 20, feature_fraction 0.3, bagging 0.8, lambda_l2 1.0, up to 3000 rounds, early stopping 100 on validation l2
# loss = l2 on standardised log10 half-life
#
 round        train          val  note
     1     0.958569     0.802511  
     2     0.918672     0.792739  
     3     0.881663     0.782073  
     4     0.849178     0.778163  
     5     0.817240     0.765471  
     6     0.787064     0.762663  
     7     0.760082     0.756067  
     8     0.733720     0.745612  
     9     0.709888     0.739191  
    10     0.688578     0.733667  
    11     0.668403     0.725610  
    12     0.648869     0.717216  
    13     0.631131     0.713755  
    14     0.615432     0.705935  
    15     0.599277     0.703122  
    16     0.584149     0.698959  
    17     0.569542     0.695151  
    18     0.555603     0.686346  
    19     0.543796     0.681991  
    20     0.531143     0.676962  
    21     0.520514     0.669218  
    22     0.510893     0.667500  
    23     0.501168     0.663477  
    24     0.491816     0.661429  
    25     0.482469     0.658235  
    26     0.473912     0.654234  
    27     0.465521     0.650128  
    28     0.457962     0.645276  
    29     0.450332     0.643350  
    30     0.443581     0.640481  
    31     0.435771     0.638064  
    32     0.429005     0.635071  
    33     0.422068     0.631545  
    34     0.415877     0.631516  
    35     0.409908     0.629467  
    36     0.404659     0.628566  
    37     0.399017     0.626421  
    38     0.393786     0.622902  
    39     0.388243     0.620654  
    40     0.383006     0.618473  
    41     0.378243     0.617666  
    42     0.373925     0.617476  
    43     0.369522     0.616069  
    44     0.365002     0.616629  
    45     0.360809     0.616483  
    46     0.356557     0.615313  
    47     0.352660     0.614119  
    48     0.348673     0.612295  
    49     0.344713     0.610872  
    50     0.341152     0.609383  
    51     0.337650     0.608720  
    52     0.334365     0.609559  
    53     0.330925     0.606773  
    54     0.327478     0.607473  
    55     0.324152     0.607065  
    56     0.320936     0.604556  
    57     0.317963     0.603154  
    58     0.314844     0.603240  
    59     0.311727     0.603499  
    60     0.308942     0.603044  
    61     0.306250     0.602713  
    62     0.303399     0.601759  
    63     0.300514     0.601752  
    64     0.297640     0.601134  
    65     0.295080     0.600515  
    66     0.292227     0.600132  
    67     0.289682     0.599684  
    68     0.287249     0.599870  
    69     0.284783     0.599388  
    70     0.282265     0.598538  
    71     0.280031     0.597771  
    72     0.277723     0.597635  
    73     0.275324     0.597227  
    74     0.273142     0.595752  
    75     0.270707     0.595294  
    76     0.268373     0.594505  
    77     0.266248     0.594323  
    78     0.264173     0.593415  
    79     0.261965     0.592878  
    80     0.259954     0.592120  
    81     0.257832     0.591757  
    82     0.255760     0.591293  
    83     0.253696     0.590555  
    84     0.251627     0.590955  
    85     0.249638     0.588689  
    86     0.247598     0.588363  
    87     0.245793     0.588138  
    88     0.244002     0.588522  
    89     0.242183     0.587227  
    90     0.240421     0.586986  
    91     0.238672     0.586544  
    92     0.236894     0.586658  
    93     0.235126     0.586122  
    94     0.233193     0.585907  
    95     0.231428     0.586160  
    96     0.229701     0.586205  
    97     0.227960     0.586138  
    98     0.226291     0.585394  
    99     0.224553     0.585155  
   100     0.222877     0.585063  
   101     0.221272     0.585624  
   102     0.219746     0.585482  
   103     0.218084     0.586389  
   104     0.216477     0.585858  
   105     0.215062     0.585187  
   106     0.213537     0.585307  
   107     0.212088     0.584545  
   108     0.210599     0.584574  
   109     0.208978     0.584440  
   110     0.207462     0.584002  
   111     0.205983     0.583931  
   112     0.204656     0.584200  
   113     0.203236     0.584692  
   114     0.201774     0.583773  
   115     0.200370     0.584320  
   116     0.198903     0.584165  
   117     0.197578     0.583981  
   118     0.196116     0.582976  
   119     0.194540     0.583350  
   120     0.193149     0.582703  
   121     0.191841     0.582445  
   122     0.190553     0.582807  
   123     0.189192     0.582447  
   124     0.187940     0.581835  * best
   125     0.186609     0.582507  
   126     0.185349     0.582477  
   127     0.184048     0.582388  
   128     0.182809     0.582547  
   129     0.181492     0.582869  
   130     0.180291     0.582776  
   131     0.179068     0.582755  
   132     0.177891     0.582181  
   133     0.176664     0.582954  
   134     0.175532     0.583545  
   135     0.174353     0.584698  
   136     0.173283     0.583728  
   137     0.172058     0.584142  
   138     0.170982     0.583755  
   139     0.169863     0.584182  
   140     0.168893     0.584198  
   141     0.167887     0.584587  
   142     0.166721     0.584966  
   143     0.165532     0.585405  
   144     0.164500     0.584795  
   145     0.163393     0.585244  
   146     0.162386     0.585339  
   147     0.161386     0.584944  
   148     0.160390     0.584579  
   149     0.159360     0.584500  
   150     0.158298     0.584502  
   151     0.157296     0.584411  
   152     0.156387     0.584312  
   153     0.155382     0.584110  
   154     0.154403     0.584563  
   155     0.153393     0.584520  
   156     0.152449     0.584777  
   157     0.151369     0.585163  
   158     0.150486     0.585267  
   159     0.149574     0.585036  
   160     0.148618     0.584702  
   161     0.147663     0.584793  
   162     0.146719     0.584290  
   163     0.145779     0.583970  
   164     0.144893     0.584096  
   165     0.143980     0.583659  
   166     0.143068     0.583568  
   167     0.142185     0.583522  
   168     0.141288     0.583190  
   169     0.140386     0.583874  
   170     0.139538     0.583540  
   171     0.138605     0.583451  
   172     0.137767     0.583510  
   173     0.136946     0.583782  
   174     0.136126     0.583345  
   175     0.135358     0.583481  
   176     0.134548     0.583573  
   177     0.133680     0.583622  
   178     0.132805     0.583552  
   179     0.132068     0.583717  
   180     0.131214     0.583910  
   181     0.130431     0.583182  
   182     0.129605     0.583018  
   183     0.128845     0.583096  
   184     0.128104     0.582208  
   185     0.127347     0.582169  
   186     0.126553     0.582214  
   187     0.125813     0.582073  
   188     0.125017     0.582411  
   189     0.124154     0.581890  
   190     0.123401     0.582118  
   191     0.122671     0.582835  
   192     0.121974     0.582967  
   193     0.121224     0.582484  
   194     0.120526     0.583026  
   195     0.119844     0.582951  
   196     0.119134     0.583189  
   197     0.118402     0.582849  
   198     0.117674     0.582996  
   199     0.116957     0.583048  
   200     0.116309     0.583195  
   201     0.115650     0.583228  
   202     0.114976     0.583262  
   203     0.114292     0.583550  
   204     0.113574     0.583157  
   205     0.112939     0.583561  
   206     0.112306     0.583660  
   207     0.111669     0.583394  
   208     0.111076     0.583503  
   209     0.110437     0.583860  
   210     0.109807     0.584210  
   211     0.109214     0.584140  
   212     0.108570     0.583488  
   213     0.107990     0.583700  
   214     0.107368     0.583882  
   215     0.106740     0.583942  
   216     0.106112     0.583805  
   217     0.105512     0.583924  
   218     0.104916     0.583734  
   219     0.104346     0.583504  
   220     0.103763     0.583686  
   221     0.103145     0.583954  
   222     0.102561     0.584343  
   223     0.102004     0.584153  
   224     0.101416     0.584535  
# best iteration 124 (val l2 0.581835)
# Spearman  train +0.9146  val +0.4586  test +0.5431
