# mlp_seq+boltz_pooled seed 0
# sequence baseline concatenated with the Boltz pooled blocks
# inputs [(2407,)], 312,385 parameters
# Linear(n_in,128) -> GELU -> Dropout(0.3) -> Linear(128,32) -> GELU -> Dropout(0.3) -> Linear(32,1)
# Adam lr=0.001 weight_decay=0.0001 batch=32 dropout=0.3
# loss = MSE on standardised log10 half-life
# early stopping on validation loss, patience 40, max 300 epochs
#
 epoch  train_batch        train          val  note
     1     0.623045     0.411761     0.536467  * best
     2     0.436398     0.303117     0.473753  * best
     3     0.377818     0.245515     0.455517  * best
     4     0.326882     0.224998     0.450523  * best
     5     0.299456     0.193659     0.459740  
     6     0.269575     0.158653     0.457424  
     7     0.243962     0.139464     0.459175  
     8     0.227313     0.144020     0.451029  
     9     0.217227     0.121806     0.434654  * best
    10     0.205285     0.141461     0.457688  
    11     0.195059     0.126814     0.451796  
    12     0.187342     0.123312     0.449492  
    13     0.181363     0.086119     0.425230  * best
    14     0.176423     0.094229     0.427150  
    15     0.168200     0.088599     0.446754  
    16     0.166828     0.077444     0.434402  
    17     0.164034     0.084675     0.439719  
    18     0.153968     0.084446     0.442635  
    19     0.154645     0.069476     0.440729  
    20     0.150077     0.067426     0.422324  * best
    21     0.141389     0.063347     0.449721  
    22     0.143863     0.070276     0.432185  
    23     0.147537     0.084917     0.447642  
    24     0.143208     0.067016     0.434137  
    25     0.135639     0.077854     0.440456  
    26     0.135584     0.064757     0.452253  
    27     0.128248     0.064633     0.445056  
    28     0.131487     0.066036     0.441322  
    29     0.124619     0.054701     0.471295  
    30     0.129750     0.063617     0.452898  
    31     0.125368     0.061030     0.458442  
    32     0.127094     0.059964     0.445351  
    33     0.125095     0.068191     0.444655  
    34     0.130350     0.060172     0.442004  
    35     0.124481     0.055104     0.459232  
    36     0.124813     0.072797     0.431125  
    37     0.120617     0.048539     0.452043  
    38     0.121751     0.059376     0.445421  
    39     0.113689     0.057813     0.457099  
    40     0.116591     0.051944     0.459192  
    41     0.116253     0.055455     0.460925  
    42     0.117115     0.048179     0.456977  
    43     0.113533     0.051597     0.442787  
    44     0.118140     0.062387     0.441027  
    45     0.109109     0.069067     0.444888  
    46     0.118439     0.056152     0.441086  
    47     0.112263     0.044867     0.439701  
    48     0.114199     0.050517     0.449301  
    49     0.111686     0.053471     0.455517  
    50     0.113656     0.047274     0.449831  
    51     0.111341     0.051757     0.436351  
    52     0.107467     0.045714     0.447343  
    53     0.109264     0.053834     0.443830  
    54     0.108051     0.062740     0.448596  
    55     0.109597     0.045362     0.445577  
    56     0.109783     0.055988     0.449058  
    57     0.111736     0.052468     0.456219  
    58     0.106730     0.053993     0.439912  
    59     0.106578     0.056261     0.444094  
    60     0.101534     0.064065     0.453559  
# stopped at epoch 60: no improvement for 40 epochs
# restored epoch 20 (val MSE 0.422324)
# Spearman  train +0.9664  val +0.7729  test +0.7748
