# gbm_seq+boltz_pooled+charge seed 0
# sequence, pooled Boltz and both charge blocks
# inputs 2486, 824 trees
# LightGBM gradient-boosted trees, objective l2, lr 0.05, num_leaves 31, min_data_in_leaf 20, feature_fraction 0.3, bagging 0.8, lambda_l2 1.0, up to 3000 rounds, early stopping 100 on validation l2
# loss = l2 on standardised log10 half-life
#
 round        train          val  note
     1     0.962958     0.992927  
     2     0.928014     0.963016  
     3     0.893985     0.936021  
     4     0.862805     0.909649  
     5     0.833478     0.885545  
     6     0.806885     0.865219  
     7     0.780622     0.843000  
     8     0.757283     0.825007  
     9     0.734611     0.806150  
    10     0.715333     0.792106  
    11     0.696366     0.775971  
    12     0.678476     0.761033  
    13     0.661563     0.748391  
    14     0.644244     0.735855  
    15     0.627683     0.724543  
    16     0.612355     0.714648  
    17     0.598297     0.703629  
    18     0.584900     0.692964  
    19     0.572578     0.686295  
    20     0.561142     0.678013  
    21     0.550104     0.671242  
    22     0.539165     0.663275  
    23     0.528561     0.655199  
    24     0.517970     0.649022  
    25     0.508663     0.643654  
    26     0.500157     0.638073  
    27     0.491012     0.631052  
    28     0.482940     0.625507  
    29     0.475484     0.620669  
    30     0.468415     0.617070  
    31     0.461111     0.611125  
    32     0.454481     0.607120  
    33     0.447494     0.603071  
    34     0.440514     0.598858  
    35     0.434422     0.595600  
    36     0.428212     0.591420  
    37     0.421800     0.588392  
    38     0.416133     0.586278  
    39     0.410328     0.584089  
    40     0.404511     0.581983  
    41     0.398339     0.578804  
    42     0.393488     0.577028  
    43     0.388591     0.574485  
    44     0.383847     0.572115  
    45     0.379325     0.568550  
    46     0.374418     0.566077  
    47     0.369955     0.564005  
    48     0.365384     0.561552  
    49     0.361038     0.560124  
    50     0.356645     0.557993  
    51     0.352495     0.556107  
    52     0.348484     0.554093  
    53     0.344537     0.551774  
    54     0.340625     0.550183  
    55     0.336251     0.547255  
    56     0.332449     0.545034  
    57     0.328843     0.543315  
    58     0.325333     0.541567  
    59     0.321608     0.540230  
    60     0.317855     0.538501  
    61     0.314387     0.536064  
    62     0.310868     0.534579  
    63     0.307914     0.533981  
    64     0.304443     0.531608  
    65     0.301444     0.530209  
    66     0.298309     0.528951  
    67     0.294955     0.527590  
    68     0.291851     0.526067  
    69     0.289024     0.525428  
    70     0.286229     0.524310  
    71     0.283474     0.523504  
    72     0.280652     0.521472  
    73     0.277675     0.520820  
    74     0.275046     0.519552  
    75     0.272558     0.518210  
    76     0.269696     0.517391  
    77     0.266750     0.516859  
    78     0.264041     0.515727  
    79     0.261341     0.515150  
    80     0.258822     0.515042  
    81     0.256517     0.513830  
    82     0.253896     0.512856  
    83     0.251340     0.512265  
    84     0.248967     0.511461  
    85     0.246673     0.510494  
    86     0.244376     0.509719  
    87     0.242189     0.509373  
    88     0.239981     0.509001  
    89     0.237802     0.508559  
    90     0.235701     0.508074  
    91     0.233510     0.507439  
    92     0.231372     0.507324  
    93     0.229193     0.506322  
    94     0.227052     0.506235  
    95     0.224921     0.505311  
    96     0.222953     0.504089  
    97     0.220984     0.503820  
    98     0.219016     0.503466  
    99     0.216885     0.502042  
   100     0.215007     0.501654  
   101     0.213164     0.501333  
   102     0.211160     0.500991  
   103     0.209319     0.500731  
   104     0.207458     0.500401  
   105     0.205676     0.499333  
   106     0.203855     0.498980  
   107     0.202127     0.498203  
   108     0.200273     0.497618  
   109     0.198542     0.497155  
   110     0.196699     0.495862  
   111     0.194981     0.495011  
   112     0.193261     0.494741  
   113     0.191363     0.493848  
   114     0.189672     0.494028  
   115     0.187945     0.493757  
   116     0.186264     0.493265  
   117     0.184723     0.493141  
   118     0.183184     0.492284  
   119     0.181625     0.491682  
   120     0.180147     0.491072  
   121     0.178809     0.490326  
   122     0.177260     0.490114  
   123     0.175737     0.489658  
   124     0.174355     0.489296  
   125     0.172742     0.488979  
   126     0.171399     0.487972  
   127     0.169948     0.487192  
   128     0.168399     0.487498  
   129     0.167171     0.487624  
   130     0.165773     0.486904  
   131     0.164490     0.486282  
   132     0.163255     0.486120  
   133     0.161982     0.485425  
   134     0.160741     0.484742  
   135     0.159430     0.484046  
   136     0.158114     0.483598  
   137     0.156864     0.483336  
   138     0.155577     0.482664  
   139     0.154392     0.482428  
   140     0.153232     0.481549  
   141     0.151977     0.481341  
   142     0.150752     0.481046  
   143     0.149580     0.480564  
   144     0.148382     0.480251  
   145     0.147200     0.479900  
   146     0.146034     0.479789  
   147     0.144847     0.479377  
   148     0.143655     0.479139  
   149     0.142482     0.478652  
   150     0.141369     0.478380  
   151     0.140355     0.478791  
   152     0.139329     0.478592  
   153     0.138131     0.478185  
   154     0.137077     0.477862  
   155     0.136039     0.477418  
   156     0.135008     0.477609  
   157     0.133997     0.477895  
   158     0.132939     0.477486  
   159     0.131913     0.477507  
   160     0.130905     0.477138  
   161     0.129924     0.476693  
   162     0.128963     0.476598  
   163     0.128006     0.476458  
   164     0.126934     0.475913  
   165     0.125990     0.475323  
   166     0.125050     0.474964  
   167     0.124068     0.474934  
   168     0.123148     0.474807  
   169     0.122211     0.474671  
   170     0.121280     0.474477  
   171     0.120342     0.474384  
   172     0.119441     0.474084  
   173     0.118611     0.473909  
   174     0.117759     0.473719  
   175     0.116792     0.473156  
   176     0.115835     0.472702  
   177     0.114921     0.471917  
   178     0.114152     0.471637  
   179     0.113345     0.471896  
   180     0.112524     0.471607  
   181     0.111731     0.471973  
   182     0.111038     0.471834  
   183     0.110247     0.471586  
   184     0.109453     0.471522  
   185     0.108669     0.471355  
   186     0.107919     0.471010  
   187     0.107076     0.470921  
   188     0.106294     0.470942  
   189     0.105541     0.471206  
   190     0.104739     0.471345  
   191     0.103954     0.470650  
   192     0.103199     0.470551  
   193     0.102447     0.470650  
   194     0.101716     0.470437  
   195     0.101000     0.469942  
   196     0.100266     0.469803  
   197     0.099536     0.469450  
   198     0.098888     0.469323  
   199     0.098253     0.469318  
   200     0.097519     0.469295  
   201     0.096844     0.469516  
   202     0.096164     0.468960  
   203     0.095502     0.468859  
   204     0.094839     0.468302  
   205     0.094155     0.467815  
   206     0.093482     0.467755  
   207     0.092847     0.467489  
   208     0.092200     0.467132  
   209     0.091499     0.466957  
   210     0.090778     0.466646  
   211     0.090137     0.466566  
   212     0.089499     0.466321  
   213     0.088877     0.466254  
   214     0.088259     0.466051  
   215     0.087616     0.465741  
   216     0.086974     0.465746  
   217     0.086344     0.465466  
   218     0.085719     0.465585  
   219     0.085160     0.465700  
   220     0.084546     0.465366  
   221     0.083974     0.465273  
   222     0.083305     0.465450  
   223     0.082665     0.465443  
   224     0.082087     0.465196  
   225     0.081520     0.465377  
   226     0.081003     0.465449  
   227     0.080498     0.465627  
   228     0.079978     0.465523  
   229     0.079406     0.465447  
   230     0.078829     0.465244  
   231     0.078228     0.464669  
   232     0.077692     0.464431  
   233     0.077126     0.464351  
   234     0.076632     0.464437  
   235     0.076181     0.464278  
   236     0.075624     0.464188  
   237     0.075127     0.463806  
   238     0.074652     0.463843  
   239     0.074145     0.463601  
   240     0.073671     0.463548  
   241     0.073181     0.463128  
   242     0.072700     0.463117  
   243     0.072191     0.463007  
   244     0.071715     0.463062  
   245     0.071206     0.462886  
   246     0.070700     0.462971  
   247     0.070191     0.462653  
   248     0.069762     0.462440  
   249     0.069303     0.462329  
   250     0.068804     0.462152  
   251     0.068319     0.462203  
   252     0.067857     0.462161  
   253     0.067405     0.461960  
   254     0.066957     0.461938  
   255     0.066506     0.461599  
   256     0.066110     0.461829  
   257     0.065661     0.461483  
   258     0.065237     0.461179  
   259     0.064802     0.460893  
   260     0.064401     0.460637  
   261     0.063980     0.460324  
   262     0.063574     0.460118  
   263     0.063141     0.460392  
   264     0.062767     0.460579  
   265     0.062320     0.460635  
   266     0.061930     0.460380  
   267     0.061505     0.460448  
   268     0.061099     0.460330  
   269     0.060701     0.460286  
   270     0.060279     0.459987  
   271     0.059838     0.459783  
   272     0.059460     0.459732  
   273     0.059071     0.459421  
   274     0.058658     0.459277  
   275     0.058275     0.459178  
   276     0.057890     0.459141  
   277     0.057508     0.459176  
   278     0.057125     0.459101  
   279     0.056795     0.459047  
   280     0.056401     0.458903  
   281     0.056028     0.458737  
   282     0.055611     0.458622  
   283     0.055257     0.458570  
   284     0.054920     0.458738  
   285     0.054554     0.458864  
   286     0.054179     0.459061  
   287     0.053834     0.458828  
   288     0.053502     0.458852  
   289     0.053133     0.458747  
   290     0.052781     0.458440  
   291     0.052447     0.458534  
   292     0.052070     0.458567  
   293     0.051722     0.458662  
   294     0.051394     0.458323  
   295     0.051083     0.458168  
   296     0.050769     0.458209  
   297     0.050450     0.458155  
   298     0.050131     0.457861  
   299     0.049810     0.457870  
   300     0.049454     0.457710  
   301     0.049143     0.457337  
   302     0.048839     0.457448  
   303     0.048548     0.457189  
   304     0.048233     0.456825  
   305     0.047918     0.456753  
   306     0.047609     0.456704  
   307     0.047310     0.456672  
   308     0.047000     0.456460  
   309     0.046757     0.456212  
   310     0.046452     0.456337  
   311     0.046167     0.456269  
   312     0.045881     0.456297  
   313     0.045592     0.456260  
   314     0.045294     0.456143  
   315     0.045005     0.455988  
   316     0.044717     0.455855  
   317     0.044469     0.455767  
   318     0.044169     0.455604  
   319     0.043842     0.455536  
   320     0.043535     0.455389  
   321     0.043251     0.455449  
   322     0.043002     0.455488  
   323     0.042718     0.455238  
   324     0.042455     0.455379  
   325     0.042188     0.455227  
   326     0.041924     0.455323  
   327     0.041679     0.455354  
   328     0.041417     0.455138  
   329     0.041151     0.454770  
   330     0.040870     0.454619  
   331     0.040596     0.454864  
   332     0.040318     0.455104  
   333     0.040087     0.454997  
   334     0.039838     0.454961  
   335     0.039577     0.455047  
   336     0.039300     0.454910  
   337     0.039048     0.454739  
   338     0.038790     0.454629  
   339     0.038526     0.454311  
   340     0.038277     0.454457  
   341     0.038044     0.454489  
   342     0.037794     0.454461  
   343     0.037540     0.454329  
   344     0.037295     0.454473  
   345     0.037060     0.454500  
   346     0.036815     0.454402  
   347     0.036574     0.454338  
   348     0.036334     0.454358  
   349     0.036113     0.454656  
   350     0.035905     0.454840  
   351     0.035647     0.454936  
   352     0.035431     0.454949  
   353     0.035191     0.454723  
   354     0.034946     0.454495  
   355     0.034735     0.454479  
   356     0.034514     0.454275  
   357     0.034290     0.454126  
   358     0.034093     0.454292  
   359     0.033887     0.454448  
   360     0.033687     0.454414  
   361     0.033494     0.454479  
   362     0.033303     0.454445  
   363     0.033087     0.454489  
   364     0.032878     0.454468  
   365     0.032669     0.454375  
   366     0.032461     0.454500  
   367     0.032273     0.454600  
   368     0.032080     0.454622  
   369     0.031866     0.454606  
   370     0.031665     0.454600  
   371     0.031451     0.454710  
   372     0.031262     0.454826  
   373     0.031075     0.454867  
   374     0.030899     0.454938  
   375     0.030719     0.454951  
   376     0.030531     0.454835  
   377     0.030340     0.454713  
   378     0.030160     0.454662  
   379     0.029973     0.454618  
   380     0.029788     0.454515  
   381     0.029589     0.454309  
   382     0.029390     0.454256  
   383     0.029236     0.454215  
   384     0.029049     0.454034  
   385     0.028861     0.453936  
   386     0.028674     0.454050  
   387     0.028486     0.454118  
   388     0.028322     0.454172  
   389     0.028147     0.454145  
   390     0.027994     0.453980  
   391     0.027829     0.453915  
   392     0.027679     0.453918  
   393     0.027511     0.453882  
   394     0.027349     0.453844  
   395     0.027180     0.453812  
   396     0.027017     0.453653  
   397     0.026853     0.453712  
   398     0.026681     0.453723  
   399     0.026508     0.453724  
   400     0.026344     0.453739  
   401     0.026183     0.453603  
   402     0.026024     0.453584  
   403     0.025835     0.453272  
   404     0.025670     0.453181  
   405     0.025491     0.453312  
   406     0.025352     0.453445  
   407     0.025180     0.453359  
   408     0.025022     0.453277  
   409     0.024875     0.453365  
   410     0.024733     0.453374  
   411     0.024578     0.453395  
   412     0.024437     0.453328  
   413     0.024292     0.453261  
   414     0.024138     0.453046  
   415     0.023989     0.453093  
   416     0.023842     0.453131  
   417     0.023692     0.453180  
   418     0.023541     0.453349  
   419     0.023401     0.453370  
   420     0.023255     0.453353  
   421     0.023114     0.453143  
   422     0.022953     0.453090  
   423     0.022819     0.453101  
   424     0.022678     0.453052  
   425     0.022543     0.452916  
   426     0.022405     0.452999  
   427     0.022273     0.452958  
   428     0.022143     0.453110  
   429     0.022028     0.453004  
   430     0.021886     0.452932  
   431     0.021777     0.452826  
   432     0.021632     0.452731  
   433     0.021512     0.452756  
   434     0.021382     0.452692  
   435     0.021248     0.452764  
   436     0.021128     0.452828  
   437     0.020995     0.452855  
   438     0.020870     0.452813  
   439     0.020742     0.452953  
   440     0.020625     0.452949  
   441     0.020506     0.452918  
   442     0.020380     0.453000  
   443     0.020265     0.452906  
   444     0.020150     0.453028  
   445     0.020048     0.452993  
   446     0.019940     0.452970  
   447     0.019820     0.452891  
   448     0.019711     0.452896  
   449     0.019597     0.452694  
   450     0.019487     0.452563  
   451     0.019365     0.452519  
   452     0.019251     0.452628  
   453     0.019137     0.452470  
   454     0.019016     0.452357  
   455     0.018909     0.452340  
   456     0.018790     0.452273  
   457     0.018681     0.452107  
   458     0.018582     0.452080  
   459     0.018490     0.452128  
   460     0.018390     0.452091  
   461     0.018282     0.452196  
   462     0.018174     0.452064  
   463     0.018078     0.452061  
   464     0.017981     0.452117  
   465     0.017889     0.452101  
   466     0.017782     0.451976  
   467     0.017680     0.451851  
   468     0.017577     0.451968  
   469     0.017479     0.451992  
   470     0.017377     0.452029  
   471     0.017279     0.452069  
   472     0.017185     0.452034  
   473     0.017086     0.452053  
   474     0.016985     0.452006  
   475     0.016880     0.451975  
   476     0.016791     0.451876  
   477     0.016697     0.451832  
   478     0.016603     0.451755  
   479     0.016502     0.451764  
   480     0.016398     0.451769  
   481     0.016308     0.451732  
   482     0.016226     0.451630  
   483     0.016129     0.451548  
   484     0.016047     0.451533  
   485     0.015973     0.451588  
   486     0.015880     0.451547  
   487     0.015778     0.451512  
   488     0.015690     0.451491  
   489     0.015596     0.451424  
   490     0.015514     0.451462  
   491     0.015417     0.451486  
   492     0.015331     0.451390  
   493     0.015240     0.451430  
   494     0.015147     0.451342  
   495     0.015061     0.451251  
   496     0.014970     0.451292  
   497     0.014884     0.451254  
   498     0.014793     0.451276  
   499     0.014713     0.451254  
   500     0.014627     0.451172  
   501     0.014538     0.451254  
   502     0.014451     0.451201  
   503     0.014355     0.451308  
   504     0.014278     0.451237  
   505     0.014203     0.451305  
   506     0.014117     0.451337  
   507     0.014045     0.451306  
   508     0.013974     0.451307  
   509     0.013893     0.451455  
   510     0.013813     0.451372  
   511     0.013736     0.451350  
   512     0.013654     0.451385  
   513     0.013577     0.451471  
   514     0.013510     0.451424  
   515     0.013436     0.451467  
   516     0.013355     0.451518  
   517     0.013274     0.451349  
   518     0.013198     0.451228  
   519     0.013124     0.451240  
   520     0.013050     0.451238  
   521     0.012979     0.451234  
   522     0.012907     0.451294  
   523     0.012830     0.451167  
   524     0.012753     0.451180  
   525     0.012683     0.451075  
   526     0.012606     0.451043  
   527     0.012519     0.450999  
   528     0.012445     0.450890  
   529     0.012370     0.450864  
   530     0.012296     0.450899  
   531     0.012229     0.450885  
   532     0.012160     0.450829  
   533     0.012097     0.450806  
   534     0.012027     0.450962  
   535     0.011964     0.450982  
   536     0.011891     0.450925  
   537     0.011830     0.450916  
   538     0.011762     0.450910  
   539     0.011698     0.450939  
   540     0.011637     0.450897  
   541     0.011565     0.450834  
   542     0.011503     0.450681  
   543     0.011442     0.450644  
   544     0.011383     0.450708  
   545     0.011328     0.450735  
   546     0.011269     0.450678  
   547     0.011203     0.450769  
   548     0.011140     0.450855  
   549     0.011081     0.450825  
   550     0.011025     0.450804  
   551     0.010967     0.450829  
   552     0.010904     0.450878  
   553     0.010847     0.450854  
   554     0.010787     0.450712  
   555     0.010718     0.450665  
   556     0.010661     0.450613  
   557     0.010604     0.450709  
   558     0.010545     0.450705  
   559     0.010482     0.450674  
   560     0.010426     0.450741  
   561     0.010365     0.450707  
   562     0.010302     0.450634  
   563     0.010248     0.450552  
   564     0.010191     0.450605  
   565     0.010136     0.450458  
   566     0.010076     0.450373  
   567     0.010023     0.450320  
   568     0.009973     0.450428  
   569     0.009917     0.450435  
   570     0.009869     0.450436  
   571     0.009819     0.450430  
   572     0.009765     0.450339  
   573     0.009715     0.450391  
   574     0.009660     0.450360  
   575     0.009607     0.450232  
   576     0.009556     0.450180  
   577     0.009501     0.450250  
   578     0.009452     0.450260  
   579     0.009405     0.450358  
   580     0.009355     0.450306  
   581     0.009304     0.450290  
   582     0.009256     0.450318  
   583     0.009202     0.450216  
   584     0.009158     0.450217  
   585     0.009105     0.450128  
   586     0.009057     0.450167  
   587     0.009008     0.450203  
   588     0.008953     0.450333  
   589     0.008900     0.450332  
   590     0.008846     0.450288  
   591     0.008798     0.450266  
   592     0.008749     0.450276  
   593     0.008702     0.450262  
   594     0.008655     0.450299  
   595     0.008613     0.450251  
   596     0.008570     0.450173  
   597     0.008524     0.450204  
   598     0.008480     0.450276  
   599     0.008434     0.450314  
   600     0.008384     0.450263  
   601     0.008338     0.450182  
   602     0.008294     0.450237  
   603     0.008251     0.450244  
   604     0.008205     0.450229  
   605     0.008159     0.450216  
   606     0.008118     0.450236  
   607     0.008077     0.450312  
   608     0.008028     0.450363  
   609     0.007985     0.450336  
   610     0.007945     0.450243  
   611     0.007899     0.450221  
   612     0.007854     0.450241  
   613     0.007817     0.450267  
   614     0.007773     0.450188  
   615     0.007734     0.450216  
   616     0.007690     0.450228  
   617     0.007646     0.450223  
   618     0.007604     0.450210  
   619     0.007561     0.450232  
   620     0.007519     0.450194  
   621     0.007475     0.450089  
   622     0.007437     0.450078  
   623     0.007396     0.450033  
   624     0.007357     0.449952  
   625     0.007317     0.449936  
   626     0.007276     0.450018  
   627     0.007237     0.450051  
   628     0.007200     0.450053  
   629     0.007160     0.449999  
   630     0.007121     0.450024  
   631     0.007081     0.450039  
   632     0.007044     0.449990  
   633     0.007001     0.450031  
   634     0.006961     0.449957  
   635     0.006921     0.450050  
   636     0.006879     0.450059  
   637     0.006845     0.450047  
   638     0.006807     0.450024  
   639     0.006765     0.449998  
   640     0.006727     0.449976  
   641     0.006688     0.449924  
   642     0.006645     0.449997  
   643     0.006608     0.450000  
   644     0.006566     0.449960  
   645     0.006534     0.449938  
   646     0.006501     0.449904  
   647     0.006463     0.449904  
   648     0.006426     0.449851  
   649     0.006392     0.449877  
   650     0.006354     0.449891  
   651     0.006322     0.449909  
   652     0.006286     0.449814  
   653     0.006247     0.449859  
   654     0.006210     0.449863  
   655     0.006180     0.449840  
   656     0.006144     0.449855  
   657     0.006115     0.449881  
   658     0.006084     0.449821  
   659     0.006051     0.449728  
   660     0.006019     0.449675  
   661     0.005986     0.449603  
   662     0.005952     0.449630  
   663     0.005922     0.449606  
   664     0.005888     0.449621  
   665     0.005856     0.449695  
   666     0.005824     0.449655  
   667     0.005790     0.449651  
   668     0.005763     0.449718  
   669     0.005733     0.449674  
   670     0.005704     0.449715  
   671     0.005675     0.449686  
   672     0.005643     0.449679  
   673     0.005613     0.449716  
   674     0.005585     0.449775  
   675     0.005554     0.449805  
   676     0.005524     0.449787  
   677     0.005494     0.449707  
   678     0.005461     0.449680  
   679     0.005430     0.449713  
   680     0.005402     0.449756  
   681     0.005373     0.449840  
   682     0.005341     0.449839  
   683     0.005315     0.449919  
   684     0.005287     0.449913  
   685     0.005255     0.449917  
   686     0.005227     0.449886  
   687     0.005201     0.449860  
   688     0.005171     0.449860  
   689     0.005146     0.449869  
   690     0.005118     0.449918  
   691     0.005091     0.449894  
   692     0.005062     0.449865  
   693     0.005036     0.449838  
   694     0.005010     0.449840  
   695     0.004983     0.449859  
   696     0.004959     0.449881  
   697     0.004936     0.449830  
   698     0.004911     0.449778  
   699     0.004885     0.449803  
   700     0.004857     0.449804  
   701     0.004831     0.449752  
   702     0.004804     0.449729  
   703     0.004778     0.449761  
   704     0.004752     0.449740  
   705     0.004726     0.449660  
   706     0.004703     0.449654  
   707     0.004675     0.449572  
   708     0.004652     0.449533  
   709     0.004627     0.449536  
   710     0.004603     0.449491  
   711     0.004578     0.449484  
   712     0.004552     0.449514  
   713     0.004529     0.449471  
   714     0.004503     0.449433  
   715     0.004478     0.449412  
   716     0.004453     0.449398  
   717     0.004429     0.449420  
   718     0.004408     0.449401  
   719     0.004387     0.449366  
   720     0.004365     0.449374  
   721     0.004342     0.449378  
   722     0.004319     0.449365  
   723     0.004294     0.449303  
   724     0.004268     0.449259  
   725     0.004243     0.449336  
   726     0.004218     0.449299  
   727     0.004193     0.449281  
   728     0.004173     0.449303  
   729     0.004153     0.449270  
   730     0.004134     0.449252  
   731     0.004114     0.449292  
   732     0.004093     0.449376  
   733     0.004074     0.449349  
   734     0.004055     0.449358  
   735     0.004037     0.449362  
   736     0.004018     0.449392  
   737     0.003996     0.449294  
   738     0.003972     0.449247  
   739     0.003954     0.449253  
   740     0.003935     0.449220  
   741     0.003913     0.449184  
   742     0.003891     0.449152  
   743     0.003870     0.449138  
   744     0.003850     0.449126  
   745     0.003830     0.449158  
   746     0.003811     0.449152  
   747     0.003790     0.449107  
   748     0.003772     0.449097  
   749     0.003753     0.449181  
   750     0.003734     0.449186  
   751     0.003714     0.449184  
   752     0.003693     0.449219  
   753     0.003674     0.449202  
   754     0.003656     0.449252  
   755     0.003637     0.449282  
   756     0.003616     0.449208  
   757     0.003595     0.449126  
   758     0.003575     0.449079  
   759     0.003556     0.449056  
   760     0.003538     0.449069  
   761     0.003520     0.449060  
   762     0.003503     0.449032  
   763     0.003485     0.449024  
   764     0.003468     0.449000  
   765     0.003449     0.448929  
   766     0.003429     0.448961  
   767     0.003410     0.448941  
   768     0.003390     0.448893  
   769     0.003373     0.448940  
   770     0.003355     0.449006  
   771     0.003337     0.449037  
   772     0.003321     0.449008  
   773     0.003306     0.448943  
   774     0.003287     0.448908  
   775     0.003272     0.448924  
   776     0.003256     0.448932  
   777     0.003241     0.448901  
   778     0.003225     0.448878  
   779     0.003206     0.448875  
   780     0.003188     0.448846  
   781     0.003173     0.448832  
   782     0.003156     0.448821  
   783     0.003138     0.448795  
   784     0.003123     0.448814  
   785     0.003107     0.448792  
   786     0.003093     0.448810  
   787     0.003075     0.448747  
   788     0.003059     0.448746  
   789     0.003043     0.448794  
   790     0.003029     0.448796  
   791     0.003012     0.448846  
   792     0.002994     0.448841  
   793     0.002980     0.448840  
   794     0.002964     0.448837  
   795     0.002950     0.448825  
   796     0.002934     0.448842  
   797     0.002920     0.448825  
   798     0.002904     0.448802  
   799     0.002890     0.448775  
   800     0.002876     0.448809  
   801     0.002862     0.448829  
   802     0.002846     0.448823  
   803     0.002834     0.448836  
   804     0.002818     0.448810  
   805     0.002804     0.448846  
   806     0.002790     0.448852  
   807     0.002775     0.448809  
   808     0.002762     0.448819  
   809     0.002748     0.448774  
   810     0.002734     0.448763  
   811     0.002720     0.448776  
   812     0.002706     0.448767  
   813     0.002691     0.448778  
   814     0.002675     0.448739  
   815     0.002660     0.448700  
   816     0.002646     0.448723  
   817     0.002631     0.448742  
   818     0.002617     0.448694  
   819     0.002604     0.448707  
   820     0.002589     0.448696  
   821     0.002574     0.448705  
   822     0.002561     0.448658  
   823     0.002550     0.448609  
   824     0.002537     0.448541  * best
   825     0.002524     0.448557  
   826     0.002511     0.448546  
   827     0.002496     0.448573  
   828     0.002486     0.448569  
   829     0.002473     0.448597  
   830     0.002460     0.448649  
   831     0.002448     0.448670  
   832     0.002436     0.448685  
   833     0.002424     0.448711  
   834     0.002412     0.448713  
   835     0.002400     0.448709  
   836     0.002387     0.448690  
   837     0.002376     0.448747  
   838     0.002364     0.448760  
   839     0.002352     0.448763  
   840     0.002339     0.448763  
   841     0.002328     0.448707  
   842     0.002316     0.448694  
   843     0.002303     0.448682  
   844     0.002293     0.448665  
   845     0.002281     0.448688  
   846     0.002272     0.448654  
   847     0.002261     0.448688  
   848     0.002250     0.448671  
   849     0.002238     0.448686  
   850     0.002224     0.448676  
   851     0.002212     0.448688  
   852     0.002200     0.448668  
   853     0.002189     0.448688  
   854     0.002176     0.448700  
   855     0.002166     0.448700  
   856     0.002156     0.448694  
   857     0.002146     0.448710  
   858     0.002134     0.448718  
   859     0.002123     0.448716  
   860     0.002112     0.448743  
   861     0.002102     0.448711  
   862     0.002092     0.448754  
   863     0.002082     0.448756  
   864     0.002071     0.448742  
   865     0.002060     0.448810  
   866     0.002049     0.448787  
   867     0.002040     0.448794  
   868     0.002029     0.448754  
   869     0.002020     0.448756  
   870     0.002011     0.448781  
   871     0.002000     0.448793  
   872     0.001989     0.448797  
   873     0.001980     0.448788  
   874     0.001971     0.448814  
   875     0.001960     0.448796  
   876     0.001951     0.448791  
   877     0.001940     0.448802  
   878     0.001930     0.448786  
   879     0.001920     0.448779  
   880     0.001910     0.448781  
   881     0.001901     0.448789  
   882     0.001891     0.448776  
   883     0.001882     0.448747  
   884     0.001872     0.448760  
   885     0.001863     0.448771  
   886     0.001854     0.448793  
   887     0.001844     0.448786  
   888     0.001833     0.448795  
   889     0.001824     0.448788  
   890     0.001815     0.448772  
   891     0.001807     0.448764  
   892     0.001797     0.448743  
   893     0.001789     0.448743  
   894     0.001779     0.448754  
   895     0.001771     0.448763  
   896     0.001763     0.448769  
   897     0.001753     0.448798  
   898     0.001745     0.448767  
   899     0.001736     0.448734  
   900     0.001727     0.448746  
   901     0.001718     0.448713  
   902     0.001709     0.448702  
   903     0.001701     0.448740  
   904     0.001694     0.448740  
   905     0.001685     0.448747  
   906     0.001677     0.448735  
   907     0.001670     0.448720  
   908     0.001661     0.448722  
   909     0.001652     0.448707  
   910     0.001644     0.448700  
   911     0.001635     0.448681  
   912     0.001627     0.448679  
   913     0.001618     0.448700  
   914     0.001610     0.448661  
   915     0.001602     0.448651  
   916     0.001594     0.448641  
   917     0.001586     0.448634  
   918     0.001579     0.448655  
   919     0.001570     0.448699  
   920     0.001562     0.448744  
   921     0.001554     0.448731  
   922     0.001546     0.448717  
   923     0.001539     0.448701  
   924     0.001532     0.448720  
# best iteration 824 (val l2 0.448541)
# Spearman  train +0.9962  val +0.7532  test +0.7618
