# gbm_node+edge seed 2
# boosted trees on node+edge
# inputs 25970, 2,024 trees
# LightGBM gradient-boosted trees, objective l2, lr 0.05, num_leaves 31, min_data_in_leaf 20, feature_fraction 0.3, bagging 0.8, lambda_l2 1.0, up to 3000 rounds, early stopping 100 on validation l2
# loss = l2 on standardised log10 half-life
#
 round        train          val  note
     1     0.965938     0.978495  
     2     0.935791     0.951207  
     3     0.906975     0.925867  
     4     0.879052     0.902626  
     5     0.854153     0.880739  
     6     0.830441     0.860345  
     7     0.808471     0.841501  
     8     0.788085     0.823986  
     9     0.769671     0.808839  
    10     0.751672     0.793437  
    11     0.735000     0.781069  
    12     0.719032     0.768321  
    13     0.704306     0.757297  
    14     0.689449     0.745666  
    15     0.675866     0.735238  
    16     0.663929     0.727059  
    17     0.651969     0.718456  
    18     0.640506     0.709538  
    19     0.630837     0.702226  
    20     0.620412     0.694946  
    21     0.610921     0.688811  
    22     0.602207     0.682926  
    23     0.593270     0.675221  
    24     0.584428     0.668997  
    25     0.576470     0.663004  
    26     0.568166     0.656914  
    27     0.560697     0.651615  
    28     0.553208     0.645460  
    29     0.546446     0.641260  
    30     0.540151     0.636984  
    31     0.533739     0.632525  
    32     0.527362     0.627737  
    33     0.520758     0.622715  
    34     0.514772     0.619283  
    35     0.508841     0.615915  
    36     0.502989     0.612849  
    37     0.498158     0.610803  
    38     0.493039     0.608393  
    39     0.487670     0.605078  
    40     0.482915     0.602484  
    41     0.478106     0.599873  
    42     0.473256     0.597183  
    43     0.468515     0.594960  
    44     0.464240     0.593002  
    45     0.460114     0.591596  
    46     0.455571     0.589558  
    47     0.451571     0.587768  
    48     0.447714     0.586388  
    49     0.443770     0.584320  
    50     0.440096     0.582445  
    51     0.436378     0.580817  
    52     0.432249     0.579223  
    53     0.428500     0.577071  
    54     0.424662     0.575612  
    55     0.421137     0.573544  
    56     0.417471     0.571287  
    57     0.414142     0.570343  
    58     0.410574     0.568562  
    59     0.407090     0.566361  
    60     0.403781     0.565506  
    61     0.400367     0.564237  
    62     0.397202     0.562605  
    63     0.393961     0.561727  
    64     0.390762     0.561108  
    65     0.387454     0.559597  
    66     0.384321     0.558320  
    67     0.381143     0.557297  
    68     0.377972     0.555615  
    69     0.374834     0.554318  
    70     0.371903     0.553106  
    71     0.368859     0.551632  
    72     0.365999     0.550918  
    73     0.363314     0.550339  
    74     0.360434     0.549043  
    75     0.357775     0.548169  
    76     0.355019     0.546752  
    77     0.352266     0.545676  
    78     0.349669     0.545192  
    79     0.346954     0.544338  
    80     0.344350     0.543418  
    81     0.341819     0.542259  
    82     0.339266     0.541638  
    83     0.336693     0.540835  
    84     0.334183     0.540068  
    85     0.331550     0.538846  
    86     0.329143     0.537643  
    87     0.326466     0.536189  
    88     0.324148     0.535941  
    89     0.321813     0.535426  
    90     0.319464     0.534210  
    91     0.317219     0.532865  
    92     0.314776     0.531328  
    93     0.312760     0.530923  
    94     0.310450     0.530299  
    95     0.308308     0.529659  
    96     0.306217     0.529058  
    97     0.304088     0.528425  
    98     0.301995     0.527984  
    99     0.299725     0.527080  
   100     0.297703     0.527021  
   101     0.295506     0.526255  
   102     0.293455     0.525602  
   103     0.291363     0.525136  
   104     0.289308     0.524621  
   105     0.287396     0.524053  
   106     0.285266     0.523137  
   107     0.283238     0.522163  
   108     0.281282     0.521683  
   109     0.279355     0.520996  
   110     0.277661     0.520369  
   111     0.275759     0.519792  
   112     0.273914     0.519344  
   113     0.272198     0.519216  
   114     0.270370     0.518750  
   115     0.268627     0.518315  
   116     0.266941     0.517941  
   117     0.265102     0.517492  
   118     0.263358     0.517345  
   119     0.261553     0.516735  
   120     0.259745     0.516155  
   121     0.257960     0.515635  
   122     0.256280     0.515306  
   123     0.254517     0.514389  
   124     0.252894     0.513567  
   125     0.251133     0.513254  
   126     0.249475     0.512469  
   127     0.247809     0.512266  
   128     0.246093     0.511067  
   129     0.244523     0.510462  
   130     0.242876     0.510026  
   131     0.241307     0.509738  
   132     0.239831     0.509252  
   133     0.238403     0.508953  
   134     0.236923     0.508532  
   135     0.235463     0.508213  
   136     0.233999     0.507782  
   137     0.232460     0.507750  
   138     0.231119     0.507514  
   139     0.229672     0.507171  
   140     0.228129     0.506237  
   141     0.226660     0.505479  
   142     0.225114     0.505047  
   143     0.223701     0.504627  
   144     0.222291     0.504209  
   145     0.220848     0.503804  
   146     0.219488     0.503612  
   147     0.218058     0.503229  
   148     0.216702     0.502858  
   149     0.215299     0.502566  
   150     0.213881     0.502099  
   151     0.212496     0.501318  
   152     0.211119     0.500852  
   153     0.209916     0.500820  
   154     0.208627     0.500432  
   155     0.207280     0.499852  
   156     0.205947     0.499937  
   157     0.204557     0.499478  
   158     0.203312     0.499439  
   159     0.202121     0.499005  
   160     0.200840     0.498670  
   161     0.199555     0.498365  
   162     0.198309     0.498178  
   163     0.197107     0.497603  
   164     0.195895     0.497322  
   165     0.194781     0.497381  
   166     0.193623     0.497263  
   167     0.192503     0.497044  
   168     0.191275     0.496660  
   169     0.190139     0.496010  
   170     0.188984     0.495615  
   171     0.187843     0.495470  
   172     0.186751     0.495231  
   173     0.185692     0.495160  
   174     0.184646     0.494967  
   175     0.183503     0.494672  
   176     0.182471     0.494580  
   177     0.181346     0.494119  
   178     0.180265     0.493662  
   179     0.179171     0.493543  
   180     0.178116     0.492990  
   181     0.177048     0.492689  
   182     0.175959     0.492787  
   183     0.174954     0.492605  
   184     0.173922     0.492480  
   185     0.172883     0.492858  
   186     0.171875     0.492471  
   187     0.170912     0.492109  
   188     0.169935     0.492034  
   189     0.168944     0.491784  
   190     0.167931     0.491366  
   191     0.166936     0.491058  
   192     0.165934     0.490861  
   193     0.164939     0.490478  
   194     0.163967     0.490688  
   195     0.163043     0.490382  
   196     0.162101     0.490317  
   197     0.161155     0.490069  
   198     0.160208     0.490180  
   199     0.159353     0.489914  
   200     0.158456     0.489681  
   201     0.157521     0.489362  
   202     0.156633     0.488890  
   203     0.155748     0.488287  
   204     0.154851     0.488047  
   205     0.153917     0.487555  
   206     0.153049     0.487204  
   207     0.152164     0.487037  
   208     0.151329     0.487217  
   209     0.150422     0.487034  
   210     0.149566     0.486916  
   211     0.148733     0.486505  
   212     0.147888     0.486491  
   213     0.147007     0.486078  
   214     0.146128     0.486093  
   215     0.145318     0.486055  
   216     0.144509     0.485763  
   217     0.143716     0.485447  
   218     0.142923     0.484952  
   219     0.142154     0.484611  
   220     0.141356     0.484338  
   221     0.140553     0.484121  
   222     0.139753     0.484076  
   223     0.139016     0.484086  
   224     0.138240     0.484076  
   225     0.137434     0.484050  
   226     0.136656     0.483643  
   227     0.135842     0.483204  
   228     0.135116     0.483103  
   229     0.134367     0.482991  
   230     0.133570     0.483016  
   231     0.132899     0.482591  
   232     0.132133     0.482550  
   233     0.131416     0.482546  
   234     0.130719     0.482612  
   235     0.130004     0.482438  
   236     0.129312     0.482192  
   237     0.128590     0.481857  
   238     0.127917     0.481713  
   239     0.127200     0.481636  
   240     0.126513     0.481310  
   241     0.125837     0.481073  
   242     0.125178     0.480864  
   243     0.124551     0.480905  
   244     0.123878     0.480813  
   245     0.123182     0.480745  
   246     0.122565     0.480714  
   247     0.121916     0.480599  
   248     0.121241     0.480464  
   249     0.120562     0.480204  
   250     0.119919     0.480225  
   251     0.119284     0.480295  
   252     0.118639     0.480159  
   253     0.118005     0.479844  
   254     0.117349     0.479513  
   255     0.116714     0.479470  
   256     0.116043     0.479146  
   257     0.115390     0.479084  
   258     0.114784     0.478940  
   259     0.114185     0.478764  
   260     0.113582     0.478708  
   261     0.112964     0.478507  
   262     0.112372     0.478177  
   263     0.111779     0.478060  
   264     0.111252     0.478028  
   265     0.110671     0.478042  
   266     0.110077     0.477901  
   267     0.109478     0.477765  
   268     0.108913     0.477728  
   269     0.108332     0.477520  
   270     0.107738     0.477055  
   271     0.107205     0.476747  
   272     0.106714     0.476825  
   273     0.106147     0.476406  
   274     0.105596     0.476527  
   275     0.105040     0.476432  
   276     0.104498     0.476177  
   277     0.103916     0.476003  
   278     0.103374     0.476220  
   279     0.102804     0.476127  
   280     0.102254     0.476001  
   281     0.101667     0.475809  
   282     0.101135     0.475757  
   283     0.100596     0.475612  
   284     0.100104     0.475751  
   285     0.099562     0.475321  
   286     0.099013     0.475496  
   287     0.098484     0.475322  
   288     0.097929     0.475263  
   289     0.097385     0.475234  
   290     0.096893     0.475316  
   291     0.096421     0.474966  
   292     0.095929     0.475071  
   293     0.095419     0.474958  
   294     0.094902     0.474915  
   295     0.094435     0.474863  
   296     0.093946     0.474819  
   297     0.093436     0.474775  
   298     0.092940     0.474673  
   299     0.092437     0.474390  
   300     0.091969     0.474125  
   301     0.091442     0.473821  
   302     0.090954     0.473732  
   303     0.090531     0.473638  
   304     0.090080     0.473569  
   305     0.089641     0.473356  
   306     0.089213     0.473388  
   307     0.088781     0.473387  
   308     0.088320     0.473355  
   309     0.087892     0.473194  
   310     0.087463     0.473010  
   311     0.086968     0.472818  
   312     0.086531     0.472558  
   313     0.086082     0.472547  
   314     0.085656     0.472298  
   315     0.085232     0.472149  
   316     0.084761     0.471990  
   317     0.084314     0.472010  
   318     0.083861     0.471883  
   319     0.083461     0.471726  
   320     0.083002     0.471579  
   321     0.082580     0.471368  
   322     0.082138     0.471299  
   323     0.081730     0.471153  
   324     0.081326     0.470982  
   325     0.080891     0.470842  
   326     0.080482     0.470850  
   327     0.080078     0.470690  
   328     0.079646     0.470563  
   329     0.079255     0.470444  
   330     0.078881     0.470322  
   331     0.078480     0.470313  
   332     0.078055     0.470286  
   333     0.077644     0.470072  
   334     0.077255     0.470150  
   335     0.076868     0.470247  
   336     0.076460     0.470259  
   337     0.076103     0.470263  
   338     0.075719     0.470079  
   339     0.075338     0.470119  
   340     0.074990     0.469927  
   341     0.074593     0.469800  
   342     0.074232     0.469602  
   343     0.073852     0.469554  
   344     0.073453     0.469441  
   345     0.073105     0.469445  
   346     0.072759     0.469498  
   347     0.072381     0.469661  
   348     0.072019     0.469433  
   349     0.071673     0.469505  
   350     0.071313     0.469609  
   351     0.070967     0.469637  
   352     0.070619     0.469634  
   353     0.070272     0.469502  
   354     0.069939     0.469345  
   355     0.069582     0.469198  
   356     0.069272     0.469102  
   357     0.068903     0.469043  
   358     0.068578     0.469098  
   359     0.068213     0.469014  
   360     0.067904     0.468837  
   361     0.067565     0.468760  
   362     0.067229     0.468633  
   363     0.066915     0.468522  
   364     0.066583     0.468445  
   365     0.066260     0.468262  
   366     0.065899     0.468416  
   367     0.065572     0.468256  
   368     0.065218     0.468165  
   369     0.064921     0.468156  
   370     0.064626     0.467762  
   371     0.064266     0.467504  
   372     0.063934     0.467315  
   373     0.063617     0.467296  
   374     0.063288     0.467196  
   375     0.062981     0.467225  
   376     0.062680     0.467037  
   377     0.062363     0.467117  
   378     0.062034     0.467190  
   379     0.061731     0.466905  
   380     0.061424     0.466828  
   381     0.061096     0.466529  
   382     0.060794     0.466509  
   383     0.060494     0.466436  
   384     0.060186     0.466434  
   385     0.059927     0.466361  
   386     0.059659     0.466128  
   387     0.059366     0.466080  
   388     0.059082     0.466082  
   389     0.058794     0.465885  
   390     0.058515     0.465724  
   391     0.058208     0.465747  
   392     0.057950     0.465561  
   393     0.057649     0.465403  
   394     0.057387     0.465311  
   395     0.057101     0.465365  
   396     0.056818     0.465120  
   397     0.056547     0.465176  
   398     0.056290     0.465225  
   399     0.056002     0.465114  
   400     0.055724     0.465000  
   401     0.055452     0.464916  
   402     0.055174     0.464887  
   403     0.054912     0.464815  
   404     0.054646     0.464777  
   405     0.054373     0.464651  
   406     0.054120     0.464528  
   407     0.053875     0.464305  
   408     0.053620     0.464352  
   409     0.053351     0.464413  
   410     0.053088     0.464463  
   411     0.052855     0.464378  
   412     0.052595     0.464462  
   413     0.052324     0.464466  
   414     0.052070     0.464308  
   415     0.051833     0.464314  
   416     0.051579     0.464435  
   417     0.051343     0.464409  
   418     0.051087     0.464208  
   419     0.050853     0.463980  
   420     0.050612     0.463983  
   421     0.050369     0.464088  
   422     0.050128     0.464003  
   423     0.049873     0.463868  
   424     0.049670     0.463879  
   425     0.049426     0.463871  
   426     0.049200     0.463818  
   427     0.048973     0.463723  
   428     0.048736     0.463549  
   429     0.048497     0.463529  
   430     0.048251     0.463520  
   431     0.048029     0.463513  
   432     0.047800     0.463606  
   433     0.047546     0.463552  
   434     0.047329     0.463417  
   435     0.047121     0.463268  
   436     0.046884     0.463095  
   437     0.046659     0.463057  
   438     0.046437     0.462878  
   439     0.046194     0.462899  
   440     0.045991     0.462934  
   441     0.045757     0.462896  
   442     0.045543     0.462845  
   443     0.045334     0.462806  
   444     0.045122     0.462756  
   445     0.044910     0.462784  
   446     0.044679     0.462704  
   447     0.044495     0.462531  
   448     0.044271     0.462461  
   449     0.044054     0.462442  
   450     0.043841     0.462519  
   451     0.043645     0.462548  
   452     0.043421     0.462349  
   453     0.043200     0.462416  
   454     0.042995     0.462381  
   455     0.042792     0.462368  
   456     0.042617     0.462195  
   457     0.042413     0.462051  
   458     0.042205     0.461954  
   459     0.042015     0.461936  
   460     0.041802     0.461868  
   461     0.041614     0.461829  
   462     0.041410     0.461912  
   463     0.041230     0.461820  
   464     0.041031     0.461781  
   465     0.040847     0.461759  
   466     0.040654     0.461680  
   467     0.040472     0.461632  
   468     0.040257     0.461656  
   469     0.040070     0.461678  
   470     0.039874     0.461620  
   471     0.039681     0.461570  
   472     0.039490     0.461466  
   473     0.039306     0.461276  
   474     0.039135     0.461125  
   475     0.038941     0.461088  
   476     0.038743     0.461120  
   477     0.038574     0.461018  
   478     0.038418     0.460984  
   479     0.038220     0.461011  
   480     0.038037     0.461005  
   481     0.037853     0.461077  
   482     0.037684     0.460978  
   483     0.037502     0.460819  
   484     0.037334     0.460867  
   485     0.037160     0.460905  
   486     0.036980     0.460833  
   487     0.036792     0.460816  
   488     0.036615     0.460802  
   489     0.036463     0.460810  
   490     0.036287     0.460690  
   491     0.036121     0.460745  
   492     0.035949     0.460725  
   493     0.035782     0.460748  
   494     0.035629     0.460730  
   495     0.035463     0.460731  
   496     0.035288     0.460673  
   497     0.035118     0.460638  
   498     0.034948     0.460658  
   499     0.034789     0.460684  
   500     0.034627     0.460737  
   501     0.034460     0.460554  
   502     0.034292     0.460516  
   503     0.034112     0.460461  
   504     0.033940     0.460420  
   505     0.033779     0.460427  
   506     0.033641     0.460401  
   507     0.033496     0.460332  
   508     0.033346     0.460263  
   509     0.033214     0.460290  
   510     0.033051     0.460268  
   511     0.032891     0.460322  
   512     0.032737     0.460297  
   513     0.032601     0.460285  
   514     0.032438     0.460262  
   515     0.032284     0.460240  
   516     0.032151     0.460293  
   517     0.032007     0.460169  
   518     0.031859     0.460115  
   519     0.031706     0.460166  
   520     0.031553     0.460113  
   521     0.031393     0.460092  
   522     0.031249     0.460110  
   523     0.031102     0.460021  
   524     0.030961     0.460002  
   525     0.030809     0.460008  
   526     0.030662     0.460016  
   527     0.030533     0.459937  
   528     0.030392     0.459943  
   529     0.030228     0.459938  
   530     0.030073     0.459920  
   531     0.029942     0.459990  
   532     0.029824     0.459824  
   533     0.029680     0.459814  
   534     0.029535     0.459833  
   535     0.029396     0.459735  
   536     0.029247     0.459730  
   537     0.029130     0.459726  
   538     0.028994     0.459506  
   539     0.028867     0.459561  
   540     0.028731     0.459567  
   541     0.028596     0.459517  
   542     0.028468     0.459436  
   543     0.028347     0.459475  
   544     0.028215     0.459580  
   545     0.028071     0.459673  
   546     0.027936     0.459716  
   547     0.027822     0.459764  
   548     0.027686     0.459777  
   549     0.027556     0.459847  
   550     0.027426     0.459836  
   551     0.027322     0.459746  
   552     0.027207     0.459717  
   553     0.027069     0.459689  
   554     0.026930     0.459640  
   555     0.026804     0.459565  
   556     0.026689     0.459529  
   557     0.026569     0.459513  
   558     0.026449     0.459531  
   559     0.026334     0.459533  
   560     0.026218     0.459597  
   561     0.026094     0.459557  
   562     0.025978     0.459457  
   563     0.025846     0.459532  
   564     0.025720     0.459535  
   565     0.025603     0.459582  
   566     0.025489     0.459480  
   567     0.025375     0.459323  
   568     0.025256     0.459285  
   569     0.025110     0.459208  
   570     0.024993     0.459326  
   571     0.024882     0.459242  
   572     0.024774     0.459162  
   573     0.024672     0.459192  
   574     0.024558     0.459182  
   575     0.024450     0.459185  
   576     0.024346     0.459107  
   577     0.024229     0.459099  
   578     0.024118     0.459038  
   579     0.024002     0.459022  
   580     0.023896     0.458962  
   581     0.023784     0.458980  
   582     0.023684     0.458936  
   583     0.023582     0.458895  
   584     0.023458     0.458868  
   585     0.023339     0.458884  
   586     0.023219     0.458873  
   587     0.023125     0.458852  
   588     0.023007     0.458765  
   589     0.022900     0.458731  
   590     0.022786     0.458670  
   591     0.022680     0.458655  
   592     0.022578     0.458634  
   593     0.022473     0.458533  
   594     0.022363     0.458476  
   595     0.022261     0.458474  
   596     0.022152     0.458433  
   597     0.022051     0.458421  
   598     0.021950     0.458301  
   599     0.021857     0.458205  
   600     0.021760     0.458170  
   601     0.021662     0.458244  
   602     0.021572     0.458212  
   603     0.021471     0.458235  
   604     0.021365     0.458224  
   605     0.021258     0.458271  
   606     0.021161     0.458287  
   607     0.021063     0.458260  
   608     0.020965     0.458260  
   609     0.020868     0.458275  
   610     0.020775     0.458323  
   611     0.020681     0.458244  
   612     0.020584     0.458162  
   613     0.020485     0.458142  
   614     0.020392     0.458084  
   615     0.020305     0.458081  
   616     0.020213     0.458032  
   617     0.020119     0.458005  
   618     0.020024     0.458052  
   619     0.019940     0.458052  
   620     0.019861     0.458023  
   621     0.019780     0.458053  
   622     0.019684     0.458093  
   623     0.019599     0.458200  
   624     0.019504     0.458188  
   625     0.019414     0.458164  
   626     0.019333     0.458114  
   627     0.019249     0.458083  
   628     0.019160     0.458130  
   629     0.019073     0.458004  
   630     0.018991     0.458017  
   631     0.018910     0.458037  
   632     0.018833     0.458074  
   633     0.018749     0.458089  
   634     0.018669     0.458006  
   635     0.018581     0.458043  
   636     0.018496     0.458027  
   637     0.018422     0.457983  
   638     0.018336     0.457961  
   639     0.018254     0.457951  
   640     0.018174     0.457917  
   641     0.018091     0.457905  
   642     0.018006     0.457938  
   643     0.017921     0.457984  
   644     0.017837     0.457833  
   645     0.017757     0.457737  
   646     0.017680     0.457599  
   647     0.017610     0.457586  
   648     0.017531     0.457591  
   649     0.017452     0.457579  
   650     0.017368     0.457606  
   651     0.017290     0.457625  
   652     0.017208     0.457550  
   653     0.017126     0.457492  
   654     0.017048     0.457425  
   655     0.016978     0.457409  
   656     0.016906     0.457311  
   657     0.016841     0.457369  
   658     0.016763     0.457354  
   659     0.016684     0.457419  
   660     0.016605     0.457366  
   661     0.016538     0.457466  
   662     0.016461     0.457402  
   663     0.016392     0.457356  
   664     0.016313     0.457412  
   665     0.016242     0.457424  
   666     0.016161     0.457338  
   667     0.016098     0.457470  
   668     0.016022     0.457435  
   669     0.015954     0.457397  
   670     0.015897     0.457324  
   671     0.015827     0.457324  
   672     0.015759     0.457297  
   673     0.015694     0.457246  
   674     0.015624     0.457228  
   675     0.015553     0.457220  
   676     0.015484     0.457205  
   677     0.015417     0.457113  
   678     0.015348     0.457089  
   679     0.015280     0.457151  
   680     0.015210     0.457062  
   681     0.015142     0.457064  
   682     0.015077     0.457072  
   683     0.015015     0.457006  
   684     0.014948     0.457046  
   685     0.014879     0.457022  
   686     0.014813     0.457026  
   687     0.014744     0.457028  
   688     0.014684     0.456979  
   689     0.014616     0.456953  
   690     0.014554     0.456945  
   691     0.014488     0.456917  
   692     0.014428     0.456888  
   693     0.014356     0.456854  
   694     0.014296     0.456759  
   695     0.014236     0.456765  
   696     0.014173     0.456809  
   697     0.014114     0.456772  
   698     0.014056     0.456803  
   699     0.013998     0.456793  
   700     0.013927     0.456868  
   701     0.013861     0.456890  
   702     0.013797     0.456962  
   703     0.013728     0.456972  
   704     0.013669     0.456939  
   705     0.013603     0.456933  
   706     0.013537     0.456915  
   707     0.013484     0.456851  
   708     0.013427     0.456917  
   709     0.013365     0.456927  
   710     0.013312     0.456968  
   711     0.013258     0.457002  
   712     0.013201     0.456945  
   713     0.013136     0.456991  
   714     0.013078     0.457027  
   715     0.013024     0.457020  
   716     0.012962     0.457008  
   717     0.012903     0.457001  
   718     0.012850     0.456999  
   719     0.012791     0.456961  
   720     0.012737     0.456894  
   721     0.012683     0.456909  
   722     0.012631     0.456950  
   723     0.012576     0.457002  
   724     0.012519     0.456982  
   725     0.012469     0.456973  
   726     0.012421     0.456962  
   727     0.012369     0.456929  
   728     0.012314     0.456936  
   729     0.012264     0.456996  
   730     0.012212     0.456935  
   731     0.012156     0.456919  
   732     0.012104     0.456867  
   733     0.012052     0.456850  
   734     0.012001     0.456785  
   735     0.011949     0.456811  
   736     0.011900     0.456773  
   737     0.011847     0.456768  
   738     0.011798     0.456727  
   739     0.011749     0.456744  
   740     0.011692     0.456700  
   741     0.011637     0.456712  
   742     0.011588     0.456740  
   743     0.011535     0.456771  
   744     0.011486     0.456824  
   745     0.011435     0.456782  
   746     0.011382     0.456765  
   747     0.011330     0.456742  
   748     0.011277     0.456682  
   749     0.011228     0.456689  
   750     0.011180     0.456635  
   751     0.011130     0.456588  
   752     0.011080     0.456614  
   753     0.011031     0.456543  
   754     0.010982     0.456569  
   755     0.010935     0.456516  
   756     0.010889     0.456521  
   757     0.010839     0.456492  
   758     0.010788     0.456467  
   759     0.010739     0.456476  
   760     0.010685     0.456395  
   761     0.010639     0.456362  
   762     0.010595     0.456375  
   763     0.010552     0.456297  
   764     0.010509     0.456282  
   765     0.010460     0.456228  
   766     0.010417     0.456248  
   767     0.010372     0.456304  
   768     0.010321     0.456344  
   769     0.010271     0.456389  
   770     0.010230     0.456391  
   771     0.010185     0.456359  
   772     0.010146     0.456378  
   773     0.010094     0.456322  
   774     0.010053     0.456289  
   775     0.010004     0.456235  
   776     0.009964     0.456256  
   777     0.009921     0.456216  
   778     0.009877     0.456178  
   779     0.009836     0.456126  
   780     0.009797     0.456111  
   781     0.009755     0.456133  
   782     0.009710     0.456145  
   783     0.009668     0.456138  
   784     0.009627     0.456086  
   785     0.009578     0.456169  
   786     0.009535     0.456133  
   787     0.009491     0.456096  
   788     0.009451     0.456008  
   789     0.009409     0.456026  
   790     0.009362     0.455978  
   791     0.009318     0.456001  
   792     0.009271     0.456023  
   793     0.009231     0.456027  
   794     0.009190     0.456029  
   795     0.009143     0.455965  
   796     0.009101     0.455943  
   797     0.009061     0.455977  
   798     0.009023     0.455949  
   799     0.008981     0.455941  
   800     0.008943     0.455950  
   801     0.008906     0.455966  
   802     0.008866     0.455958  
   803     0.008829     0.455962  
   804     0.008794     0.455996  
   805     0.008756     0.455979  
   806     0.008720     0.456054  
   807     0.008681     0.456052  
   808     0.008642     0.456089  
   809     0.008604     0.456109  
   810     0.008565     0.456103  
   811     0.008526     0.456078  
   812     0.008487     0.456057  
   813     0.008448     0.456087  
   814     0.008414     0.456133  
   815     0.008378     0.456115  
   816     0.008343     0.456104  
   817     0.008305     0.456003  
   818     0.008266     0.456025  
   819     0.008228     0.456038  
   820     0.008188     0.456026  
   821     0.008154     0.455991  
   822     0.008119     0.455926  
   823     0.008084     0.456008  
   824     0.008051     0.456000  
   825     0.008017     0.456044  
   826     0.007981     0.456000  
   827     0.007950     0.455989  
   828     0.007920     0.455982  
   829     0.007888     0.455987  
   830     0.007851     0.455981  
   831     0.007818     0.455931  
   832     0.007785     0.455942  
   833     0.007747     0.455941  
   834     0.007715     0.455923  
   835     0.007682     0.455939  
   836     0.007650     0.455947  
   837     0.007616     0.455923  
   838     0.007580     0.455906  
   839     0.007549     0.455891  
   840     0.007516     0.455840  
   841     0.007482     0.455816  
   842     0.007453     0.455794  
   843     0.007418     0.455778  
   844     0.007391     0.455770  
   845     0.007357     0.455747  
   846     0.007323     0.455757  
   847     0.007291     0.455753  
   848     0.007258     0.455717  
   849     0.007222     0.455734  
   850     0.007190     0.455740  
   851     0.007157     0.455740  
   852     0.007127     0.455780  
   853     0.007096     0.455771  
   854     0.007064     0.455772  
   855     0.007035     0.455787  
   856     0.007004     0.455761  
   857     0.006976     0.455768  
   858     0.006945     0.455794  
   859     0.006913     0.455829  
   860     0.006879     0.455820  
   861     0.006851     0.455838  
   862     0.006821     0.455812  
   863     0.006789     0.455838  
   864     0.006760     0.455809  
   865     0.006734     0.455807  
   866     0.006707     0.455802  
   867     0.006676     0.455802  
   868     0.006651     0.455772  
   869     0.006618     0.455747  
   870     0.006590     0.455730  
   871     0.006563     0.455742  
   872     0.006535     0.455732  
   873     0.006506     0.455722  
   874     0.006481     0.455654  
   875     0.006450     0.455659  
   876     0.006420     0.455648  
   877     0.006393     0.455647  
   878     0.006365     0.455644  
   879     0.006341     0.455605  
   880     0.006313     0.455627  
   881     0.006286     0.455610  
   882     0.006261     0.455620  
   883     0.006235     0.455626  
   884     0.006209     0.455673  
   885     0.006184     0.455677  
   886     0.006158     0.455674  
   887     0.006132     0.455671  
   888     0.006106     0.455729  
   889     0.006084     0.455702  
   890     0.006057     0.455690  
   891     0.006031     0.455709  
   892     0.006004     0.455714  
   893     0.005981     0.455704  
   894     0.005954     0.455724  
   895     0.005928     0.455736  
   896     0.005897     0.455703  
   897     0.005872     0.455685  
   898     0.005848     0.455661  
   899     0.005823     0.455629  
   900     0.005797     0.455618  
   901     0.005772     0.455633  
   902     0.005747     0.455609  
   903     0.005718     0.455596  
   904     0.005696     0.455604  
   905     0.005669     0.455614  
   906     0.005645     0.455562  
   907     0.005619     0.455603  
   908     0.005595     0.455614  
   909     0.005569     0.455607  
   910     0.005544     0.455601  
   911     0.005522     0.455555  
   912     0.005500     0.455559  
   913     0.005479     0.455546  
   914     0.005455     0.455562  
   915     0.005434     0.455549  
   916     0.005411     0.455555  
   917     0.005389     0.455561  
   918     0.005366     0.455515  
   919     0.005344     0.455512  
   920     0.005320     0.455470  
   921     0.005297     0.455488  
   922     0.005272     0.455499  
   923     0.005250     0.455511  
   924     0.005230     0.455536  
   925     0.005205     0.455547  
   926     0.005182     0.455581  
   927     0.005160     0.455574  
   928     0.005137     0.455605  
   929     0.005116     0.455616  
   930     0.005096     0.455649  
   931     0.005075     0.455663  
   932     0.005053     0.455654  
   933     0.005033     0.455666  
   934     0.005013     0.455661  
   935     0.004993     0.455680  
   936     0.004971     0.455662  
   937     0.004949     0.455617  
   938     0.004924     0.455570  
   939     0.004905     0.455594  
   940     0.004886     0.455594  
   941     0.004865     0.455581  
   942     0.004845     0.455569  
   943     0.004824     0.455547  
   944     0.004804     0.455550  
   945     0.004784     0.455574  
   946     0.004764     0.455584  
   947     0.004743     0.455567  
   948     0.004724     0.455562  
   949     0.004703     0.455560  
   950     0.004684     0.455568  
   951     0.004665     0.455555  
   952     0.004643     0.455548  
   953     0.004622     0.455532  
   954     0.004602     0.455513  
   955     0.004584     0.455486  
   956     0.004565     0.455511  
   957     0.004548     0.455499  
   958     0.004528     0.455507  
   959     0.004510     0.455532  
   960     0.004491     0.455554  
   961     0.004473     0.455583  
   962     0.004455     0.455595  
   963     0.004437     0.455614  
   964     0.004418     0.455662  
   965     0.004401     0.455651  
   966     0.004383     0.455626  
   967     0.004364     0.455642  
   968     0.004347     0.455624  
   969     0.004328     0.455643  
   970     0.004308     0.455596  
   971     0.004290     0.455561  
   972     0.004270     0.455553  
   973     0.004253     0.455542  
   974     0.004234     0.455542  
   975     0.004216     0.455540  
   976     0.004199     0.455541  
   977     0.004184     0.455499  
   978     0.004166     0.455489  
   979     0.004148     0.455487  
   980     0.004131     0.455481  
   981     0.004116     0.455476  
   982     0.004101     0.455472  
   983     0.004085     0.455455  
   984     0.004067     0.455456  
   985     0.004050     0.455426  
   986     0.004034     0.455417  
   987     0.004018     0.455434  
   988     0.004001     0.455439  
   989     0.003983     0.455438  
   990     0.003966     0.455424  
   991     0.003949     0.455435  
   992     0.003934     0.455416  
   993     0.003920     0.455399  
   994     0.003903     0.455357  
   995     0.003885     0.455422  
   996     0.003869     0.455379  
   997     0.003854     0.455360  
   998     0.003835     0.455304  
   999     0.003819     0.455329  
  1000     0.003801     0.455328  
  1001     0.003785     0.455305  
  1002     0.003770     0.455291  
  1003     0.003755     0.455282  
  1004     0.003739     0.455294  
  1005     0.003723     0.455286  
  1006     0.003707     0.455272  
  1007     0.003689     0.455273  
  1008     0.003673     0.455258  
  1009     0.003657     0.455294  
  1010     0.003641     0.455274  
  1011     0.003624     0.455272  
  1012     0.003607     0.455277  
  1013     0.003592     0.455270  
  1014     0.003580     0.455265  
  1015     0.003565     0.455253  
  1016     0.003549     0.455266  
  1017     0.003535     0.455221  
  1018     0.003521     0.455256  
  1019     0.003505     0.455223  
  1020     0.003490     0.455217  
  1021     0.003477     0.455219  
  1022     0.003464     0.455233  
  1023     0.003446     0.455263  
  1024     0.003434     0.455246  
  1025     0.003419     0.455265  
  1026     0.003404     0.455227  
  1027     0.003390     0.455250  
  1028     0.003374     0.455254  
  1029     0.003359     0.455250  
  1030     0.003345     0.455230  
  1031     0.003331     0.455216  
  1032     0.003318     0.455191  
  1033     0.003304     0.455164  
  1034     0.003289     0.455161  
  1035     0.003276     0.455150  
  1036     0.003262     0.455151  
  1037     0.003248     0.455146  
  1038     0.003234     0.455146  
  1039     0.003223     0.455190  
  1040     0.003209     0.455173  
  1041     0.003196     0.455151  
  1042     0.003183     0.455123  
  1043     0.003168     0.455126  
  1044     0.003155     0.455123  
  1045     0.003141     0.455089  
  1046     0.003125     0.455077  
  1047     0.003112     0.455052  
  1048     0.003099     0.455048  
  1049     0.003086     0.455031  
  1050     0.003073     0.455020  
  1051     0.003060     0.455025  
  1052     0.003048     0.455008  
  1053     0.003035     0.455004  
  1054     0.003022     0.454984  
  1055     0.003010     0.454987  
  1056     0.002998     0.454955  
  1057     0.002987     0.454939  
  1058     0.002974     0.454923  
  1059     0.002961     0.454919  
  1060     0.002949     0.454901  
  1061     0.002938     0.454914  
  1062     0.002924     0.454923  
  1063     0.002913     0.454932  
  1064     0.002900     0.454919  
  1065     0.002888     0.454925  
  1066     0.002875     0.454913  
  1067     0.002864     0.454896  
  1068     0.002852     0.454892  
  1069     0.002840     0.454899  
  1070     0.002827     0.454908  
  1071     0.002814     0.454929  
  1072     0.002801     0.454895  
  1073     0.002788     0.454880  
  1074     0.002777     0.454870  
  1075     0.002766     0.454900  
  1076     0.002755     0.454870  
  1077     0.002743     0.454846  
  1078     0.002732     0.454853  
  1079     0.002723     0.454831  
  1080     0.002713     0.454806  
  1081     0.002702     0.454778  
  1082     0.002691     0.454757  
  1083     0.002680     0.454734  
  1084     0.002669     0.454743  
  1085     0.002659     0.454732  
  1086     0.002648     0.454743  
  1087     0.002637     0.454740  
  1088     0.002626     0.454742  
  1089     0.002616     0.454750  
  1090     0.002606     0.454721  
  1091     0.002595     0.454717  
  1092     0.002585     0.454745  
  1093     0.002574     0.454751  
  1094     0.002561     0.454739  
  1095     0.002550     0.454707  
  1096     0.002538     0.454698  
  1097     0.002527     0.454699  
  1098     0.002515     0.454681  
  1099     0.002504     0.454660  
  1100     0.002494     0.454662  
  1101     0.002484     0.454636  
  1102     0.002474     0.454616  
  1103     0.002463     0.454630  
  1104     0.002454     0.454602  
  1105     0.002442     0.454634  
  1106     0.002432     0.454614  
  1107     0.002422     0.454631  
  1108     0.002413     0.454605  
  1109     0.002402     0.454604  
  1110     0.002392     0.454613  
  1111     0.002382     0.454614  
  1112     0.002371     0.454639  
  1113     0.002361     0.454636  
  1114     0.002351     0.454619  
  1115     0.002341     0.454585  
  1116     0.002331     0.454548  
  1117     0.002321     0.454528  
  1118     0.002311     0.454503  
  1119     0.002300     0.454494  
  1120     0.002289     0.454495  
  1121     0.002280     0.454504  
  1122     0.002271     0.454513  
  1123     0.002261     0.454507  
  1124     0.002253     0.454497  
  1125     0.002242     0.454500  
  1126     0.002233     0.454519  
  1127     0.002225     0.454536  
  1128     0.002215     0.454535  
  1129     0.002207     0.454538  
  1130     0.002199     0.454536  
  1131     0.002190     0.454516  
  1132     0.002181     0.454496  
  1133     0.002172     0.454505  
  1134     0.002163     0.454481  
  1135     0.002154     0.454465  
  1136     0.002145     0.454471  
  1137     0.002136     0.454460  
  1138     0.002129     0.454457  
  1139     0.002119     0.454446  
  1140     0.002110     0.454420  
  1141     0.002100     0.454444  
  1142     0.002091     0.454440  
  1143     0.002082     0.454401  
  1144     0.002074     0.454387  
  1145     0.002066     0.454404  
  1146     0.002058     0.454381  
  1147     0.002049     0.454393  
  1148     0.002040     0.454392  
  1149     0.002031     0.454370  
  1150     0.002022     0.454367  
  1151     0.002013     0.454345  
  1152     0.002005     0.454336  
  1153     0.001996     0.454343  
  1154     0.001989     0.454326  
  1155     0.001982     0.454348  
  1156     0.001973     0.454343  
  1157     0.001965     0.454354  
  1158     0.001956     0.454351  
  1159     0.001948     0.454332  
  1160     0.001940     0.454330  
  1161     0.001932     0.454320  
  1162     0.001924     0.454326  
  1163     0.001916     0.454327  
  1164     0.001907     0.454325  
  1165     0.001899     0.454325  
  1166     0.001890     0.454333  
  1167     0.001882     0.454315  
  1168     0.001874     0.454277  
  1169     0.001865     0.454275  
  1170     0.001857     0.454270  
  1171     0.001850     0.454268  
  1172     0.001842     0.454255  
  1173     0.001836     0.454266  
  1174     0.001828     0.454251  
  1175     0.001821     0.454246  
  1176     0.001814     0.454233  
  1177     0.001807     0.454219  
  1178     0.001799     0.454229  
  1179     0.001792     0.454247  
  1180     0.001785     0.454265  
  1181     0.001778     0.454286  
  1182     0.001770     0.454263  
  1183     0.001762     0.454280  
  1184     0.001754     0.454274  
  1185     0.001746     0.454289  
  1186     0.001740     0.454290  
  1187     0.001734     0.454287  
  1188     0.001726     0.454279  
  1189     0.001719     0.454259  
  1190     0.001712     0.454252  
  1191     0.001704     0.454284  
  1192     0.001698     0.454272  
  1193     0.001691     0.454253  
  1194     0.001684     0.454259  
  1195     0.001677     0.454262  
  1196     0.001670     0.454258  
  1197     0.001663     0.454246  
  1198     0.001656     0.454220  
  1199     0.001648     0.454210  
  1200     0.001642     0.454204  
  1201     0.001634     0.454157  
  1202     0.001627     0.454167  
  1203     0.001619     0.454140  
  1204     0.001613     0.454136  
  1205     0.001607     0.454116  
  1206     0.001600     0.454121  
  1207     0.001593     0.454124  
  1208     0.001587     0.454145  
  1209     0.001580     0.454142  
  1210     0.001572     0.454109  
  1211     0.001566     0.454104  
  1212     0.001559     0.454109  
  1213     0.001553     0.454112  
  1214     0.001548     0.454115  
  1215     0.001541     0.454098  
  1216     0.001534     0.454101  
  1217     0.001528     0.454095  
  1218     0.001522     0.454091  
  1219     0.001515     0.454096  
  1220     0.001508     0.454078  
  1221     0.001501     0.454101  
  1222     0.001495     0.454080  
  1223     0.001489     0.454090  
  1224     0.001483     0.454098  
  1225     0.001477     0.454105  
  1226     0.001471     0.454070  
  1227     0.001465     0.454075  
  1228     0.001460     0.454079  
  1229     0.001454     0.454092  
  1230     0.001448     0.454095  
  1231     0.001442     0.454099  
  1232     0.001436     0.454097  
  1233     0.001431     0.454091  
  1234     0.001425     0.454108  
  1235     0.001420     0.454086  
  1236     0.001414     0.454077  
  1237     0.001409     0.454077  
  1238     0.001402     0.454077  
  1239     0.001397     0.454064  
  1240     0.001392     0.454074  
  1241     0.001386     0.454074  
  1242     0.001380     0.454072  
  1243     0.001375     0.454071  
  1244     0.001369     0.454077  
  1245     0.001364     0.454071  
  1246     0.001358     0.454052  
  1247     0.001352     0.454050  
  1248     0.001346     0.454048  
  1249     0.001341     0.454026  
  1250     0.001335     0.454026  
  1251     0.001330     0.454025  
  1252     0.001325     0.453998  
  1253     0.001319     0.453998  
  1254     0.001314     0.454018  
  1255     0.001308     0.454016  
  1256     0.001303     0.454019  
  1257     0.001297     0.454010  
  1258     0.001292     0.454013  
  1259     0.001286     0.453994  
  1260     0.001281     0.453970  
  1261     0.001275     0.453954  
  1262     0.001270     0.453938  
  1263     0.001265     0.453920  
  1264     0.001260     0.453906  
  1265     0.001254     0.453862  
  1266     0.001249     0.453841  
  1267     0.001244     0.453832  
  1268     0.001239     0.453824  
  1269     0.001234     0.453803  
  1270     0.001229     0.453793  
  1271     0.001224     0.453798  
  1272     0.001219     0.453807  
  1273     0.001213     0.453806  
  1274     0.001208     0.453793  
  1275     0.001203     0.453777  
  1276     0.001198     0.453791  
  1277     0.001193     0.453773  
  1278     0.001189     0.453785  
  1279     0.001184     0.453783  
  1280     0.001179     0.453794  
  1281     0.001174     0.453811  
  1282     0.001170     0.453831  
  1283     0.001165     0.453808  
  1284     0.001160     0.453807  
  1285     0.001156     0.453821  
  1286     0.001151     0.453812  
  1287     0.001146     0.453817  
  1288     0.001142     0.453797  
  1289     0.001137     0.453790  
  1290     0.001132     0.453776  
  1291     0.001127     0.453780  
  1292     0.001123     0.453778  
  1293     0.001118     0.453774  
  1294     0.001113     0.453780  
  1295     0.001109     0.453778  
  1296     0.001104     0.453778  
  1297     0.001099     0.453771  
  1298     0.001095     0.453768  
  1299     0.001091     0.453770  
  1300     0.001087     0.453789  
  1301     0.001082     0.453788  
  1302     0.001078     0.453815  
  1303     0.001073     0.453826  
  1304     0.001068     0.453835  
  1305     0.001064     0.453845  
  1306     0.001060     0.453842  
  1307     0.001056     0.453829  
  1308     0.001051     0.453834  
  1309     0.001047     0.453845  
  1310     0.001043     0.453843  
  1311     0.001038     0.453846  
  1312     0.001034     0.453835  
  1313     0.001030     0.453804  
  1314     0.001026     0.453795  
  1315     0.001022     0.453804  
  1316     0.001017     0.453807  
  1317     0.001013     0.453783  
  1318     0.001009     0.453786  
  1319     0.001005     0.453782  
  1320     0.001000     0.453786  
  1321     0.000997     0.453764  
  1322     0.000993     0.453775  
  1323     0.000989     0.453772  
  1324     0.000985     0.453779  
  1325     0.000981     0.453765  
  1326     0.000977     0.453776  
  1327     0.000973     0.453782  
  1328     0.000969     0.453791  
  1329     0.000965     0.453801  
  1330     0.000961     0.453809  
  1331     0.000957     0.453810  
  1332     0.000953     0.453814  
  1333     0.000949     0.453782  
  1334     0.000946     0.453762  
  1335     0.000942     0.453768  
  1336     0.000938     0.453752  
  1337     0.000935     0.453757  
  1338     0.000931     0.453756  
  1339     0.000927     0.453759  
  1340     0.000924     0.453742  
  1341     0.000920     0.453728  
  1342     0.000916     0.453739  
  1343     0.000912     0.453746  
  1344     0.000909     0.453751  
  1345     0.000905     0.453735  
  1346     0.000902     0.453738  
  1347     0.000898     0.453737  
  1348     0.000894     0.453733  
  1349     0.000891     0.453727  
  1350     0.000887     0.453734  
  1351     0.000883     0.453731  
  1352     0.000880     0.453737  
  1353     0.000876     0.453734  
  1354     0.000872     0.453740  
  1355     0.000869     0.453745  
  1356     0.000865     0.453738  
  1357     0.000862     0.453725  
  1358     0.000858     0.453712  
  1359     0.000854     0.453707  
  1360     0.000850     0.453707  
  1361     0.000846     0.453701  
  1362     0.000843     0.453704  
  1363     0.000839     0.453701  
  1364     0.000835     0.453708  
  1365     0.000832     0.453707  
  1366     0.000828     0.453677  
  1367     0.000825     0.453668  
  1368     0.000821     0.453671  
  1369     0.000818     0.453659  
  1370     0.000815     0.453654  
  1371     0.000811     0.453632  
  1372     0.000808     0.453626  
  1373     0.000805     0.453620  
  1374     0.000802     0.453599  
  1375     0.000798     0.453599  
  1376     0.000795     0.453597  
  1377     0.000793     0.453588  
  1378     0.000789     0.453598  
  1379     0.000786     0.453608  
  1380     0.000783     0.453630  
  1381     0.000780     0.453622  
  1382     0.000777     0.453643  
  1383     0.000774     0.453651  
  1384     0.000770     0.453634  
  1385     0.000767     0.453626  
  1386     0.000764     0.453617  
  1387     0.000761     0.453601  
  1388     0.000758     0.453590  
  1389     0.000755     0.453607  
  1390     0.000751     0.453609  
  1391     0.000748     0.453593  
  1392     0.000745     0.453581  
  1393     0.000742     0.453600  
  1394     0.000739     0.453596  
  1395     0.000736     0.453598  
  1396     0.000733     0.453599  
  1397     0.000730     0.453596  
  1398     0.000727     0.453607  
  1399     0.000725     0.453597  
  1400     0.000721     0.453593  
  1401     0.000719     0.453582  
  1402     0.000716     0.453590  
  1403     0.000713     0.453595  
  1404     0.000710     0.453603  
  1405     0.000707     0.453596  
  1406     0.000704     0.453595  
  1407     0.000701     0.453601  
  1408     0.000698     0.453599  
  1409     0.000695     0.453611  
  1410     0.000692     0.453610  
  1411     0.000690     0.453596  
  1412     0.000687     0.453613  
  1413     0.000684     0.453613  
  1414     0.000681     0.453609  
  1415     0.000678     0.453624  
  1416     0.000675     0.453631  
  1417     0.000673     0.453648  
  1418     0.000670     0.453646  
  1419     0.000667     0.453641  
  1420     0.000665     0.453645  
  1421     0.000661     0.453646  
  1422     0.000659     0.453647  
  1423     0.000656     0.453638  
  1424     0.000653     0.453640  
  1425     0.000651     0.453647  
  1426     0.000649     0.453653  
  1427     0.000646     0.453650  
  1428     0.000644     0.453645  
  1429     0.000641     0.453630  
  1430     0.000639     0.453640  
  1431     0.000636     0.453622  
  1432     0.000633     0.453623  
  1433     0.000631     0.453631  
  1434     0.000628     0.453627  
  1435     0.000625     0.453632  
  1436     0.000623     0.453633  
  1437     0.000621     0.453648  
  1438     0.000618     0.453635  
  1439     0.000615     0.453638  
  1440     0.000613     0.453647  
  1441     0.000611     0.453655  
  1442     0.000608     0.453658  
  1443     0.000606     0.453664  
  1444     0.000603     0.453657  
  1445     0.000601     0.453661  
  1446     0.000598     0.453657  
  1447     0.000596     0.453649  
  1448     0.000594     0.453649  
  1449     0.000592     0.453644  
  1450     0.000589     0.453639  
  1451     0.000586     0.453620  
  1452     0.000584     0.453608  
  1453     0.000581     0.453593  
  1454     0.000579     0.453585  
  1455     0.000577     0.453583  
  1456     0.000574     0.453582  
  1457     0.000572     0.453587  
  1458     0.000570     0.453580  
  1459     0.000567     0.453591  
  1460     0.000565     0.453607  
  1461     0.000563     0.453615  
  1462     0.000560     0.453630  
  1463     0.000558     0.453623  
  1464     0.000556     0.453634  
  1465     0.000553     0.453627  
  1466     0.000551     0.453627  
  1467     0.000549     0.453620  
  1468     0.000547     0.453618  
  1469     0.000545     0.453619  
  1470     0.000543     0.453604  
  1471     0.000540     0.453602  
  1472     0.000538     0.453588  
  1473     0.000536     0.453574  
  1474     0.000534     0.453586  
  1475     0.000532     0.453573  
  1476     0.000529     0.453576  
  1477     0.000527     0.453581  
  1478     0.000525     0.453581  
  1479     0.000523     0.453596  
  1480     0.000521     0.453589  
  1481     0.000519     0.453592  
  1482     0.000517     0.453589  
  1483     0.000515     0.453582  
  1484     0.000513     0.453578  
  1485     0.000511     0.453576  
  1486     0.000509     0.453568  
  1487     0.000507     0.453572  
  1488     0.000505     0.453581  
  1489     0.000503     0.453575  
  1490     0.000501     0.453576  
  1491     0.000499     0.453576  
  1492     0.000497     0.453577  
  1493     0.000495     0.453586  
  1494     0.000493     0.453572  
  1495     0.000491     0.453565  
  1496     0.000489     0.453553  
  1497     0.000487     0.453553  
  1498     0.000485     0.453544  
  1499     0.000483     0.453534  
  1500     0.000481     0.453528  
  1501     0.000479     0.453525  
  1502     0.000477     0.453536  
  1503     0.000475     0.453521  
  1504     0.000473     0.453499  
  1505     0.000471     0.453486  
  1506     0.000469     0.453491  
  1507     0.000468     0.453490  
  1508     0.000466     0.453480  
  1509     0.000464     0.453478  
  1510     0.000462     0.453479  
  1511     0.000460     0.453475  
  1512     0.000458     0.453479  
  1513     0.000456     0.453482  
  1514     0.000455     0.453485  
  1515     0.000453     0.453479  
  1516     0.000451     0.453460  
  1517     0.000450     0.453467  
  1518     0.000448     0.453469  
  1519     0.000446     0.453469  
  1520     0.000444     0.453474  
  1521     0.000443     0.453470  
  1522     0.000441     0.453469  
  1523     0.000439     0.453463  
  1524     0.000437     0.453454  
  1525     0.000436     0.453442  
  1526     0.000434     0.453436  
  1527     0.000432     0.453438  
  1528     0.000431     0.453427  
  1529     0.000429     0.453428  
  1530     0.000427     0.453419  
  1531     0.000425     0.453426  
  1532     0.000424     0.453436  
  1533     0.000422     0.453440  
  1534     0.000421     0.453431  
  1535     0.000419     0.453442  
  1536     0.000418     0.453439  
  1537     0.000416     0.453444  
  1538     0.000415     0.453450  
  1539     0.000413     0.453449  
  1540     0.000411     0.453448  
  1541     0.000409     0.453439  
  1542     0.000408     0.453442  
  1543     0.000406     0.453454  
  1544     0.000404     0.453462  
  1545     0.000402     0.453464  
  1546     0.000401     0.453467  
  1547     0.000399     0.453464  
  1548     0.000398     0.453461  
  1549     0.000396     0.453469  
  1550     0.000395     0.453464  
  1551     0.000393     0.453466  
  1552     0.000391     0.453453  
  1553     0.000390     0.453448  
  1554     0.000388     0.453442  
  1555     0.000387     0.453426  
  1556     0.000385     0.453419  
  1557     0.000383     0.453413  
  1558     0.000381     0.453413  
  1559     0.000380     0.453407  
  1560     0.000378     0.453396  
  1561     0.000377     0.453386  
  1562     0.000375     0.453382  
  1563     0.000374     0.453402  
  1564     0.000372     0.453398  
  1565     0.000371     0.453405  
  1566     0.000370     0.453401  
  1567     0.000368     0.453403  
  1568     0.000366     0.453394  
  1569     0.000365     0.453401  
  1570     0.000363     0.453415  
  1571     0.000362     0.453421  
  1572     0.000360     0.453409  
  1573     0.000359     0.453410  
  1574     0.000358     0.453408  
  1575     0.000356     0.453409  
  1576     0.000355     0.453402  
  1577     0.000354     0.453402  
  1578     0.000352     0.453391  
  1579     0.000351     0.453396  
  1580     0.000350     0.453400  
  1581     0.000348     0.453394  
  1582     0.000347     0.453393  
  1583     0.000345     0.453389  
  1584     0.000344     0.453373  
  1585     0.000342     0.453376  
  1586     0.000341     0.453374  
  1587     0.000340     0.453375  
  1588     0.000338     0.453386  
  1589     0.000337     0.453380  
  1590     0.000336     0.453380  
  1591     0.000335     0.453377  
  1592     0.000333     0.453369  
  1593     0.000332     0.453368  
  1594     0.000331     0.453363  
  1595     0.000329     0.453366  
  1596     0.000328     0.453354  
  1597     0.000327     0.453349  
  1598     0.000325     0.453353  
  1599     0.000324     0.453356  
  1600     0.000323     0.453358  
  1601     0.000321     0.453355  
  1602     0.000320     0.453354  
  1603     0.000319     0.453362  
  1604     0.000318     0.453360  
  1605     0.000316     0.453369  
  1606     0.000315     0.453367  
  1607     0.000314     0.453374  
  1608     0.000312     0.453365  
  1609     0.000311     0.453371  
  1610     0.000310     0.453372  
  1611     0.000308     0.453380  
  1612     0.000307     0.453383  
  1613     0.000306     0.453370  
  1614     0.000305     0.453371  
  1615     0.000303     0.453374  
  1616     0.000302     0.453375  
  1617     0.000301     0.453372  
  1618     0.000299     0.453367  
  1619     0.000298     0.453364  
  1620     0.000297     0.453367  
  1621     0.000296     0.453362  
  1622     0.000295     0.453354  
  1623     0.000294     0.453352  
  1624     0.000292     0.453348  
  1625     0.000291     0.453352  
  1626     0.000290     0.453342  
  1627     0.000289     0.453336  
  1628     0.000288     0.453341  
  1629     0.000287     0.453336  
  1630     0.000286     0.453340  
  1631     0.000285     0.453332  
  1632     0.000283     0.453327  
  1633     0.000282     0.453332  
  1634     0.000281     0.453332  
  1635     0.000280     0.453329  
  1636     0.000279     0.453333  
  1637     0.000278     0.453325  
  1638     0.000277     0.453329  
  1639     0.000276     0.453331  
  1640     0.000274     0.453327  
  1641     0.000273     0.453327  
  1642     0.000272     0.453331  
  1643     0.000271     0.453323  
  1644     0.000270     0.453325  
  1645     0.000269     0.453328  
  1646     0.000268     0.453331  
  1647     0.000266     0.453328  
  1648     0.000265     0.453322  
  1649     0.000264     0.453326  
  1650     0.000263     0.453329  
  1651     0.000262     0.453327  
  1652     0.000261     0.453326  
  1653     0.000260     0.453331  
  1654     0.000259     0.453329  
  1655     0.000258     0.453333  
  1656     0.000257     0.453329  
  1657     0.000256     0.453321  
  1658     0.000255     0.453316  
  1659     0.000254     0.453317  
  1660     0.000253     0.453324  
  1661     0.000252     0.453322  
  1662     0.000251     0.453309  
  1663     0.000250     0.453298  
  1664     0.000249     0.453290  
  1665     0.000248     0.453280  
  1666     0.000247     0.453277  
  1667     0.000246     0.453279  
  1668     0.000245     0.453282  
  1669     0.000244     0.453290  
  1670     0.000243     0.453291  
  1671     0.000242     0.453288  
  1672     0.000241     0.453285  
  1673     0.000240     0.453280  
  1674     0.000239     0.453279  
  1675     0.000238     0.453286  
  1676     0.000237     0.453288  
  1677     0.000236     0.453284  
  1678     0.000235     0.453281  
  1679     0.000235     0.453270  
  1680     0.000234     0.453268  
  1681     0.000233     0.453266  
  1682     0.000232     0.453263  
  1683     0.000231     0.453265  
  1684     0.000230     0.453263  
  1685     0.000229     0.453266  
  1686     0.000228     0.453267  
  1687     0.000227     0.453271  
  1688     0.000226     0.453271  
  1689     0.000225     0.453280  
  1690     0.000225     0.453272  
  1691     0.000224     0.453265  
  1692     0.000223     0.453263  
  1693     0.000222     0.453261  
  1694     0.000221     0.453264  
  1695     0.000220     0.453270  
  1696     0.000219     0.453269  
  1697     0.000218     0.453271  
  1698     0.000218     0.453269  
  1699     0.000217     0.453265  
  1700     0.000216     0.453265  
  1701     0.000215     0.453269  
  1702     0.000214     0.453265  
  1703     0.000213     0.453266  
  1704     0.000212     0.453260  
  1705     0.000212     0.453264  
  1706     0.000211     0.453255  
  1707     0.000210     0.453253  
  1708     0.000209     0.453243  
  1709     0.000208     0.453248  
  1710     0.000208     0.453243  
  1711     0.000207     0.453244  
  1712     0.000206     0.453236  
  1713     0.000205     0.453241  
  1714     0.000204     0.453248  
  1715     0.000203     0.453246  
  1716     0.000203     0.453253  
  1717     0.000202     0.453254  
  1718     0.000201     0.453252  
  1719     0.000200     0.453257  
  1720     0.000199     0.453250  
  1721     0.000198     0.453253  
  1722     0.000198     0.453256  
  1723     0.000197     0.453255  
  1724     0.000196     0.453258  
  1725     0.000195     0.453258  
  1726     0.000194     0.453256  
  1727     0.000194     0.453251  
  1728     0.000193     0.453252  
  1729     0.000192     0.453252  
  1730     0.000191     0.453248  
  1731     0.000190     0.453245  
  1732     0.000190     0.453239  
  1733     0.000189     0.453241  
  1734     0.000188     0.453250  
  1735     0.000187     0.453258  
  1736     0.000187     0.453251  
  1737     0.000186     0.453252  
  1738     0.000185     0.453256  
  1739     0.000184     0.453260  
  1740     0.000184     0.453271  
  1741     0.000183     0.453261  
  1742     0.000182     0.453257  
  1743     0.000181     0.453257  
  1744     0.000181     0.453249  
  1745     0.000180     0.453252  
  1746     0.000179     0.453243  
  1747     0.000179     0.453255  
  1748     0.000178     0.453243  
  1749     0.000177     0.453246  
  1750     0.000177     0.453240  
  1751     0.000176     0.453236  
  1752     0.000175     0.453235  
  1753     0.000175     0.453232  
  1754     0.000174     0.453230  
  1755     0.000173     0.453230  
  1756     0.000173     0.453227  
  1757     0.000172     0.453231  
  1758     0.000171     0.453218  
  1759     0.000171     0.453214  
  1760     0.000170     0.453219  
  1761     0.000169     0.453217  
  1762     0.000169     0.453216  
  1763     0.000168     0.453222  
  1764     0.000167     0.453213  
  1765     0.000167     0.453211  
  1766     0.000166     0.453217  
  1767     0.000165     0.453213  
  1768     0.000164     0.453218  
  1769     0.000164     0.453214  
  1770     0.000163     0.453218  
  1771     0.000162     0.453221  
  1772     0.000162     0.453216  
  1773     0.000161     0.453219  
  1774     0.000161     0.453212  
  1775     0.000160     0.453212  
  1776     0.000159     0.453217  
  1777     0.000159     0.453212  
  1778     0.000158     0.453216  
  1779     0.000157     0.453210  
  1780     0.000157     0.453210  
  1781     0.000156     0.453215  
  1782     0.000155     0.453210  
  1783     0.000155     0.453216  
  1784     0.000154     0.453209  
  1785     0.000154     0.453198  
  1786     0.000153     0.453194  
  1787     0.000152     0.453194  
  1788     0.000152     0.453196  
  1789     0.000151     0.453195  
  1790     0.000151     0.453201  
  1791     0.000150     0.453194  
  1792     0.000150     0.453190  
  1793     0.000149     0.453198  
  1794     0.000148     0.453199  
  1795     0.000148     0.453196  
  1796     0.000147     0.453190  
  1797     0.000146     0.453185  
  1798     0.000146     0.453184  
  1799     0.000145     0.453181  
  1800     0.000145     0.453177  
  1801     0.000144     0.453176  
  1802     0.000144     0.453179  
  1803     0.000143     0.453177  
  1804     0.000142     0.453176  
  1805     0.000142     0.453177  
  1806     0.000141     0.453179  
  1807     0.000141     0.453175  
  1808     0.000140     0.453170  
  1809     0.000140     0.453167  
  1810     0.000139     0.453161  
  1811     0.000139     0.453160  
  1812     0.000138     0.453154  
  1813     0.000137     0.453158  
  1814     0.000137     0.453160  
  1815     0.000136     0.453159  
  1816     0.000136     0.453161  
  1817     0.000135     0.453164  
  1818     0.000135     0.453157  
  1819     0.000134     0.453155  
  1820     0.000134     0.453155  
  1821     0.000133     0.453152  
  1822     0.000133     0.453147  
  1823     0.000132     0.453147  
  1824     0.000132     0.453151  
  1825     0.000131     0.453152  
  1826     0.000130     0.453156  
  1827     0.000130     0.453150  
  1828     0.000129     0.453147  
  1829     0.000129     0.453152  
  1830     0.000128     0.453148  
  1831     0.000128     0.453153  
  1832     0.000127     0.453154  
  1833     0.000127     0.453157  
  1834     0.000126     0.453151  
  1835     0.000126     0.453148  
  1836     0.000125     0.453149  
  1837     0.000125     0.453149  
  1838     0.000124     0.453148  
  1839     0.000124     0.453154  
  1840     0.000124     0.453156  
  1841     0.000123     0.453161  
  1842     0.000123     0.453160  
  1843     0.000122     0.453158  
  1844     0.000122     0.453155  
  1845     0.000121     0.453166  
  1846     0.000121     0.453171  
  1847     0.000120     0.453175  
  1848     0.000120     0.453169  
  1849     0.000119     0.453172  
  1850     0.000119     0.453164  
  1851     0.000118     0.453156  
  1852     0.000118     0.453156  
  1853     0.000117     0.453156  
  1854     0.000117     0.453148  
  1855     0.000117     0.453143  
  1856     0.000116     0.453137  
  1857     0.000116     0.453136  
  1858     0.000115     0.453138  
  1859     0.000115     0.453133  
  1860     0.000114     0.453131  
  1861     0.000114     0.453129  
  1862     0.000113     0.453128  
  1863     0.000113     0.453132  
  1864     0.000113     0.453131  
  1865     0.000112     0.453135  
  1866     0.000112     0.453139  
  1867     0.000111     0.453139  
  1868     0.000111     0.453135  
  1869     0.000110     0.453139  
  1870     0.000110     0.453141  
  1871     0.000109     0.453140  
  1872     0.000109     0.453142  
  1873     0.000108     0.453137  
  1874     0.000108     0.453137  
  1875     0.000108     0.453135  
  1876     0.000107     0.453133  
  1877     0.000107     0.453134  
  1878     0.000106     0.453134  
  1879     0.000106     0.453136  
  1880     0.000105     0.453138  
  1881     0.000105     0.453136  
  1882     0.000105     0.453134  
  1883     0.000104     0.453129  
  1884     0.000104     0.453124  
  1885     0.000103     0.453127  
  1886     0.000103     0.453122  
  1887     0.000103     0.453118  
  1888     0.000102     0.453120  
  1889     0.000102     0.453116  
  1890     0.000101     0.453109  
  1891     0.000101     0.453109  
  1892     0.000101     0.453111  
  1893     0.000100     0.453113  
  1894     0.000100     0.453110  
  1895     0.000100     0.453109  
  1896     0.000099     0.453107  
  1897     0.000099     0.453108  
  1898     0.000099     0.453107  
  1899     0.000098     0.453102  
  1900     0.000098     0.453095  
  1901     0.000097     0.453098  
  1902     0.000097     0.453100  
  1903     0.000097     0.453096  
  1904     0.000096     0.453097  
  1905     0.000096     0.453097  
  1906     0.000096     0.453094  
  1907     0.000095     0.453096  
  1908     0.000095     0.453096  
  1909     0.000095     0.453092  
  1910     0.000094     0.453089  
  1911     0.000094     0.453089  
  1912     0.000093     0.453086  
  1913     0.000093     0.453087  
  1914     0.000093     0.453085  
  1915     0.000092     0.453087  
  1916     0.000092     0.453089  
  1917     0.000092     0.453089  
  1918     0.000091     0.453091  
  1919     0.000091     0.453090  
  1920     0.000090     0.453090  
  1921     0.000090     0.453090  
  1922     0.000090     0.453098  
  1923     0.000089     0.453100  
  1924     0.000089     0.453100  
  1925     0.000089     0.453099  
  1926     0.000088     0.453095  
  1927     0.000088     0.453092  
  1928     0.000088     0.453095  
  1929     0.000087     0.453085  
  1930     0.000087     0.453084  
  1931     0.000087     0.453081  
  1932     0.000086     0.453085  
  1933     0.000086     0.453091  
  1934     0.000086     0.453088  
  1935     0.000085     0.453087  
  1936     0.000085     0.453087  
  1937     0.000085     0.453090  
  1938     0.000084     0.453090  
  1939     0.000084     0.453087  
  1940     0.000084     0.453085  
  1941     0.000083     0.453087  
  1942     0.000083     0.453085  
  1943     0.000083     0.453096  
  1944     0.000082     0.453094  
  1945     0.000082     0.453090  
  1946     0.000082     0.453093  
  1947     0.000081     0.453092  
  1948     0.000081     0.453093  
  1949     0.000081     0.453092  
  1950     0.000080     0.453093  
  1951     0.000080     0.453092  
  1952     0.000080     0.453092  
  1953     0.000079     0.453088  
  1954     0.000079     0.453087  
  1955     0.000079     0.453087  
  1956     0.000078     0.453081  
  1957     0.000078     0.453078  
  1958     0.000078     0.453082  
  1959     0.000077     0.453077  
  1960     0.000077     0.453072  
  1961     0.000077     0.453068  
  1962     0.000077     0.453067  
  1963     0.000076     0.453069  
  1964     0.000076     0.453066  
  1965     0.000076     0.453066  
  1966     0.000075     0.453056  
  1967     0.000075     0.453057  
  1968     0.000075     0.453061  
  1969     0.000074     0.453060  
  1970     0.000074     0.453056  
  1971     0.000074     0.453049  
  1972     0.000074     0.453049  
  1973     0.000073     0.453052  
  1974     0.000073     0.453052  
  1975     0.000073     0.453051  
  1976     0.000073     0.453052  
  1977     0.000072     0.453057  
  1978     0.000072     0.453055  
  1979     0.000072     0.453053  
  1980     0.000071     0.453056  
  1981     0.000071     0.453053  
  1982     0.000071     0.453050  
  1983     0.000071     0.453048  
  1984     0.000070     0.453043  
  1985     0.000070     0.453049  
  1986     0.000070     0.453048  
  1987     0.000069     0.453046  
  1988     0.000069     0.453042  
  1989     0.000069     0.453038  
  1990     0.000069     0.453040  
  1991     0.000068     0.453042  
  1992     0.000068     0.453045  
  1993     0.000068     0.453048  
  1994     0.000068     0.453043  
  1995     0.000067     0.453039  
  1996     0.000067     0.453038  
  1997     0.000067     0.453038  
  1998     0.000066     0.453036  
  1999     0.000066     0.453034  
  2000     0.000066     0.453037  
  2001     0.000066     0.453035  
  2002     0.000065     0.453034  
  2003     0.000065     0.453034  
  2004     0.000065     0.453030  
  2005     0.000065     0.453028  
  2006     0.000064     0.453026  
  2007     0.000064     0.453028  
  2008     0.000064     0.453027  
  2009     0.000064     0.453023  
  2010     0.000063     0.453023  
  2011     0.000063     0.453021  
  2012     0.000063     0.453021  
  2013     0.000063     0.453021  
  2014     0.000062     0.453021  
  2015     0.000062     0.453016  
  2016     0.000062     0.453017  
  2017     0.000062     0.453016  
  2018     0.000061     0.453013  
  2019     0.000061     0.453020  
  2020     0.000061     0.453019  
  2021     0.000061     0.453016  
  2022     0.000060     0.453015  
  2023     0.000060     0.453013  
  2024     0.000060     0.453010  * best
  2025     0.000060     0.453015  
  2026     0.000059     0.453010  
  2027     0.000059     0.453011  
  2028     0.000059     0.453012  
  2029     0.000059     0.453014  
  2030     0.000058     0.453014  
  2031     0.000058     0.453019  
  2032     0.000058     0.453021  
  2033     0.000058     0.453022  
  2034     0.000058     0.453024  
  2035     0.000057     0.453026  
  2036     0.000057     0.453024  
  2037     0.000057     0.453021  
  2038     0.000057     0.453029  
  2039     0.000056     0.453030  
  2040     0.000056     0.453032  
  2041     0.000056     0.453028  
  2042     0.000056     0.453026  
  2043     0.000056     0.453032  
  2044     0.000055     0.453031  
  2045     0.000055     0.453030  
  2046     0.000055     0.453029  
  2047     0.000055     0.453035  
  2048     0.000054     0.453038  
  2049     0.000054     0.453037  
  2050     0.000054     0.453033  
  2051     0.000054     0.453034  
  2052     0.000054     0.453031  
  2053     0.000053     0.453033  
  2054     0.000053     0.453036  
  2055     0.000053     0.453035  
  2056     0.000053     0.453035  
  2057     0.000053     0.453039  
  2058     0.000052     0.453039  
  2059     0.000052     0.453034  
  2060     0.000052     0.453032  
  2061     0.000052     0.453031  
  2062     0.000052     0.453031  
  2063     0.000051     0.453029  
  2064     0.000051     0.453031  
  2065     0.000051     0.453033  
  2066     0.000051     0.453033  
  2067     0.000051     0.453028  
  2068     0.000050     0.453031  
  2069     0.000050     0.453033  
  2070     0.000050     0.453034  
  2071     0.000050     0.453033  
  2072     0.000050     0.453033  
  2073     0.000049     0.453035  
  2074     0.000049     0.453035  
  2075     0.000049     0.453038  
  2076     0.000049     0.453036  
  2077     0.000049     0.453033  
  2078     0.000049     0.453042  
  2079     0.000048     0.453039  
  2080     0.000048     0.453039  
  2081     0.000048     0.453040  
  2082     0.000048     0.453041  
  2083     0.000048     0.453039  
  2084     0.000047     0.453041  
  2085     0.000047     0.453041  
  2086     0.000047     0.453047  
  2087     0.000047     0.453045  
  2088     0.000047     0.453041  
  2089     0.000046     0.453039  
  2090     0.000046     0.453040  
  2091     0.000046     0.453038  
  2092     0.000046     0.453036  
  2093     0.000046     0.453041  
  2094     0.000046     0.453042  
  2095     0.000045     0.453042  
  2096     0.000045     0.453045  
  2097     0.000045     0.453048  
  2098     0.000045     0.453047  
  2099     0.000045     0.453052  
  2100     0.000045     0.453052  
  2101     0.000044     0.453054  
  2102     0.000044     0.453053  
  2103     0.000044     0.453057  
  2104     0.000044     0.453057  
  2105     0.000044     0.453056  
  2106     0.000044     0.453051  
  2107     0.000043     0.453049  
  2108     0.000043     0.453047  
  2109     0.000043     0.453052  
  2110     0.000043     0.453052  
  2111     0.000043     0.453052  
  2112     0.000042     0.453051  
  2113     0.000042     0.453047  
  2114     0.000042     0.453051  
  2115     0.000042     0.453049  
  2116     0.000042     0.453048  
  2117     0.000042     0.453050  
  2118     0.000042     0.453052  
  2119     0.000041     0.453050  
  2120     0.000041     0.453052  
  2121     0.000041     0.453052  
  2122     0.000041     0.453052  
  2123     0.000041     0.453052  
  2124     0.000041     0.453050  
# best iteration 2024 (val l2 0.453010)
# Spearman  train +0.9951  val +0.7477  test +0.7465
