# gbm_boltz+node seed 1
# boosted trees on boltz+node
# inputs 13067, 120 trees
# LightGBM gradient-boosted trees, objective l2, lr 0.05, num_leaves 31, min_data_in_leaf 20, feature_fraction 0.3, bagging 0.8, lambda_l2 1.0, up to 3000 rounds, early stopping 100 on validation l2
# loss = l2 on standardised log10 half-life
#
 round        train          val  note
     1     0.961733     0.804447  
     2     0.925383     0.791993  
     3     0.891336     0.782248  
     4     0.860136     0.772625  
     5     0.831082     0.759783  
     6     0.805443     0.748510  
     7     0.780862     0.742499  
     8     0.757333     0.735143  
     9     0.734604     0.725035  
    10     0.713941     0.718360  
    11     0.694958     0.710009  
    12     0.676790     0.700047  
    13     0.659968     0.691522  
    14     0.644453     0.685006  
    15     0.629281     0.682543  
    16     0.615372     0.677964  
    17     0.600713     0.673950  
    18     0.587675     0.670046  
    19     0.575106     0.666332  
    20     0.563584     0.658095  
    21     0.552579     0.653725  
    22     0.541864     0.652010  
    23     0.532275     0.648231  
    24     0.522594     0.645870  
    25     0.513611     0.643172  
    26     0.504509     0.639839  
    27     0.496549     0.636492  
    28     0.488400     0.634314  
    29     0.480154     0.631562  
    30     0.472492     0.630172  
    31     0.465550     0.629496  
    32     0.458828     0.627002  
    33     0.452074     0.626928  
    34     0.445645     0.624836  
    35     0.439386     0.625425  
    36     0.433325     0.623915  
    37     0.428044     0.623885  
    38     0.422385     0.621627  
    39     0.417452     0.620323  
    40     0.412303     0.619066  
    41     0.407357     0.618802  
    42     0.402562     0.616753  
    43     0.397870     0.615667  
    44     0.393235     0.614271  
    45     0.388775     0.614537  
    46     0.384012     0.614132  
    47     0.379531     0.612360  
    48     0.375426     0.612047  
    49     0.371534     0.610273  
    50     0.367530     0.609186  
    51     0.363511     0.608753  
    52     0.359390     0.607771  
    53     0.355769     0.607496  
    54     0.352113     0.606262  
    55     0.348716     0.606151  
    56     0.345439     0.605268  
    57     0.342261     0.604733  
    58     0.338943     0.603424  
    59     0.335339     0.603142  
    60     0.332179     0.602714  
    61     0.329065     0.601382  
    62     0.326039     0.599859  
    63     0.323262     0.600100  
    64     0.320248     0.598199  
    65     0.317433     0.598175  
    66     0.314793     0.598296  
    67     0.312090     0.597235  
    68     0.309403     0.596583  
    69     0.306857     0.596132  
    70     0.304440     0.595898  
    71     0.301772     0.595330  
    72     0.299044     0.595086  
    73     0.296525     0.594517  
    74     0.293882     0.593612  
    75     0.291512     0.592974  
    76     0.289191     0.591634  
    77     0.286823     0.591920  
    78     0.284353     0.591752  
    79     0.282024     0.591721  
    80     0.279731     0.591017  
    81     0.277655     0.590957  
    82     0.275349     0.591106  
    83     0.273310     0.591051  
    84     0.271265     0.590701  
    85     0.269204     0.590151  
    86     0.267228     0.589151  
    87     0.265169     0.588769  
    88     0.263162     0.589503  
    89     0.261139     0.588970  
    90     0.259192     0.588293  
    91     0.257174     0.587156  
    92     0.255272     0.586538  
    93     0.253188     0.586148  
    94     0.251315     0.586625  
    95     0.249567     0.586933  
    96     0.247699     0.587063  
    97     0.245770     0.586333  
    98     0.243927     0.586153  
    99     0.242191     0.585531  
   100     0.240416     0.585312  
   101     0.238646     0.585272  
   102     0.237037     0.584961  
   103     0.235314     0.585208  
   104     0.233647     0.585271  
   105     0.232039     0.584434  
   106     0.230388     0.584627  
   107     0.228909     0.585044  
   108     0.227394     0.584311  
   109     0.225856     0.583390  
   110     0.224276     0.583087  
   111     0.222742     0.583036  
   112     0.221244     0.582668  
   113     0.219726     0.584114  
   114     0.218241     0.584406  
   115     0.216687     0.583736  
   116     0.215014     0.583507  
   117     0.213460     0.583360  
   118     0.211935     0.582250  
   119     0.210438     0.581238  
   120     0.208907     0.581185  * best
   121     0.207576     0.582563  
   122     0.206153     0.582861  
   123     0.204754     0.582742  
   124     0.203439     0.582710  
   125     0.202153     0.582622  
   126     0.200757     0.582688  
   127     0.199464     0.582821  
   128     0.198111     0.582745  
   129     0.196876     0.582799  
   130     0.195546     0.582859  
   131     0.194285     0.582537  
   132     0.192887     0.583271  
   133     0.191577     0.583598  
   134     0.190355     0.582934  
   135     0.189062     0.583277  
   136     0.187857     0.583148  
   137     0.186586     0.582374  
   138     0.185445     0.582383  
   139     0.184318     0.582814  
   140     0.183071     0.582543  
   141     0.181900     0.583099  
   142     0.180685     0.582913  
   143     0.179510     0.582461  
   144     0.178348     0.582534  
   145     0.177334     0.582722  
   146     0.176249     0.583085  
   147     0.175000     0.583265  
   148     0.173899     0.583070  
   149     0.172830     0.582865  
   150     0.171688     0.582798  
   151     0.170672     0.582813  
   152     0.169593     0.582613  
   153     0.168514     0.582519  
   154     0.167488     0.582652  
   155     0.166439     0.582870  
   156     0.165408     0.582665  
   157     0.164409     0.582569  
   158     0.163316     0.582542  
   159     0.162271     0.582603  
   160     0.161370     0.582650  
   161     0.160389     0.582281  
   162     0.159444     0.582039  
   163     0.158478     0.582104  
   164     0.157522     0.581841  
   165     0.156544     0.581607  
   166     0.155559     0.581542  
   167     0.154615     0.581531  
   168     0.153714     0.581557  
   169     0.152807     0.581379  
   170     0.151899     0.581933  
   171     0.150956     0.581784  
   172     0.150155     0.581598  
   173     0.149299     0.581795  
   174     0.148454     0.581917  
   175     0.147525     0.582186  
   176     0.146662     0.582325  
   177     0.145741     0.582277  
   178     0.144872     0.582194  
   179     0.143970     0.581816  
   180     0.143087     0.581981  
   181     0.142244     0.581517  
   182     0.141482     0.581635  
   183     0.140632     0.582446  
   184     0.139813     0.582714  
   185     0.138945     0.583108  
   186     0.138045     0.582944  
   187     0.137233     0.582705  
   188     0.136411     0.583148  
   189     0.135667     0.582994  
   190     0.134872     0.582528  
   191     0.134057     0.582758  
   192     0.133311     0.582709  
   193     0.132506     0.582710  
   194     0.131723     0.582828  
   195     0.130989     0.582888  
   196     0.130208     0.582836  
   197     0.129480     0.583048  
   198     0.128786     0.583168  
   199     0.128042     0.583693  
   200     0.127229     0.583945  
   201     0.126438     0.584458  
   202     0.125708     0.584663  
   203     0.124968     0.584535  
   204     0.124257     0.584746  
   205     0.123585     0.584709  
   206     0.122923     0.584916  
   207     0.122171     0.584517  
   208     0.121506     0.585219  
   209     0.120785     0.585501  
   210     0.120080     0.585328  
   211     0.119355     0.584891  
   212     0.118620     0.584838  
   213     0.117969     0.584620  
   214     0.117267     0.584560  
   215     0.116635     0.584422  
   216     0.115971     0.584671  
   217     0.115313     0.584395  
   218     0.114660     0.584124  
   219     0.114007     0.584753  
   220     0.113361     0.584620  
# best iteration 120 (val l2 0.581185)
# Spearman  train +0.9060  val +0.4563  test +0.5723
