# gbm_seq+boltz+node+edge seed 0
# boosted trees on seq+boltz+node+edge
# inputs 28377, 1,281 trees
# LightGBM gradient-boosted trees, objective l2, lr 0.05, num_leaves 31, min_data_in_leaf 20, feature_fraction 0.3, bagging 0.8, lambda_l2 1.0, up to 3000 rounds, early stopping 100 on validation l2
# loss = l2 on standardised log10 half-life
#
 round        train          val  note
     1     0.962359     0.975066  
     2     0.928467     0.943372  
     3     0.896271     0.914756  
     4     0.866619     0.887974  
     5     0.839470     0.863911  
     6     0.813558     0.841517  
     7     0.789767     0.821206  
     8     0.767278     0.802673  
     9     0.745660     0.783450  
    10     0.726838     0.766774  
    11     0.707825     0.751628  
    12     0.690066     0.736216  
    13     0.674519     0.723470  
    14     0.658800     0.710565  
    15     0.644508     0.699179  
    16     0.630209     0.687664  
    17     0.616791     0.677168  
    18     0.605120     0.667248  
    19     0.594022     0.659633  
    20     0.583072     0.650452  
    21     0.571916     0.641838  
    22     0.562209     0.634541  
    23     0.552854     0.627262  
    24     0.543521     0.620335  
    25     0.534483     0.613653  
    26     0.525676     0.608895  
    27     0.517494     0.602850  
    28     0.509774     0.596925  
    29     0.502588     0.592150  
    30     0.495187     0.587194  
    31     0.488057     0.582580  
    32     0.481333     0.578549  
    33     0.474925     0.574418  
    34     0.468286     0.569502  
    35     0.462593     0.565704  
    36     0.456823     0.562765  
    37     0.451232     0.559315  
    38     0.445686     0.555791  
    39     0.439839     0.551426  
    40     0.434913     0.548651  
    41     0.429913     0.545277  
    42     0.425099     0.542071  
    43     0.419973     0.539092  
    44     0.415254     0.536244  
    45     0.410734     0.534009  
    46     0.406278     0.531282  
    47     0.402258     0.528988  
    48     0.398032     0.526438  
    49     0.393481     0.524233  
    50     0.389277     0.521534  
    51     0.385151     0.519202  
    52     0.381228     0.516729  
    53     0.377723     0.515173  
    54     0.373932     0.512806  
    55     0.370549     0.511694  
    56     0.367318     0.510399  
    57     0.363764     0.508353  
    58     0.360561     0.507492  
    59     0.357439     0.506260  
    60     0.354365     0.504906  
    61     0.350973     0.503182  
    62     0.347678     0.501577  
    63     0.344543     0.499909  
    64     0.341460     0.498501  
    65     0.338276     0.496443  
    66     0.335573     0.495639  
    67     0.332501     0.494317  
    68     0.329473     0.492889  
    69     0.326819     0.491780  
    70     0.324238     0.491046  
    71     0.321503     0.490197  
    72     0.318739     0.488557  
    73     0.316035     0.487820  
    74     0.313402     0.486239  
    75     0.310724     0.485284  
    76     0.308415     0.484433  
    77     0.306009     0.483523  
    78     0.303782     0.482908  
    79     0.301350     0.482281  
    80     0.298873     0.480791  
    81     0.296551     0.479618  
    82     0.294229     0.479013  
    83     0.291792     0.477790  
    84     0.289520     0.477344  
    85     0.287109     0.475597  
    86     0.284834     0.474400  
    87     0.282550     0.473198  
    88     0.280256     0.471871  
    89     0.278307     0.471257  
    90     0.276061     0.470754  
    91     0.274026     0.470175  
    92     0.271986     0.469375  
    93     0.269986     0.468478  
    94     0.268039     0.467868  
    95     0.265909     0.466660  
    96     0.263960     0.466050  
    97     0.261998     0.465823  
    98     0.259962     0.464772  
    99     0.258104     0.464394  
   100     0.256316     0.463854  
   101     0.254620     0.462864  
   102     0.252677     0.461949  
   103     0.250916     0.461204  
   104     0.249177     0.460565  
   105     0.247433     0.459756  
   106     0.245586     0.458826  
   107     0.243760     0.457866  
   108     0.242078     0.457281  
   109     0.240416     0.456525  
   110     0.238829     0.455883  
   111     0.237035     0.455224  
   112     0.235254     0.454906  
   113     0.233612     0.454386  
   114     0.231923     0.453851  
   115     0.230225     0.453096  
   116     0.228686     0.452568  
   117     0.227075     0.451881  
   118     0.225518     0.451002  
   119     0.224007     0.450632  
   120     0.222529     0.450414  
   121     0.221002     0.449731  
   122     0.219466     0.449529  
   123     0.218098     0.449614  
   124     0.216699     0.449180  
   125     0.215221     0.448220  
   126     0.213818     0.447912  
   127     0.212363     0.447524  
   128     0.210972     0.447010  
   129     0.209563     0.446258  
   130     0.208181     0.445435  
   131     0.206827     0.444886  
   132     0.205475     0.444517  
   133     0.204077     0.443954  
   134     0.202700     0.443399  
   135     0.201478     0.443118  
   136     0.200159     0.442752  
   137     0.198902     0.442192  
   138     0.197617     0.442212  
   139     0.196372     0.441428  
   140     0.195124     0.441401  
   141     0.193892     0.441122  
   142     0.192631     0.440672  
   143     0.191416     0.440365  
   144     0.190194     0.440004  
   145     0.188880     0.439706  
   146     0.187695     0.439522  
   147     0.186470     0.439049  
   148     0.185352     0.438857  
   149     0.184060     0.438456  
   150     0.182878     0.438191  
   151     0.181727     0.437837  
   152     0.180521     0.437523  
   153     0.179387     0.437202  
   154     0.178214     0.437019  
   155     0.177091     0.436723  
   156     0.176009     0.436149  
   157     0.174946     0.435606  
   158     0.173893     0.435523  
   159     0.172833     0.435356  
   160     0.171810     0.435005  
   161     0.170749     0.434591  
   162     0.169695     0.434570  
   163     0.168699     0.434084  
   164     0.167685     0.433603  
   165     0.166681     0.433090  
   166     0.165648     0.433061  
   167     0.164655     0.432885  
   168     0.163742     0.432566  
   169     0.162793     0.432168  
   170     0.161791     0.431844  
   171     0.160801     0.431947  
   172     0.159868     0.431742  
   173     0.158882     0.431159  
   174     0.157840     0.430867  
   175     0.156874     0.430725  
   176     0.155915     0.430219  
   177     0.154998     0.429858  
   178     0.154091     0.429945  
   179     0.153135     0.429336  
   180     0.152214     0.429215  
   181     0.151358     0.428986  
   182     0.150516     0.428978  
   183     0.149639     0.428912  
   184     0.148710     0.428425  
   185     0.147770     0.427800  
   186     0.146959     0.427370  
   187     0.146080     0.426993  
   188     0.145183     0.426603  
   189     0.144345     0.426259  
   190     0.143504     0.426118  
   191     0.142619     0.425834  
   192     0.141806     0.425534  
   193     0.140976     0.425363  
   194     0.140204     0.425432  
   195     0.139389     0.425302  
   196     0.138556     0.425420  
   197     0.137763     0.425308  
   198     0.136993     0.424997  
   199     0.136122     0.424623  
   200     0.135315     0.424333  
   201     0.134552     0.424262  
   202     0.133799     0.424058  
   203     0.133051     0.424073  
   204     0.132275     0.423905  
   205     0.131463     0.423888  
   206     0.130719     0.423671  
   207     0.129984     0.423378  
   208     0.129312     0.423239  
   209     0.128567     0.422874  
   210     0.127825     0.422315  
   211     0.127134     0.422249  
   212     0.126446     0.422139  
   213     0.125720     0.421823  
   214     0.124941     0.421646  
   215     0.124276     0.421321  
   216     0.123620     0.420983  
   217     0.122925     0.420708  
   218     0.122219     0.420469  
   219     0.121535     0.420208  
   220     0.120860     0.420032  
   221     0.120165     0.419894  
   222     0.119542     0.419727  
   223     0.118836     0.419680  
   224     0.118192     0.419585  
   225     0.117509     0.419370  
   226     0.116859     0.419273  
   227     0.116215     0.419130  
   228     0.115536     0.419024  
   229     0.114845     0.418857  
   230     0.114208     0.418679  
   231     0.113529     0.418562  
   232     0.112922     0.418491  
   233     0.112334     0.418390  
   234     0.111647     0.417914  
   235     0.111017     0.418021  
   236     0.110437     0.417921  
   237     0.109826     0.417743  
   238     0.109198     0.417583  
   239     0.108599     0.417631  
   240     0.107981     0.417333  
   241     0.107440     0.417300  
   242     0.106907     0.417182  
   243     0.106344     0.416942  
   244     0.105800     0.416776  
   245     0.105210     0.416495  
   246     0.104619     0.416254  
   247     0.104073     0.416246  
   248     0.103489     0.416290  
   249     0.102963     0.416145  
   250     0.102413     0.416019  
   251     0.101840     0.415999  
   252     0.101258     0.415896  
   253     0.100749     0.415920  
   254     0.100219     0.415875  
   255     0.099711     0.415808  
   256     0.099168     0.415573  
   257     0.098619     0.415551  
   258     0.098078     0.415543  
   259     0.097550     0.415398  
   260     0.097016     0.415289  
   261     0.096503     0.415253  
   262     0.096001     0.415172  
   263     0.095463     0.414829  
   264     0.094995     0.414812  
   265     0.094504     0.414793  
   266     0.093997     0.414736  
   267     0.093504     0.414834  
   268     0.093009     0.414928  
   269     0.092516     0.414749  
   270     0.092031     0.414477  
   271     0.091584     0.414566  
   272     0.091129     0.414560  
   273     0.090629     0.414559  
   274     0.090131     0.414234  
   275     0.089601     0.414065  
   276     0.089114     0.414019  
   277     0.088648     0.413846  
   278     0.088218     0.413890  
   279     0.087757     0.413880  
   280     0.087300     0.413701  
   281     0.086831     0.413633  
   282     0.086391     0.413485  
   283     0.085931     0.413533  
   284     0.085466     0.413379  
   285     0.085024     0.413314  
   286     0.084609     0.413394  
   287     0.084152     0.413599  
   288     0.083655     0.413596  
   289     0.083207     0.413299  
   290     0.082772     0.413279  
   291     0.082319     0.413061  
   292     0.081915     0.412815  
   293     0.081498     0.412781  
   294     0.081040     0.412725  
   295     0.080602     0.412710  
   296     0.080214     0.412592  
   297     0.079795     0.412645  
   298     0.079359     0.412563  
   299     0.078908     0.412501  
   300     0.078506     0.412567  
   301     0.078099     0.412685  
   302     0.077716     0.412742  
   303     0.077286     0.412659  
   304     0.076860     0.412485  
   305     0.076452     0.412572  
   306     0.076053     0.412463  
   307     0.075623     0.412129  
   308     0.075213     0.412185  
   309     0.074801     0.412040  
   310     0.074434     0.411873  
   311     0.074027     0.411779  
   312     0.073635     0.411689  
   313     0.073270     0.411710  
   314     0.072851     0.411641  
   315     0.072508     0.411557  
   316     0.072135     0.411506  
   317     0.071774     0.411506  
   318     0.071426     0.411631  
   319     0.071067     0.411450  
   320     0.070722     0.411393  
   321     0.070346     0.411477  
   322     0.070013     0.411438  
   323     0.069634     0.411275  
   324     0.069287     0.411267  
   325     0.068909     0.411292  
   326     0.068521     0.411165  
   327     0.068174     0.410964  
   328     0.067836     0.411046  
   329     0.067489     0.410975  
   330     0.067127     0.411013  
   331     0.066783     0.410921  
   332     0.066441     0.410963  
   333     0.066103     0.410940  
   334     0.065794     0.411020  
   335     0.065430     0.410994  
   336     0.065119     0.410853  
   337     0.064788     0.410796  
   338     0.064457     0.410720  
   339     0.064139     0.410630  
   340     0.063815     0.410658  
   341     0.063479     0.410537  
   342     0.063144     0.410486  
   343     0.062833     0.410433  
   344     0.062534     0.410327  
   345     0.062179     0.410196  
   346     0.061871     0.410301  
   347     0.061565     0.410142  
   348     0.061249     0.410059  
   349     0.060965     0.409984  
   350     0.060665     0.409959  
   351     0.060336     0.409838  
   352     0.060034     0.409697  
   353     0.059723     0.409744  
   354     0.059408     0.409903  
   355     0.059101     0.409900  
   356     0.058789     0.409929  
   357     0.058485     0.409978  
   358     0.058163     0.409853  
   359     0.057871     0.409776  
   360     0.057593     0.409734  
   361     0.057289     0.409647  
   362     0.057026     0.409504  
   363     0.056743     0.409511  
   364     0.056448     0.409390  
   365     0.056159     0.409362  
   366     0.055874     0.409248  
   367     0.055591     0.409320  
   368     0.055317     0.409436  
   369     0.055018     0.409434  
   370     0.054758     0.409180  
   371     0.054462     0.409162  
   372     0.054177     0.409040  
   373     0.053918     0.409048  
   374     0.053649     0.409101  
   375     0.053383     0.408985  
   376     0.053126     0.408935  
   377     0.052845     0.408981  
   378     0.052576     0.408995  
   379     0.052311     0.408866  
   380     0.052055     0.408912  
   381     0.051785     0.408918  
   382     0.051526     0.408922  
   383     0.051263     0.408875  
   384     0.050996     0.408855  
   385     0.050726     0.408713  
   386     0.050471     0.408680  
   387     0.050213     0.408465  
   388     0.049955     0.408408  
   389     0.049715     0.408526  
   390     0.049482     0.408588  
   391     0.049242     0.408479  
   392     0.048990     0.408559  
   393     0.048733     0.408506  
   394     0.048488     0.408535  
   395     0.048248     0.408604  
   396     0.047986     0.408578  
   397     0.047751     0.408479  
   398     0.047523     0.408429  
   399     0.047276     0.408306  
   400     0.047035     0.408285  
   401     0.046827     0.408414  
   402     0.046610     0.408383  
   403     0.046394     0.408349  
   404     0.046170     0.408276  
   405     0.045958     0.408271  
   406     0.045723     0.408264  
   407     0.045497     0.408117  
   408     0.045285     0.408083  
   409     0.045084     0.408060  
   410     0.044856     0.407977  
   411     0.044646     0.408056  
   412     0.044407     0.408023  
   413     0.044175     0.407955  
   414     0.043951     0.407924  
   415     0.043742     0.408003  
   416     0.043541     0.407930  
   417     0.043325     0.407912  
   418     0.043116     0.407753  
   419     0.042903     0.407716  
   420     0.042683     0.407716  
   421     0.042464     0.407697  
   422     0.042274     0.407540  
   423     0.042054     0.407566  
   424     0.041865     0.407487  
   425     0.041658     0.407364  
   426     0.041446     0.407403  
   427     0.041241     0.407383  
   428     0.041055     0.407349  
   429     0.040849     0.407366  
   430     0.040663     0.407299  
   431     0.040447     0.407172  
   432     0.040257     0.407259  
   433     0.040067     0.407233  
   434     0.039875     0.407234  
   435     0.039687     0.407364  
   436     0.039495     0.407385  
   437     0.039284     0.407448  
   438     0.039117     0.407466  
   439     0.038932     0.407431  
   440     0.038742     0.407372  
   441     0.038562     0.407443  
   442     0.038369     0.407492  
   443     0.038184     0.407499  
   444     0.037996     0.407465  
   445     0.037830     0.407432  
   446     0.037643     0.407388  
   447     0.037471     0.407321  
   448     0.037296     0.407292  
   449     0.037121     0.407245  
   450     0.036943     0.407131  
   451     0.036760     0.407127  
   452     0.036592     0.407088  
   453     0.036414     0.407002  
   454     0.036243     0.407001  
   455     0.036065     0.406966  
   456     0.035891     0.406976  
   457     0.035716     0.406936  
   458     0.035535     0.406892  
   459     0.035374     0.406904  
   460     0.035201     0.406857  
   461     0.035021     0.406933  
   462     0.034856     0.406793  
   463     0.034686     0.406749  
   464     0.034537     0.406711  
   465     0.034369     0.406734  
   466     0.034212     0.406786  
   467     0.034049     0.406736  
   468     0.033877     0.406582  
   469     0.033714     0.406637  
   470     0.033561     0.406623  
   471     0.033416     0.406691  
   472     0.033246     0.406672  
   473     0.033081     0.406680  
   474     0.032930     0.406600  
   475     0.032776     0.406507  
   476     0.032623     0.406531  
   477     0.032478     0.406497  
   478     0.032322     0.406454  
   479     0.032179     0.406418  
   480     0.032035     0.406418  
   481     0.031872     0.406521  
   482     0.031736     0.406594  
   483     0.031582     0.406579  
   484     0.031438     0.406618  
   485     0.031273     0.406588  
   486     0.031110     0.406544  
   487     0.030951     0.406521  
   488     0.030794     0.406491  
   489     0.030653     0.406420  
   490     0.030518     0.406442  
   491     0.030370     0.406408  
   492     0.030226     0.406353  
   493     0.030087     0.406382  
   494     0.029936     0.406395  
   495     0.029791     0.406375  
   496     0.029638     0.406321  
   497     0.029502     0.406335  
   498     0.029365     0.406350  
   499     0.029234     0.406401  
   500     0.029091     0.406164  
   501     0.028948     0.406122  
   502     0.028804     0.406186  
   503     0.028681     0.406158  
   504     0.028538     0.406084  
   505     0.028396     0.406027  
   506     0.028263     0.406042  
   507     0.028145     0.406005  
   508     0.028031     0.406049  
   509     0.027899     0.405935  
   510     0.027758     0.405893  
   511     0.027641     0.405973  
   512     0.027513     0.406024  
   513     0.027392     0.406088  
   514     0.027261     0.406028  
   515     0.027126     0.406108  
   516     0.027010     0.406061  
   517     0.026884     0.406103  
   518     0.026751     0.406109  
   519     0.026624     0.406078  
   520     0.026487     0.406127  
   521     0.026359     0.406150  
   522     0.026237     0.406115  
   523     0.026107     0.406015  
   524     0.025974     0.405987  
   525     0.025858     0.405996  
   526     0.025737     0.406038  
   527     0.025611     0.406080  
   528     0.025489     0.405970  
   529     0.025363     0.405969  
   530     0.025251     0.405962  
   531     0.025128     0.405900  
   532     0.025029     0.405882  
   533     0.024914     0.405797  
   534     0.024799     0.405785  
   535     0.024678     0.405851  
   536     0.024547     0.405836  
   537     0.024424     0.405875  
   538     0.024315     0.405736  
   539     0.024207     0.405709  
   540     0.024088     0.405695  
   541     0.023978     0.405720  
   542     0.023866     0.405698  
   543     0.023745     0.405489  
   544     0.023628     0.405484  
   545     0.023511     0.405524  
   546     0.023402     0.405549  
   547     0.023292     0.405601  
   548     0.023178     0.405656  
   549     0.023060     0.405741  
   550     0.022954     0.405730  
   551     0.022852     0.405687  
   552     0.022745     0.405649  
   553     0.022638     0.405579  
   554     0.022530     0.405606  
   555     0.022420     0.405608  
   556     0.022324     0.405553  
   557     0.022222     0.405564  
   558     0.022116     0.405430  
   559     0.022011     0.405417  
   560     0.021909     0.405302  
   561     0.021813     0.405314  
   562     0.021717     0.405174  
   563     0.021616     0.405212  
   564     0.021514     0.405212  
   565     0.021411     0.405219  
   566     0.021304     0.405207  
   567     0.021214     0.405201  
   568     0.021123     0.405207  
   569     0.021034     0.405194  
   570     0.020936     0.405174  
   571     0.020848     0.405142  
   572     0.020757     0.405105  
   573     0.020662     0.405042  
   574     0.020566     0.404964  
   575     0.020470     0.404969  
   576     0.020374     0.404894  
   577     0.020285     0.404938  
   578     0.020181     0.404960  
   579     0.020091     0.404879  
   580     0.019990     0.404952  
   581     0.019902     0.404899  
   582     0.019812     0.404887  
   583     0.019723     0.404882  
   584     0.019630     0.404900  
   585     0.019542     0.404882  
   586     0.019458     0.404809  
   587     0.019370     0.404832  
   588     0.019279     0.404811  
   589     0.019194     0.404780  
   590     0.019108     0.404665  
   591     0.019023     0.404636  
   592     0.018943     0.404559  
   593     0.018860     0.404578  
   594     0.018783     0.404596  
   595     0.018699     0.404643  
   596     0.018603     0.404618  
   597     0.018517     0.404689  
   598     0.018431     0.404687  
   599     0.018351     0.404641  
   600     0.018272     0.404595  
   601     0.018189     0.404578  
   602     0.018104     0.404542  
   603     0.018018     0.404513  
   604     0.017936     0.404530  
   605     0.017861     0.404500  
   606     0.017776     0.404442  
   607     0.017689     0.404367  
   608     0.017606     0.404374  
   609     0.017528     0.404338  
   610     0.017451     0.404308  
   611     0.017369     0.404258  
   612     0.017285     0.404280  
   613     0.017202     0.404284  
   614     0.017127     0.404264  
   615     0.017050     0.404328  
   616     0.016971     0.404384  
   617     0.016885     0.404431  
   618     0.016809     0.404403  
   619     0.016739     0.404349  
   620     0.016662     0.404267  
   621     0.016583     0.404197  
   622     0.016510     0.404155  
   623     0.016432     0.404115  
   624     0.016357     0.404044  
   625     0.016273     0.404043  
   626     0.016195     0.404086  
   627     0.016114     0.404060  
   628     0.016041     0.404100  
   629     0.015960     0.404083  
   630     0.015896     0.404073  
   631     0.015821     0.404052  
   632     0.015753     0.404077  
   633     0.015679     0.404017  
   634     0.015599     0.403907  
   635     0.015523     0.403855  
   636     0.015457     0.403848  
   637     0.015379     0.403818  
   638     0.015312     0.403817  
   639     0.015241     0.403777  
   640     0.015176     0.403743  
   641     0.015111     0.403702  
   642     0.015037     0.403735  
   643     0.014972     0.403775  
   644     0.014903     0.403694  
   645     0.014836     0.403647  
   646     0.014771     0.403639  
   647     0.014703     0.403575  
   648     0.014635     0.403610  
   649     0.014567     0.403598  
   650     0.014497     0.403563  
   651     0.014428     0.403508  
   652     0.014368     0.403606  
   653     0.014297     0.403555  
   654     0.014230     0.403576  
   655     0.014166     0.403555  
   656     0.014102     0.403626  
   657     0.014036     0.403524  
   658     0.013966     0.403490  
   659     0.013907     0.403472  
   660     0.013839     0.403381  
   661     0.013773     0.403364  
   662     0.013711     0.403388  
   663     0.013645     0.403480  
   664     0.013587     0.403421  
   665     0.013522     0.403376  
   666     0.013461     0.403396  
   667     0.013394     0.403397  
   668     0.013334     0.403376  
   669     0.013276     0.403325  
   670     0.013216     0.403289  
   671     0.013165     0.403240  
   672     0.013107     0.403226  
   673     0.013046     0.403149  
   674     0.012984     0.403093  
   675     0.012927     0.403091  
   676     0.012871     0.403094  
   677     0.012817     0.403054  
   678     0.012763     0.403056  
   679     0.012698     0.403047  
   680     0.012644     0.403049  
   681     0.012592     0.403042  
   682     0.012543     0.403083  
   683     0.012488     0.403053  
   684     0.012437     0.403068  
   685     0.012381     0.402994  
   686     0.012321     0.403092  
   687     0.012268     0.403101  
   688     0.012214     0.403063  
   689     0.012161     0.403113  
   690     0.012107     0.403180  
   691     0.012056     0.403171  
   692     0.012003     0.403146  
   693     0.011953     0.403098  
   694     0.011897     0.403068  
   695     0.011844     0.403004  
   696     0.011795     0.403026  
   697     0.011740     0.403037  
   698     0.011685     0.403004  
   699     0.011630     0.403059  
   700     0.011585     0.403050  
   701     0.011535     0.403095  
   702     0.011483     0.403072  
   703     0.011431     0.403053  
   704     0.011384     0.403127  
   705     0.011330     0.403081  
   706     0.011279     0.403073  
   707     0.011230     0.403051  
   708     0.011175     0.403059  
   709     0.011124     0.403045  
   710     0.011082     0.402971  
   711     0.011030     0.403024  
   712     0.010983     0.402982  
   713     0.010934     0.402975  
   714     0.010884     0.402977  
   715     0.010835     0.402968  
   716     0.010785     0.402941  
   717     0.010733     0.402883  
   718     0.010683     0.402933  
   719     0.010633     0.402882  
   720     0.010584     0.402830  
   721     0.010534     0.402800  
   722     0.010481     0.402801  
   723     0.010431     0.402803  
   724     0.010389     0.402794  
   725     0.010342     0.402791  
   726     0.010293     0.402785  
   727     0.010252     0.402824  
   728     0.010206     0.402853  
   729     0.010155     0.402869  
   730     0.010106     0.402851  
   731     0.010058     0.402823  
   732     0.010010     0.402836  
   733     0.009969     0.402821  
   734     0.009929     0.402799  
   735     0.009885     0.402828  
   736     0.009844     0.402885  
   737     0.009799     0.402857  
   738     0.009757     0.402770  
   739     0.009719     0.402755  
   740     0.009671     0.402709  
   741     0.009629     0.402715  
   742     0.009587     0.402689  
   743     0.009543     0.402660  
   744     0.009504     0.402679  
   745     0.009464     0.402675  
   746     0.009421     0.402686  
   747     0.009374     0.402676  
   748     0.009329     0.402652  
   749     0.009282     0.402699  
   750     0.009240     0.402636  
   751     0.009204     0.402624  
   752     0.009161     0.402579  
   753     0.009117     0.402589  
   754     0.009079     0.402589  
   755     0.009041     0.402539  
   756     0.008999     0.402499  
   757     0.008964     0.402557  
   758     0.008928     0.402542  
   759     0.008887     0.402532  
   760     0.008850     0.402560  
   761     0.008811     0.402503  
   762     0.008772     0.402479  
   763     0.008734     0.402427  
   764     0.008693     0.402466  
   765     0.008656     0.402500  
   766     0.008613     0.402479  
   767     0.008575     0.402469  
   768     0.008541     0.402470  
   769     0.008504     0.402416  
   770     0.008461     0.402380  
   771     0.008426     0.402435  
   772     0.008392     0.402446  
   773     0.008354     0.402432  
   774     0.008317     0.402376  
   775     0.008278     0.402290  
   776     0.008240     0.402280  
   777     0.008210     0.402249  
   778     0.008176     0.402228  
   779     0.008142     0.402242  
   780     0.008107     0.402282  
   781     0.008073     0.402341  
   782     0.008040     0.402363  
   783     0.008005     0.402322  
   784     0.007972     0.402330  
   785     0.007935     0.402349  
   786     0.007899     0.402253  
   787     0.007867     0.402255  
   788     0.007832     0.402243  
   789     0.007798     0.402268  
   790     0.007764     0.402275  
   791     0.007730     0.402269  
   792     0.007693     0.402280  
   793     0.007662     0.402281  
   794     0.007625     0.402295  
   795     0.007592     0.402315  
   796     0.007561     0.402308  
   797     0.007523     0.402328  
   798     0.007492     0.402393  
   799     0.007459     0.402391  
   800     0.007429     0.402404  
   801     0.007396     0.402359  
   802     0.007367     0.402386  
   803     0.007335     0.402359  
   804     0.007304     0.402328  
   805     0.007275     0.402314  
   806     0.007240     0.402249  
   807     0.007210     0.402207  
   808     0.007178     0.402179  
   809     0.007146     0.402126  
   810     0.007120     0.402130  
   811     0.007089     0.402119  
   812     0.007057     0.402131  
   813     0.007028     0.402121  
   814     0.006996     0.402057  
   815     0.006965     0.402007  
   816     0.006936     0.402030  
   817     0.006908     0.402033  
   818     0.006880     0.402053  
   819     0.006849     0.402068  
   820     0.006820     0.402100  
   821     0.006789     0.402107  
   822     0.006758     0.402077  
   823     0.006729     0.402049  
   824     0.006698     0.402031  
   825     0.006667     0.402059  
   826     0.006639     0.402068  
   827     0.006610     0.402097  
   828     0.006578     0.402115  
   829     0.006552     0.402103  
   830     0.006526     0.402102  
   831     0.006499     0.402050  
   832     0.006469     0.402028  
   833     0.006441     0.402030  
   834     0.006410     0.402083  
   835     0.006385     0.402074  
   836     0.006357     0.402039  
   837     0.006332     0.401978  
   838     0.006306     0.402031  
   839     0.006280     0.402003  
   840     0.006254     0.401965  
   841     0.006225     0.401933  
   842     0.006195     0.401896  
   843     0.006168     0.401852  
   844     0.006137     0.401839  
   845     0.006110     0.401865  
   846     0.006084     0.401845  
   847     0.006057     0.401816  
   848     0.006035     0.401850  
   849     0.006013     0.401882  
   850     0.005986     0.401805  
   851     0.005960     0.401859  
   852     0.005933     0.401814  
   853     0.005908     0.401765  
   854     0.005880     0.401731  
   855     0.005856     0.401693  
   856     0.005831     0.401715  
   857     0.005804     0.401690  
   858     0.005778     0.401675  
   859     0.005753     0.401606  
   860     0.005727     0.401583  
   861     0.005704     0.401573  
   862     0.005680     0.401590  
   863     0.005656     0.401589  
   864     0.005631     0.401571  
   865     0.005605     0.401529  
   866     0.005578     0.401525  
   867     0.005553     0.401507  
   868     0.005530     0.401494  
   869     0.005506     0.401523  
   870     0.005480     0.401519  
   871     0.005459     0.401504  
   872     0.005435     0.401508  
   873     0.005414     0.401485  
   874     0.005393     0.401469  
   875     0.005372     0.401519  
   876     0.005349     0.401474  
   877     0.005327     0.401442  
   878     0.005303     0.401438  
   879     0.005281     0.401420  
   880     0.005260     0.401393  
   881     0.005236     0.401405  
   882     0.005213     0.401367  
   883     0.005189     0.401348  
   884     0.005166     0.401351  
   885     0.005144     0.401332  
   886     0.005122     0.401295  
   887     0.005098     0.401244  
   888     0.005075     0.401239  
   889     0.005053     0.401233  
   890     0.005033     0.401227  
   891     0.005012     0.401225  
   892     0.004986     0.401222  
   893     0.004966     0.401181  
   894     0.004945     0.401173  
   895     0.004923     0.401165  
   896     0.004900     0.401184  
   897     0.004879     0.401177  
   898     0.004858     0.401187  
   899     0.004836     0.401209  
   900     0.004813     0.401203  
   901     0.004793     0.401209  
   902     0.004772     0.401195  
   903     0.004752     0.401196  
   904     0.004731     0.401196  
   905     0.004711     0.401139  
   906     0.004689     0.401111  
   907     0.004668     0.401088  
   908     0.004650     0.401068  
   909     0.004630     0.401052  
   910     0.004612     0.400998  
   911     0.004593     0.400984  
   912     0.004570     0.401001  
   913     0.004549     0.400974  
   914     0.004529     0.400969  
   915     0.004509     0.400968  
   916     0.004490     0.400955  
   917     0.004471     0.400949  
   918     0.004451     0.400977  
   919     0.004434     0.400988  
   920     0.004416     0.400969  
   921     0.004397     0.400943  
   922     0.004379     0.400947  
   923     0.004361     0.400933  
   924     0.004340     0.400921  
   925     0.004321     0.400952  
   926     0.004305     0.400947  
   927     0.004284     0.400956  
   928     0.004265     0.400949  
   929     0.004247     0.400939  
   930     0.004227     0.400904  
   931     0.004208     0.400858  
   932     0.004190     0.400833  
   933     0.004174     0.400846  
   934     0.004157     0.400850  
   935     0.004137     0.400860  
   936     0.004120     0.400862  
   937     0.004102     0.400862  
   938     0.004085     0.400849  
   939     0.004067     0.400861  
   940     0.004053     0.400857  
   941     0.004036     0.400833  
   942     0.004019     0.400846  
   943     0.004001     0.400848  
   944     0.003982     0.400864  
   945     0.003965     0.400853  
   946     0.003947     0.400838  
   947     0.003930     0.400827  
   948     0.003915     0.400830  
   949     0.003898     0.400831  
   950     0.003879     0.400842  
   951     0.003863     0.400857  
   952     0.003847     0.400844  
   953     0.003831     0.400850  
   954     0.003815     0.400857  
   955     0.003799     0.400860  
   956     0.003781     0.400810  
   957     0.003765     0.400803  
   958     0.003750     0.400802  
   959     0.003735     0.400822  
   960     0.003718     0.400794  
   961     0.003703     0.400798  
   962     0.003688     0.400792  
   963     0.003673     0.400781  
   964     0.003657     0.400836  
   965     0.003640     0.400847  
   966     0.003624     0.400878  
   967     0.003609     0.400882  
   968     0.003593     0.400866  
   969     0.003577     0.400834  
   970     0.003562     0.400872  
   971     0.003546     0.400912  
   972     0.003530     0.400886  
   973     0.003517     0.400857  
   974     0.003500     0.400822  
   975     0.003485     0.400815  
   976     0.003471     0.400835  
   977     0.003456     0.400838  
   978     0.003442     0.400827  
   979     0.003428     0.400836  
   980     0.003415     0.400880  
   981     0.003400     0.400891  
   982     0.003386     0.400924  
   983     0.003371     0.400947  
   984     0.003354     0.400950  
   985     0.003340     0.400956  
   986     0.003324     0.400939  
   987     0.003311     0.400941  
   988     0.003296     0.400942  
   989     0.003283     0.400916  
   990     0.003269     0.400906  
   991     0.003254     0.400907  
   992     0.003239     0.400905  
   993     0.003226     0.400883  
   994     0.003213     0.400865  
   995     0.003198     0.400865  
   996     0.003185     0.400863  
   997     0.003169     0.400825  
   998     0.003157     0.400820  
   999     0.003144     0.400816  
  1000     0.003130     0.400848  
  1001     0.003115     0.400818  
  1002     0.003103     0.400812  
  1003     0.003089     0.400752  
  1004     0.003076     0.400760  
  1005     0.003061     0.400785  
  1006     0.003048     0.400802  
  1007     0.003036     0.400799  
  1008     0.003023     0.400827  
  1009     0.003010     0.400781  
  1010     0.002997     0.400753  
  1011     0.002985     0.400714  
  1012     0.002973     0.400728  
  1013     0.002960     0.400673  
  1014     0.002948     0.400678  
  1015     0.002935     0.400651  
  1016     0.002922     0.400596  
  1017     0.002908     0.400587  
  1018     0.002895     0.400557  
  1019     0.002883     0.400529  
  1020     0.002870     0.400550  
  1021     0.002859     0.400546  
  1022     0.002846     0.400550  
  1023     0.002835     0.400566  
  1024     0.002821     0.400572  
  1025     0.002811     0.400603  
  1026     0.002799     0.400616  
  1027     0.002787     0.400605  
  1028     0.002775     0.400617  
  1029     0.002762     0.400630  
  1030     0.002751     0.400621  
  1031     0.002738     0.400595  
  1032     0.002724     0.400623  
  1033     0.002712     0.400622  
  1034     0.002700     0.400652  
  1035     0.002690     0.400672  
  1036     0.002676     0.400643  
  1037     0.002664     0.400660  
  1038     0.002654     0.400686  
  1039     0.002644     0.400695  
  1040     0.002632     0.400678  
  1041     0.002620     0.400664  
  1042     0.002610     0.400689  
  1043     0.002599     0.400684  
  1044     0.002587     0.400641  
  1045     0.002576     0.400647  
  1046     0.002564     0.400649  
  1047     0.002554     0.400655  
  1048     0.002543     0.400665  
  1049     0.002533     0.400667  
  1050     0.002523     0.400656  
  1051     0.002512     0.400656  
  1052     0.002502     0.400590  
  1053     0.002491     0.400611  
  1054     0.002481     0.400612  
  1055     0.002472     0.400612  
  1056     0.002461     0.400607  
  1057     0.002451     0.400584  
  1058     0.002439     0.400575  
  1059     0.002428     0.400575  
  1060     0.002418     0.400549  
  1061     0.002408     0.400524  
  1062     0.002398     0.400499  
  1063     0.002389     0.400516  
  1064     0.002378     0.400507  
  1065     0.002369     0.400494  
  1066     0.002359     0.400486  
  1067     0.002349     0.400487  
  1068     0.002340     0.400482  
  1069     0.002330     0.400478  
  1070     0.002321     0.400467  
  1071     0.002312     0.400458  
  1072     0.002302     0.400443  
  1073     0.002292     0.400444  
  1074     0.002283     0.400435  
  1075     0.002274     0.400455  
  1076     0.002264     0.400449  
  1077     0.002254     0.400470  
  1078     0.002245     0.400501  
  1079     0.002236     0.400509  
  1080     0.002226     0.400500  
  1081     0.002216     0.400486  
  1082     0.002206     0.400505  
  1083     0.002198     0.400522  
  1084     0.002188     0.400520  
  1085     0.002179     0.400517  
  1086     0.002169     0.400518  
  1087     0.002160     0.400506  
  1088     0.002150     0.400513  
  1089     0.002139     0.400508  
  1090     0.002130     0.400515  
  1091     0.002122     0.400513  
  1092     0.002113     0.400495  
  1093     0.002104     0.400491  
  1094     0.002094     0.400494  
  1095     0.002086     0.400480  
  1096     0.002077     0.400463  
  1097     0.002069     0.400474  
  1098     0.002060     0.400475  
  1099     0.002051     0.400467  
  1100     0.002043     0.400477  
  1101     0.002035     0.400475  
  1102     0.002027     0.400455  
  1103     0.002019     0.400433  
  1104     0.002012     0.400435  
  1105     0.002003     0.400468  
  1106     0.001994     0.400457  
  1107     0.001984     0.400467  
  1108     0.001976     0.400470  
  1109     0.001968     0.400417  
  1110     0.001961     0.400434  
  1111     0.001954     0.400442  
  1112     0.001946     0.400429  
  1113     0.001938     0.400452  
  1114     0.001929     0.400438  
  1115     0.001920     0.400430  
  1116     0.001913     0.400427  
  1117     0.001906     0.400415  
  1118     0.001899     0.400425  
  1119     0.001891     0.400416  
  1120     0.001883     0.400407  
  1121     0.001874     0.400406  
  1122     0.001867     0.400418  
  1123     0.001859     0.400398  
  1124     0.001852     0.400402  
  1125     0.001843     0.400401  
  1126     0.001834     0.400400  
  1127     0.001825     0.400358  
  1128     0.001818     0.400386  
  1129     0.001810     0.400405  
  1130     0.001803     0.400367  
  1131     0.001795     0.400387  
  1132     0.001789     0.400396  
  1133     0.001781     0.400390  
  1134     0.001774     0.400390  
  1135     0.001767     0.400401  
  1136     0.001761     0.400365  
  1137     0.001752     0.400334  
  1138     0.001745     0.400349  
  1139     0.001737     0.400352  
  1140     0.001730     0.400365  
  1141     0.001723     0.400369  
  1142     0.001716     0.400399  
  1143     0.001709     0.400388  
  1144     0.001702     0.400383  
  1145     0.001696     0.400386  
  1146     0.001688     0.400384  
  1147     0.001681     0.400351  
  1148     0.001674     0.400338  
  1149     0.001667     0.400335  
  1150     0.001659     0.400342  
  1151     0.001651     0.400317  
  1152     0.001644     0.400319  
  1153     0.001637     0.400296  
  1154     0.001630     0.400299  
  1155     0.001624     0.400292  
  1156     0.001616     0.400280  
  1157     0.001609     0.400297  
  1158     0.001602     0.400302  
  1159     0.001595     0.400287  
  1160     0.001588     0.400282  
  1161     0.001581     0.400276  
  1162     0.001575     0.400287  
  1163     0.001569     0.400298  
  1164     0.001563     0.400286  
  1165     0.001556     0.400291  
  1166     0.001549     0.400291  
  1167     0.001542     0.400296  
  1168     0.001536     0.400284  
  1169     0.001529     0.400266  
  1170     0.001523     0.400252  
  1171     0.001516     0.400250  
  1172     0.001510     0.400245  
  1173     0.001504     0.400262  
  1174     0.001498     0.400265  
  1175     0.001493     0.400252  
  1176     0.001487     0.400261  
  1177     0.001481     0.400253  
  1178     0.001475     0.400232  
  1179     0.001469     0.400255  
  1180     0.001463     0.400273  
  1181     0.001457     0.400251  
  1182     0.001452     0.400249  
  1183     0.001444     0.400248  
  1184     0.001439     0.400213  
  1185     0.001433     0.400193  
  1186     0.001427     0.400198  
  1187     0.001420     0.400210  
  1188     0.001414     0.400243  
  1189     0.001407     0.400247  
  1190     0.001402     0.400261  
  1191     0.001395     0.400260  
  1192     0.001389     0.400267  
  1193     0.001383     0.400274  
  1194     0.001378     0.400284  
  1195     0.001372     0.400290  
  1196     0.001367     0.400296  
  1197     0.001361     0.400292  
  1198     0.001355     0.400290  
  1199     0.001350     0.400300  
  1200     0.001345     0.400288  
  1201     0.001339     0.400280  
  1202     0.001333     0.400264  
  1203     0.001327     0.400282  
  1204     0.001322     0.400287  
  1205     0.001316     0.400258  
  1206     0.001310     0.400276  
  1207     0.001305     0.400263  
  1208     0.001299     0.400258  
  1209     0.001295     0.400240  
  1210     0.001289     0.400255  
  1211     0.001284     0.400246  
  1212     0.001279     0.400252  
  1213     0.001274     0.400226  
  1214     0.001268     0.400224  
  1215     0.001262     0.400229  
  1216     0.001257     0.400240  
  1217     0.001252     0.400249  
  1218     0.001247     0.400221  
  1219     0.001242     0.400216  
  1220     0.001237     0.400219  
  1221     0.001232     0.400202  
  1222     0.001227     0.400213  
  1223     0.001222     0.400191  
  1224     0.001217     0.400184  
  1225     0.001213     0.400189  
  1226     0.001207     0.400192  
  1227     0.001202     0.400188  
  1228     0.001197     0.400207  
  1229     0.001192     0.400205  
  1230     0.001188     0.400199  
  1231     0.001183     0.400188  
  1232     0.001178     0.400209  
  1233     0.001173     0.400212  
  1234     0.001168     0.400216  
  1235     0.001163     0.400211  
  1236     0.001159     0.400203  
  1237     0.001155     0.400201  
  1238     0.001151     0.400191  
  1239     0.001146     0.400205  
  1240     0.001141     0.400208  
  1241     0.001136     0.400223  
  1242     0.001131     0.400219  
  1243     0.001127     0.400216  
  1244     0.001122     0.400211  
  1245     0.001117     0.400212  
  1246     0.001113     0.400221  
  1247     0.001108     0.400196  
  1248     0.001104     0.400207  
  1249     0.001099     0.400205  
  1250     0.001094     0.400200  
  1251     0.001090     0.400193  
  1252     0.001086     0.400179  
  1253     0.001082     0.400191  
  1254     0.001077     0.400188  
  1255     0.001073     0.400201  
  1256     0.001068     0.400200  
  1257     0.001064     0.400192  
  1258     0.001059     0.400170  
  1259     0.001055     0.400161  
  1260     0.001050     0.400139  
  1261     0.001046     0.400133  
  1262     0.001041     0.400132  
  1263     0.001037     0.400131  
  1264     0.001033     0.400141  
  1265     0.001028     0.400139  
  1266     0.001024     0.400123  
  1267     0.001020     0.400142  
  1268     0.001016     0.400145  
  1269     0.001012     0.400142  
  1270     0.001008     0.400136  
  1271     0.001004     0.400130  
  1272     0.001000     0.400118  
  1273     0.000996     0.400116  
  1274     0.000992     0.400092  
  1275     0.000989     0.400091  
  1276     0.000985     0.400081  
  1277     0.000981     0.400087  
  1278     0.000977     0.400092  
  1279     0.000972     0.400072  
  1280     0.000968     0.400067  
  1281     0.000964     0.400060  * best
  1282     0.000959     0.400077  
  1283     0.000955     0.400071  
  1284     0.000951     0.400077  
  1285     0.000947     0.400089  
  1286     0.000943     0.400083  
  1287     0.000940     0.400106  
  1288     0.000936     0.400125  
  1289     0.000932     0.400105  
  1290     0.000928     0.400106  
  1291     0.000924     0.400096  
  1292     0.000920     0.400093  
  1293     0.000917     0.400097  
  1294     0.000913     0.400121  
  1295     0.000909     0.400134  
  1296     0.000905     0.400148  
  1297     0.000902     0.400155  
  1298     0.000897     0.400148  
  1299     0.000894     0.400128  
  1300     0.000891     0.400148  
  1301     0.000887     0.400150  
  1302     0.000883     0.400147  
  1303     0.000880     0.400149  
  1304     0.000876     0.400150  
  1305     0.000872     0.400159  
  1306     0.000868     0.400152  
  1307     0.000865     0.400146  
  1308     0.000861     0.400132  
  1309     0.000858     0.400136  
  1310     0.000854     0.400136  
  1311     0.000851     0.400142  
  1312     0.000847     0.400149  
  1313     0.000844     0.400132  
  1314     0.000840     0.400132  
  1315     0.000837     0.400150  
  1316     0.000833     0.400134  
  1317     0.000829     0.400141  
  1318     0.000826     0.400152  
  1319     0.000822     0.400165  
  1320     0.000819     0.400156  
  1321     0.000816     0.400162  
  1322     0.000812     0.400148  
  1323     0.000809     0.400163  
  1324     0.000805     0.400156  
  1325     0.000802     0.400147  
  1326     0.000799     0.400163  
  1327     0.000796     0.400166  
  1328     0.000792     0.400176  
  1329     0.000789     0.400172  
  1330     0.000785     0.400161  
  1331     0.000782     0.400149  
  1332     0.000779     0.400152  
  1333     0.000776     0.400150  
  1334     0.000773     0.400142  
  1335     0.000769     0.400159  
  1336     0.000766     0.400153  
  1337     0.000763     0.400155  
  1338     0.000760     0.400149  
  1339     0.000757     0.400159  
  1340     0.000754     0.400149  
  1341     0.000751     0.400133  
  1342     0.000748     0.400145  
  1343     0.000744     0.400153  
  1344     0.000741     0.400139  
  1345     0.000738     0.400149  
  1346     0.000735     0.400156  
  1347     0.000732     0.400155  
  1348     0.000729     0.400158  
  1349     0.000726     0.400164  
  1350     0.000723     0.400170  
  1351     0.000720     0.400174  
  1352     0.000717     0.400170  
  1353     0.000714     0.400181  
  1354     0.000712     0.400170  
  1355     0.000708     0.400176  
  1356     0.000705     0.400190  
  1357     0.000702     0.400182  
  1358     0.000700     0.400191  
  1359     0.000697     0.400190  
  1360     0.000694     0.400188  
  1361     0.000691     0.400197  
  1362     0.000689     0.400205  
  1363     0.000685     0.400198  
  1364     0.000683     0.400198  
  1365     0.000680     0.400187  
  1366     0.000677     0.400189  
  1367     0.000674     0.400181  
  1368     0.000672     0.400166  
  1369     0.000669     0.400163  
  1370     0.000666     0.400142  
  1371     0.000663     0.400133  
  1372     0.000660     0.400130  
  1373     0.000657     0.400123  
  1374     0.000655     0.400117  
  1375     0.000652     0.400114  
  1376     0.000649     0.400106  
  1377     0.000647     0.400097  
  1378     0.000644     0.400091  
  1379     0.000642     0.400089  
  1380     0.000639     0.400095  
  1381     0.000637     0.400098  
# best iteration 1281 (val l2 0.400060)
# Spearman  train +0.9948  val +0.7816  test +0.7936
