# seq+boltz_pooled seed 3
# sequence baseline concatenated with the Boltz pooled blocks
# input dim 2407, 312,385 parameters
# Linear(n_in,128) -> GELU -> Dropout(0.3) -> Linear(128,32) -> GELU -> Dropout(0.3) -> Linear(32,1)
# Adam lr=0.001 weight_decay=0.0001 batch=32 dropout=0.3
# loss = MSE on standardised log10 half-life
# early stopping on validation loss, patience 40, max 300 epochs
#
 epoch  train_batch        train          val  note
     1     0.600611     0.405324     0.495251  * best
     2     0.432330     0.291419     0.410183  * best
     3     0.372738     0.258732     0.398117  * best
     4     0.317057     0.207217     0.376564  * best
     5     0.281590     0.205747     0.383578  
     6     0.268651     0.145791     0.360899  * best
     7     0.238098     0.152027     0.364697  
     8     0.225689     0.141906     0.346687  * best
     9     0.214670     0.113042     0.356771  
    10     0.197005     0.120308     0.371481  
    11     0.191604     0.107326     0.354176  
    12     0.184353     0.116662     0.356413  
    13     0.174911     0.093228     0.344418  * best
    14     0.171874     0.095126     0.366673  
    15     0.164484     0.081559     0.354462  
    16     0.160070     0.075465     0.360175  
    17     0.157695     0.073409     0.351160  
    18     0.156275     0.076205     0.359622  
    19     0.152008     0.080720     0.370324  
    20     0.145693     0.070888     0.350133  
    21     0.146172     0.067958     0.350271  
    22     0.137044     0.068275     0.364546  
    23     0.140460     0.064728     0.352404  
    24     0.141464     0.057957     0.362720  
    25     0.134393     0.065522     0.364661  
    26     0.131125     0.058056     0.352243  
    27     0.131528     0.053953     0.352643  
    28     0.130157     0.060372     0.367834  
    29     0.130405     0.069277     0.368299  
    30     0.127299     0.063012     0.368055  
    31     0.125272     0.065106     0.363617  
    32     0.128453     0.058244     0.368409  
    33     0.119818     0.052957     0.351886  
    34     0.121766     0.053075     0.361456  
    35     0.125157     0.068518     0.367948  
    36     0.120583     0.052633     0.358663  
    37     0.117342     0.068181     0.357584  
    38     0.113171     0.056476     0.371720  
    39     0.118161     0.052434     0.371533  
    40     0.117389     0.050070     0.366406  
    41     0.115970     0.050990     0.357071  
    42     0.116234     0.055023     0.369361  
    43     0.115041     0.056885     0.361414  
    44     0.112750     0.054283     0.357973  
    45     0.113472     0.047724     0.350728  
    46     0.112817     0.051516     0.358059  
    47     0.112392     0.047062     0.361472  
    48     0.113312     0.049588     0.359331  
    49     0.113532     0.064544     0.371028  
    50     0.113279     0.056256     0.367498  
    51     0.109040     0.048421     0.360237  
    52     0.110842     0.046439     0.352439  
    53     0.110791     0.051604     0.351600  
# stopped at epoch 53: no improvement for 40 epochs
# restored epoch 13 (val MSE 0.344418)
# Spearman  train +0.9592  val +0.8174  test +0.7870
