# gbm_charge_all seed 1
# sequence and structure charge blocks
# inputs 79, 251 trees
# LightGBM gradient-boosted trees, objective l2, lr 0.05, num_leaves 31, min_data_in_leaf 20, feature_fraction 0.3, bagging 0.8, lambda_l2 1.0, up to 3000 rounds, early stopping 100 on validation l2
# loss = l2 on standardised log10 half-life
#
 round        train          val  note
     1     0.970623     0.995937  
     2     0.946146     0.975829  
     3     0.918817     0.951031  
     4     0.894407     0.930451  
     5     0.874412     0.913304  
     6     0.857156     0.898426  
     7     0.841428     0.884374  
     8     0.824398     0.869273  
     9     0.808268     0.855023  
    10     0.794778     0.844161  
    11     0.780770     0.832526  
    12     0.768102     0.821212  
    13     0.755816     0.812067  
    14     0.744110     0.802814  
    15     0.732691     0.792606  
    16     0.724990     0.787003  
    17     0.714814     0.778046  
    18     0.705287     0.770190  
    19     0.696165     0.762956  
    20     0.687418     0.755990  
    21     0.679399     0.750343  
    22     0.672428     0.744151  
    23     0.666555     0.739651  
    24     0.660801     0.736105  
    25     0.655297     0.731909  
    26     0.650168     0.727179  
    27     0.645209     0.723917  
    28     0.640629     0.721014  
    29     0.636515     0.718877  
    30     0.631865     0.715285  
    31     0.627047     0.711408  
    32     0.622618     0.708345  
    33     0.618488     0.704798  
    34     0.614468     0.701784  
    35     0.611173     0.700447  
    36     0.607639     0.698480  
    37     0.603289     0.695883  
    38     0.599591     0.693385  
    39     0.595270     0.690027  
    40     0.591893     0.688759  
    41     0.589096     0.687011  
    42     0.586259     0.686549  
    43     0.582694     0.684301  
    44     0.579452     0.681845  
    45     0.576419     0.680074  
    46     0.573785     0.677823  
    47     0.571198     0.676739  
    48     0.568675     0.675600  
    49     0.565594     0.673418  
    50     0.562521     0.671079  
    51     0.559874     0.669915  
    52     0.557191     0.668874  
    53     0.554398     0.667541  
    54     0.551676     0.666022  
    55     0.549158     0.664651  
    56     0.547184     0.664014  
    57     0.544868     0.662997  
    58     0.542697     0.662367  
    59     0.540529     0.660963  
    60     0.538720     0.659144  
    61     0.536507     0.657786  
    62     0.534471     0.657194  
    63     0.532592     0.656480  
    64     0.530775     0.655422  
    65     0.528324     0.654280  
    66     0.526467     0.653549  
    67     0.523984     0.652598  
    68     0.521895     0.651490  
    69     0.519948     0.650840  
    70     0.518537     0.650790  
    71     0.516752     0.650145  
    72     0.515070     0.649998  
    73     0.513164     0.649790  
    74     0.511368     0.649690  
    75     0.509397     0.648776  
    76     0.507589     0.647984  
    77     0.505790     0.646986  
    78     0.504482     0.646677  
    79     0.502655     0.645658  
    80     0.501189     0.645206  
    81     0.499007     0.644575  
    82     0.497549     0.643811  
    83     0.495915     0.644239  
    84     0.494408     0.644857  
    85     0.493145     0.644601  
    86     0.491451     0.643168  
    87     0.489929     0.642312  
    88     0.488621     0.641922  
    89     0.486827     0.640679  
    90     0.485420     0.640255  
    91     0.483497     0.639546  
    92     0.482176     0.638820  
    93     0.480191     0.638489  
    94     0.478647     0.637916  
    95     0.477409     0.637797  
    96     0.475968     0.636860  
    97     0.474152     0.635703  
    98     0.472767     0.635525  
    99     0.471441     0.635190  
   100     0.470282     0.635455  
   101     0.469016     0.635287  
   102     0.467651     0.634327  
   103     0.466469     0.634411  
   104     0.464984     0.633876  
   105     0.463959     0.633939  
   106     0.462845     0.633933  
   107     0.461438     0.633541  
   108     0.459968     0.633182  
   109     0.458563     0.632679  
   110     0.457410     0.632258  
   111     0.456001     0.631181  
   112     0.454715     0.631041  
   113     0.453281     0.631528  
   114     0.451885     0.631941  
   115     0.450653     0.631914  
   116     0.449615     0.632507  
   117     0.448074     0.632338  
   118     0.446951     0.632009  
   119     0.445534     0.632131  
   120     0.444091     0.631424  
   121     0.442934     0.631174  
   122     0.441829     0.630933  
   123     0.440510     0.630282  
   124     0.439427     0.629791  
   125     0.438178     0.629401  
   126     0.436841     0.628999  
   127     0.435567     0.628974  
   128     0.434233     0.628257  
   129     0.433110     0.628372  
   130     0.431697     0.627410  
   131     0.430646     0.627396  
   132     0.429556     0.626941  
   133     0.428304     0.626801  
   134     0.427377     0.626250  
   135     0.426330     0.625939  
   136     0.425394     0.626036  
   137     0.424380     0.625779  
   138     0.423255     0.625501  
   139     0.422352     0.624890  
   140     0.421259     0.624545  
   141     0.420194     0.624091  
   142     0.418903     0.623188  
   143     0.417669     0.623021  
   144     0.416573     0.622411  
   145     0.415523     0.622397  
   146     0.414573     0.622460  
   147     0.413187     0.622197  
   148     0.412284     0.621740  
   149     0.411367     0.620942  
   150     0.410328     0.620757  
   151     0.409333     0.620830  
   152     0.408331     0.620737  
   153     0.407195     0.620700  
   154     0.406135     0.621018  
   155     0.405095     0.620068  
   156     0.404022     0.619440  
   157     0.403047     0.619774  
   158     0.402299     0.619210  
   159     0.401500     0.618824  
   160     0.400451     0.618669  
   161     0.399407     0.618492  
   162     0.398541     0.618363  
   163     0.397769     0.618558  
   164     0.396946     0.618294  
   165     0.396027     0.618468  
   166     0.394947     0.618863  
   167     0.393988     0.618863  
   168     0.393048     0.618861  
   169     0.392156     0.618772  
   170     0.391476     0.618695  
   171     0.390569     0.618292  
   172     0.389924     0.617984  
   173     0.389178     0.617889  
   174     0.388227     0.617745  
   175     0.387175     0.617192  
   176     0.386313     0.617165  
   177     0.385275     0.617174  
   178     0.384080     0.617149  
   179     0.383013     0.617016  
   180     0.381946     0.617305  
   181     0.381212     0.617164  
   182     0.380251     0.616955  
   183     0.379476     0.616850  
   184     0.378386     0.617282  
   185     0.377494     0.617296  
   186     0.376587     0.617054  
   187     0.375614     0.616997  
   188     0.374636     0.616923  
   189     0.373851     0.616986  
   190     0.372972     0.617248  
   191     0.371868     0.617302  
   192     0.371010     0.616798  
   193     0.370070     0.616656  
   194     0.369304     0.616640  
   195     0.368393     0.616707  
   196     0.367513     0.617138  
   197     0.366573     0.616662  
   198     0.365691     0.616892  
   199     0.364937     0.617039  
   200     0.364116     0.616769  
   201     0.363315     0.616890  
   202     0.362456     0.616490  
   203     0.361731     0.616060  
   204     0.361125     0.616276  
   205     0.360360     0.616321  
   206     0.359399     0.616214  
   207     0.358716     0.616327  
   208     0.357827     0.616565  
   209     0.356889     0.616728  
   210     0.355762     0.617198  
   211     0.354805     0.617378  
   212     0.353957     0.617668  
   213     0.353206     0.618071  
   214     0.352159     0.618082  
   215     0.351309     0.617772  
   216     0.350351     0.617547  
   217     0.349464     0.617558  
   218     0.348712     0.617725  
   219     0.348051     0.617959  
   220     0.347041     0.617908  
   221     0.346292     0.617520  
   222     0.345757     0.617111  
   223     0.345086     0.617223  
   224     0.344289     0.617209  
   225     0.343602     0.617260  
   226     0.342773     0.617595  
   227     0.341952     0.617275  
   228     0.341311     0.617218  
   229     0.340686     0.617452  
   230     0.339720     0.617554  
   231     0.339215     0.617756  
   232     0.338472     0.617890  
   233     0.337642     0.617636  
   234     0.336827     0.617655  
   235     0.336008     0.617596  
   236     0.335518     0.617260  
   237     0.334672     0.617404  
   238     0.333883     0.617783  
   239     0.333125     0.617837  
   240     0.332344     0.617549  
   241     0.331728     0.616768  
   242     0.330908     0.617039  
   243     0.329937     0.616821  
   244     0.329196     0.616451  
   245     0.328611     0.616664  
   246     0.328045     0.616909  
   247     0.327390     0.616741  
   248     0.326718     0.616546  
   249     0.326057     0.616747  
   250     0.325292     0.616451  
   251     0.324606     0.616048  * best
   252     0.323850     0.616213  
   253     0.323037     0.616592  
   254     0.322396     0.616426  
   255     0.321839     0.616521  
   256     0.321104     0.616565  
   257     0.320437     0.616647  
   258     0.319710     0.616510  
   259     0.319079     0.616390  
   260     0.318415     0.616598  
   261     0.317748     0.616531  
   262     0.317023     0.616512  
   263     0.316226     0.616709  
   264     0.315611     0.616518  
   265     0.314957     0.616588  
   266     0.314296     0.616707  
   267     0.313787     0.617018  
   268     0.313056     0.617037  
   269     0.312311     0.617455  
   270     0.311703     0.617553  
   271     0.311099     0.617740  
   272     0.310390     0.617802  
   273     0.309487     0.617492  
   274     0.308899     0.617276  
   275     0.308265     0.617429  
   276     0.307679     0.617515  
   277     0.306806     0.617349  
   278     0.306111     0.617472  
   279     0.305640     0.617760  
   280     0.304816     0.617957  
   281     0.304247     0.618021  
   282     0.303677     0.618348  
   283     0.303116     0.618604  
   284     0.302391     0.618916  
   285     0.301926     0.618926  
   286     0.301298     0.618978  
   287     0.300784     0.618910  
   288     0.300252     0.619037  
   289     0.299601     0.618670  
   290     0.298938     0.618636  
   291     0.298238     0.618793  
   292     0.297637     0.618923  
   293     0.297021     0.618813  
   294     0.296579     0.618975  
   295     0.295812     0.619093  
   296     0.295126     0.618562  
   297     0.294517     0.618495  
   298     0.293834     0.618592  
   299     0.293345     0.618557  
   300     0.292896     0.618556  
   301     0.292158     0.618667  
   302     0.291609     0.618965  
   303     0.291029     0.619070  
   304     0.290588     0.618898  
   305     0.290006     0.618664  
   306     0.289432     0.618828  
   307     0.288679     0.618634  
   308     0.288021     0.618852  
   309     0.287483     0.618467  
   310     0.286901     0.618295  
   311     0.286160     0.618447  
   312     0.285671     0.618490  
   313     0.285044     0.618683  
   314     0.284466     0.618450  
   315     0.284009     0.618453  
   316     0.283260     0.618152  
   317     0.282741     0.618084  
   318     0.282237     0.617942  
   319     0.281645     0.617864  
   320     0.281129     0.617992  
   321     0.280682     0.617816  
   322     0.280079     0.617660  
   323     0.279469     0.617864  
   324     0.278975     0.617701  
   325     0.278311     0.617574  
   326     0.277921     0.617778  
   327     0.277395     0.617678  
   328     0.276789     0.617649  
   329     0.275955     0.617755  
   330     0.275420     0.617941  
   331     0.274953     0.618321  
   332     0.274542     0.618503  
   333     0.273972     0.618535  
   334     0.273523     0.618690  
   335     0.272881     0.619097  
   336     0.272341     0.619216  
   337     0.271800     0.619719  
   338     0.271280     0.619683  
   339     0.270807     0.619807  
   340     0.270410     0.619511  
   341     0.269934     0.619583  
   342     0.269235     0.619318  
   343     0.268641     0.619376  
   344     0.268212     0.619081  
   345     0.267589     0.619336  
   346     0.267054     0.619046  
   347     0.266744     0.619173  
   348     0.266250     0.619053  
   349     0.265852     0.619070  
   350     0.265291     0.619168  
   351     0.264910     0.618744  
# best iteration 251 (val l2 0.616048)
# Spearman  train +0.8376  val +0.6239  test +0.6082
