# gbm_seq+boltz+edge seed 2
# boosted trees on seq+boltz+edge
# inputs 16857, 1,914 trees
# LightGBM gradient-boosted trees, objective l2, lr 0.05, num_leaves 31, min_data_in_leaf 20, feature_fraction 0.3, bagging 0.8, lambda_l2 1.0, up to 3000 rounds, early stopping 100 on validation l2
# loss = l2 on standardised log10 half-life
#
 round        train          val  note
     1     0.963671     0.974986  
     2     0.929869     0.944702  
     3     0.898391     0.916683  
     4     0.870087     0.891092  
     5     0.842714     0.865869  
     6     0.817263     0.842185  
     7     0.792773     0.821200  
     8     0.769910     0.800929  
     9     0.748728     0.782683  
    10     0.729411     0.767370  
    11     0.710606     0.751984  
    12     0.693359     0.736977  
    13     0.676660     0.722850  
    14     0.661563     0.710879  
    15     0.647002     0.698434  
    16     0.632836     0.687580  
    17     0.619140     0.677026  
    18     0.607596     0.668164  
    19     0.595712     0.659292  
    20     0.584656     0.650877  
    21     0.573585     0.641216  
    22     0.563218     0.634033  
    23     0.553689     0.627462  
    24     0.544940     0.620871  
    25     0.536563     0.614797  
    26     0.528193     0.608988  
    27     0.520008     0.602593  
    28     0.511859     0.596439  
    29     0.504276     0.590996  
    30     0.497380     0.585370  
    31     0.490269     0.580472  
    32     0.484286     0.576074  
    33     0.478030     0.571998  
    34     0.471738     0.568016  
    35     0.465150     0.563717  
    36     0.459636     0.560788  
    37     0.453855     0.556383  
    38     0.448657     0.553263  
    39     0.443574     0.550241  
    40     0.438796     0.547262  
    41     0.433901     0.544319  
    42     0.429063     0.541393  
    43     0.424035     0.537950  
    44     0.419680     0.535317  
    45     0.415174     0.533013  
    46     0.410862     0.530322  
    47     0.406563     0.528075  
    48     0.402399     0.525513  
    49     0.398239     0.523542  
    50     0.394267     0.520851  
    51     0.390337     0.518830  
    52     0.386537     0.516744  
    53     0.382791     0.514527  
    54     0.379151     0.512159  
    55     0.375487     0.509536  
    56     0.372364     0.508101  
    57     0.369114     0.506686  
    58     0.365807     0.505512  
    59     0.362656     0.503839  
    60     0.359350     0.503040  
    61     0.356071     0.502027  
    62     0.352692     0.500483  
    63     0.349554     0.498962  
    64     0.346693     0.497428  
    65     0.343608     0.495636  
    66     0.340880     0.493865  
    67     0.338193     0.492316  
    68     0.335196     0.490893  
    69     0.332411     0.490220  
    70     0.329653     0.488339  
    71     0.326990     0.487527  
    72     0.324424     0.486973  
    73     0.321964     0.486073  
    74     0.319406     0.484689  
    75     0.316958     0.483773  
    76     0.314387     0.482265  
    77     0.312123     0.481596  
    78     0.309881     0.480868  
    79     0.307540     0.479468  
    80     0.305222     0.479129  
    81     0.302965     0.478503  
    82     0.300670     0.477665  
    83     0.298398     0.476725  
    84     0.296121     0.475565  
    85     0.293899     0.474845  
    86     0.291820     0.474169  
    87     0.289656     0.472936  
    88     0.287517     0.471681  
    89     0.285443     0.470867  
    90     0.283320     0.470299  
    91     0.281291     0.469806  
    92     0.279329     0.469127  
    93     0.277336     0.468465  
    94     0.275268     0.467449  
    95     0.273230     0.466702  
    96     0.271330     0.465942  
    97     0.269319     0.464871  
    98     0.267422     0.463782  
    99     0.265432     0.462849  
   100     0.263376     0.462020  
   101     0.261539     0.461536  
   102     0.259667     0.461206  
   103     0.257814     0.459962  
   104     0.256050     0.459402  
   105     0.254328     0.458776  
   106     0.252640     0.458045  
   107     0.250875     0.457343  
   108     0.249245     0.456880  
   109     0.247586     0.456290  
   110     0.245948     0.455592  
   111     0.244215     0.454967  
   112     0.242600     0.454393  
   113     0.240987     0.453983  
   114     0.239316     0.453129  
   115     0.237746     0.452790  
   116     0.236250     0.452235  
   117     0.234773     0.451570  
   118     0.233246     0.451511  
   119     0.231680     0.451231  
   120     0.230139     0.450923  
   121     0.228661     0.450523  
   122     0.227194     0.449901  
   123     0.225647     0.449683  
   124     0.224195     0.449447  
   125     0.222783     0.448407  
   126     0.221354     0.447763  
   127     0.219969     0.447567  
   128     0.218635     0.447021  
   129     0.217193     0.446703  
   130     0.215790     0.445889  
   131     0.214388     0.445617  
   132     0.213051     0.445269  
   133     0.211674     0.445400  
   134     0.210413     0.445084  
   135     0.209019     0.444106  
   136     0.207796     0.443792  
   137     0.206468     0.442772  
   138     0.205213     0.442681  
   139     0.203911     0.442537  
   140     0.202573     0.442238  
   141     0.201388     0.442118  
   142     0.200136     0.441804  
   143     0.198890     0.441460  
   144     0.197653     0.440965  
   145     0.196461     0.440426  
   146     0.195220     0.440101  
   147     0.193990     0.439539  
   148     0.192794     0.438948  
   149     0.191706     0.438788  
   150     0.190587     0.438693  
   151     0.189476     0.438396  
   152     0.188350     0.438293  
   153     0.187179     0.437931  
   154     0.186074     0.437214  
   155     0.185011     0.436594  
   156     0.183895     0.436841  
   157     0.182789     0.436089  
   158     0.181716     0.435752  
   159     0.180649     0.435410  
   160     0.179642     0.435484  
   161     0.178582     0.435173  
   162     0.177529     0.435327  
   163     0.176458     0.434821  
   164     0.175469     0.434663  
   165     0.174464     0.434351  
   166     0.173479     0.434226  
   167     0.172483     0.433876  
   168     0.171445     0.433352  
   169     0.170416     0.433263  
   170     0.169458     0.432879  
   171     0.168416     0.432785  
   172     0.167477     0.432496  
   173     0.166453     0.432023  
   174     0.165535     0.431641  
   175     0.164654     0.431654  
   176     0.163725     0.431400  
   177     0.162819     0.431125  
   178     0.161894     0.431134  
   179     0.161017     0.430840  
   180     0.160086     0.430769  
   181     0.159166     0.430661  
   182     0.158264     0.430451  
   183     0.157384     0.430276  
   184     0.156484     0.430127  
   185     0.155587     0.429977  
   186     0.154685     0.429631  
   187     0.153787     0.429205  
   188     0.152889     0.429084  
   189     0.152055     0.428883  
   190     0.151178     0.428868  
   191     0.150372     0.428807  
   192     0.149476     0.428632  
   193     0.148587     0.428461  
   194     0.147736     0.428318  
   195     0.146871     0.427908  
   196     0.145997     0.427907  
   197     0.145171     0.427516  
   198     0.144358     0.427466  
   199     0.143541     0.427523  
   200     0.142748     0.427520  
   201     0.141960     0.427260  
   202     0.141140     0.427037  
   203     0.140386     0.426386  
   204     0.139598     0.426244  
   205     0.138895     0.426029  
   206     0.138130     0.425823  
   207     0.137348     0.425577  
   208     0.136605     0.425370  
   209     0.135854     0.425470  
   210     0.135022     0.425343  
   211     0.134313     0.424966  
   212     0.133618     0.424878  
   213     0.132905     0.424621  
   214     0.132145     0.424690  
   215     0.131411     0.424546  
   216     0.130699     0.424150  
   217     0.130011     0.423916  
   218     0.129294     0.423834  
   219     0.128595     0.423451  
   220     0.127891     0.423229  
   221     0.127200     0.422818  
   222     0.126510     0.422445  
   223     0.125779     0.422624  
   224     0.125110     0.422623  
   225     0.124471     0.422582  
   226     0.123741     0.422625  
   227     0.123082     0.422526  
   228     0.122406     0.422441  
   229     0.121740     0.422064  
   230     0.121151     0.422027  
   231     0.120533     0.421682  
   232     0.119914     0.421403  
   233     0.119309     0.421255  
   234     0.118687     0.421107  
   235     0.118057     0.420900  
   236     0.117453     0.420484  
   237     0.116837     0.420406  
   238     0.116241     0.420211  
   239     0.115610     0.420112  
   240     0.115010     0.420171  
   241     0.114416     0.419870  
   242     0.113752     0.419583  
   243     0.113219     0.419571  
   244     0.112627     0.419490  
   245     0.112019     0.419488  
   246     0.111419     0.419253  
   247     0.110897     0.418969  
   248     0.110345     0.418978  
   249     0.109783     0.418824  
   250     0.109175     0.418528  
   251     0.108623     0.418348  
   252     0.108042     0.418276  
   253     0.107465     0.418277  
   254     0.106896     0.417852  
   255     0.106319     0.418146  
   256     0.105715     0.417856  
   257     0.105112     0.417584  
   258     0.104568     0.417731  
   259     0.104046     0.417565  
   260     0.103517     0.417433  
   261     0.103024     0.417225  
   262     0.102502     0.417029  
   263     0.101996     0.416915  
   264     0.101461     0.416885  
   265     0.100986     0.416783  
   266     0.100434     0.416745  
   267     0.099891     0.416583  
   268     0.099424     0.416565  
   269     0.098901     0.416516  
   270     0.098350     0.416321  
   271     0.097811     0.416144  
   272     0.097367     0.416029  
   273     0.096876     0.415796  
   274     0.096398     0.415588  
   275     0.095881     0.415486  
   276     0.095374     0.415554  
   277     0.094912     0.415489  
   278     0.094443     0.415432  
   279     0.093924     0.414974  
   280     0.093442     0.414939  
   281     0.092901     0.414667  
   282     0.092408     0.414591  
   283     0.091954     0.414463  
   284     0.091535     0.414391  
   285     0.091081     0.414217  
   286     0.090577     0.414223  
   287     0.090154     0.414018  
   288     0.089665     0.414009  
   289     0.089197     0.413786  
   290     0.088735     0.413687  
   291     0.088268     0.413751  
   292     0.087855     0.413771  
   293     0.087451     0.413675  
   294     0.087028     0.413521  
   295     0.086603     0.413363  
   296     0.086184     0.413419  
   297     0.085776     0.413557  
   298     0.085367     0.413325  
   299     0.084938     0.413235  
   300     0.084506     0.413017  
   301     0.084052     0.412915  
   302     0.083648     0.412890  
   303     0.083211     0.412666  
   304     0.082834     0.412724  
   305     0.082442     0.412631  
   306     0.082002     0.412598  
   307     0.081591     0.412441  
   308     0.081196     0.412270  
   309     0.080790     0.412255  
   310     0.080375     0.412239  
   311     0.079986     0.412274  
   312     0.079561     0.412160  
   313     0.079187     0.411951  
   314     0.078801     0.411748  
   315     0.078415     0.411765  
   316     0.078025     0.411446  
   317     0.077631     0.411318  
   318     0.077229     0.411170  
   319     0.076832     0.411200  
   320     0.076451     0.411088  
   321     0.076060     0.411121  
   322     0.075685     0.411134  
   323     0.075318     0.411168  
   324     0.074903     0.411072  
   325     0.074516     0.410892  
   326     0.074189     0.410943  
   327     0.073860     0.410794  
   328     0.073501     0.410659  
   329     0.073134     0.410674  
   330     0.072786     0.410748  
   331     0.072388     0.410566  
   332     0.072082     0.410469  
   333     0.071762     0.410381  
   334     0.071442     0.410278  
   335     0.071113     0.410093  
   336     0.070740     0.410125  
   337     0.070414     0.410108  
   338     0.070042     0.410011  
   339     0.069708     0.409866  
   340     0.069357     0.409754  
   341     0.069043     0.409672  
   342     0.068739     0.409577  
   343     0.068433     0.409473  
   344     0.068102     0.409412  
   345     0.067788     0.409263  
   346     0.067454     0.409347  
   347     0.067141     0.409271  
   348     0.066838     0.409226  
   349     0.066534     0.409183  
   350     0.066209     0.409102  
   351     0.065918     0.409090  
   352     0.065577     0.409146  
   353     0.065263     0.408991  
   354     0.064938     0.408938  
   355     0.064603     0.408917  
   356     0.064284     0.408857  
   357     0.063949     0.408757  
   358     0.063684     0.408820  
   359     0.063374     0.408701  
   360     0.063082     0.408604  
   361     0.062798     0.408519  
   362     0.062506     0.408520  
   363     0.062202     0.408519  
   364     0.061888     0.408539  
   365     0.061612     0.408396  
   366     0.061298     0.408348  
   367     0.060983     0.408243  
   368     0.060683     0.408236  
   369     0.060394     0.408208  
   370     0.060102     0.408099  
   371     0.059820     0.408024  
   372     0.059564     0.408018  
   373     0.059281     0.407932  
   374     0.059001     0.407907  
   375     0.058700     0.407947  
   376     0.058445     0.408001  
   377     0.058170     0.407911  
   378     0.057889     0.407965  
   379     0.057608     0.407940  
   380     0.057351     0.407939  
   381     0.057078     0.407864  
   382     0.056784     0.407875  
   383     0.056509     0.407823  
   384     0.056223     0.407911  
   385     0.055966     0.407840  
   386     0.055683     0.407689  
   387     0.055447     0.407550  
   388     0.055175     0.407575  
   389     0.054907     0.407447  
   390     0.054656     0.407345  
   391     0.054390     0.407342  
   392     0.054129     0.407344  
   393     0.053868     0.407077  
   394     0.053625     0.407095  
   395     0.053371     0.407114  
   396     0.053123     0.406996  
   397     0.052867     0.406903  
   398     0.052639     0.406954  
   399     0.052397     0.406718  
   400     0.052146     0.406673  
   401     0.051928     0.406659  
   402     0.051665     0.406595  
   403     0.051412     0.406512  
   404     0.051188     0.406526  
   405     0.050956     0.406413  
   406     0.050718     0.406450  
   407     0.050492     0.406457  
   408     0.050271     0.406614  
   409     0.050024     0.406536  
   410     0.049808     0.406447  
   411     0.049559     0.406367  
   412     0.049332     0.406400  
   413     0.049094     0.406308  
   414     0.048870     0.406226  
   415     0.048634     0.406012  
   416     0.048407     0.405897  
   417     0.048188     0.405852  
   418     0.047951     0.405947  
   419     0.047715     0.405912  
   420     0.047490     0.405877  
   421     0.047261     0.405939  
   422     0.047058     0.405919  
   423     0.046844     0.405940  
   424     0.046627     0.406001  
   425     0.046417     0.406076  
   426     0.046210     0.406010  
   427     0.046011     0.406082  
   428     0.045807     0.405879  
   429     0.045597     0.405949  
   430     0.045385     0.405975  
   431     0.045199     0.405958  
   432     0.045010     0.406047  
   433     0.044805     0.405953  
   434     0.044603     0.405863  
   435     0.044423     0.405837  
   436     0.044202     0.405748  
   437     0.044023     0.405742  
   438     0.043808     0.405592  
   439     0.043617     0.405633  
   440     0.043421     0.405629  
   441     0.043242     0.405566  
   442     0.043052     0.405612  
   443     0.042848     0.405655  
   444     0.042645     0.405554  
   445     0.042472     0.405475  
   446     0.042272     0.405404  
   447     0.042069     0.405446  
   448     0.041872     0.405515  
   449     0.041673     0.405459  
   450     0.041482     0.405403  
   451     0.041288     0.405151  
   452     0.041100     0.405165  
   453     0.040923     0.405102  
   454     0.040733     0.405106  
   455     0.040538     0.404952  
   456     0.040339     0.405008  
   457     0.040156     0.405090  
   458     0.039991     0.405051  
   459     0.039787     0.404921  
   460     0.039621     0.404796  
   461     0.039456     0.404778  
   462     0.039256     0.404772  
   463     0.039056     0.404641  
   464     0.038860     0.404592  
   465     0.038693     0.404549  
   466     0.038524     0.404588  
   467     0.038332     0.404633  
   468     0.038166     0.404598  
   469     0.037991     0.404633  
   470     0.037810     0.404542  
   471     0.037629     0.404500  
   472     0.037453     0.404497  
   473     0.037285     0.404450  
   474     0.037119     0.404405  
   475     0.036955     0.404380  
   476     0.036791     0.404311  
   477     0.036633     0.404304  
   478     0.036475     0.404268  
   479     0.036299     0.404092  
   480     0.036128     0.404054  
   481     0.035964     0.404047  
   482     0.035798     0.404086  
   483     0.035640     0.404004  
   484     0.035493     0.403943  
   485     0.035344     0.404027  
   486     0.035181     0.404028  
   487     0.035025     0.404002  
   488     0.034880     0.403920  
   489     0.034712     0.403912  
   490     0.034574     0.403815  
   491     0.034417     0.403787  
   492     0.034266     0.403694  
   493     0.034108     0.403569  
   494     0.033953     0.403434  
   495     0.033816     0.403383  
   496     0.033666     0.403386  
   497     0.033516     0.403452  
   498     0.033364     0.403411  
   499     0.033202     0.403321  
   500     0.033039     0.403201  
   501     0.032881     0.403110  
   502     0.032743     0.403180  
   503     0.032593     0.403124  
   504     0.032453     0.403118  
   505     0.032318     0.403024  
   506     0.032191     0.402993  
   507     0.032050     0.402974  
   508     0.031918     0.403009  
   509     0.031768     0.403009  
   510     0.031619     0.403038  
   511     0.031474     0.403005  
   512     0.031334     0.403040  
   513     0.031199     0.403034  
   514     0.031068     0.403021  
   515     0.030935     0.403069  
   516     0.030791     0.403089  
   517     0.030659     0.403038  
   518     0.030516     0.402937  
   519     0.030390     0.402854  
   520     0.030265     0.402889  
   521     0.030128     0.402856  
   522     0.029994     0.402758  
   523     0.029863     0.402774  
   524     0.029728     0.402779  
   525     0.029592     0.402852  
   526     0.029463     0.402847  
   527     0.029333     0.402976  
   528     0.029217     0.402870  
   529     0.029090     0.402775  
   530     0.028955     0.402643  
   531     0.028824     0.402518  
   532     0.028695     0.402491  
   533     0.028580     0.402575  
   534     0.028449     0.402504  
   535     0.028315     0.402412  
   536     0.028184     0.402502  
   537     0.028073     0.402419  
   538     0.027951     0.402450  
   539     0.027823     0.402391  
   540     0.027696     0.402351  
   541     0.027565     0.402368  
   542     0.027453     0.402371  
   543     0.027325     0.402325  
   544     0.027208     0.402406  
   545     0.027080     0.402478  
   546     0.026963     0.402444  
   547     0.026847     0.402374  
   548     0.026720     0.402290  
   549     0.026595     0.402233  
   550     0.026477     0.402306  
   551     0.026359     0.402280  
   552     0.026240     0.402373  
   553     0.026114     0.402271  
   554     0.025991     0.402404  
   555     0.025877     0.402348  
   556     0.025762     0.402369  
   557     0.025644     0.402283  
   558     0.025544     0.402325  
   559     0.025428     0.402443  
   560     0.025310     0.402461  
   561     0.025200     0.402345  
   562     0.025086     0.402364  
   563     0.024978     0.402410  
   564     0.024866     0.402365  
   565     0.024751     0.402342  
   566     0.024654     0.402405  
   567     0.024531     0.402326  
   568     0.024421     0.402254  
   569     0.024321     0.402236  
   570     0.024225     0.402156  
   571     0.024120     0.402177  
   572     0.024023     0.402223  
   573     0.023923     0.402214  
   574     0.023811     0.402243  
   575     0.023715     0.402282  
   576     0.023609     0.402248  
   577     0.023494     0.402306  
   578     0.023387     0.402248  
   579     0.023285     0.402227  
   580     0.023183     0.402143  
   581     0.023088     0.402013  
   582     0.022995     0.402048  
   583     0.022893     0.402053  
   584     0.022802     0.402053  
   585     0.022711     0.402052  
   586     0.022625     0.402050  
   587     0.022537     0.402095  
   588     0.022440     0.402137  
   589     0.022335     0.402139  
   590     0.022238     0.402133  
   591     0.022132     0.402129  
   592     0.022033     0.402094  
   593     0.021936     0.402042  
   594     0.021841     0.402062  
   595     0.021736     0.401963  
   596     0.021641     0.401963  
   597     0.021550     0.401970  
   598     0.021457     0.401896  
   599     0.021369     0.401964  
   600     0.021280     0.401972  
   601     0.021177     0.401943  
   602     0.021076     0.401945  
   603     0.020991     0.401975  
   604     0.020895     0.401900  
   605     0.020801     0.401957  
   606     0.020703     0.401930  
   607     0.020611     0.401942  
   608     0.020514     0.401858  
   609     0.020424     0.401812  
   610     0.020333     0.401791  
   611     0.020243     0.401858  
   612     0.020156     0.401777  
   613     0.020073     0.401702  
   614     0.019982     0.401709  
   615     0.019904     0.401760  
   616     0.019812     0.401681  
   617     0.019730     0.401688  
   618     0.019635     0.401624  
   619     0.019560     0.401595  
   620     0.019478     0.401617  
   621     0.019392     0.401659  
   622     0.019303     0.401587  
   623     0.019216     0.401549  
   624     0.019130     0.401595  
   625     0.019051     0.401529  
   626     0.018970     0.401481  
   627     0.018892     0.401434  
   628     0.018808     0.401447  
   629     0.018724     0.401373  
   630     0.018638     0.401304  
   631     0.018563     0.401258  
   632     0.018489     0.401187  
   633     0.018406     0.401149  
   634     0.018325     0.401152  
   635     0.018239     0.401103  
   636     0.018168     0.401091  
   637     0.018091     0.401107  
   638     0.018015     0.401096  
   639     0.017933     0.401122  
   640     0.017860     0.401106  
   641     0.017782     0.401032  
   642     0.017705     0.401061  
   643     0.017630     0.401090  
   644     0.017552     0.401171  
   645     0.017474     0.401123  
   646     0.017400     0.401133  
   647     0.017331     0.401100  
   648     0.017256     0.401060  
   649     0.017187     0.401043  
   650     0.017112     0.401041  
   651     0.017037     0.401024  
   652     0.016962     0.401037  
   653     0.016894     0.401056  
   654     0.016816     0.400966  
   655     0.016740     0.400972  
   656     0.016664     0.400993  
   657     0.016599     0.400958  
   658     0.016527     0.400931  
   659     0.016452     0.400953  
   660     0.016389     0.400955  
   661     0.016316     0.400977  
   662     0.016243     0.400962  
   663     0.016162     0.400980  
   664     0.016093     0.400949  
   665     0.016028     0.400947  
   666     0.015962     0.400908  
   667     0.015905     0.400843  
   668     0.015841     0.400816  
   669     0.015772     0.400821  
   670     0.015702     0.400794  
   671     0.015638     0.400800  
   672     0.015572     0.400820  
   673     0.015502     0.400881  
   674     0.015443     0.400936  
   675     0.015376     0.401041  
   676     0.015309     0.401036  
   677     0.015251     0.401031  
   678     0.015186     0.401117  
   679     0.015120     0.401024  
   680     0.015051     0.401031  
   681     0.014984     0.401029  
   682     0.014918     0.401056  
   683     0.014850     0.401029  
   684     0.014789     0.400968  
   685     0.014727     0.400968  
   686     0.014666     0.400984  
   687     0.014599     0.400900  
   688     0.014541     0.400769  
   689     0.014487     0.400732  
   690     0.014421     0.400742  
   691     0.014353     0.400743  
   692     0.014289     0.400725  
   693     0.014222     0.400758  
   694     0.014163     0.400730  
   695     0.014106     0.400734  
   696     0.014045     0.400795  
   697     0.013980     0.400792  
   698     0.013931     0.400788  
   699     0.013871     0.400710  
   700     0.013810     0.400704  
   701     0.013754     0.400678  
   702     0.013696     0.400665  
   703     0.013633     0.400674  
   704     0.013572     0.400705  
   705     0.013510     0.400680  
   706     0.013455     0.400638  
   707     0.013392     0.400630  
   708     0.013333     0.400579  
   709     0.013281     0.400541  
   710     0.013236     0.400563  
   711     0.013185     0.400604  
   712     0.013129     0.400623  
   713     0.013070     0.400577  
   714     0.013017     0.400620  
   715     0.012954     0.400617  
   716     0.012894     0.400580  
   717     0.012845     0.400539  
   718     0.012794     0.400545  
   719     0.012740     0.400572  
   720     0.012683     0.400565  
   721     0.012627     0.400580  
   722     0.012575     0.400532  
   723     0.012520     0.400486  
   724     0.012463     0.400416  
   725     0.012403     0.400472  
   726     0.012353     0.400482  
   727     0.012293     0.400476  
   728     0.012240     0.400484  
   729     0.012187     0.400488  
   730     0.012138     0.400522  
   731     0.012088     0.400579  
   732     0.012039     0.400491  
   733     0.011989     0.400444  
   734     0.011930     0.400435  
   735     0.011877     0.400370  
   736     0.011828     0.400327  
   737     0.011782     0.400379  
   738     0.011735     0.400354  
   739     0.011686     0.400354  
   740     0.011636     0.400323  
   741     0.011588     0.400343  
   742     0.011540     0.400346  
   743     0.011492     0.400344  
   744     0.011440     0.400358  
   745     0.011393     0.400332  
   746     0.011348     0.400382  
   747     0.011299     0.400351  
   748     0.011250     0.400332  
   749     0.011205     0.400354  
   750     0.011155     0.400337  
   751     0.011104     0.400279  
   752     0.011058     0.400307  
   753     0.011013     0.400342  
   754     0.010963     0.400293  
   755     0.010914     0.400266  
   756     0.010862     0.400188  
   757     0.010814     0.400167  
   758     0.010767     0.400143  
   759     0.010727     0.400119  
   760     0.010686     0.400087  
   761     0.010639     0.400135  
   762     0.010595     0.400172  
   763     0.010551     0.400146  
   764     0.010508     0.400059  
   765     0.010460     0.400115  
   766     0.010416     0.400111  
   767     0.010367     0.400116  
   768     0.010324     0.400072  
   769     0.010278     0.400094  
   770     0.010238     0.400094  
   771     0.010194     0.400102  
   772     0.010153     0.400147  
   773     0.010111     0.400117  
   774     0.010071     0.400141  
   775     0.010029     0.400112  
   776     0.009991     0.400113  
   777     0.009948     0.400110  
   778     0.009911     0.400068  
   779     0.009869     0.400054  
   780     0.009827     0.400009  
   781     0.009783     0.399979  
   782     0.009748     0.399948  
   783     0.009710     0.399933  
   784     0.009668     0.399941  
   785     0.009623     0.399927  
   786     0.009583     0.399915  
   787     0.009540     0.399944  
   788     0.009508     0.399915  
   789     0.009468     0.399921  
   790     0.009430     0.399914  
   791     0.009391     0.399904  
   792     0.009347     0.399948  
   793     0.009307     0.399934  
   794     0.009265     0.399888  
   795     0.009225     0.399889  
   796     0.009184     0.399864  
   797     0.009145     0.399838  
   798     0.009113     0.399899  
   799     0.009077     0.399951  
   800     0.009044     0.399925  
   801     0.009008     0.399887  
   802     0.008971     0.399853  
   803     0.008935     0.399869  
   804     0.008896     0.399805  
   805     0.008861     0.399775  
   806     0.008824     0.399781  
   807     0.008786     0.399782  
   808     0.008751     0.399816  
   809     0.008711     0.399801  
   810     0.008676     0.399805  
   811     0.008638     0.399756  
   812     0.008602     0.399741  
   813     0.008571     0.399751  
   814     0.008532     0.399717  
   815     0.008499     0.399701  
   816     0.008462     0.399660  
   817     0.008428     0.399665  
   818     0.008395     0.399646  
   819     0.008361     0.399600  
   820     0.008328     0.399548  
   821     0.008296     0.399496  
   822     0.008259     0.399437  
   823     0.008224     0.399463  
   824     0.008194     0.399505  
   825     0.008162     0.399512  
   826     0.008130     0.399493  
   827     0.008098     0.399516  
   828     0.008061     0.399501  
   829     0.008025     0.399523  
   830     0.007988     0.399456  
   831     0.007956     0.399458  
   832     0.007924     0.399461  
   833     0.007885     0.399457  
   834     0.007851     0.399419  
   835     0.007820     0.399393  
   836     0.007790     0.399399  
   837     0.007757     0.399320  
   838     0.007731     0.399326  
   839     0.007699     0.399230  
   840     0.007666     0.399260  
   841     0.007638     0.399229  
   842     0.007608     0.399196  
   843     0.007574     0.399157  
   844     0.007545     0.399141  
   845     0.007515     0.399157  
   846     0.007483     0.399175  
   847     0.007452     0.399159  
   848     0.007423     0.399178  
   849     0.007393     0.399194  
   850     0.007363     0.399222  
   851     0.007330     0.399196  
   852     0.007301     0.399152  
   853     0.007270     0.399199  
   854     0.007241     0.399203  
   855     0.007211     0.399185  
   856     0.007182     0.399206  
   857     0.007150     0.399165  
   858     0.007119     0.399187  
   859     0.007090     0.399176  
   860     0.007060     0.399209  
   861     0.007031     0.399186  
   862     0.007002     0.399200  
   863     0.006976     0.399165  
   864     0.006945     0.399117  
   865     0.006916     0.399153  
   866     0.006887     0.399124  
   867     0.006860     0.399158  
   868     0.006831     0.399109  
   869     0.006802     0.399086  
   870     0.006779     0.399053  
   871     0.006749     0.399058  
   872     0.006720     0.399068  
   873     0.006694     0.399120  
   874     0.006669     0.399071  
   875     0.006643     0.399054  
   876     0.006616     0.399013  
   877     0.006591     0.398971  
   878     0.006561     0.398981  
   879     0.006533     0.398938  
   880     0.006507     0.398919  
   881     0.006481     0.398892  
   882     0.006451     0.398914  
   883     0.006425     0.398901  
   884     0.006400     0.398881  
   885     0.006371     0.398851  
   886     0.006344     0.398858  
   887     0.006315     0.398824  
   888     0.006288     0.398806  
   889     0.006263     0.398764  
   890     0.006236     0.398733  
   891     0.006209     0.398723  
   892     0.006185     0.398706  
   893     0.006162     0.398676  
   894     0.006137     0.398683  
   895     0.006112     0.398613  
   896     0.006088     0.398628  
   897     0.006063     0.398597  
   898     0.006038     0.398548  
   899     0.006011     0.398589  
   900     0.005987     0.398503  
   901     0.005962     0.398516  
   902     0.005937     0.398536  
   903     0.005914     0.398578  
   904     0.005890     0.398589  
   905     0.005865     0.398558  
   906     0.005841     0.398536  
   907     0.005816     0.398518  
   908     0.005793     0.398490  
   909     0.005766     0.398493  
   910     0.005743     0.398487  
   911     0.005717     0.398517  
   912     0.005695     0.398483  
   913     0.005672     0.398528  
   914     0.005652     0.398523  
   915     0.005629     0.398586  
   916     0.005608     0.398617  
   917     0.005584     0.398629  
   918     0.005562     0.398617  
   919     0.005541     0.398610  
   920     0.005518     0.398664  
   921     0.005494     0.398666  
   922     0.005474     0.398705  
   923     0.005454     0.398677  
   924     0.005432     0.398629  
   925     0.005410     0.398584  
   926     0.005389     0.398559  
   927     0.005367     0.398472  
   928     0.005347     0.398447  
   929     0.005326     0.398417  
   930     0.005305     0.398397  
   931     0.005285     0.398384  
   932     0.005263     0.398308  
   933     0.005240     0.398270  
   934     0.005216     0.398254  
   935     0.005191     0.398240  
   936     0.005171     0.398213  
   937     0.005152     0.398158  
   938     0.005128     0.398139  
   939     0.005109     0.398115  
   940     0.005087     0.398077  
   941     0.005068     0.398104  
   942     0.005046     0.398105  
   943     0.005027     0.398126  
   944     0.005005     0.398175  
   945     0.004985     0.398166  
   946     0.004964     0.398143  
   947     0.004944     0.398132  
   948     0.004923     0.398145  
   949     0.004905     0.398143  
   950     0.004886     0.398152  
   951     0.004865     0.398167  
   952     0.004846     0.398167  
   953     0.004826     0.398187  
   954     0.004806     0.398215  
   955     0.004787     0.398228  
   956     0.004768     0.398225  
   957     0.004749     0.398214  
   958     0.004731     0.398246  
   959     0.004711     0.398275  
   960     0.004693     0.398286  
   961     0.004673     0.398299  
   962     0.004656     0.398287  
   963     0.004638     0.398220  
   964     0.004617     0.398228  
   965     0.004600     0.398239  
   966     0.004581     0.398249  
   967     0.004566     0.398278  
   968     0.004547     0.398303  
   969     0.004528     0.398305  
   970     0.004511     0.398325  
   971     0.004493     0.398318  
   972     0.004476     0.398331  
   973     0.004458     0.398327  
   974     0.004439     0.398324  
   975     0.004421     0.398296  
   976     0.004401     0.398287  
   977     0.004384     0.398322  
   978     0.004367     0.398335  
   979     0.004351     0.398374  
   980     0.004331     0.398368  
   981     0.004313     0.398342  
   982     0.004296     0.398292  
   983     0.004279     0.398308  
   984     0.004260     0.398288  
   985     0.004242     0.398283  
   986     0.004226     0.398299  
   987     0.004209     0.398323  
   988     0.004189     0.398356  
   989     0.004172     0.398342  
   990     0.004157     0.398326  
   991     0.004141     0.398324  
   992     0.004123     0.398333  
   993     0.004106     0.398355  
   994     0.004088     0.398333  
   995     0.004071     0.398325  
   996     0.004056     0.398286  
   997     0.004039     0.398261  
   998     0.004022     0.398260  
   999     0.004004     0.398253  
  1000     0.003987     0.398263  
  1001     0.003970     0.398285  
  1002     0.003952     0.398319  
  1003     0.003935     0.398307  
  1004     0.003919     0.398311  
  1005     0.003903     0.398298  
  1006     0.003887     0.398300  
  1007     0.003871     0.398299  
  1008     0.003857     0.398302  
  1009     0.003842     0.398320  
  1010     0.003828     0.398287  
  1011     0.003814     0.398264  
  1012     0.003797     0.398246  
  1013     0.003782     0.398238  
  1014     0.003767     0.398228  
  1015     0.003752     0.398238  
  1016     0.003738     0.398239  
  1017     0.003723     0.398231  
  1018     0.003708     0.398218  
  1019     0.003692     0.398183  
  1020     0.003676     0.398159  
  1021     0.003661     0.398122  
  1022     0.003647     0.398107  
  1023     0.003630     0.398078  
  1024     0.003615     0.398098  
  1025     0.003599     0.398080  
  1026     0.003585     0.398066  
  1027     0.003570     0.398057  
  1028     0.003554     0.398062  
  1029     0.003542     0.398040  
  1030     0.003526     0.398017  
  1031     0.003514     0.398053  
  1032     0.003500     0.398036  
  1033     0.003486     0.398025  
  1034     0.003471     0.398000  
  1035     0.003456     0.397991  
  1036     0.003444     0.397995  
  1037     0.003431     0.398011  
  1038     0.003418     0.398042  
  1039     0.003403     0.398043  
  1040     0.003389     0.398044  
  1041     0.003377     0.398035  
  1042     0.003362     0.398006  
  1043     0.003350     0.398021  
  1044     0.003336     0.397965  
  1045     0.003322     0.397996  
  1046     0.003308     0.398003  
  1047     0.003294     0.397970  
  1048     0.003280     0.397945  
  1049     0.003268     0.397925  
  1050     0.003254     0.397931  
  1051     0.003242     0.397951  
  1052     0.003229     0.397969  
  1053     0.003217     0.397974  
  1054     0.003203     0.397972  
  1055     0.003190     0.397956  
  1056     0.003176     0.397957  
  1057     0.003163     0.397923  
  1058     0.003150     0.397952  
  1059     0.003134     0.397972  
  1060     0.003122     0.397925  
  1061     0.003110     0.397923  
  1062     0.003098     0.397920  
  1063     0.003084     0.397916  
  1064     0.003072     0.397908  
  1065     0.003059     0.397903  
  1066     0.003047     0.397917  
  1067     0.003035     0.397905  
  1068     0.003024     0.397891  
  1069     0.003012     0.397897  
  1070     0.002998     0.397894  
  1071     0.002987     0.397853  
  1072     0.002977     0.397854  
  1073     0.002964     0.397852  
  1074     0.002952     0.397876  
  1075     0.002938     0.397878  
  1076     0.002926     0.397886  
  1077     0.002915     0.397911  
  1078     0.002903     0.397882  
  1079     0.002891     0.397867  
  1080     0.002880     0.397848  
  1081     0.002869     0.397860  
  1082     0.002856     0.397832  
  1083     0.002843     0.397855  
  1084     0.002833     0.397853  
  1085     0.002821     0.397892  
  1086     0.002810     0.397932  
  1087     0.002799     0.397912  
  1088     0.002788     0.397919  
  1089     0.002778     0.397900  
  1090     0.002767     0.397907  
  1091     0.002756     0.397881  
  1092     0.002745     0.397922  
  1093     0.002734     0.397938  
  1094     0.002722     0.397915  
  1095     0.002711     0.397915  
  1096     0.002700     0.397881  
  1097     0.002690     0.397869  
  1098     0.002679     0.397850  
  1099     0.002670     0.397857  
  1100     0.002659     0.397851  
  1101     0.002649     0.397861  
  1102     0.002638     0.397855  
  1103     0.002627     0.397826  
  1104     0.002616     0.397821  
  1105     0.002607     0.397821  
  1106     0.002596     0.397825  
  1107     0.002587     0.397819  
  1108     0.002578     0.397797  
  1109     0.002568     0.397803  
  1110     0.002559     0.397769  
  1111     0.002549     0.397760  
  1112     0.002539     0.397747  
  1113     0.002529     0.397763  
  1114     0.002519     0.397774  
  1115     0.002510     0.397787  
  1116     0.002500     0.397785  
  1117     0.002490     0.397750  
  1118     0.002481     0.397753  
  1119     0.002472     0.397761  
  1120     0.002463     0.397759  
  1121     0.002453     0.397749  
  1122     0.002443     0.397747  
  1123     0.002434     0.397743  
  1124     0.002425     0.397727  
  1125     0.002417     0.397713  
  1126     0.002407     0.397726  
  1127     0.002398     0.397731  
  1128     0.002387     0.397732  
  1129     0.002377     0.397735  
  1130     0.002369     0.397733  
  1131     0.002359     0.397732  
  1132     0.002350     0.397744  
  1133     0.002341     0.397722  
  1134     0.002330     0.397735  
  1135     0.002321     0.397716  
  1136     0.002312     0.397726  
  1137     0.002303     0.397715  
  1138     0.002294     0.397703  
  1139     0.002285     0.397723  
  1140     0.002275     0.397714  
  1141     0.002266     0.397688  
  1142     0.002258     0.397685  
  1143     0.002249     0.397678  
  1144     0.002240     0.397684  
  1145     0.002231     0.397690  
  1146     0.002222     0.397672  
  1147     0.002213     0.397670  
  1148     0.002204     0.397679  
  1149     0.002196     0.397674  
  1150     0.002186     0.397650  
  1151     0.002178     0.397633  
  1152     0.002170     0.397620  
  1153     0.002162     0.397633  
  1154     0.002154     0.397646  
  1155     0.002145     0.397634  
  1156     0.002136     0.397644  
  1157     0.002128     0.397639  
  1158     0.002119     0.397646  
  1159     0.002111     0.397652  
  1160     0.002103     0.397664  
  1161     0.002095     0.397653  
  1162     0.002087     0.397670  
  1163     0.002078     0.397674  
  1164     0.002070     0.397657  
  1165     0.002062     0.397636  
  1166     0.002054     0.397624  
  1167     0.002047     0.397633  
  1168     0.002038     0.397620  
  1169     0.002030     0.397637  
  1170     0.002022     0.397624  
  1171     0.002014     0.397613  
  1172     0.002006     0.397612  
  1173     0.001997     0.397633  
  1174     0.001989     0.397630  
  1175     0.001980     0.397624  
  1176     0.001973     0.397644  
  1177     0.001964     0.397638  
  1178     0.001958     0.397630  
  1179     0.001951     0.397607  
  1180     0.001944     0.397611  
  1181     0.001936     0.397624  
  1182     0.001929     0.397632  
  1183     0.001921     0.397633  
  1184     0.001913     0.397622  
  1185     0.001904     0.397629  
  1186     0.001897     0.397639  
  1187     0.001890     0.397648  
  1188     0.001883     0.397646  
  1189     0.001876     0.397634  
  1190     0.001868     0.397652  
  1191     0.001861     0.397655  
  1192     0.001854     0.397671  
  1193     0.001847     0.397674  
  1194     0.001840     0.397697  
  1195     0.001832     0.397705  
  1196     0.001825     0.397695  
  1197     0.001818     0.397681  
  1198     0.001811     0.397664  
  1199     0.001803     0.397675  
  1200     0.001796     0.397652  
  1201     0.001789     0.397638  
  1202     0.001782     0.397646  
  1203     0.001774     0.397636  
  1204     0.001767     0.397645  
  1205     0.001760     0.397624  
  1206     0.001753     0.397606  
  1207     0.001747     0.397591  
  1208     0.001740     0.397585  
  1209     0.001733     0.397611  
  1210     0.001728     0.397615  
  1211     0.001721     0.397622  
  1212     0.001714     0.397617  
  1213     0.001707     0.397613  
  1214     0.001701     0.397612  
  1215     0.001694     0.397607  
  1216     0.001688     0.397600  
  1217     0.001681     0.397612  
  1218     0.001674     0.397604  
  1219     0.001668     0.397598  
  1220     0.001661     0.397575  
  1221     0.001654     0.397585  
  1222     0.001648     0.397567  
  1223     0.001641     0.397559  
  1224     0.001635     0.397585  
  1225     0.001628     0.397584  
  1226     0.001622     0.397596  
  1227     0.001616     0.397592  
  1228     0.001609     0.397564  
  1229     0.001602     0.397561  
  1230     0.001596     0.397547  
  1231     0.001589     0.397549  
  1232     0.001583     0.397558  
  1233     0.001577     0.397534  
  1234     0.001570     0.397546  
  1235     0.001565     0.397545  
  1236     0.001558     0.397521  
  1237     0.001551     0.397504  
  1238     0.001546     0.397487  
  1239     0.001539     0.397481  
  1240     0.001533     0.397481  
  1241     0.001527     0.397481  
  1242     0.001521     0.397486  
  1243     0.001515     0.397493  
  1244     0.001509     0.397494  
  1245     0.001503     0.397485  
  1246     0.001497     0.397471  
  1247     0.001491     0.397465  
  1248     0.001485     0.397434  
  1249     0.001479     0.397443  
  1250     0.001473     0.397431  
  1251     0.001467     0.397422  
  1252     0.001461     0.397402  
  1253     0.001455     0.397417  
  1254     0.001450     0.397421  
  1255     0.001445     0.397404  
  1256     0.001438     0.397395  
  1257     0.001433     0.397398  
  1258     0.001427     0.397397  
  1259     0.001421     0.397383  
  1260     0.001415     0.397410  
  1261     0.001409     0.397399  
  1262     0.001404     0.397390  
  1263     0.001399     0.397398  
  1264     0.001393     0.397391  
  1265     0.001387     0.397391  
  1266     0.001382     0.397401  
  1267     0.001376     0.397411  
  1268     0.001371     0.397405  
  1269     0.001365     0.397426  
  1270     0.001360     0.397428  
  1271     0.001354     0.397429  
  1272     0.001348     0.397431  
  1273     0.001343     0.397435  
  1274     0.001337     0.397458  
  1275     0.001332     0.397453  
  1276     0.001327     0.397464  
  1277     0.001322     0.397475  
  1278     0.001317     0.397467  
  1279     0.001311     0.397452  
  1280     0.001306     0.397438  
  1281     0.001301     0.397443  
  1282     0.001296     0.397421  
  1283     0.001291     0.397405  
  1284     0.001286     0.397389  
  1285     0.001281     0.397378  
  1286     0.001276     0.397370  
  1287     0.001271     0.397382  
  1288     0.001266     0.397363  
  1289     0.001261     0.397384  
  1290     0.001256     0.397377  
  1291     0.001251     0.397382  
  1292     0.001247     0.397374  
  1293     0.001242     0.397356  
  1294     0.001237     0.397369  
  1295     0.001233     0.397369  
  1296     0.001228     0.397370  
  1297     0.001223     0.397382  
  1298     0.001218     0.397375  
  1299     0.001214     0.397371  
  1300     0.001209     0.397360  
  1301     0.001204     0.397366  
  1302     0.001200     0.397362  
  1303     0.001195     0.397367  
  1304     0.001190     0.397339  
  1305     0.001185     0.397359  
  1306     0.001181     0.397368  
  1307     0.001176     0.397355  
  1308     0.001172     0.397365  
  1309     0.001168     0.397362  
  1310     0.001163     0.397370  
  1311     0.001158     0.397359  
  1312     0.001154     0.397357  
  1313     0.001149     0.397359  
  1314     0.001144     0.397379  
  1315     0.001140     0.397380  
  1316     0.001135     0.397377  
  1317     0.001131     0.397390  
  1318     0.001126     0.397390  
  1319     0.001122     0.397378  
  1320     0.001118     0.397367  
  1321     0.001114     0.397346  
  1322     0.001109     0.397319  
  1323     0.001105     0.397328  
  1324     0.001101     0.397330  
  1325     0.001096     0.397324  
  1326     0.001092     0.397307  
  1327     0.001088     0.397293  
  1328     0.001084     0.397286  
  1329     0.001080     0.397277  
  1330     0.001076     0.397277  
  1331     0.001072     0.397279  
  1332     0.001068     0.397273  
  1333     0.001064     0.397279  
  1334     0.001060     0.397280  
  1335     0.001056     0.397290  
  1336     0.001052     0.397276  
  1337     0.001047     0.397276  
  1338     0.001043     0.397270  
  1339     0.001039     0.397261  
  1340     0.001036     0.397260  
  1341     0.001032     0.397279  
  1342     0.001028     0.397270  
  1343     0.001024     0.397266  
  1344     0.001020     0.397271  
  1345     0.001016     0.397267  
  1346     0.001012     0.397260  
  1347     0.001008     0.397250  
  1348     0.001004     0.397258  
  1349     0.001000     0.397266  
  1350     0.000996     0.397272  
  1351     0.000992     0.397271  
  1352     0.000988     0.397276  
  1353     0.000984     0.397281  
  1354     0.000981     0.397282  
  1355     0.000977     0.397256  
  1356     0.000974     0.397261  
  1357     0.000970     0.397263  
  1358     0.000966     0.397258  
  1359     0.000962     0.397248  
  1360     0.000958     0.397227  
  1361     0.000954     0.397217  
  1362     0.000951     0.397218  
  1363     0.000947     0.397211  
  1364     0.000944     0.397232  
  1365     0.000940     0.397241  
  1366     0.000936     0.397245  
  1367     0.000933     0.397235  
  1368     0.000929     0.397215  
  1369     0.000925     0.397217  
  1370     0.000921     0.397223  
  1371     0.000918     0.397229  
  1372     0.000914     0.397240  
  1373     0.000911     0.397238  
  1374     0.000908     0.397225  
  1375     0.000905     0.397214  
  1376     0.000901     0.397231  
  1377     0.000897     0.397245  
  1378     0.000893     0.397250  
  1379     0.000890     0.397251  
  1380     0.000887     0.397247  
  1381     0.000884     0.397241  
  1382     0.000880     0.397232  
  1383     0.000877     0.397222  
  1384     0.000874     0.397220  
  1385     0.000870     0.397204  
  1386     0.000867     0.397195  
  1387     0.000863     0.397202  
  1388     0.000860     0.397209  
  1389     0.000857     0.397217  
  1390     0.000854     0.397221  
  1391     0.000850     0.397209  
  1392     0.000847     0.397219  
  1393     0.000844     0.397220  
  1394     0.000841     0.397206  
  1395     0.000838     0.397214  
  1396     0.000834     0.397220  
  1397     0.000830     0.397228  
  1398     0.000827     0.397216  
  1399     0.000824     0.397221  
  1400     0.000821     0.397206  
  1401     0.000818     0.397205  
  1402     0.000815     0.397212  
  1403     0.000811     0.397230  
  1404     0.000808     0.397236  
  1405     0.000805     0.397231  
  1406     0.000801     0.397233  
  1407     0.000798     0.397226  
  1408     0.000795     0.397217  
  1409     0.000792     0.397213  
  1410     0.000789     0.397198  
  1411     0.000786     0.397184  
  1412     0.000783     0.397196  
  1413     0.000780     0.397196  
  1414     0.000777     0.397204  
  1415     0.000775     0.397207  
  1416     0.000772     0.397203  
  1417     0.000769     0.397197  
  1418     0.000766     0.397194  
  1419     0.000763     0.397189  
  1420     0.000759     0.397186  
  1421     0.000756     0.397187  
  1422     0.000753     0.397197  
  1423     0.000750     0.397195  
  1424     0.000747     0.397194  
  1425     0.000744     0.397192  
  1426     0.000741     0.397186  
  1427     0.000739     0.397202  
  1428     0.000736     0.397192  
  1429     0.000733     0.397176  
  1430     0.000730     0.397173  
  1431     0.000727     0.397162  
  1432     0.000724     0.397162  
  1433     0.000721     0.397157  
  1434     0.000718     0.397161  
  1435     0.000715     0.397149  
  1436     0.000712     0.397141  
  1437     0.000709     0.397145  
  1438     0.000706     0.397147  
  1439     0.000703     0.397160  
  1440     0.000700     0.397160  
  1441     0.000698     0.397152  
  1442     0.000695     0.397148  
  1443     0.000693     0.397156  
  1444     0.000690     0.397146  
  1445     0.000687     0.397161  
  1446     0.000685     0.397172  
  1447     0.000682     0.397171  
  1448     0.000679     0.397170  
  1449     0.000677     0.397168  
  1450     0.000674     0.397172  
  1451     0.000671     0.397171  
  1452     0.000669     0.397166  
  1453     0.000666     0.397149  
  1454     0.000663     0.397154  
  1455     0.000661     0.397156  
  1456     0.000658     0.397152  
  1457     0.000656     0.397162  
  1458     0.000653     0.397157  
  1459     0.000651     0.397160  
  1460     0.000649     0.397150  
  1461     0.000646     0.397146  
  1462     0.000644     0.397143  
  1463     0.000641     0.397133  
  1464     0.000639     0.397128  
  1465     0.000637     0.397136  
  1466     0.000634     0.397128  
  1467     0.000631     0.397121  
  1468     0.000629     0.397126  
  1469     0.000626     0.397127  
  1470     0.000624     0.397126  
  1471     0.000621     0.397122  
  1472     0.000619     0.397131  
  1473     0.000617     0.397145  
  1474     0.000615     0.397149  
  1475     0.000613     0.397142  
  1476     0.000610     0.397141  
  1477     0.000608     0.397142  
  1478     0.000606     0.397134  
  1479     0.000603     0.397136  
  1480     0.000601     0.397140  
  1481     0.000599     0.397139  
  1482     0.000596     0.397141  
  1483     0.000594     0.397135  
  1484     0.000592     0.397144  
  1485     0.000589     0.397145  
  1486     0.000587     0.397147  
  1487     0.000584     0.397142  
  1488     0.000582     0.397143  
  1489     0.000580     0.397141  
  1490     0.000577     0.397132  
  1491     0.000575     0.397129  
  1492     0.000573     0.397131  
  1493     0.000571     0.397123  
  1494     0.000569     0.397124  
  1495     0.000566     0.397127  
  1496     0.000564     0.397133  
  1497     0.000562     0.397138  
  1498     0.000560     0.397134  
  1499     0.000557     0.397127  
  1500     0.000555     0.397136  
  1501     0.000553     0.397140  
  1502     0.000551     0.397144  
  1503     0.000549     0.397133  
  1504     0.000547     0.397119  
  1505     0.000545     0.397126  
  1506     0.000543     0.397132  
  1507     0.000540     0.397130  
  1508     0.000538     0.397126  
  1509     0.000536     0.397132  
  1510     0.000534     0.397131  
  1511     0.000531     0.397122  
  1512     0.000529     0.397132  
  1513     0.000527     0.397138  
  1514     0.000525     0.397122  
  1515     0.000524     0.397116  
  1516     0.000521     0.397104  
  1517     0.000519     0.397104  
  1518     0.000517     0.397115  
  1519     0.000515     0.397106  
  1520     0.000513     0.397107  
  1521     0.000511     0.397112  
  1522     0.000509     0.397117  
  1523     0.000507     0.397127  
  1524     0.000505     0.397124  
  1525     0.000503     0.397130  
  1526     0.000501     0.397136  
  1527     0.000500     0.397147  
  1528     0.000498     0.397139  
  1529     0.000496     0.397133  
  1530     0.000494     0.397135  
  1531     0.000492     0.397131  
  1532     0.000490     0.397127  
  1533     0.000488     0.397128  
  1534     0.000487     0.397129  
  1535     0.000485     0.397123  
  1536     0.000483     0.397124  
  1537     0.000482     0.397134  
  1538     0.000480     0.397126  
  1539     0.000478     0.397112  
  1540     0.000476     0.397111  
  1541     0.000474     0.397113  
  1542     0.000472     0.397118  
  1543     0.000470     0.397119  
  1544     0.000468     0.397123  
  1545     0.000467     0.397121  
  1546     0.000465     0.397128  
  1547     0.000463     0.397117  
  1548     0.000462     0.397108  
  1549     0.000460     0.397110  
  1550     0.000458     0.397128  
  1551     0.000456     0.397116  
  1552     0.000455     0.397123  
  1553     0.000453     0.397130  
  1554     0.000451     0.397126  
  1555     0.000450     0.397113  
  1556     0.000448     0.397114  
  1557     0.000446     0.397111  
  1558     0.000445     0.397106  
  1559     0.000443     0.397114  
  1560     0.000441     0.397129  
  1561     0.000440     0.397120  
  1562     0.000438     0.397122  
  1563     0.000437     0.397130  
  1564     0.000435     0.397127  
  1565     0.000433     0.397131  
  1566     0.000431     0.397137  
  1567     0.000430     0.397128  
  1568     0.000428     0.397129  
  1569     0.000426     0.397124  
  1570     0.000425     0.397122  
  1571     0.000423     0.397121  
  1572     0.000422     0.397124  
  1573     0.000420     0.397131  
  1574     0.000418     0.397124  
  1575     0.000416     0.397131  
  1576     0.000415     0.397136  
  1577     0.000413     0.397130  
  1578     0.000411     0.397132  
  1579     0.000410     0.397136  
  1580     0.000409     0.397127  
  1581     0.000407     0.397126  
  1582     0.000405     0.397114  
  1583     0.000404     0.397116  
  1584     0.000402     0.397128  
  1585     0.000400     0.397135  
  1586     0.000399     0.397128  
  1587     0.000398     0.397128  
  1588     0.000396     0.397128  
  1589     0.000395     0.397128  
  1590     0.000393     0.397118  
  1591     0.000392     0.397114  
  1592     0.000390     0.397108  
  1593     0.000389     0.397109  
  1594     0.000387     0.397096  
  1595     0.000386     0.397094  
  1596     0.000384     0.397097  
  1597     0.000383     0.397098  
  1598     0.000381     0.397081  
  1599     0.000380     0.397082  
  1600     0.000378     0.397082  
  1601     0.000377     0.397072  
  1602     0.000375     0.397062  
  1603     0.000374     0.397061  
  1604     0.000372     0.397064  
  1605     0.000371     0.397067  
  1606     0.000370     0.397071  
  1607     0.000368     0.397076  
  1608     0.000367     0.397082  
  1609     0.000366     0.397083  
  1610     0.000364     0.397087  
  1611     0.000363     0.397092  
  1612     0.000361     0.397077  
  1613     0.000360     0.397076  
  1614     0.000359     0.397073  
  1615     0.000358     0.397071  
  1616     0.000356     0.397075  
  1617     0.000355     0.397066  
  1618     0.000354     0.397065  
  1619     0.000352     0.397055  
  1620     0.000351     0.397050  
  1621     0.000350     0.397052  
  1622     0.000348     0.397049  
  1623     0.000347     0.397044  
  1624     0.000346     0.397044  
  1625     0.000344     0.397046  
  1626     0.000343     0.397037  
  1627     0.000342     0.397034  
  1628     0.000341     0.397041  
  1629     0.000339     0.397044  
  1630     0.000338     0.397046  
  1631     0.000337     0.397046  
  1632     0.000335     0.397043  
  1633     0.000334     0.397047  
  1634     0.000333     0.397047  
  1635     0.000332     0.397047  
  1636     0.000330     0.397045  
  1637     0.000329     0.397049  
  1638     0.000328     0.397048  
  1639     0.000327     0.397050  
  1640     0.000326     0.397041  
  1641     0.000324     0.397041  
  1642     0.000323     0.397033  
  1643     0.000322     0.397022  
  1644     0.000321     0.397028  
  1645     0.000319     0.397025  
  1646     0.000318     0.397022  
  1647     0.000317     0.397020  
  1648     0.000316     0.397023  
  1649     0.000314     0.397016  
  1650     0.000313     0.397010  
  1651     0.000312     0.397010  
  1652     0.000311     0.397005  
  1653     0.000309     0.397002  
  1654     0.000308     0.396997  
  1655     0.000307     0.396993  
  1656     0.000306     0.396994  
  1657     0.000305     0.396999  
  1658     0.000304     0.397009  
  1659     0.000303     0.397009  
  1660     0.000301     0.397001  
  1661     0.000300     0.396993  
  1662     0.000299     0.396993  
  1663     0.000298     0.396985  
  1664     0.000297     0.396979  
  1665     0.000296     0.396986  
  1666     0.000295     0.396989  
  1667     0.000294     0.396990  
  1668     0.000293     0.396987  
  1669     0.000291     0.396990  
  1670     0.000290     0.396986  
  1671     0.000289     0.396979  
  1672     0.000288     0.396970  
  1673     0.000287     0.396981  
  1674     0.000286     0.396989  
  1675     0.000285     0.396987  
  1676     0.000284     0.396992  
  1677     0.000283     0.396995  
  1678     0.000282     0.396994  
  1679     0.000280     0.396987  
  1680     0.000279     0.396979  
  1681     0.000278     0.396984  
  1682     0.000278     0.396984  
  1683     0.000276     0.396991  
  1684     0.000275     0.396986  
  1685     0.000274     0.396988  
  1686     0.000273     0.396985  
  1687     0.000272     0.396991  
  1688     0.000271     0.396997  
  1689     0.000270     0.396994  
  1690     0.000269     0.396987  
  1691     0.000268     0.396986  
  1692     0.000267     0.396982  
  1693     0.000266     0.396987  
  1694     0.000265     0.396983  
  1695     0.000264     0.396976  
  1696     0.000263     0.396969  
  1697     0.000262     0.396967  
  1698     0.000261     0.396966  
  1699     0.000260     0.396963  
  1700     0.000259     0.396967  
  1701     0.000258     0.396965  
  1702     0.000257     0.396963  
  1703     0.000256     0.396960  
  1704     0.000255     0.396960  
  1705     0.000254     0.396956  
  1706     0.000253     0.396960  
  1707     0.000252     0.396955  
  1708     0.000252     0.396961  
  1709     0.000251     0.396969  
  1710     0.000250     0.396966  
  1711     0.000249     0.396971  
  1712     0.000248     0.396968  
  1713     0.000247     0.396956  
  1714     0.000246     0.396960  
  1715     0.000245     0.396957  
  1716     0.000244     0.396955  
  1717     0.000243     0.396955  
  1718     0.000242     0.396966  
  1719     0.000241     0.396962  
  1720     0.000240     0.396967  
  1721     0.000239     0.396956  
  1722     0.000238     0.396948  
  1723     0.000238     0.396957  
  1724     0.000237     0.396952  
  1725     0.000236     0.396948  
  1726     0.000235     0.396950  
  1727     0.000234     0.396937  
  1728     0.000233     0.396924  
  1729     0.000233     0.396920  
  1730     0.000232     0.396917  
  1731     0.000231     0.396912  
  1732     0.000230     0.396906  
  1733     0.000229     0.396898  
  1734     0.000228     0.396893  
  1735     0.000227     0.396895  
  1736     0.000227     0.396897  
  1737     0.000226     0.396895  
  1738     0.000225     0.396891  
  1739     0.000224     0.396888  
  1740     0.000223     0.396893  
  1741     0.000223     0.396893  
  1742     0.000222     0.396877  
  1743     0.000221     0.396883  
  1744     0.000220     0.396879  
  1745     0.000219     0.396887  
  1746     0.000218     0.396887  
  1747     0.000218     0.396885  
  1748     0.000217     0.396883  
  1749     0.000216     0.396887  
  1750     0.000215     0.396892  
  1751     0.000214     0.396898  
  1752     0.000213     0.396891  
  1753     0.000213     0.396881  
  1754     0.000212     0.396883  
  1755     0.000211     0.396877  
  1756     0.000210     0.396874  
  1757     0.000209     0.396870  
  1758     0.000209     0.396872  
  1759     0.000208     0.396868  
  1760     0.000207     0.396874  
  1761     0.000206     0.396880  
  1762     0.000206     0.396875  
  1763     0.000205     0.396872  
  1764     0.000204     0.396867  
  1765     0.000203     0.396868  
  1766     0.000203     0.396874  
  1767     0.000202     0.396876  
  1768     0.000201     0.396886  
  1769     0.000200     0.396892  
  1770     0.000199     0.396893  
  1771     0.000199     0.396895  
  1772     0.000198     0.396889  
  1773     0.000197     0.396896  
  1774     0.000196     0.396891  
  1775     0.000196     0.396891  
  1776     0.000195     0.396886  
  1777     0.000194     0.396880  
  1778     0.000194     0.396873  
  1779     0.000193     0.396868  
  1780     0.000192     0.396871  
  1781     0.000191     0.396881  
  1782     0.000191     0.396884  
  1783     0.000190     0.396876  
  1784     0.000189     0.396872  
  1785     0.000189     0.396867  
  1786     0.000188     0.396865  
  1787     0.000187     0.396859  
  1788     0.000186     0.396862  
  1789     0.000186     0.396862  
  1790     0.000185     0.396860  
  1791     0.000184     0.396854  
  1792     0.000184     0.396858  
  1793     0.000183     0.396851  
  1794     0.000182     0.396855  
  1795     0.000182     0.396856  
  1796     0.000181     0.396861  
  1797     0.000181     0.396863  
  1798     0.000180     0.396861  
  1799     0.000179     0.396860  
  1800     0.000179     0.396856  
  1801     0.000178     0.396858  
  1802     0.000177     0.396855  
  1803     0.000177     0.396851  
  1804     0.000176     0.396853  
  1805     0.000175     0.396851  
  1806     0.000175     0.396841  
  1807     0.000174     0.396849  
  1808     0.000173     0.396848  
  1809     0.000172     0.396851  
  1810     0.000172     0.396849  
  1811     0.000171     0.396851  
  1812     0.000171     0.396853  
  1813     0.000170     0.396854  
  1814     0.000169     0.396850  
  1815     0.000169     0.396846  
  1816     0.000168     0.396842  
  1817     0.000168     0.396843  
  1818     0.000167     0.396838  
  1819     0.000166     0.396843  
  1820     0.000166     0.396855  
  1821     0.000165     0.396855  
  1822     0.000165     0.396854  
  1823     0.000164     0.396852  
  1824     0.000163     0.396859  
  1825     0.000163     0.396863  
  1826     0.000162     0.396865  
  1827     0.000162     0.396867  
  1828     0.000161     0.396867  
  1829     0.000160     0.396861  
  1830     0.000160     0.396862  
  1831     0.000159     0.396857  
  1832     0.000159     0.396855  
  1833     0.000158     0.396856  
  1834     0.000158     0.396855  
  1835     0.000157     0.396853  
  1836     0.000156     0.396863  
  1837     0.000156     0.396864  
  1838     0.000155     0.396861  
  1839     0.000155     0.396864  
  1840     0.000154     0.396862  
  1841     0.000153     0.396862  
  1842     0.000153     0.396865  
  1843     0.000152     0.396865  
  1844     0.000152     0.396861  
  1845     0.000151     0.396859  
  1846     0.000150     0.396853  
  1847     0.000150     0.396852  
  1848     0.000149     0.396857  
  1849     0.000149     0.396861  
  1850     0.000148     0.396860  
  1851     0.000148     0.396860  
  1852     0.000147     0.396866  
  1853     0.000146     0.396857  
  1854     0.000146     0.396855  
  1855     0.000145     0.396860  
  1856     0.000145     0.396859  
  1857     0.000144     0.396861  
  1858     0.000144     0.396863  
  1859     0.000143     0.396859  
  1860     0.000143     0.396858  
  1861     0.000142     0.396858  
  1862     0.000142     0.396855  
  1863     0.000141     0.396854  
  1864     0.000141     0.396856  
  1865     0.000140     0.396858  
  1866     0.000140     0.396861  
  1867     0.000139     0.396864  
  1868     0.000139     0.396867  
  1869     0.000138     0.396864  
  1870     0.000138     0.396862  
  1871     0.000137     0.396861  
  1872     0.000136     0.396857  
  1873     0.000136     0.396850  
  1874     0.000135     0.396840  
  1875     0.000135     0.396832  
  1876     0.000134     0.396833  
  1877     0.000134     0.396827  
  1878     0.000133     0.396826  
  1879     0.000133     0.396827  
  1880     0.000132     0.396823  
  1881     0.000132     0.396819  
  1882     0.000131     0.396816  
  1883     0.000131     0.396816  
  1884     0.000130     0.396817  
  1885     0.000130     0.396820  
  1886     0.000129     0.396818  
  1887     0.000129     0.396815  
  1888     0.000128     0.396819  
  1889     0.000128     0.396816  
  1890     0.000127     0.396813  
  1891     0.000127     0.396810  
  1892     0.000126     0.396808  
  1893     0.000126     0.396807  
  1894     0.000125     0.396802  
  1895     0.000125     0.396802  
  1896     0.000124     0.396804  
  1897     0.000124     0.396808  
  1898     0.000123     0.396807  
  1899     0.000123     0.396807  
  1900     0.000123     0.396809  
  1901     0.000122     0.396815  
  1902     0.000122     0.396813  
  1903     0.000121     0.396812  
  1904     0.000121     0.396812  
  1905     0.000120     0.396814  
  1906     0.000120     0.396810  
  1907     0.000119     0.396812  
  1908     0.000119     0.396807  
  1909     0.000118     0.396808  
  1910     0.000118     0.396809  
  1911     0.000118     0.396804  
  1912     0.000117     0.396798  
  1913     0.000117     0.396800  
  1914     0.000116     0.396796  * best
  1915     0.000116     0.396803  
  1916     0.000115     0.396807  
  1917     0.000115     0.396805  
  1918     0.000114     0.396812  
  1919     0.000114     0.396807  
  1920     0.000113     0.396809  
  1921     0.000113     0.396810  
  1922     0.000113     0.396807  
  1923     0.000112     0.396805  
  1924     0.000112     0.396809  
  1925     0.000111     0.396807  
  1926     0.000111     0.396806  
  1927     0.000110     0.396812  
  1928     0.000110     0.396815  
  1929     0.000110     0.396815  
  1930     0.000109     0.396819  
  1931     0.000109     0.396818  
  1932     0.000108     0.396822  
  1933     0.000108     0.396817  
  1934     0.000108     0.396818  
  1935     0.000107     0.396818  
  1936     0.000107     0.396818  
  1937     0.000106     0.396822  
  1938     0.000106     0.396817  
  1939     0.000106     0.396821  
  1940     0.000105     0.396821  
  1941     0.000105     0.396816  
  1942     0.000104     0.396810  
  1943     0.000104     0.396806  
  1944     0.000104     0.396806  
  1945     0.000103     0.396800  
  1946     0.000103     0.396803  
  1947     0.000102     0.396804  
  1948     0.000102     0.396802  
  1949     0.000102     0.396806  
  1950     0.000101     0.396807  
  1951     0.000101     0.396804  
  1952     0.000100     0.396807  
  1953     0.000100     0.396811  
  1954     0.000100     0.396815  
  1955     0.000099     0.396813  
  1956     0.000099     0.396809  
  1957     0.000099     0.396813  
  1958     0.000098     0.396813  
  1959     0.000098     0.396815  
  1960     0.000098     0.396815  
  1961     0.000097     0.396816  
  1962     0.000097     0.396813  
  1963     0.000096     0.396816  
  1964     0.000096     0.396821  
  1965     0.000096     0.396820  
  1966     0.000095     0.396824  
  1967     0.000095     0.396819  
  1968     0.000095     0.396815  
  1969     0.000094     0.396816  
  1970     0.000094     0.396813  
  1971     0.000094     0.396811  
  1972     0.000093     0.396809  
  1973     0.000093     0.396809  
  1974     0.000093     0.396812  
  1975     0.000092     0.396815  
  1976     0.000092     0.396814  
  1977     0.000092     0.396816  
  1978     0.000091     0.396815  
  1979     0.000091     0.396817  
  1980     0.000091     0.396813  
  1981     0.000090     0.396814  
  1982     0.000090     0.396816  
  1983     0.000090     0.396815  
  1984     0.000089     0.396811  
  1985     0.000089     0.396813  
  1986     0.000089     0.396813  
  1987     0.000088     0.396817  
  1988     0.000088     0.396812  
  1989     0.000088     0.396813  
  1990     0.000087     0.396813  
  1991     0.000087     0.396811  
  1992     0.000086     0.396808  
  1993     0.000086     0.396808  
  1994     0.000086     0.396805  
  1995     0.000086     0.396804  
  1996     0.000085     0.396801  
  1997     0.000085     0.396798  
  1998     0.000085     0.396803  
  1999     0.000084     0.396803  
  2000     0.000084     0.396808  
  2001     0.000084     0.396811  
  2002     0.000083     0.396811  
  2003     0.000083     0.396812  
  2004     0.000083     0.396811  
  2005     0.000082     0.396810  
  2006     0.000082     0.396810  
  2007     0.000082     0.396811  
  2008     0.000082     0.396813  
  2009     0.000081     0.396814  
  2010     0.000081     0.396817  
  2011     0.000081     0.396820  
  2012     0.000080     0.396817  
  2013     0.000080     0.396820  
  2014     0.000080     0.396815  
# best iteration 1914 (val l2 0.396796)
# Spearman  train +0.9951  val +0.7843  test +0.7959
