# gbm_node seed 2
# boosted trees on node
# inputs 11520, 39 trees
# LightGBM gradient-boosted trees, objective l2, lr 0.05, num_leaves 31, min_data_in_leaf 20, feature_fraction 0.3, bagging 0.8, lambda_l2 1.0, up to 3000 rounds, early stopping 100 on validation l2
# loss = l2 on standardised log10 half-life
#
 round        train          val  note
     1     0.967376     0.804637  
     2     0.936423     0.800497  
     3     0.907969     0.792304  
     4     0.881704     0.785012  
     5     0.856565     0.778488  
     6     0.833644     0.770391  
     7     0.809944     0.763940  
     8     0.789026     0.757778  
     9     0.769628     0.750722  
    10     0.752631     0.746397  
    11     0.736728     0.741566  
    12     0.720383     0.738654  
    13     0.704713     0.735133  
    14     0.690265     0.734049  
    15     0.677266     0.733366  
    16     0.664703     0.731224  
    17     0.652896     0.732122  
    18     0.641512     0.732182  
    19     0.630385     0.731006  
    20     0.619496     0.730538  
    21     0.610148     0.730635  
    22     0.601569     0.727185  
    23     0.593340     0.726279  
    24     0.584676     0.726904  
    25     0.577124     0.725801  
    26     0.569756     0.725373  
    27     0.563040     0.725021  
    28     0.555829     0.726030  
    29     0.548708     0.723442  
    30     0.542450     0.723045  
    31     0.535459     0.721935  
    32     0.528921     0.721846  
    33     0.523247     0.722192  
    34     0.517210     0.721480  
    35     0.511093     0.720443  
    36     0.504903     0.719990  
    37     0.499517     0.720688  
    38     0.493992     0.719771  
    39     0.489378     0.718793  * best
    40     0.484744     0.718884  
    41     0.479746     0.719755  
    42     0.475203     0.720133  
    43     0.470896     0.720617  
    44     0.466836     0.721022  
    45     0.462611     0.721667  
    46     0.458328     0.721695  
    47     0.454325     0.722907  
    48     0.449867     0.723876  
    49     0.445793     0.724505  
    50     0.441944     0.724599  
    51     0.437839     0.724676  
    52     0.434091     0.726235  
    53     0.430178     0.725934  
    54     0.426733     0.726727  
    55     0.423411     0.725791  
    56     0.419687     0.726463  
    57     0.416373     0.725590  
    58     0.413050     0.725062  
    59     0.409780     0.725058  
    60     0.406552     0.725694  
    61     0.403501     0.725675  
    62     0.399898     0.726873  
    63     0.397086     0.726913  
    64     0.394049     0.726570  
    65     0.391080     0.726552  
    66     0.388022     0.726615  
    67     0.385304     0.726924  
    68     0.382525     0.727326  
    69     0.379472     0.727516  
    70     0.376579     0.727437  
    71     0.373557     0.728275  
    72     0.370322     0.727782  
    73     0.367837     0.727404  
    74     0.365170     0.727112  
    75     0.362489     0.727019  
    76     0.360027     0.726819  
    77     0.357267     0.728271  
    78     0.354891     0.728360  
    79     0.352204     0.728182  
    80     0.349451     0.728453  
    81     0.346828     0.727695  
    82     0.344330     0.727907  
    83     0.341756     0.727117  
    84     0.339285     0.726865  
    85     0.336792     0.726782  
    86     0.334461     0.726064  
    87     0.332117     0.726564  
    88     0.329883     0.726084  
    89     0.327586     0.726090  
    90     0.325187     0.726309  
    91     0.322644     0.726416  
    92     0.320499     0.727287  
    93     0.318187     0.726992  
    94     0.316125     0.727713  
    95     0.313984     0.728274  
    96     0.311854     0.728228  
    97     0.309630     0.728390  
    98     0.307658     0.728500  
    99     0.305619     0.728789  
   100     0.303530     0.729225  
   101     0.301555     0.728896  
   102     0.299545     0.728663  
   103     0.297509     0.728827  
   104     0.295578     0.729225  
   105     0.293527     0.729171  
   106     0.291502     0.728596  
   107     0.289442     0.728049  
   108     0.287479     0.728924  
   109     0.285404     0.728540  
   110     0.283695     0.728395  
   111     0.281994     0.727824  
   112     0.280126     0.728203  
   113     0.278360     0.728175  
   114     0.276326     0.728644  
   115     0.274641     0.728994  
   116     0.272784     0.729651  
   117     0.271170     0.729969  
   118     0.269392     0.729865  
   119     0.267766     0.729752  
   120     0.266147     0.729820  
   121     0.264492     0.731425  
   122     0.262748     0.730701  
   123     0.261175     0.729840  
   124     0.259498     0.729985  
   125     0.257800     0.730276  
   126     0.256008     0.730210  
   127     0.254510     0.730794  
   128     0.252999     0.731108  
   129     0.251332     0.731778  
   130     0.249770     0.731663  
   131     0.248287     0.731953  
   132     0.246796     0.732541  
   133     0.245284     0.732321  
   134     0.243927     0.732507  
   135     0.242424     0.733134  
   136     0.240986     0.732474  
   137     0.239573     0.732527  
   138     0.238248     0.732987  
   139     0.236845     0.732690  
# best iteration 39 (val l2 0.718793)
# Spearman  train +0.7674  val +0.1817  test +0.0097
