# gbm_node+energy seed 1
# boosted trees on node+energy
# inputs 11950, 2,346 trees
# LightGBM gradient-boosted trees, objective l2, lr 0.05, num_leaves 31, min_data_in_leaf 20, feature_fraction 0.3, bagging 0.8, lambda_l2 1.0, up to 3000 rounds, early stopping 100 on validation l2
# loss = l2 on standardised log10 half-life
#
 round        train          val  note
     1     0.966071     0.977034  
     2     0.936085     0.949024  
     3     0.911463     0.926556  
     4     0.885216     0.901815  
     5     0.860791     0.879856  
     6     0.839996     0.862468  
     7     0.816395     0.841750  
     8     0.794522     0.822877  
     9     0.776667     0.808989  
    10     0.760178     0.795338  
    11     0.742652     0.781117  
    12     0.729405     0.769958  
    13     0.715509     0.758138  
    14     0.702119     0.747823  
    15     0.689174     0.738140  
    16     0.677426     0.728705  
    17     0.665861     0.719348  
    18     0.655035     0.710474  
    19     0.643733     0.701978  
    20     0.634798     0.696591  
    21     0.625421     0.689738  
    22     0.616200     0.682701  
    23     0.607350     0.677378  
    24     0.598642     0.671298  
    25     0.591128     0.666318  
    26     0.584093     0.661783  
    27     0.577219     0.657195  
    28     0.570886     0.654150  
    29     0.563700     0.649818  
    30     0.558284     0.646863  
    31     0.551864     0.642526  
    32     0.545796     0.638307  
    33     0.539853     0.634854  
    34     0.534837     0.632152  
    35     0.529096     0.628380  
    36     0.523298     0.624799  
    37     0.518419     0.622664  
    38     0.512864     0.619294  
    39     0.508436     0.617299  
    40     0.503341     0.614919  
    41     0.498921     0.612737  
    42     0.494235     0.610223  
    43     0.489371     0.606738  
    44     0.485582     0.605456  
    45     0.481518     0.604229  
    46     0.476969     0.601849  
    47     0.473149     0.599929  
    48     0.468967     0.597698  
    49     0.464905     0.595084  
    50     0.461261     0.593435  
    51     0.457222     0.591483  
    52     0.453663     0.589389  
    53     0.449906     0.587556  
    54     0.446396     0.586026  
    55     0.443146     0.584918  
    56     0.439979     0.583917  
    57     0.436798     0.582494  
    58     0.433077     0.580038  
    59     0.429826     0.578427  
    60     0.426605     0.577876  
    61     0.423545     0.576703  
    62     0.420593     0.575808  
    63     0.417667     0.574023  
    64     0.414592     0.572864  
    65     0.411244     0.571292  
    66     0.408092     0.569999  
    67     0.404836     0.568574  
    68     0.401960     0.567403  
    69     0.399214     0.566687  
    70     0.396309     0.565284  
    71     0.393551     0.564086  
    72     0.390822     0.562772  
    73     0.388123     0.562354  
    74     0.385354     0.561722  
    75     0.382855     0.560462  
    76     0.380294     0.559619  
    77     0.377571     0.558642  
    78     0.374973     0.558089  
    79     0.372384     0.557420  
    80     0.369955     0.556424  
    81     0.367485     0.555619  
    82     0.364942     0.554046  
    83     0.362466     0.553384  
    84     0.359867     0.552508  
    85     0.357541     0.552013  
    86     0.355131     0.551561  
    87     0.352839     0.550418  
    88     0.350458     0.549288  
    89     0.348172     0.548371  
    90     0.345875     0.547775  
    91     0.343567     0.547472  
    92     0.341297     0.547031  
    93     0.339032     0.546654  
    94     0.336903     0.546281  
    95     0.334622     0.545676  
    96     0.332526     0.545123  
    97     0.330519     0.544290  
    98     0.328490     0.544345  
    99     0.326450     0.544145  
   100     0.324429     0.543002  
   101     0.322350     0.541994  
   102     0.320210     0.541075  
   103     0.318234     0.540874  
   104     0.316388     0.540489  
   105     0.314280     0.539793  
   106     0.312468     0.539195  
   107     0.310432     0.538516  
   108     0.308489     0.537502  
   109     0.306474     0.536386  
   110     0.304496     0.536310  
   111     0.302658     0.536016  
   112     0.300754     0.536051  
   113     0.298970     0.535609  
   114     0.297122     0.535257  
   115     0.295390     0.535059  
   116     0.293751     0.534998  
   117     0.291981     0.534737  
   118     0.290189     0.534189  
   119     0.288444     0.533633  
   120     0.286807     0.532883  
   121     0.285050     0.532049  
   122     0.283417     0.531645  
   123     0.281719     0.530460  
   124     0.280069     0.530110  
   125     0.278534     0.530018  
   126     0.276976     0.529549  
   127     0.275321     0.529912  
   128     0.273829     0.529434  
   129     0.272185     0.529093  
   130     0.270669     0.528873  
   131     0.269042     0.528472  
   132     0.267497     0.528110  
   133     0.265917     0.527939  
   134     0.264450     0.527315  
   135     0.262878     0.526673  
   136     0.261368     0.526330  
   137     0.259862     0.525887  
   138     0.258348     0.525724  
   139     0.256804     0.524922  
   140     0.255255     0.524611  
   141     0.253807     0.524462  
   142     0.252344     0.524375  
   143     0.250978     0.524277  
   144     0.249513     0.523796  
   145     0.248104     0.523688  
   146     0.246694     0.523676  
   147     0.245266     0.523224  
   148     0.243836     0.522946  
   149     0.242423     0.522479  
   150     0.240964     0.522262  
   151     0.239603     0.521944  
   152     0.238338     0.521678  
   153     0.237067     0.521256  
   154     0.235710     0.521307  
   155     0.234401     0.521211  
   156     0.233053     0.520819  
   157     0.231643     0.520574  
   158     0.230313     0.520148  
   159     0.229032     0.519827  
   160     0.227747     0.519641  
   161     0.226571     0.519310  
   162     0.225219     0.519077  
   163     0.223929     0.519274  
   164     0.222764     0.518972  
   165     0.221539     0.518837  
   166     0.220288     0.518491  
   167     0.219106     0.518047  
   168     0.217937     0.517892  
   169     0.216798     0.517765  
   170     0.215681     0.517857  
   171     0.214527     0.517728  
   172     0.213445     0.517524  
   173     0.212314     0.517175  
   174     0.211234     0.517073  
   175     0.210163     0.516676  
   176     0.208993     0.516277  
   177     0.207851     0.516129  
   178     0.206802     0.515905  
   179     0.205658     0.515218  
   180     0.204546     0.514778  
   181     0.203606     0.514589  
   182     0.202558     0.514454  
   183     0.201477     0.514357  
   184     0.200472     0.514555  
   185     0.199364     0.514143  
   186     0.198249     0.514375  
   187     0.197258     0.513858  
   188     0.196252     0.513794  
   189     0.195250     0.513649  
   190     0.194170     0.513848  
   191     0.193111     0.513697  
   192     0.192155     0.513466  
   193     0.191111     0.513095  
   194     0.189942     0.513213  
   195     0.188865     0.513524  
   196     0.187897     0.513541  
   197     0.186970     0.513679  
   198     0.185973     0.513710  
   199     0.184940     0.513575  
   200     0.184068     0.513335  
   201     0.183137     0.513171  
   202     0.182180     0.513426  
   203     0.181169     0.512990  
   204     0.180206     0.512973  
   205     0.179240     0.512799  
   206     0.178316     0.512963  
   207     0.177339     0.512524  
   208     0.176375     0.512401  
   209     0.175547     0.512203  
   210     0.174614     0.512063  
   211     0.173723     0.511943  
   212     0.172716     0.511271  
   213     0.171810     0.511131  
   214     0.170987     0.511025  
   215     0.170076     0.511097  
   216     0.169269     0.511033  
   217     0.168485     0.510704  
   218     0.167619     0.510289  
   219     0.166725     0.510117  
   220     0.165899     0.509960  
   221     0.165060     0.509648  
   222     0.164162     0.509737  
   223     0.163418     0.509543  
   224     0.162593     0.509000  
   225     0.161709     0.508582  
   226     0.160900     0.508314  
   227     0.160007     0.508332  
   228     0.159157     0.508288  
   229     0.158461     0.508046  
   230     0.157721     0.508266  
   231     0.156955     0.507798  
   232     0.156026     0.507450  
   233     0.155225     0.507334  
   234     0.154422     0.507239  
   235     0.153614     0.507389  
   236     0.152822     0.507321  
   237     0.152089     0.507298  
   238     0.151255     0.506963  
   239     0.150490     0.507050  
   240     0.149704     0.506633  
   241     0.148942     0.506031  
   242     0.148260     0.506108  
   243     0.147421     0.505869  
   244     0.146655     0.505557  
   245     0.145883     0.505365  
   246     0.145174     0.505297  
   247     0.144434     0.505191  
   248     0.143710     0.504958  
   249     0.143031     0.504935  
   250     0.142339     0.504569  
   251     0.141612     0.504684  
   252     0.140898     0.504547  
   253     0.140191     0.504416  
   254     0.139556     0.504381  
   255     0.138863     0.504146  
   256     0.138194     0.504155  
   257     0.137449     0.503965  
   258     0.136797     0.503581  
   259     0.136109     0.503760  
   260     0.135461     0.503668  
   261     0.134824     0.503769  
   262     0.134217     0.503506  
   263     0.133527     0.503743  
   264     0.132897     0.503908  
   265     0.132223     0.503713  
   266     0.131502     0.503623  
   267     0.130885     0.503684  
   268     0.130259     0.503462  
   269     0.129573     0.503308  
   270     0.128937     0.503223  
   271     0.128295     0.503284  
   272     0.127647     0.503138  
   273     0.126983     0.503254  
   274     0.126412     0.503050  
   275     0.125829     0.503067  
   276     0.125248     0.502902  
   277     0.124608     0.502572  
   278     0.124043     0.502533  
   279     0.123428     0.502676  
   280     0.122845     0.502628  
   281     0.122238     0.502712  
   282     0.121664     0.502702  
   283     0.121080     0.502389  
   284     0.120521     0.502352  
   285     0.119962     0.502307  
   286     0.119395     0.502274  
   287     0.118772     0.501888  
   288     0.118245     0.501779  
   289     0.117752     0.501546  
   290     0.117235     0.501239  
   291     0.116653     0.501303  
   292     0.116133     0.501397  
   293     0.115522     0.501073  
   294     0.114987     0.501203  
   295     0.114395     0.500689  
   296     0.113829     0.500653  
   297     0.113272     0.500433  
   298     0.112757     0.500237  
   299     0.112235     0.499956  
   300     0.111713     0.499879  
   301     0.111145     0.499691  
   302     0.110597     0.499640  
   303     0.110088     0.499414  
   304     0.109578     0.499489  
   305     0.109063     0.499406  
   306     0.108574     0.499519  
   307     0.108039     0.499581  
   308     0.107538     0.499460  
   309     0.107025     0.499502  
   310     0.106463     0.499230  
   311     0.105885     0.498759  
   312     0.105344     0.498551  
   313     0.104849     0.498468  
   314     0.104365     0.498497  
   315     0.103849     0.498377  
   316     0.103384     0.498176  
   317     0.102937     0.498025  
   318     0.102467     0.497718  
   319     0.101955     0.497697  
   320     0.101445     0.497258  
   321     0.100943     0.497224  
   322     0.100453     0.497272  
   323     0.099921     0.496900  
   324     0.099475     0.496807  
   325     0.098980     0.496847  
   326     0.098509     0.496758  
   327     0.098053     0.496753  
   328     0.097581     0.496743  
   329     0.097103     0.496529  
   330     0.096656     0.496346  
   331     0.096221     0.496019  
   332     0.095744     0.495845  
   333     0.095318     0.495941  
   334     0.094877     0.495842  
   335     0.094376     0.495636  
   336     0.093961     0.495486  
   337     0.093528     0.495329  
   338     0.093136     0.495242  
   339     0.092684     0.495326  
   340     0.092217     0.495120  
   341     0.091763     0.495294  
   342     0.091390     0.495243  
   343     0.090998     0.495196  
   344     0.090537     0.495083  
   345     0.090136     0.495042  
   346     0.089708     0.495116  
   347     0.089349     0.495189  
   348     0.088962     0.495052  
   349     0.088573     0.494971  
   350     0.088140     0.494921  
   351     0.087767     0.494809  
   352     0.087374     0.494888  
   353     0.086903     0.494740  
   354     0.086540     0.494825  
   355     0.086112     0.494716  
   356     0.085744     0.494585  
   357     0.085348     0.494610  
   358     0.084917     0.494488  
   359     0.084496     0.494626  
   360     0.084119     0.494637  
   361     0.083727     0.494395  
   362     0.083326     0.494309  
   363     0.082927     0.494272  
   364     0.082534     0.494310  
   365     0.082161     0.494346  
   366     0.081798     0.494411  
   367     0.081410     0.494292  
   368     0.081036     0.494308  
   369     0.080684     0.494445  
   370     0.080318     0.494368  
   371     0.079899     0.494197  
   372     0.079531     0.494135  
   373     0.079180     0.493976  
   374     0.078790     0.493996  
   375     0.078419     0.494095  
   376     0.078059     0.493966  
   377     0.077676     0.494014  
   378     0.077332     0.494080  
   379     0.076984     0.494017  
   380     0.076613     0.494017  
   381     0.076264     0.493831  
   382     0.075921     0.493652  
   383     0.075589     0.493780  
   384     0.075277     0.493790  
   385     0.074919     0.493830  
   386     0.074572     0.493739  
   387     0.074207     0.493639  
   388     0.073894     0.493648  
   389     0.073526     0.493598  
   390     0.073185     0.493523  
   391     0.072840     0.493633  
   392     0.072529     0.493490  
   393     0.072216     0.493307  
   394     0.071913     0.493136  
   395     0.071570     0.493136  
   396     0.071285     0.493049  
   397     0.070997     0.493071  
   398     0.070697     0.492950  
   399     0.070379     0.492828  
   400     0.070060     0.492886  
   401     0.069733     0.493235  
   402     0.069388     0.493277  
   403     0.069069     0.493210  
   404     0.068738     0.493214  
   405     0.068453     0.493227  
   406     0.068123     0.493296  
   407     0.067811     0.493346  
   408     0.067500     0.493276  
   409     0.067209     0.493128  
   410     0.066895     0.493197  
   411     0.066617     0.493188  
   412     0.066296     0.493130  
   413     0.066015     0.493240  
   414     0.065728     0.493288  
   415     0.065421     0.493107  
   416     0.065148     0.493260  
   417     0.064852     0.493348  
   418     0.064579     0.493430  
   419     0.064302     0.493358  
   420     0.064002     0.493361  
   421     0.063718     0.493467  
   422     0.063439     0.493529  
   423     0.063155     0.493535  
   424     0.062891     0.493348  
   425     0.062609     0.493212  
   426     0.062298     0.493175  
   427     0.062030     0.493061  
   428     0.061736     0.493081  
   429     0.061471     0.493017  
   430     0.061221     0.492884  
   431     0.060945     0.492735  
   432     0.060683     0.492747  
   433     0.060391     0.492701  
   434     0.060117     0.492794  
   435     0.059859     0.492953  
   436     0.059620     0.492900  
   437     0.059376     0.492829  
   438     0.059121     0.492935  
   439     0.058863     0.492963  
   440     0.058610     0.492962  
   441     0.058320     0.493027  
   442     0.058079     0.492973  
   443     0.057808     0.492819  
   444     0.057568     0.492832  
   445     0.057299     0.492783  
   446     0.057063     0.492715  
   447     0.056824     0.492740  
   448     0.056584     0.492799  
   449     0.056338     0.492761  
   450     0.056089     0.492608  
   451     0.055876     0.492407  
   452     0.055670     0.492365  
   453     0.055422     0.492375  
   454     0.055179     0.492254  
   455     0.054957     0.492317  
   456     0.054714     0.492409  
   457     0.054470     0.492456  
   458     0.054221     0.492434  
   459     0.053964     0.492448  
   460     0.053722     0.492364  
   461     0.053478     0.492361  
   462     0.053225     0.492367  
   463     0.053003     0.492388  
   464     0.052773     0.492158  
   465     0.052553     0.492109  
   466     0.052329     0.492217  
   467     0.052072     0.491989  
   468     0.051860     0.492072  
   469     0.051644     0.491998  
   470     0.051448     0.491849  
   471     0.051242     0.491754  
   472     0.051019     0.491747  
   473     0.050785     0.491611  
   474     0.050555     0.491706  
   475     0.050337     0.491779  
   476     0.050127     0.491732  
   477     0.049880     0.491652  
   478     0.049648     0.491758  
   479     0.049434     0.491601  
   480     0.049238     0.491609  
   481     0.049022     0.491597  
   482     0.048797     0.491643  
   483     0.048576     0.491569  
   484     0.048378     0.491559  
   485     0.048173     0.491424  
   486     0.047981     0.491376  
   487     0.047769     0.491270  
   488     0.047556     0.491294  
   489     0.047331     0.491216  
   490     0.047147     0.491277  
   491     0.046949     0.491327  
   492     0.046777     0.491269  
   493     0.046589     0.491250  
   494     0.046386     0.491185  
   495     0.046216     0.491252  
   496     0.046010     0.491106  
   497     0.045809     0.491112  
   498     0.045600     0.490965  
   499     0.045376     0.491010  
   500     0.045179     0.490962  
   501     0.044961     0.490807  
   502     0.044763     0.490774  
   503     0.044562     0.490859  
   504     0.044351     0.490913  
   505     0.044177     0.490909  
   506     0.044011     0.490945  
   507     0.043845     0.490965  
   508     0.043651     0.490845  
   509     0.043469     0.490909  
   510     0.043264     0.490882  
   511     0.043084     0.490972  
   512     0.042913     0.490978  
   513     0.042742     0.491074  
   514     0.042580     0.491070  
   515     0.042415     0.490980  
   516     0.042231     0.491010  
   517     0.042078     0.491044  
   518     0.041926     0.491024  
   519     0.041764     0.490972  
   520     0.041600     0.490911  
   521     0.041404     0.490694  
   522     0.041217     0.490700  
   523     0.041020     0.490585  
   524     0.040849     0.490437  
   525     0.040679     0.490380  
   526     0.040494     0.490393  
   527     0.040303     0.490390  
   528     0.040115     0.490348  
   529     0.039912     0.490199  
   530     0.039735     0.490103  
   531     0.039566     0.490083  
   532     0.039404     0.489972  
   533     0.039254     0.489831  
   534     0.039081     0.489770  
   535     0.038905     0.489683  
   536     0.038717     0.489863  
   537     0.038563     0.489768  
   538     0.038387     0.489685  
   539     0.038216     0.489429  
   540     0.038058     0.489386  
   541     0.037897     0.489313  
   542     0.037733     0.489283  
   543     0.037564     0.489206  
   544     0.037391     0.489245  
   545     0.037230     0.489321  
   546     0.037080     0.489303  
   547     0.036926     0.489294  
   548     0.036766     0.489240  
   549     0.036607     0.489261  
   550     0.036453     0.489276  
   551     0.036281     0.489182  
   552     0.036118     0.489076  
   553     0.035964     0.488967  
   554     0.035789     0.489082  
   555     0.035633     0.489067  
   556     0.035475     0.488997  
   557     0.035323     0.488970  
   558     0.035178     0.488965  
   559     0.035023     0.488937  
   560     0.034875     0.488997  
   561     0.034719     0.488946  
   562     0.034563     0.488994  
   563     0.034422     0.489000  
   564     0.034258     0.489008  
   565     0.034123     0.489059  
   566     0.033963     0.488941  
   567     0.033813     0.488979  
   568     0.033653     0.488848  
   569     0.033507     0.488811  
   570     0.033353     0.488805  
   571     0.033231     0.488721  
   572     0.033087     0.488651  
   573     0.032943     0.488670  
   574     0.032804     0.488614  
   575     0.032655     0.488636  
   576     0.032514     0.488668  
   577     0.032381     0.488517  
   578     0.032227     0.488527  
   579     0.032088     0.488461  
   580     0.031957     0.488357  
   581     0.031824     0.488374  
   582     0.031691     0.488346  
   583     0.031559     0.488358  
   584     0.031409     0.488336  
   585     0.031272     0.488277  
   586     0.031146     0.488181  
   587     0.031015     0.488151  
   588     0.030880     0.488092  
   589     0.030765     0.488028  
   590     0.030639     0.488042  
   591     0.030510     0.487914  
   592     0.030383     0.487856  
   593     0.030233     0.487717  
   594     0.030101     0.487737  
   595     0.029985     0.487695  
   596     0.029865     0.487652  
   597     0.029755     0.487582  
   598     0.029632     0.487525  
   599     0.029496     0.487477  
   600     0.029368     0.487372  
   601     0.029250     0.487481  
   602     0.029134     0.487538  
   603     0.028999     0.487613  
   604     0.028872     0.487467  
   605     0.028750     0.487423  
   606     0.028629     0.487420  
   607     0.028514     0.487289  
   608     0.028385     0.487453  
   609     0.028263     0.487479  
   610     0.028138     0.487424  
   611     0.028032     0.487479  
   612     0.027922     0.487462  
   613     0.027817     0.487513  
   614     0.027704     0.487481  
   615     0.027585     0.487591  
   616     0.027470     0.487474  
   617     0.027344     0.487517  
   618     0.027226     0.487495  
   619     0.027103     0.487538  
   620     0.026982     0.487576  
   621     0.026875     0.487562  
   622     0.026770     0.487482  
   623     0.026659     0.487405  
   624     0.026551     0.487359  
   625     0.026435     0.487329  
   626     0.026338     0.487249  
   627     0.026219     0.487240  
   628     0.026109     0.487261  
   629     0.025996     0.487237  
   630     0.025900     0.487233  
   631     0.025792     0.487163  
   632     0.025697     0.487119  
   633     0.025596     0.487130  
   634     0.025483     0.487168  
   635     0.025393     0.487023  
   636     0.025299     0.487024  
   637     0.025197     0.487012  
   638     0.025095     0.487109  
   639     0.024994     0.487132  
   640     0.024888     0.487235  
   641     0.024783     0.487191  
   642     0.024677     0.487138  
   643     0.024587     0.487111  
   644     0.024487     0.487170  
   645     0.024396     0.487055  
   646     0.024282     0.487039  
   647     0.024188     0.487005  
   648     0.024087     0.487073  
   649     0.023985     0.487147  
   650     0.023884     0.487151  
   651     0.023782     0.487107  
   652     0.023678     0.487058  
   653     0.023584     0.486951  
   654     0.023490     0.486925  
   655     0.023385     0.486907  
   656     0.023294     0.486859  
   657     0.023205     0.486937  
   658     0.023106     0.486851  
   659     0.022995     0.486785  
   660     0.022898     0.486809  
   661     0.022801     0.486729  
   662     0.022712     0.486649  
   663     0.022619     0.486591  
   664     0.022533     0.486596  
   665     0.022451     0.486607  
   666     0.022360     0.486627  
   667     0.022272     0.486591  
   668     0.022184     0.486573  
   669     0.022086     0.486485  
   670     0.021998     0.486609  
   671     0.021910     0.486623  
   672     0.021825     0.486644  
   673     0.021731     0.486650  
   674     0.021636     0.486680  
   675     0.021552     0.486654  
   676     0.021457     0.486697  
   677     0.021363     0.486694  
   678     0.021260     0.486645  
   679     0.021170     0.486662  
   680     0.021092     0.486631  
   681     0.021011     0.486607  
   682     0.020918     0.486615  
   683     0.020824     0.486614  
   684     0.020734     0.486589  
   685     0.020646     0.486574  
   686     0.020553     0.486562  
   687     0.020466     0.486638  
   688     0.020376     0.486681  
   689     0.020281     0.486781  
   690     0.020196     0.486812  
   691     0.020105     0.486777  
   692     0.020025     0.486825  
   693     0.019945     0.486755  
   694     0.019866     0.486714  
   695     0.019792     0.486705  
   696     0.019700     0.486719  
   697     0.019620     0.486771  
   698     0.019536     0.486838  
   699     0.019452     0.486735  
   700     0.019375     0.486782  
   701     0.019295     0.486739  
   702     0.019212     0.486783  
   703     0.019136     0.486817  
   704     0.019064     0.486692  
   705     0.018986     0.486688  
   706     0.018917     0.486694  
   707     0.018835     0.486705  
   708     0.018765     0.486677  
   709     0.018685     0.486569  
   710     0.018606     0.486538  
   711     0.018531     0.486511  
   712     0.018455     0.486448  
   713     0.018374     0.486450  
   714     0.018303     0.486453  
   715     0.018229     0.486447  
   716     0.018151     0.486517  
   717     0.018077     0.486439  
   718     0.018007     0.486402  
   719     0.017931     0.486359  
   720     0.017848     0.486358  
   721     0.017777     0.486351  
   722     0.017704     0.486379  
   723     0.017634     0.486419  
   724     0.017563     0.486454  
   725     0.017500     0.486470  
   726     0.017421     0.486431  
   727     0.017350     0.486445  
   728     0.017272     0.486400  
   729     0.017199     0.486394  
   730     0.017131     0.486318  
   731     0.017062     0.486202  
   732     0.016984     0.486301  
   733     0.016912     0.486320  
   734     0.016836     0.486257  
   735     0.016760     0.486245  
   736     0.016684     0.486200  
   737     0.016610     0.486096  
   738     0.016533     0.486187  
   739     0.016462     0.486126  
   740     0.016394     0.486111  
   741     0.016330     0.486111  
   742     0.016258     0.486012  
   743     0.016193     0.486053  
   744     0.016127     0.486004  
   745     0.016061     0.485970  
   746     0.015987     0.485847  
   747     0.015916     0.485818  
   748     0.015854     0.485796  
   749     0.015784     0.485849  
   750     0.015724     0.485851  
   751     0.015659     0.485920  
   752     0.015599     0.485960  
   753     0.015535     0.485952  
   754     0.015469     0.485878  
   755     0.015405     0.485855  
   756     0.015343     0.485868  
   757     0.015285     0.485783  
   758     0.015228     0.485757  
   759     0.015161     0.485699  
   760     0.015099     0.485727  
   761     0.015047     0.485664  
   762     0.014985     0.485724  
   763     0.014919     0.485713  
   764     0.014857     0.485808  
   765     0.014797     0.485836  
   766     0.014735     0.485877  
   767     0.014669     0.485724  
   768     0.014610     0.485658  
   769     0.014553     0.485655  
   770     0.014486     0.485627  
   771     0.014427     0.485653  
   772     0.014365     0.485618  
   773     0.014307     0.485605  
   774     0.014245     0.485603  
   775     0.014184     0.485616  
   776     0.014124     0.485591  
   777     0.014066     0.485584  
   778     0.014008     0.485591  
   779     0.013949     0.485613  
   780     0.013891     0.485614  
   781     0.013822     0.485653  
   782     0.013766     0.485629  
   783     0.013705     0.485617  
   784     0.013654     0.485634  
   785     0.013595     0.485644  
   786     0.013540     0.485579  
   787     0.013486     0.485557  
   788     0.013440     0.485530  
   789     0.013387     0.485557  
   790     0.013334     0.485587  
   791     0.013278     0.485643  
   792     0.013227     0.485690  
   793     0.013173     0.485721  
   794     0.013119     0.485642  
   795     0.013072     0.485666  
   796     0.013017     0.485685  
   797     0.012963     0.485659  
   798     0.012905     0.485592  
   799     0.012846     0.485564  
   800     0.012789     0.485475  
   801     0.012735     0.485449  
   802     0.012688     0.485350  
   803     0.012640     0.485306  
   804     0.012579     0.485291  
   805     0.012528     0.485130  
   806     0.012478     0.485174  
   807     0.012426     0.485122  
   808     0.012380     0.485089  
   809     0.012324     0.485116  
   810     0.012277     0.485123  
   811     0.012226     0.485099  
   812     0.012179     0.485069  
   813     0.012123     0.485149  
   814     0.012073     0.485132  
   815     0.012028     0.485089  
   816     0.011980     0.485124  
   817     0.011938     0.485123  
   818     0.011882     0.485099  
   819     0.011836     0.485065  
   820     0.011795     0.485090  
   821     0.011753     0.485046  
   822     0.011706     0.485055  
   823     0.011660     0.485078  
   824     0.011615     0.485024  
   825     0.011570     0.484979  
   826     0.011520     0.485004  
   827     0.011479     0.485011  
   828     0.011436     0.485036  
   829     0.011385     0.485011  
   830     0.011339     0.484986  
   831     0.011285     0.485005  
   832     0.011238     0.484997  
   833     0.011189     0.484978  
   834     0.011142     0.484969  
   835     0.011099     0.484899  
   836     0.011052     0.484925  
   837     0.011009     0.484890  
   838     0.010965     0.484911  
   839     0.010921     0.484935  
   840     0.010871     0.484931  
   841     0.010834     0.484909  
   842     0.010792     0.484965  
   843     0.010750     0.485012  
   844     0.010702     0.485005  
   845     0.010658     0.484996  
   846     0.010613     0.484907  
   847     0.010570     0.484861  
   848     0.010527     0.484820  
   849     0.010481     0.484833  
   850     0.010434     0.484826  
   851     0.010391     0.484805  
   852     0.010342     0.484735  
   853     0.010302     0.484737  
   854     0.010259     0.484707  
   855     0.010216     0.484696  
   856     0.010175     0.484645  
   857     0.010132     0.484664  
   858     0.010087     0.484704  
   859     0.010050     0.484715  
   860     0.010010     0.484658  
   861     0.009972     0.484691  
   862     0.009930     0.484635  
   863     0.009879     0.484568  
   864     0.009840     0.484584  
   865     0.009801     0.484565  
   866     0.009762     0.484558  
   867     0.009719     0.484589  
   868     0.009680     0.484595  
   869     0.009647     0.484606  
   870     0.009605     0.484594  
   871     0.009569     0.484573  
   872     0.009531     0.484629  
   873     0.009489     0.484613  
   874     0.009449     0.484642  
   875     0.009413     0.484701  
   876     0.009372     0.484699  
   877     0.009333     0.484659  
   878     0.009299     0.484698  
   879     0.009256     0.484673  
   880     0.009216     0.484667  
   881     0.009183     0.484615  
   882     0.009146     0.484567  
   883     0.009109     0.484614  
   884     0.009074     0.484574  
   885     0.009038     0.484596  
   886     0.009002     0.484572  
   887     0.008965     0.484573  
   888     0.008932     0.484583  
   889     0.008897     0.484540  
   890     0.008864     0.484561  
   891     0.008823     0.484502  
   892     0.008787     0.484501  
   893     0.008753     0.484520  
   894     0.008718     0.484530  
   895     0.008687     0.484511  
   896     0.008647     0.484514  
   897     0.008612     0.484490  
   898     0.008578     0.484454  
   899     0.008546     0.484429  
   900     0.008510     0.484439  
   901     0.008477     0.484439  
   902     0.008442     0.484477  
   903     0.008407     0.484485  
   904     0.008377     0.484442  
   905     0.008343     0.484498  
   906     0.008309     0.484517  
   907     0.008273     0.484477  
   908     0.008239     0.484403  
   909     0.008208     0.484396  
   910     0.008175     0.484380  
   911     0.008140     0.484323  
   912     0.008111     0.484290  
   913     0.008078     0.484268  
   914     0.008046     0.484259  
   915     0.008012     0.484228  
   916     0.007978     0.484226  
   917     0.007950     0.484220  
   918     0.007919     0.484261  
   919     0.007887     0.484301  
   920     0.007855     0.484320  
   921     0.007823     0.484357  
   922     0.007794     0.484392  
   923     0.007763     0.484373  
   924     0.007730     0.484366  
   925     0.007699     0.484351  
   926     0.007667     0.484353  
   927     0.007637     0.484376  
   928     0.007607     0.484344  
   929     0.007576     0.484388  
   930     0.007545     0.484429  
   931     0.007515     0.484416  
   932     0.007489     0.484394  
   933     0.007457     0.484365  
   934     0.007422     0.484326  
   935     0.007390     0.484314  
   936     0.007360     0.484351  
   937     0.007334     0.484381  
   938     0.007307     0.484413  
   939     0.007277     0.484444  
   940     0.007246     0.484442  
   941     0.007219     0.484406  
   942     0.007191     0.484399  
   943     0.007163     0.484393  
   944     0.007133     0.484357  
   945     0.007101     0.484319  
   946     0.007073     0.484314  
   947     0.007044     0.484299  
   948     0.007017     0.484256  
   949     0.006989     0.484221  
   950     0.006959     0.484217  
   951     0.006933     0.484154  
   952     0.006901     0.484220  
   953     0.006876     0.484268  
   954     0.006848     0.484200  
   955     0.006824     0.484175  
   956     0.006795     0.484152  
   957     0.006767     0.484115  
   958     0.006740     0.484117  
   959     0.006714     0.484117  
   960     0.006689     0.484157  
   961     0.006660     0.484156  
   962     0.006630     0.484142  
   963     0.006604     0.484195  
   964     0.006576     0.484240  
   965     0.006553     0.484188  
   966     0.006526     0.484127  
   967     0.006500     0.484183  
   968     0.006476     0.484201  
   969     0.006449     0.484217  
   970     0.006420     0.484244  
   971     0.006392     0.484216  
   972     0.006368     0.484250  
   973     0.006340     0.484302  
   974     0.006317     0.484303  
   975     0.006294     0.484365  
   976     0.006273     0.484291  
   977     0.006248     0.484290  
   978     0.006226     0.484308  
   979     0.006200     0.484325  
   980     0.006176     0.484285  
   981     0.006149     0.484263  
   982     0.006125     0.484288  
   983     0.006100     0.484238  
   984     0.006076     0.484248  
   985     0.006052     0.484224  
   986     0.006026     0.484206  
   987     0.006001     0.484169  
   988     0.005978     0.484182  
   989     0.005955     0.484188  
   990     0.005932     0.484186  
   991     0.005911     0.484146  
   992     0.005887     0.484148  
   993     0.005862     0.484111  
   994     0.005838     0.484076  
   995     0.005813     0.484131  
   996     0.005790     0.484142  
   997     0.005766     0.484139  
   998     0.005745     0.484140  
   999     0.005723     0.484183  
  1000     0.005699     0.484164  
  1001     0.005675     0.484130  
  1002     0.005652     0.484151  
  1003     0.005630     0.484140  
  1004     0.005608     0.484088  
  1005     0.005582     0.484053  
  1006     0.005561     0.484000  
  1007     0.005541     0.484035  
  1008     0.005518     0.483975  
  1009     0.005494     0.483963  
  1010     0.005471     0.483951  
  1011     0.005448     0.483918  
  1012     0.005428     0.483928  
  1013     0.005408     0.483966  
  1014     0.005388     0.484004  
  1015     0.005369     0.483971  
  1016     0.005350     0.484017  
  1017     0.005328     0.484009  
  1018     0.005308     0.484008  
  1019     0.005288     0.484004  
  1020     0.005267     0.483982  
  1021     0.005249     0.484010  
  1022     0.005231     0.484036  
  1023     0.005212     0.484022  
  1024     0.005190     0.484004  
  1025     0.005170     0.484021  
  1026     0.005147     0.484017  
  1027     0.005127     0.483979  
  1028     0.005105     0.483966  
  1029     0.005085     0.483965  
  1030     0.005062     0.483946  
  1031     0.005044     0.483964  
  1032     0.005024     0.483951  
  1033     0.005002     0.483952  
  1034     0.004984     0.483890  
  1035     0.004967     0.483901  
  1036     0.004948     0.483903  
  1037     0.004932     0.483880  
  1038     0.004914     0.483833  
  1039     0.004896     0.483793  
  1040     0.004876     0.483741  
  1041     0.004855     0.483743  
  1042     0.004835     0.483725  
  1043     0.004815     0.483712  
  1044     0.004794     0.483744  
  1045     0.004773     0.483748  
  1046     0.004754     0.483751  
  1047     0.004735     0.483731  
  1048     0.004717     0.483690  
  1049     0.004700     0.483669  
  1050     0.004680     0.483677  
  1051     0.004661     0.483703  
  1052     0.004643     0.483677  
  1053     0.004627     0.483693  
  1054     0.004609     0.483663  
  1055     0.004592     0.483715  
  1056     0.004573     0.483772  
  1057     0.004556     0.483767  
  1058     0.004536     0.483750  
  1059     0.004516     0.483721  
  1060     0.004499     0.483740  
  1061     0.004482     0.483768  
  1062     0.004463     0.483748  
  1063     0.004446     0.483733  
  1064     0.004430     0.483760  
  1065     0.004412     0.483765  
  1066     0.004395     0.483775  
  1067     0.004378     0.483754  
  1068     0.004361     0.483733  
  1069     0.004344     0.483692  
  1070     0.004326     0.483702  
  1071     0.004306     0.483696  
  1072     0.004287     0.483733  
  1073     0.004269     0.483746  
  1074     0.004252     0.483731  
  1075     0.004235     0.483731  
  1076     0.004216     0.483715  
  1077     0.004198     0.483716  
  1078     0.004180     0.483746  
  1079     0.004162     0.483769  
  1080     0.004144     0.483748  
  1081     0.004126     0.483767  
  1082     0.004110     0.483768  
  1083     0.004096     0.483771  
  1084     0.004078     0.483738  
  1085     0.004062     0.483713  
  1086     0.004046     0.483719  
  1087     0.004028     0.483699  
  1088     0.004013     0.483665  
  1089     0.003998     0.483662  
  1090     0.003983     0.483669  
  1091     0.003965     0.483653  
  1092     0.003951     0.483669  
  1093     0.003934     0.483630  
  1094     0.003920     0.483611  
  1095     0.003902     0.483616  
  1096     0.003888     0.483617  
  1097     0.003873     0.483594  
  1098     0.003858     0.483609  
  1099     0.003842     0.483617  
  1100     0.003827     0.483626  
  1101     0.003814     0.483617  
  1102     0.003800     0.483591  
  1103     0.003786     0.483567  
  1104     0.003772     0.483535  
  1105     0.003755     0.483552  
  1106     0.003743     0.483575  
  1107     0.003728     0.483603  
  1108     0.003714     0.483642  
  1109     0.003698     0.483657  
  1110     0.003685     0.483671  
  1111     0.003672     0.483651  
  1112     0.003658     0.483642  
  1113     0.003645     0.483628  
  1114     0.003630     0.483605  
  1115     0.003616     0.483644  
  1116     0.003602     0.483629  
  1117     0.003588     0.483604  
  1118     0.003575     0.483602  
  1119     0.003564     0.483605  
  1120     0.003548     0.483596  
  1121     0.003535     0.483570  
  1122     0.003522     0.483570  
  1123     0.003509     0.483614  
  1124     0.003495     0.483587  
  1125     0.003483     0.483581  
  1126     0.003469     0.483562  
  1127     0.003456     0.483539  
  1128     0.003444     0.483538  
  1129     0.003429     0.483559  
  1130     0.003416     0.483532  
  1131     0.003402     0.483534  
  1132     0.003389     0.483552  
  1133     0.003377     0.483574  
  1134     0.003366     0.483563  
  1135     0.003354     0.483549  
  1136     0.003340     0.483526  
  1137     0.003325     0.483507  
  1138     0.003313     0.483528  
  1139     0.003299     0.483521  
  1140     0.003286     0.483505  
  1141     0.003272     0.483486  
  1142     0.003258     0.483482  
  1143     0.003247     0.483438  
  1144     0.003235     0.483465  
  1145     0.003222     0.483444  
  1146     0.003210     0.483442  
  1147     0.003198     0.483426  
  1148     0.003186     0.483427  
  1149     0.003175     0.483405  
  1150     0.003164     0.483422  
  1151     0.003151     0.483442  
  1152     0.003139     0.483454  
  1153     0.003126     0.483451  
  1154     0.003114     0.483468  
  1155     0.003101     0.483506  
  1156     0.003089     0.483490  
  1157     0.003077     0.483461  
  1158     0.003066     0.483464  
  1159     0.003054     0.483476  
  1160     0.003042     0.483467  
  1161     0.003030     0.483452  
  1162     0.003020     0.483448  
  1163     0.003009     0.483436  
  1164     0.002997     0.483408  
  1165     0.002986     0.483382  
  1166     0.002973     0.483367  
  1167     0.002961     0.483331  
  1168     0.002950     0.483302  
  1169     0.002938     0.483289  
  1170     0.002926     0.483306  
  1171     0.002915     0.483314  
  1172     0.002904     0.483299  
  1173     0.002893     0.483277  
  1174     0.002881     0.483266  
  1175     0.002870     0.483242  
  1176     0.002859     0.483235  
  1177     0.002849     0.483264  
  1178     0.002838     0.483285  
  1179     0.002827     0.483328  
  1180     0.002816     0.483321  
  1181     0.002804     0.483354  
  1182     0.002793     0.483343  
  1183     0.002783     0.483316  
  1184     0.002772     0.483312  
  1185     0.002761     0.483302  
  1186     0.002750     0.483304  
  1187     0.002739     0.483327  
  1188     0.002727     0.483310  
  1189     0.002716     0.483308  
  1190     0.002705     0.483329  
  1191     0.002695     0.483362  
  1192     0.002684     0.483327  
  1193     0.002674     0.483311  
  1194     0.002664     0.483307  
  1195     0.002655     0.483302  
  1196     0.002644     0.483277  
  1197     0.002633     0.483312  
  1198     0.002623     0.483326  
  1199     0.002612     0.483312  
  1200     0.002602     0.483321  
  1201     0.002593     0.483324  
  1202     0.002582     0.483313  
  1203     0.002572     0.483317  
  1204     0.002562     0.483312  
  1205     0.002552     0.483321  
  1206     0.002542     0.483327  
  1207     0.002532     0.483314  
  1208     0.002520     0.483322  
  1209     0.002512     0.483307  
  1210     0.002503     0.483317  
  1211     0.002495     0.483281  
  1212     0.002486     0.483283  
  1213     0.002475     0.483267  
  1214     0.002466     0.483248  
  1215     0.002456     0.483255  
  1216     0.002447     0.483253  
  1217     0.002437     0.483250  
  1218     0.002427     0.483188  
  1219     0.002417     0.483193  
  1220     0.002407     0.483195  
  1221     0.002397     0.483203  
  1222     0.002388     0.483218  
  1223     0.002379     0.483214  
  1224     0.002370     0.483198  
  1225     0.002361     0.483170  
  1226     0.002351     0.483171  
  1227     0.002341     0.483157  
  1228     0.002332     0.483144  
  1229     0.002323     0.483132  
  1230     0.002314     0.483139  
  1231     0.002306     0.483134  
  1232     0.002296     0.483114  
  1233     0.002288     0.483099  
  1234     0.002279     0.483108  
  1235     0.002270     0.483092  
  1236     0.002261     0.483081  
  1237     0.002252     0.483103  
  1238     0.002243     0.483085  
  1239     0.002235     0.483062  
  1240     0.002225     0.483049  
  1241     0.002218     0.483065  
  1242     0.002209     0.483047  
  1243     0.002200     0.483040  
  1244     0.002192     0.483049  
  1245     0.002182     0.483027  
  1246     0.002174     0.483026  
  1247     0.002165     0.483000  
  1248     0.002158     0.482997  
  1249     0.002148     0.483003  
  1250     0.002141     0.483042  
  1251     0.002133     0.483021  
  1252     0.002125     0.483016  
  1253     0.002116     0.483008  
  1254     0.002107     0.482991  
  1255     0.002098     0.482979  
  1256     0.002090     0.483009  
  1257     0.002082     0.482965  
  1258     0.002075     0.482972  
  1259     0.002066     0.483007  
  1260     0.002059     0.482990  
  1261     0.002051     0.482965  
  1262     0.002042     0.482947  
  1263     0.002033     0.482939  
  1264     0.002026     0.482926  
  1265     0.002019     0.482919  
  1266     0.002011     0.482936  
  1267     0.002002     0.482934  
  1268     0.001993     0.482940  
  1269     0.001986     0.482956  
  1270     0.001979     0.482970  
  1271     0.001972     0.482945  
  1272     0.001963     0.482946  
  1273     0.001955     0.482950  
  1274     0.001948     0.482928  
  1275     0.001939     0.482926  
  1276     0.001931     0.482930  
  1277     0.001924     0.482911  
  1278     0.001917     0.482913  
  1279     0.001909     0.482917  
  1280     0.001902     0.482919  
  1281     0.001894     0.482925  
  1282     0.001887     0.482925  
  1283     0.001880     0.482914  
  1284     0.001872     0.482916  
  1285     0.001865     0.482905  
  1286     0.001858     0.482901  
  1287     0.001850     0.482907  
  1288     0.001841     0.482881  
  1289     0.001834     0.482857  
  1290     0.001826     0.482864  
  1291     0.001819     0.482872  
  1292     0.001813     0.482866  
  1293     0.001806     0.482880  
  1294     0.001800     0.482899  
  1295     0.001793     0.482890  
  1296     0.001786     0.482861  
  1297     0.001779     0.482869  
  1298     0.001773     0.482863  
  1299     0.001767     0.482877  
  1300     0.001760     0.482900  
  1301     0.001752     0.482893  
  1302     0.001746     0.482854  
  1303     0.001739     0.482862  
  1304     0.001732     0.482853  
  1305     0.001724     0.482849  
  1306     0.001717     0.482876  
  1307     0.001711     0.482862  
  1308     0.001704     0.482858  
  1309     0.001698     0.482844  
  1310     0.001690     0.482871  
  1311     0.001683     0.482870  
  1312     0.001677     0.482848  
  1313     0.001670     0.482844  
  1314     0.001663     0.482835  
  1315     0.001658     0.482834  
  1316     0.001651     0.482851  
  1317     0.001644     0.482832  
  1318     0.001638     0.482839  
  1319     0.001632     0.482861  
  1320     0.001625     0.482873  
  1321     0.001618     0.482870  
  1322     0.001611     0.482895  
  1323     0.001605     0.482881  
  1324     0.001599     0.482885  
  1325     0.001592     0.482908  
  1326     0.001586     0.482895  
  1327     0.001580     0.482897  
  1328     0.001574     0.482927  
  1329     0.001567     0.482957  
  1330     0.001561     0.482965  
  1331     0.001555     0.482964  
  1332     0.001550     0.482971  
  1333     0.001543     0.482966  
  1334     0.001538     0.482936  
  1335     0.001532     0.482930  
  1336     0.001526     0.482946  
  1337     0.001520     0.482925  
  1338     0.001514     0.482925  
  1339     0.001509     0.482906  
  1340     0.001502     0.482898  
  1341     0.001496     0.482915  
  1342     0.001491     0.482905  
  1343     0.001485     0.482896  
  1344     0.001480     0.482903  
  1345     0.001475     0.482898  
  1346     0.001469     0.482892  
  1347     0.001464     0.482902  
  1348     0.001458     0.482897  
  1349     0.001452     0.482892  
  1350     0.001447     0.482876  
  1351     0.001442     0.482896  
  1352     0.001436     0.482889  
  1353     0.001431     0.482883  
  1354     0.001426     0.482879  
  1355     0.001420     0.482876  
  1356     0.001416     0.482859  
  1357     0.001410     0.482854  
  1358     0.001405     0.482882  
  1359     0.001399     0.482865  
  1360     0.001394     0.482872  
  1361     0.001389     0.482891  
  1362     0.001384     0.482889  
  1363     0.001378     0.482885  
  1364     0.001374     0.482852  
  1365     0.001368     0.482855  
  1366     0.001363     0.482868  
  1367     0.001357     0.482884  
  1368     0.001352     0.482911  
  1369     0.001348     0.482905  
  1370     0.001343     0.482904  
  1371     0.001338     0.482899  
  1372     0.001333     0.482901  
  1373     0.001328     0.482904  
  1374     0.001323     0.482885  
  1375     0.001318     0.482891  
  1376     0.001313     0.482905  
  1377     0.001308     0.482921  
  1378     0.001302     0.482918  
  1379     0.001296     0.482912  
  1380     0.001291     0.482912  
  1381     0.001285     0.482909  
  1382     0.001280     0.482938  
  1383     0.001276     0.482914  
  1384     0.001271     0.482903  
  1385     0.001267     0.482901  
  1386     0.001262     0.482920  
  1387     0.001257     0.482919  
  1388     0.001253     0.482923  
  1389     0.001248     0.482938  
  1390     0.001244     0.482916  
  1391     0.001239     0.482914  
  1392     0.001234     0.482890  
  1393     0.001229     0.482875  
  1394     0.001225     0.482876  
  1395     0.001220     0.482886  
  1396     0.001215     0.482868  
  1397     0.001210     0.482865  
  1398     0.001206     0.482862  
  1399     0.001201     0.482845  
  1400     0.001196     0.482849  
  1401     0.001191     0.482864  
  1402     0.001186     0.482850  
  1403     0.001182     0.482836  
  1404     0.001177     0.482829  
  1405     0.001172     0.482838  
  1406     0.001168     0.482838  
  1407     0.001163     0.482861  
  1408     0.001158     0.482870  
  1409     0.001154     0.482864  
  1410     0.001149     0.482846  
  1411     0.001144     0.482830  
  1412     0.001139     0.482813  
  1413     0.001134     0.482809  
  1414     0.001130     0.482805  
  1415     0.001125     0.482803  
  1416     0.001121     0.482807  
  1417     0.001117     0.482799  
  1418     0.001113     0.482794  
  1419     0.001109     0.482769  
  1420     0.001104     0.482786  
  1421     0.001100     0.482792  
  1422     0.001095     0.482796  
  1423     0.001091     0.482800  
  1424     0.001087     0.482800  
  1425     0.001083     0.482803  
  1426     0.001079     0.482807  
  1427     0.001074     0.482809  
  1428     0.001070     0.482803  
  1429     0.001066     0.482797  
  1430     0.001062     0.482781  
  1431     0.001057     0.482790  
  1432     0.001053     0.482796  
  1433     0.001049     0.482799  
  1434     0.001044     0.482791  
  1435     0.001040     0.482781  
  1436     0.001037     0.482790  
  1437     0.001033     0.482784  
  1438     0.001029     0.482786  
  1439     0.001025     0.482782  
  1440     0.001021     0.482780  
  1441     0.001017     0.482765  
  1442     0.001013     0.482754  
  1443     0.001009     0.482766  
  1444     0.001005     0.482749  
  1445     0.001001     0.482750  
  1446     0.000998     0.482760  
  1447     0.000994     0.482767  
  1448     0.000990     0.482769  
  1449     0.000987     0.482772  
  1450     0.000983     0.482757  
  1451     0.000979     0.482764  
  1452     0.000975     0.482782  
  1453     0.000971     0.482790  
  1454     0.000968     0.482792  
  1455     0.000964     0.482810  
  1456     0.000960     0.482796  
  1457     0.000956     0.482785  
  1458     0.000953     0.482784  
  1459     0.000948     0.482762  
  1460     0.000945     0.482771  
  1461     0.000942     0.482765  
  1462     0.000938     0.482779  
  1463     0.000935     0.482783  
  1464     0.000931     0.482782  
  1465     0.000928     0.482788  
  1466     0.000924     0.482783  
  1467     0.000920     0.482790  
  1468     0.000917     0.482791  
  1469     0.000914     0.482794  
  1470     0.000911     0.482781  
  1471     0.000907     0.482792  
  1472     0.000903     0.482810  
  1473     0.000900     0.482795  
  1474     0.000897     0.482802  
  1475     0.000893     0.482806  
  1476     0.000890     0.482799  
  1477     0.000886     0.482796  
  1478     0.000883     0.482788  
  1479     0.000879     0.482802  
  1480     0.000875     0.482808  
  1481     0.000872     0.482806  
  1482     0.000869     0.482806  
  1483     0.000866     0.482794  
  1484     0.000862     0.482788  
  1485     0.000859     0.482794  
  1486     0.000856     0.482793  
  1487     0.000853     0.482785  
  1488     0.000850     0.482790  
  1489     0.000847     0.482813  
  1490     0.000844     0.482814  
  1491     0.000841     0.482800  
  1492     0.000838     0.482794  
  1493     0.000835     0.482797  
  1494     0.000831     0.482809  
  1495     0.000828     0.482820  
  1496     0.000825     0.482806  
  1497     0.000822     0.482808  
  1498     0.000819     0.482805  
  1499     0.000816     0.482806  
  1500     0.000813     0.482808  
  1501     0.000810     0.482809  
  1502     0.000807     0.482816  
  1503     0.000803     0.482819  
  1504     0.000801     0.482817  
  1505     0.000797     0.482820  
  1506     0.000795     0.482820  
  1507     0.000792     0.482810  
  1508     0.000789     0.482820  
  1509     0.000786     0.482815  
  1510     0.000784     0.482815  
  1511     0.000781     0.482822  
  1512     0.000778     0.482824  
  1513     0.000775     0.482811  
  1514     0.000772     0.482831  
  1515     0.000769     0.482813  
  1516     0.000766     0.482830  
  1517     0.000763     0.482823  
  1518     0.000760     0.482819  
  1519     0.000758     0.482821  
  1520     0.000754     0.482823  
  1521     0.000752     0.482822  
  1522     0.000748     0.482801  
  1523     0.000745     0.482804  
  1524     0.000743     0.482819  
  1525     0.000740     0.482831  
  1526     0.000737     0.482839  
  1527     0.000735     0.482814  
  1528     0.000732     0.482803  
  1529     0.000730     0.482826  
  1530     0.000726     0.482824  
  1531     0.000724     0.482818  
  1532     0.000721     0.482803  
  1533     0.000718     0.482790  
  1534     0.000715     0.482784  
  1535     0.000712     0.482784  
  1536     0.000710     0.482765  
  1537     0.000707     0.482749  
  1538     0.000705     0.482738  
  1539     0.000702     0.482733  
  1540     0.000699     0.482740  
  1541     0.000697     0.482743  
  1542     0.000694     0.482745  
  1543     0.000692     0.482738  
  1544     0.000689     0.482731  
  1545     0.000687     0.482732  
  1546     0.000684     0.482725  
  1547     0.000682     0.482721  
  1548     0.000679     0.482713  
  1549     0.000677     0.482698  
  1550     0.000674     0.482701  
  1551     0.000671     0.482690  
  1552     0.000669     0.482683  
  1553     0.000666     0.482664  
  1554     0.000664     0.482650  
  1555     0.000661     0.482652  
  1556     0.000658     0.482642  
  1557     0.000656     0.482639  
  1558     0.000653     0.482625  
  1559     0.000651     0.482616  
  1560     0.000649     0.482603  
  1561     0.000646     0.482600  
  1562     0.000644     0.482588  
  1563     0.000641     0.482583  
  1564     0.000639     0.482582  
  1565     0.000637     0.482576  
  1566     0.000634     0.482568  
  1567     0.000632     0.482561  
  1568     0.000629     0.482561  
  1569     0.000627     0.482550  
  1570     0.000624     0.482533  
  1571     0.000622     0.482535  
  1572     0.000620     0.482521  
  1573     0.000617     0.482532  
  1574     0.000615     0.482538  
  1575     0.000612     0.482514  
  1576     0.000610     0.482527  
  1577     0.000607     0.482527  
  1578     0.000605     0.482549  
  1579     0.000603     0.482563  
  1580     0.000600     0.482552  
  1581     0.000598     0.482544  
  1582     0.000596     0.482568  
  1583     0.000594     0.482572  
  1584     0.000591     0.482561  
  1585     0.000589     0.482552  
  1586     0.000587     0.482554  
  1587     0.000585     0.482566  
  1588     0.000582     0.482552  
  1589     0.000580     0.482558  
  1590     0.000578     0.482563  
  1591     0.000576     0.482546  
  1592     0.000574     0.482546  
  1593     0.000572     0.482542  
  1594     0.000569     0.482545  
  1595     0.000568     0.482560  
  1596     0.000565     0.482550  
  1597     0.000563     0.482540  
  1598     0.000561     0.482544  
  1599     0.000559     0.482544  
  1600     0.000557     0.482536  
  1601     0.000554     0.482529  
  1602     0.000552     0.482527  
  1603     0.000550     0.482535  
  1604     0.000548     0.482546  
  1605     0.000546     0.482540  
  1606     0.000544     0.482528  
  1607     0.000542     0.482526  
  1608     0.000540     0.482527  
  1609     0.000538     0.482514  
  1610     0.000536     0.482514  
  1611     0.000534     0.482520  
  1612     0.000532     0.482524  
  1613     0.000530     0.482522  
  1614     0.000528     0.482521  
  1615     0.000526     0.482524  
  1616     0.000524     0.482533  
  1617     0.000522     0.482539  
  1618     0.000520     0.482546  
  1619     0.000518     0.482537  
  1620     0.000516     0.482528  
  1621     0.000514     0.482528  
  1622     0.000512     0.482515  
  1623     0.000510     0.482519  
  1624     0.000508     0.482512  
  1625     0.000506     0.482512  
  1626     0.000504     0.482521  
  1627     0.000502     0.482514  
  1628     0.000501     0.482513  
  1629     0.000499     0.482515  
  1630     0.000497     0.482498  
  1631     0.000494     0.482509  
  1632     0.000493     0.482500  
  1633     0.000491     0.482491  
  1634     0.000489     0.482499  
  1635     0.000488     0.482516  
  1636     0.000486     0.482512  
  1637     0.000484     0.482523  
  1638     0.000482     0.482522  
  1639     0.000480     0.482520  
  1640     0.000478     0.482516  
  1641     0.000476     0.482531  
  1642     0.000474     0.482539  
  1643     0.000472     0.482529  
  1644     0.000470     0.482537  
  1645     0.000469     0.482542  
  1646     0.000467     0.482554  
  1647     0.000465     0.482558  
  1648     0.000463     0.482553  
  1649     0.000462     0.482555  
  1650     0.000460     0.482542  
  1651     0.000458     0.482534  
  1652     0.000456     0.482531  
  1653     0.000454     0.482523  
  1654     0.000453     0.482522  
  1655     0.000451     0.482523  
  1656     0.000449     0.482531  
  1657     0.000447     0.482537  
  1658     0.000446     0.482546  
  1659     0.000444     0.482556  
  1660     0.000443     0.482552  
  1661     0.000441     0.482547  
  1662     0.000439     0.482555  
  1663     0.000438     0.482565  
  1664     0.000436     0.482563  
  1665     0.000434     0.482563  
  1666     0.000433     0.482562  
  1667     0.000431     0.482568  
  1668     0.000430     0.482552  
  1669     0.000428     0.482538  
  1670     0.000426     0.482527  
  1671     0.000425     0.482512  
  1672     0.000423     0.482504  
  1673     0.000422     0.482491  
  1674     0.000420     0.482494  
  1675     0.000419     0.482500  
  1676     0.000417     0.482497  
  1677     0.000416     0.482495  
  1678     0.000414     0.482495  
  1679     0.000412     0.482501  
  1680     0.000411     0.482505  
  1681     0.000409     0.482505  
  1682     0.000408     0.482506  
  1683     0.000406     0.482500  
  1684     0.000405     0.482482  
  1685     0.000403     0.482492  
  1686     0.000402     0.482500  
  1687     0.000400     0.482506  
  1688     0.000398     0.482511  
  1689     0.000397     0.482511  
  1690     0.000395     0.482505  
  1691     0.000394     0.482512  
  1692     0.000393     0.482509  
  1693     0.000391     0.482498  
  1694     0.000390     0.482496  
  1695     0.000388     0.482499  
  1696     0.000386     0.482492  
  1697     0.000385     0.482500  
  1698     0.000383     0.482498  
  1699     0.000382     0.482486  
  1700     0.000380     0.482485  
  1701     0.000379     0.482482  
  1702     0.000378     0.482480  
  1703     0.000376     0.482478  
  1704     0.000375     0.482471  
  1705     0.000373     0.482477  
  1706     0.000372     0.482485  
  1707     0.000371     0.482492  
  1708     0.000369     0.482483  
  1709     0.000368     0.482475  
  1710     0.000366     0.482480  
  1711     0.000365     0.482479  
  1712     0.000364     0.482472  
  1713     0.000362     0.482470  
  1714     0.000361     0.482462  
  1715     0.000360     0.482464  
  1716     0.000359     0.482462  
  1717     0.000357     0.482462  
  1718     0.000356     0.482458  
  1719     0.000355     0.482459  
  1720     0.000353     0.482465  
  1721     0.000352     0.482463  
  1722     0.000351     0.482460  
  1723     0.000350     0.482451  
  1724     0.000348     0.482443  
  1725     0.000347     0.482438  
  1726     0.000346     0.482427  
  1727     0.000344     0.482436  
  1728     0.000343     0.482442  
  1729     0.000342     0.482439  
  1730     0.000340     0.482440  
  1731     0.000339     0.482445  
  1732     0.000338     0.482445  
  1733     0.000337     0.482447  
  1734     0.000335     0.482447  
  1735     0.000334     0.482444  
  1736     0.000332     0.482427  
  1737     0.000331     0.482426  
  1738     0.000330     0.482433  
  1739     0.000329     0.482436  
  1740     0.000327     0.482428  
  1741     0.000326     0.482432  
  1742     0.000325     0.482431  
  1743     0.000323     0.482430  
  1744     0.000322     0.482428  
  1745     0.000321     0.482447  
  1746     0.000320     0.482446  
  1747     0.000319     0.482442  
  1748     0.000318     0.482432  
  1749     0.000316     0.482421  
  1750     0.000315     0.482413  
  1751     0.000314     0.482420  
  1752     0.000313     0.482427  
  1753     0.000312     0.482436  
  1754     0.000311     0.482429  
  1755     0.000309     0.482430  
  1756     0.000308     0.482408  
  1757     0.000307     0.482399  
  1758     0.000306     0.482382  
  1759     0.000304     0.482375  
  1760     0.000303     0.482368  
  1761     0.000302     0.482371  
  1762     0.000301     0.482368  
  1763     0.000300     0.482359  
  1764     0.000299     0.482363  
  1765     0.000298     0.482348  
  1766     0.000297     0.482340  
  1767     0.000296     0.482344  
  1768     0.000295     0.482344  
  1769     0.000293     0.482342  
  1770     0.000292     0.482339  
  1771     0.000291     0.482327  
  1772     0.000290     0.482325  
  1773     0.000289     0.482325  
  1774     0.000288     0.482323  
  1775     0.000287     0.482316  
  1776     0.000286     0.482313  
  1777     0.000285     0.482311  
  1778     0.000284     0.482310  
  1779     0.000283     0.482300  
  1780     0.000282     0.482304  
  1781     0.000281     0.482300  
  1782     0.000280     0.482287  
  1783     0.000279     0.482287  
  1784     0.000278     0.482289  
  1785     0.000277     0.482289  
  1786     0.000276     0.482299  
  1787     0.000275     0.482292  
  1788     0.000274     0.482292  
  1789     0.000272     0.482293  
  1790     0.000271     0.482290  
  1791     0.000270     0.482278  
  1792     0.000269     0.482279  
  1793     0.000268     0.482277  
  1794     0.000267     0.482275  
  1795     0.000266     0.482269  
  1796     0.000265     0.482262  
  1797     0.000264     0.482269  
  1798     0.000263     0.482262  
  1799     0.000262     0.482258  
  1800     0.000261     0.482265  
  1801     0.000260     0.482252  
  1802     0.000259     0.482248  
  1803     0.000258     0.482253  
  1804     0.000257     0.482255  
  1805     0.000256     0.482247  
  1806     0.000255     0.482239  
  1807     0.000254     0.482245  
  1808     0.000253     0.482241  
  1809     0.000252     0.482236  
  1810     0.000251     0.482242  
  1811     0.000251     0.482234  
  1812     0.000250     0.482236  
  1813     0.000249     0.482230  
  1814     0.000248     0.482233  
  1815     0.000247     0.482226  
  1816     0.000246     0.482227  
  1817     0.000245     0.482213  
  1818     0.000244     0.482210  
  1819     0.000243     0.482205  
  1820     0.000242     0.482204  
  1821     0.000241     0.482200  
  1822     0.000240     0.482208  
  1823     0.000240     0.482211  
  1824     0.000239     0.482210  
  1825     0.000238     0.482215  
  1826     0.000237     0.482213  
  1827     0.000236     0.482216  
  1828     0.000235     0.482217  
  1829     0.000234     0.482217  
  1830     0.000233     0.482218  
  1831     0.000232     0.482226  
  1832     0.000232     0.482220  
  1833     0.000231     0.482216  
  1834     0.000230     0.482216  
  1835     0.000229     0.482218  
  1836     0.000228     0.482213  
  1837     0.000227     0.482221  
  1838     0.000226     0.482227  
  1839     0.000226     0.482221  
  1840     0.000225     0.482219  
  1841     0.000224     0.482224  
  1842     0.000223     0.482215  
  1843     0.000222     0.482225  
  1844     0.000221     0.482218  
  1845     0.000220     0.482218  
  1846     0.000220     0.482220  
  1847     0.000219     0.482225  
  1848     0.000218     0.482218  
  1849     0.000217     0.482212  
  1850     0.000217     0.482209  
  1851     0.000216     0.482207  
  1852     0.000215     0.482211  
  1853     0.000214     0.482212  
  1854     0.000213     0.482203  
  1855     0.000212     0.482201  
  1856     0.000212     0.482196  
  1857     0.000211     0.482191  
  1858     0.000210     0.482186  
  1859     0.000209     0.482191  
  1860     0.000208     0.482187  
  1861     0.000208     0.482186  
  1862     0.000207     0.482190  
  1863     0.000206     0.482196  
  1864     0.000205     0.482195  
  1865     0.000205     0.482193  
  1866     0.000204     0.482189  
  1867     0.000203     0.482191  
  1868     0.000202     0.482192  
  1869     0.000201     0.482201  
  1870     0.000200     0.482210  
  1871     0.000200     0.482201  
  1872     0.000199     0.482191  
  1873     0.000198     0.482191  
  1874     0.000198     0.482190  
  1875     0.000197     0.482204  
  1876     0.000196     0.482200  
  1877     0.000195     0.482198  
  1878     0.000194     0.482197  
  1879     0.000194     0.482192  
  1880     0.000193     0.482192  
  1881     0.000192     0.482194  
  1882     0.000192     0.482191  
  1883     0.000191     0.482192  
  1884     0.000190     0.482190  
  1885     0.000189     0.482185  
  1886     0.000189     0.482187  
  1887     0.000188     0.482198  
  1888     0.000187     0.482198  
  1889     0.000187     0.482192  
  1890     0.000186     0.482196  
  1891     0.000185     0.482196  
  1892     0.000185     0.482201  
  1893     0.000184     0.482195  
  1894     0.000183     0.482201  
  1895     0.000183     0.482207  
  1896     0.000182     0.482213  
  1897     0.000181     0.482217  
  1898     0.000181     0.482225  
  1899     0.000180     0.482232  
  1900     0.000179     0.482224  
  1901     0.000179     0.482225  
  1902     0.000178     0.482226  
  1903     0.000177     0.482218  
  1904     0.000177     0.482224  
  1905     0.000176     0.482219  
  1906     0.000176     0.482222  
  1907     0.000175     0.482219  
  1908     0.000174     0.482221  
  1909     0.000174     0.482224  
  1910     0.000173     0.482221  
  1911     0.000172     0.482217  
  1912     0.000172     0.482214  
  1913     0.000171     0.482205  
  1914     0.000171     0.482210  
  1915     0.000170     0.482207  
  1916     0.000169     0.482207  
  1917     0.000169     0.482205  
  1918     0.000168     0.482202  
  1919     0.000168     0.482208  
  1920     0.000167     0.482200  
  1921     0.000166     0.482203  
  1922     0.000166     0.482206  
  1923     0.000165     0.482204  
  1924     0.000164     0.482205  
  1925     0.000164     0.482206  
  1926     0.000163     0.482211  
  1927     0.000162     0.482212  
  1928     0.000162     0.482209  
  1929     0.000161     0.482211  
  1930     0.000161     0.482214  
  1931     0.000160     0.482218  
  1932     0.000160     0.482215  
  1933     0.000159     0.482214  
  1934     0.000158     0.482208  
  1935     0.000158     0.482205  
  1936     0.000157     0.482204  
  1937     0.000157     0.482203  
  1938     0.000156     0.482208  
  1939     0.000155     0.482209  
  1940     0.000155     0.482204  
  1941     0.000154     0.482203  
  1942     0.000154     0.482200  
  1943     0.000153     0.482203  
  1944     0.000153     0.482211  
  1945     0.000152     0.482215  
  1946     0.000151     0.482206  
  1947     0.000151     0.482212  
  1948     0.000150     0.482203  
  1949     0.000150     0.482205  
  1950     0.000149     0.482201  
  1951     0.000149     0.482203  
  1952     0.000148     0.482196  
  1953     0.000148     0.482191  
  1954     0.000147     0.482183  
  1955     0.000147     0.482178  
  1956     0.000146     0.482172  
  1957     0.000146     0.482171  
  1958     0.000145     0.482169  
  1959     0.000145     0.482163  
  1960     0.000144     0.482160  
  1961     0.000144     0.482153  
  1962     0.000143     0.482159  
  1963     0.000143     0.482156  
  1964     0.000142     0.482161  
  1965     0.000142     0.482169  
  1966     0.000141     0.482169  
  1967     0.000140     0.482162  
  1968     0.000140     0.482158  
  1969     0.000139     0.482161  
  1970     0.000139     0.482165  
  1971     0.000138     0.482159  
  1972     0.000138     0.482158  
  1973     0.000137     0.482146  
  1974     0.000137     0.482142  
  1975     0.000136     0.482139  
  1976     0.000136     0.482136  
  1977     0.000135     0.482134  
  1978     0.000135     0.482134  
  1979     0.000134     0.482135  
  1980     0.000134     0.482131  
  1981     0.000134     0.482135  
  1982     0.000133     0.482132  
  1983     0.000132     0.482128  
  1984     0.000132     0.482130  
  1985     0.000131     0.482138  
  1986     0.000131     0.482142  
  1987     0.000131     0.482140  
  1988     0.000130     0.482136  
  1989     0.000130     0.482135  
  1990     0.000129     0.482134  
  1991     0.000129     0.482133  
  1992     0.000128     0.482130  
  1993     0.000128     0.482131  
  1994     0.000127     0.482134  
  1995     0.000127     0.482136  
  1996     0.000126     0.482138  
  1997     0.000126     0.482134  
  1998     0.000125     0.482129  
  1999     0.000125     0.482127  
  2000     0.000125     0.482125  
  2001     0.000124     0.482121  
  2002     0.000124     0.482124  
  2003     0.000123     0.482114  
  2004     0.000123     0.482113  
  2005     0.000122     0.482110  
  2006     0.000122     0.482112  
  2007     0.000122     0.482117  
  2008     0.000121     0.482115  
  2009     0.000121     0.482110  
  2010     0.000120     0.482107  
  2011     0.000120     0.482104  
  2012     0.000119     0.482097  
  2013     0.000119     0.482101  
  2014     0.000118     0.482102  
  2015     0.000118     0.482098  
  2016     0.000118     0.482099  
  2017     0.000117     0.482104  
  2018     0.000117     0.482102  
  2019     0.000116     0.482100  
  2020     0.000116     0.482108  
  2021     0.000116     0.482109  
  2022     0.000115     0.482102  
  2023     0.000115     0.482101  
  2024     0.000114     0.482099  
  2025     0.000114     0.482101  
  2026     0.000113     0.482103  
  2027     0.000113     0.482102  
  2028     0.000113     0.482111  
  2029     0.000112     0.482106  
  2030     0.000112     0.482107  
  2031     0.000111     0.482108  
  2032     0.000111     0.482112  
  2033     0.000111     0.482109  
  2034     0.000110     0.482105  
  2035     0.000110     0.482112  
  2036     0.000109     0.482108  
  2037     0.000109     0.482112  
  2038     0.000109     0.482112  
  2039     0.000108     0.482115  
  2040     0.000108     0.482116  
  2041     0.000108     0.482114  
  2042     0.000107     0.482119  
  2043     0.000107     0.482114  
  2044     0.000106     0.482110  
  2045     0.000106     0.482111  
  2046     0.000106     0.482119  
  2047     0.000105     0.482115  
  2048     0.000105     0.482112  
  2049     0.000104     0.482111  
  2050     0.000104     0.482116  
  2051     0.000104     0.482117  
  2052     0.000103     0.482115  
  2053     0.000103     0.482118  
  2054     0.000102     0.482121  
  2055     0.000102     0.482121  
  2056     0.000102     0.482114  
  2057     0.000101     0.482114  
  2058     0.000101     0.482114  
  2059     0.000101     0.482114  
  2060     0.000100     0.482113  
  2061     0.000100     0.482111  
  2062     0.000100     0.482108  
  2063     0.000099     0.482107  
  2064     0.000099     0.482105  
  2065     0.000099     0.482103  
  2066     0.000098     0.482100  
  2067     0.000098     0.482098  
  2068     0.000098     0.482095  
  2069     0.000097     0.482088  
  2070     0.000097     0.482087  
  2071     0.000097     0.482084  
  2072     0.000096     0.482085  
  2073     0.000096     0.482082  
  2074     0.000095     0.482081  
  2075     0.000095     0.482077  
  2076     0.000095     0.482081  
  2077     0.000094     0.482082  
  2078     0.000094     0.482082  
  2079     0.000094     0.482081  
  2080     0.000093     0.482090  
  2081     0.000093     0.482088  
  2082     0.000093     0.482091  
  2083     0.000092     0.482090  
  2084     0.000092     0.482089  
  2085     0.000092     0.482087  
  2086     0.000091     0.482085  
  2087     0.000091     0.482083  
  2088     0.000091     0.482086  
  2089     0.000090     0.482093  
  2090     0.000090     0.482094  
  2091     0.000090     0.482093  
  2092     0.000089     0.482090  
  2093     0.000089     0.482091  
  2094     0.000089     0.482089  
  2095     0.000088     0.482089  
  2096     0.000088     0.482091  
  2097     0.000088     0.482087  
  2098     0.000087     0.482090  
  2099     0.000087     0.482085  
  2100     0.000087     0.482077  
  2101     0.000086     0.482078  
  2102     0.000086     0.482078  
  2103     0.000086     0.482076  
  2104     0.000086     0.482072  
  2105     0.000085     0.482074  
  2106     0.000085     0.482070  
  2107     0.000085     0.482068  
  2108     0.000084     0.482056  
  2109     0.000084     0.482058  
  2110     0.000084     0.482057  
  2111     0.000083     0.482055  
  2112     0.000083     0.482058  
  2113     0.000083     0.482052  
  2114     0.000082     0.482049  
  2115     0.000082     0.482047  
  2116     0.000082     0.482045  
  2117     0.000081     0.482043  
  2118     0.000081     0.482040  
  2119     0.000081     0.482032  
  2120     0.000081     0.482035  
  2121     0.000080     0.482040  
  2122     0.000080     0.482037  
  2123     0.000080     0.482035  
  2124     0.000079     0.482034  
  2125     0.000079     0.482034  
  2126     0.000079     0.482029  
  2127     0.000078     0.482030  
  2128     0.000078     0.482025  
  2129     0.000078     0.482029  
  2130     0.000078     0.482026  
  2131     0.000077     0.482025  
  2132     0.000077     0.482022  
  2133     0.000077     0.482023  
  2134     0.000077     0.482023  
  2135     0.000076     0.482023  
  2136     0.000076     0.482020  
  2137     0.000076     0.482030  
  2138     0.000075     0.482027  
  2139     0.000075     0.482019  
  2140     0.000075     0.482026  
  2141     0.000075     0.482021  
  2142     0.000074     0.482022  
  2143     0.000074     0.482021  
  2144     0.000074     0.482021  
  2145     0.000074     0.482020  
  2146     0.000073     0.482019  
  2147     0.000073     0.482024  
  2148     0.000073     0.482025  
  2149     0.000072     0.482028  
  2150     0.000072     0.482030  
  2151     0.000072     0.482029  
  2152     0.000072     0.482026  
  2153     0.000071     0.482030  
  2154     0.000071     0.482030  
  2155     0.000071     0.482024  
  2156     0.000071     0.482022  
  2157     0.000070     0.482020  
  2158     0.000070     0.482019  
  2159     0.000070     0.482017  
  2160     0.000070     0.482019  
  2161     0.000069     0.482021  
  2162     0.000069     0.482020  
  2163     0.000069     0.482017  
  2164     0.000069     0.482015  
  2165     0.000068     0.482009  
  2166     0.000068     0.482009  
  2167     0.000068     0.482004  
  2168     0.000068     0.482008  
  2169     0.000067     0.482009  
  2170     0.000067     0.482013  
  2171     0.000067     0.482014  
  2172     0.000067     0.482016  
  2173     0.000066     0.482014  
  2174     0.000066     0.482010  
  2175     0.000066     0.482010  
  2176     0.000066     0.482010  
  2177     0.000065     0.482011  
  2178     0.000065     0.482010  
  2179     0.000065     0.482005  
  2180     0.000065     0.482004  
  2181     0.000064     0.482004  
  2182     0.000064     0.482002  
  2183     0.000064     0.482002  
  2184     0.000064     0.481998  
  2185     0.000063     0.482000  
  2186     0.000063     0.481998  
  2187     0.000063     0.481996  
  2188     0.000063     0.481995  
  2189     0.000063     0.481996  
  2190     0.000062     0.481998  
  2191     0.000062     0.481993  
  2192     0.000062     0.481993  
  2193     0.000062     0.481989  
  2194     0.000061     0.481988  
  2195     0.000061     0.481991  
  2196     0.000061     0.481991  
  2197     0.000061     0.481990  
  2198     0.000061     0.481987  
  2199     0.000060     0.481988  
  2200     0.000060     0.481989  
  2201     0.000060     0.481991  
  2202     0.000060     0.481992  
  2203     0.000059     0.481991  
  2204     0.000059     0.481994  
  2205     0.000059     0.481992  
  2206     0.000059     0.481995  
  2207     0.000059     0.481993  
  2208     0.000058     0.481991  
  2209     0.000058     0.481990  
  2210     0.000058     0.481987  
  2211     0.000058     0.481984  
  2212     0.000058     0.481984  
  2213     0.000057     0.481983  
  2214     0.000057     0.481985  
  2215     0.000057     0.481987  
  2216     0.000057     0.481986  
  2217     0.000056     0.481985  
  2218     0.000056     0.481980  
  2219     0.000056     0.481980  
  2220     0.000056     0.481981  
  2221     0.000056     0.481984  
  2222     0.000055     0.481983  
  2223     0.000055     0.481983  
  2224     0.000055     0.481986  
  2225     0.000055     0.481983  
  2226     0.000055     0.481981  
  2227     0.000054     0.481982  
  2228     0.000054     0.481986  
  2229     0.000054     0.481986  
  2230     0.000054     0.481978  
  2231     0.000054     0.481978  
  2232     0.000053     0.481978  
  2233     0.000053     0.481977  
  2234     0.000053     0.481977  
  2235     0.000053     0.481976  
  2236     0.000053     0.481975  
  2237     0.000052     0.481976  
  2238     0.000052     0.481976  
  2239     0.000052     0.481978  
  2240     0.000052     0.481981  
  2241     0.000052     0.481980  
  2242     0.000051     0.481977  
  2243     0.000051     0.481978  
  2244     0.000051     0.481978  
  2245     0.000051     0.481979  
  2246     0.000051     0.481983  
  2247     0.000050     0.481977  
  2248     0.000050     0.481976  
  2249     0.000050     0.481973  
  2250     0.000050     0.481972  
  2251     0.000050     0.481976  
  2252     0.000050     0.481971  
  2253     0.000049     0.481973  
  2254     0.000049     0.481972  
  2255     0.000049     0.481970  
  2256     0.000049     0.481969  
  2257     0.000049     0.481968  
  2258     0.000048     0.481964  
  2259     0.000048     0.481961  
  2260     0.000048     0.481959  
  2261     0.000048     0.481960  
  2262     0.000048     0.481960  
  2263     0.000048     0.481960  
  2264     0.000047     0.481958  
  2265     0.000047     0.481959  
  2266     0.000047     0.481960  
  2267     0.000047     0.481962  
  2268     0.000047     0.481965  
  2269     0.000047     0.481962  
  2270     0.000046     0.481963  
  2271     0.000046     0.481962  
  2272     0.000046     0.481962  
  2273     0.000046     0.481957  
  2274     0.000046     0.481957  
  2275     0.000045     0.481955  
  2276     0.000045     0.481953  
  2277     0.000045     0.481947  
  2278     0.000045     0.481946  
  2279     0.000045     0.481947  
  2280     0.000045     0.481949  
  2281     0.000045     0.481946  
  2282     0.000044     0.481943  
  2283     0.000044     0.481945  
  2284     0.000044     0.481944  
  2285     0.000044     0.481952  
  2286     0.000044     0.481952  
  2287     0.000044     0.481953  
  2288     0.000043     0.481953  
  2289     0.000043     0.481955  
  2290     0.000043     0.481955  
  2291     0.000043     0.481955  
  2292     0.000043     0.481955  
  2293     0.000043     0.481956  
  2294     0.000042     0.481956  
  2295     0.000042     0.481957  
  2296     0.000042     0.481958  
  2297     0.000042     0.481955  
  2298     0.000042     0.481956  
  2299     0.000042     0.481952  
  2300     0.000041     0.481954  
  2301     0.000041     0.481956  
  2302     0.000041     0.481954  
  2303     0.000041     0.481953  
  2304     0.000041     0.481951  
  2305     0.000041     0.481947  
  2306     0.000041     0.481951  
  2307     0.000040     0.481952  
  2308     0.000040     0.481954  
  2309     0.000040     0.481952  
  2310     0.000040     0.481951  
  2311     0.000040     0.481952  
  2312     0.000040     0.481954  
  2313     0.000040     0.481955  
  2314     0.000039     0.481951  
  2315     0.000039     0.481952  
  2316     0.000039     0.481950  
  2317     0.000039     0.481949  
  2318     0.000039     0.481949  
  2319     0.000039     0.481949  
  2320     0.000039     0.481949  
  2321     0.000038     0.481945  
  2322     0.000038     0.481942  
  2323     0.000038     0.481943  
  2324     0.000038     0.481941  
  2325     0.000038     0.481941  
  2326     0.000038     0.481940  
  2327     0.000038     0.481936  
  2328     0.000037     0.481934  
  2329     0.000037     0.481934  
  2330     0.000037     0.481932  
  2331     0.000037     0.481931  
  2332     0.000037     0.481931  
  2333     0.000037     0.481932  
  2334     0.000037     0.481931  
  2335     0.000037     0.481934  
  2336     0.000036     0.481932  
  2337     0.000036     0.481931  
  2338     0.000036     0.481933  
  2339     0.000036     0.481935  
  2340     0.000036     0.481933  
  2341     0.000036     0.481934  
  2342     0.000036     0.481930  
  2343     0.000035     0.481931  
  2344     0.000035     0.481931  
  2345     0.000035     0.481930  
  2346     0.000035     0.481929  * best
  2347     0.000035     0.481929  
  2348     0.000035     0.481932  
  2349     0.000035     0.481935  
  2350     0.000035     0.481934  
  2351     0.000034     0.481933  
  2352     0.000034     0.481934  
  2353     0.000034     0.481938  
  2354     0.000034     0.481941  
  2355     0.000034     0.481942  
  2356     0.000034     0.481944  
  2357     0.000034     0.481942  
  2358     0.000034     0.481942  
  2359     0.000033     0.481941  
  2360     0.000033     0.481938  
  2361     0.000033     0.481939  
  2362     0.000033     0.481945  
  2363     0.000033     0.481945  
  2364     0.000033     0.481945  
  2365     0.000033     0.481945  
  2366     0.000033     0.481943  
  2367     0.000032     0.481945  
  2368     0.000032     0.481944  
  2369     0.000032     0.481946  
  2370     0.000032     0.481947  
  2371     0.000032     0.481948  
  2372     0.000032     0.481948  
  2373     0.000032     0.481944  
  2374     0.000032     0.481945  
  2375     0.000032     0.481944  
  2376     0.000031     0.481944  
  2377     0.000031     0.481945  
  2378     0.000031     0.481944  
  2379     0.000031     0.481943  
  2380     0.000031     0.481946  
  2381     0.000031     0.481945  
  2382     0.000031     0.481948  
  2383     0.000031     0.481946  
  2384     0.000031     0.481948  
  2385     0.000030     0.481947  
  2386     0.000030     0.481944  
  2387     0.000030     0.481943  
  2388     0.000030     0.481943  
  2389     0.000030     0.481944  
  2390     0.000030     0.481943  
  2391     0.000030     0.481943  
  2392     0.000030     0.481939  
  2393     0.000030     0.481940  
  2394     0.000029     0.481941  
  2395     0.000029     0.481941  
  2396     0.000029     0.481942  
  2397     0.000029     0.481940  
  2398     0.000029     0.481940  
  2399     0.000029     0.481945  
  2400     0.000029     0.481945  
  2401     0.000029     0.481946  
  2402     0.000029     0.481945  
  2403     0.000028     0.481944  
  2404     0.000028     0.481944  
  2405     0.000028     0.481945  
  2406     0.000028     0.481944  
  2407     0.000028     0.481952  
  2408     0.000028     0.481952  
  2409     0.000028     0.481955  
  2410     0.000028     0.481955  
  2411     0.000028     0.481954  
  2412     0.000028     0.481956  
  2413     0.000027     0.481955  
  2414     0.000027     0.481955  
  2415     0.000027     0.481955  
  2416     0.000027     0.481958  
  2417     0.000027     0.481960  
  2418     0.000027     0.481959  
  2419     0.000027     0.481960  
  2420     0.000027     0.481959  
  2421     0.000027     0.481957  
  2422     0.000027     0.481959  
  2423     0.000027     0.481956  
  2424     0.000026     0.481954  
  2425     0.000026     0.481958  
  2426     0.000026     0.481958  
  2427     0.000026     0.481956  
  2428     0.000026     0.481953  
  2429     0.000026     0.481954  
  2430     0.000026     0.481954  
  2431     0.000026     0.481954  
  2432     0.000026     0.481954  
  2433     0.000026     0.481955  
  2434     0.000025     0.481953  
  2435     0.000025     0.481953  
  2436     0.000025     0.481953  
  2437     0.000025     0.481954  
  2438     0.000025     0.481954  
  2439     0.000025     0.481956  
  2440     0.000025     0.481954  
  2441     0.000025     0.481954  
  2442     0.000025     0.481954  
  2443     0.000025     0.481953  
  2444     0.000025     0.481956  
  2445     0.000025     0.481960  
  2446     0.000024     0.481960  
# best iteration 2346 (val l2 0.481929)
# Spearman  train +0.9951  val +0.7281  test +0.7265
