# gbm_boltz_pooled seed 3
# Boltz pooled blocks
# inputs 1547, 162 trees
# LightGBM gradient-boosted trees, objective l2, lr 0.05, num_leaves 31, min_data_in_leaf 20, feature_fraction 0.3, bagging 0.8, lambda_l2 1.0, up to 3000 rounds, early stopping 100 on validation l2
# loss = l2 on standardised log10 half-life
#
 round        train          val  note
     1     0.965640     0.806538  
     2     0.933031     0.799193  
     3     0.900994     0.790016  
     4     0.871435     0.785037  
     5     0.843710     0.774254  
     6     0.819838     0.771067  
     7     0.795973     0.764296  
     8     0.773768     0.757142  
     9     0.753028     0.750623  
    10     0.733014     0.746499  
    11     0.714785     0.742331  
    12     0.697295     0.739036  
    13     0.681023     0.733235  
    14     0.665498     0.728078  
    15     0.651427     0.725326  
    16     0.638073     0.724351  
    17     0.625748     0.718646  
    18     0.613849     0.715949  
    19     0.602506     0.710033  
    20     0.592133     0.707193  
    21     0.582346     0.703923  
    22     0.571664     0.699624  
    23     0.561802     0.698516  
    24     0.553198     0.695375  
    25     0.545327     0.695050  
    26     0.537531     0.693164  
    27     0.529900     0.686915  
    28     0.522238     0.685375  
    29     0.514829     0.684405  
    30     0.508022     0.685350  
    31     0.501660     0.683876  
    32     0.495204     0.682290  
    33     0.488821     0.680328  
    34     0.482654     0.678838  
    35     0.476888     0.676763  
    36     0.471297     0.674386  
    37     0.465586     0.673093  
    38     0.459992     0.671121  
    39     0.454360     0.670355  
    40     0.449266     0.670011  
    41     0.444165     0.668305  
    42     0.439892     0.666919  
    43     0.435023     0.667035  
    44     0.430356     0.665187  
    45     0.425932     0.664202  
    46     0.421725     0.661497  
    47     0.417500     0.659774  
    48     0.413600     0.658870  
    49     0.409312     0.655901  
    50     0.405707     0.653325  
    51     0.401743     0.653543  
    52     0.398256     0.652681  
    53     0.394432     0.651514  
    54     0.390857     0.650007  
    55     0.387525     0.650130  
    56     0.383826     0.649763  
    57     0.380465     0.647114  
    58     0.376758     0.646147  
    59     0.373748     0.645592  
    60     0.370739     0.645973  
    61     0.367627     0.645439  
    62     0.364543     0.644727  
    63     0.361719     0.644441  
    64     0.358780     0.643531  
    65     0.355700     0.642651  
    66     0.352858     0.642288  
    67     0.350073     0.641222  
    68     0.347387     0.640201  
    69     0.344793     0.640742  
    70     0.342355     0.639784  
    71     0.339970     0.639005  
    72     0.337360     0.638538  
    73     0.334971     0.637914  
    74     0.332378     0.637324  
    75     0.329977     0.637344  
    76     0.327638     0.637684  
    77     0.324853     0.637744  
    78     0.322502     0.635372  
    79     0.320273     0.635616  
    80     0.317643     0.636534  
    81     0.315160     0.636230  
    82     0.312882     0.635894  
    83     0.310490     0.636026  
    84     0.308455     0.635605  
    85     0.306553     0.634437  
    86     0.304436     0.634036  
    87     0.302304     0.634248  
    88     0.300372     0.633388  
    89     0.298547     0.633258  
    90     0.296515     0.633001  
    91     0.294444     0.632819  
    92     0.292513     0.632830  
    93     0.290697     0.633181  
    94     0.288737     0.633330  
    95     0.286904     0.632588  
    96     0.284966     0.633418  
    97     0.283051     0.633679  
    98     0.281035     0.634538  
    99     0.279263     0.634254  
   100     0.277561     0.633833  
   101     0.275880     0.633123  
   102     0.273913     0.632485  
   103     0.272219     0.632345  
   104     0.270481     0.632183  
   105     0.268741     0.631226  
   106     0.267156     0.631060  
   107     0.265475     0.631627  
   108     0.263838     0.631573  
   109     0.262159     0.631203  
   110     0.260544     0.631351  
   111     0.258930     0.631282  
   112     0.257198     0.630458  
   113     0.255630     0.629603  
   114     0.254068     0.629222  
   115     0.252564     0.629707  
   116     0.251038     0.630230  
   117     0.249627     0.630146  
   118     0.248189     0.630659  
   119     0.246684     0.630594  
   120     0.245160     0.629773  
   121     0.243643     0.628467  
   122     0.242157     0.628552  
   123     0.240751     0.627400  
   124     0.239301     0.627587  
   125     0.237903     0.627657  
   126     0.236608     0.628019  
   127     0.235261     0.627955  
   128     0.233940     0.628489  
   129     0.232559     0.627896  
   130     0.231206     0.627893  
   131     0.229925     0.627494  
   132     0.228537     0.627681  
   133     0.227212     0.627996  
   134     0.225917     0.628223  
   135     0.224458     0.627528  
   136     0.223150     0.627423  
   137     0.221750     0.627197  
   138     0.220508     0.627109  
   139     0.219211     0.626705  
   140     0.217942     0.627456  
   141     0.216745     0.627364  
   142     0.215605     0.627087  
   143     0.214507     0.627394  
   144     0.213221     0.627282  
   145     0.212083     0.626590  
   146     0.210947     0.626702  
   147     0.209737     0.626701  
   148     0.208674     0.626435  
   149     0.207504     0.626585  
   150     0.206443     0.625459  
   151     0.205274     0.625656  
   152     0.204091     0.624519  
   153     0.202938     0.625209  
   154     0.201849     0.624170  
   155     0.200795     0.624191  
   156     0.199739     0.623885  
   157     0.198592     0.624010  
   158     0.197527     0.624111  
   159     0.196518     0.624284  
   160     0.195429     0.624234  
   161     0.194453     0.623657  
   162     0.193418     0.622973  * best
   163     0.192373     0.624066  
   164     0.191320     0.624174  
   165     0.190334     0.624522  
   166     0.189409     0.624429  
   167     0.188433     0.624832  
   168     0.187373     0.624891  
   169     0.186329     0.625213  
   170     0.185420     0.624846  
   171     0.184498     0.625218  
   172     0.183528     0.625167  
   173     0.182574     0.624905  
   174     0.181599     0.625930  
   175     0.180664     0.626419  
   176     0.179700     0.626740  
   177     0.178739     0.627239  
   178     0.177762     0.626363  
   179     0.176914     0.626538  
   180     0.176032     0.626807  
   181     0.175164     0.626751  
   182     0.174215     0.626189  
   183     0.173302     0.626064  
   184     0.172388     0.625950  
   185     0.171512     0.625800  
   186     0.170651     0.626033  
   187     0.169723     0.626271  
   188     0.168859     0.626103  
   189     0.167937     0.626565  
   190     0.167123     0.626226  
   191     0.166241     0.625960  
   192     0.165395     0.625785  
   193     0.164513     0.626096  
   194     0.163619     0.626212  
   195     0.162751     0.626142  
   196     0.161942     0.626227  
   197     0.161116     0.626138  
   198     0.160352     0.626106  
   199     0.159527     0.626614  
   200     0.158685     0.626892  
   201     0.157936     0.627158  
   202     0.157158     0.627515  
   203     0.156338     0.626775  
   204     0.155586     0.626563  
   205     0.154813     0.625215  
   206     0.153920     0.625351  
   207     0.153162     0.625449  
   208     0.152479     0.624974  
   209     0.151717     0.624957  
   210     0.150933     0.625011  
   211     0.150222     0.624845  
   212     0.149549     0.624692  
   213     0.148757     0.625144  
   214     0.148030     0.625152  
   215     0.147295     0.624939  
   216     0.146555     0.624870  
   217     0.145820     0.625141  
   218     0.145146     0.625561  
   219     0.144448     0.625833  
   220     0.143639     0.625337  
   221     0.142938     0.624872  
   222     0.142320     0.624062  
   223     0.141644     0.624712  
   224     0.140922     0.624765  
   225     0.140281     0.624607  
   226     0.139583     0.624143  
   227     0.138904     0.624924  
   228     0.138350     0.624712  
   229     0.137708     0.624479  
   230     0.137116     0.625172  
   231     0.136420     0.625458  
   232     0.135774     0.625555  
   233     0.135094     0.625779  
   234     0.134438     0.626186  
   235     0.133808     0.626018  
   236     0.133125     0.625939  
   237     0.132445     0.625399  
   238     0.131830     0.625212  
   239     0.131285     0.625547  
   240     0.130681     0.624933  
   241     0.130076     0.625226  
   242     0.129484     0.625058  
   243     0.128937     0.625346  
   244     0.128318     0.624827  
   245     0.127652     0.624601  
   246     0.127010     0.624735  
   247     0.126348     0.624947  
   248     0.125774     0.624920  
   249     0.125180     0.624705  
   250     0.124550     0.625012  
   251     0.123987     0.625086  
   252     0.123412     0.625412  
   253     0.122818     0.625743  
   254     0.122231     0.625431  
   255     0.121653     0.625710  
   256     0.121110     0.625704  
   257     0.120520     0.625894  
   258     0.119995     0.626101  
   259     0.119470     0.626210  
   260     0.118963     0.626170  
   261     0.118396     0.627093  
   262     0.117906     0.626945  
# best iteration 162 (val l2 0.622973)
# Spearman  train +0.9142  val +0.3959  test +0.6165
