# gbm_seq+node+energy+edge seed 0
# boosted trees on seq+node+energy+edge
# inputs 27260, 135 trees
# LightGBM gradient-boosted trees, objective l2, lr 0.05, num_leaves 31, min_data_in_leaf 20, feature_fraction 0.3, bagging 0.8, lambda_l2 1.0, up to 3000 rounds, early stopping 100 on validation l2
# loss = l2 on standardised log10 half-life
#
 round        train          val  note
     1     0.958320     0.809887  
     2     0.920285     0.806672  
     3     0.885406     0.797548  
     4     0.852910     0.788536  
     5     0.823332     0.785137  
     6     0.795881     0.778094  
     7     0.769703     0.769839  
     8     0.745880     0.764819  
     9     0.724322     0.758193  
    10     0.704633     0.761432  
    11     0.685566     0.764808  
    12     0.667373     0.758861  
    13     0.650823     0.754327  
    14     0.635242     0.753030  
    15     0.620676     0.757521  
    16     0.606225     0.756116  
    17     0.593258     0.751680  
    18     0.580188     0.750162  
    19     0.568595     0.748198  
    20     0.557604     0.747766  
    21     0.547307     0.747013  
    22     0.537151     0.742871  
    23     0.528136     0.742887  
    24     0.519110     0.741280  
    25     0.510707     0.741056  
    26     0.502762     0.739170  
    27     0.495528     0.739535  
    28     0.488203     0.738371  
    29     0.480895     0.738879  
    30     0.474045     0.737989  
    31     0.467279     0.736982  
    32     0.461257     0.738416  
    33     0.455416     0.739057  
    34     0.449673     0.739244  
    35     0.444217     0.739028  
    36     0.438485     0.737384  
    37     0.433640     0.735671  
    38     0.428530     0.735248  
    39     0.423448     0.735757  
    40     0.418461     0.734985  
    41     0.413567     0.736145  
    42     0.408818     0.736126  
    43     0.404600     0.736306  
    44     0.400188     0.734879  
    45     0.395913     0.733646  
    46     0.391569     0.730779  
    47     0.387538     0.730734  
    48     0.383852     0.731636  
    49     0.380226     0.731490  
    50     0.376252     0.730920  
    51     0.372594     0.731037  
    52     0.368860     0.730123  
    53     0.365442     0.730625  
    54     0.361899     0.730600  
    55     0.358646     0.729724  
    56     0.355299     0.730336  
    57     0.351972     0.731684  
    58     0.348827     0.732591  
    59     0.345810     0.731366  
    60     0.342627     0.731167  
    61     0.339550     0.731376  
    62     0.336327     0.731239  
    63     0.333519     0.730371  
    64     0.330616     0.730338  
    65     0.327804     0.729620  
    66     0.324914     0.729654  
    67     0.322214     0.731431  
    68     0.319683     0.730426  
    69     0.317107     0.730622  
    70     0.314502     0.730796  
    71     0.311904     0.731054  
    72     0.309208     0.730522  
    73     0.306462     0.730017  
    74     0.303886     0.728871  
    75     0.301305     0.728476  
    76     0.298744     0.728387  
    77     0.296590     0.729643  
    78     0.294083     0.729533  
    79     0.291688     0.729692  
    80     0.289386     0.729345  
    81     0.287148     0.729255  
    82     0.284906     0.729215  
    83     0.282690     0.729168  
    84     0.280460     0.730114  
    85     0.278237     0.730947  
    86     0.276099     0.730892  
    87     0.273968     0.730530  
    88     0.271799     0.730917  
    89     0.269693     0.730447  
    90     0.267503     0.730552  
    91     0.265600     0.730678  
    92     0.263655     0.729721  
    93     0.261585     0.728557  
    94     0.259457     0.729643  
    95     0.257378     0.728743  
    96     0.255462     0.728928  
    97     0.253535     0.728624  
    98     0.251704     0.728993  
    99     0.249873     0.728955  
   100     0.248080     0.728850  
   101     0.246212     0.728304  
   102     0.244165     0.728598  
   103     0.242412     0.728404  
   104     0.240658     0.728114  
   105     0.238919     0.727905  
   106     0.237186     0.727870  
   107     0.235435     0.727601  
   108     0.233756     0.727133  
   109     0.232036     0.726259  
   110     0.230362     0.727111  
   111     0.228636     0.726189  
   112     0.226966     0.725365  
   113     0.225433     0.725533  
   114     0.223847     0.724946  
   115     0.222222     0.724635  
   116     0.220633     0.724961  
   117     0.219060     0.724716  
   118     0.217547     0.724835  
   119     0.215999     0.725654  
   120     0.214532     0.726526  
   121     0.212966     0.725645  
   122     0.211469     0.726187  
   123     0.210002     0.726400  
   124     0.208632     0.726439  
   125     0.207185     0.726488  
   126     0.205662     0.726370  
   127     0.204111     0.724181  
   128     0.202607     0.723869  
   129     0.201149     0.724712  
   130     0.199799     0.724339  
   131     0.198455     0.725141  
   132     0.197081     0.725062  
   133     0.195741     0.724215  
   134     0.194454     0.724143  
   135     0.193205     0.723235  * best
   136     0.191917     0.723606  
   137     0.190561     0.723607  
   138     0.189246     0.724524  
   139     0.187947     0.724075  
   140     0.186697     0.724004  
   141     0.185459     0.724189  
   142     0.184292     0.724455  
   143     0.183088     0.724452  
   144     0.181877     0.724913  
   145     0.180757     0.726576  
   146     0.179636     0.726613  
   147     0.178497     0.726773  
   148     0.177322     0.726711  
   149     0.176135     0.727079  
   150     0.175004     0.726664  
   151     0.173855     0.726666  
   152     0.172724     0.727017  
   153     0.171606     0.726209  
   154     0.170522     0.725440  
   155     0.169441     0.725149  
   156     0.168285     0.725077  
   157     0.167135     0.724931  
   158     0.166065     0.724702  
   159     0.165025     0.724290  
   160     0.163953     0.724502  
   161     0.162842     0.724858  
   162     0.161792     0.725041  
   163     0.160749     0.725815  
   164     0.159734     0.725390  
   165     0.158673     0.725313  
   166     0.157664     0.725893  
   167     0.156678     0.726822  
   168     0.155714     0.727495  
   169     0.154733     0.727853  
   170     0.153755     0.727091  
   171     0.152858     0.727182  
   172     0.151932     0.727924  
   173     0.150987     0.727753  
   174     0.150038     0.728201  
   175     0.149086     0.728418  
   176     0.148159     0.728654  
   177     0.147272     0.729063  
   178     0.146289     0.729415  
   179     0.145353     0.730928  
   180     0.144484     0.731340  
   181     0.143535     0.731005  
   182     0.142639     0.731662  
   183     0.141748     0.731589  
   184     0.140870     0.731629  
   185     0.140028     0.732338  
   186     0.139070     0.731178  
   187     0.138211     0.731227  
   188     0.137329     0.731536  
   189     0.136449     0.731366  
   190     0.135615     0.732008  
   191     0.134771     0.731554  
   192     0.133951     0.731308  
   193     0.133125     0.731297  
   194     0.132333     0.733132  
   195     0.131484     0.733476  
   196     0.130695     0.733227  
   197     0.129910     0.733323  
   198     0.129123     0.733349  
   199     0.128374     0.733343  
   200     0.127582     0.734806  
   201     0.126783     0.734746  
   202     0.126012     0.734767  
   203     0.125265     0.734468  
   204     0.124490     0.735049  
   205     0.123772     0.734563  
   206     0.123025     0.734898  
   207     0.122199     0.734659  
   208     0.121482     0.734439  
   209     0.120760     0.734585  
   210     0.120068     0.735230  
   211     0.119331     0.735827  
   212     0.118618     0.735706  
   213     0.117911     0.735664  
   214     0.117172     0.735393  
   215     0.116466     0.734867  
   216     0.115788     0.734837  
   217     0.115045     0.735221  
   218     0.114371     0.734909  
   219     0.113702     0.734689  
   220     0.113028     0.735053  
   221     0.112348     0.734887  
   222     0.111672     0.734380  
   223     0.110989     0.734466  
   224     0.110316     0.734763  
   225     0.109621     0.734847  
   226     0.108936     0.734754  
   227     0.108336     0.734777  
   228     0.107741     0.734892  
   229     0.107108     0.735210  
   230     0.106468     0.736023  
   231     0.105879     0.735676  
   232     0.105305     0.735997  
   233     0.104720     0.735378  
   234     0.104191     0.735375  
   235     0.103625     0.735183  
# best iteration 135 (val l2 0.723235)
# Spearman  train +0.9160  val +0.2227  test +0.0689
