# gbm_node+edge seed 0
# boosted trees on node+edge
# inputs 25970, 27 trees
# LightGBM gradient-boosted trees, objective l2, lr 0.05, num_leaves 31, min_data_in_leaf 20, feature_fraction 0.3, bagging 0.8, lambda_l2 1.0, up to 3000 rounds, early stopping 100 on validation l2
# loss = l2 on standardised log10 half-life
#
 round        train          val  note
     1     0.958927     0.810678  
     2     0.922810     0.796233  
     3     0.889622     0.786190  
     4     0.860036     0.776381  
     5     0.831228     0.770561  
     6     0.804721     0.766626  
     7     0.779987     0.761904  
     8     0.756400     0.754996  
     9     0.733458     0.747658  
    10     0.713302     0.744219  
    11     0.694488     0.739496  
    12     0.677127     0.735945  
    13     0.660183     0.731732  
    14     0.644751     0.727678  
    15     0.630708     0.722310  
    16     0.617298     0.718783  
    17     0.603848     0.715380  
    18     0.591770     0.712939  
    19     0.580182     0.711051  
    20     0.568705     0.708385  
    21     0.558042     0.707930  
    22     0.548541     0.708056  
    23     0.538741     0.708696  
    24     0.529698     0.707279  
    25     0.520835     0.705668  
    26     0.512493     0.705134  
    27     0.504979     0.703981  * best
    28     0.497653     0.704371  
    29     0.490549     0.704640  
    30     0.483488     0.706772  
    31     0.476764     0.708041  
    32     0.470882     0.706925  
    33     0.465482     0.707947  
    34     0.459457     0.708669  
    35     0.453432     0.708685  
    36     0.447811     0.708233  
    37     0.442104     0.707627  
    38     0.436699     0.708590  
    39     0.431881     0.708222  
    40     0.426997     0.711840  
    41     0.422133     0.713031  
    42     0.417831     0.712067  
    43     0.413375     0.713068  
    44     0.409193     0.714057  
    45     0.404803     0.714079  
    46     0.400182     0.713968  
    47     0.395780     0.714108  
    48     0.391305     0.716052  
    49     0.387621     0.716013  
    50     0.383912     0.716513  
    51     0.380147     0.718739  
    52     0.376617     0.718393  
    53     0.373163     0.718650  
    54     0.369727     0.718689  
    55     0.366179     0.720329  
    56     0.362604     0.720010  
    57     0.359314     0.720433  
    58     0.355964     0.720862  
    59     0.352855     0.722101  
    60     0.349889     0.721849  
    61     0.346404     0.724031  
    62     0.343374     0.724091  
    63     0.340325     0.725170  
    64     0.337410     0.726181  
    65     0.334417     0.726699  
    66     0.331511     0.727931  
    67     0.328663     0.728631  
    68     0.325843     0.728340  
    69     0.323163     0.727577  
    70     0.320303     0.729440  
    71     0.317787     0.729424  
    72     0.315171     0.728977  
    73     0.312413     0.729372  
    74     0.309834     0.730221  
    75     0.307215     0.730548  
    76     0.304694     0.730699  
    77     0.301918     0.729628  
    78     0.299526     0.729922  
    79     0.297055     0.730102  
    80     0.294866     0.731156  
    81     0.292550     0.732006  
    82     0.290223     0.731382  
    83     0.287949     0.730298  
    84     0.285791     0.730586  
    85     0.283756     0.730328  
    86     0.281418     0.731734  
    87     0.279164     0.731762  
    88     0.276958     0.733318  
    89     0.274792     0.733101  
    90     0.272601     0.733782  
    91     0.270427     0.734258  
    92     0.268428     0.733220  
    93     0.266223     0.733482  
    94     0.264388     0.734082  
    95     0.262366     0.734483  
    96     0.260399     0.734399  
    97     0.258361     0.734586  
    98     0.256495     0.734853  
    99     0.254464     0.735056  
   100     0.252576     0.735540  
   101     0.250665     0.736117  
   102     0.248817     0.736697  
   103     0.246661     0.736674  
   104     0.244910     0.736693  
   105     0.242898     0.736127  
   106     0.241029     0.736479  
   107     0.239145     0.735817  
   108     0.237210     0.734820  
   109     0.235629     0.735986  
   110     0.233990     0.734763  
   111     0.232413     0.734610  
   112     0.230719     0.735586  
   113     0.229106     0.737086  
   114     0.227512     0.737548  
   115     0.225783     0.739090  
   116     0.224166     0.737898  
   117     0.222544     0.739378  
   118     0.220947     0.739834  
   119     0.219209     0.740911  
   120     0.217743     0.739966  
   121     0.216206     0.740368  
   122     0.214714     0.740998  
   123     0.213158     0.740690  
   124     0.211724     0.740827  
   125     0.210252     0.741234  
   126     0.208776     0.741365  
   127     0.207361     0.741761  
# best iteration 27 (val l2 0.703981)
# Spearman  train +0.7776  val +0.1789  test -0.0733
