# mlp_boltz+edge seed 0
# perceptron on boltz+edge
# inputs [(15997,)], 2,051,905 parameters
# Linear(n_in,128) -> GELU -> Dropout(0.3) -> Linear(128,32) -> GELU -> Dropout(0.3) -> Linear(32,1)
# Adam lr=0.001 weight_decay=0.0001 batch=32 dropout=0.3
# loss = MSE on standardised log10 half-life
# early stopping on validation loss, patience 40, max 300 epochs
#
 epoch  train_batch        train          val  note
     1    34.014898    37.620972     0.772486  * best
     2    31.460261    20.564873     0.729304  * best
     3    60.653295   123.186821     0.831108  
     4    91.886931    18.000658     0.707746  * best
     5    42.742228     8.719827     0.704899  * best
     6    17.731420     2.524738     0.678776  * best
     7     8.334020    11.833157     0.693213  
     8    10.993470     2.272232     0.657187  * best
     9     2.249529     0.583479     0.672786  
    10     2.087909     1.094382     0.691232  
    11     0.979975     0.564131     0.644098  * best
    12     1.331244     0.508437     0.634116  * best
    13     1.489226     0.773071     0.641650  
    14     0.706664     0.661749     0.620453  * best
    15     2.125705     0.420754     0.644028  
    16     0.576686     0.388783     0.634566  
    17     0.516606     0.357210     0.632603  
    18     0.540056     0.378222     0.631603  
    19     0.617337     0.416542     0.655534  
    20     0.528625     0.365654     0.636338  
    21     0.954614     0.595965     0.701367  
    22     0.645793     0.417511     0.682369  
    23     0.558419     0.363348     0.670561  
    24     0.506892     0.342792     0.664491  
    25     0.491797     0.322939     0.661023  
    26     0.586309     0.477200     0.678255  
    27     0.475182     0.293825     0.637077  
    28     0.464243     0.470037     0.653949  
    29     0.454937     0.323239     0.639396  
    30     0.688318     0.329411     0.643335  
    31     0.676952     2.037054     0.891147  
    32     0.751240     0.392236     0.640491  
    33     0.504610     0.344347     0.633370  
    34     0.494895     0.284783     0.611534  * best
    35     0.471094     0.263958     0.610393  * best
    36     0.493098     0.266118     0.617070  
    37     0.438622     0.267254     0.610892  
    38     0.421814     0.237914     0.626478  
    39     0.401365     0.216591     0.626615  
    40     0.393805     0.213072     0.659841  
    41     0.384236     0.241161     0.628536  
    42     0.369465     0.224776     0.590936  * best
    43     0.385153     0.220092     0.683057  
    44     0.381988     0.232898     0.638093  
    45     0.561200     0.311651     0.630996  
    46     0.422257     0.241648     0.643213  
    47     0.394898     0.232323     0.654652  
    48     0.475248     0.489598     0.770481  
    49     0.507043     0.391918     0.665788  
    50     0.471975     0.371024     0.630858  
    51     0.448139     0.314975     0.646439  
    52     0.434396     0.266787     0.627951  
    53     0.450751     0.249669     0.660741  
    54     0.378999     0.211466     0.652265  
    55     0.375045     0.222614     0.643343  
    56     0.352235     0.193163     0.653016  
    57     0.342698     0.203209     0.607475  
    58     0.357090     1.054720     0.633612  
    59     0.506922     0.602120     0.649685  
    60     0.382576     0.437394     0.660677  
    61     0.355524     0.403495     0.656634  
    62     1.330070     0.203183     0.638544  
    63     0.436589     0.222759     0.658184  
    64     0.355658     0.158413     0.634715  
    65     0.330110     0.189221     0.689300  
    66     0.329366     0.254900     0.686095  
    67     0.337031     0.222476     0.613007  
    68     0.334300     0.172809     0.652378  
    69     0.330335     0.215222     0.611015  
    70     0.320856     0.166745     0.642773  
    71     0.327381     0.193420     0.676709  
    72     0.305732     0.183993     0.676703  
    73     0.344256     0.230999     0.668456  
    74     0.364278     0.218812     0.625987  
    75     0.345082     0.224497     0.683642  
    76     0.349195     0.199745     0.719960  
    77     0.328720     0.249062     0.658378  
    78     0.337605     0.184372     0.649830  
    79     0.391091     0.271847     0.565353  * best
    80     0.377197     0.193191     0.661866  
    81     0.355809     0.235793     0.605887  
    82     0.350358     0.204136     0.613167  
    83     0.355192     0.201582     0.618900  
    84     0.565756     0.342391     0.626613  
    85     0.476099     0.316040     0.639407  
    86     0.810235     0.281119     0.589135  
    87     0.421720     0.308367     0.624562  
    88     0.392686     0.226765     0.682683  
    89     0.472830     0.198298     0.634419  
    90     0.369714     0.216498     0.616604  
    91     0.332623     0.201472     0.681514  
    92     0.348710     0.173619     0.702698  
    93     0.607757     0.530204     0.688621  
    94     0.494938     0.244044     0.660883  
    95     0.458761     0.230809     0.649419  
    96     0.439210     0.224680     0.644788  
    97     0.408245     0.280327     0.623948  
    98     0.444459     0.298984     0.614925  
    99     0.435201     0.261326     0.589372  
   100     0.904204     0.309933     0.661536  
   101     0.504632     0.263322     0.659084  
   102     0.462570     0.267097     0.605289  
   103     0.462099     0.254309     0.577887  
   104     0.469939     0.279929     0.623145  
   105     0.453344     0.229921     0.606046  
   106     0.454849     0.206055     0.633130  
   107     0.388391     0.211370     0.637668  
   108     0.400437     0.168439     0.697548  
   109     0.350537     0.187467     0.644344  
   110     0.348288     0.175698     0.656757  
   111     0.327156     0.175795     0.617370  
   112     0.325861     0.162211     0.679527  
   113     0.334171     0.158808     0.658578  
   114     0.313362     0.162972     0.645437  
   115     0.309575     0.185456     0.647353  
   116     0.296022     0.156686     0.641479  
   117     0.314546     0.186096     0.649721  
   118     0.303214     0.170980     0.612350  
   119     0.300781     0.154978     0.635018  
# stopped at epoch 119: no improvement for 40 epochs
# restored epoch 79 (val MSE 0.565353)
# Spearman  train +0.9093  val +0.4465  test +0.4429
