# gbm_seq+energy+edge seed 0
# boosted trees on seq+energy+edge
# inputs 15740, 1,332 trees
# LightGBM gradient-boosted trees, objective l2, lr 0.05, num_leaves 31, min_data_in_leaf 20, feature_fraction 0.3, bagging 0.8, lambda_l2 1.0, up to 3000 rounds, early stopping 100 on validation l2
# loss = l2 on standardised log10 half-life
#
 round        train          val  note
     1     0.964814     0.975130  
     2     0.931640     0.945509  
     3     0.900983     0.917474  
     4     0.872143     0.891355  
     5     0.846823     0.867808  
     6     0.823557     0.848295  
     7     0.802099     0.830382  
     8     0.780409     0.810733  
     9     0.759564     0.793238  
    10     0.742511     0.779942  
    11     0.724522     0.764940  
    12     0.708452     0.750699  
    13     0.694047     0.738950  
    14     0.680061     0.728056  
    15     0.666095     0.717037  
    16     0.653276     0.705510  
    17     0.640973     0.695933  
    18     0.630090     0.686983  
    19     0.620061     0.679831  
    20     0.609503     0.671769  
    21     0.599664     0.664855  
    22     0.590369     0.658084  
    23     0.581618     0.651197  
    24     0.573830     0.645638  
    25     0.565963     0.640001  
    26     0.559230     0.635692  
    27     0.552619     0.631328  
    28     0.545386     0.626398  
    29     0.538761     0.621544  
    30     0.531959     0.616690  
    31     0.525081     0.611825  
    32     0.518569     0.607679  
    33     0.513147     0.604096  
    34     0.507885     0.600930  
    35     0.501958     0.597756  
    36     0.496815     0.594926  
    37     0.491711     0.591663  
    38     0.486692     0.589110  
    39     0.481835     0.586543  
    40     0.477180     0.584097  
    41     0.472708     0.582156  
    42     0.468069     0.579280  
    43     0.463473     0.577359  
    44     0.458972     0.575080  
    45     0.454865     0.572656  
    46     0.450664     0.570469  
    47     0.446729     0.568440  
    48     0.442861     0.566273  
    49     0.438898     0.564369  
    50     0.435181     0.562178  
    51     0.431437     0.560245  
    52     0.427735     0.558517  
    53     0.424155     0.557035  
    54     0.420718     0.555624  
    55     0.417423     0.554095  
    56     0.414096     0.552742  
    57     0.410877     0.551284  
    58     0.407770     0.549879  
    59     0.404274     0.548202  
    60     0.400971     0.546755  
    61     0.397900     0.545510  
    62     0.394697     0.544056  
    63     0.391487     0.541381  
    64     0.388557     0.540350  
    65     0.385621     0.539505  
    66     0.382608     0.538489  
    67     0.379584     0.536645  
    68     0.376455     0.534238  
    69     0.373667     0.533919  
    70     0.370713     0.532624  
    71     0.368061     0.531691  
    72     0.365347     0.530765  
    73     0.362576     0.529928  
    74     0.360146     0.529025  
    75     0.357377     0.527711  
    76     0.354952     0.527374  
    77     0.352385     0.526654  
    78     0.349827     0.525279  
    79     0.347198     0.524104  
    80     0.344641     0.522570  
    81     0.342192     0.521376  
    82     0.339808     0.520384  
    83     0.337307     0.518910  
    84     0.334972     0.518400  
    85     0.332739     0.517631  
    86     0.330363     0.516942  
    87     0.328075     0.516132  
    88     0.325978     0.515928  
    89     0.323734     0.515264  
    90     0.321607     0.514326  
    91     0.319505     0.513625  
    92     0.317385     0.512733  
    93     0.315255     0.511995  
    94     0.313064     0.511249  
    95     0.310944     0.510772  
    96     0.308792     0.509669  
    97     0.306640     0.508571  
    98     0.304601     0.507783  
    99     0.302544     0.506599  
   100     0.300532     0.505774  
   101     0.298417     0.505283  
   102     0.296401     0.505111  
   103     0.294520     0.504860  
   104     0.292526     0.504103  
   105     0.290532     0.503346  
   106     0.288591     0.502484  
   107     0.286686     0.502010  
   108     0.284915     0.501324  
   109     0.283027     0.501009  
   110     0.281133     0.500256  
   111     0.279227     0.499279  
   112     0.277402     0.498475  
   113     0.275517     0.497852  
   114     0.273836     0.497362  
   115     0.272156     0.496816  
   116     0.270506     0.496335  
   117     0.268716     0.495376  
   118     0.267047     0.495026  
   119     0.265274     0.494160  
   120     0.263673     0.493579  
   121     0.262081     0.493024  
   122     0.260452     0.492251  
   123     0.258896     0.492057  
   124     0.257275     0.491559  
   125     0.255698     0.491044  
   126     0.254170     0.491080  
   127     0.252514     0.490755  
   128     0.250792     0.489991  
   129     0.249169     0.489301  
   130     0.247586     0.488743  
   131     0.246044     0.488523  
   132     0.244572     0.488243  
   133     0.243147     0.488087  
   134     0.241689     0.487849  
   135     0.240209     0.487257  
   136     0.238704     0.486784  
   137     0.237189     0.486388  
   138     0.235804     0.485773  
   139     0.234471     0.485173  
   140     0.233084     0.485000  
   141     0.231710     0.484604  
   142     0.230307     0.484347  
   143     0.228899     0.483906  
   144     0.227585     0.483469  
   145     0.226209     0.483210  
   146     0.224883     0.483010  
   147     0.223517     0.482326  
   148     0.222252     0.481894  
   149     0.220991     0.481782  
   150     0.219777     0.481576  
   151     0.218462     0.481366  
   152     0.217300     0.480734  
   153     0.216099     0.480430  
   154     0.214955     0.480214  
   155     0.213666     0.479903  
   156     0.212359     0.479710  
   157     0.211167     0.479128  
   158     0.209981     0.479232  
   159     0.208767     0.479090  
   160     0.207584     0.478554  
   161     0.206411     0.478587  
   162     0.205337     0.478255  
   163     0.204042     0.477956  
   164     0.202886     0.477718  
   165     0.201796     0.477442  
   166     0.200619     0.476848  
   167     0.199411     0.476538  
   168     0.198253     0.476391  
   169     0.197119     0.476313  
   170     0.195939     0.476080  
   171     0.194794     0.476380  
   172     0.193666     0.476445  
   173     0.192650     0.476204  
   174     0.191599     0.476186  
   175     0.190510     0.475976  
   176     0.189491     0.475991  
   177     0.188382     0.476044  
   178     0.187272     0.475813  
   179     0.186258     0.475701  
   180     0.185197     0.475318  
   181     0.184226     0.474906  
   182     0.183104     0.474602  
   183     0.182111     0.474390  
   184     0.181077     0.473996  
   185     0.180041     0.473687  
   186     0.179001     0.473561  
   187     0.178013     0.472966  
   188     0.177114     0.472443  
   189     0.176149     0.472054  
   190     0.175246     0.471801  
   191     0.174263     0.471873  
   192     0.173365     0.471923  
   193     0.172410     0.471576  
   194     0.171498     0.471320  
   195     0.170505     0.470749  
   196     0.169604     0.470825  
   197     0.168696     0.470520  
   198     0.167787     0.470507  
   199     0.166899     0.470161  
   200     0.166006     0.469593  
   201     0.165104     0.468948  
   202     0.164234     0.468774  
   203     0.163325     0.468990  
   204     0.162373     0.468896  
   205     0.161503     0.468654  
   206     0.160594     0.468552  
   207     0.159671     0.468469  
   208     0.158812     0.468276  
   209     0.157938     0.468018  
   210     0.157099     0.468206  
   211     0.156287     0.468175  
   212     0.155475     0.468195  
   213     0.154674     0.467686  
   214     0.153854     0.467644  
   215     0.153034     0.467453  
   216     0.152246     0.467320  
   217     0.151480     0.467364  
   218     0.150629     0.466908  
   219     0.149818     0.466553  
   220     0.149039     0.466473  
   221     0.148362     0.466151  
   222     0.147592     0.466116  
   223     0.146812     0.466100  
   224     0.146146     0.465965  
   225     0.145370     0.465980  
   226     0.144559     0.466020  
   227     0.143772     0.465853  
   228     0.143062     0.465628  
   229     0.142421     0.465463  
   230     0.141708     0.465528  
   231     0.140946     0.465239  
   232     0.140161     0.464886  
   233     0.139515     0.464864  
   234     0.138821     0.464738  
   235     0.137989     0.464313  
   236     0.137303     0.464201  
   237     0.136580     0.463821  
   238     0.135867     0.463545  
   239     0.135104     0.463351  
   240     0.134426     0.463237  
   241     0.133782     0.463062  
   242     0.133105     0.463069  
   243     0.132368     0.462615  
   244     0.131706     0.462547  
   245     0.131091     0.462565  
   246     0.130412     0.462315  
   247     0.129795     0.462336  
   248     0.129147     0.462353  
   249     0.128466     0.462196  
   250     0.127780     0.462177  
   251     0.127175     0.461826  
   252     0.126601     0.461781  
   253     0.125895     0.461602  
   254     0.125267     0.461463  
   255     0.124642     0.461364  
   256     0.124029     0.461185  
   257     0.123344     0.461017  
   258     0.122738     0.460922  
   259     0.122082     0.460718  
   260     0.121510     0.460629  
   261     0.120886     0.460458  
   262     0.120263     0.460476  
   263     0.119692     0.460500  
   264     0.119078     0.460096  
   265     0.118497     0.460287  
   266     0.117884     0.460106  
   267     0.117325     0.459910  
   268     0.116688     0.459807  
   269     0.116064     0.459791  
   270     0.115516     0.459638  
   271     0.114964     0.459657  
   272     0.114399     0.459857  
   273     0.113800     0.459775  
   274     0.113221     0.459548  
   275     0.112639     0.459338  
   276     0.112111     0.459042  
   277     0.111510     0.458625  
   278     0.110929     0.458626  
   279     0.110395     0.458486  
   280     0.109839     0.458410  
   281     0.109299     0.458440  
   282     0.108754     0.458251  
   283     0.108191     0.458250  
   284     0.107629     0.458233  
   285     0.107109     0.458130  
   286     0.106581     0.458122  
   287     0.106041     0.458103  
   288     0.105541     0.458107  
   289     0.105023     0.458111  
   290     0.104476     0.457836  
   291     0.103970     0.457570  
   292     0.103435     0.457511  
   293     0.102935     0.457628  
   294     0.102461     0.457509  
   295     0.101991     0.457255  
   296     0.101506     0.457177  
   297     0.101025     0.456967  
   298     0.100526     0.456944  
   299     0.100049     0.457046  
   300     0.099553     0.456745  
   301     0.099103     0.456823  
   302     0.098596     0.456468  
   303     0.098054     0.456029  
   304     0.097592     0.455821  
   305     0.097110     0.455619  
   306     0.096692     0.455487  
   307     0.096244     0.455243  
   308     0.095777     0.455050  
   309     0.095292     0.454785  
   310     0.094865     0.454633  
   311     0.094369     0.454500  
   312     0.093926     0.454498  
   313     0.093508     0.454535  
   314     0.093050     0.454500  
   315     0.092625     0.454446  
   316     0.092182     0.454267  
   317     0.091762     0.454156  
   318     0.091269     0.453957  
   319     0.090789     0.454050  
   320     0.090413     0.453773  
   321     0.090001     0.453749  
   322     0.089566     0.453697  
   323     0.089105     0.453708  
   324     0.088665     0.453629  
   325     0.088240     0.453510  
   326     0.087816     0.453330  
   327     0.087396     0.453085  
   328     0.087007     0.453004  
   329     0.086616     0.452849  
   330     0.086203     0.452775  
   331     0.085797     0.452682  
   332     0.085365     0.452503  
   333     0.084945     0.452361  
   334     0.084554     0.452405  
   335     0.084161     0.452252  
   336     0.083767     0.452210  
   337     0.083395     0.452066  
   338     0.083007     0.452129  
   339     0.082615     0.451995  
   340     0.082220     0.451975  
   341     0.081864     0.451930  
   342     0.081477     0.452053  
   343     0.081070     0.451890  
   344     0.080687     0.451826  
   345     0.080326     0.451835  
   346     0.079965     0.451710  
   347     0.079580     0.451619  
   348     0.079212     0.451456  
   349     0.078798     0.451472  
   350     0.078483     0.451508  
   351     0.078141     0.451285  
   352     0.077779     0.451179  
   353     0.077401     0.451241  
   354     0.077010     0.451151  
   355     0.076631     0.451189  
   356     0.076292     0.451257  
   357     0.075930     0.451179  
   358     0.075565     0.451363  
   359     0.075242     0.451128  
   360     0.074876     0.451043  
   361     0.074571     0.450946  
   362     0.074209     0.450879  
   363     0.073836     0.450594  
   364     0.073520     0.450454  
   365     0.073183     0.450320  
   366     0.072838     0.450289  
   367     0.072469     0.450321  
   368     0.072152     0.450382  
   369     0.071818     0.450263  
   370     0.071531     0.450235  
   371     0.071188     0.450166  
   372     0.070842     0.450110  
   373     0.070511     0.450231  
   374     0.070207     0.450154  
   375     0.069867     0.450116  
   376     0.069527     0.450198  
   377     0.069207     0.450045  
   378     0.068847     0.450007  
   379     0.068559     0.450058  
   380     0.068228     0.449898  
   381     0.067892     0.449877  
   382     0.067577     0.449840  
   383     0.067279     0.449812  
   384     0.066962     0.449826  
   385     0.066651     0.449926  
   386     0.066321     0.449791  
   387     0.066032     0.449836  
   388     0.065723     0.449776  
   389     0.065423     0.449782  
   390     0.065128     0.449988  
   391     0.064793     0.449993  
   392     0.064491     0.449872  
   393     0.064182     0.449907  
   394     0.063842     0.449850  
   395     0.063523     0.449805  
   396     0.063230     0.449724  
   397     0.062960     0.449672  
   398     0.062685     0.449490  
   399     0.062402     0.449515  
   400     0.062092     0.449395  
   401     0.061796     0.449444  
   402     0.061528     0.449231  
   403     0.061240     0.449194  
   404     0.060960     0.449082  
   405     0.060659     0.448832  
   406     0.060362     0.448666  
   407     0.060079     0.448502  
   408     0.059829     0.448385  
   409     0.059546     0.448336  
   410     0.059255     0.448319  
   411     0.058979     0.448263  
   412     0.058703     0.448089  
   413     0.058421     0.447990  
   414     0.058181     0.448065  
   415     0.057905     0.447933  
   416     0.057632     0.447980  
   417     0.057385     0.447885  
   418     0.057114     0.447765  
   419     0.056842     0.447809  
   420     0.056579     0.447865  
   421     0.056324     0.447758  
   422     0.056083     0.447561  
   423     0.055822     0.447617  
   424     0.055585     0.447475  
   425     0.055345     0.447423  
   426     0.055098     0.447400  
   427     0.054854     0.447307  
   428     0.054605     0.447288  
   429     0.054355     0.447396  
   430     0.054097     0.447174  
   431     0.053873     0.447135  
   432     0.053663     0.447070  
   433     0.053421     0.446963  
   434     0.053169     0.447095  
   435     0.052928     0.447154  
   436     0.052703     0.447154  
   437     0.052477     0.447223  
   438     0.052259     0.447016  
   439     0.052017     0.447035  
   440     0.051782     0.447072  
   441     0.051543     0.446939  
   442     0.051325     0.446840  
   443     0.051081     0.446906  
   444     0.050830     0.446892  
   445     0.050600     0.446844  
   446     0.050386     0.446814  
   447     0.050166     0.446753  
   448     0.049930     0.446565  
   449     0.049694     0.446498  
   450     0.049486     0.446420  
   451     0.049284     0.446417  
   452     0.049055     0.446325  
   453     0.048840     0.446157  
   454     0.048640     0.446084  
   455     0.048442     0.446152  
   456     0.048237     0.446153  
   457     0.048043     0.446064  
   458     0.047856     0.445979  
   459     0.047635     0.446006  
   460     0.047413     0.445998  
   461     0.047206     0.446065  
   462     0.047001     0.446111  
   463     0.046816     0.445986  
   464     0.046621     0.445968  
   465     0.046421     0.446017  
   466     0.046191     0.446008  
   467     0.045983     0.445933  
   468     0.045779     0.445976  
   469     0.045573     0.445820  
   470     0.045358     0.445781  
   471     0.045165     0.445735  
   472     0.044969     0.445577  
   473     0.044767     0.445652  
   474     0.044561     0.445642  
   475     0.044353     0.445620  
   476     0.044134     0.445654  
   477     0.043925     0.445602  
   478     0.043739     0.445556  
   479     0.043528     0.445448  
   480     0.043326     0.445429  
   481     0.043123     0.445365  
   482     0.042946     0.445344  
   483     0.042737     0.445278  
   484     0.042543     0.445223  
   485     0.042354     0.445285  
   486     0.042156     0.445286  
   487     0.041981     0.445230  
   488     0.041804     0.445297  
   489     0.041617     0.445277  
   490     0.041436     0.445195  
   491     0.041239     0.445197  
   492     0.041071     0.445166  
   493     0.040883     0.445164  
   494     0.040705     0.445080  
   495     0.040525     0.445033  
   496     0.040332     0.445021  
   497     0.040154     0.444919  
   498     0.039973     0.444898  
   499     0.039812     0.444914  
   500     0.039640     0.444872  
   501     0.039457     0.444839  
   502     0.039270     0.444747  
   503     0.039103     0.444787  
   504     0.038924     0.444687  
   505     0.038741     0.444642  
   506     0.038570     0.444643  
   507     0.038404     0.444628  
   508     0.038229     0.444583  
   509     0.038069     0.444481  
   510     0.037887     0.444399  
   511     0.037727     0.444498  
   512     0.037570     0.444572  
   513     0.037401     0.444401  
   514     0.037257     0.444363  
   515     0.037071     0.444255  
   516     0.036893     0.444105  
   517     0.036713     0.444024  
   518     0.036567     0.443996  
   519     0.036398     0.444116  
   520     0.036229     0.444168  
   521     0.036060     0.444087  
   522     0.035921     0.444057  
   523     0.035783     0.443987  
   524     0.035619     0.443896  
   525     0.035468     0.443770  
   526     0.035297     0.443670  
   527     0.035139     0.443669  
   528     0.034995     0.443676  
   529     0.034837     0.443611  
   530     0.034688     0.443556  
   531     0.034540     0.443483  
   532     0.034388     0.443411  
   533     0.034233     0.443368  
   534     0.034077     0.443327  
   535     0.033939     0.443206  
   536     0.033798     0.443135  
   537     0.033650     0.443065  
   538     0.033498     0.443059  
   539     0.033336     0.443014  
   540     0.033181     0.443048  
   541     0.033023     0.443080  
   542     0.032870     0.442901  
   543     0.032728     0.442883  
   544     0.032592     0.442857  
   545     0.032446     0.442686  
   546     0.032303     0.442676  
   547     0.032166     0.442653  
   548     0.032029     0.442746  
   549     0.031871     0.442929  
   550     0.031737     0.442847  
   551     0.031603     0.442843  
   552     0.031457     0.442831  
   553     0.031324     0.442686  
   554     0.031190     0.442610  
   555     0.031046     0.442584  
   556     0.030921     0.442537  
   557     0.030785     0.442465  
   558     0.030657     0.442459  
   559     0.030512     0.442445  
   560     0.030388     0.442360  
   561     0.030270     0.442277  
   562     0.030125     0.442288  
   563     0.029996     0.442368  
   564     0.029875     0.442332  
   565     0.029750     0.442236  
   566     0.029623     0.442097  
   567     0.029490     0.442119  
   568     0.029363     0.442130  
   569     0.029239     0.442189  
   570     0.029109     0.442120  
   571     0.028994     0.442052  
   572     0.028871     0.441980  
   573     0.028753     0.441916  
   574     0.028635     0.441897  
   575     0.028510     0.441783  
   576     0.028379     0.441715  
   577     0.028249     0.441733  
   578     0.028137     0.441814  
   579     0.028011     0.441771  
   580     0.027896     0.441746  
   581     0.027795     0.441666  
   582     0.027672     0.441606  
   583     0.027546     0.441672  
   584     0.027416     0.441764  
   585     0.027303     0.441699  
   586     0.027184     0.441614  
   587     0.027068     0.441603  
   588     0.026947     0.441609  
   589     0.026812     0.441618  
   590     0.026691     0.441688  
   591     0.026580     0.441733  
   592     0.026466     0.441706  
   593     0.026361     0.441609  
   594     0.026253     0.441584  
   595     0.026130     0.441519  
   596     0.026024     0.441599  
   597     0.025912     0.441563  
   598     0.025799     0.441499  
   599     0.025685     0.441467  
   600     0.025586     0.441453  
   601     0.025474     0.441420  
   602     0.025377     0.441508  
   603     0.025271     0.441397  
   604     0.025168     0.441348  
   605     0.025057     0.441432  
   606     0.024943     0.441366  
   607     0.024843     0.441342  
   608     0.024745     0.441337  
   609     0.024643     0.441306  
   610     0.024537     0.441286  
   611     0.024436     0.441083  
   612     0.024342     0.441018  
   613     0.024230     0.441062  
   614     0.024128     0.440927  
   615     0.024023     0.440871  
   616     0.023922     0.440875  
   617     0.023821     0.440880  
   618     0.023722     0.440867  
   619     0.023631     0.440847  
   620     0.023525     0.440766  
   621     0.023425     0.440766  
   622     0.023326     0.440706  
   623     0.023228     0.440654  
   624     0.023138     0.440654  
   625     0.023039     0.440669  
   626     0.022939     0.440637  
   627     0.022842     0.440570  
   628     0.022743     0.440463  
   629     0.022651     0.440523  
   630     0.022549     0.440442  
   631     0.022463     0.440350  
   632     0.022376     0.440328  
   633     0.022278     0.440298  
   634     0.022189     0.440286  
   635     0.022088     0.440295  
   636     0.021999     0.440293  
   637     0.021903     0.440327  
   638     0.021830     0.440262  
   639     0.021735     0.440255  
   640     0.021646     0.440275  
   641     0.021558     0.440100  
   642     0.021459     0.440031  
   643     0.021376     0.439941  
   644     0.021280     0.439912  
   645     0.021191     0.439867  
   646     0.021100     0.439845  
   647     0.021000     0.439813  
   648     0.020912     0.439804  
   649     0.020829     0.439703  
   650     0.020752     0.439722  
   651     0.020664     0.439746  
   652     0.020584     0.439748  
   653     0.020494     0.439767  
   654     0.020406     0.439743  
   655     0.020320     0.439653  
   656     0.020228     0.439579  
   657     0.020150     0.439516  
   658     0.020060     0.439556  
   659     0.019973     0.439496  
   660     0.019884     0.439458  
   661     0.019806     0.439433  
   662     0.019718     0.439445  
   663     0.019631     0.439431  
   664     0.019550     0.439456  
   665     0.019475     0.439472  
   666     0.019395     0.439490  
   667     0.019315     0.439483  
   668     0.019235     0.439605  
   669     0.019155     0.439564  
   670     0.019075     0.439510  
   671     0.018979     0.439444  
   672     0.018897     0.439409  
   673     0.018826     0.439427  
   674     0.018749     0.439349  
   675     0.018679     0.439286  
   676     0.018600     0.439157  
   677     0.018528     0.439118  
   678     0.018447     0.439173  
   679     0.018364     0.439128  
   680     0.018294     0.439060  
   681     0.018220     0.439059  
   682     0.018138     0.439026  
   683     0.018066     0.439003  
   684     0.017990     0.438961  
   685     0.017913     0.438886  
   686     0.017837     0.438930  
   687     0.017762     0.439031  
   688     0.017680     0.438940  
   689     0.017602     0.438926  
   690     0.017526     0.438855  
   691     0.017456     0.438878  
   692     0.017383     0.438864  
   693     0.017316     0.438845  
   694     0.017250     0.438844  
   695     0.017178     0.438830  
   696     0.017105     0.438771  
   697     0.017026     0.438706  
   698     0.016945     0.438747  
   699     0.016873     0.438765  
   700     0.016795     0.438757  
   701     0.016718     0.438726  
   702     0.016658     0.438646  
   703     0.016584     0.438650  
   704     0.016515     0.438624  
   705     0.016445     0.438606  
   706     0.016375     0.438513  
   707     0.016308     0.438572  
   708     0.016236     0.438569  
   709     0.016171     0.438559  
   710     0.016104     0.438606  
   711     0.016035     0.438627  
   712     0.015963     0.438536  
   713     0.015895     0.438599  
   714     0.015833     0.438624  
   715     0.015771     0.438603  
   716     0.015702     0.438630  
   717     0.015632     0.438656  
   718     0.015563     0.438602  
   719     0.015498     0.438587  
   720     0.015441     0.438603  
   721     0.015366     0.438578  
   722     0.015309     0.438560  
   723     0.015247     0.438624  
   724     0.015179     0.438632  
   725     0.015113     0.438612  
   726     0.015049     0.438574  
   727     0.014995     0.438527  
   728     0.014931     0.438557  
   729     0.014866     0.438595  
   730     0.014803     0.438590  
   731     0.014733     0.438621  
   732     0.014672     0.438540  
   733     0.014618     0.438524  
   734     0.014556     0.438482  
   735     0.014496     0.438458  
   736     0.014438     0.438438  
   737     0.014378     0.438392  
   738     0.014309     0.438370  
   739     0.014244     0.438312  
   740     0.014180     0.438343  
   741     0.014114     0.438396  
   742     0.014062     0.438437  
   743     0.014003     0.438423  
   744     0.013953     0.438415  
   745     0.013905     0.438393  
   746     0.013847     0.438328  
   747     0.013787     0.438367  
   748     0.013728     0.438395  
   749     0.013666     0.438438  
   750     0.013612     0.438453  
   751     0.013560     0.438472  
   752     0.013508     0.438487  
   753     0.013460     0.438451  
   754     0.013404     0.438438  
   755     0.013343     0.438525  
   756     0.013285     0.438557  
   757     0.013227     0.438609  
   758     0.013172     0.438623  
   759     0.013117     0.438604  
   760     0.013064     0.438602  
   761     0.013010     0.438722  
   762     0.012951     0.438683  
   763     0.012900     0.438680  
   764     0.012844     0.438623  
   765     0.012794     0.438553  
   766     0.012740     0.438588  
   767     0.012689     0.438610  
   768     0.012639     0.438591  
   769     0.012587     0.438508  
   770     0.012536     0.438536  
   771     0.012486     0.438502  
   772     0.012432     0.438482  
   773     0.012380     0.438442  
   774     0.012325     0.438439  
   775     0.012275     0.438452  
   776     0.012225     0.438399  
   777     0.012169     0.438421  
   778     0.012124     0.438427  
   779     0.012073     0.438460  
   780     0.012024     0.438498  
   781     0.011981     0.438459  
   782     0.011929     0.438465  
   783     0.011882     0.438438  
   784     0.011838     0.438410  
   785     0.011792     0.438391  
   786     0.011741     0.438376  
   787     0.011693     0.438414  
   788     0.011644     0.438419  
   789     0.011595     0.438389  
   790     0.011543     0.438360  
   791     0.011495     0.438394  
   792     0.011445     0.438364  
   793     0.011398     0.438394  
   794     0.011353     0.438318  
   795     0.011311     0.438294  
   796     0.011259     0.438263  
   797     0.011210     0.438261  
   798     0.011159     0.438238  
   799     0.011122     0.438263  
   800     0.011072     0.438307  
   801     0.011034     0.438264  
   802     0.010988     0.438248  
   803     0.010950     0.438280  
   804     0.010907     0.438253  
   805     0.010860     0.438263  
   806     0.010816     0.438222  
   807     0.010777     0.438199  
   808     0.010729     0.438198  
   809     0.010675     0.438186  
   810     0.010635     0.438200  
   811     0.010587     0.438173  
   812     0.010547     0.438216  
   813     0.010503     0.438171  
   814     0.010463     0.438210  
   815     0.010425     0.438155  
   816     0.010385     0.438101  
   817     0.010343     0.438093  
   818     0.010292     0.438077  
   819     0.010252     0.438135  
   820     0.010207     0.438076  
   821     0.010165     0.438068  
   822     0.010127     0.438033  
   823     0.010091     0.438049  
   824     0.010045     0.437965  
   825     0.010003     0.437925  
   826     0.009965     0.437974  
   827     0.009925     0.437965  
   828     0.009883     0.437875  
   829     0.009842     0.437868  
   830     0.009801     0.437905  
   831     0.009764     0.437901  
   832     0.009724     0.437935  
   833     0.009682     0.437934  
   834     0.009647     0.437936  
   835     0.009610     0.437924  
   836     0.009570     0.437929  
   837     0.009528     0.437817  
   838     0.009490     0.437815  
   839     0.009447     0.437778  
   840     0.009406     0.437739  
   841     0.009368     0.437802  
   842     0.009331     0.437765  
   843     0.009289     0.437724  
   844     0.009251     0.437677  
   845     0.009215     0.437630  
   846     0.009177     0.437643  
   847     0.009140     0.437686  
   848     0.009102     0.437659  
   849     0.009069     0.437646  
   850     0.009032     0.437666  
   851     0.008996     0.437617  
   852     0.008963     0.437612  
   853     0.008930     0.437628  
   854     0.008890     0.437609  
   855     0.008852     0.437584  
   856     0.008816     0.437584  
   857     0.008781     0.437645  
   858     0.008745     0.437601  
   859     0.008702     0.437639  
   860     0.008670     0.437594  
   861     0.008638     0.437553  
   862     0.008597     0.437520  
   863     0.008559     0.437536  
   864     0.008522     0.437492  
   865     0.008490     0.437453  
   866     0.008455     0.437393  
   867     0.008421     0.437371  
   868     0.008385     0.437390  
   869     0.008353     0.437304  
   870     0.008321     0.437315  
   871     0.008290     0.437265  
   872     0.008257     0.437257  
   873     0.008222     0.437211  
   874     0.008193     0.437179  
   875     0.008162     0.437161  
   876     0.008135     0.437157  
   877     0.008099     0.437144  
   878     0.008063     0.437134  
   879     0.008030     0.437131  
   880     0.007999     0.437159  
   881     0.007964     0.437112  
   882     0.007931     0.437118  
   883     0.007896     0.437069  
   884     0.007860     0.437080  
   885     0.007829     0.437080  
   886     0.007797     0.437046  
   887     0.007768     0.437010  
   888     0.007737     0.437014  
   889     0.007702     0.436986  
   890     0.007669     0.436957  
   891     0.007638     0.436952  
   892     0.007609     0.436956  
   893     0.007577     0.436954  
   894     0.007546     0.436983  
   895     0.007519     0.436937  
   896     0.007489     0.436939  
   897     0.007459     0.436955  
   898     0.007425     0.436927  
   899     0.007395     0.436895  
   900     0.007364     0.436843  
   901     0.007338     0.436848  
   902     0.007307     0.436883  
   903     0.007276     0.436832  
   904     0.007244     0.436867  
   905     0.007215     0.436880  
   906     0.007183     0.436848  
   907     0.007155     0.436828  
   908     0.007125     0.436805  
   909     0.007095     0.436821  
   910     0.007067     0.436843  
   911     0.007038     0.436833  
   912     0.007011     0.436790  
   913     0.006985     0.436776  
   914     0.006957     0.436789  
   915     0.006930     0.436749  
   916     0.006905     0.436700  
   917     0.006872     0.436713  
   918     0.006844     0.436741  
   919     0.006818     0.436790  
   920     0.006789     0.436782  
   921     0.006761     0.436771  
   922     0.006736     0.436734  
   923     0.006706     0.436800  
   924     0.006679     0.436827  
   925     0.006652     0.436805  
   926     0.006623     0.436769  
   927     0.006595     0.436710  
   928     0.006570     0.436708  
   929     0.006546     0.436653  
   930     0.006519     0.436629  
   931     0.006498     0.436612  
   932     0.006472     0.436620  
   933     0.006446     0.436621  
   934     0.006419     0.436610  
   935     0.006390     0.436646  
   936     0.006366     0.436672  
   937     0.006337     0.436678  
   938     0.006309     0.436699  
   939     0.006285     0.436708  
   940     0.006262     0.436657  
   941     0.006236     0.436646  
   942     0.006213     0.436618  
   943     0.006193     0.436609  
   944     0.006167     0.436594  
   945     0.006139     0.436552  
   946     0.006113     0.436563  
   947     0.006086     0.436548  
   948     0.006061     0.436576  
   949     0.006035     0.436529  
   950     0.006011     0.436500  
   951     0.005986     0.436465  
   952     0.005963     0.436437  
   953     0.005940     0.436400  
   954     0.005918     0.436412  
   955     0.005894     0.436426  
   956     0.005872     0.436389  
   957     0.005847     0.436390  
   958     0.005824     0.436385  
   959     0.005800     0.436388  
   960     0.005774     0.436373  
   961     0.005752     0.436329  
   962     0.005730     0.436309  
   963     0.005704     0.436283  
   964     0.005679     0.436334  
   965     0.005657     0.436325  
   966     0.005635     0.436315  
   967     0.005614     0.436335  
   968     0.005587     0.436322  
   969     0.005564     0.436331  
   970     0.005540     0.436334  
   971     0.005519     0.436330  
   972     0.005498     0.436323  
   973     0.005473     0.436325  
   974     0.005450     0.436349  
   975     0.005429     0.436317  
   976     0.005410     0.436286  
   977     0.005389     0.436312  
   978     0.005367     0.436342  
   979     0.005346     0.436297  
   980     0.005323     0.436304  
   981     0.005301     0.436332  
   982     0.005277     0.436371  
   983     0.005256     0.436366  
   984     0.005236     0.436365  
   985     0.005211     0.436322  
   986     0.005192     0.436342  
   987     0.005170     0.436360  
   988     0.005152     0.436355  
   989     0.005133     0.436363  
   990     0.005111     0.436373  
   991     0.005090     0.436407  
   992     0.005070     0.436376  
   993     0.005047     0.436358  
   994     0.005027     0.436348  
   995     0.005009     0.436339  
   996     0.004989     0.436352  
   997     0.004967     0.436336  
   998     0.004948     0.436346  
   999     0.004928     0.436389  
  1000     0.004911     0.436388  
  1001     0.004888     0.436348  
  1002     0.004868     0.436373  
  1003     0.004850     0.436385  
  1004     0.004832     0.436409  
  1005     0.004811     0.436414  
  1006     0.004791     0.436416  
  1007     0.004771     0.436370  
  1008     0.004751     0.436305  
  1009     0.004732     0.436258  
  1010     0.004711     0.436263  
  1011     0.004690     0.436279  
  1012     0.004672     0.436287  
  1013     0.004652     0.436313  
  1014     0.004635     0.436279  
  1015     0.004615     0.436286  
  1016     0.004595     0.436284  
  1017     0.004578     0.436332  
  1018     0.004557     0.436365  
  1019     0.004538     0.436382  
  1020     0.004519     0.436358  
  1021     0.004501     0.436383  
  1022     0.004481     0.436415  
  1023     0.004464     0.436401  
  1024     0.004447     0.436325  
  1025     0.004430     0.436341  
  1026     0.004414     0.436321  
  1027     0.004397     0.436306  
  1028     0.004378     0.436313  
  1029     0.004362     0.436328  
  1030     0.004342     0.436309  
  1031     0.004326     0.436373  
  1032     0.004306     0.436383  
  1033     0.004289     0.436364  
  1034     0.004270     0.436302  
  1035     0.004252     0.436261  
  1036     0.004237     0.436283  
  1037     0.004219     0.436242  
  1038     0.004203     0.436221  
  1039     0.004186     0.436209  
  1040     0.004171     0.436194  
  1041     0.004154     0.436178  
  1042     0.004135     0.436159  
  1043     0.004119     0.436144  
  1044     0.004103     0.436132  
  1045     0.004086     0.436163  
  1046     0.004068     0.436132  
  1047     0.004050     0.436104  
  1048     0.004034     0.436123  
  1049     0.004019     0.436079  
  1050     0.004003     0.436104  
  1051     0.003986     0.436126  
  1052     0.003971     0.436100  
  1053     0.003955     0.436105  
  1054     0.003939     0.436093  
  1055     0.003923     0.436060  
  1056     0.003905     0.436025  
  1057     0.003888     0.436040  
  1058     0.003872     0.436019  
  1059     0.003857     0.436014  
  1060     0.003840     0.436026  
  1061     0.003825     0.436088  
  1062     0.003810     0.436080  
  1063     0.003797     0.436144  
  1064     0.003782     0.436187  
  1065     0.003768     0.436152  
  1066     0.003753     0.436148  
  1067     0.003740     0.436141  
  1068     0.003727     0.436153  
  1069     0.003712     0.436123  
  1070     0.003697     0.436136  
  1071     0.003682     0.436085  
  1072     0.003667     0.436110  
  1073     0.003650     0.436068  
  1074     0.003634     0.436071  
  1075     0.003620     0.436028  
  1076     0.003604     0.436043  
  1077     0.003588     0.436021  
  1078     0.003572     0.436023  
  1079     0.003558     0.436046  
  1080     0.003544     0.436061  
  1081     0.003531     0.436068  
  1082     0.003518     0.436047  
  1083     0.003505     0.436052  
  1084     0.003492     0.436053  
  1085     0.003478     0.436056  
  1086     0.003466     0.436061  
  1087     0.003453     0.436087  
  1088     0.003441     0.436064  
  1089     0.003429     0.436067  
  1090     0.003415     0.436050  
  1091     0.003402     0.436036  
  1092     0.003389     0.436019  
  1093     0.003376     0.436032  
  1094     0.003363     0.436048  
  1095     0.003351     0.436045  
  1096     0.003338     0.436063  
  1097     0.003326     0.436059  
  1098     0.003314     0.436043  
  1099     0.003302     0.436063  
  1100     0.003289     0.436095  
  1101     0.003276     0.436165  
  1102     0.003262     0.436131  
  1103     0.003249     0.436138  
  1104     0.003236     0.436166  
  1105     0.003224     0.436146  
  1106     0.003212     0.436113  
  1107     0.003199     0.436089  
  1108     0.003187     0.436071  
  1109     0.003175     0.436046  
  1110     0.003162     0.436022  
  1111     0.003151     0.436018  
  1112     0.003138     0.436035  
  1113     0.003126     0.435999  
  1114     0.003113     0.436020  
  1115     0.003100     0.436037  
  1116     0.003088     0.436028  
  1117     0.003076     0.436050  
  1118     0.003065     0.436058  
  1119     0.003053     0.436050  
  1120     0.003041     0.436063  
  1121     0.003030     0.436081  
  1122     0.003019     0.436078  
  1123     0.003007     0.436064  
  1124     0.002994     0.436053  
  1125     0.002982     0.436063  
  1126     0.002970     0.436054  
  1127     0.002958     0.436034  
  1128     0.002947     0.436040  
  1129     0.002937     0.436035  
  1130     0.002926     0.436012  
  1131     0.002916     0.436014  
  1132     0.002906     0.435984  
  1133     0.002894     0.435978  
  1134     0.002883     0.435941  
  1135     0.002872     0.435900  
  1136     0.002862     0.435899  
  1137     0.002852     0.435920  
  1138     0.002840     0.435904  
  1139     0.002828     0.435896  
  1140     0.002816     0.435888  
  1141     0.002806     0.435892  
  1142     0.002795     0.435928  
  1143     0.002783     0.435921  
  1144     0.002772     0.435901  
  1145     0.002761     0.435887  
  1146     0.002749     0.435877  
  1147     0.002740     0.435891  
  1148     0.002728     0.435862  
  1149     0.002719     0.435855  
  1150     0.002707     0.435846  
  1151     0.002697     0.435832  
  1152     0.002687     0.435807  
  1153     0.002676     0.435791  
  1154     0.002666     0.435791  
  1155     0.002655     0.435811  
  1156     0.002644     0.435798  
  1157     0.002633     0.435779  
  1158     0.002623     0.435794  
  1159     0.002612     0.435778  
  1160     0.002603     0.435762  
  1161     0.002593     0.435731  
  1162     0.002583     0.435744  
  1163     0.002574     0.435754  
  1164     0.002563     0.435733  
  1165     0.002554     0.435754  
  1166     0.002545     0.435735  
  1167     0.002536     0.435739  
  1168     0.002526     0.435749  
  1169     0.002516     0.435700  
  1170     0.002506     0.435674  
  1171     0.002497     0.435655  
  1172     0.002487     0.435647  
  1173     0.002477     0.435625  
  1174     0.002466     0.435624  
  1175     0.002457     0.435635  
  1176     0.002448     0.435634  
  1177     0.002438     0.435603  
  1178     0.002429     0.435603  
  1179     0.002418     0.435601  
  1180     0.002410     0.435572  
  1181     0.002401     0.435582  
  1182     0.002392     0.435588  
  1183     0.002383     0.435613  
  1184     0.002374     0.435612  
  1185     0.002365     0.435592  
  1186     0.002356     0.435609  
  1187     0.002345     0.435605  
  1188     0.002335     0.435593  
  1189     0.002326     0.435614  
  1190     0.002317     0.435599  
  1191     0.002308     0.435624  
  1192     0.002300     0.435626  
  1193     0.002290     0.435628  
  1194     0.002280     0.435604  
  1195     0.002271     0.435595  
  1196     0.002263     0.435590  
  1197     0.002255     0.435580  
  1198     0.002245     0.435591  
  1199     0.002236     0.435621  
  1200     0.002228     0.435608  
  1201     0.002219     0.435612  
  1202     0.002210     0.435599  
  1203     0.002201     0.435614  
  1204     0.002193     0.435591  
  1205     0.002184     0.435593  
  1206     0.002177     0.435588  
  1207     0.002170     0.435587  
  1208     0.002161     0.435590  
  1209     0.002152     0.435582  
  1210     0.002144     0.435605  
  1211     0.002135     0.435589  
  1212     0.002126     0.435592  
  1213     0.002117     0.435593  
  1214     0.002109     0.435601  
  1215     0.002101     0.435613  
  1216     0.002093     0.435601  
  1217     0.002084     0.435592  
  1218     0.002075     0.435602  
  1219     0.002067     0.435581  
  1220     0.002058     0.435564  
  1221     0.002050     0.435571  
  1222     0.002043     0.435577  
  1223     0.002035     0.435566  
  1224     0.002028     0.435571  
  1225     0.002020     0.435570  
  1226     0.002012     0.435543  
  1227     0.002005     0.435528  
  1228     0.001996     0.435499  
  1229     0.001988     0.435515  
  1230     0.001980     0.435487  
  1231     0.001973     0.435482  
  1232     0.001966     0.435481  
  1233     0.001959     0.435467  
  1234     0.001951     0.435454  
  1235     0.001944     0.435466  
  1236     0.001937     0.435482  
  1237     0.001930     0.435474  
  1238     0.001922     0.435489  
  1239     0.001914     0.435484  
  1240     0.001906     0.435498  
  1241     0.001899     0.435499  
  1242     0.001891     0.435496  
  1243     0.001883     0.435498  
  1244     0.001876     0.435486  
  1245     0.001869     0.435480  
  1246     0.001862     0.435495  
  1247     0.001854     0.435456  
  1248     0.001847     0.435416  
  1249     0.001839     0.435393  
  1250     0.001832     0.435381  
  1251     0.001825     0.435389  
  1252     0.001818     0.435382  
  1253     0.001811     0.435382  
  1254     0.001804     0.435382  
  1255     0.001797     0.435370  
  1256     0.001790     0.435370  
  1257     0.001782     0.435357  
  1258     0.001776     0.435321  
  1259     0.001768     0.435298  
  1260     0.001761     0.435302  
  1261     0.001756     0.435301  
  1262     0.001750     0.435281  
  1263     0.001744     0.435260  
  1264     0.001738     0.435285  
  1265     0.001732     0.435272  
  1266     0.001726     0.435277  
  1267     0.001720     0.435277  
  1268     0.001713     0.435282  
  1269     0.001707     0.435280  
  1270     0.001701     0.435277  
  1271     0.001695     0.435273  
  1272     0.001688     0.435256  
  1273     0.001681     0.435248  
  1274     0.001675     0.435259  
  1275     0.001669     0.435260  
  1276     0.001662     0.435240  
  1277     0.001656     0.435240  
  1278     0.001649     0.435224  
  1279     0.001642     0.435220  
  1280     0.001635     0.435213  
  1281     0.001629     0.435203  
  1282     0.001623     0.435221  
  1283     0.001617     0.435215  
  1284     0.001611     0.435219  
  1285     0.001604     0.435194  
  1286     0.001598     0.435198  
  1287     0.001591     0.435213  
  1288     0.001584     0.435231  
  1289     0.001578     0.435228  
  1290     0.001571     0.435231  
  1291     0.001566     0.435212  
  1292     0.001561     0.435211  
  1293     0.001554     0.435203  
  1294     0.001549     0.435211  
  1295     0.001543     0.435220  
  1296     0.001538     0.435221  
  1297     0.001532     0.435228  
  1298     0.001526     0.435231  
  1299     0.001519     0.435247  
  1300     0.001514     0.435244  
  1301     0.001508     0.435234  
  1302     0.001502     0.435233  
  1303     0.001496     0.435239  
  1304     0.001491     0.435259  
  1305     0.001486     0.435274  
  1306     0.001480     0.435279  
  1307     0.001475     0.435287  
  1308     0.001469     0.435297  
  1309     0.001464     0.435316  
  1310     0.001459     0.435300  
  1311     0.001453     0.435278  
  1312     0.001447     0.435258  
  1313     0.001441     0.435245  
  1314     0.001436     0.435235  
  1315     0.001431     0.435239  
  1316     0.001425     0.435252  
  1317     0.001420     0.435249  
  1318     0.001415     0.435237  
  1319     0.001409     0.435229  
  1320     0.001404     0.435231  
  1321     0.001399     0.435249  
  1322     0.001394     0.435249  
  1323     0.001389     0.435250  
  1324     0.001383     0.435267  
  1325     0.001376     0.435288  
  1326     0.001371     0.435295  
  1327     0.001366     0.435274  
  1328     0.001360     0.435254  
  1329     0.001355     0.435228  
  1330     0.001350     0.435216  
  1331     0.001344     0.435224  
  1332     0.001339     0.435183  * best
  1333     0.001333     0.435189  
  1334     0.001329     0.435186  
  1335     0.001324     0.435196  
  1336     0.001319     0.435208  
  1337     0.001314     0.435193  
  1338     0.001308     0.435186  
  1339     0.001303     0.435183  
  1340     0.001298     0.435187  
  1341     0.001293     0.435193  
  1342     0.001288     0.435199  
  1343     0.001283     0.435203  
  1344     0.001278     0.435191  
  1345     0.001274     0.435202  
  1346     0.001270     0.435221  
  1347     0.001265     0.435218  
  1348     0.001260     0.435227  
  1349     0.001255     0.435237  
  1350     0.001251     0.435253  
  1351     0.001247     0.435252  
  1352     0.001242     0.435270  
  1353     0.001237     0.435256  
  1354     0.001232     0.435230  
  1355     0.001228     0.435217  
  1356     0.001224     0.435241  
  1357     0.001219     0.435243  
  1358     0.001214     0.435247  
  1359     0.001209     0.435259  
  1360     0.001205     0.435265  
  1361     0.001201     0.435275  
  1362     0.001196     0.435275  
  1363     0.001191     0.435260  
  1364     0.001187     0.435258  
  1365     0.001182     0.435265  
  1366     0.001178     0.435270  
  1367     0.001174     0.435251  
  1368     0.001169     0.435240  
  1369     0.001164     0.435224  
  1370     0.001159     0.435225  
  1371     0.001155     0.435216  
  1372     0.001150     0.435215  
  1373     0.001146     0.435228  
  1374     0.001141     0.435221  
  1375     0.001137     0.435216  
  1376     0.001133     0.435237  
  1377     0.001129     0.435227  
  1378     0.001124     0.435228  
  1379     0.001120     0.435239  
  1380     0.001115     0.435251  
  1381     0.001111     0.435252  
  1382     0.001106     0.435248  
  1383     0.001103     0.435240  
  1384     0.001098     0.435226  
  1385     0.001094     0.435222  
  1386     0.001090     0.435230  
  1387     0.001086     0.435227  
  1388     0.001082     0.435233  
  1389     0.001078     0.435227  
  1390     0.001074     0.435233  
  1391     0.001070     0.435235  
  1392     0.001066     0.435246  
  1393     0.001061     0.435259  
  1394     0.001057     0.435260  
  1395     0.001053     0.435270  
  1396     0.001049     0.435256  
  1397     0.001045     0.435254  
  1398     0.001041     0.435259  
  1399     0.001037     0.435262  
  1400     0.001034     0.435256  
  1401     0.001030     0.435254  
  1402     0.001026     0.435241  
  1403     0.001022     0.435248  
  1404     0.001018     0.435245  
  1405     0.001014     0.435252  
  1406     0.001010     0.435242  
  1407     0.001007     0.435236  
  1408     0.001003     0.435228  
  1409     0.001000     0.435246  
  1410     0.000996     0.435249  
  1411     0.000992     0.435248  
  1412     0.000989     0.435244  
  1413     0.000985     0.435242  
  1414     0.000981     0.435242  
  1415     0.000977     0.435242  
  1416     0.000973     0.435249  
  1417     0.000970     0.435257  
  1418     0.000966     0.435257  
  1419     0.000962     0.435248  
  1420     0.000959     0.435250  
  1421     0.000955     0.435236  
  1422     0.000952     0.435214  
  1423     0.000948     0.435200  
  1424     0.000944     0.435209  
  1425     0.000940     0.435202  
  1426     0.000937     0.435208  
  1427     0.000933     0.435205  
  1428     0.000930     0.435211  
  1429     0.000926     0.435213  
  1430     0.000923     0.435215  
  1431     0.000920     0.435203  
  1432     0.000916     0.435205  
# best iteration 1332 (val l2 0.435183)
# Spearman  train +0.9948  val +0.7582  test +0.7562
