# mlp_seq+energy+edge seed 0
# perceptron on seq+energy+edge
# inputs [(15740,)], 2,019,009 parameters
# Linear(n_in,128) -> GELU -> Dropout(0.3) -> Linear(128,32) -> GELU -> Dropout(0.3) -> Linear(32,1)
# Adam lr=0.001 weight_decay=0.0001 batch=32 dropout=0.3
# loss = MSE on standardised log10 half-life
# early stopping on validation loss, patience 40, max 300 epochs
#
 epoch  train_batch        train          val  note
     1    11.855897    31.675743     0.831419  * best
     2    38.800583     3.502876     0.816230  * best
     3     7.401198    28.019850     0.792267  * best
     4    42.267768     7.954321     0.765389  * best
     5    13.118526    10.952873     0.756829  * best
     6     0.903135     8.694660     0.784857  
     7     6.981642     0.790493     0.803760  
     8     0.669897     0.523165     0.775416  
     9     0.735634     0.501259     0.809500  
    10     0.699931     0.788754     0.798982  
    11     0.656383     0.479386     0.705644  * best
    12     0.601159     0.455855     0.728139  
    13     0.592090     0.466043     0.712614  
    14     0.552568     0.403181     0.735878  
    15     0.527415     0.388496     0.773667  
    16     0.594134     0.383549     0.817189  
    17     0.511469     0.344683     0.791243  
    18     0.524153     0.349833     0.826128  
    19     0.466049     0.304776     0.868778  
    20     0.447989     0.307809     0.817094  
    21     0.455823     0.298369     0.801979  
    22     0.441038     0.282024     0.749818  
    23     0.418270     0.285618     0.836412  
    24     0.412038     0.305909     0.716238  
    25     0.439318     0.325304     0.714514  
    26     0.403582     0.258285     0.809995  
    27     0.376502     0.263800     0.781494  
    28     0.413314     0.270624     0.953257  
    29     0.638089     0.277440     0.791839  
    30     0.435448     0.275391     0.761477  
    31     0.426580     0.253097     0.768920  
    32     0.425020     0.244876     0.835625  
    33     0.422151     0.252914     0.748483  
    34     0.401053     0.244702     0.722856  
    35     0.382439     0.232322     0.769723  
    36     0.384774     0.234760     0.798574  
    37     0.379529     0.235230     0.755801  
    38     0.378476     0.225410     0.767094  
    39     0.841588     0.411167     0.742717  
    40     0.521727     0.312698     0.723725  
    41     0.508363     0.307753     0.754410  
    42     0.626901     0.353239     0.703718  * best
    43     0.516772     0.311193     0.708781  
    44     0.669033     0.308252     0.757595  
    45     0.484459     0.317760     0.732761  
    46     0.465388     0.264601     0.778403  
    47     0.458421     0.282305     0.766506  
    48     0.446183     0.274482     0.772067  
    49     0.447233     0.283844     0.707278  
    50     0.437429     0.295024     0.746055  
    51     0.442682     0.270718     0.786694  
    52     0.458570     0.273034     0.739149  
    53     0.444896     0.265461     0.784420  
    54     0.572252     0.306747     0.722551  
    55     0.469753     0.270287     0.728575  
    56     0.446113     0.249530     0.759214  
    57     0.448380     0.291144     0.833273  
    58     0.447694     0.258108     0.781039  
    59     0.454840     0.248225     0.865284  
    60     0.451034     0.297177     0.718962  
    61     0.448032     0.240359     0.871336  
    62     0.441049     0.269136     0.765657  
    63     0.448984     0.274391     0.726781  
    64     0.517310     0.326410     0.719453  
    65     0.496814     0.286736     0.726246  
    66     0.541849     0.478561     0.774854  
    67     0.909747     0.543462     0.719690  
    68     0.665107     0.498338     0.752573  
    69     0.656107     0.534597     0.687491  * best
    70     0.600296     0.316836     0.722243  
    71     0.518762     0.295999     0.716621  
    72     0.486383     0.282179     0.804107  
    73     0.699967     0.560670     0.703523  
    74     0.994653     0.733427     0.693843  
    75     0.719354     0.533304     0.683728  * best
    76     0.594180     0.428602     0.760462  
    77     0.546230     0.300721     0.804467  
    78     0.461400     0.279305     0.856432  
    79     0.485152     0.271955     0.761635  
    80     0.425547     0.255053     0.715903  
    81     0.419358     0.258677     0.741355  
    82     0.420530     0.251714     0.737791  
    83     0.394160     0.219739     0.824369  
    84     0.413139     0.269040     0.771645  
    85     0.410679     0.230086     0.858753  
    86     0.386181     0.209290     0.748641  
    87     0.508409     0.491381     0.707530  
    88     0.628421     0.300137     0.847516  
    89     0.760307     0.732667     0.890498  
    90     0.745911     0.564120     0.724865  
    91     0.699244     0.526332     0.699111  
    92     0.668183     0.458406     0.739380  
    93     0.598479     0.460870     0.687148  
    94     0.587776     0.420566     0.706585  
    95     0.568776     0.386885     0.710391  
    96     0.561972     0.336137     0.761204  
    97     0.569157     0.371358     0.718023  
    98     0.533489     0.334307     0.811246  
    99     0.566988     0.296853     0.811603  
   100     0.547391     0.368814     0.733349  
   101     0.554646     0.380848     0.746242  
   102     0.497840     0.344426     0.741724  
   103     0.480407     0.333161     0.745687  
   104     0.480475     0.366370     0.758247  
   105     0.459497     0.319559     0.832265  
   106     0.500023     0.322946     0.754072  
   107     0.494632     0.315006     0.777994  
   108     0.475524     0.300600     0.779400  
   109     0.462244     0.342959     0.767186  
   110     0.461781     0.275828     0.754927  
   111     0.463884     0.271504     0.800179  
   112     0.462475     0.312738     0.737206  
   113     0.453479     0.298903     0.768708  
   114     0.477391     0.317266     0.735510  
   115     0.448313     0.285559     0.787661  
# stopped at epoch 115: no improvement for 40 epochs
# restored epoch 75 (val MSE 0.683728)
# Spearman  train +0.7661  val +0.2967  test +0.1651
