# boltz_conf seed 3
# Boltz confidence metrics (ipTM, pTM, pLDDT, ...)
# input dim 9, 5,441 parameters
# Linear(n_in,128) -> GELU -> Dropout(0.3) -> Linear(128,32) -> GELU -> Dropout(0.3) -> Linear(32,1)
# Adam lr=0.001 weight_decay=0.0001 batch=32 dropout=0.3
# loss = MSE on standardised log10 half-life
# early stopping on validation loss, patience 40, max 300 epochs
#
 epoch  train_batch        train          val  note
     1     0.884145     0.832713     0.861908  * best
     2     0.841005     0.823214     0.861223  * best
     3     0.835370     0.817094     0.848500  * best
     4     0.829312     0.813558     0.847879  * best
     5     0.826505     0.809886     0.842734  * best
     6     0.828610     0.807691     0.839444  * best
     7     0.823555     0.805797     0.838759  * best
     8     0.816530     0.806860     0.830609  * best
     9     0.818859     0.802570     0.834378  
    10     0.818374     0.804085     0.837784  
    11     0.821132     0.801167     0.836681  
    12     0.813974     0.801189     0.841637  
    13     0.811075     0.796666     0.836712  
    14     0.813287     0.803308     0.830055  * best
    15     0.813377     0.797591     0.841642  
    16     0.811905     0.794926     0.837587  
    17     0.805774     0.794384     0.840980  
    18     0.811357     0.793886     0.833788  
    19     0.807396     0.788163     0.828212  * best
    20     0.807608     0.790637     0.837051  
    21     0.810259     0.786914     0.824730  * best
    22     0.804772     0.787058     0.827518  
    23     0.801794     0.786686     0.821698  * best
    24     0.802104     0.783442     0.830187  
    25     0.799988     0.783629     0.831814  
    26     0.801855     0.782626     0.820081  * best
    27     0.801370     0.782299     0.829891  
    28     0.801405     0.779798     0.823098  
    29     0.797109     0.779084     0.820947  
    30     0.799603     0.777568     0.821570  
    31     0.799078     0.779272     0.824960  
    32     0.795137     0.778135     0.822736  
    33     0.792744     0.779614     0.824619  
    34     0.797440     0.776914     0.827556  
    35     0.794975     0.775170     0.820396  
    36     0.792641     0.780134     0.830967  
    37     0.793490     0.775711     0.827952  
    38     0.794369     0.773572     0.823449  
    39     0.799293     0.772997     0.813057  * best
    40     0.790391     0.773571     0.818923  
    41     0.793261     0.774451     0.827266  
    42     0.795918     0.772320     0.822355  
    43     0.787745     0.770156     0.814760  
    44     0.787789     0.774127     0.820906  
    45     0.788440     0.771557     0.814572  
    46     0.789933     0.773535     0.821577  
    47     0.786726     0.770936     0.818568  
    48     0.785902     0.770686     0.822377  
    49     0.793811     0.771008     0.824605  
    50     0.787578     0.776174     0.834766  
    51     0.789620     0.771748     0.816656  
    52     0.790343     0.770158     0.823687  
    53     0.788099     0.767439     0.818597  
    54     0.785255     0.766128     0.817806  
    55     0.784238     0.765051     0.812718  * best
    56     0.788682     0.765246     0.816801  
    57     0.788111     0.766780     0.823548  
    58     0.777646     0.763224     0.811757  * best
    59     0.784826     0.766066     0.816367  
    60     0.781759     0.762909     0.812639  
    61     0.786695     0.764362     0.816013  
    62     0.785241     0.768203     0.814984  
    63     0.785864     0.765223     0.811533  * best
    64     0.781173     0.763365     0.814618  
    65     0.780616     0.765287     0.809407  * best
    66     0.779099     0.763678     0.814354  
    67     0.784822     0.767588     0.828824  
    68     0.784688     0.767357     0.823675  
    69     0.783552     0.763578     0.819361  
    70     0.785950     0.762080     0.819124  
    71     0.786555     0.761196     0.813342  
    72     0.779534     0.762620     0.817444  
    73     0.778427     0.763589     0.816569  
    74     0.782067     0.762207     0.812471  
    75     0.781199     0.761350     0.806816  * best
    76     0.786835     0.760625     0.816639  
    77     0.779460     0.761130     0.818349  
    78     0.781201     0.758425     0.817525  
    79     0.783230     0.763946     0.823639  
    80     0.781114     0.767190     0.807106  
    81     0.775381     0.759940     0.810380  
    82     0.779921     0.759498     0.821425  
    83     0.780883     0.757980     0.815166  
    84     0.783426     0.758166     0.817648  
    85     0.778225     0.760765     0.809606  
    86     0.777710     0.757473     0.815138  
    87     0.779000     0.756944     0.819040  
    88     0.777558     0.756671     0.811574  
    89     0.779434     0.757164     0.811909  
    90     0.776836     0.756537     0.810102  
    91     0.780327     0.761032     0.825556  
    92     0.779174     0.760379     0.813883  
    93     0.781029     0.757100     0.810305  
    94     0.775933     0.757904     0.818061  
    95     0.780643     0.760612     0.820104  
    96     0.779822     0.758093     0.814953  
    97     0.777075     0.755930     0.819311  
    98     0.774254     0.756167     0.821915  
    99     0.775174     0.758737     0.816653  
   100     0.771801     0.756026     0.813447  
   101     0.777635     0.754173     0.812343  
   102     0.778453     0.755943     0.816328  
   103     0.779396     0.752744     0.810119  
   104     0.777944     0.755637     0.821142  
   105     0.781423     0.754564     0.809992  
   106     0.772073     0.756885     0.814798  
   107     0.773817     0.758089     0.807620  
   108     0.777701     0.755870     0.820283  
   109     0.776586     0.756060     0.815540  
   110     0.774139     0.756337     0.814814  
   111     0.776566     0.756453     0.810192  
   112     0.778713     0.752846     0.810990  
   113     0.778778     0.759066     0.813219  
   114     0.769757     0.751606     0.811870  
   115     0.777845     0.751963     0.807991  
# stopped at epoch 115: no improvement for 40 epochs
# restored epoch 75 (val MSE 0.806816)
# Spearman  train +0.4790  val +0.4433  test +0.4458
