# gbm_seq+node+energy seed 1
# boosted trees on seq+node+energy
# inputs 12810, 1,722 trees
# LightGBM gradient-boosted trees, objective l2, lr 0.05, num_leaves 31, min_data_in_leaf 20, feature_fraction 0.3, bagging 0.8, lambda_l2 1.0, up to 3000 rounds, early stopping 100 on validation l2
# loss = l2 on standardised log10 half-life
#
 round        train          val  note
     1     0.967203     0.978132  
     2     0.935657     0.949367  
     3     0.906597     0.924461  
     4     0.879698     0.900014  
     5     0.856048     0.878138  
     6     0.832573     0.857644  
     7     0.811695     0.839655  
     8     0.791150     0.821852  
     9     0.774355     0.808842  
    10     0.755234     0.792972  
    11     0.738212     0.778309  
    12     0.723918     0.766123  
    13     0.709791     0.753774  
    14     0.695741     0.741107  
    15     0.683464     0.731658  
    16     0.671951     0.721734  
    17     0.660396     0.711368  
    18     0.649933     0.702990  
    19     0.639760     0.694783  
    20     0.630231     0.687189  
    21     0.620575     0.679092  
    22     0.611381     0.671625  
    23     0.602891     0.665587  
    24     0.594967     0.660038  
    25     0.587417     0.654015  
    26     0.579931     0.648726  
    27     0.572143     0.642874  
    28     0.565458     0.638589  
    29     0.559279     0.635650  
    30     0.553345     0.631418  
    31     0.547500     0.628905  
    32     0.541551     0.625214  
    33     0.536017     0.621032  
    34     0.530555     0.618912  
    35     0.525664     0.615764  
    36     0.520378     0.612152  
    37     0.515444     0.609347  
    38     0.510152     0.606360  
    39     0.505648     0.604338  
    40     0.501308     0.602182  
    41     0.497243     0.601367  
    42     0.492706     0.598778  
    43     0.488656     0.596420  
    44     0.484579     0.594800  
    45     0.480469     0.592815  
    46     0.476418     0.591274  
    47     0.472700     0.589693  
    48     0.468763     0.588015  
    49     0.464523     0.586101  
    50     0.460027     0.583352  
    51     0.456078     0.582085  
    52     0.452332     0.579879  
    53     0.448993     0.579145  
    54     0.445910     0.577599  
    55     0.442372     0.575844  
    56     0.438918     0.574171  
    57     0.435375     0.572142  
    58     0.432026     0.571104  
    59     0.428852     0.569905  
    60     0.425905     0.568612  
    61     0.422713     0.567962  
    62     0.419744     0.566672  
    63     0.416641     0.565876  
    64     0.413500     0.564851  
    65     0.410390     0.563825  
    66     0.407071     0.561901  
    67     0.403993     0.561369  
    68     0.400774     0.559751  
    69     0.397748     0.558665  
    70     0.394854     0.557903  
    71     0.392221     0.556972  
    72     0.389619     0.556314  
    73     0.386738     0.555587  
    74     0.383997     0.554713  
    75     0.381420     0.553989  
    76     0.378840     0.552853  
    77     0.376184     0.552221  
    78     0.373682     0.551412  
    79     0.371252     0.550496  
    80     0.368889     0.549925  
    81     0.366238     0.548679  
    82     0.363640     0.547606  
    83     0.361327     0.546679  
    84     0.358757     0.545609  
    85     0.356384     0.544962  
    86     0.354062     0.544405  
    87     0.351892     0.543661  
    88     0.349452     0.542403  
    89     0.347041     0.541472  
    90     0.344663     0.540258  
    91     0.342373     0.540110  
    92     0.340148     0.539401  
    93     0.337858     0.538685  
    94     0.335758     0.538311  
    95     0.333613     0.537095  
    96     0.331578     0.536565  
    97     0.329457     0.535782  
    98     0.327420     0.535538  
    99     0.325251     0.535224  
   100     0.323175     0.534868  
   101     0.321154     0.534405  
   102     0.318953     0.533685  
   103     0.316877     0.532854  
   104     0.314961     0.532563  
   105     0.313095     0.532584  
   106     0.310951     0.531928  
   107     0.309077     0.531794  
   108     0.307071     0.531164  
   109     0.305213     0.531012  
   110     0.303429     0.530817  
   111     0.301518     0.530375  
   112     0.299691     0.529838  
   113     0.297871     0.529927  
   114     0.296092     0.529417  
   115     0.294187     0.528901  
   116     0.292564     0.528640  
   117     0.290615     0.527562  
   118     0.288768     0.527101  
   119     0.287029     0.527028  
   120     0.285363     0.526819  
   121     0.283647     0.526024  
   122     0.281940     0.525890  
   123     0.280231     0.524894  
   124     0.278499     0.524313  
   125     0.276972     0.524015  
   126     0.275533     0.524078  
   127     0.273816     0.523301  
   128     0.272206     0.522979  
   129     0.270728     0.522660  
   130     0.269241     0.522058  
   131     0.267670     0.521425  
   132     0.266175     0.520912  
   133     0.264667     0.520385  
   134     0.263146     0.520197  
   135     0.261586     0.519911  
   136     0.259959     0.519672  
   137     0.258519     0.519038  
   138     0.257016     0.518700  
   139     0.255627     0.518809  
   140     0.254144     0.518617  
   141     0.252756     0.518756  
   142     0.251256     0.518429  
   143     0.249891     0.518497  
   144     0.248351     0.518105  
   145     0.246951     0.518236  
   146     0.245657     0.517945  
   147     0.244264     0.517185  
   148     0.242949     0.517124  
   149     0.241575     0.517036  
   150     0.240216     0.516445  
   151     0.238828     0.516260  
   152     0.237367     0.516071  
   153     0.235979     0.515997  
   154     0.234672     0.515604  
   155     0.233347     0.515728  
   156     0.232134     0.515700  
   157     0.230862     0.515662  
   158     0.229540     0.515424  
   159     0.228360     0.515161  
   160     0.227016     0.515089  
   161     0.225773     0.514598  
   162     0.224440     0.513816  
   163     0.223128     0.513400  
   164     0.221989     0.513087  
   165     0.220801     0.512854  
   166     0.219615     0.512221  
   167     0.218450     0.511992  
   168     0.217312     0.511679  
   169     0.216156     0.511461  
   170     0.214996     0.511286  
   171     0.213788     0.511020  
   172     0.212681     0.510807  
   173     0.211341     0.510394  
   174     0.210166     0.510031  
   175     0.208956     0.509829  
   176     0.207896     0.509905  
   177     0.206802     0.509814  
   178     0.205720     0.509594  
   179     0.204697     0.509452  
   180     0.203608     0.509516  
   181     0.202415     0.509188  
   182     0.201330     0.509202  
   183     0.200234     0.509223  
   184     0.199068     0.508752  
   185     0.197982     0.508507  
   186     0.196982     0.508504  
   187     0.195912     0.508506  
   188     0.194823     0.508272  
   189     0.193728     0.507653  
   190     0.192665     0.507180  
   191     0.191538     0.506866  
   192     0.190512     0.506719  
   193     0.189520     0.506608  
   194     0.188450     0.506510  
   195     0.187454     0.506504  
   196     0.186463     0.506425  
   197     0.185528     0.506403  
   198     0.184450     0.506013  
   199     0.183529     0.505939  
   200     0.182584     0.505787  
   201     0.181633     0.505865  
   202     0.180684     0.505414  
   203     0.179752     0.505133  
   204     0.178827     0.505256  
   205     0.177948     0.505076  
   206     0.177085     0.504900  
   207     0.176221     0.504447  
   208     0.175328     0.504411  
   209     0.174424     0.504324  
   210     0.173521     0.503917  
   211     0.172688     0.503650  
   212     0.171877     0.503591  
   213     0.170922     0.503498  
   214     0.169895     0.503251  
   215     0.169074     0.503157  
   216     0.168235     0.503136  
   217     0.167408     0.503061  
   218     0.166601     0.503045  
   219     0.165800     0.503036  
   220     0.164990     0.502978  
   221     0.164067     0.502776  
   222     0.163238     0.502480  
   223     0.162446     0.502597  
   224     0.161642     0.502676  
   225     0.160847     0.502324  
   226     0.159898     0.501660  
   227     0.159046     0.501377  
   228     0.158228     0.501323  
   229     0.157397     0.501272  
   230     0.156582     0.501085  
   231     0.155808     0.500916  
   232     0.155054     0.500578  
   233     0.154276     0.500460  
   234     0.153493     0.500395  
   235     0.152704     0.500458  
   236     0.151999     0.500022  
   237     0.151238     0.499953  
   238     0.150472     0.500050  
   239     0.149687     0.499849  
   240     0.148983     0.499610  
   241     0.148209     0.499583  
   242     0.147549     0.499707  
   243     0.146765     0.499501  
   244     0.146117     0.499703  
   245     0.145362     0.499450  
   246     0.144636     0.499200  
   247     0.143930     0.498831  
   248     0.143078     0.498530  
   249     0.142414     0.498297  
   250     0.141722     0.498022  
   251     0.141068     0.498083  
   252     0.140430     0.498070  
   253     0.139721     0.497782  
   254     0.139046     0.497676  
   255     0.138287     0.497700  
   256     0.137602     0.497646  
   257     0.136922     0.497617  
   258     0.136256     0.497332  
   259     0.135549     0.497402  
   260     0.134905     0.497435  
   261     0.134307     0.497211  
   262     0.133574     0.497296  
   263     0.132948     0.497253  
   264     0.132222     0.496790  
   265     0.131624     0.496763  
   266     0.131022     0.496797  
   267     0.130373     0.496500  
   268     0.129760     0.496710  
   269     0.129127     0.496423  
   270     0.128481     0.496625  
   271     0.127886     0.496566  
   272     0.127298     0.496732  
   273     0.126671     0.496720  
   274     0.126073     0.496276  
   275     0.125502     0.495902  
   276     0.124886     0.495857  
   277     0.124259     0.495783  
   278     0.123616     0.495767  
   279     0.123026     0.495868  
   280     0.122428     0.495949  
   281     0.121833     0.495718  
   282     0.121155     0.495705  
   283     0.120596     0.495640  
   284     0.120035     0.495776  
   285     0.119424     0.495949  
   286     0.118805     0.495734  
   287     0.118174     0.495771  
   288     0.117606     0.495929  
   289     0.117055     0.495861  
   290     0.116511     0.495926  
   291     0.115928     0.495883  
   292     0.115403     0.495736  
   293     0.114871     0.495723  
   294     0.114312     0.495909  
   295     0.113756     0.495843  
   296     0.113167     0.495635  
   297     0.112623     0.495555  
   298     0.112082     0.495551  
   299     0.111552     0.495612  
   300     0.110954     0.495468  
   301     0.110437     0.495195  
   302     0.109866     0.495340  
   303     0.109349     0.495280  
   304     0.108805     0.495224  
   305     0.108293     0.495401  
   306     0.107757     0.495554  
   307     0.107167     0.495117  
   308     0.106653     0.495012  
   309     0.106195     0.494829  
   310     0.105686     0.494817  
   311     0.105167     0.494702  
   312     0.104694     0.494576  
   313     0.104178     0.494533  
   314     0.103617     0.494429  
   315     0.103123     0.494717  
   316     0.102696     0.494568  
   317     0.102179     0.494685  
   318     0.101691     0.494691  
   319     0.101205     0.494748  
   320     0.100719     0.494690  
   321     0.100266     0.494619  
   322     0.099839     0.494543  
   323     0.099366     0.494467  
   324     0.098846     0.494431  
   325     0.098403     0.494486  
   326     0.097936     0.494519  
   327     0.097505     0.494525  
   328     0.097038     0.494206  
   329     0.096583     0.494195  
   330     0.096118     0.493924  
   331     0.095704     0.493868  
   332     0.095257     0.494026  
   333     0.094783     0.493843  
   334     0.094323     0.493556  
   335     0.093896     0.493663  
   336     0.093457     0.493499  
   337     0.093012     0.493241  
   338     0.092575     0.493039  
   339     0.092093     0.492968  
   340     0.091607     0.492944  
   341     0.091161     0.492644  
   342     0.090712     0.492233  
   343     0.090263     0.492285  
   344     0.089796     0.492158  
   345     0.089359     0.492131  
   346     0.088930     0.491961  
   347     0.088517     0.491785  
   348     0.088141     0.491848  
   349     0.087725     0.491843  
   350     0.087327     0.491717  
   351     0.086932     0.491727  
   352     0.086535     0.491707  
   353     0.086110     0.491697  
   354     0.085697     0.491660  
   355     0.085277     0.491541  
   356     0.084911     0.491386  
   357     0.084532     0.491263  
   358     0.084144     0.491423  
   359     0.083714     0.491456  
   360     0.083312     0.491462  
   361     0.082920     0.491522  
   362     0.082527     0.491394  
   363     0.082162     0.491440  
   364     0.081787     0.491415  
   365     0.081418     0.491300  
   366     0.081061     0.491422  
   367     0.080718     0.491690  
   368     0.080368     0.491530  
   369     0.079954     0.491334  
   370     0.079615     0.491339  
   371     0.079257     0.491344  
   372     0.078875     0.491232  
   373     0.078518     0.491059  
   374     0.078177     0.491175  
   375     0.077799     0.491084  
   376     0.077444     0.491125  
   377     0.077134     0.490979  
   378     0.076785     0.491016  
   379     0.076418     0.491113  
   380     0.076037     0.491080  
   381     0.075693     0.490948  
   382     0.075369     0.490933  
   383     0.075021     0.490854  
   384     0.074715     0.490790  
   385     0.074360     0.490729  
   386     0.074047     0.490657  
   387     0.073696     0.490828  
   388     0.073370     0.490780  
   389     0.073052     0.490625  
   390     0.072749     0.490485  
   391     0.072388     0.490381  
   392     0.072058     0.490366  
   393     0.071746     0.490209  
   394     0.071408     0.490007  
   395     0.071070     0.489962  
   396     0.070752     0.490118  
   397     0.070452     0.490067  
   398     0.070151     0.490092  
   399     0.069848     0.490081  
   400     0.069552     0.490019  
   401     0.069225     0.489872  
   402     0.068913     0.489765  
   403     0.068567     0.489669  
   404     0.068240     0.489682  
   405     0.067941     0.489480  
   406     0.067637     0.489369  
   407     0.067348     0.489064  
   408     0.067064     0.488993  
   409     0.066770     0.488949  
   410     0.066461     0.488764  
   411     0.066149     0.488672  
   412     0.065842     0.488390  
   413     0.065568     0.488415  
   414     0.065300     0.488259  
   415     0.065005     0.488244  
   416     0.064740     0.488157  
   417     0.064462     0.488163  
   418     0.064227     0.487959  
   419     0.063931     0.487857  
   420     0.063626     0.487926  
   421     0.063325     0.487911  
   422     0.063029     0.487773  
   423     0.062775     0.487644  
   424     0.062481     0.487445  
   425     0.062206     0.487336  
   426     0.061938     0.487316  
   427     0.061667     0.487219  
   428     0.061394     0.487247  
   429     0.061123     0.487252  
   430     0.060838     0.487133  
   431     0.060571     0.487125  
   432     0.060283     0.487103  
   433     0.059995     0.486825  
   434     0.059735     0.486742  
   435     0.059445     0.486675  
   436     0.059200     0.486686  
   437     0.058940     0.486696  
   438     0.058667     0.486503  
   439     0.058416     0.486581  
   440     0.058172     0.486291  
   441     0.057940     0.486324  
   442     0.057682     0.486299  
   443     0.057438     0.486216  
   444     0.057202     0.486106  
   445     0.056957     0.485997  
   446     0.056710     0.485853  
   447     0.056476     0.485722  
   448     0.056201     0.485648  
   449     0.055967     0.485633  
   450     0.055706     0.485432  
   451     0.055476     0.485358  
   452     0.055225     0.485425  
   453     0.055005     0.485305  
   454     0.054763     0.485278  
   455     0.054521     0.485419  
   456     0.054299     0.485468  
   457     0.054083     0.485451  
   458     0.053817     0.485394  
   459     0.053558     0.485510  
   460     0.053337     0.485590  
   461     0.053102     0.485393  
   462     0.052876     0.485322  
   463     0.052613     0.485333  
   464     0.052380     0.485194  
   465     0.052131     0.484980  
   466     0.051895     0.484673  
   467     0.051676     0.484513  
   468     0.051456     0.484480  
   469     0.051252     0.484445  
   470     0.051025     0.484538  
   471     0.050785     0.484503  
   472     0.050547     0.484288  
   473     0.050331     0.484379  
   474     0.050119     0.484449  
   475     0.049883     0.484285  
   476     0.049660     0.484337  
   477     0.049416     0.484177  
   478     0.049221     0.484041  
   479     0.049004     0.484224  
   480     0.048789     0.484291  
   481     0.048582     0.484356  
   482     0.048358     0.484200  
   483     0.048126     0.484159  
   484     0.047926     0.484109  
   485     0.047722     0.484131  
   486     0.047524     0.484167  
   487     0.047309     0.484133  
   488     0.047118     0.484254  
   489     0.046912     0.484240  
   490     0.046712     0.484244  
   491     0.046505     0.484328  
   492     0.046315     0.484320  
   493     0.046108     0.484406  
   494     0.045910     0.484509  
   495     0.045722     0.484597  
   496     0.045547     0.484618  
   497     0.045349     0.484576  
   498     0.045167     0.484562  
   499     0.044969     0.484434  
   500     0.044777     0.484456  
   501     0.044589     0.484448  
   502     0.044374     0.484266  
   503     0.044187     0.484259  
   504     0.044004     0.484340  
   505     0.043803     0.484415  
   506     0.043599     0.484315  
   507     0.043414     0.484333  
   508     0.043226     0.484300  
   509     0.043047     0.484235  
   510     0.042870     0.484237  
   511     0.042718     0.484223  
   512     0.042536     0.484225  
   513     0.042338     0.484225  
   514     0.042146     0.484016  
   515     0.041946     0.484128  
   516     0.041754     0.484073  
   517     0.041558     0.483941  
   518     0.041388     0.483933  
   519     0.041219     0.484000  
   520     0.041032     0.483989  
   521     0.040825     0.483708  
   522     0.040644     0.483719  
   523     0.040460     0.483573  
   524     0.040283     0.483527  
   525     0.040113     0.483400  
   526     0.039942     0.483383  
   527     0.039765     0.483477  
   528     0.039587     0.483587  
   529     0.039403     0.483547  
   530     0.039243     0.483540  
   531     0.039056     0.483479  
   532     0.038885     0.483452  
   533     0.038735     0.483438  
   534     0.038584     0.483509  
   535     0.038417     0.483423  
   536     0.038275     0.483260  
   537     0.038101     0.483158  
   538     0.037955     0.483061  
   539     0.037810     0.483142  
   540     0.037667     0.483084  
   541     0.037504     0.483059  
   542     0.037350     0.483124  
   543     0.037184     0.482967  
   544     0.037036     0.482969  
   545     0.036894     0.482965  
   546     0.036723     0.483070  
   547     0.036558     0.483049  
   548     0.036400     0.482996  
   549     0.036235     0.483036  
   550     0.036089     0.483112  
   551     0.035942     0.483130  
   552     0.035785     0.483122  
   553     0.035642     0.483112  
   554     0.035502     0.483123  
   555     0.035362     0.483097  
   556     0.035225     0.483099  
   557     0.035074     0.482949  
   558     0.034921     0.483005  
   559     0.034751     0.482850  
   560     0.034607     0.482823  
   561     0.034462     0.482830  
   562     0.034321     0.482844  
   563     0.034192     0.482799  
   564     0.034034     0.482610  
   565     0.033895     0.482573  
   566     0.033764     0.482623  
   567     0.033616     0.482609  
   568     0.033472     0.482504  
   569     0.033334     0.482495  
   570     0.033183     0.482701  
   571     0.033038     0.482674  
   572     0.032896     0.482620  
   573     0.032749     0.482688  
   574     0.032595     0.482750  
   575     0.032471     0.482826  
   576     0.032329     0.482886  
   577     0.032191     0.482972  
   578     0.032048     0.482956  
   579     0.031900     0.483032  
   580     0.031770     0.482971  
   581     0.031654     0.482925  
   582     0.031488     0.482824  
   583     0.031345     0.482756  
   584     0.031221     0.482687  
   585     0.031088     0.482644  
   586     0.030967     0.482683  
   587     0.030840     0.482620  
   588     0.030726     0.482540  
   589     0.030589     0.482519  
   590     0.030464     0.482412  
   591     0.030343     0.482373  
   592     0.030222     0.482328  
   593     0.030091     0.482275  
   594     0.029951     0.482257  
   595     0.029837     0.482219  
   596     0.029706     0.482258  
   597     0.029585     0.482226  
   598     0.029454     0.482134  
   599     0.029319     0.482141  
   600     0.029198     0.482096  
   601     0.029068     0.482018  
   602     0.028952     0.481964  
   603     0.028830     0.481947  
   604     0.028714     0.481948  
   605     0.028592     0.481903  
   606     0.028479     0.482007  
   607     0.028367     0.482110  
   608     0.028237     0.482017  
   609     0.028130     0.481954  
   610     0.028013     0.481944  
   611     0.027898     0.481897  
   612     0.027784     0.481819  
   613     0.027675     0.481837  
   614     0.027562     0.481846  
   615     0.027457     0.481895  
   616     0.027349     0.481871  
   617     0.027233     0.481855  
   618     0.027120     0.481914  
   619     0.027007     0.481850  
   620     0.026882     0.481944  
   621     0.026785     0.481924  
   622     0.026668     0.481932  
   623     0.026565     0.481827  
   624     0.026461     0.481776  
   625     0.026341     0.481742  
   626     0.026223     0.481655  
   627     0.026110     0.481555  
   628     0.025998     0.481373  
   629     0.025887     0.481382  
   630     0.025776     0.481439  
   631     0.025668     0.481408  
   632     0.025554     0.481389  
   633     0.025455     0.481292  
   634     0.025347     0.481196  
   635     0.025240     0.481213  
   636     0.025144     0.481273  
   637     0.025041     0.481255  
   638     0.024920     0.481226  
   639     0.024805     0.481259  
   640     0.024701     0.481230  
   641     0.024591     0.481094  
   642     0.024487     0.481161  
   643     0.024390     0.481141  
   644     0.024284     0.481007  
   645     0.024190     0.481042  
   646     0.024079     0.481102  
   647     0.023970     0.481046  
   648     0.023867     0.481017  
   649     0.023765     0.480955  
   650     0.023666     0.480984  
   651     0.023562     0.480999  
   652     0.023472     0.481117  
   653     0.023374     0.481131  
   654     0.023279     0.481132  
   655     0.023191     0.481146  
   656     0.023103     0.481139  
   657     0.023004     0.481189  
   658     0.022910     0.481120  
   659     0.022813     0.481143  
   660     0.022721     0.481090  
   661     0.022619     0.481147  
   662     0.022535     0.481213  
   663     0.022435     0.481053  
   664     0.022326     0.481079  
   665     0.022242     0.481125  
   666     0.022150     0.481130  
   667     0.022053     0.481077  
   668     0.021948     0.481167  
   669     0.021844     0.481083  
   670     0.021744     0.481085  
   671     0.021659     0.481093  
   672     0.021563     0.481189  
   673     0.021471     0.481304  
   674     0.021378     0.481296  
   675     0.021286     0.481133  
   676     0.021201     0.481070  
   677     0.021109     0.481101  
   678     0.021014     0.481142  
   679     0.020918     0.481153  
   680     0.020819     0.480974  
   681     0.020728     0.480874  
   682     0.020645     0.480822  
   683     0.020558     0.480818  
   684     0.020483     0.480810  
   685     0.020396     0.480751  
   686     0.020318     0.480759  
   687     0.020239     0.480742  
   688     0.020154     0.480750  
   689     0.020064     0.480681  
   690     0.019972     0.480763  
   691     0.019887     0.480761  
   692     0.019799     0.480867  
   693     0.019715     0.480845  
   694     0.019630     0.480744  
   695     0.019550     0.480758  
   696     0.019461     0.480826  
   697     0.019379     0.480804  
   698     0.019297     0.480750  
   699     0.019226     0.480809  
   700     0.019150     0.480796  
   701     0.019069     0.480795  
   702     0.018993     0.480714  
   703     0.018926     0.480621  
   704     0.018841     0.480632  
   705     0.018763     0.480602  
   706     0.018684     0.480616  
   707     0.018612     0.480579  
   708     0.018546     0.480415  
   709     0.018468     0.480389  
   710     0.018402     0.480350  
   711     0.018338     0.480212  
   712     0.018257     0.480183  
   713     0.018181     0.480050  
   714     0.018100     0.480024  
   715     0.018023     0.480036  
   716     0.017949     0.479994  
   717     0.017872     0.480027  
   718     0.017799     0.480037  
   719     0.017725     0.480125  
   720     0.017656     0.480133  
   721     0.017584     0.480044  
   722     0.017524     0.480011  
   723     0.017447     0.480052  
   724     0.017371     0.480062  
   725     0.017305     0.480154  
   726     0.017237     0.480121  
   727     0.017167     0.480047  
   728     0.017093     0.480081  
   729     0.017031     0.480105  
   730     0.016956     0.480131  
   731     0.016889     0.480185  
   732     0.016822     0.480341  
   733     0.016747     0.480369  
   734     0.016678     0.480337  
   735     0.016606     0.480274  
   736     0.016543     0.480217  
   737     0.016475     0.480144  
   738     0.016409     0.480072  
   739     0.016343     0.480126  
   740     0.016267     0.480056  
   741     0.016203     0.479958  
   742     0.016129     0.479980  
   743     0.016060     0.480032  
   744     0.015996     0.479987  
   745     0.015925     0.479969  
   746     0.015853     0.479952  
   747     0.015791     0.479887  
   748     0.015729     0.479917  
   749     0.015665     0.479867  
   750     0.015604     0.479907  
   751     0.015543     0.479964  
   752     0.015479     0.479996  
   753     0.015417     0.479932  
   754     0.015354     0.479919  
   755     0.015295     0.479998  
   756     0.015235     0.480046  
   757     0.015179     0.480027  
   758     0.015120     0.480019  
   759     0.015059     0.480044  
   760     0.014998     0.480074  
   761     0.014936     0.480073  
   762     0.014872     0.480017  
   763     0.014812     0.480074  
   764     0.014749     0.480035  
   765     0.014682     0.480034  
   766     0.014617     0.479946  
   767     0.014556     0.479950  
   768     0.014501     0.479957  
   769     0.014437     0.479948  
   770     0.014388     0.479968  
   771     0.014333     0.479938  
   772     0.014267     0.479878  
   773     0.014211     0.479874  
   774     0.014148     0.479775  
   775     0.014088     0.479782  
   776     0.014031     0.479746  
   777     0.013976     0.479703  
   778     0.013921     0.479675  
   779     0.013858     0.479661  
   780     0.013797     0.479664  
   781     0.013742     0.479557  
   782     0.013679     0.479586  
   783     0.013619     0.479559  
   784     0.013562     0.479597  
   785     0.013504     0.479653  
   786     0.013447     0.479628  
   787     0.013391     0.479606  
   788     0.013336     0.479652  
   789     0.013282     0.479588  
   790     0.013226     0.479594  
   791     0.013170     0.479509  
   792     0.013113     0.479416  
   793     0.013055     0.479425  
   794     0.012998     0.479460  
   795     0.012946     0.479458  
   796     0.012890     0.479456  
   797     0.012834     0.479444  
   798     0.012781     0.479401  
   799     0.012724     0.479361  
   800     0.012674     0.479385  
   801     0.012629     0.479415  
   802     0.012581     0.479412  
   803     0.012531     0.479467  
   804     0.012478     0.479470  
   805     0.012428     0.479421  
   806     0.012372     0.479330  
   807     0.012323     0.479331  
   808     0.012268     0.479221  
   809     0.012221     0.479221  
   810     0.012163     0.479296  
   811     0.012117     0.479260  
   812     0.012069     0.479278  
   813     0.012023     0.479292  
   814     0.011978     0.479321  
   815     0.011927     0.479311  
   816     0.011873     0.479277  
   817     0.011831     0.479252  
   818     0.011780     0.479286  
   819     0.011736     0.479298  
   820     0.011685     0.479333  
   821     0.011641     0.479273  
   822     0.011592     0.479348  
   823     0.011543     0.479406  
   824     0.011496     0.479421  
   825     0.011440     0.479388  
   826     0.011397     0.479333  
   827     0.011347     0.479295  
   828     0.011305     0.479256  
   829     0.011256     0.479261  
   830     0.011209     0.479170  
   831     0.011165     0.479166  
   832     0.011124     0.479146  
   833     0.011083     0.479063  
   834     0.011042     0.479119  
   835     0.011001     0.479088  
   836     0.010954     0.479057  
   837     0.010907     0.479019  
   838     0.010859     0.479048  
   839     0.010820     0.479040  
   840     0.010775     0.479063  
   841     0.010730     0.478953  
   842     0.010685     0.478963  
   843     0.010643     0.479012  
   844     0.010601     0.478992  
   845     0.010560     0.478943  
   846     0.010518     0.478976  
   847     0.010471     0.478965  
   848     0.010430     0.479018  
   849     0.010389     0.479031  
   850     0.010346     0.479048  
   851     0.010305     0.478999  
   852     0.010261     0.479008  
   853     0.010224     0.478996  
   854     0.010177     0.478973  
   855     0.010133     0.478989  
   856     0.010091     0.478958  
   857     0.010053     0.478924  
   858     0.010007     0.478848  
   859     0.009964     0.478807  
   860     0.009923     0.478825  
   861     0.009888     0.478805  
   862     0.009848     0.478785  
   863     0.009806     0.478797  
   864     0.009764     0.478810  
   865     0.009721     0.478759  
   866     0.009684     0.478704  
   867     0.009639     0.478680  
   868     0.009604     0.478720  
   869     0.009567     0.478719  
   870     0.009526     0.478634  
   871     0.009486     0.478648  
   872     0.009445     0.478662  
   873     0.009409     0.478607  
   874     0.009372     0.478666  
   875     0.009335     0.478633  
   876     0.009294     0.478671  
   877     0.009254     0.478680  
   878     0.009221     0.478645  
   879     0.009181     0.478524  
   880     0.009147     0.478505  
   881     0.009110     0.478455  
   882     0.009076     0.478429  
   883     0.009041     0.478419  
   884     0.009002     0.478423  
   885     0.008962     0.478479  
   886     0.008928     0.478461  
   887     0.008892     0.478381  
   888     0.008859     0.478375  
   889     0.008823     0.478384  
   890     0.008786     0.478376  
   891     0.008748     0.478368  
   892     0.008707     0.478305  
   893     0.008672     0.478320  
   894     0.008638     0.478352  
   895     0.008607     0.478339  
   896     0.008571     0.478295  
   897     0.008539     0.478260  
   898     0.008506     0.478264  
   899     0.008475     0.478272  
   900     0.008443     0.478282  
   901     0.008414     0.478291  
   902     0.008380     0.478314  
   903     0.008345     0.478321  
   904     0.008316     0.478330  
   905     0.008277     0.478296  
   906     0.008242     0.478302  
   907     0.008211     0.478312  
   908     0.008178     0.478268  
   909     0.008144     0.478280  
   910     0.008114     0.478300  
   911     0.008079     0.478255  
   912     0.008044     0.478307  
   913     0.008010     0.478299  
   914     0.007980     0.478300  
   915     0.007947     0.478305  
   916     0.007916     0.478320  
   917     0.007886     0.478296  
   918     0.007859     0.478324  
   919     0.007829     0.478237  
   920     0.007797     0.478248  
   921     0.007767     0.478222  
   922     0.007733     0.478226  
   923     0.007700     0.478200  
   924     0.007668     0.478147  
   925     0.007639     0.478146  
   926     0.007612     0.478136  
   927     0.007578     0.478141  
   928     0.007547     0.478088  
   929     0.007521     0.478114  
   930     0.007491     0.478158  
   931     0.007459     0.478181  
   932     0.007433     0.478196  
   933     0.007394     0.478174  
   934     0.007360     0.478128  
   935     0.007329     0.478151  
   936     0.007297     0.478140  
   937     0.007269     0.478144  
   938     0.007241     0.478152  
   939     0.007210     0.478184  
   940     0.007179     0.478158  
   941     0.007152     0.478150  
   942     0.007124     0.478146  
   943     0.007096     0.478138  
   944     0.007065     0.478153  
   945     0.007036     0.478155  
   946     0.007009     0.478151  
   947     0.006981     0.478144  
   948     0.006954     0.478185  
   949     0.006923     0.478203  
   950     0.006894     0.478203  
   951     0.006865     0.478208  
   952     0.006835     0.478242  
   953     0.006806     0.478213  
   954     0.006782     0.478167  
   955     0.006756     0.478174  
   956     0.006729     0.478160  
   957     0.006704     0.478132  
   958     0.006678     0.478112  
   959     0.006652     0.478118  
   960     0.006622     0.478096  
   961     0.006594     0.478099  
   962     0.006567     0.478112  
   963     0.006540     0.478060  
   964     0.006512     0.478054  
   965     0.006489     0.478052  
   966     0.006463     0.478064  
   967     0.006436     0.478085  
   968     0.006411     0.478117  
   969     0.006385     0.478093  
   970     0.006358     0.478104  
   971     0.006335     0.478102  
   972     0.006308     0.478113  
   973     0.006283     0.478066  
   974     0.006258     0.478072  
   975     0.006230     0.478113  
   976     0.006206     0.478078  
   977     0.006181     0.478041  
   978     0.006159     0.478079  
   979     0.006135     0.478052  
   980     0.006112     0.478080  
   981     0.006088     0.478034  
   982     0.006066     0.478027  
   983     0.006046     0.478080  
   984     0.006021     0.478054  
   985     0.005995     0.478023  
   986     0.005972     0.478024  
   987     0.005947     0.478042  
   988     0.005925     0.478069  
   989     0.005901     0.478064  
   990     0.005878     0.478043  
   991     0.005853     0.478037  
   992     0.005830     0.478035  
   993     0.005806     0.478021  
   994     0.005781     0.477990  
   995     0.005760     0.477984  
   996     0.005737     0.477986  
   997     0.005714     0.477938  
   998     0.005690     0.477912  
   999     0.005667     0.477913  
  1000     0.005643     0.477924  
  1001     0.005622     0.477892  
  1002     0.005597     0.477849  
  1003     0.005573     0.477835  
  1004     0.005550     0.477841  
  1005     0.005531     0.477820  
  1006     0.005506     0.477740  
  1007     0.005486     0.477699  
  1008     0.005465     0.477669  
  1009     0.005443     0.477682  
  1010     0.005419     0.477668  
  1011     0.005396     0.477639  
  1012     0.005372     0.477608  
  1013     0.005351     0.477603  
  1014     0.005330     0.477568  
  1015     0.005308     0.477572  
  1016     0.005289     0.477542  
  1017     0.005267     0.477527  
  1018     0.005248     0.477515  
  1019     0.005228     0.477479  
  1020     0.005207     0.477481  
  1021     0.005185     0.477490  
  1022     0.005164     0.477487  
  1023     0.005145     0.477502  
  1024     0.005124     0.477461  
  1025     0.005105     0.477426  
  1026     0.005083     0.477381  
  1027     0.005065     0.477361  
  1028     0.005043     0.477315  
  1029     0.005023     0.477338  
  1030     0.005005     0.477328  
  1031     0.004988     0.477358  
  1032     0.004967     0.477350  
  1033     0.004946     0.477321  
  1034     0.004928     0.477305  
  1035     0.004906     0.477263  
  1036     0.004887     0.477251  
  1037     0.004867     0.477235  
  1038     0.004849     0.477252  
  1039     0.004831     0.477259  
  1040     0.004812     0.477253  
  1041     0.004791     0.477249  
  1042     0.004772     0.477260  
  1043     0.004756     0.477276  
  1044     0.004738     0.477305  
  1045     0.004722     0.477305  
  1046     0.004704     0.477279  
  1047     0.004684     0.477300  
  1048     0.004664     0.477288  
  1049     0.004646     0.477304  
  1050     0.004627     0.477327  
  1051     0.004609     0.477331  
  1052     0.004593     0.477345  
  1053     0.004577     0.477327  
  1054     0.004560     0.477343  
  1055     0.004542     0.477348  
  1056     0.004526     0.477320  
  1057     0.004509     0.477331  
  1058     0.004490     0.477318  
  1059     0.004472     0.477337  
  1060     0.004452     0.477301  
  1061     0.004438     0.477311  
  1062     0.004420     0.477305  
  1063     0.004405     0.477298  
  1064     0.004387     0.477306  
  1065     0.004369     0.477274  
  1066     0.004352     0.477300  
  1067     0.004335     0.477320  
  1068     0.004318     0.477316  
  1069     0.004302     0.477293  
  1070     0.004286     0.477266  
  1071     0.004270     0.477275  
  1072     0.004250     0.477265  
  1073     0.004233     0.477279  
  1074     0.004218     0.477263  
  1075     0.004202     0.477286  
  1076     0.004184     0.477303  
  1077     0.004168     0.477284  
  1078     0.004153     0.477268  
  1079     0.004138     0.477248  
  1080     0.004122     0.477271  
  1081     0.004109     0.477272  
  1082     0.004095     0.477242  
  1083     0.004079     0.477267  
  1084     0.004065     0.477280  
  1085     0.004049     0.477243  
  1086     0.004033     0.477228  
  1087     0.004018     0.477201  
  1088     0.004002     0.477192  
  1089     0.003986     0.477197  
  1090     0.003969     0.477177  
  1091     0.003955     0.477154  
  1092     0.003939     0.477116  
  1093     0.003926     0.477123  
  1094     0.003910     0.477095  
  1095     0.003893     0.477088  
  1096     0.003878     0.477104  
  1097     0.003862     0.477090  
  1098     0.003847     0.477082  
  1099     0.003832     0.477054  
  1100     0.003816     0.477033  
  1101     0.003800     0.476998  
  1102     0.003786     0.476998  
  1103     0.003771     0.477019  
  1104     0.003756     0.476989  
  1105     0.003739     0.476944  
  1106     0.003725     0.476946  
  1107     0.003707     0.476919  
  1108     0.003692     0.476879  
  1109     0.003676     0.476857  
  1110     0.003660     0.476832  
  1111     0.003648     0.476828  
  1112     0.003635     0.476829  
  1113     0.003620     0.476863  
  1114     0.003605     0.476875  
  1115     0.003591     0.476865  
  1116     0.003578     0.476854  
  1117     0.003564     0.476866  
  1118     0.003550     0.476871  
  1119     0.003537     0.476865  
  1120     0.003524     0.476873  
  1121     0.003510     0.476862  
  1122     0.003496     0.476874  
  1123     0.003482     0.476862  
  1124     0.003471     0.476874  
  1125     0.003458     0.476860  
  1126     0.003446     0.476832  
  1127     0.003431     0.476807  
  1128     0.003416     0.476791  
  1129     0.003402     0.476753  
  1130     0.003390     0.476729  
  1131     0.003377     0.476748  
  1132     0.003366     0.476750  
  1133     0.003354     0.476734  
  1134     0.003343     0.476744  
  1135     0.003330     0.476753  
  1136     0.003319     0.476722  
  1137     0.003306     0.476723  
  1138     0.003293     0.476712  
  1139     0.003279     0.476701  
  1140     0.003267     0.476684  
  1141     0.003253     0.476688  
  1142     0.003239     0.476683  
  1143     0.003226     0.476685  
  1144     0.003214     0.476703  
  1145     0.003201     0.476714  
  1146     0.003189     0.476730  
  1147     0.003176     0.476714  
  1148     0.003163     0.476699  
  1149     0.003152     0.476687  
  1150     0.003140     0.476699  
  1151     0.003128     0.476699  
  1152     0.003115     0.476706  
  1153     0.003102     0.476714  
  1154     0.003090     0.476734  
  1155     0.003078     0.476739  
  1156     0.003066     0.476777  
  1157     0.003054     0.476789  
  1158     0.003044     0.476779  
  1159     0.003034     0.476783  
  1160     0.003021     0.476771  
  1161     0.003007     0.476761  
  1162     0.002994     0.476743  
  1163     0.002982     0.476710  
  1164     0.002969     0.476684  
  1165     0.002960     0.476666  
  1166     0.002947     0.476645  
  1167     0.002936     0.476659  
  1168     0.002927     0.476636  
  1169     0.002913     0.476638  
  1170     0.002902     0.476625  
  1171     0.002892     0.476639  
  1172     0.002879     0.476612  
  1173     0.002867     0.476606  
  1174     0.002855     0.476612  
  1175     0.002845     0.476624  
  1176     0.002833     0.476632  
  1177     0.002822     0.476632  
  1178     0.002810     0.476620  
  1179     0.002799     0.476614  
  1180     0.002788     0.476634  
  1181     0.002778     0.476650  
  1182     0.002768     0.476649  
  1183     0.002755     0.476621  
  1184     0.002744     0.476598  
  1185     0.002734     0.476596  
  1186     0.002722     0.476601  
  1187     0.002712     0.476613  
  1188     0.002702     0.476586  
  1189     0.002691     0.476557  
  1190     0.002680     0.476548  
  1191     0.002671     0.476496  
  1192     0.002661     0.476507  
  1193     0.002651     0.476505  
  1194     0.002641     0.476518  
  1195     0.002630     0.476516  
  1196     0.002620     0.476563  
  1197     0.002610     0.476531  
  1198     0.002601     0.476522  
  1199     0.002591     0.476510  
  1200     0.002581     0.476498  
  1201     0.002571     0.476500  
  1202     0.002562     0.476493  
  1203     0.002552     0.476490  
  1204     0.002541     0.476483  
  1205     0.002532     0.476501  
  1206     0.002522     0.476498  
  1207     0.002512     0.476492  
  1208     0.002502     0.476519  
  1209     0.002494     0.476525  
  1210     0.002484     0.476535  
  1211     0.002475     0.476508  
  1212     0.002465     0.476491  
  1213     0.002456     0.476484  
  1214     0.002447     0.476459  
  1215     0.002438     0.476477  
  1216     0.002428     0.476494  
  1217     0.002418     0.476497  
  1218     0.002408     0.476492  
  1219     0.002399     0.476500  
  1220     0.002388     0.476484  
  1221     0.002378     0.476481  
  1222     0.002368     0.476464  
  1223     0.002358     0.476430  
  1224     0.002348     0.476444  
  1225     0.002339     0.476443  
  1226     0.002330     0.476445  
  1227     0.002322     0.476409  
  1228     0.002312     0.476411  
  1229     0.002304     0.476406  
  1230     0.002295     0.476415  
  1231     0.002286     0.476400  
  1232     0.002277     0.476403  
  1233     0.002269     0.476407  
  1234     0.002259     0.476401  
  1235     0.002249     0.476397  
  1236     0.002240     0.476425  
  1237     0.002232     0.476426  
  1238     0.002223     0.476428  
  1239     0.002214     0.476412  
  1240     0.002206     0.476419  
  1241     0.002198     0.476421  
  1242     0.002190     0.476414  
  1243     0.002182     0.476409  
  1244     0.002174     0.476403  
  1245     0.002165     0.476401  
  1246     0.002157     0.476389  
  1247     0.002147     0.476380  
  1248     0.002139     0.476384  
  1249     0.002132     0.476417  
  1250     0.002124     0.476440  
  1251     0.002116     0.476456  
  1252     0.002107     0.476460  
  1253     0.002099     0.476439  
  1254     0.002091     0.476444  
  1255     0.002083     0.476440  
  1256     0.002074     0.476475  
  1257     0.002065     0.476477  
  1258     0.002057     0.476493  
  1259     0.002049     0.476494  
  1260     0.002041     0.476493  
  1261     0.002032     0.476477  
  1262     0.002025     0.476466  
  1263     0.002017     0.476464  
  1264     0.002009     0.476452  
  1265     0.002000     0.476451  
  1266     0.001992     0.476477  
  1267     0.001985     0.476470  
  1268     0.001977     0.476435  
  1269     0.001969     0.476422  
  1270     0.001961     0.476427  
  1271     0.001953     0.476419  
  1272     0.001947     0.476401  
  1273     0.001939     0.476380  
  1274     0.001931     0.476352  
  1275     0.001923     0.476343  
  1276     0.001916     0.476349  
  1277     0.001908     0.476332  
  1278     0.001899     0.476343  
  1279     0.001893     0.476333  
  1280     0.001885     0.476339  
  1281     0.001877     0.476299  
  1282     0.001870     0.476265  
  1283     0.001862     0.476252  
  1284     0.001855     0.476260  
  1285     0.001848     0.476313  
  1286     0.001842     0.476316  
  1287     0.001835     0.476293  
  1288     0.001827     0.476299  
  1289     0.001820     0.476301  
  1290     0.001813     0.476289  
  1291     0.001807     0.476302  
  1292     0.001799     0.476281  
  1293     0.001791     0.476269  
  1294     0.001783     0.476272  
  1295     0.001776     0.476253  
  1296     0.001768     0.476253  
  1297     0.001762     0.476265  
  1298     0.001754     0.476295  
  1299     0.001747     0.476309  
  1300     0.001740     0.476305  
  1301     0.001734     0.476291  
  1302     0.001728     0.476297  
  1303     0.001722     0.476280  
  1304     0.001715     0.476288  
  1305     0.001709     0.476262  
  1306     0.001702     0.476256  
  1307     0.001696     0.476262  
  1308     0.001690     0.476226  
  1309     0.001682     0.476238  
  1310     0.001675     0.476242  
  1311     0.001669     0.476246  
  1312     0.001663     0.476252  
  1313     0.001656     0.476229  
  1314     0.001650     0.476216  
  1315     0.001645     0.476212  
  1316     0.001638     0.476190  
  1317     0.001632     0.476201  
  1318     0.001626     0.476219  
  1319     0.001620     0.476216  
  1320     0.001615     0.476209  
  1321     0.001609     0.476198  
  1322     0.001602     0.476196  
  1323     0.001596     0.476199  
  1324     0.001590     0.476194  
  1325     0.001583     0.476202  
  1326     0.001577     0.476189  
  1327     0.001571     0.476167  
  1328     0.001566     0.476187  
  1329     0.001560     0.476180  
  1330     0.001553     0.476167  
  1331     0.001547     0.476165  
  1332     0.001540     0.476152  
  1333     0.001534     0.476148  
  1334     0.001529     0.476096  
  1335     0.001523     0.476082  
  1336     0.001517     0.476089  
  1337     0.001511     0.476069  
  1338     0.001506     0.476071  
  1339     0.001500     0.476067  
  1340     0.001494     0.476038  
  1341     0.001489     0.476071  
  1342     0.001484     0.476060  
  1343     0.001479     0.476081  
  1344     0.001474     0.476066  
  1345     0.001468     0.476063  
  1346     0.001462     0.476028  
  1347     0.001456     0.476039  
  1348     0.001451     0.476023  
  1349     0.001445     0.476004  
  1350     0.001441     0.476005  
  1351     0.001435     0.476031  
  1352     0.001430     0.476026  
  1353     0.001423     0.476033  
  1354     0.001418     0.476032  
  1355     0.001412     0.476040  
  1356     0.001407     0.476035  
  1357     0.001401     0.476021  
  1358     0.001395     0.476030  
  1359     0.001390     0.476034  
  1360     0.001385     0.476024  
  1361     0.001380     0.476026  
  1362     0.001375     0.476007  
  1363     0.001370     0.476014  
  1364     0.001365     0.476000  
  1365     0.001360     0.476009  
  1366     0.001355     0.476013  
  1367     0.001350     0.476009  
  1368     0.001345     0.476003  
  1369     0.001339     0.475998  
  1370     0.001334     0.475984  
  1371     0.001330     0.475995  
  1372     0.001324     0.476003  
  1373     0.001319     0.475996  
  1374     0.001313     0.476004  
  1375     0.001307     0.476006  
  1376     0.001302     0.476023  
  1377     0.001296     0.476016  
  1378     0.001291     0.476008  
  1379     0.001287     0.476013  
  1380     0.001282     0.475994  
  1381     0.001278     0.475980  
  1382     0.001273     0.475986  
  1383     0.001267     0.476008  
  1384     0.001263     0.476007  
  1385     0.001258     0.476009  
  1386     0.001254     0.476014  
  1387     0.001248     0.476040  
  1388     0.001244     0.476030  
  1389     0.001239     0.476029  
  1390     0.001234     0.476014  
  1391     0.001230     0.476033  
  1392     0.001224     0.476023  
  1393     0.001220     0.476015  
  1394     0.001215     0.476034  
  1395     0.001211     0.476043  
  1396     0.001206     0.476028  
  1397     0.001202     0.476019  
  1398     0.001197     0.476017  
  1399     0.001192     0.476015  
  1400     0.001187     0.476006  
  1401     0.001182     0.476015  
  1402     0.001178     0.476013  
  1403     0.001174     0.476013  
  1404     0.001169     0.476024  
  1405     0.001165     0.475998  
  1406     0.001161     0.475984  
  1407     0.001156     0.475955  
  1408     0.001151     0.475952  
  1409     0.001147     0.475960  
  1410     0.001142     0.475956  
  1411     0.001138     0.475972  
  1412     0.001133     0.475966  
  1413     0.001129     0.475972  
  1414     0.001125     0.475969  
  1415     0.001121     0.475972  
  1416     0.001116     0.475959  
  1417     0.001112     0.475951  
  1418     0.001108     0.475957  
  1419     0.001103     0.475972  
  1420     0.001099     0.475972  
  1421     0.001094     0.475959  
  1422     0.001090     0.475944  
  1423     0.001086     0.475949  
  1424     0.001081     0.475953  
  1425     0.001077     0.475951  
  1426     0.001073     0.475936  
  1427     0.001069     0.475953  
  1428     0.001065     0.475954  
  1429     0.001060     0.475966  
  1430     0.001056     0.475958  
  1431     0.001052     0.475972  
  1432     0.001048     0.475961  
  1433     0.001044     0.475964  
  1434     0.001040     0.475970  
  1435     0.001037     0.475938  
  1436     0.001032     0.475954  
  1437     0.001028     0.475943  
  1438     0.001024     0.475958  
  1439     0.001019     0.475963  
  1440     0.001015     0.475956  
  1441     0.001011     0.475942  
  1442     0.001008     0.475943  
  1443     0.001004     0.475940  
  1444     0.001000     0.475930  
  1445     0.000996     0.475911  
  1446     0.000992     0.475902  
  1447     0.000988     0.475919  
  1448     0.000985     0.475908  
  1449     0.000981     0.475909  
  1450     0.000977     0.475905  
  1451     0.000973     0.475921  
  1452     0.000970     0.475929  
  1453     0.000966     0.475941  
  1454     0.000963     0.475940  
  1455     0.000959     0.475949  
  1456     0.000955     0.475929  
  1457     0.000952     0.475943  
  1458     0.000947     0.475959  
  1459     0.000944     0.475957  
  1460     0.000941     0.475965  
  1461     0.000937     0.475968  
  1462     0.000934     0.475939  
  1463     0.000930     0.475955  
  1464     0.000926     0.475951  
  1465     0.000923     0.475936  
  1466     0.000919     0.475936  
  1467     0.000915     0.475942  
  1468     0.000912     0.475923  
  1469     0.000908     0.475925  
  1470     0.000904     0.475906  
  1471     0.000900     0.475923  
  1472     0.000897     0.475926  
  1473     0.000893     0.475903  
  1474     0.000890     0.475892  
  1475     0.000887     0.475902  
  1476     0.000883     0.475914  
  1477     0.000879     0.475917  
  1478     0.000875     0.475927  
  1479     0.000872     0.475940  
  1480     0.000869     0.475938  
  1481     0.000866     0.475917  
  1482     0.000863     0.475912  
  1483     0.000859     0.475908  
  1484     0.000856     0.475909  
  1485     0.000853     0.475908  
  1486     0.000850     0.475893  
  1487     0.000847     0.475890  
  1488     0.000844     0.475897  
  1489     0.000840     0.475892  
  1490     0.000837     0.475893  
  1491     0.000835     0.475899  
  1492     0.000831     0.475918  
  1493     0.000828     0.475916  
  1494     0.000825     0.475909  
  1495     0.000821     0.475877  
  1496     0.000818     0.475888  
  1497     0.000815     0.475891  
  1498     0.000812     0.475885  
  1499     0.000809     0.475867  
  1500     0.000806     0.475885  
  1501     0.000803     0.475899  
  1502     0.000800     0.475894  
  1503     0.000796     0.475883  
  1504     0.000793     0.475901  
  1505     0.000790     0.475912  
  1506     0.000787     0.475917  
  1507     0.000785     0.475920  
  1508     0.000781     0.475923  
  1509     0.000778     0.475906  
  1510     0.000775     0.475886  
  1511     0.000772     0.475864  
  1512     0.000769     0.475861  
  1513     0.000766     0.475855  
  1514     0.000763     0.475843  
  1515     0.000760     0.475855  
  1516     0.000757     0.475854  
  1517     0.000754     0.475861  
  1518     0.000751     0.475880  
  1519     0.000748     0.475882  
  1520     0.000746     0.475870  
  1521     0.000743     0.475855  
  1522     0.000740     0.475841  
  1523     0.000737     0.475831  
  1524     0.000734     0.475822  
  1525     0.000731     0.475805  
  1526     0.000728     0.475787  
  1527     0.000725     0.475780  
  1528     0.000723     0.475767  
  1529     0.000720     0.475756  
  1530     0.000717     0.475746  
  1531     0.000715     0.475735  
  1532     0.000712     0.475744  
  1533     0.000710     0.475749  
  1534     0.000707     0.475746  
  1535     0.000705     0.475754  
  1536     0.000702     0.475751  
  1537     0.000699     0.475759  
  1538     0.000697     0.475741  
  1539     0.000694     0.475754  
  1540     0.000692     0.475754  
  1541     0.000689     0.475765  
  1542     0.000686     0.475759  
  1543     0.000684     0.475761  
  1544     0.000681     0.475763  
  1545     0.000678     0.475746  
  1546     0.000676     0.475749  
  1547     0.000674     0.475751  
  1548     0.000671     0.475746  
  1549     0.000669     0.475740  
  1550     0.000666     0.475738  
  1551     0.000663     0.475745  
  1552     0.000661     0.475765  
  1553     0.000658     0.475767  
  1554     0.000656     0.475769  
  1555     0.000654     0.475774  
  1556     0.000651     0.475781  
  1557     0.000649     0.475774  
  1558     0.000646     0.475777  
  1559     0.000643     0.475760  
  1560     0.000641     0.475762  
  1561     0.000639     0.475757  
  1562     0.000637     0.475755  
  1563     0.000634     0.475756  
  1564     0.000631     0.475771  
  1565     0.000629     0.475759  
  1566     0.000626     0.475755  
  1567     0.000624     0.475759  
  1568     0.000622     0.475748  
  1569     0.000620     0.475727  
  1570     0.000617     0.475738  
  1571     0.000614     0.475703  
  1572     0.000612     0.475705  
  1573     0.000610     0.475700  
  1574     0.000608     0.475705  
  1575     0.000606     0.475694  
  1576     0.000604     0.475699  
  1577     0.000601     0.475694  
  1578     0.000599     0.475687  
  1579     0.000597     0.475694  
  1580     0.000594     0.475690  
  1581     0.000592     0.475689  
  1582     0.000590     0.475679  
  1583     0.000588     0.475680  
  1584     0.000586     0.475672  
  1585     0.000583     0.475683  
  1586     0.000582     0.475686  
  1587     0.000579     0.475694  
  1588     0.000577     0.475691  
  1589     0.000575     0.475675  
  1590     0.000573     0.475676  
  1591     0.000571     0.475669  
  1592     0.000569     0.475666  
  1593     0.000566     0.475681  
  1594     0.000564     0.475685  
  1595     0.000562     0.475678  
  1596     0.000560     0.475692  
  1597     0.000558     0.475677  
  1598     0.000556     0.475678  
  1599     0.000554     0.475682  
  1600     0.000552     0.475684  
  1601     0.000550     0.475676  
  1602     0.000547     0.475668  
  1603     0.000546     0.475656  
  1604     0.000544     0.475657  
  1605     0.000541     0.475667  
  1606     0.000539     0.475661  
  1607     0.000537     0.475657  
  1608     0.000535     0.475659  
  1609     0.000533     0.475658  
  1610     0.000531     0.475657  
  1611     0.000529     0.475658  
  1612     0.000527     0.475655  
  1613     0.000525     0.475645  
  1614     0.000523     0.475646  
  1615     0.000521     0.475643  
  1616     0.000519     0.475645  
  1617     0.000517     0.475643  
  1618     0.000515     0.475656  
  1619     0.000513     0.475661  
  1620     0.000511     0.475675  
  1621     0.000509     0.475669  
  1622     0.000507     0.475664  
  1623     0.000506     0.475665  
  1624     0.000504     0.475662  
  1625     0.000502     0.475660  
  1626     0.000500     0.475665  
  1627     0.000498     0.475665  
  1628     0.000496     0.475666  
  1629     0.000494     0.475657  
  1630     0.000492     0.475650  
  1631     0.000490     0.475645  
  1632     0.000489     0.475634  
  1633     0.000487     0.475637  
  1634     0.000485     0.475641  
  1635     0.000483     0.475638  
  1636     0.000481     0.475638  
  1637     0.000479     0.475629  
  1638     0.000477     0.475625  
  1639     0.000476     0.475631  
  1640     0.000474     0.475636  
  1641     0.000472     0.475635  
  1642     0.000470     0.475649  
  1643     0.000469     0.475642  
  1644     0.000467     0.475644  
  1645     0.000465     0.475656  
  1646     0.000464     0.475642  
  1647     0.000462     0.475636  
  1648     0.000460     0.475632  
  1649     0.000459     0.475640  
  1650     0.000457     0.475647  
  1651     0.000455     0.475652  
  1652     0.000453     0.475642  
  1653     0.000451     0.475641  
  1654     0.000450     0.475643  
  1655     0.000448     0.475643  
  1656     0.000446     0.475647  
  1657     0.000445     0.475638  
  1658     0.000443     0.475632  
  1659     0.000441     0.475630  
  1660     0.000440     0.475640  
  1661     0.000439     0.475642  
  1662     0.000437     0.475635  
  1663     0.000435     0.475635  
  1664     0.000434     0.475636  
  1665     0.000432     0.475633  
  1666     0.000430     0.475624  
  1667     0.000429     0.475622  
  1668     0.000427     0.475637  
  1669     0.000426     0.475640  
  1670     0.000424     0.475650  
  1671     0.000422     0.475651  
  1672     0.000421     0.475631  
  1673     0.000419     0.475621  
  1674     0.000417     0.475618  
  1675     0.000416     0.475611  
  1676     0.000414     0.475602  
  1677     0.000413     0.475584  
  1678     0.000411     0.475574  
  1679     0.000409     0.475558  
  1680     0.000408     0.475563  
  1681     0.000406     0.475562  
  1682     0.000405     0.475566  
  1683     0.000403     0.475564  
  1684     0.000402     0.475562  
  1685     0.000400     0.475570  
  1686     0.000399     0.475574  
  1687     0.000397     0.475573  
  1688     0.000396     0.475576  
  1689     0.000394     0.475563  
  1690     0.000393     0.475564  
  1691     0.000391     0.475567  
  1692     0.000390     0.475566  
  1693     0.000388     0.475564  
  1694     0.000387     0.475566  
  1695     0.000385     0.475561  
  1696     0.000384     0.475553  
  1697     0.000382     0.475561  
  1698     0.000381     0.475563  
  1699     0.000379     0.475566  
  1700     0.000378     0.475560  
  1701     0.000376     0.475557  
  1702     0.000375     0.475541  
  1703     0.000374     0.475542  
  1704     0.000372     0.475534  
  1705     0.000371     0.475533  
  1706     0.000369     0.475532  
  1707     0.000368     0.475532  
  1708     0.000366     0.475526  
  1709     0.000365     0.475525  
  1710     0.000363     0.475526  
  1711     0.000362     0.475523  
  1712     0.000361     0.475532  
  1713     0.000359     0.475521  
  1714     0.000358     0.475511  
  1715     0.000356     0.475496  
  1716     0.000355     0.475490  
  1717     0.000354     0.475486  
  1718     0.000352     0.475498  
  1719     0.000351     0.475487  
  1720     0.000350     0.475478  
  1721     0.000348     0.475474  
  1722     0.000347     0.475472  * best
  1723     0.000346     0.475484  
  1724     0.000345     0.475484  
  1725     0.000343     0.475479  
  1726     0.000342     0.475476  
  1727     0.000341     0.475479  
  1728     0.000339     0.475477  
  1729     0.000338     0.475477  
  1730     0.000337     0.475478  
  1731     0.000335     0.475475  
  1732     0.000334     0.475488  
  1733     0.000333     0.475491  
  1734     0.000332     0.475492  
  1735     0.000330     0.475490  
  1736     0.000329     0.475497  
  1737     0.000328     0.475493  
  1738     0.000326     0.475496  
  1739     0.000325     0.475501  
  1740     0.000324     0.475494  
  1741     0.000323     0.475492  
  1742     0.000321     0.475504  
  1743     0.000320     0.475509  
  1744     0.000319     0.475501  
  1745     0.000318     0.475499  
  1746     0.000317     0.475491  
  1747     0.000315     0.475491  
  1748     0.000314     0.475486  
  1749     0.000313     0.475485  
  1750     0.000312     0.475492  
  1751     0.000310     0.475499  
  1752     0.000309     0.475497  
  1753     0.000308     0.475503  
  1754     0.000307     0.475502  
  1755     0.000306     0.475502  
  1756     0.000304     0.475492  
  1757     0.000303     0.475497  
  1758     0.000302     0.475495  
  1759     0.000301     0.475494  
  1760     0.000300     0.475499  
  1761     0.000298     0.475492  
  1762     0.000297     0.475490  
  1763     0.000296     0.475499  
  1764     0.000295     0.475504  
  1765     0.000294     0.475506  
  1766     0.000293     0.475508  
  1767     0.000292     0.475508  
  1768     0.000291     0.475523  
  1769     0.000290     0.475518  
  1770     0.000289     0.475510  
  1771     0.000288     0.475499  
  1772     0.000286     0.475494  
  1773     0.000285     0.475487  
  1774     0.000284     0.475490  
  1775     0.000283     0.475496  
  1776     0.000282     0.475498  
  1777     0.000281     0.475497  
  1778     0.000280     0.475493  
  1779     0.000279     0.475484  
  1780     0.000278     0.475493  
  1781     0.000277     0.475494  
  1782     0.000276     0.475496  
  1783     0.000275     0.475496  
  1784     0.000274     0.475501  
  1785     0.000273     0.475504  
  1786     0.000271     0.475506  
  1787     0.000270     0.475515  
  1788     0.000269     0.475515  
  1789     0.000268     0.475508  
  1790     0.000267     0.475502  
  1791     0.000266     0.475509  
  1792     0.000266     0.475506  
  1793     0.000265     0.475507  
  1794     0.000264     0.475501  
  1795     0.000263     0.475504  
  1796     0.000262     0.475506  
  1797     0.000261     0.475508  
  1798     0.000260     0.475503  
  1799     0.000259     0.475513  
  1800     0.000258     0.475510  
  1801     0.000257     0.475509  
  1802     0.000256     0.475504  
  1803     0.000255     0.475502  
  1804     0.000254     0.475505  
  1805     0.000253     0.475509  
  1806     0.000252     0.475508  
  1807     0.000251     0.475510  
  1808     0.000250     0.475507  
  1809     0.000249     0.475507  
  1810     0.000249     0.475515  
  1811     0.000248     0.475516  
  1812     0.000247     0.475514  
  1813     0.000246     0.475509  
  1814     0.000245     0.475487  
  1815     0.000244     0.475484  
  1816     0.000243     0.475488  
  1817     0.000242     0.475486  
  1818     0.000241     0.475479  
  1819     0.000240     0.475479  
  1820     0.000239     0.475480  
  1821     0.000238     0.475475  
  1822     0.000237     0.475473  
# best iteration 1722 (val l2 0.475472)
# Spearman  train +0.9951  val +0.7315  test +0.7313
