# mlp_seq+node seed 0
# perceptron on seq+node
# inputs [(12380,)], 1,588,929 parameters
# Linear(n_in,128) -> GELU -> Dropout(0.3) -> Linear(128,32) -> GELU -> Dropout(0.3) -> Linear(32,1)
# Adam lr=0.001 weight_decay=0.0001 batch=32 dropout=0.3
# loss = MSE on standardised log10 half-life
# early stopping on validation loss, patience 40, max 300 epochs
#
 epoch  train_batch        train          val  note
     1     1.600594     3.994301     0.822400  * best
     2     2.496163     1.862203     0.871982  
     3     3.055620     1.051758     0.796966  * best
     4     1.077375     0.777029     0.794762  * best
     5     0.804251     0.708172     0.819217  
     6     0.690704     0.565790     0.858071  
     7     0.755948     0.520619     0.819272  
     8     0.625984     0.615822     0.756732  * best
     9     0.601781     0.453544     0.820218  
    10     0.565584     0.426777     0.851839  
    11     0.546715     0.400719     0.854726  
    12     0.556141     0.433613     0.763534  
    13     0.531299     0.407738     0.809224  
    14     0.554995     0.386834     0.822019  
    15     0.508999     0.351602     0.817099  
    16     0.495139     0.376369     0.822733  
    17     0.476488     0.362856     0.804654  
    18     0.516531     0.340735     0.845019  
    19     0.507454     0.338750     0.821500  
    20     0.483075     0.327884     0.839376  
    21     0.463643     0.342042     0.824390  
    22     0.547498     0.325584     0.831863  
    23     0.489991     0.336140     0.807744  
    24     0.469252     0.327061     0.768337  
    25     0.445920     0.313699     0.803344  
    26     0.523279     0.337837     0.761024  
    27     0.522709     0.390416     0.768932  
    28     0.478081     0.348787     0.771572  
    29     0.462702     0.293632     0.815431  
    30     0.452216     0.310807     0.785042  
    31     0.444954     0.368223     0.789694  
    32     0.452656     0.306814     0.779006  
    33     0.465985     0.282896     0.815289  
    34     0.448590     0.301473     0.779829  
    35     0.429143     0.280329     0.785519  
    36     0.417097     0.272861     0.778090  
    37     0.420589     0.294635     0.759443  
    38     0.417773     0.281461     0.769345  
    39     0.414563     0.297628     0.757632  
    40     0.417918     0.271969     0.789781  
    41     0.410441     0.251468     0.826998  
    42     0.411883     0.294657     0.770657  
    43     0.401222     0.239179     0.832728  
    44     0.402623     0.252209     0.810613  
    45     0.398692     0.300590     0.780350  
    46     0.408482     0.262939     0.799944  
    47     0.404305     0.286494     0.777274  
    48     0.431674     0.286173     0.769863  
# stopped at epoch 48: no improvement for 40 epochs
# restored epoch 8 (val MSE 0.756732)
# Spearman  train +0.7242  val +0.0962  test +0.1211
