# gbm_seq+boltz_pooled seed 1
# sequence with the pooled Boltz blocks
# inputs 2407, 197 trees
# LightGBM gradient-boosted trees, objective l2, lr 0.05, num_leaves 31, min_data_in_leaf 20, feature_fraction 0.3, bagging 0.8, lambda_l2 1.0, up to 3000 rounds, early stopping 100 on validation l2
# loss = l2 on standardised log10 half-life
#
 round        train          val  note
     1     0.963630     0.808827  
     2     0.929111     0.802626  
     3     0.896253     0.793168  
     4     0.867140     0.783535  
     5     0.839397     0.779235  
     6     0.812204     0.773150  
     7     0.786820     0.769138  
     8     0.764833     0.764026  
     9     0.743406     0.759980  
    10     0.723388     0.754858  
    11     0.704483     0.749106  
    12     0.688056     0.747362  
    13     0.672209     0.742553  
    14     0.656267     0.736587  
    15     0.641910     0.737561  
    16     0.627308     0.731312  
    17     0.613283     0.727387  
    18     0.601950     0.723624  
    19     0.589526     0.720360  
    20     0.578193     0.716836  
    21     0.568546     0.715449  
    22     0.558973     0.713305  
    23     0.549658     0.708530  
    24     0.541078     0.704478  
    25     0.532458     0.700709  
    26     0.523725     0.697666  
    27     0.515847     0.694235  
    28     0.508308     0.693386  
    29     0.500557     0.693165  
    30     0.494195     0.692711  
    31     0.487589     0.689114  
    32     0.481365     0.687686  
    33     0.475154     0.685381  
    34     0.468052     0.683949  
    35     0.462427     0.683111  
    36     0.456898     0.679760  
    37     0.452231     0.678791  
    38     0.446989     0.677093  
    39     0.441975     0.674837  
    40     0.437276     0.671290  
    41     0.432601     0.668646  
    42     0.427529     0.670516  
    43     0.422771     0.667598  
    44     0.418716     0.667484  
    45     0.414363     0.665284  
    46     0.410221     0.664193  
    47     0.406556     0.663070  
    48     0.402923     0.660904  
    49     0.398947     0.659367  
    50     0.394702     0.657527  
    51     0.391288     0.657260  
    52     0.387898     0.656908  
    53     0.384777     0.655285  
    54     0.381603     0.654583  
    55     0.378069     0.653255  
    56     0.374956     0.647154  
    57     0.371566     0.645561  
    58     0.368659     0.646785  
    59     0.365618     0.646833  
    60     0.362814     0.646435  
    61     0.359820     0.644462  
    62     0.356990     0.644448  
    63     0.354049     0.645065  
    64     0.351351     0.643896  
    65     0.348325     0.641759  
    66     0.345604     0.641138  
    67     0.342909     0.639757  
    68     0.340318     0.639656  
    69     0.337763     0.638470  
    70     0.334378     0.638341  
    71     0.331943     0.636994  
    72     0.328967     0.635421  
    73     0.326434     0.634407  
    74     0.323963     0.632497  
    75     0.321578     0.631618  
    76     0.319243     0.630540  
    77     0.316978     0.629465  
    78     0.314732     0.629094  
    79     0.312415     0.627698  
    80     0.310346     0.627961  
    81     0.308164     0.627101  
    82     0.305852     0.626199  
    83     0.303914     0.625701  
    84     0.301951     0.625178  
    85     0.299844     0.622297  
    86     0.297818     0.622019  
    87     0.295643     0.621959  
    88     0.293488     0.621744  
    89     0.291669     0.621114  
    90     0.289715     0.619876  
    91     0.287721     0.620578  
    92     0.285874     0.620287  
    93     0.284045     0.619892  
    94     0.282152     0.620280  
    95     0.280422     0.620318  
    96     0.278620     0.619295  
    97     0.276788     0.619943  
    98     0.274973     0.620357  
    99     0.273122     0.619985  
   100     0.271404     0.620074  
   101     0.269646     0.620415  
   102     0.268111     0.620002  
   103     0.266379     0.619365  
   104     0.264651     0.620074  
   105     0.263032     0.619848  
   106     0.261357     0.619192  
   107     0.259602     0.618779  
   108     0.258160     0.618218  
   109     0.256558     0.618064  
   110     0.255129     0.618802  
   111     0.253481     0.618924  
   112     0.251943     0.618373  
   113     0.250447     0.617662  
   114     0.249016     0.618344  
   115     0.247522     0.618450  
   116     0.246044     0.618310  
   117     0.244761     0.617705  
   118     0.243409     0.617856  
   119     0.241748     0.616595  
   120     0.240308     0.616715  
   121     0.238755     0.616973  
   122     0.237245     0.617180  
   123     0.235874     0.616330  
   124     0.234586     0.616428  
   125     0.233285     0.616367  
   126     0.231833     0.616874  
   127     0.230545     0.617040  
   128     0.229184     0.616777  
   129     0.227936     0.617243  
   130     0.226764     0.617366  
   131     0.225447     0.617246  
   132     0.224144     0.617175  
   133     0.222880     0.616832  
   134     0.221569     0.616481  
   135     0.220337     0.616815  
   136     0.219148     0.616751  
   137     0.217810     0.616579  
   138     0.216558     0.616874  
   139     0.215298     0.616433  
   140     0.214093     0.616150  
   141     0.212883     0.616518  
   142     0.211818     0.616061  
   143     0.210703     0.616431  
   144     0.209562     0.615955  
   145     0.208422     0.616071  
   146     0.207285     0.616405  
   147     0.206120     0.616543  
   148     0.204986     0.616567  
   149     0.203827     0.615975  
   150     0.202619     0.616127  
   151     0.201558     0.616567  
   152     0.200492     0.616411  
   153     0.199412     0.616253  
   154     0.198252     0.615729  
   155     0.197181     0.615453  
   156     0.196086     0.615004  
   157     0.195043     0.614182  
   158     0.193911     0.613702  
   159     0.192922     0.613716  
   160     0.191960     0.613535  
   161     0.190843     0.613629  
   162     0.189776     0.613426  
   163     0.188799     0.613918  
   164     0.187867     0.613541  
   165     0.186775     0.613625  
   166     0.185796     0.614066  
   167     0.184837     0.613781  
   168     0.183888     0.613183  
   169     0.182965     0.613492  
   170     0.182019     0.613307  
   171     0.181044     0.613261  
   172     0.180103     0.613113  
   173     0.179251     0.613623  
   174     0.178301     0.613018  
   175     0.177350     0.613066  
   176     0.176386     0.612675  
   177     0.175548     0.612790  
   178     0.174661     0.612742  
   179     0.173809     0.612995  
   180     0.172943     0.613125  
   181     0.172039     0.613443  
   182     0.171115     0.613430  
   183     0.170240     0.613276  
   184     0.169386     0.613594  
   185     0.168511     0.613670  
   186     0.167560     0.613201  
   187     0.166777     0.613112  
   188     0.165925     0.613368  
   189     0.165106     0.613860  
   190     0.164328     0.614109  
   191     0.163499     0.614168  
   192     0.162658     0.613870  
   193     0.161866     0.613341  
   194     0.161071     0.613330  
   195     0.160191     0.613112  
   196     0.159392     0.612691  
   197     0.158592     0.612423  * best
   198     0.157857     0.612934  
   199     0.156987     0.612891  
   200     0.156193     0.612625  
   201     0.155452     0.613215  
   202     0.154638     0.613139  
   203     0.153845     0.614722  
   204     0.153101     0.614905  
   205     0.152340     0.614846  
   206     0.151601     0.614787  
   207     0.150822     0.615864  
   208     0.150127     0.615661  
   209     0.149364     0.615681  
   210     0.148662     0.616433  
   211     0.147953     0.616213  
   212     0.147290     0.616034  
   213     0.146618     0.615478  
   214     0.145842     0.615883  
   215     0.145117     0.616003  
   216     0.144360     0.616215  
   217     0.143669     0.616190  
   218     0.142940     0.615950  
   219     0.142175     0.615971  
   220     0.141528     0.615977  
   221     0.140800     0.615674  
   222     0.140057     0.615516  
   223     0.139396     0.615096  
   224     0.138689     0.615078  
   225     0.137971     0.615681  
   226     0.137343     0.615566  
   227     0.136627     0.615797  
   228     0.136018     0.615605  
   229     0.135368     0.616172  
   230     0.134728     0.616387  
   231     0.134049     0.616282  
   232     0.133507     0.616269  
   233     0.132930     0.616546  
   234     0.132314     0.616611  
   235     0.131667     0.616679  
   236     0.131019     0.616960  
   237     0.130364     0.617026  
   238     0.129771     0.617286  
   239     0.129166     0.616959  
   240     0.128572     0.616721  
   241     0.127905     0.616492  
   242     0.127338     0.616222  
   243     0.126715     0.616277  
   244     0.126111     0.616523  
   245     0.125472     0.616458  
   246     0.124925     0.616376  
   247     0.124323     0.616266  
   248     0.123788     0.617322  
   249     0.123192     0.617169  
   250     0.122615     0.617498  
   251     0.122058     0.617526  
   252     0.121484     0.617319  
   253     0.120874     0.616967  
   254     0.120275     0.616999  
   255     0.119773     0.617023  
   256     0.119242     0.617196  
   257     0.118659     0.616810  
   258     0.118131     0.616957  
   259     0.117539     0.617286  
   260     0.117036     0.617016  
   261     0.116434     0.617391  
   262     0.115897     0.617640  
   263     0.115336     0.617734  
   264     0.114813     0.618489  
   265     0.114280     0.618690  
   266     0.113717     0.618454  
   267     0.113201     0.619160  
   268     0.112679     0.619470  
   269     0.112145     0.619716  
   270     0.111640     0.619227  
   271     0.111085     0.618922  
   272     0.110570     0.618623  
   273     0.110060     0.618262  
   274     0.109607     0.618253  
   275     0.109114     0.618454  
   276     0.108598     0.618657  
   277     0.108137     0.618787  
   278     0.107645     0.618692  
   279     0.107155     0.618118  
   280     0.106749     0.618389  
   281     0.106268     0.618391  
   282     0.105847     0.618279  
   283     0.105366     0.617893  
   284     0.104870     0.617833  
   285     0.104405     0.617756  
   286     0.104003     0.618087  
   287     0.103565     0.618113  
   288     0.103065     0.618995  
   289     0.102571     0.619185  
   290     0.102074     0.619302  
   291     0.101643     0.619218  
   292     0.101186     0.619139  
   293     0.100755     0.619297  
   294     0.100274     0.619318  
   295     0.099844     0.619824  
   296     0.099429     0.619731  
   297     0.099012     0.619999  
# best iteration 197 (val l2 0.612423)
# Spearman  train +0.9305  val +0.4031  test +0.6231
