# gbm_node+edge seed 2
# boosted trees on node+edge
# inputs 25970, 28 trees
# LightGBM gradient-boosted trees, objective l2, lr 0.05, num_leaves 31, min_data_in_leaf 20, feature_fraction 0.3, bagging 0.8, lambda_l2 1.0, up to 3000 rounds, early stopping 100 on validation l2
# loss = l2 on standardised log10 half-life
#
 round        train          val  note
     1     0.961362     0.804501  
     2     0.926409     0.792987  
     3     0.892822     0.786989  
     4     0.860322     0.775391  
     5     0.831748     0.768095  
     6     0.805105     0.761839  
     7     0.780761     0.754815  
     8     0.756265     0.750245  
     9     0.734170     0.744799  
    10     0.713556     0.740334  
    11     0.694962     0.735520  
    12     0.678124     0.733942  
    13     0.662041     0.731734  
    14     0.646744     0.728895  
    15     0.632045     0.725405  
    16     0.618364     0.722244  
    17     0.605002     0.719921  
    18     0.592465     0.719256  
    19     0.580698     0.716598  
    20     0.569793     0.716728  
    21     0.559836     0.717290  
    22     0.549888     0.717211  
    23     0.540252     0.719137  
    24     0.530942     0.717887  
    25     0.522279     0.718517  
    26     0.514148     0.719250  
    27     0.506451     0.719212  
    28     0.499104     0.716572  * best
    29     0.492202     0.718190  
    30     0.485275     0.719676  
    31     0.478603     0.721713  
    32     0.472115     0.722310  
    33     0.466139     0.721793  
    34     0.460000     0.720565  
    35     0.454294     0.721949  
    36     0.448496     0.721333  
    37     0.443218     0.723709  
    38     0.438178     0.725062  
    39     0.433187     0.725724  
    40     0.428430     0.727461  
    41     0.423667     0.729284  
    42     0.418999     0.729117  
    43     0.414067     0.729807  
    44     0.409776     0.731074  
    45     0.405672     0.732557  
    46     0.401542     0.734805  
    47     0.397252     0.735912  
    48     0.393311     0.737584  
    49     0.389450     0.737764  
    50     0.385774     0.739077  
    51     0.381955     0.739420  
    52     0.378107     0.738687  
    53     0.374689     0.739073  
    54     0.370976     0.739512  
    55     0.367560     0.740319  
    56     0.363976     0.740918  
    57     0.360624     0.743721  
    58     0.357401     0.744834  
    59     0.354302     0.747603  
    60     0.351311     0.747958  
    61     0.348069     0.749367  
    62     0.345124     0.751312  
    63     0.342063     0.750904  
    64     0.339115     0.751164  
    65     0.336063     0.751959  
    66     0.333087     0.753694  
    67     0.329989     0.754412  
    68     0.327344     0.753696  
    69     0.324300     0.753539  
    70     0.321558     0.753887  
    71     0.318617     0.753662  
    72     0.315768     0.755115  
    73     0.313070     0.753917  
    74     0.310300     0.753012  
    75     0.307793     0.753285  
    76     0.305306     0.753432  
    77     0.302905     0.755343  
    78     0.300503     0.755646  
    79     0.297874     0.759582  
    80     0.295556     0.761099  
    81     0.293278     0.761741  
    82     0.290925     0.761431  
    83     0.288632     0.761942  
    84     0.286252     0.760850  
    85     0.284035     0.761788  
    86     0.281766     0.763235  
    87     0.279604     0.762671  
    88     0.277512     0.764226  
    89     0.275359     0.764723  
    90     0.273196     0.764202  
    91     0.271243     0.763257  
    92     0.269232     0.763430  
    93     0.267303     0.763448  
    94     0.265496     0.763633  
    95     0.263363     0.766057  
    96     0.261241     0.766037  
    97     0.259143     0.766088  
    98     0.257230     0.768224  
    99     0.255283     0.768872  
   100     0.253315     0.769112  
   101     0.251410     0.769559  
   102     0.249520     0.769965  
   103     0.247493     0.771451  
   104     0.245578     0.772179  
   105     0.243913     0.772452  
   106     0.242094     0.772527  
   107     0.240328     0.772815  
   108     0.238681     0.773005  
   109     0.236859     0.772998  
   110     0.235164     0.772738  
   111     0.233536     0.772612  
   112     0.231918     0.773319  
   113     0.230255     0.773428  
   114     0.228628     0.774339  
   115     0.227034     0.774195  
   116     0.225440     0.774915  
   117     0.223816     0.775274  
   118     0.222098     0.776488  
   119     0.220430     0.776244  
   120     0.218790     0.777552  
   121     0.217300     0.777848  
   122     0.215703     0.777560  
   123     0.214152     0.776941  
   124     0.212674     0.776895  
   125     0.211243     0.777447  
   126     0.209844     0.778026  
   127     0.208508     0.778542  
   128     0.207025     0.779442  
# best iteration 28 (val l2 0.716572)
# Spearman  train +0.7761  val +0.1415  test -0.0621
