# boltz_conf seed 1
# Boltz confidence metrics (ipTM, pTM, pLDDT, ...)
# input dim 9, 5,441 parameters
# Linear(n_in,128) -> GELU -> Dropout(0.3) -> Linear(128,32) -> GELU -> Dropout(0.3) -> Linear(32,1)
# Adam lr=0.001 weight_decay=0.0001 batch=32 dropout=0.3
# loss = MSE on standardised log10 half-life
# early stopping on validation loss, patience 40, max 300 epochs
#
 epoch  train_batch        train          val  note
     1     0.881685     0.836498     0.884038  * best
     2     0.838742     0.820115     0.848760  * best
     3     0.833424     0.812937     0.855312  
     4     0.828519     0.808111     0.845882  * best
     5     0.821269     0.806250     0.840261  * best
     6     0.820058     0.802908     0.838625  * best
     7     0.813684     0.802209     0.841174  
     8     0.815209     0.798279     0.840594  
     9     0.812810     0.798337     0.838288  * best
    10     0.812245     0.795207     0.840456  
    11     0.809702     0.793110     0.843950  
    12     0.806510     0.794648     0.845321  
    13     0.810869     0.793127     0.844128  
    14     0.802794     0.790058     0.845752  
    15     0.803804     0.790636     0.826804  * best
    16     0.804973     0.789126     0.836477  
    17     0.804577     0.786304     0.840551  
    18     0.800833     0.793300     0.861009  
    19     0.800345     0.788957     0.843332  
    20     0.803407     0.783620     0.829364  
    21     0.799138     0.782058     0.840040  
    22     0.796436     0.779760     0.833407  
    23     0.798680     0.781770     0.838292  
    24     0.798808     0.782738     0.820850  * best
    25     0.800338     0.778260     0.827600  
    26     0.797126     0.778577     0.830777  
    27     0.795235     0.777994     0.830355  
    28     0.794224     0.775440     0.826651  
    29     0.793202     0.776979     0.817549  * best
    30     0.795122     0.773904     0.823444  
    31     0.788624     0.774813     0.824034  
    32     0.790725     0.775270     0.828485  
    33     0.791454     0.773660     0.831726  
    34     0.789284     0.783187     0.852517  
    35     0.789123     0.771270     0.824584  
    36     0.787482     0.769960     0.826027  
    37     0.790725     0.770268     0.824243  
    38     0.793811     0.774369     0.832058  
    39     0.795568     0.770793     0.820273  
    40     0.795719     0.769448     0.820766  
    41     0.787674     0.767598     0.822009  
    42     0.789680     0.770020     0.818881  
    43     0.785796     0.767872     0.813005  * best
    44     0.786970     0.771089     0.824817  
    45     0.784621     0.766212     0.822552  
    46     0.787741     0.766417     0.822638  
    47     0.787411     0.766282     0.826311  
    48     0.783011     0.769535     0.831471  
    49     0.784328     0.764807     0.823073  
    50     0.782553     0.763623     0.822410  
    51     0.785857     0.764800     0.813791  
    52     0.781319     0.765225     0.824632  
    53     0.784000     0.764800     0.820913  
    54     0.786999     0.764998     0.822690  
    55     0.783296     0.765931     0.817063  
    56     0.784009     0.764745     0.821570  
    57     0.782223     0.767912     0.828281  
    58     0.779095     0.771892     0.829895  
    59     0.788778     0.765635     0.826214  
    60     0.782987     0.764046     0.827076  
    61     0.779768     0.761903     0.818369  
    62     0.781269     0.762740     0.820549  
    63     0.787146     0.764004     0.826155  
    64     0.782889     0.761382     0.828645  
    65     0.783348     0.765016     0.819149  
    66     0.789638     0.759667     0.815594  
    67     0.781822     0.761259     0.817315  
    68     0.779915     0.761893     0.824820  
    69     0.782873     0.764499     0.817703  
    70     0.778117     0.764710     0.818165  
    71     0.785442     0.759177     0.821498  
    72     0.779308     0.759380     0.818331  
    73     0.781049     0.759804     0.818110  
    74     0.778783     0.758269     0.822835  
    75     0.777834     0.762743     0.817145  
    76     0.780925     0.758423     0.821083  
    77     0.778684     0.760162     0.822338  
    78     0.782434     0.760105     0.823538  
    79     0.782618     0.757666     0.817845  
    80     0.782536     0.761343     0.821240  
    81     0.780672     0.760170     0.827869  
    82     0.778621     0.756584     0.817403  
    83     0.775355     0.760051     0.813818  
# stopped at epoch 83: no improvement for 40 epochs
# restored epoch 43 (val MSE 0.813005)
# Spearman  train +0.4742  val +0.4479  test +0.4386
