# gbm_seq+edge seed 2
# boosted trees on seq+edge
# inputs 15310, 2,502 trees
# LightGBM gradient-boosted trees, objective l2, lr 0.05, num_leaves 31, min_data_in_leaf 20, feature_fraction 0.3, bagging 0.8, lambda_l2 1.0, up to 3000 rounds, early stopping 100 on validation l2
# loss = l2 on standardised log10 half-life
#
 round        train          val  note
     1     0.965517     0.979485  
     2     0.932803     0.950100  
     3     0.903729     0.925225  
     4     0.876551     0.901658  
     5     0.851267     0.880009  
     6     0.827623     0.860451  
     7     0.805793     0.843005  
     8     0.787334     0.828469  
     9     0.767952     0.812662  
    10     0.750099     0.797416  
    11     0.732055     0.782044  
    12     0.715905     0.768353  
    13     0.700289     0.755590  
    14     0.686638     0.744941  
    15     0.674242     0.735303  
    16     0.661311     0.725567  
    17     0.648225     0.715984  
    18     0.637580     0.708023  
    19     0.627537     0.699921  
    20     0.616943     0.691333  
    21     0.607206     0.683533  
    22     0.598002     0.677018  
    23     0.590140     0.671055  
    24     0.582629     0.665681  
    25     0.574434     0.659889  
    26     0.567181     0.653396  
    27     0.559381     0.647431  
    28     0.551853     0.641731  
    29     0.544751     0.636966  
    30     0.538779     0.632920  
    31     0.532583     0.628823  
    32     0.526514     0.624755  
    33     0.521034     0.621354  
    34     0.515526     0.617402  
    35     0.509553     0.614087  
    36     0.504016     0.610565  
    37     0.498350     0.606469  
    38     0.493665     0.603891  
    39     0.488461     0.600992  
    40     0.483552     0.597936  
    41     0.479195     0.595297  
    42     0.474912     0.593297  
    43     0.470391     0.590895  
    44     0.465919     0.589075  
    45     0.461945     0.587423  
    46     0.457950     0.584939  
    47     0.453883     0.582228  
    48     0.450203     0.580320  
    49     0.446304     0.578001  
    50     0.442532     0.576029  
    51     0.438632     0.574320  
    52     0.434775     0.571970  
    53     0.431090     0.570233  
    54     0.427702     0.568626  
    55     0.424267     0.567637  
    56     0.420828     0.566169  
    57     0.417443     0.564790  
    58     0.413886     0.563158  
    59     0.410558     0.561717  
    60     0.407220     0.559931  
    61     0.404245     0.558481  
    62     0.401121     0.557337  
    63     0.398185     0.555909  
    64     0.395145     0.554325  
    65     0.392035     0.552971  
    66     0.388986     0.551384  
    67     0.386002     0.549393  
    68     0.383088     0.548610  
    69     0.380300     0.547566  
    70     0.377627     0.545871  
    71     0.374753     0.544104  
    72     0.371991     0.543636  
    73     0.369356     0.543470  
    74     0.366751     0.542674  
    75     0.364279     0.542097  
    76     0.361494     0.540865  
    77     0.359006     0.539783  
    78     0.356446     0.538874  
    79     0.353861     0.537755  
    80     0.351364     0.537006  
    81     0.348985     0.536317  
    82     0.346424     0.534805  
    83     0.343799     0.533445  
    84     0.341274     0.531516  
    85     0.338909     0.530481  
    86     0.336474     0.529460  
    87     0.334270     0.529244  
    88     0.332056     0.527892  
    89     0.329753     0.527274  
    90     0.327503     0.526413  
    91     0.325440     0.525912  
    92     0.323333     0.525375  
    93     0.321140     0.524721  
    94     0.318813     0.524541  
    95     0.316705     0.523601  
    96     0.314610     0.523465  
    97     0.312547     0.523106  
    98     0.310521     0.522207  
    99     0.308577     0.522026  
   100     0.306590     0.521291  
   101     0.304603     0.520491  
   102     0.302674     0.519765  
   103     0.300716     0.519425  
   104     0.298717     0.518811  
   105     0.296742     0.518323  
   106     0.294765     0.517341  
   107     0.292950     0.516760  
   108     0.291015     0.515622  
   109     0.289160     0.515178  
   110     0.287290     0.514281  
   111     0.285398     0.513613  
   112     0.283680     0.513080  
   113     0.281965     0.512581  
   114     0.280188     0.512044  
   115     0.278310     0.511389  
   116     0.276664     0.510943  
   117     0.275031     0.510678  
   118     0.273349     0.510126  
   119     0.271649     0.508880  
   120     0.269885     0.508093  
   121     0.268205     0.507793  
   122     0.266507     0.507177  
   123     0.264762     0.506846  
   124     0.263149     0.506663  
   125     0.261483     0.506197  
   126     0.259912     0.505830  
   127     0.258356     0.505647  
   128     0.256725     0.504631  
   129     0.255216     0.504229  
   130     0.253717     0.503334  
   131     0.252247     0.502509  
   132     0.250644     0.502271  
   133     0.249254     0.501647  
   134     0.247692     0.500738  
   135     0.246222     0.500265  
   136     0.244768     0.499698  
   137     0.243314     0.499405  
   138     0.241880     0.499382  
   139     0.240387     0.499082  
   140     0.238877     0.498654  
   141     0.237435     0.498535  
   142     0.236036     0.498137  
   143     0.234678     0.497801  
   144     0.233217     0.497569  
   145     0.231829     0.497419  
   146     0.230457     0.496988  
   147     0.229253     0.496615  
   148     0.227949     0.496071  
   149     0.226684     0.495688  
   150     0.225365     0.495327  
   151     0.224020     0.495183  
   152     0.222687     0.495000  
   153     0.221384     0.494785  
   154     0.220101     0.494414  
   155     0.218816     0.494013  
   156     0.217455     0.493389  
   157     0.216115     0.493027  
   158     0.214877     0.492847  
   159     0.213564     0.492515  
   160     0.212291     0.491762  
   161     0.211069     0.491524  
   162     0.209873     0.491137  
   163     0.208736     0.491010  
   164     0.207551     0.490347  
   165     0.206329     0.490234  
   166     0.205171     0.490063  
   167     0.204050     0.489681  
   168     0.202871     0.489214  
   169     0.201657     0.488676  
   170     0.200535     0.488045  
   171     0.199372     0.487641  
   172     0.198312     0.487247  
   173     0.197152     0.487259  
   174     0.196021     0.487187  
   175     0.194847     0.486890  
   176     0.193776     0.486278  
   177     0.192769     0.486114  
   178     0.191662     0.486119  
   179     0.190535     0.485508  
   180     0.189510     0.485415  
   181     0.188434     0.485202  
   182     0.187415     0.484857  
   183     0.186330     0.484716  
   184     0.185273     0.484457  
   185     0.184262     0.484444  
   186     0.183419     0.484220  
   187     0.182505     0.483879  
   188     0.181513     0.483706  
   189     0.180528     0.483418  
   190     0.179596     0.483017  
   191     0.178582     0.482692  
   192     0.177641     0.482572  
   193     0.176631     0.482100  
   194     0.175657     0.481968  
   195     0.174681     0.481501  
   196     0.173754     0.481315  
   197     0.172774     0.481174  
   198     0.171751     0.480890  
   199     0.170851     0.480687  
   200     0.169914     0.480699  
   201     0.169017     0.480414  
   202     0.168161     0.480157  
   203     0.167278     0.480005  
   204     0.166447     0.479908  
   205     0.165561     0.479798  
   206     0.164627     0.479228  
   207     0.163842     0.479068  
   208     0.163000     0.479140  
   209     0.162111     0.478729  
   210     0.161272     0.478412  
   211     0.160375     0.478121  
   212     0.159554     0.477818  
   213     0.158741     0.477763  
   214     0.157923     0.477588  
   215     0.157167     0.477317  
   216     0.156356     0.477104  
   217     0.155618     0.476550  
   218     0.154791     0.476511  
   219     0.153974     0.476474  
   220     0.153190     0.476318  
   221     0.152371     0.475857  
   222     0.151573     0.475859  
   223     0.150775     0.475928  
   224     0.150018     0.475941  
   225     0.149301     0.475936  
   226     0.148534     0.475838  
   227     0.147770     0.475399  
   228     0.147051     0.475108  
   229     0.146264     0.475076  
   230     0.145506     0.474912  
   231     0.144797     0.474898  
   232     0.144062     0.475058  
   233     0.143321     0.474548  
   234     0.142551     0.474435  
   235     0.141816     0.474062  
   236     0.141145     0.473845  
   237     0.140360     0.473330  
   238     0.139587     0.472854  
   239     0.138923     0.472790  
   240     0.138150     0.472579  
   241     0.137477     0.472479  
   242     0.136779     0.472263  
   243     0.136084     0.472191  
   244     0.135378     0.472101  
   245     0.134649     0.471790  
   246     0.133963     0.471770  
   247     0.133301     0.471776  
   248     0.132622     0.471722  
   249     0.131976     0.471489  
   250     0.131336     0.471469  
   251     0.130667     0.471192  
   252     0.129967     0.471064  
   253     0.129286     0.471166  
   254     0.128598     0.470985  
   255     0.128018     0.471137  
   256     0.127373     0.470905  
   257     0.126702     0.470585  
   258     0.126033     0.470612  
   259     0.125375     0.470295  
   260     0.124778     0.469827  
   261     0.124104     0.469582  
   262     0.123536     0.469510  
   263     0.122966     0.469266  
   264     0.122443     0.469133  
   265     0.121792     0.468542  
   266     0.121154     0.468228  
   267     0.120552     0.468096  
   268     0.119980     0.467898  
   269     0.119383     0.467426  
   270     0.118796     0.467389  
   271     0.118222     0.467347  
   272     0.117617     0.467387  
   273     0.117038     0.467285  
   274     0.116451     0.467351  
   275     0.115900     0.467272  
   276     0.115342     0.467251  
   277     0.114774     0.467241  
   278     0.114219     0.467177  
   279     0.113677     0.466994  
   280     0.113094     0.466937  
   281     0.112475     0.466605  
   282     0.111964     0.466548  
   283     0.111427     0.466440  
   284     0.110859     0.465922  
   285     0.110348     0.465872  
   286     0.109780     0.465796  
   287     0.109187     0.465776  
   288     0.108660     0.465789  
   289     0.108144     0.465520  
   290     0.107652     0.465421  
   291     0.107153     0.465254  
   292     0.106630     0.465133  
   293     0.106120     0.465050  
   294     0.105573     0.464826  
   295     0.105074     0.464770  
   296     0.104586     0.464556  
   297     0.104023     0.464285  
   298     0.103527     0.464161  
   299     0.102986     0.464026  
   300     0.102491     0.464024  
   301     0.101997     0.464029  
   302     0.101507     0.463789  
   303     0.101044     0.463685  
   304     0.100582     0.463559  
   305     0.100055     0.463467  
   306     0.099547     0.463467  
   307     0.099135     0.463467  
   308     0.098655     0.463313  
   309     0.098156     0.463396  
   310     0.097681     0.463186  
   311     0.097164     0.463114  
   312     0.096664     0.463037  
   313     0.096180     0.463005  
   314     0.095673     0.462937  
   315     0.095211     0.462906  
   316     0.094784     0.462929  
   317     0.094277     0.462659  
   318     0.093830     0.462629  
   319     0.093407     0.462636  
   320     0.092991     0.462815  
   321     0.092548     0.462514  
   322     0.092129     0.462407  
   323     0.091709     0.462270  
   324     0.091277     0.462254  
   325     0.090844     0.461983  
   326     0.090381     0.461668  
   327     0.089962     0.461446  
   328     0.089502     0.461541  
   329     0.089075     0.461450  
   330     0.088659     0.461339  
   331     0.088242     0.461559  
   332     0.087834     0.461536  
   333     0.087457     0.461338  
   334     0.087042     0.461296  
   335     0.086638     0.461258  
   336     0.086229     0.461073  
   337     0.085815     0.460981  
   338     0.085414     0.460920  
   339     0.085004     0.460956  
   340     0.084604     0.460785  
   341     0.084199     0.460817  
   342     0.083781     0.460887  
   343     0.083377     0.460773  
   344     0.082988     0.460714  
   345     0.082602     0.460598  
   346     0.082245     0.460429  
   347     0.081884     0.460320  
   348     0.081476     0.460346  
   349     0.081102     0.460150  
   350     0.080704     0.460316  
   351     0.080355     0.460241  
   352     0.079986     0.460215  
   353     0.079581     0.460272  
   354     0.079233     0.460132  
   355     0.078873     0.460154  
   356     0.078522     0.460041  
   357     0.078210     0.459930  
   358     0.077895     0.459803  
   359     0.077516     0.459742  
   360     0.077187     0.459502  
   361     0.076837     0.459302  
   362     0.076489     0.459133  
   363     0.076121     0.459070  
   364     0.075757     0.458942  
   365     0.075385     0.458912  
   366     0.075028     0.458626  
   367     0.074691     0.458531  
   368     0.074351     0.458438  
   369     0.073991     0.458295  
   370     0.073654     0.458293  
   371     0.073295     0.458171  
   372     0.072923     0.458045  
   373     0.072542     0.458027  
   374     0.072179     0.458019  
   375     0.071873     0.457952  
   376     0.071519     0.457970  
   377     0.071196     0.457792  
   378     0.070864     0.457643  
   379     0.070538     0.457727  
   380     0.070222     0.457812  
   381     0.069898     0.457716  
   382     0.069555     0.457570  
   383     0.069223     0.457622  
   384     0.068892     0.457582  
   385     0.068555     0.457465  
   386     0.068242     0.457366  
   387     0.067961     0.457350  
   388     0.067673     0.457287  
   389     0.067396     0.457176  
   390     0.067088     0.457063  
   391     0.066804     0.456949  
   392     0.066482     0.456881  
   393     0.066157     0.456931  
   394     0.065856     0.456893  
   395     0.065564     0.456852  
   396     0.065266     0.456871  
   397     0.064965     0.456758  
   398     0.064705     0.456653  
   399     0.064371     0.456429  
   400     0.064086     0.456234  
   401     0.063797     0.456282  
   402     0.063509     0.456224  
   403     0.063224     0.456280  
   404     0.062911     0.456279  
   405     0.062655     0.456265  
   406     0.062371     0.456114  
   407     0.062094     0.455842  
   408     0.061788     0.455924  
   409     0.061493     0.456004  
   410     0.061208     0.456078  
   411     0.060957     0.456112  
   412     0.060657     0.456042  
   413     0.060406     0.455939  
   414     0.060120     0.456018  
   415     0.059867     0.455830  
   416     0.059575     0.455836  
   417     0.059342     0.455816  
   418     0.059086     0.455826  
   419     0.058829     0.455752  
   420     0.058530     0.455907  
   421     0.058256     0.455867  
   422     0.057996     0.455785  
   423     0.057750     0.455585  
   424     0.057469     0.455434  
   425     0.057239     0.455400  
   426     0.056978     0.455363  
   427     0.056733     0.455328  
   428     0.056477     0.455230  
   429     0.056243     0.455157  
   430     0.056005     0.454968  
   431     0.055776     0.455087  
   432     0.055548     0.455132  
   433     0.055270     0.455137  
   434     0.055025     0.455237  
   435     0.054811     0.455263  
   436     0.054574     0.455152  
   437     0.054332     0.455021  
   438     0.054075     0.454958  
   439     0.053829     0.454909  
   440     0.053587     0.454990  
   441     0.053313     0.454934  
   442     0.053072     0.455013  
   443     0.052829     0.454970  
   444     0.052620     0.454992  
   445     0.052369     0.454789  
   446     0.052151     0.454861  
   447     0.051924     0.454758  
   448     0.051694     0.454769  
   449     0.051451     0.454662  
   450     0.051214     0.454760  
   451     0.051003     0.454758  
   452     0.050804     0.454592  
   453     0.050577     0.454589  
   454     0.050360     0.454698  
   455     0.050148     0.454512  
   456     0.049918     0.454589  
   457     0.049683     0.454551  
   458     0.049458     0.454505  
   459     0.049262     0.454324  
   460     0.049053     0.454364  
   461     0.048822     0.454332  
   462     0.048588     0.454289  
   463     0.048357     0.454090  
   464     0.048134     0.454186  
   465     0.047928     0.454135  
   466     0.047717     0.454156  
   467     0.047494     0.454044  
   468     0.047284     0.454081  
   469     0.047057     0.454124  
   470     0.046843     0.454245  
   471     0.046630     0.454181  
   472     0.046439     0.454170  
   473     0.046222     0.454065  
   474     0.046014     0.454094  
   475     0.045795     0.454244  
   476     0.045584     0.454117  
   477     0.045402     0.454182  
   478     0.045225     0.454177  
   479     0.045017     0.454234  
   480     0.044812     0.454261  
   481     0.044616     0.454161  
   482     0.044437     0.454131  
   483     0.044271     0.454138  
   484     0.044102     0.454094  
   485     0.043915     0.454122  
   486     0.043709     0.454218  
   487     0.043523     0.454136  
   488     0.043324     0.454022  
   489     0.043139     0.454041  
   490     0.042959     0.453939  
   491     0.042760     0.453896  
   492     0.042567     0.453770  
   493     0.042365     0.453584  
   494     0.042181     0.453600  
   495     0.042003     0.453439  
   496     0.041816     0.453402  
   497     0.041629     0.453354  
   498     0.041460     0.453304  
   499     0.041274     0.453167  
   500     0.041090     0.453101  
   501     0.040920     0.453042  
   502     0.040723     0.452971  
   503     0.040549     0.452944  
   504     0.040368     0.452875  
   505     0.040196     0.452882  
   506     0.040025     0.452755  
   507     0.039849     0.452692  
   508     0.039674     0.452762  
   509     0.039505     0.452626  
   510     0.039322     0.452671  
   511     0.039156     0.452570  
   512     0.038998     0.452595  
   513     0.038823     0.452500  
   514     0.038651     0.452445  
   515     0.038470     0.452441  
   516     0.038323     0.452350  
   517     0.038146     0.452280  
   518     0.037971     0.452310  
   519     0.037808     0.452214  
   520     0.037669     0.452191  
   521     0.037498     0.452229  
   522     0.037347     0.452145  
   523     0.037193     0.452280  
   524     0.037030     0.452207  
   525     0.036892     0.452141  
   526     0.036728     0.452206  
   527     0.036565     0.452229  
   528     0.036412     0.452293  
   529     0.036248     0.452143  
   530     0.036086     0.452002  
   531     0.035939     0.451926  
   532     0.035790     0.451857  
   533     0.035636     0.451776  
   534     0.035497     0.451760  
   535     0.035353     0.451814  
   536     0.035191     0.451803  
   537     0.035038     0.451706  
   538     0.034896     0.451700  
   539     0.034747     0.451681  
   540     0.034597     0.451525  
   541     0.034437     0.451505  
   542     0.034285     0.451503  
   543     0.034120     0.451465  
   544     0.033956     0.451389  
   545     0.033803     0.451381  
   546     0.033656     0.451434  
   547     0.033530     0.451369  
   548     0.033385     0.451317  
   549     0.033230     0.451325  
   550     0.033091     0.451284  
   551     0.032951     0.451215  
   552     0.032819     0.451218  
   553     0.032683     0.451231  
   554     0.032529     0.451171  
   555     0.032382     0.451097  
   556     0.032255     0.451154  
   557     0.032113     0.451148  
   558     0.031984     0.451213  
   559     0.031849     0.451267  
   560     0.031711     0.451221  
   561     0.031585     0.451188  
   562     0.031442     0.451163  
   563     0.031313     0.451074  
   564     0.031189     0.451091  
   565     0.031042     0.451065  
   566     0.030909     0.451089  
   567     0.030780     0.451071  
   568     0.030646     0.450963  
   569     0.030498     0.450884  
   570     0.030367     0.450853  
   571     0.030233     0.450780  
   572     0.030108     0.450766  
   573     0.029982     0.450658  
   574     0.029862     0.450641  
   575     0.029734     0.450629  
   576     0.029600     0.450654  
   577     0.029478     0.450548  
   578     0.029354     0.450542  
   579     0.029229     0.450450  
   580     0.029102     0.450445  
   581     0.028975     0.450418  
   582     0.028855     0.450290  
   583     0.028736     0.450300  
   584     0.028620     0.450224  
   585     0.028493     0.450127  
   586     0.028370     0.449975  
   587     0.028248     0.450059  
   588     0.028126     0.450055  
   589     0.027994     0.449976  
   590     0.027868     0.449997  
   591     0.027735     0.449990  
   592     0.027617     0.449886  
   593     0.027487     0.449764  
   594     0.027378     0.449729  
   595     0.027265     0.449786  
   596     0.027149     0.449683  
   597     0.027038     0.449738  
   598     0.026939     0.449766  
   599     0.026831     0.449711  
   600     0.026728     0.449691  
   601     0.026619     0.449671  
   602     0.026510     0.449604  
   603     0.026414     0.449618  
   604     0.026307     0.449578  
   605     0.026205     0.449485  
   606     0.026098     0.449450  
   607     0.025998     0.449448  
   608     0.025887     0.449425  
   609     0.025785     0.449458  
   610     0.025682     0.449431  
   611     0.025578     0.449388  
   612     0.025470     0.449379  
   613     0.025370     0.449475  
   614     0.025251     0.449513  
   615     0.025131     0.449530  
   616     0.025035     0.449492  
   617     0.024921     0.449310  
   618     0.024821     0.449259  
   619     0.024715     0.449249  
   620     0.024616     0.449208  
   621     0.024519     0.449164  
   622     0.024424     0.449151  
   623     0.024321     0.449072  
   624     0.024217     0.449046  
   625     0.024110     0.449135  
   626     0.024011     0.449111  
   627     0.023907     0.449107  
   628     0.023801     0.449084  
   629     0.023717     0.449007  
   630     0.023617     0.448964  
   631     0.023512     0.448951  
   632     0.023410     0.448958  
   633     0.023305     0.448930  
   634     0.023200     0.448928  
   635     0.023107     0.448925  
   636     0.023008     0.448880  
   637     0.022919     0.448752  
   638     0.022821     0.448658  
   639     0.022728     0.448682  
   640     0.022640     0.448661  
   641     0.022536     0.448639  
   642     0.022451     0.448662  
   643     0.022353     0.448614  
   644     0.022256     0.448560  
   645     0.022160     0.448649  
   646     0.022077     0.448695  
   647     0.021990     0.448711  
   648     0.021908     0.448712  
   649     0.021826     0.448674  
   650     0.021747     0.448754  
   651     0.021655     0.448736  
   652     0.021560     0.448731  
   653     0.021474     0.448701  
   654     0.021384     0.448659  
   655     0.021283     0.448699  
   656     0.021196     0.448645  
   657     0.021099     0.448676  
   658     0.021012     0.448566  
   659     0.020923     0.448536  
   660     0.020827     0.448521  
   661     0.020744     0.448466  
   662     0.020648     0.448421  
   663     0.020560     0.448412  
   664     0.020471     0.448436  
   665     0.020379     0.448509  
   666     0.020293     0.448462  
   667     0.020207     0.448571  
   668     0.020128     0.448602  
   669     0.020051     0.448531  
   670     0.019976     0.448398  
   671     0.019898     0.448392  
   672     0.019813     0.448383  
   673     0.019717     0.448405  
   674     0.019619     0.448361  
   675     0.019536     0.448324  
   676     0.019448     0.448230  
   677     0.019363     0.448124  
   678     0.019283     0.448154  
   679     0.019209     0.448124  
   680     0.019126     0.448138  
   681     0.019049     0.448081  
   682     0.018971     0.448087  
   683     0.018902     0.448029  
   684     0.018828     0.448034  
   685     0.018749     0.448001  
   686     0.018673     0.447967  
   687     0.018596     0.447952  
   688     0.018517     0.447933  
   689     0.018434     0.447913  
   690     0.018359     0.447912  
   691     0.018283     0.447849  
   692     0.018210     0.447861  
   693     0.018148     0.447847  
   694     0.018077     0.447796  
   695     0.018000     0.447783  
   696     0.017917     0.447719  
   697     0.017838     0.447753  
   698     0.017761     0.447751  
   699     0.017681     0.447693  
   700     0.017601     0.447659  
   701     0.017523     0.447697  
   702     0.017459     0.447664  
   703     0.017392     0.447604  
   704     0.017322     0.447617  
   705     0.017256     0.447551  
   706     0.017186     0.447608  
   707     0.017116     0.447587  
   708     0.017050     0.447545  
   709     0.016986     0.447500  
   710     0.016911     0.447477  
   711     0.016842     0.447475  
   712     0.016776     0.447419  
   713     0.016704     0.447429  
   714     0.016637     0.447424  
   715     0.016576     0.447419  
   716     0.016509     0.447436  
   717     0.016438     0.447448  
   718     0.016365     0.447420  
   719     0.016294     0.447436  
   720     0.016231     0.447377  
   721     0.016157     0.447343  
   722     0.016091     0.447373  
   723     0.016029     0.447468  
   724     0.015969     0.447469  
   725     0.015899     0.447495  
   726     0.015830     0.447558  
   727     0.015766     0.447487  
   728     0.015700     0.447507  
   729     0.015640     0.447525  
   730     0.015577     0.447497  
   731     0.015514     0.447499  
   732     0.015446     0.447472  
   733     0.015379     0.447413  
   734     0.015317     0.447439  
   735     0.015255     0.447421  
   736     0.015194     0.447474  
   737     0.015131     0.447397  
   738     0.015070     0.447399  
   739     0.015015     0.447368  
   740     0.014944     0.447407  
   741     0.014885     0.447340  
   742     0.014830     0.447259  
   743     0.014771     0.447272  
   744     0.014713     0.447207  
   745     0.014657     0.447278  
   746     0.014601     0.447274  
   747     0.014540     0.447273  
   748     0.014476     0.447226  
   749     0.014423     0.447278  
   750     0.014361     0.447307  
   751     0.014306     0.447320  
   752     0.014250     0.447290  
   753     0.014190     0.447273  
   754     0.014132     0.447357  
   755     0.014081     0.447325  
   756     0.014030     0.447284  
   757     0.013980     0.447284  
   758     0.013931     0.447213  
   759     0.013878     0.447134  
   760     0.013830     0.447111  
   761     0.013774     0.447105  
   762     0.013711     0.447133  
   763     0.013653     0.447080  
   764     0.013590     0.447111  
   765     0.013532     0.447066  
   766     0.013477     0.447024  
   767     0.013422     0.446977  
   768     0.013360     0.446928  
   769     0.013298     0.446900  
   770     0.013245     0.446860  
   771     0.013192     0.446847  
   772     0.013138     0.446726  
   773     0.013081     0.446691  
   774     0.013027     0.446599  
   775     0.012974     0.446522  
   776     0.012918     0.446504  
   777     0.012859     0.446446  
   778     0.012806     0.446393  
   779     0.012750     0.446373  
   780     0.012702     0.446357  
   781     0.012651     0.446326  
   782     0.012599     0.446311  
   783     0.012550     0.446251  
   784     0.012493     0.446234  
   785     0.012438     0.446185  
   786     0.012391     0.446115  
   787     0.012346     0.446172  
   788     0.012287     0.446196  
   789     0.012233     0.446193  
   790     0.012186     0.446167  
   791     0.012141     0.446164  
   792     0.012088     0.446182  
   793     0.012044     0.446139  
   794     0.012001     0.446183  
   795     0.011947     0.446187  
   796     0.011897     0.446173  
   797     0.011852     0.446183  
   798     0.011795     0.446208  
   799     0.011746     0.446196  
   800     0.011700     0.446190  
   801     0.011650     0.446173  
   802     0.011602     0.446128  
   803     0.011556     0.446189  
   804     0.011512     0.446105  
   805     0.011468     0.446040  
   806     0.011420     0.446077  
   807     0.011371     0.446068  
   808     0.011324     0.446031  
   809     0.011275     0.445985  
   810     0.011226     0.446077  
   811     0.011183     0.446028  
   812     0.011135     0.446016  
   813     0.011088     0.445945  
   814     0.011041     0.445895  
   815     0.010999     0.445919  
   816     0.010956     0.445879  
   817     0.010915     0.445843  
   818     0.010867     0.445843  
   819     0.010822     0.445879  
   820     0.010784     0.445912  
   821     0.010742     0.445930  
   822     0.010698     0.445922  
   823     0.010656     0.445907  
   824     0.010614     0.445888  
   825     0.010574     0.445917  
   826     0.010531     0.445874  
   827     0.010492     0.445879  
   828     0.010446     0.445911  
   829     0.010397     0.445922  
   830     0.010356     0.445919  
   831     0.010314     0.445975  
   832     0.010279     0.445955  
   833     0.010233     0.445959  
   834     0.010191     0.445895  
   835     0.010151     0.445901  
   836     0.010109     0.445898  
   837     0.010063     0.445844  
   838     0.010024     0.445766  
   839     0.009983     0.445761  
   840     0.009941     0.445773  
   841     0.009901     0.445718  
   842     0.009862     0.445672  
   843     0.009818     0.445705  
   844     0.009781     0.445689  
   845     0.009742     0.445648  
   846     0.009703     0.445663  
   847     0.009656     0.445658  
   848     0.009614     0.445654  
   849     0.009577     0.445681  
   850     0.009541     0.445668  
   851     0.009505     0.445680  
   852     0.009465     0.445659  
   853     0.009424     0.445659  
   854     0.009388     0.445674  
   855     0.009355     0.445669  
   856     0.009319     0.445651  
   857     0.009283     0.445655  
   858     0.009247     0.445630  
   859     0.009208     0.445595  
   860     0.009169     0.445621  
   861     0.009130     0.445662  
   862     0.009093     0.445682  
   863     0.009055     0.445640  
   864     0.009015     0.445656  
   865     0.008978     0.445684  
   866     0.008943     0.445672  
   867     0.008906     0.445625  
   868     0.008872     0.445657  
   869     0.008837     0.445637  
   870     0.008805     0.445668  
   871     0.008766     0.445661  
   872     0.008729     0.445660  
   873     0.008696     0.445614  
   874     0.008661     0.445610  
   875     0.008627     0.445590  
   876     0.008594     0.445550  
   877     0.008561     0.445547  
   878     0.008530     0.445509  
   879     0.008495     0.445524  
   880     0.008461     0.445498  
   881     0.008425     0.445444  
   882     0.008393     0.445457  
   883     0.008358     0.445500  
   884     0.008326     0.445413  
   885     0.008293     0.445458  
   886     0.008262     0.445432  
   887     0.008231     0.445443  
   888     0.008201     0.445422  
   889     0.008166     0.445416  
   890     0.008130     0.445454  
   891     0.008097     0.445462  
   892     0.008061     0.445497  
   893     0.008034     0.445492  
   894     0.007999     0.445461  
   895     0.007967     0.445405  
   896     0.007934     0.445423  
   897     0.007903     0.445426  
   898     0.007870     0.445432  
   899     0.007838     0.445418  
   900     0.007810     0.445421  
   901     0.007780     0.445373  
   902     0.007749     0.445382  
   903     0.007717     0.445392  
   904     0.007684     0.445380  
   905     0.007654     0.445331  
   906     0.007626     0.445315  
   907     0.007597     0.445285  
   908     0.007564     0.445319  
   909     0.007532     0.445242  
   910     0.007504     0.445223  
   911     0.007474     0.445227  
   912     0.007446     0.445231  
   913     0.007416     0.445184  
   914     0.007386     0.445178  
   915     0.007355     0.445155  
   916     0.007330     0.445150  
   917     0.007299     0.445174  
   918     0.007273     0.445200  
   919     0.007242     0.445235  
   920     0.007214     0.445307  
   921     0.007183     0.445335  
   922     0.007151     0.445306  
   923     0.007120     0.445290  
   924     0.007094     0.445312  
   925     0.007068     0.445327  
   926     0.007043     0.445326  
   927     0.007015     0.445303  
   928     0.006987     0.445309  
   929     0.006958     0.445328  
   930     0.006928     0.445297  
   931     0.006899     0.445326  
   932     0.006866     0.445299  
   933     0.006835     0.445301  
   934     0.006809     0.445299  
   935     0.006784     0.445318  
   936     0.006754     0.445276  
   937     0.006728     0.445267  
   938     0.006703     0.445199  
   939     0.006676     0.445171  
   940     0.006649     0.445137  
   941     0.006622     0.445093  
   942     0.006598     0.445111  
   943     0.006570     0.445119  
   944     0.006544     0.445100  
   945     0.006518     0.445132  
   946     0.006492     0.445112  
   947     0.006467     0.445108  
   948     0.006442     0.445119  
   949     0.006416     0.445184  
   950     0.006392     0.445144  
   951     0.006368     0.445145  
   952     0.006342     0.445141  
   953     0.006314     0.445090  
   954     0.006285     0.445084  
   955     0.006261     0.445091  
   956     0.006235     0.445112  
   957     0.006213     0.445133  
   958     0.006189     0.445148  
   959     0.006166     0.445103  
   960     0.006143     0.445099  
   961     0.006116     0.445084  
   962     0.006092     0.445080  
   963     0.006067     0.445060  
   964     0.006042     0.445028  
   965     0.006018     0.445013  
   966     0.005993     0.444978  
   967     0.005969     0.444986  
   968     0.005948     0.445014  
   969     0.005924     0.444988  
   970     0.005900     0.444955  
   971     0.005874     0.444936  
   972     0.005850     0.444930  
   973     0.005825     0.444999  
   974     0.005804     0.445028  
   975     0.005781     0.445015  
   976     0.005761     0.445018  
   977     0.005739     0.444963  
   978     0.005717     0.444950  
   979     0.005695     0.444935  
   980     0.005673     0.444895  
   981     0.005650     0.444901  
   982     0.005629     0.444871  
   983     0.005608     0.444912  
   984     0.005584     0.444889  
   985     0.005564     0.444877  
   986     0.005541     0.444894  
   987     0.005519     0.444884  
   988     0.005496     0.444870  
   989     0.005473     0.444810  
   990     0.005449     0.444786  
   991     0.005428     0.444820  
   992     0.005409     0.444746  
   993     0.005388     0.444728  
   994     0.005367     0.444729  
   995     0.005347     0.444678  
   996     0.005324     0.444710  
   997     0.005302     0.444712  
   998     0.005283     0.444722  
   999     0.005263     0.444702  
  1000     0.005243     0.444696  
  1001     0.005219     0.444700  
  1002     0.005198     0.444701  
  1003     0.005179     0.444723  
  1004     0.005159     0.444705  
  1005     0.005138     0.444690  
  1006     0.005116     0.444702  
  1007     0.005096     0.444711  
  1008     0.005075     0.444676  
  1009     0.005055     0.444706  
  1010     0.005035     0.444700  
  1011     0.005011     0.444696  
  1012     0.004991     0.444706  
  1013     0.004972     0.444688  
  1014     0.004953     0.444610  
  1015     0.004933     0.444599  
  1016     0.004914     0.444623  
  1017     0.004896     0.444635  
  1018     0.004878     0.444583  
  1019     0.004859     0.444561  
  1020     0.004837     0.444521  
  1021     0.004816     0.444561  
  1022     0.004796     0.444570  
  1023     0.004777     0.444548  
  1024     0.004755     0.444478  
  1025     0.004740     0.444460  
  1026     0.004723     0.444447  
  1027     0.004705     0.444452  
  1028     0.004686     0.444432  
  1029     0.004669     0.444410  
  1030     0.004650     0.444420  
  1031     0.004632     0.444425  
  1032     0.004613     0.444505  
  1033     0.004594     0.444451  
  1034     0.004577     0.444432  
  1035     0.004557     0.444424  
  1036     0.004540     0.444406  
  1037     0.004521     0.444408  
  1038     0.004506     0.444419  
  1039     0.004488     0.444423  
  1040     0.004468     0.444468  
  1041     0.004451     0.444504  
  1042     0.004431     0.444478  
  1043     0.004414     0.444475  
  1044     0.004396     0.444465  
  1045     0.004376     0.444491  
  1046     0.004358     0.444488  
  1047     0.004343     0.444496  
  1048     0.004328     0.444522  
  1049     0.004311     0.444517  
  1050     0.004294     0.444547  
  1051     0.004276     0.444565  
  1052     0.004259     0.444564  
  1053     0.004243     0.444554  
  1054     0.004225     0.444549  
  1055     0.004205     0.444567  
  1056     0.004187     0.444558  
  1057     0.004171     0.444524  
  1058     0.004157     0.444545  
  1059     0.004140     0.444519  
  1060     0.004122     0.444525  
  1061     0.004106     0.444508  
  1062     0.004091     0.444540  
  1063     0.004075     0.444528  
  1064     0.004059     0.444505  
  1065     0.004044     0.444518  
  1066     0.004030     0.444525  
  1067     0.004014     0.444514  
  1068     0.003998     0.444464  
  1069     0.003981     0.444479  
  1070     0.003964     0.444478  
  1071     0.003948     0.444493  
  1072     0.003931     0.444496  
  1073     0.003914     0.444485  
  1074     0.003900     0.444503  
  1075     0.003884     0.444495  
  1076     0.003870     0.444503  
  1077     0.003853     0.444469  
  1078     0.003838     0.444479  
  1079     0.003823     0.444493  
  1080     0.003809     0.444507  
  1081     0.003796     0.444523  
  1082     0.003781     0.444502  
  1083     0.003763     0.444502  
  1084     0.003749     0.444510  
  1085     0.003733     0.444521  
  1086     0.003718     0.444506  
  1087     0.003704     0.444487  
  1088     0.003690     0.444469  
  1089     0.003678     0.444451  
  1090     0.003665     0.444471  
  1091     0.003650     0.444435  
  1092     0.003637     0.444429  
  1093     0.003625     0.444449  
  1094     0.003611     0.444420  
  1095     0.003597     0.444389  
  1096     0.003582     0.444394  
  1097     0.003566     0.444381  
  1098     0.003553     0.444358  
  1099     0.003539     0.444362  
  1100     0.003524     0.444374  
  1101     0.003509     0.444370  
  1102     0.003495     0.444374  
  1103     0.003482     0.444332  
  1104     0.003467     0.444321  
  1105     0.003454     0.444316  
  1106     0.003440     0.444320  
  1107     0.003430     0.444314  
  1108     0.003415     0.444275  
  1109     0.003401     0.444266  
  1110     0.003388     0.444322  
  1111     0.003373     0.444328  
  1112     0.003360     0.444340  
  1113     0.003346     0.444297  
  1114     0.003333     0.444269  
  1115     0.003320     0.444274  
  1116     0.003308     0.444261  
  1117     0.003297     0.444265  
  1118     0.003282     0.444238  
  1119     0.003269     0.444229  
  1120     0.003257     0.444210  
  1121     0.003243     0.444192  
  1122     0.003231     0.444172  
  1123     0.003219     0.444164  
  1124     0.003208     0.444130  
  1125     0.003196     0.444135  
  1126     0.003184     0.444155  
  1127     0.003172     0.444106  
  1128     0.003158     0.444096  
  1129     0.003145     0.444108  
  1130     0.003134     0.444116  
  1131     0.003122     0.444122  
  1132     0.003109     0.444113  
  1133     0.003098     0.444081  
  1134     0.003085     0.444105  
  1135     0.003072     0.444134  
  1136     0.003061     0.444133  
  1137     0.003049     0.444142  
  1138     0.003037     0.444159  
  1139     0.003026     0.444141  
  1140     0.003014     0.444151  
  1141     0.003001     0.444134  
  1142     0.002988     0.444125  
  1143     0.002975     0.444130  
  1144     0.002962     0.444135  
  1145     0.002951     0.444137  
  1146     0.002940     0.444091  
  1147     0.002931     0.444103  
  1148     0.002919     0.444089  
  1149     0.002908     0.444099  
  1150     0.002898     0.444112  
  1151     0.002888     0.444108  
  1152     0.002876     0.444121  
  1153     0.002864     0.444106  
  1154     0.002854     0.444122  
  1155     0.002843     0.444128  
  1156     0.002832     0.444110  
  1157     0.002822     0.444125  
  1158     0.002813     0.444125  
  1159     0.002801     0.444153  
  1160     0.002790     0.444140  
  1161     0.002781     0.444107  
  1162     0.002771     0.444121  
  1163     0.002760     0.444118  
  1164     0.002748     0.444125  
  1165     0.002738     0.444132  
  1166     0.002727     0.444149  
  1167     0.002716     0.444168  
  1168     0.002707     0.444170  
  1169     0.002696     0.444162  
  1170     0.002686     0.444161  
  1171     0.002675     0.444144  
  1172     0.002664     0.444161  
  1173     0.002653     0.444168  
  1174     0.002643     0.444157  
  1175     0.002633     0.444119  
  1176     0.002622     0.444116  
  1177     0.002611     0.444138  
  1178     0.002601     0.444123  
  1179     0.002590     0.444129  
  1180     0.002578     0.444130  
  1181     0.002569     0.444151  
  1182     0.002557     0.444123  
  1183     0.002546     0.444130  
  1184     0.002536     0.444119  
  1185     0.002526     0.444156  
  1186     0.002517     0.444157  
  1187     0.002507     0.444171  
  1188     0.002497     0.444151  
  1189     0.002488     0.444150  
  1190     0.002479     0.444146  
  1191     0.002469     0.444133  
  1192     0.002459     0.444137  
  1193     0.002451     0.444136  
  1194     0.002441     0.444118  
  1195     0.002431     0.444112  
  1196     0.002422     0.444124  
  1197     0.002414     0.444100  
  1198     0.002405     0.444112  
  1199     0.002395     0.444095  
  1200     0.002384     0.444101  
  1201     0.002376     0.444107  
  1202     0.002367     0.444095  
  1203     0.002358     0.444097  
  1204     0.002348     0.444098  
  1205     0.002339     0.444078  
  1206     0.002329     0.444058  
  1207     0.002320     0.444058  
  1208     0.002311     0.444038  
  1209     0.002302     0.444031  
  1210     0.002293     0.444019  
  1211     0.002284     0.444019  
  1212     0.002274     0.444004  
  1213     0.002266     0.444003  
  1214     0.002258     0.443981  
  1215     0.002249     0.443986  
  1216     0.002241     0.443989  
  1217     0.002232     0.443980  
  1218     0.002223     0.443968  
  1219     0.002215     0.443965  
  1220     0.002207     0.443952  
  1221     0.002199     0.443956  
  1222     0.002190     0.443925  
  1223     0.002181     0.443938  
  1224     0.002174     0.443924  
  1225     0.002165     0.443907  
  1226     0.002157     0.443933  
  1227     0.002149     0.443932  
  1228     0.002141     0.443945  
  1229     0.002134     0.443937  
  1230     0.002125     0.443930  
  1231     0.002117     0.443916  
  1232     0.002109     0.443922  
  1233     0.002101     0.443906  
  1234     0.002093     0.443905  
  1235     0.002084     0.443912  
  1236     0.002076     0.443943  
  1237     0.002068     0.443947  
  1238     0.002060     0.443952  
  1239     0.002052     0.443911  
  1240     0.002044     0.443906  
  1241     0.002036     0.443899  
  1242     0.002028     0.443890  
  1243     0.002020     0.443901  
  1244     0.002012     0.443894  
  1245     0.002006     0.443903  
  1246     0.001998     0.443901  
  1247     0.001990     0.443904  
  1248     0.001982     0.443880  
  1249     0.001974     0.443881  
  1250     0.001966     0.443874  
  1251     0.001959     0.443877  
  1252     0.001951     0.443860  
  1253     0.001943     0.443844  
  1254     0.001936     0.443864  
  1255     0.001928     0.443838  
  1256     0.001920     0.443835  
  1257     0.001911     0.443831  
  1258     0.001904     0.443810  
  1259     0.001896     0.443801  
  1260     0.001889     0.443795  
  1261     0.001881     0.443818  
  1262     0.001873     0.443835  
  1263     0.001867     0.443818  
  1264     0.001861     0.443816  
  1265     0.001854     0.443810  
  1266     0.001847     0.443816  
  1267     0.001839     0.443804  
  1268     0.001831     0.443791  
  1269     0.001825     0.443772  
  1270     0.001817     0.443735  
  1271     0.001811     0.443727  
  1272     0.001804     0.443732  
  1273     0.001797     0.443713  
  1274     0.001789     0.443709  
  1275     0.001783     0.443669  
  1276     0.001776     0.443681  
  1277     0.001769     0.443689  
  1278     0.001762     0.443704  
  1279     0.001755     0.443714  
  1280     0.001748     0.443711  
  1281     0.001741     0.443724  
  1282     0.001734     0.443742  
  1283     0.001728     0.443718  
  1284     0.001721     0.443706  
  1285     0.001714     0.443707  
  1286     0.001708     0.443707  
  1287     0.001702     0.443687  
  1288     0.001696     0.443688  
  1289     0.001689     0.443680  
  1290     0.001683     0.443661  
  1291     0.001677     0.443657  
  1292     0.001671     0.443647  
  1293     0.001666     0.443644  
  1294     0.001659     0.443638  
  1295     0.001651     0.443645  
  1296     0.001646     0.443654  
  1297     0.001638     0.443657  
  1298     0.001632     0.443647  
  1299     0.001626     0.443618  
  1300     0.001621     0.443610  
  1301     0.001615     0.443619  
  1302     0.001609     0.443614  
  1303     0.001602     0.443610  
  1304     0.001595     0.443597  
  1305     0.001590     0.443581  
  1306     0.001584     0.443576  
  1307     0.001577     0.443566  
  1308     0.001571     0.443573  
  1309     0.001566     0.443576  
  1310     0.001560     0.443566  
  1311     0.001553     0.443589  
  1312     0.001547     0.443593  
  1313     0.001542     0.443584  
  1314     0.001535     0.443566  
  1315     0.001529     0.443587  
  1316     0.001523     0.443571  
  1317     0.001518     0.443572  
  1318     0.001512     0.443580  
  1319     0.001506     0.443559  
  1320     0.001501     0.443562  
  1321     0.001496     0.443583  
  1322     0.001490     0.443557  
  1323     0.001485     0.443567  
  1324     0.001480     0.443552  
  1325     0.001476     0.443557  
  1326     0.001470     0.443543  
  1327     0.001465     0.443540  
  1328     0.001459     0.443528  
  1329     0.001454     0.443545  
  1330     0.001448     0.443546  
  1331     0.001443     0.443552  
  1332     0.001437     0.443545  
  1333     0.001431     0.443530  
  1334     0.001426     0.443535  
  1335     0.001420     0.443539  
  1336     0.001414     0.443533  
  1337     0.001409     0.443524  
  1338     0.001404     0.443525  
  1339     0.001399     0.443508  
  1340     0.001393     0.443494  
  1341     0.001388     0.443505  
  1342     0.001383     0.443499  
  1343     0.001378     0.443476  
  1344     0.001373     0.443465  
  1345     0.001368     0.443457  
  1346     0.001364     0.443478  
  1347     0.001359     0.443483  
  1348     0.001353     0.443481  
  1349     0.001347     0.443481  
  1350     0.001342     0.443465  
  1351     0.001336     0.443479  
  1352     0.001331     0.443483  
  1353     0.001326     0.443466  
  1354     0.001321     0.443453  
  1355     0.001317     0.443468  
  1356     0.001312     0.443471  
  1357     0.001306     0.443460  
  1358     0.001301     0.443478  
  1359     0.001297     0.443459  
  1360     0.001293     0.443425  
  1361     0.001288     0.443423  
  1362     0.001283     0.443408  
  1363     0.001279     0.443410  
  1364     0.001275     0.443425  
  1365     0.001271     0.443422  
  1366     0.001266     0.443448  
  1367     0.001261     0.443421  
  1368     0.001257     0.443430  
  1369     0.001252     0.443421  
  1370     0.001248     0.443397  
  1371     0.001243     0.443389  
  1372     0.001238     0.443394  
  1373     0.001234     0.443394  
  1374     0.001230     0.443395  
  1375     0.001226     0.443387  
  1376     0.001222     0.443396  
  1377     0.001217     0.443401  
  1378     0.001212     0.443395  
  1379     0.001208     0.443401  
  1380     0.001203     0.443383  
  1381     0.001199     0.443387  
  1382     0.001194     0.443397  
  1383     0.001190     0.443399  
  1384     0.001186     0.443413  
  1385     0.001182     0.443424  
  1386     0.001178     0.443421  
  1387     0.001174     0.443408  
  1388     0.001169     0.443413  
  1389     0.001165     0.443390  
  1390     0.001160     0.443382  
  1391     0.001156     0.443384  
  1392     0.001151     0.443379  
  1393     0.001147     0.443359  
  1394     0.001143     0.443352  
  1395     0.001139     0.443343  
  1396     0.001135     0.443344  
  1397     0.001130     0.443336  
  1398     0.001127     0.443341  
  1399     0.001123     0.443344  
  1400     0.001119     0.443346  
  1401     0.001114     0.443342  
  1402     0.001110     0.443332  
  1403     0.001105     0.443326  
  1404     0.001101     0.443321  
  1405     0.001097     0.443322  
  1406     0.001093     0.443329  
  1407     0.001088     0.443323  
  1408     0.001084     0.443318  
  1409     0.001080     0.443331  
  1410     0.001076     0.443356  
  1411     0.001072     0.443345  
  1412     0.001067     0.443356  
  1413     0.001062     0.443342  
  1414     0.001059     0.443340  
  1415     0.001054     0.443347  
  1416     0.001051     0.443333  
  1417     0.001047     0.443329  
  1418     0.001043     0.443311  
  1419     0.001039     0.443296  
  1420     0.001035     0.443285  
  1421     0.001031     0.443269  
  1422     0.001026     0.443262  
  1423     0.001022     0.443276  
  1424     0.001018     0.443287  
  1425     0.001014     0.443283  
  1426     0.001010     0.443297  
  1427     0.001006     0.443292  
  1428     0.001003     0.443285  
  1429     0.001000     0.443288  
  1430     0.000995     0.443276  
  1431     0.000992     0.443258  
  1432     0.000988     0.443236  
  1433     0.000984     0.443235  
  1434     0.000980     0.443235  
  1435     0.000976     0.443223  
  1436     0.000972     0.443220  
  1437     0.000969     0.443217  
  1438     0.000965     0.443209  
  1439     0.000962     0.443193  
  1440     0.000958     0.443178  
  1441     0.000954     0.443181  
  1442     0.000950     0.443191  
  1443     0.000947     0.443205  
  1444     0.000943     0.443195  
  1445     0.000940     0.443204  
  1446     0.000937     0.443198  
  1447     0.000933     0.443194  
  1448     0.000930     0.443172  
  1449     0.000926     0.443186  
  1450     0.000923     0.443196  
  1451     0.000919     0.443189  
  1452     0.000916     0.443193  
  1453     0.000913     0.443191  
  1454     0.000910     0.443193  
  1455     0.000906     0.443196  
  1456     0.000902     0.443194  
  1457     0.000899     0.443192  
  1458     0.000896     0.443191  
  1459     0.000893     0.443196  
  1460     0.000889     0.443196  
  1461     0.000886     0.443198  
  1462     0.000883     0.443205  
  1463     0.000880     0.443211  
  1464     0.000876     0.443215  
  1465     0.000873     0.443216  
  1466     0.000870     0.443214  
  1467     0.000866     0.443210  
  1468     0.000863     0.443217  
  1469     0.000860     0.443208  
  1470     0.000857     0.443211  
  1471     0.000854     0.443208  
  1472     0.000850     0.443218  
  1473     0.000847     0.443226  
  1474     0.000843     0.443221  
  1475     0.000840     0.443217  
  1476     0.000837     0.443212  
  1477     0.000834     0.443216  
  1478     0.000830     0.443226  
  1479     0.000827     0.443216  
  1480     0.000824     0.443199  
  1481     0.000820     0.443208  
  1482     0.000817     0.443209  
  1483     0.000814     0.443210  
  1484     0.000811     0.443213  
  1485     0.000808     0.443218  
  1486     0.000804     0.443228  
  1487     0.000801     0.443201  
  1488     0.000798     0.443195  
  1489     0.000795     0.443201  
  1490     0.000792     0.443197  
  1491     0.000789     0.443195  
  1492     0.000786     0.443213  
  1493     0.000782     0.443214  
  1494     0.000779     0.443202  
  1495     0.000777     0.443206  
  1496     0.000774     0.443206  
  1497     0.000771     0.443215  
  1498     0.000768     0.443205  
  1499     0.000765     0.443203  
  1500     0.000762     0.443204  
  1501     0.000759     0.443198  
  1502     0.000756     0.443191  
  1503     0.000754     0.443194  
  1504     0.000751     0.443190  
  1505     0.000748     0.443191  
  1506     0.000746     0.443187  
  1507     0.000743     0.443186  
  1508     0.000740     0.443177  
  1509     0.000738     0.443185  
  1510     0.000735     0.443192  
  1511     0.000732     0.443206  
  1512     0.000730     0.443184  
  1513     0.000727     0.443180  
  1514     0.000724     0.443183  
  1515     0.000722     0.443182  
  1516     0.000719     0.443180  
  1517     0.000716     0.443170  
  1518     0.000713     0.443160  
  1519     0.000711     0.443151  
  1520     0.000708     0.443154  
  1521     0.000706     0.443159  
  1522     0.000703     0.443152  
  1523     0.000700     0.443168  
  1524     0.000697     0.443170  
  1525     0.000694     0.443164  
  1526     0.000691     0.443150  
  1527     0.000689     0.443149  
  1528     0.000687     0.443142  
  1529     0.000684     0.443133  
  1530     0.000681     0.443124  
  1531     0.000679     0.443129  
  1532     0.000676     0.443110  
  1533     0.000673     0.443104  
  1534     0.000671     0.443100  
  1535     0.000669     0.443118  
  1536     0.000666     0.443121  
  1537     0.000664     0.443106  
  1538     0.000662     0.443111  
  1539     0.000659     0.443117  
  1540     0.000657     0.443105  
  1541     0.000654     0.443103  
  1542     0.000652     0.443116  
  1543     0.000649     0.443110  
  1544     0.000647     0.443105  
  1545     0.000645     0.443109  
  1546     0.000643     0.443110  
  1547     0.000640     0.443119  
  1548     0.000638     0.443111  
  1549     0.000636     0.443103  
  1550     0.000634     0.443109  
  1551     0.000631     0.443122  
  1552     0.000629     0.443131  
  1553     0.000627     0.443127  
  1554     0.000624     0.443119  
  1555     0.000622     0.443113  
  1556     0.000620     0.443110  
  1557     0.000618     0.443109  
  1558     0.000615     0.443102  
  1559     0.000613     0.443108  
  1560     0.000611     0.443112  
  1561     0.000608     0.443119  
  1562     0.000606     0.443128  
  1563     0.000604     0.443125  
  1564     0.000601     0.443114  
  1565     0.000599     0.443130  
  1566     0.000597     0.443118  
  1567     0.000594     0.443117  
  1568     0.000592     0.443108  
  1569     0.000590     0.443104  
  1570     0.000588     0.443111  
  1571     0.000585     0.443097  
  1572     0.000583     0.443109  
  1573     0.000581     0.443112  
  1574     0.000578     0.443113  
  1575     0.000576     0.443124  
  1576     0.000574     0.443131  
  1577     0.000572     0.443132  
  1578     0.000570     0.443119  
  1579     0.000568     0.443136  
  1580     0.000565     0.443134  
  1581     0.000563     0.443130  
  1582     0.000561     0.443129  
  1583     0.000559     0.443124  
  1584     0.000557     0.443117  
  1585     0.000555     0.443115  
  1586     0.000553     0.443119  
  1587     0.000551     0.443131  
  1588     0.000549     0.443131  
  1589     0.000547     0.443134  
  1590     0.000545     0.443121  
  1591     0.000543     0.443106  
  1592     0.000541     0.443104  
  1593     0.000539     0.443097  
  1594     0.000537     0.443096  
  1595     0.000535     0.443095  
  1596     0.000533     0.443083  
  1597     0.000531     0.443087  
  1598     0.000529     0.443085  
  1599     0.000526     0.443073  
  1600     0.000525     0.443076  
  1601     0.000522     0.443071  
  1602     0.000521     0.443078  
  1603     0.000519     0.443071  
  1604     0.000517     0.443063  
  1605     0.000515     0.443052  
  1606     0.000513     0.443051  
  1607     0.000511     0.443062  
  1608     0.000509     0.443056  
  1609     0.000507     0.443062  
  1610     0.000505     0.443066  
  1611     0.000503     0.443060  
  1612     0.000501     0.443057  
  1613     0.000499     0.443052  
  1614     0.000497     0.443042  
  1615     0.000495     0.443036  
  1616     0.000493     0.443030  
  1617     0.000491     0.443035  
  1618     0.000490     0.443032  
  1619     0.000488     0.443019  
  1620     0.000486     0.443022  
  1621     0.000484     0.443020  
  1622     0.000482     0.443009  
  1623     0.000481     0.443003  
  1624     0.000479     0.442992  
  1625     0.000477     0.442994  
  1626     0.000475     0.442981  
  1627     0.000473     0.442985  
  1628     0.000472     0.443001  
  1629     0.000470     0.442994  
  1630     0.000468     0.442998  
  1631     0.000466     0.442998  
  1632     0.000464     0.443006  
  1633     0.000463     0.443007  
  1634     0.000461     0.443001  
  1635     0.000459     0.443001  
  1636     0.000458     0.442982  
  1637     0.000456     0.442984  
  1638     0.000454     0.442986  
  1639     0.000452     0.442985  
  1640     0.000450     0.442982  
  1641     0.000449     0.442981  
  1642     0.000447     0.442987  
  1643     0.000445     0.442981  
  1644     0.000444     0.442979  
  1645     0.000442     0.442967  
  1646     0.000440     0.442967  
  1647     0.000439     0.442961  
  1648     0.000437     0.442956  
  1649     0.000435     0.442958  
  1650     0.000434     0.442945  
  1651     0.000432     0.442941  
  1652     0.000431     0.442926  
  1653     0.000429     0.442928  
  1654     0.000427     0.442922  
  1655     0.000425     0.442904  
  1656     0.000424     0.442902  
  1657     0.000422     0.442912  
  1658     0.000421     0.442910  
  1659     0.000419     0.442909  
  1660     0.000418     0.442905  
  1661     0.000416     0.442897  
  1662     0.000414     0.442890  
  1663     0.000413     0.442892  
  1664     0.000411     0.442884  
  1665     0.000410     0.442883  
  1666     0.000409     0.442881  
  1667     0.000407     0.442878  
  1668     0.000406     0.442879  
  1669     0.000404     0.442875  
  1670     0.000403     0.442870  
  1671     0.000401     0.442864  
  1672     0.000400     0.442881  
  1673     0.000398     0.442885  
  1674     0.000397     0.442885  
  1675     0.000396     0.442883  
  1676     0.000394     0.442876  
  1677     0.000393     0.442874  
  1678     0.000391     0.442879  
  1679     0.000390     0.442879  
  1680     0.000388     0.442870  
  1681     0.000386     0.442866  
  1682     0.000385     0.442855  
  1683     0.000384     0.442849  
  1684     0.000382     0.442849  
  1685     0.000381     0.442843  
  1686     0.000379     0.442840  
  1687     0.000378     0.442838  
  1688     0.000376     0.442854  
  1689     0.000375     0.442855  
  1690     0.000373     0.442853  
  1691     0.000372     0.442859  
  1692     0.000370     0.442858  
  1693     0.000369     0.442856  
  1694     0.000368     0.442855  
  1695     0.000366     0.442846  
  1696     0.000365     0.442849  
  1697     0.000363     0.442853  
  1698     0.000362     0.442848  
  1699     0.000361     0.442840  
  1700     0.000359     0.442842  
  1701     0.000358     0.442838  
  1702     0.000357     0.442833  
  1703     0.000355     0.442834  
  1704     0.000354     0.442825  
  1705     0.000353     0.442825  
  1706     0.000352     0.442825  
  1707     0.000350     0.442826  
  1708     0.000349     0.442823  
  1709     0.000348     0.442833  
  1710     0.000347     0.442837  
  1711     0.000346     0.442820  
  1712     0.000344     0.442821  
  1713     0.000343     0.442818  
  1714     0.000342     0.442813  
  1715     0.000340     0.442815  
  1716     0.000339     0.442811  
  1717     0.000338     0.442808  
  1718     0.000337     0.442803  
  1719     0.000335     0.442804  
  1720     0.000334     0.442802  
  1721     0.000333     0.442797  
  1722     0.000332     0.442794  
  1723     0.000331     0.442802  
  1724     0.000329     0.442796  
  1725     0.000328     0.442805  
  1726     0.000327     0.442814  
  1727     0.000326     0.442813  
  1728     0.000324     0.442820  
  1729     0.000323     0.442821  
  1730     0.000322     0.442821  
  1731     0.000321     0.442815  
  1732     0.000320     0.442820  
  1733     0.000319     0.442812  
  1734     0.000317     0.442810  
  1735     0.000317     0.442816  
  1736     0.000316     0.442816  
  1737     0.000315     0.442818  
  1738     0.000313     0.442812  
  1739     0.000312     0.442814  
  1740     0.000311     0.442825  
  1741     0.000310     0.442813  
  1742     0.000309     0.442813  
  1743     0.000308     0.442808  
  1744     0.000306     0.442810  
  1745     0.000305     0.442804  
  1746     0.000304     0.442799  
  1747     0.000303     0.442805  
  1748     0.000302     0.442806  
  1749     0.000301     0.442801  
  1750     0.000300     0.442806  
  1751     0.000299     0.442801  
  1752     0.000298     0.442794  
  1753     0.000297     0.442799  
  1754     0.000296     0.442793  
  1755     0.000295     0.442791  
  1756     0.000294     0.442790  
  1757     0.000292     0.442785  
  1758     0.000291     0.442780  
  1759     0.000290     0.442784  
  1760     0.000289     0.442778  
  1761     0.000288     0.442787  
  1762     0.000287     0.442801  
  1763     0.000286     0.442808  
  1764     0.000285     0.442808  
  1765     0.000284     0.442809  
  1766     0.000283     0.442810  
  1767     0.000282     0.442796  
  1768     0.000281     0.442787  
  1769     0.000280     0.442787  
  1770     0.000279     0.442790  
  1771     0.000278     0.442782  
  1772     0.000277     0.442781  
  1773     0.000276     0.442789  
  1774     0.000275     0.442786  
  1775     0.000274     0.442792  
  1776     0.000273     0.442787  
  1777     0.000272     0.442790  
  1778     0.000271     0.442792  
  1779     0.000270     0.442790  
  1780     0.000269     0.442794  
  1781     0.000268     0.442792  
  1782     0.000267     0.442795  
  1783     0.000266     0.442805  
  1784     0.000265     0.442798  
  1785     0.000264     0.442789  
  1786     0.000263     0.442791  
  1787     0.000262     0.442791  
  1788     0.000261     0.442796  
  1789     0.000260     0.442793  
  1790     0.000259     0.442790  
  1791     0.000258     0.442786  
  1792     0.000257     0.442787  
  1793     0.000256     0.442786  
  1794     0.000256     0.442786  
  1795     0.000255     0.442775  
  1796     0.000254     0.442767  
  1797     0.000253     0.442776  
  1798     0.000252     0.442772  
  1799     0.000251     0.442777  
  1800     0.000250     0.442766  
  1801     0.000249     0.442770  
  1802     0.000248     0.442767  
  1803     0.000247     0.442765  
  1804     0.000246     0.442763  
  1805     0.000245     0.442767  
  1806     0.000244     0.442773  
  1807     0.000243     0.442777  
  1808     0.000242     0.442772  
  1809     0.000242     0.442768  
  1810     0.000241     0.442767  
  1811     0.000240     0.442755  
  1812     0.000239     0.442753  
  1813     0.000238     0.442744  
  1814     0.000237     0.442743  
  1815     0.000236     0.442741  
  1816     0.000235     0.442745  
  1817     0.000235     0.442747  
  1818     0.000234     0.442752  
  1819     0.000233     0.442750  
  1820     0.000232     0.442757  
  1821     0.000231     0.442751  
  1822     0.000230     0.442744  
  1823     0.000229     0.442746  
  1824     0.000229     0.442745  
  1825     0.000228     0.442752  
  1826     0.000227     0.442751  
  1827     0.000226     0.442752  
  1828     0.000225     0.442748  
  1829     0.000224     0.442737  
  1830     0.000224     0.442743  
  1831     0.000223     0.442745  
  1832     0.000222     0.442730  
  1833     0.000221     0.442723  
  1834     0.000220     0.442727  
  1835     0.000219     0.442728  
  1836     0.000218     0.442728  
  1837     0.000217     0.442724  
  1838     0.000217     0.442723  
  1839     0.000216     0.442718  
  1840     0.000215     0.442717  
  1841     0.000214     0.442713  
  1842     0.000213     0.442706  
  1843     0.000213     0.442701  
  1844     0.000212     0.442704  
  1845     0.000211     0.442704  
  1846     0.000210     0.442699  
  1847     0.000210     0.442698  
  1848     0.000209     0.442697  
  1849     0.000208     0.442700  
  1850     0.000207     0.442700  
  1851     0.000206     0.442698  
  1852     0.000206     0.442704  
  1853     0.000205     0.442708  
  1854     0.000204     0.442715  
  1855     0.000203     0.442713  
  1856     0.000202     0.442716  
  1857     0.000202     0.442712  
  1858     0.000201     0.442713  
  1859     0.000200     0.442713  
  1860     0.000200     0.442710  
  1861     0.000199     0.442708  
  1862     0.000198     0.442707  
  1863     0.000197     0.442707  
  1864     0.000197     0.442695  
  1865     0.000196     0.442700  
  1866     0.000195     0.442701  
  1867     0.000194     0.442705  
  1868     0.000194     0.442707  
  1869     0.000193     0.442703  
  1870     0.000192     0.442702  
  1871     0.000192     0.442709  
  1872     0.000191     0.442713  
  1873     0.000190     0.442711  
  1874     0.000189     0.442712  
  1875     0.000189     0.442721  
  1876     0.000188     0.442719  
  1877     0.000187     0.442722  
  1878     0.000186     0.442716  
  1879     0.000186     0.442714  
  1880     0.000185     0.442711  
  1881     0.000184     0.442712  
  1882     0.000184     0.442711  
  1883     0.000183     0.442712  
  1884     0.000182     0.442712  
  1885     0.000182     0.442711  
  1886     0.000181     0.442710  
  1887     0.000180     0.442701  
  1888     0.000179     0.442697  
  1889     0.000179     0.442693  
  1890     0.000178     0.442686  
  1891     0.000177     0.442690  
  1892     0.000177     0.442693  
  1893     0.000176     0.442691  
  1894     0.000176     0.442692  
  1895     0.000175     0.442689  
  1896     0.000174     0.442684  
  1897     0.000174     0.442682  
  1898     0.000173     0.442693  
  1899     0.000172     0.442694  
  1900     0.000172     0.442696  
  1901     0.000171     0.442688  
  1902     0.000170     0.442686  
  1903     0.000170     0.442673  
  1904     0.000169     0.442674  
  1905     0.000168     0.442668  
  1906     0.000168     0.442674  
  1907     0.000167     0.442676  
  1908     0.000167     0.442681  
  1909     0.000166     0.442680  
  1910     0.000165     0.442679  
  1911     0.000165     0.442679  
  1912     0.000164     0.442671  
  1913     0.000163     0.442671  
  1914     0.000163     0.442670  
  1915     0.000162     0.442663  
  1916     0.000162     0.442653  
  1917     0.000161     0.442656  
  1918     0.000160     0.442656  
  1919     0.000160     0.442650  
  1920     0.000159     0.442659  
  1921     0.000159     0.442660  
  1922     0.000158     0.442665  
  1923     0.000157     0.442658  
  1924     0.000157     0.442661  
  1925     0.000156     0.442658  
  1926     0.000155     0.442651  
  1927     0.000155     0.442654  
  1928     0.000154     0.442649  
  1929     0.000154     0.442646  
  1930     0.000153     0.442644  
  1931     0.000153     0.442642  
  1932     0.000152     0.442642  
  1933     0.000151     0.442644  
  1934     0.000151     0.442642  
  1935     0.000150     0.442649  
  1936     0.000150     0.442644  
  1937     0.000149     0.442646  
  1938     0.000149     0.442650  
  1939     0.000148     0.442651  
  1940     0.000147     0.442643  
  1941     0.000147     0.442643  
  1942     0.000146     0.442640  
  1943     0.000146     0.442636  
  1944     0.000145     0.442629  
  1945     0.000145     0.442632  
  1946     0.000144     0.442628  
  1947     0.000143     0.442627  
  1948     0.000143     0.442620  
  1949     0.000143     0.442622  
  1950     0.000142     0.442621  
  1951     0.000142     0.442619  
  1952     0.000141     0.442619  
  1953     0.000141     0.442613  
  1954     0.000140     0.442616  
  1955     0.000140     0.442615  
  1956     0.000139     0.442612  
  1957     0.000139     0.442613  
  1958     0.000138     0.442620  
  1959     0.000138     0.442620  
  1960     0.000137     0.442618  
  1961     0.000136     0.442620  
  1962     0.000136     0.442618  
  1963     0.000135     0.442622  
  1964     0.000135     0.442619  
  1965     0.000134     0.442617  
  1966     0.000134     0.442615  
  1967     0.000133     0.442612  
  1968     0.000133     0.442620  
  1969     0.000132     0.442615  
  1970     0.000132     0.442618  
  1971     0.000131     0.442618  
  1972     0.000131     0.442612  
  1973     0.000130     0.442605  
  1974     0.000130     0.442608  
  1975     0.000129     0.442607  
  1976     0.000129     0.442603  
  1977     0.000128     0.442600  
  1978     0.000128     0.442593  
  1979     0.000127     0.442594  
  1980     0.000127     0.442596  
  1981     0.000126     0.442589  
  1982     0.000126     0.442591  
  1983     0.000125     0.442598  
  1984     0.000125     0.442597  
  1985     0.000124     0.442602  
  1986     0.000124     0.442598  
  1987     0.000124     0.442601  
  1988     0.000123     0.442601  
  1989     0.000123     0.442601  
  1990     0.000122     0.442598  
  1991     0.000122     0.442598  
  1992     0.000121     0.442597  
  1993     0.000121     0.442596  
  1994     0.000120     0.442596  
  1995     0.000120     0.442595  
  1996     0.000119     0.442595  
  1997     0.000119     0.442593  
  1998     0.000119     0.442594  
  1999     0.000118     0.442595  
  2000     0.000118     0.442592  
  2001     0.000117     0.442591  
  2002     0.000117     0.442590  
  2003     0.000116     0.442585  
  2004     0.000116     0.442581  
  2005     0.000116     0.442583  
  2006     0.000115     0.442586  
  2007     0.000115     0.442579  
  2008     0.000114     0.442579  
  2009     0.000114     0.442576  
  2010     0.000113     0.442582  
  2011     0.000113     0.442579  
  2012     0.000113     0.442582  
  2013     0.000112     0.442580  
  2014     0.000112     0.442575  
  2015     0.000111     0.442580  
  2016     0.000111     0.442578  
  2017     0.000111     0.442585  
  2018     0.000110     0.442585  
  2019     0.000110     0.442579  
  2020     0.000109     0.442572  
  2021     0.000109     0.442569  
  2022     0.000109     0.442568  
  2023     0.000108     0.442569  
  2024     0.000108     0.442564  
  2025     0.000107     0.442562  
  2026     0.000107     0.442561  
  2027     0.000107     0.442560  
  2028     0.000106     0.442555  
  2029     0.000106     0.442554  
  2030     0.000105     0.442556  
  2031     0.000105     0.442555  
  2032     0.000105     0.442553  
  2033     0.000104     0.442554  
  2034     0.000104     0.442563  
  2035     0.000104     0.442564  
  2036     0.000103     0.442561  
  2037     0.000103     0.442560  
  2038     0.000102     0.442562  
  2039     0.000102     0.442567  
  2040     0.000102     0.442571  
  2041     0.000101     0.442566  
  2042     0.000101     0.442560  
  2043     0.000100     0.442561  
  2044     0.000100     0.442564  
  2045     0.000100     0.442563  
  2046     0.000099     0.442566  
  2047     0.000099     0.442566  
  2048     0.000099     0.442559  
  2049     0.000098     0.442562  
  2050     0.000098     0.442557  
  2051     0.000098     0.442556  
  2052     0.000097     0.442550  
  2053     0.000097     0.442551  
  2054     0.000096     0.442549  
  2055     0.000096     0.442549  
  2056     0.000096     0.442550  
  2057     0.000095     0.442549  
  2058     0.000095     0.442550  
  2059     0.000095     0.442550  
  2060     0.000094     0.442557  
  2061     0.000094     0.442558  
  2062     0.000094     0.442554  
  2063     0.000093     0.442548  
  2064     0.000093     0.442548  
  2065     0.000093     0.442547  
  2066     0.000092     0.442549  
  2067     0.000092     0.442549  
  2068     0.000092     0.442549  
  2069     0.000091     0.442553  
  2070     0.000091     0.442554  
  2071     0.000091     0.442548  
  2072     0.000090     0.442546  
  2073     0.000090     0.442546  
  2074     0.000090     0.442548  
  2075     0.000089     0.442551  
  2076     0.000089     0.442547  
  2077     0.000089     0.442544  
  2078     0.000088     0.442544  
  2079     0.000088     0.442539  
  2080     0.000088     0.442531  
  2081     0.000087     0.442527  
  2082     0.000087     0.442528  
  2083     0.000087     0.442527  
  2084     0.000086     0.442528  
  2085     0.000086     0.442526  
  2086     0.000086     0.442526  
  2087     0.000086     0.442523  
  2088     0.000085     0.442526  
  2089     0.000085     0.442525  
  2090     0.000085     0.442523  
  2091     0.000084     0.442521  
  2092     0.000084     0.442527  
  2093     0.000084     0.442526  
  2094     0.000083     0.442519  
  2095     0.000083     0.442516  
  2096     0.000083     0.442511  
  2097     0.000082     0.442509  
  2098     0.000082     0.442515  
  2099     0.000082     0.442507  
  2100     0.000081     0.442508  
  2101     0.000081     0.442505  
  2102     0.000081     0.442501  
  2103     0.000081     0.442502  
  2104     0.000080     0.442506  
  2105     0.000080     0.442503  
  2106     0.000080     0.442501  
  2107     0.000079     0.442504  
  2108     0.000079     0.442505  
  2109     0.000079     0.442503  
  2110     0.000079     0.442506  
  2111     0.000078     0.442505  
  2112     0.000078     0.442503  
  2113     0.000078     0.442502  
  2114     0.000077     0.442507  
  2115     0.000077     0.442509  
  2116     0.000077     0.442512  
  2117     0.000077     0.442510  
  2118     0.000076     0.442507  
  2119     0.000076     0.442511  
  2120     0.000076     0.442506  
  2121     0.000075     0.442512  
  2122     0.000075     0.442515  
  2123     0.000075     0.442518  
  2124     0.000075     0.442518  
  2125     0.000074     0.442521  
  2126     0.000074     0.442515  
  2127     0.000074     0.442518  
  2128     0.000074     0.442516  
  2129     0.000073     0.442510  
  2130     0.000073     0.442508  
  2131     0.000073     0.442507  
  2132     0.000072     0.442509  
  2133     0.000072     0.442510  
  2134     0.000072     0.442512  
  2135     0.000072     0.442509  
  2136     0.000071     0.442507  
  2137     0.000071     0.442508  
  2138     0.000071     0.442509  
  2139     0.000071     0.442508  
  2140     0.000070     0.442506  
  2141     0.000070     0.442504  
  2142     0.000070     0.442505  
  2143     0.000070     0.442503  
  2144     0.000069     0.442506  
  2145     0.000069     0.442509  
  2146     0.000069     0.442509  
  2147     0.000068     0.442507  
  2148     0.000068     0.442503  
  2149     0.000068     0.442502  
  2150     0.000068     0.442501  
  2151     0.000067     0.442507  
  2152     0.000067     0.442511  
  2153     0.000067     0.442509  
  2154     0.000067     0.442506  
  2155     0.000067     0.442504  
  2156     0.000066     0.442500  
  2157     0.000066     0.442499  
  2158     0.000066     0.442499  
  2159     0.000066     0.442498  
  2160     0.000065     0.442493  
  2161     0.000065     0.442494  
  2162     0.000065     0.442495  
  2163     0.000065     0.442496  
  2164     0.000064     0.442498  
  2165     0.000064     0.442496  
  2166     0.000064     0.442498  
  2167     0.000064     0.442504  
  2168     0.000063     0.442500  
  2169     0.000063     0.442504  
  2170     0.000063     0.442506  
  2171     0.000063     0.442502  
  2172     0.000062     0.442504  
  2173     0.000062     0.442502  
  2174     0.000062     0.442502  
  2175     0.000062     0.442505  
  2176     0.000062     0.442509  
  2177     0.000061     0.442509  
  2178     0.000061     0.442507  
  2179     0.000061     0.442505  
  2180     0.000061     0.442501  
  2181     0.000060     0.442501  
  2182     0.000060     0.442500  
  2183     0.000060     0.442497  
  2184     0.000060     0.442495  
  2185     0.000060     0.442496  
  2186     0.000059     0.442493  
  2187     0.000059     0.442490  
  2188     0.000059     0.442485  
  2189     0.000059     0.442483  
  2190     0.000059     0.442480  
  2191     0.000058     0.442479  
  2192     0.000058     0.442480  
  2193     0.000058     0.442482  
  2194     0.000058     0.442481  
  2195     0.000057     0.442485  
  2196     0.000057     0.442485  
  2197     0.000057     0.442487  
  2198     0.000057     0.442488  
  2199     0.000057     0.442490  
  2200     0.000056     0.442492  
  2201     0.000056     0.442489  
  2202     0.000056     0.442493  
  2203     0.000056     0.442486  
  2204     0.000056     0.442483  
  2205     0.000055     0.442481  
  2206     0.000055     0.442483  
  2207     0.000055     0.442481  
  2208     0.000055     0.442478  
  2209     0.000055     0.442478  
  2210     0.000054     0.442475  
  2211     0.000054     0.442474  
  2212     0.000054     0.442480  
  2213     0.000054     0.442482  
  2214     0.000054     0.442481  
  2215     0.000054     0.442484  
  2216     0.000053     0.442483  
  2217     0.000053     0.442483  
  2218     0.000053     0.442479  
  2219     0.000053     0.442480  
  2220     0.000053     0.442479  
  2221     0.000052     0.442475  
  2222     0.000052     0.442478  
  2223     0.000052     0.442475  
  2224     0.000052     0.442474  
  2225     0.000052     0.442478  
  2226     0.000051     0.442482  
  2227     0.000051     0.442481  
  2228     0.000051     0.442484  
  2229     0.000051     0.442479  
  2230     0.000051     0.442477  
  2231     0.000050     0.442483  
  2232     0.000050     0.442481  
  2233     0.000050     0.442480  
  2234     0.000050     0.442480  
  2235     0.000050     0.442478  
  2236     0.000050     0.442477  
  2237     0.000049     0.442476  
  2238     0.000049     0.442474  
  2239     0.000049     0.442476  
  2240     0.000049     0.442478  
  2241     0.000049     0.442476  
  2242     0.000048     0.442475  
  2243     0.000048     0.442475  
  2244     0.000048     0.442475  
  2245     0.000048     0.442477  
  2246     0.000048     0.442481  
  2247     0.000048     0.442483  
  2248     0.000047     0.442485  
  2249     0.000047     0.442483  
  2250     0.000047     0.442481  
  2251     0.000047     0.442478  
  2252     0.000047     0.442478  
  2253     0.000047     0.442478  
  2254     0.000046     0.442478  
  2255     0.000046     0.442476  
  2256     0.000046     0.442478  
  2257     0.000046     0.442478  
  2258     0.000046     0.442480  
  2259     0.000046     0.442481  
  2260     0.000045     0.442479  
  2261     0.000045     0.442476  
  2262     0.000045     0.442476  
  2263     0.000045     0.442471  
  2264     0.000045     0.442471  
  2265     0.000045     0.442471  
  2266     0.000044     0.442472  
  2267     0.000044     0.442473  
  2268     0.000044     0.442472  
  2269     0.000044     0.442475  
  2270     0.000044     0.442475  
  2271     0.000044     0.442475  
  2272     0.000044     0.442477  
  2273     0.000043     0.442478  
  2274     0.000043     0.442479  
  2275     0.000043     0.442478  
  2276     0.000043     0.442484  
  2277     0.000043     0.442485  
  2278     0.000043     0.442484  
  2279     0.000042     0.442482  
  2280     0.000042     0.442483  
  2281     0.000042     0.442485  
  2282     0.000042     0.442484  
  2283     0.000042     0.442486  
  2284     0.000042     0.442485  
  2285     0.000042     0.442483  
  2286     0.000041     0.442482  
  2287     0.000041     0.442484  
  2288     0.000041     0.442484  
  2289     0.000041     0.442483  
  2290     0.000041     0.442486  
  2291     0.000041     0.442487  
  2292     0.000040     0.442485  
  2293     0.000040     0.442488  
  2294     0.000040     0.442486  
  2295     0.000040     0.442486  
  2296     0.000040     0.442485  
  2297     0.000040     0.442486  
  2298     0.000039     0.442484  
  2299     0.000039     0.442481  
  2300     0.000039     0.442479  
  2301     0.000039     0.442479  
  2302     0.000039     0.442478  
  2303     0.000039     0.442481  
  2304     0.000039     0.442482  
  2305     0.000038     0.442479  
  2306     0.000038     0.442481  
  2307     0.000038     0.442482  
  2308     0.000038     0.442484  
  2309     0.000038     0.442484  
  2310     0.000038     0.442483  
  2311     0.000038     0.442482  
  2312     0.000038     0.442483  
  2313     0.000037     0.442480  
  2314     0.000037     0.442478  
  2315     0.000037     0.442477  
  2316     0.000037     0.442474  
  2317     0.000037     0.442472  
  2318     0.000037     0.442472  
  2319     0.000037     0.442471  
  2320     0.000036     0.442473  
  2321     0.000036     0.442471  
  2322     0.000036     0.442466  
  2323     0.000036     0.442466  
  2324     0.000036     0.442469  
  2325     0.000036     0.442467  
  2326     0.000036     0.442468  
  2327     0.000036     0.442467  
  2328     0.000035     0.442464  
  2329     0.000035     0.442462  
  2330     0.000035     0.442460  
  2331     0.000035     0.442460  
  2332     0.000035     0.442461  
  2333     0.000035     0.442463  
  2334     0.000035     0.442461  
  2335     0.000035     0.442458  
  2336     0.000034     0.442453  
  2337     0.000034     0.442453  
  2338     0.000034     0.442454  
  2339     0.000034     0.442455  
  2340     0.000034     0.442455  
  2341     0.000034     0.442457  
  2342     0.000034     0.442457  
  2343     0.000034     0.442459  
  2344     0.000033     0.442461  
  2345     0.000033     0.442458  
  2346     0.000033     0.442460  
  2347     0.000033     0.442462  
  2348     0.000033     0.442461  
  2349     0.000033     0.442463  
  2350     0.000033     0.442466  
  2351     0.000033     0.442464  
  2352     0.000032     0.442463  
  2353     0.000032     0.442463  
  2354     0.000032     0.442463  
  2355     0.000032     0.442463  
  2356     0.000032     0.442467  
  2357     0.000032     0.442463  
  2358     0.000032     0.442463  
  2359     0.000032     0.442464  
  2360     0.000032     0.442464  
  2361     0.000031     0.442462  
  2362     0.000031     0.442463  
  2363     0.000031     0.442460  
  2364     0.000031     0.442458  
  2365     0.000031     0.442458  
  2366     0.000031     0.442457  
  2367     0.000031     0.442460  
  2368     0.000031     0.442459  
  2369     0.000031     0.442458  
  2370     0.000030     0.442456  
  2371     0.000030     0.442453  
  2372     0.000030     0.442456  
  2373     0.000030     0.442458  
  2374     0.000030     0.442459  
  2375     0.000030     0.442459  
  2376     0.000030     0.442457  
  2377     0.000030     0.442457  
  2378     0.000030     0.442457  
  2379     0.000030     0.442459  
  2380     0.000029     0.442457  
  2381     0.000029     0.442453  
  2382     0.000029     0.442454  
  2383     0.000029     0.442456  
  2384     0.000029     0.442453  
  2385     0.000029     0.442452  
  2386     0.000029     0.442452  
  2387     0.000029     0.442451  
  2388     0.000029     0.442451  
  2389     0.000028     0.442451  
  2390     0.000028     0.442446  
  2391     0.000028     0.442445  
  2392     0.000028     0.442445  
  2393     0.000028     0.442442  
  2394     0.000028     0.442439  
  2395     0.000028     0.442441  
  2396     0.000028     0.442440  
  2397     0.000028     0.442438  
  2398     0.000028     0.442438  
  2399     0.000027     0.442440  
  2400     0.000027     0.442441  
  2401     0.000027     0.442439  
  2402     0.000027     0.442441  
  2403     0.000027     0.442440  
  2404     0.000027     0.442445  
  2405     0.000027     0.442446  
  2406     0.000027     0.442444  
  2407     0.000027     0.442444  
  2408     0.000027     0.442442  
  2409     0.000026     0.442441  
  2410     0.000026     0.442442  
  2411     0.000026     0.442440  
  2412     0.000026     0.442440  
  2413     0.000026     0.442439  
  2414     0.000026     0.442437  
  2415     0.000026     0.442438  
  2416     0.000026     0.442437  
  2417     0.000026     0.442436  
  2418     0.000026     0.442435  
  2419     0.000026     0.442435  
  2420     0.000025     0.442435  
  2421     0.000025     0.442434  
  2422     0.000025     0.442435  
  2423     0.000025     0.442436  
  2424     0.000025     0.442432  
  2425     0.000025     0.442428  
  2426     0.000025     0.442430  
  2427     0.000025     0.442429  
  2428     0.000025     0.442426  
  2429     0.000025     0.442425  
  2430     0.000025     0.442426  
  2431     0.000024     0.442426  
  2432     0.000024     0.442427  
  2433     0.000024     0.442427  
  2434     0.000024     0.442424  
  2435     0.000024     0.442422  
  2436     0.000024     0.442426  
  2437     0.000024     0.442424  
  2438     0.000024     0.442424  
  2439     0.000024     0.442425  
  2440     0.000024     0.442420  
  2441     0.000024     0.442420  
  2442     0.000023     0.442420  
  2443     0.000023     0.442420  
  2444     0.000023     0.442421  
  2445     0.000023     0.442421  
  2446     0.000023     0.442421  
  2447     0.000023     0.442420  
  2448     0.000023     0.442423  
  2449     0.000023     0.442420  
  2450     0.000023     0.442420  
  2451     0.000023     0.442420  
  2452     0.000023     0.442420  
  2453     0.000023     0.442419  
  2454     0.000023     0.442420  
  2455     0.000022     0.442419  
  2456     0.000022     0.442419  
  2457     0.000022     0.442416  
  2458     0.000022     0.442414  
  2459     0.000022     0.442415  
  2460     0.000022     0.442414  
  2461     0.000022     0.442415  
  2462     0.000022     0.442413  
  2463     0.000022     0.442414  
  2464     0.000022     0.442412  
  2465     0.000022     0.442413  
  2466     0.000022     0.442411  
  2467     0.000021     0.442412  
  2468     0.000021     0.442410  
  2469     0.000021     0.442408  
  2470     0.000021     0.442408  
  2471     0.000021     0.442407  
  2472     0.000021     0.442403  
  2473     0.000021     0.442400  
  2474     0.000021     0.442402  
  2475     0.000021     0.442402  
  2476     0.000021     0.442401  
  2477     0.000021     0.442400  
  2478     0.000021     0.442399  
  2479     0.000021     0.442400  
  2480     0.000021     0.442400  
  2481     0.000020     0.442399  
  2482     0.000020     0.442398  
  2483     0.000020     0.442399  
  2484     0.000020     0.442398  
  2485     0.000020     0.442397  
  2486     0.000020     0.442398  
  2487     0.000020     0.442399  
  2488     0.000020     0.442400  
  2489     0.000020     0.442401  
  2490     0.000020     0.442401  
  2491     0.000020     0.442403  
  2492     0.000020     0.442401  
  2493     0.000020     0.442401  
  2494     0.000019     0.442400  
  2495     0.000019     0.442398  
  2496     0.000019     0.442399  
  2497     0.000019     0.442398  
  2498     0.000019     0.442398  
  2499     0.000019     0.442397  
  2500     0.000019     0.442397  
  2501     0.000019     0.442397  
  2502     0.000019     0.442396  * best
  2503     0.000019     0.442399  
  2504     0.000019     0.442397  
  2505     0.000019     0.442397  
  2506     0.000019     0.442400  
  2507     0.000019     0.442399  
  2508     0.000019     0.442399  
  2509     0.000018     0.442399  
  2510     0.000018     0.442398  
  2511     0.000018     0.442399  
  2512     0.000018     0.442400  
  2513     0.000018     0.442401  
  2514     0.000018     0.442403  
  2515     0.000018     0.442404  
  2516     0.000018     0.442404  
  2517     0.000018     0.442401  
  2518     0.000018     0.442403  
  2519     0.000018     0.442402  
  2520     0.000018     0.442403  
  2521     0.000018     0.442402  
  2522     0.000018     0.442401  
  2523     0.000018     0.442402  
  2524     0.000017     0.442402  
  2525     0.000017     0.442402  
  2526     0.000017     0.442402  
  2527     0.000017     0.442401  
  2528     0.000017     0.442400  
  2529     0.000017     0.442401  
  2530     0.000017     0.442402  
  2531     0.000017     0.442403  
  2532     0.000017     0.442402  
  2533     0.000017     0.442403  
  2534     0.000017     0.442402  
  2535     0.000017     0.442402  
  2536     0.000017     0.442403  
  2537     0.000017     0.442404  
  2538     0.000017     0.442404  
  2539     0.000017     0.442407  
  2540     0.000016     0.442407  
  2541     0.000016     0.442406  
  2542     0.000016     0.442409  
  2543     0.000016     0.442408  
  2544     0.000016     0.442410  
  2545     0.000016     0.442407  
  2546     0.000016     0.442407  
  2547     0.000016     0.442406  
  2548     0.000016     0.442406  
  2549     0.000016     0.442406  
  2550     0.000016     0.442406  
  2551     0.000016     0.442406  
  2552     0.000016     0.442405  
  2553     0.000016     0.442404  
  2554     0.000016     0.442405  
  2555     0.000016     0.442405  
  2556     0.000016     0.442404  
  2557     0.000015     0.442405  
  2558     0.000015     0.442405  
  2559     0.000015     0.442407  
  2560     0.000015     0.442407  
  2561     0.000015     0.442408  
  2562     0.000015     0.442409  
  2563     0.000015     0.442409  
  2564     0.000015     0.442408  
  2565     0.000015     0.442406  
  2566     0.000015     0.442407  
  2567     0.000015     0.442408  
  2568     0.000015     0.442407  
  2569     0.000015     0.442408  
  2570     0.000015     0.442407  
  2571     0.000015     0.442407  
  2572     0.000015     0.442408  
  2573     0.000015     0.442409  
  2574     0.000015     0.442407  
  2575     0.000015     0.442408  
  2576     0.000014     0.442407  
  2577     0.000014     0.442408  
  2578     0.000014     0.442409  
  2579     0.000014     0.442407  
  2580     0.000014     0.442405  
  2581     0.000014     0.442407  
  2582     0.000014     0.442407  
  2583     0.000014     0.442407  
  2584     0.000014     0.442405  
  2585     0.000014     0.442404  
  2586     0.000014     0.442405  
  2587     0.000014     0.442407  
  2588     0.000014     0.442405  
  2589     0.000014     0.442404  
  2590     0.000014     0.442402  
  2591     0.000014     0.442402  
  2592     0.000014     0.442403  
  2593     0.000014     0.442403  
  2594     0.000014     0.442404  
  2595     0.000014     0.442405  
  2596     0.000013     0.442404  
  2597     0.000013     0.442404  
  2598     0.000013     0.442405  
  2599     0.000013     0.442407  
  2600     0.000013     0.442408  
  2601     0.000013     0.442409  
  2602     0.000013     0.442410  
# best iteration 2502 (val l2 0.442396)
# Spearman  train +0.9951  val +0.7531  test +0.7442
