# gbm_seq+node seed 0
# boosted trees on seq+node
# inputs 12380, 188 trees
# LightGBM gradient-boosted trees, objective l2, lr 0.05, num_leaves 31, min_data_in_leaf 20, feature_fraction 0.3, bagging 0.8, lambda_l2 1.0, up to 3000 rounds, early stopping 100 on validation l2
# loss = l2 on standardised log10 half-life
#
 round        train          val  note
     1     0.965398     0.813479  
     2     0.928520     0.805902  
     3     0.897468     0.800126  
     4     0.870366     0.788592  
     5     0.840716     0.776194  
     6     0.816527     0.768623  
     7     0.793969     0.763727  
     8     0.769714     0.766750  
     9     0.748830     0.759577  
    10     0.728128     0.759854  
    11     0.710976     0.761185  
    12     0.692773     0.757319  
    13     0.678143     0.755385  
    14     0.662669     0.756280  
    15     0.649311     0.752995  
    16     0.636084     0.756066  
    17     0.623010     0.754057  
    18     0.610827     0.751288  
    19     0.600818     0.752562  
    20     0.590022     0.747767  
    21     0.579661     0.743444  
    22     0.569978     0.743125  
    23     0.560757     0.745370  
    24     0.552267     0.743299  
    25     0.544610     0.742637  
    26     0.537154     0.742705  
    27     0.530284     0.742389  
    28     0.523424     0.740412  
    29     0.516124     0.740243  
    30     0.509966     0.738315  
    31     0.503505     0.737649  
    32     0.498108     0.736923  
    33     0.492158     0.739675  
    34     0.486028     0.740894  
    35     0.479751     0.740437  
    36     0.475007     0.739865  
    37     0.470502     0.738927  
    38     0.465786     0.739322  
    39     0.461222     0.738238  
    40     0.455948     0.739247  
    41     0.451604     0.738555  
    42     0.446627     0.738684  
    43     0.442951     0.737436  
    44     0.439265     0.736986  
    45     0.435589     0.737282  
    46     0.432134     0.737065  
    47     0.428432     0.736714  
    48     0.424675     0.738370  
    49     0.421308     0.738180  
    50     0.417045     0.738324  
    51     0.413717     0.738669  
    52     0.410171     0.738825  
    53     0.406963     0.738780  
    54     0.403670     0.738859  
    55     0.400278     0.739635  
    56     0.397179     0.739289  
    57     0.393857     0.739357  
    58     0.391025     0.739205  
    59     0.387782     0.739672  
    60     0.384657     0.739644  
    61     0.381404     0.738102  
    62     0.378561     0.738067  
    63     0.375766     0.737981  
    64     0.372691     0.738009  
    65     0.369703     0.738633  
    66     0.366976     0.738433  
    67     0.364384     0.738902  
    68     0.361657     0.738119  
    69     0.358690     0.737183  
    70     0.355929     0.737017  
    71     0.353016     0.736849  
    72     0.350360     0.735691  
    73     0.347797     0.736013  
    74     0.345303     0.736418  
    75     0.342927     0.736769  
    76     0.340526     0.736478  
    77     0.337983     0.736700  
    78     0.335621     0.736941  
    79     0.333176     0.736952  
    80     0.330849     0.737028  
    81     0.328568     0.736591  
    82     0.326177     0.737761  
    83     0.323825     0.737582  
    84     0.321643     0.737654  
    85     0.319515     0.737401  
    86     0.317239     0.737231  
    87     0.314929     0.737319  
    88     0.312827     0.737352  
    89     0.310637     0.737546  
    90     0.308348     0.738104  
    91     0.306270     0.737451  
    92     0.304176     0.737441  
    93     0.302027     0.737346  
    94     0.300014     0.737248  
    95     0.297892     0.737683  
    96     0.295835     0.737476  
    97     0.293885     0.736954  
    98     0.292025     0.736680  
    99     0.290161     0.736660  
   100     0.288179     0.736518  
   101     0.286227     0.736287  
   102     0.284476     0.736490  
   103     0.282535     0.736553  
   104     0.280736     0.735741  
   105     0.278917     0.734732  
   106     0.277248     0.735123  
   107     0.275338     0.735041  
   108     0.273464     0.735118  
   109     0.271688     0.735125  
   110     0.270025     0.734663  
   111     0.268406     0.734497  
   112     0.266641     0.734110  
   113     0.265000     0.733570  
   114     0.263390     0.734116  
   115     0.261802     0.734099  
   116     0.260088     0.734125  
   117     0.258494     0.733564  
   118     0.256916     0.733252  
   119     0.255257     0.733057  
   120     0.253736     0.733054  
   121     0.252054     0.732931  
   122     0.250560     0.733000  
   123     0.249052     0.733549  
   124     0.247432     0.732816  
   125     0.245867     0.733006  
   126     0.244315     0.733498  
   127     0.242806     0.733152  
   128     0.241050     0.732138  
   129     0.239521     0.732664  
   130     0.238114     0.732980  
   131     0.236792     0.733535  
   132     0.235383     0.732915  
   133     0.233907     0.732012  
   134     0.232467     0.732126  
   135     0.231043     0.732140  
   136     0.229699     0.732100  
   137     0.228315     0.732070  
   138     0.226892     0.731893  
   139     0.225535     0.731847  
   140     0.224224     0.731874  
   141     0.222808     0.731831  
   142     0.221474     0.731851  
   143     0.220184     0.732653  
   144     0.218958     0.732803  
   145     0.217711     0.732482  
   146     0.216338     0.732142  
   147     0.215137     0.732363  
   148     0.213861     0.732471  
   149     0.212584     0.732488  
   150     0.211276     0.732316  
   151     0.209997     0.733190  
   152     0.208731     0.734118  
   153     0.207539     0.733619  
   154     0.206377     0.733476  
   155     0.205136     0.734350  
   156     0.203990     0.734511  
   157     0.202782     0.734031  
   158     0.201721     0.734312  
   159     0.200606     0.734160  
   160     0.199411     0.734317  
   161     0.198153     0.734471  
   162     0.196938     0.734508  
   163     0.195806     0.734507  
   164     0.194660     0.734627  
   165     0.193560     0.734242  
   166     0.192445     0.734331  
   167     0.191368     0.734128  
   168     0.190296     0.733677  
   169     0.189190     0.733732  
   170     0.188085     0.733440  
   171     0.186999     0.732776  
   172     0.185948     0.732773  
   173     0.184905     0.732261  
   174     0.183807     0.731954  
   175     0.182784     0.732166  
   176     0.181789     0.732205  
   177     0.180691     0.731742  
   178     0.179611     0.731013  
   179     0.178578     0.731329  
   180     0.177563     0.731359  
   181     0.176577     0.731120  
   182     0.175553     0.731578  
   183     0.174528     0.730517  
   184     0.173643     0.730402  
   185     0.172629     0.730572  
   186     0.171634     0.730544  
   187     0.170674     0.731103  
   188     0.169703     0.730363  * best
   189     0.168771     0.730997  
   190     0.167818     0.731646  
   191     0.166952     0.731500  
   192     0.166039     0.731385  
   193     0.165119     0.731278  
   194     0.164240     0.731292  
   195     0.163385     0.732069  
   196     0.162513     0.732250  
   197     0.161583     0.732782  
   198     0.160714     0.732934  
   199     0.159874     0.733483  
   200     0.158992     0.733111  
   201     0.158173     0.733408  
   202     0.157364     0.733326  
   203     0.156566     0.733618  
   204     0.155743     0.733283  
   205     0.154907     0.732856  
   206     0.153996     0.733091  
   207     0.153125     0.733080  
   208     0.152281     0.733796  
   209     0.151484     0.733489  
   210     0.150663     0.733718  
   211     0.149874     0.734176  
   212     0.149058     0.734149  
   213     0.148245     0.734151  
   214     0.147478     0.734060  
   215     0.146659     0.734044  
   216     0.145855     0.733938  
   217     0.145086     0.734158  
   218     0.144306     0.734273  
   219     0.143504     0.734171  
   220     0.142712     0.734331  
   221     0.142061     0.734037  
   222     0.141318     0.733994  
   223     0.140570     0.734161  
   224     0.139848     0.734481  
   225     0.139062     0.734300  
   226     0.138302     0.734557  
   227     0.137589     0.734733  
   228     0.136879     0.734742  
   229     0.136197     0.735099  
   230     0.135543     0.735308  
   231     0.134879     0.735356  
   232     0.134165     0.735432  
   233     0.133400     0.735441  
   234     0.132683     0.735496  
   235     0.131976     0.735513  
   236     0.131289     0.735177  
   237     0.130657     0.735168  
   238     0.130049     0.735366  
   239     0.129347     0.735034  
   240     0.128624     0.735518  
   241     0.127948     0.735547  
   242     0.127243     0.736145  
   243     0.126580     0.735649  
   244     0.125958     0.735738  
   245     0.125318     0.736047  
   246     0.124692     0.735750  
   247     0.124080     0.735773  
   248     0.123419     0.735939  
   249     0.122823     0.736117  
   250     0.122234     0.735950  
   251     0.121566     0.735729  
   252     0.120996     0.735679  
   253     0.120436     0.735847  
   254     0.119794     0.736009  
   255     0.119248     0.735771  
   256     0.118641     0.735984  
   257     0.118018     0.736073  
   258     0.117392     0.735976  
   259     0.116787     0.736494  
   260     0.116150     0.736676  
   261     0.115485     0.736320  
   262     0.114894     0.736434  
   263     0.114360     0.736607  
   264     0.113793     0.736446  
   265     0.113220     0.736328  
   266     0.112583     0.736508  
   267     0.112007     0.736397  
   268     0.111489     0.736486  
   269     0.110902     0.736718  
   270     0.110336     0.736795  
   271     0.109803     0.737015  
   272     0.109249     0.737741  
   273     0.108702     0.737589  
   274     0.108206     0.737167  
   275     0.107654     0.736978  
   276     0.107112     0.736822  
   277     0.106541     0.736392  
   278     0.105975     0.736385  
   279     0.105460     0.736339  
   280     0.104938     0.736307  
   281     0.104407     0.736192  
   282     0.103825     0.736466  
   283     0.103311     0.736573  
   284     0.102788     0.736996  
   285     0.102283     0.736569  
   286     0.101801     0.736695  
   287     0.101253     0.736862  
   288     0.100733     0.736710  
# best iteration 188 (val l2 0.730363)
# Spearman  train +0.9299  val +0.1810  test -0.0990
