# boltz_pooled+charge seed 4
# pooled Boltz plus both charge blocks
# input dim 1626, 212,417 parameters
# Linear(n_in,128) -> GELU -> Dropout(0.3) -> Linear(128,32) -> GELU -> Dropout(0.3) -> Linear(32,1)
# Adam lr=0.001 weight_decay=0.0001 batch=32 dropout=0.3
# loss = MSE on standardised log10 half-life
# early stopping on validation loss, patience 40, max 300 epochs
#
 epoch  train_batch        train          val  note
     1     0.642746     0.404131     0.520520  * best
     2     0.468145     0.368504     0.521319  
     3     0.394523     0.270289     0.460772  * best
     4     0.349300     0.240661     0.467634  
     5     0.324254     0.208816     0.461168  
     6     0.283309     0.181165     0.459182  * best
     7     0.269955     0.161786     0.465920  
     8     0.247126     0.138862     0.450078  * best
     9     0.231947     0.148643     0.441801  * best
    10     0.223071     0.129773     0.449554  
    11     0.210143     0.123453     0.453003  
    12     0.198026     0.126065     0.444314  
    13     0.196475     0.102906     0.437475  * best
    14     0.182909     0.098937     0.440308  
    15     0.180077     0.086156     0.437791  
    16     0.169740     0.096101     0.457495  
    17     0.168861     0.093604     0.453732  
    18     0.164910     0.076378     0.442315  
    19     0.162207     0.077118     0.441941  
    20     0.155805     0.075821     0.449156  
    21     0.155242     0.075857     0.444546  
    22     0.153032     0.074786     0.444970  
    23     0.145845     0.070494     0.447551  
    24     0.142732     0.068527     0.451610  
    25     0.143435     0.076380     0.449910  
    26     0.141407     0.068839     0.437671  
    27     0.140578     0.057781     0.450301  
    28     0.132433     0.074481     0.469869  
    29     0.142208     0.055824     0.465616  
    30     0.134117     0.054115     0.446894  
    31     0.131179     0.059038     0.454806  
    32     0.131541     0.064832     0.466957  
    33     0.124863     0.059422     0.446830  
    34     0.126664     0.061172     0.460190  
    35     0.129179     0.051570     0.437568  
    36     0.123355     0.050453     0.450517  
    37     0.120088     0.055688     0.453097  
    38     0.130019     0.058944     0.447722  
    39     0.127580     0.058462     0.439121  
    40     0.122009     0.057710     0.457724  
    41     0.117137     0.050089     0.445066  
    42     0.123659     0.054747     0.460866  
    43     0.118637     0.058438     0.461973  
    44     0.120244     0.053189     0.461437  
    45     0.119225     0.053533     0.444595  
    46     0.121184     0.061552     0.452248  
    47     0.119919     0.057318     0.444388  
    48     0.116397     0.059968     0.449506  
    49     0.117391     0.047662     0.450859  
    50     0.114598     0.055148     0.456811  
    51     0.109094     0.054151     0.461378  
    52     0.113900     0.049485     0.441339  
    53     0.113621     0.052364     0.448334  
# stopped at epoch 53: no improvement for 40 epochs
# restored epoch 13 (val MSE 0.437475)
# Spearman  train +0.9544  val +0.7612  test +0.7604
