# mlp_seq+boltz+energy+edge seed 2
# perceptron on seq+boltz+energy+edge
# inputs [(17287,)], 2,217,025 parameters
# Linear(n_in,128) -> GELU -> Dropout(0.3) -> Linear(128,32) -> GELU -> Dropout(0.3) -> Linear(32,1)
# Adam lr=0.001 weight_decay=0.0001 batch=32 dropout=0.3
# loss = MSE on standardised log10 half-life
# early stopping on validation loss, patience 40, max 300 epochs
#
 epoch  train_batch        train          val  note
     1     5.531801    11.725988     0.819439  * best
     2    61.379619    10.398972     0.688832  * best
     3    15.845568     1.872279     0.739454  
     4     1.988714     9.836075     0.691263  
     5    16.922450    23.595280     0.682461  * best
     6     1.828663     2.149834     0.672789  * best
     7     3.607566    13.968268     0.640901  * best
     8     3.348543     1.457852     0.775413  
     9     0.811490     1.347373     0.742209  
    10     0.585540     0.755249     0.687515  
    11     4.650267     0.415487     0.619325  * best
    12     0.542584     0.330766     0.617317  * best
    13     0.489830     0.335297     0.618808  
    14     0.452545     0.307772     0.609423  * best
    15     0.474719     0.338761     0.684458  
    16     0.421153     0.276347     0.597094  * best
    17     0.423442     0.265677     0.595984  * best
    18     0.378596     0.263084     0.615830  
    19     0.402275     0.217396     0.606109  
    20     0.373286     0.250132     0.615778  
    21     0.378215     0.241307     0.578468  * best
    22     0.716833     0.240265     0.589308  
    23     0.368015     0.218619     0.589219  
    24     0.354700     0.210347     0.592463  
    25     0.354364     0.220121     0.589435  
    26     0.345762     0.210146     0.574577  * best
    27     0.337635     0.193348     0.596065  
    28     0.345822     0.203861     0.598944  
    29     0.324804     0.193375     0.619720  
    30     0.322306     0.179123     0.626487  
    31     0.330744     0.212674     0.601180  
    32     0.320950     0.201976     0.638706  
    33     0.344791     0.191113     0.576165  
    34     0.315994     0.177084     0.594680  
    35     0.321167     0.196927     0.628553  
    36     0.312752     0.189685     0.587613  
    37     0.401263     0.188965     0.628284  
    38     0.348875     0.220346     0.599932  
    39     0.331955     0.182169     0.625531  
    40     0.318267     0.160369     0.674175  
    41     0.318251     0.180601     0.591632  
    42     0.307650     0.168522     0.626228  
    43     0.312374     0.174886     0.609166  
    44     0.310560     0.223773     0.588784  
    45     0.848098     0.525793     0.715651  
    46     0.601968     0.376229     0.664308  
    47     0.526212     0.336431     0.624550  
    48     0.433351     0.376580     0.633105  
    49     0.458728     0.395000     0.609725  
    50     0.397832     0.203411     0.660792  
    51     0.398365     0.215936     0.611907  
    52     0.410014     0.197588     0.628117  
    53     0.377863     0.174914     0.611849  
    54     0.400248     0.216174     0.609527  
    55     0.375806     0.226545     0.625583  
    56     0.373836     0.193557     0.590224  
    57     0.366605     0.200806     0.564001  * best
    58     0.345101     0.214315     0.580342  
    59     0.341374     0.183175     0.593175  
    60     0.327703     0.189131     0.580019  
    61     0.323941     0.192597     0.590850  
    62     0.332555     0.170748     0.620730  
    63     0.324574     0.179461     0.594395  
    64     0.328519     0.175215     0.639013  
    65     0.333646     0.157300     0.588271  
    66     0.312723     0.170841     0.616675  
    67     0.322360     0.173096     0.607197  
    68     0.316172     0.179859     0.612448  
    69     0.321069     0.186872     0.562203  * best
    70     0.315835     0.165182     0.621109  
    71     0.314026     0.160652     0.671596  
    72     0.313394     0.156178     0.621252  
    73     0.309483     0.161622     0.566971  
    74     0.312113     0.137734     0.681638  
    75     0.315082     0.159389     0.604459  
    76     0.340148     0.169278     0.664176  
    77     0.313111     0.171958     0.598823  
    78     0.302455     0.178489     0.687138  
    79     0.292654     0.186384     0.628712  
    80     0.293862     0.126082     0.593027  
    81     0.285865     0.161191     0.625558  
    82     0.283783     0.134357     0.685062  
    83     0.288776     0.156693     0.621120  
    84     0.294361     0.164642     0.641399  
    85     0.286313     0.154437     0.598630  
    86     0.370376     0.205865     0.587311  
    87     0.387960     0.196783     0.634519  
    88     0.336893     0.147253     0.616899  
    89     0.339410     0.147146     0.613562  
    90     0.314672     0.186444     0.604494  
    91     0.481710     0.273003     0.570254  
    92     0.349460     0.169673     0.597846  
    93     0.340013     0.173960     0.616452  
    94     0.631612     0.236219     0.576966  
    95     0.384114     0.280205     0.603373  
    96     0.373044     0.225525     0.614179  
    97     0.442892     0.211236     0.579880  
    98     0.604629     0.386382     0.637792  
    99     0.478979     0.249959     0.697121  
   100     0.446738     0.186966     0.594037  
   101     0.386544     0.212616     0.643556  
   102     0.375742     0.194379     0.597490  
   103     0.358106     0.171272     0.592762  
   104     0.317982     0.200274     0.605348  
   105     0.304602     0.199631     0.612705  
   106     0.363154     0.166394     0.642586  
   107     0.317344     0.163383     0.652287  
   108     0.355013     0.222005     0.668211  
   109     0.315452     0.154856     0.643573  
# stopped at epoch 109: no improvement for 40 epochs
# restored epoch 69 (val MSE 0.562203)
# Spearman  train +0.9268  val +0.4964  test +0.4184
