# boltz_conf seed 0
# Boltz confidence metrics (ipTM, pTM, pLDDT, ...)
# input dim 9, 5,441 parameters
# Linear(n_in,128) -> GELU -> Dropout(0.3) -> Linear(128,32) -> GELU -> Dropout(0.3) -> Linear(32,1)
# Adam lr=0.001 weight_decay=0.0001 batch=32 dropout=0.3
# loss = MSE on standardised log10 half-life
# early stopping on validation loss, patience 40, max 300 epochs
#
 epoch  train_batch        train          val  note
     1     0.875950     0.827877     0.830219  * best
     2     0.835653     0.822972     0.819389  * best
     3     0.835554     0.818236     0.815461  * best
     4     0.832006     0.808845     0.808414  * best
     5     0.823587     0.810692     0.815267  
     6     0.820064     0.806040     0.807182  * best
     7     0.821809     0.806800     0.804747  * best
     8     0.817164     0.803457     0.805534  
     9     0.813504     0.799085     0.800046  * best
    10     0.817142     0.804222     0.803830  
    11     0.812716     0.794822     0.799101  * best
    12     0.808966     0.794779     0.797679  * best
    13     0.811330     0.793350     0.796469  * best
    14     0.810215     0.792860     0.796321  * best
    15     0.805394     0.789712     0.796665  
    16     0.805891     0.787652     0.792651  * best
    17     0.802855     0.783987     0.790597  * best
    18     0.801902     0.786115     0.790473  * best
    19     0.800876     0.787310     0.795281  
    20     0.797215     0.779927     0.788226  * best
    21     0.795970     0.780702     0.787855  * best
    22     0.797509     0.778848     0.788050  
    23     0.797679     0.784498     0.790854  
    24     0.799907     0.777728     0.788893  
    25     0.790915     0.777112     0.785378  * best
    26     0.794132     0.775461     0.783851  * best
    27     0.795254     0.774294     0.784438  
    28     0.792426     0.775307     0.786476  
    29     0.788243     0.774798     0.785812  
    30     0.793334     0.775152     0.786334  
    31     0.795171     0.774055     0.782943  * best
    32     0.792630     0.771613     0.782603  * best
    33     0.793092     0.774965     0.783414  
    34     0.790373     0.772716     0.787437  
    35     0.791348     0.772443     0.786435  
    36     0.789814     0.772301     0.783985  
    37     0.790064     0.772271     0.785373  
    38     0.785016     0.769061     0.785499  
    39     0.789332     0.769102     0.781485  * best
    40     0.796702     0.774074     0.789675  
    41     0.789183     0.770681     0.785921  
    42     0.786852     0.769388     0.782194  
    43     0.789301     0.769725     0.784704  
    44     0.788311     0.767223     0.781873  
    45     0.785794     0.770675     0.786605  
    46     0.786881     0.768477     0.783091  
    47     0.786065     0.768729     0.784622  
    48     0.788104     0.767895     0.785543  
    49     0.786445     0.770252     0.783156  
    50     0.791258     0.766501     0.781813  
    51     0.785574     0.769677     0.783818  
    52     0.789007     0.773690     0.784770  
    53     0.790090     0.765891     0.782684  
    54     0.786198     0.766215     0.784549  
    55     0.786042     0.766297     0.784714  
    56     0.783141     0.767579     0.780332  * best
    57     0.784580     0.766160     0.780338  
    58     0.783663     0.769035     0.785803  
    59     0.786762     0.764722     0.781808  
    60     0.788514     0.768578     0.785944  
    61     0.785953     0.764373     0.783607  
    62     0.781377     0.764584     0.785284  
    63     0.789171     0.767816     0.784877  
    64     0.782564     0.765078     0.780863  
    65     0.782672     0.762422     0.779704  * best
    66     0.786248     0.763802     0.781934  
    67     0.781224     0.770488     0.785220  
    68     0.779499     0.763770     0.781425  
    69     0.782882     0.763882     0.779465  * best
    70     0.781445     0.761507     0.782217  
    71     0.782166     0.761999     0.780947  
    72     0.784096     0.760075     0.778682  * best
    73     0.785762     0.761622     0.779971  
    74     0.778002     0.762145     0.780605  
    75     0.784130     0.760623     0.780936  
    76     0.781628     0.764754     0.782919  
    77     0.778608     0.760370     0.779109  
    78     0.778653     0.761348     0.781318  
    79     0.785808     0.762060     0.783191  
    80     0.780527     0.760626     0.779171  
    81     0.781181     0.762157     0.780999  
    82     0.784786     0.762516     0.782517  
    83     0.780219     0.761617     0.777466  * best
    84     0.781199     0.760423     0.780979  
    85     0.779436     0.759669     0.783451  
    86     0.779854     0.758933     0.781432  
    87     0.778058     0.759502     0.783693  
    88     0.777848     0.763472     0.786634  
    89     0.776528     0.759707     0.784168  
    90     0.780725     0.758957     0.781000  
    91     0.781814     0.757959     0.778145  
    92     0.781056     0.757767     0.778141  
    93     0.782510     0.762984     0.780682  
    94     0.781132     0.758878     0.780857  
    95     0.778221     0.758953     0.779587  
    96     0.780088     0.758779     0.780200  
    97     0.780029     0.762360     0.787329  
    98     0.776805     0.757685     0.778917  
    99     0.779934     0.755782     0.777099  * best
   100     0.777759     0.762689     0.784021  
   101     0.777125     0.759494     0.783482  
   102     0.777369     0.760482     0.784242  
   103     0.778815     0.755420     0.780704  
   104     0.777635     0.757799     0.781557  
   105     0.781129     0.760058     0.783460  
   106     0.780313     0.757867     0.782346  
   107     0.781566     0.756875     0.784580  
   108     0.775079     0.760773     0.784425  
   109     0.776245     0.758485     0.784769  
   110     0.774660     0.756890     0.782290  
   111     0.781475     0.760750     0.784825  
   112     0.771535     0.757610     0.778513  
   113     0.780938     0.757244     0.779593  
   114     0.776125     0.757605     0.783332  
   115     0.776154     0.755272     0.780860  
   116     0.775796     0.757852     0.782412  
   117     0.780819     0.757696     0.782064  
   118     0.775167     0.755142     0.781515  
   119     0.780923     0.757041     0.783190  
   120     0.773602     0.754363     0.781236  
   121     0.779819     0.753569     0.776518  * best
   122     0.775361     0.753526     0.780698  
   123     0.775255     0.756569     0.781376  
   124     0.777152     0.758472     0.778464  
   125     0.778976     0.754241     0.779388  
   126     0.771375     0.761132     0.785548  
   127     0.773656     0.759857     0.780035  
   128     0.775760     0.755769     0.779280  
   129     0.776635     0.754502     0.778527  
   130     0.777198     0.757308     0.783456  
   131     0.779570     0.753987     0.782541  
   132     0.774994     0.758940     0.782529  
   133     0.778490     0.755392     0.782185  
   134     0.776372     0.753839     0.778948  
   135     0.769176     0.755790     0.778320  
   136     0.779637     0.755727     0.784694  
   137     0.783097     0.754589     0.777278  
   138     0.777861     0.753256     0.778466  
   139     0.771233     0.752124     0.782384  
   140     0.776682     0.753728     0.777748  
   141     0.779659     0.751948     0.777784  
   142     0.775707     0.753218     0.779184  
   143     0.772983     0.752247     0.778175  
   144     0.775038     0.751357     0.780950  
   145     0.774988     0.753106     0.782411  
   146     0.774698     0.756142     0.779980  
   147     0.774125     0.750987     0.779441  
   148     0.766799     0.755218     0.784378  
   149     0.772051     0.755818     0.784890  
   150     0.776426     0.754235     0.782435  
   151     0.776661     0.756659     0.779908  
   152     0.770750     0.752781     0.776072  * best
   153     0.773533     0.750801     0.776562  
   154     0.776019     0.752243     0.777365  
   155     0.775519     0.750448     0.777082  
   156     0.773551     0.752163     0.777986  
   157     0.773685     0.752684     0.782884  
   158     0.776804     0.753564     0.778123  
   159     0.775196     0.752968     0.784403  
   160     0.770710     0.752698     0.781292  
   161     0.774751     0.751276     0.779851  
   162     0.772920     0.751868     0.780969  
   163     0.775270     0.754337     0.785122  
   164     0.775675     0.753555     0.782331  
   165     0.778768     0.750574     0.778507  
   166     0.772205     0.753736     0.787008  
   167     0.774653     0.754377     0.779393  
   168     0.769848     0.749852     0.778292  
   169     0.772612     0.751658     0.781776  
   170     0.772357     0.749493     0.779405  
   171     0.776410     0.752712     0.783566  
   172     0.770306     0.753271     0.784352  
   173     0.768923     0.748947     0.776876  
   174     0.777150     0.752008     0.785011  
   175     0.773980     0.755174     0.785089  
   176     0.774867     0.754373     0.787621  
   177     0.772347     0.751546     0.781733  
   178     0.773827     0.749898     0.781071  
   179     0.771138     0.747680     0.777438  
   180     0.770953     0.749900     0.782123  
   181     0.774358     0.750585     0.785551  
   182     0.774219     0.751429     0.779559  
   183     0.769441     0.748621     0.779490  
   184     0.767513     0.749271     0.780919  
   185     0.771423     0.748716     0.778163  
   186     0.771961     0.748215     0.779848  
   187     0.772901     0.749995     0.775889  * best
   188     0.773271     0.747797     0.782316  
   189     0.769856     0.750552     0.784221  
   190     0.769456     0.747691     0.778994  
   191     0.772494     0.751059     0.781101  
   192     0.771757     0.750309     0.780188  
   193     0.777629     0.749947     0.777248  
   194     0.772109     0.749045     0.776016  
   195     0.768993     0.750660     0.783045  
   196     0.772114     0.751874     0.784839  
   197     0.775016     0.749590     0.778927  
   198     0.774424     0.749265     0.778469  
   199     0.773661     0.745662     0.777175  
   200     0.770523     0.750771     0.782599  
   201     0.769175     0.745636     0.776189  
   202     0.769849     0.748557     0.780451  
   203     0.770280     0.749148     0.779455  
   204     0.767347     0.750041     0.779818  
   205     0.768343     0.746420     0.777690  
   206     0.769601     0.751069     0.778163  
   207     0.770924     0.747347     0.778908  
   208     0.774103     0.747843     0.776578  
   209     0.764097     0.749861     0.781646  
   210     0.772606     0.746512     0.776529  
   211     0.771167     0.754911     0.781621  
   212     0.768646     0.751878     0.788016  
   213     0.769213     0.748345     0.779589  
   214     0.773133     0.749990     0.783067  
   215     0.773474     0.746229     0.777692  
   216     0.771393     0.750617     0.780163  
   217     0.769877     0.748048     0.779090  
   218     0.773366     0.749056     0.784198  
   219     0.768231     0.749864     0.781053  
   220     0.778146     0.750672     0.777702  
   221     0.767410     0.749068     0.782419  
   222     0.771600     0.749812     0.776512  
   223     0.770274     0.747853     0.781795  
   224     0.767208     0.746249     0.778020  
   225     0.768713     0.746318     0.777750  
   226     0.770185     0.748852     0.782327  
   227     0.765242     0.750479     0.779103  
# stopped at epoch 227: no improvement for 40 epochs
# restored epoch 187 (val MSE 0.775889)
# Spearman  train +0.4872  val +0.4507  test +0.4301
