# gbm_seq+boltz+energy seed 1
# boosted trees on seq+boltz+energy
# inputs 2837, 314 trees
# LightGBM gradient-boosted trees, objective l2, lr 0.05, num_leaves 31, min_data_in_leaf 20, feature_fraction 0.3, bagging 0.8, lambda_l2 1.0, up to 3000 rounds, early stopping 100 on validation l2
# loss = l2 on standardised log10 half-life
#
 round        train          val  note
     1     0.958845     0.803105  
     2     0.920645     0.796676  
     3     0.885088     0.779125  
     4     0.854225     0.774334  
     5     0.823980     0.765966  
     6     0.796520     0.758198  
     7     0.770868     0.751249  
     8     0.747581     0.745942  
     9     0.725459     0.743593  
    10     0.704811     0.740331  
    11     0.687153     0.740592  
    12     0.668131     0.734047  
    13     0.650805     0.728726  
    14     0.635984     0.723488  
    15     0.621446     0.725940  
    16     0.608177     0.722446  
    17     0.594635     0.715805  
    18     0.581576     0.713731  
    19     0.569643     0.709094  
    20     0.558599     0.710855  
    21     0.547953     0.707485  
    22     0.537219     0.703047  
    23     0.528699     0.701891  
    24     0.518978     0.694819  
    25     0.510820     0.691995  
    26     0.502092     0.688980  
    27     0.494520     0.684146  
    28     0.487517     0.682216  
    29     0.479919     0.683569  
    30     0.473243     0.683518  
    31     0.467000     0.684105  
    32     0.460996     0.683398  
    33     0.455280     0.682621  
    34     0.448503     0.678804  
    35     0.443233     0.675118  
    36     0.437824     0.673101  
    37     0.432375     0.673234  
    38     0.427546     0.670865  
    39     0.422821     0.669113  
    40     0.417899     0.667421  
    41     0.413172     0.664929  
    42     0.408239     0.660590  
    43     0.404129     0.659168  
    44     0.400359     0.656805  
    45     0.396309     0.655572  
    46     0.392683     0.653263  
    47     0.388787     0.653196  
    48     0.385022     0.650152  
    49     0.381556     0.648645  
    50     0.377586     0.647045  
    51     0.374261     0.645668  
    52     0.370522     0.645177  
    53     0.366988     0.642734  
    54     0.363861     0.641192  
    55     0.360764     0.638946  
    56     0.357477     0.637265  
    57     0.354408     0.636833  
    58     0.351328     0.635788  
    59     0.348463     0.636678  
    60     0.345212     0.634762  
    61     0.342422     0.633047  
    62     0.339335     0.630667  
    63     0.336681     0.631126  
    64     0.334117     0.630650  
    65     0.331483     0.630136  
    66     0.329075     0.628427  
    67     0.326745     0.628059  
    68     0.324312     0.627641  
    69     0.321950     0.627365  
    70     0.319262     0.625634  
    71     0.317188     0.624861  
    72     0.314901     0.624271  
    73     0.312569     0.622385  
    74     0.309962     0.621985  
    75     0.307784     0.621004  
    76     0.305757     0.619762  
    77     0.303426     0.618009  
    78     0.301296     0.618203  
    79     0.299098     0.617191  
    80     0.297042     0.616807  
    81     0.295014     0.615647  
    82     0.292985     0.614961  
    83     0.291054     0.614278  
    84     0.289087     0.614398  
    85     0.287145     0.617656  
    86     0.285196     0.617672  
    87     0.283223     0.616730  
    88     0.281186     0.615581  
    89     0.279347     0.615013  
    90     0.277290     0.615670  
    91     0.275461     0.615331  
    92     0.273523     0.614759  
    93     0.271600     0.614364  
    94     0.269726     0.613497  
    95     0.268114     0.612685  
    96     0.266418     0.612713  
    97     0.264577     0.612053  
    98     0.262876     0.612177  
    99     0.261271     0.610557  
   100     0.259708     0.610845  
   101     0.258123     0.610545  
   102     0.256347     0.609605  
   103     0.254841     0.608990  
   104     0.253310     0.608815  
   105     0.251856     0.609074  
   106     0.250391     0.607308  
   107     0.248783     0.606580  
   108     0.247272     0.605385  
   109     0.245608     0.605318  
   110     0.244122     0.605446  
   111     0.242579     0.605671  
   112     0.241150     0.605402  
   113     0.239661     0.605190  
   114     0.238069     0.604256  
   115     0.236632     0.603903  
   116     0.235157     0.603431  
   117     0.233691     0.602567  
   118     0.232175     0.602296  
   119     0.230661     0.603039  
   120     0.229274     0.602373  
   121     0.227859     0.602501  
   122     0.226506     0.602274  
   123     0.225069     0.602283  
   124     0.223908     0.602216  
   125     0.222677     0.601810  
   126     0.221407     0.603158  
   127     0.220208     0.603055  
   128     0.218925     0.603077  
   129     0.217686     0.602887  
   130     0.216542     0.603634  
   131     0.215502     0.603342  
   132     0.214315     0.602985  
   133     0.213084     0.602853  
   134     0.211775     0.602857  
   135     0.210590     0.602732  
   136     0.209374     0.602105  
   137     0.208188     0.602833  
   138     0.206958     0.603269  
   139     0.205803     0.603728  
   140     0.204686     0.602715  
   141     0.203488     0.601309  
   142     0.202436     0.601176  
   143     0.201307     0.602285  
   144     0.200137     0.601676  
   145     0.199025     0.601347  
   146     0.197877     0.601056  
   147     0.196799     0.601451  
   148     0.195628     0.601453  
   149     0.194539     0.601215  
   150     0.193539     0.601368  
   151     0.192487     0.601565  
   152     0.191375     0.600641  
   153     0.190417     0.600497  
   154     0.189406     0.599652  
   155     0.188382     0.599259  
   156     0.187386     0.599155  
   157     0.186377     0.599103  
   158     0.185379     0.599927  
   159     0.184413     0.599097  
   160     0.183384     0.598952  
   161     0.182386     0.598896  
   162     0.181433     0.599409  
   163     0.180481     0.598805  
   164     0.179518     0.598813  
   165     0.178545     0.598643  
   166     0.177607     0.598803  
   167     0.176617     0.599343  
   168     0.175686     0.599255  
   169     0.174702     0.599145  
   170     0.173742     0.598948  
   171     0.172845     0.598364  
   172     0.171915     0.597432  
   173     0.171076     0.597348  
   174     0.170074     0.597350  
   175     0.169211     0.597430  
   176     0.168293     0.597422  
   177     0.167323     0.597978  
   178     0.166433     0.597871  
   179     0.165538     0.597183  
   180     0.164529     0.596302  
   181     0.163792     0.595873  
   182     0.162944     0.595311  
   183     0.162068     0.595374  
   184     0.161281     0.594406  
   185     0.160506     0.593930  
   186     0.159640     0.593790  
   187     0.158890     0.593317  
   188     0.158099     0.593351  
   189     0.157330     0.593328  
   190     0.156550     0.593223  
   191     0.155809     0.592539  
   192     0.155014     0.592281  
   193     0.154242     0.592665  
   194     0.153461     0.594106  
   195     0.152660     0.594051  
   196     0.151906     0.593537  
   197     0.151194     0.593829  
   198     0.150424     0.593715  
   199     0.149687     0.593532  
   200     0.148894     0.593134  
   201     0.148104     0.593064  
   202     0.147361     0.593483  
   203     0.146614     0.593303  
   204     0.145894     0.593369  
   205     0.145203     0.592966  
   206     0.144402     0.592823  
   207     0.143666     0.592653  
   208     0.142883     0.593103  
   209     0.142117     0.593099  
   210     0.141337     0.592307  
   211     0.140627     0.592016  
   212     0.139937     0.592101  
   213     0.139264     0.592308  
   214     0.138619     0.592506  
   215     0.137959     0.593068  
   216     0.137214     0.592694  
   217     0.136475     0.592442  
   218     0.135752     0.592576  
   219     0.135090     0.592629  
   220     0.134393     0.591784  
   221     0.133718     0.591975  
   222     0.133017     0.592330  
   223     0.132363     0.592544  
   224     0.131743     0.592830  
   225     0.131104     0.592497  
   226     0.130519     0.592344  
   227     0.129881     0.591938  
   228     0.129220     0.591741  
   229     0.128604     0.591819  
   230     0.128002     0.591549  
   231     0.127366     0.591650  
   232     0.126735     0.591691  
   233     0.126128     0.591206  
   234     0.125522     0.591367  
   235     0.124898     0.591482  
   236     0.124262     0.591049  
   237     0.123616     0.590715  
   238     0.123032     0.590644  
   239     0.122444     0.590544  
   240     0.121884     0.590647  
   241     0.121244     0.590789  
   242     0.120692     0.590812  
   243     0.120102     0.589903  
   244     0.119566     0.589897  
   245     0.119014     0.590314  
   246     0.118459     0.590475  
   247     0.117887     0.590077  
   248     0.117311     0.589809  
   249     0.116762     0.589545  
   250     0.116202     0.589403  
   251     0.115628     0.589601  
   252     0.115051     0.589398  
   253     0.114455     0.589618  
   254     0.113930     0.589689  
   255     0.113410     0.589649  
   256     0.112864     0.589123  
   257     0.112305     0.588983  
   258     0.111765     0.589353  
   259     0.111266     0.588867  
   260     0.110740     0.588723  
   261     0.110227     0.589059  
   262     0.109730     0.588804  
   263     0.109252     0.588741  
   264     0.108802     0.588348  
   265     0.108332     0.588325  
   266     0.107845     0.588268  
   267     0.107309     0.588008  
   268     0.106801     0.587791  
   269     0.106350     0.587816  
   270     0.105914     0.587664  
   271     0.105419     0.587893  
   272     0.104896     0.587659  
   273     0.104404     0.587914  
   274     0.103930     0.587675  
   275     0.103447     0.587620  
   276     0.102963     0.587113  
   277     0.102483     0.587048  
   278     0.102025     0.586523  
   279     0.101524     0.586775  
   280     0.101006     0.586750  
   281     0.100547     0.586606  
   282     0.100146     0.587160  
   283     0.099721     0.587035  
   284     0.099286     0.586874  
   285     0.098862     0.586936  
   286     0.098428     0.586914  
   287     0.097928     0.587190  
   288     0.097493     0.587427  
   289     0.097020     0.587359  
   290     0.096604     0.587383  
   291     0.096158     0.587483  
   292     0.095669     0.587258  
   293     0.095227     0.587289  
   294     0.094754     0.587304  
   295     0.094343     0.587159  
   296     0.093874     0.586944  
   297     0.093419     0.586843  
   298     0.092989     0.586522  
   299     0.092546     0.586321  
   300     0.092078     0.585981  
   301     0.091700     0.585848  
   302     0.091292     0.585323  
   303     0.090932     0.585845  
   304     0.090498     0.585760  
   305     0.090046     0.585938  
   306     0.089640     0.586098  
   307     0.089260     0.585960  
   308     0.088836     0.585370  
   309     0.088430     0.585128  
   310     0.088063     0.585131  
   311     0.087715     0.585217  
   312     0.087349     0.585024  
   313     0.086933     0.584919  
   314     0.086569     0.584843  * best
   315     0.086185     0.585042  
   316     0.085810     0.585105  
   317     0.085487     0.585294  
   318     0.085129     0.585159  
   319     0.084724     0.585178  
   320     0.084324     0.585299  
   321     0.083946     0.585133  
   322     0.083559     0.585342  
   323     0.083213     0.585533  
   324     0.082841     0.585506  
   325     0.082492     0.585368  
   326     0.082128     0.585488  
   327     0.081782     0.585415  
   328     0.081386     0.585422  
   329     0.081019     0.585304  
   330     0.080660     0.585534  
   331     0.080308     0.585713  
   332     0.079954     0.585950  
   333     0.079567     0.586600  
   334     0.079229     0.586430  
   335     0.078891     0.586243  
   336     0.078549     0.585986  
   337     0.078201     0.585879  
   338     0.077876     0.585746  
   339     0.077554     0.585932  
   340     0.077235     0.585674  
   341     0.076850     0.585643  
   342     0.076518     0.585638  
   343     0.076179     0.585969  
   344     0.075846     0.585591  
   345     0.075471     0.585569  
   346     0.075162     0.585572  
   347     0.074845     0.585590  
   348     0.074504     0.585837  
   349     0.074179     0.586121  
   350     0.073847     0.586592  
   351     0.073498     0.586692  
   352     0.073159     0.587131  
   353     0.072833     0.587193  
   354     0.072530     0.587119  
   355     0.072216     0.587327  
   356     0.071900     0.587198  
   357     0.071583     0.587039  
   358     0.071261     0.586882  
   359     0.070933     0.586598  
   360     0.070620     0.586598  
   361     0.070308     0.586419  
   362     0.069987     0.586174  
   363     0.069696     0.586082  
   364     0.069395     0.586262  
   365     0.069086     0.586200  
   366     0.068786     0.586387  
   367     0.068484     0.586169  
   368     0.068190     0.586324  
   369     0.067891     0.586337  
   370     0.067620     0.586214  
   371     0.067303     0.585925  
   372     0.067005     0.586839  
   373     0.066697     0.587198  
   374     0.066426     0.587063  
   375     0.066137     0.586873  
   376     0.065846     0.586907  
   377     0.065561     0.586930  
   378     0.065283     0.586796  
   379     0.065019     0.586781  
   380     0.064729     0.586443  
   381     0.064487     0.586479  
   382     0.064194     0.586218  
   383     0.063926     0.585953  
   384     0.063674     0.586444  
   385     0.063385     0.586378  
   386     0.063097     0.586295  
   387     0.062844     0.586244  
   388     0.062577     0.586316  
   389     0.062304     0.586541  
   390     0.062041     0.586574  
   391     0.061751     0.586555  
   392     0.061474     0.586592  
   393     0.061220     0.586286  
   394     0.060965     0.586243  
   395     0.060689     0.586442  
   396     0.060460     0.586435  
   397     0.060210     0.585705  
   398     0.059935     0.585568  
   399     0.059701     0.585753  
   400     0.059447     0.585753  
   401     0.059182     0.585794  
   402     0.058938     0.585829  
   403     0.058697     0.585793  
   404     0.058470     0.585717  
   405     0.058238     0.585893  
   406     0.057969     0.585649  
   407     0.057705     0.585664  
   408     0.057432     0.585720  
   409     0.057158     0.585574  
   410     0.056912     0.585464  
   411     0.056668     0.585360  
   412     0.056463     0.585471  
   413     0.056229     0.585590  
   414     0.055991     0.585742  
# best iteration 314 (val l2 0.584843)
# Spearman  train +0.9625  val +0.4438  test +0.6093
