# gbm_seq seed 2
# boosted trees on seq
# inputs 860, 1,730 trees
# LightGBM gradient-boosted trees, objective l2, lr 0.05, num_leaves 31, min_data_in_leaf 20, feature_fraction 0.3, bagging 0.8, lambda_l2 1.0, up to 3000 rounds, early stopping 100 on validation l2
# loss = l2 on standardised log10 half-life
#
 round        train          val  note
     1     0.970785     0.980456  
     2     0.947093     0.958368  
     3     0.923055     0.934685  
     4     0.899101     0.911533  
     5     0.877559     0.890716  
     6     0.858574     0.871938  
     7     0.841766     0.856053  
     8     0.826336     0.842342  
     9     0.811993     0.828442  
    10     0.796410     0.812870  
    11     0.782349     0.798988  
    12     0.770807     0.788375  
    13     0.759148     0.777728  
    14     0.748472     0.768494  
    15     0.738288     0.759301  
    16     0.729929     0.750458  
    17     0.721438     0.743190  
    18     0.714003     0.735844  
    19     0.705669     0.727812  
    20     0.698764     0.723025  
    21     0.692204     0.716985  
    22     0.686741     0.712116  
    23     0.680991     0.707293  
    24     0.676150     0.702626  
    25     0.671779     0.698574  
    26     0.665707     0.693222  
    27     0.660361     0.687581  
    28     0.655714     0.682932  
    29     0.651467     0.679036  
    30     0.646977     0.675193  
    31     0.642823     0.670792  
    32     0.639099     0.667252  
    33     0.635157     0.663313  
    34     0.631079     0.659514  
    35     0.627658     0.657093  
    36     0.624238     0.654591  
    37     0.620681     0.650711  
    38     0.617892     0.648391  
    39     0.614773     0.645350  
    40     0.611934     0.643311  
    41     0.608590     0.640305  
    42     0.605226     0.636387  
    43     0.602348     0.633115  
    44     0.599623     0.630766  
    45     0.597242     0.629053  
    46     0.594666     0.626620  
    47     0.592141     0.624454  
    48     0.590350     0.623272  
    49     0.587906     0.621220  
    50     0.586040     0.619688  
    51     0.584141     0.618651  
    52     0.582198     0.617230  
    53     0.579706     0.614729  
    54     0.577799     0.613307  
    55     0.575800     0.611566  
    56     0.573286     0.609200  
    57     0.571353     0.607699  
    58     0.569317     0.605707  
    59     0.567719     0.604830  
    60     0.566167     0.604239  
    61     0.563990     0.602497  
    62     0.561963     0.601278  
    63     0.560041     0.599524  
    64     0.558117     0.597390  
    65     0.556458     0.596338  
    66     0.554850     0.595729  
    67     0.553004     0.594528  
    68     0.551290     0.593327  
    69     0.549973     0.592817  
    70     0.548787     0.592346  
    71     0.547701     0.591691  
    72     0.545914     0.590349  
    73     0.544432     0.588833  
    74     0.542971     0.587783  
    75     0.540792     0.586305  
    76     0.539344     0.585643  
    77     0.538282     0.585426  
    78     0.536965     0.584839  
    79     0.535682     0.583889  
    80     0.534189     0.582500  
    81     0.532807     0.581510  
    82     0.531461     0.580817  
    83     0.530501     0.580502  
    84     0.529283     0.579983  
    85     0.527920     0.579003  
    86     0.526680     0.578192  
    87     0.525523     0.577755  
    88     0.524039     0.576809  
    89     0.522987     0.576477  
    90     0.522103     0.576448  
    91     0.520815     0.575351  
    92     0.519376     0.574672  
    93     0.518208     0.574105  
    94     0.517071     0.573597  
    95     0.515911     0.572520  
    96     0.514899     0.571895  
    97     0.513740     0.571547  
    98     0.512862     0.570944  
    99     0.511820     0.570709  
   100     0.511001     0.570400  
   101     0.510050     0.569785  
   102     0.508742     0.568697  
   103     0.507777     0.568256  
   104     0.506308     0.567492  
   105     0.505096     0.566266  
   106     0.504147     0.566047  
   107     0.503087     0.564991  
   108     0.502324     0.564459  
   109     0.501421     0.563950  
   110     0.500201     0.562934  
   111     0.499379     0.562681  
   112     0.498294     0.561899  
   113     0.497374     0.561638  
   114     0.496588     0.561006  
   115     0.495721     0.560417  
   116     0.494844     0.559811  
   117     0.493966     0.559261  
   118     0.493123     0.558774  
   119     0.492340     0.558310  
   120     0.491256     0.557576  
   121     0.489809     0.556733  
   122     0.489134     0.556543  
   123     0.488235     0.555964  
   124     0.487515     0.555648  
   125     0.486141     0.554942  
   126     0.485129     0.554088  
   127     0.484190     0.553796  
   128     0.483200     0.552887  
   129     0.481896     0.551583  
   130     0.480874     0.550429  
   131     0.479906     0.549730  
   132     0.479098     0.549624  
   133     0.478233     0.549343  
   134     0.477474     0.549124  
   135     0.476543     0.548737  
   136     0.475748     0.547907  
   137     0.475154     0.547646  
   138     0.474425     0.547467  
   139     0.473837     0.547357  
   140     0.472685     0.546727  
   141     0.471720     0.545950  
   142     0.470670     0.545018  
   143     0.469880     0.544447  
   144     0.468969     0.543598  
   145     0.468192     0.543022  
   146     0.467373     0.542363  
   147     0.466268     0.541655  
   148     0.465168     0.540945  
   149     0.464206     0.540299  
   150     0.463345     0.539612  
   151     0.462748     0.539334  
   152     0.462109     0.539214  
   153     0.461444     0.539019  
   154     0.460485     0.538346  
   155     0.459859     0.538244  
   156     0.459052     0.537460  
   157     0.458311     0.537016  
   158     0.457514     0.536395  
   159     0.456731     0.536385  
   160     0.456060     0.536239  
   161     0.455300     0.535903  
   162     0.454178     0.535196  
   163     0.453413     0.534668  
   164     0.452620     0.534060  
   165     0.452025     0.533994  
   166     0.451338     0.533545  
   167     0.450391     0.533260  
   168     0.449700     0.532843  
   169     0.448882     0.532144  
   170     0.448153     0.531746  
   171     0.447431     0.531308  
   172     0.446861     0.531051  
   173     0.445996     0.530180  
   174     0.445255     0.529759  
   175     0.444426     0.529467  
   176     0.443606     0.529112  
   177     0.442843     0.528732  
   178     0.441903     0.528438  
   179     0.441198     0.527902  
   180     0.440604     0.527663  
   181     0.439676     0.527077  
   182     0.439058     0.526950  
   183     0.438496     0.526760  
   184     0.437908     0.526372  
   185     0.437341     0.526023  
   186     0.436519     0.525466  
   187     0.435831     0.524782  
   188     0.435163     0.524291  
   189     0.434444     0.523889  
   190     0.433790     0.523521  
   191     0.433030     0.523503  
   192     0.432054     0.522911  
   193     0.431285     0.522352  
   194     0.430749     0.522124  
   195     0.430050     0.521732  
   196     0.429642     0.521922  
   197     0.428912     0.521680  
   198     0.428259     0.521457  
   199     0.427663     0.521279  
   200     0.426856     0.520590  
   201     0.426372     0.520158  
   202     0.425709     0.519906  
   203     0.425064     0.519543  
   204     0.424363     0.518983  
   205     0.423842     0.518610  
   206     0.423343     0.518539  
   207     0.422734     0.518353  
   208     0.422226     0.517919  
   209     0.421678     0.517579  
   210     0.421169     0.517302  
   211     0.420505     0.516819  
   212     0.419863     0.516270  
   213     0.419197     0.515827  
   214     0.418571     0.515693  
   215     0.417895     0.515370  
   216     0.417394     0.515291  
   217     0.416998     0.515079  
   218     0.416402     0.514670  
   219     0.415775     0.514403  
   220     0.415362     0.514208  
   221     0.414542     0.513545  
   222     0.413876     0.513159  
   223     0.413294     0.512825  
   224     0.412671     0.512714  
   225     0.412213     0.512553  
   226     0.411435     0.512090  
   227     0.410914     0.511534  
   228     0.410453     0.511346  
   229     0.410019     0.511247  
   230     0.409482     0.510889  
   231     0.408938     0.510465  
   232     0.408334     0.509867  
   233     0.407795     0.509769  
   234     0.407333     0.509516  
   235     0.406709     0.509055  
   236     0.406138     0.509310  
   237     0.405607     0.509225  
   238     0.404911     0.508843  
   239     0.404373     0.508735  
   240     0.403790     0.508375  
   241     0.403159     0.508025  
   242     0.402513     0.507681  
   243     0.402059     0.507510  
   244     0.401525     0.507278  
   245     0.401011     0.506766  
   246     0.400319     0.506699  
   247     0.399729     0.506512  
   248     0.399229     0.506255  
   249     0.398547     0.505924  
   250     0.398002     0.505746  
   251     0.397503     0.505461  
   252     0.397109     0.505470  
   253     0.396357     0.505009  
   254     0.395981     0.504765  
   255     0.395408     0.504629  
   256     0.394887     0.504364  
   257     0.394213     0.503907  
   258     0.393535     0.503286  
   259     0.392814     0.502979  
   260     0.392380     0.503204  
   261     0.391706     0.502504  
   262     0.391272     0.502609  
   263     0.390782     0.502423  
   264     0.390160     0.502212  
   265     0.389715     0.502120  
   266     0.389026     0.501930  
   267     0.388561     0.501760  
   268     0.388268     0.501698  
   269     0.387904     0.501774  
   270     0.387216     0.501449  
   271     0.386815     0.501308  
   272     0.386202     0.500938  
   273     0.385662     0.500738  
   274     0.385021     0.500421  
   275     0.384530     0.500192  
   276     0.384033     0.500104  
   277     0.383495     0.500079  
   278     0.383103     0.499970  
   279     0.382696     0.499962  
   280     0.382342     0.499659  
   281     0.381926     0.499399  
   282     0.381101     0.498621  
   283     0.380584     0.498347  
   284     0.380154     0.497950  
   285     0.379676     0.497286  
   286     0.379169     0.496749  
   287     0.378637     0.496452  
   288     0.378199     0.496084  
   289     0.377799     0.495589  
   290     0.377464     0.495540  
   291     0.376886     0.495211  
   292     0.376371     0.495167  
   293     0.376017     0.495157  
   294     0.375325     0.494721  
   295     0.374805     0.494251  
   296     0.374453     0.494262  
   297     0.374089     0.494181  
   298     0.373644     0.494035  
   299     0.373293     0.493866  
   300     0.372644     0.493686  
   301     0.372170     0.493680  
   302     0.371725     0.493655  
   303     0.371358     0.493693  
   304     0.370966     0.493617  
   305     0.370449     0.493387  
   306     0.370144     0.493186  
   307     0.369718     0.493054  
   308     0.369322     0.492797  
   309     0.368792     0.492594  
   310     0.368502     0.492536  
   311     0.368170     0.492553  
   312     0.367712     0.492285  
   313     0.367175     0.491802  
   314     0.366822     0.491793  
   315     0.366514     0.491883  
   316     0.366169     0.491673  
   317     0.365795     0.491590  
   318     0.365351     0.491096  
   319     0.364632     0.490614  
   320     0.364279     0.490492  
   321     0.363854     0.490443  
   322     0.363470     0.490403  
   323     0.363022     0.490004  
   324     0.362554     0.489718  
   325     0.362115     0.489513  
   326     0.361643     0.489238  
   327     0.361224     0.489332  
   328     0.360842     0.489017  
   329     0.360417     0.488769  
   330     0.360116     0.488458  
   331     0.359776     0.488370  
   332     0.359478     0.487856  
   333     0.359048     0.487625  
   334     0.358565     0.487419  
   335     0.358104     0.487228  
   336     0.357684     0.486990  
   337     0.357175     0.486794  
   338     0.356722     0.486399  
   339     0.356216     0.485939  
   340     0.355874     0.485992  
   341     0.355498     0.485937  
   342     0.355149     0.485871  
   343     0.354741     0.485572  
   344     0.354288     0.485200  
   345     0.353734     0.484705  
   346     0.353335     0.484565  
   347     0.352941     0.484420  
   348     0.352486     0.484176  
   349     0.352079     0.483937  
   350     0.351724     0.483938  
   351     0.351185     0.483783  
   352     0.350659     0.483727  
   353     0.350361     0.483567  
   354     0.349756     0.483052  
   355     0.349404     0.482869  
   356     0.348933     0.482607  
   357     0.348542     0.482273  
   358     0.348085     0.481938  
   359     0.347742     0.481553  
   360     0.347369     0.481453  
   361     0.346915     0.481395  
   362     0.346619     0.481510  
   363     0.346084     0.481267  
   364     0.345806     0.481452  
   365     0.345492     0.481178  
   366     0.345220     0.481137  
   367     0.344831     0.481163  
   368     0.344335     0.480944  
   369     0.343837     0.480646  
   370     0.343509     0.480446  
   371     0.343095     0.480421  
   372     0.342820     0.480323  
   373     0.342428     0.480066  
   374     0.342016     0.480047  
   375     0.341679     0.479912  
   376     0.341151     0.479371  
   377     0.340848     0.479445  
   378     0.340383     0.479142  
   379     0.340071     0.479040  
   380     0.339735     0.479158  
   381     0.339407     0.478811  
   382     0.338996     0.478353  
   383     0.338670     0.478257  
   384     0.338376     0.478207  
   385     0.338105     0.478225  
   386     0.337718     0.477893  
   387     0.337377     0.477689  
   388     0.337038     0.477330  
   389     0.336657     0.477069  
   390     0.336329     0.477073  
   391     0.336010     0.476974  
   392     0.335590     0.476883  
   393     0.335277     0.476422  
   394     0.334840     0.476152  
   395     0.334351     0.475906  
   396     0.333796     0.475304  
   397     0.333194     0.474852  
   398     0.332831     0.474604  
   399     0.332614     0.474624  
   400     0.332254     0.474567  
   401     0.331764     0.474494  
   402     0.331447     0.474500  
   403     0.331197     0.474533  
   404     0.330899     0.474254  
   405     0.330199     0.473880  
   406     0.329843     0.473714  
   407     0.329532     0.473478  
   408     0.329128     0.473166  
   409     0.328664     0.473142  
   410     0.328251     0.473138  
   411     0.327871     0.473218  
   412     0.327532     0.473134  
   413     0.327196     0.472938  
   414     0.326922     0.472895  
   415     0.326483     0.472519  
   416     0.326195     0.472354  
   417     0.325878     0.472414  
   418     0.325508     0.472318  
   419     0.325152     0.472101  
   420     0.324814     0.472317  
   421     0.324465     0.472148  
   422     0.323985     0.471824  
   423     0.323669     0.471773  
   424     0.323374     0.471703  
   425     0.323147     0.471548  
   426     0.322599     0.470954  
   427     0.322242     0.470570  
   428     0.321946     0.470406  
   429     0.321547     0.470162  
   430     0.321265     0.470009  
   431     0.320922     0.469765  
   432     0.320626     0.469188  
   433     0.320107     0.468559  
   434     0.319576     0.468098  
   435     0.319295     0.467951  
   436     0.318871     0.467856  
   437     0.318654     0.467724  
   438     0.318369     0.467779  
   439     0.318008     0.467578  
   440     0.317724     0.467536  
   441     0.317494     0.467376  
   442     0.317154     0.467270  
   443     0.316874     0.467099  
   444     0.316611     0.466786  
   445     0.316355     0.466692  
   446     0.316009     0.466692  
   447     0.315710     0.466369  
   448     0.315421     0.466202  
   449     0.314997     0.466060  
   450     0.314456     0.465781  
   451     0.314005     0.465469  
   452     0.313750     0.465592  
   453     0.313484     0.465722  
   454     0.313107     0.465532  
   455     0.312829     0.465403  
   456     0.312448     0.465306  
   457     0.312118     0.465127  
   458     0.311718     0.464814  
   459     0.311419     0.464614  
   460     0.311192     0.464720  
   461     0.310868     0.464709  
   462     0.310571     0.464802  
   463     0.310307     0.464737  
   464     0.310105     0.464629  
   465     0.309806     0.464450  
   466     0.309513     0.464420  
   467     0.309160     0.464211  
   468     0.308856     0.464093  
   469     0.308500     0.463926  
   470     0.308132     0.463823  
   471     0.307803     0.463506  
   472     0.307319     0.463338  
   473     0.306961     0.463226  
   474     0.306687     0.463011  
   475     0.306427     0.463013  
   476     0.306152     0.462903  
   477     0.305855     0.462966  
   478     0.305592     0.462936  
   479     0.305331     0.462670  
   480     0.305034     0.462406  
   481     0.304694     0.462289  
   482     0.304420     0.462260  
   483     0.304045     0.461949  
   484     0.303794     0.461891  
   485     0.303541     0.461830  
   486     0.303216     0.461902  
   487     0.302764     0.461451  
   488     0.302399     0.461389  
   489     0.302125     0.461142  
   490     0.301900     0.461027  
   491     0.301522     0.460787  
   492     0.301272     0.460569  
   493     0.300949     0.460471  
   494     0.300576     0.460151  
   495     0.300366     0.460030  
   496     0.300064     0.459739  
   497     0.299794     0.459772  
   498     0.299572     0.459602  
   499     0.299308     0.459571  
   500     0.299031     0.459684  
   501     0.298737     0.459423  
   502     0.298395     0.459263  
   503     0.298091     0.458978  
   504     0.297917     0.459016  
   505     0.297532     0.458817  
   506     0.297199     0.458701  
   507     0.296892     0.458583  
   508     0.296655     0.458548  
   509     0.296458     0.458490  
   510     0.296175     0.458444  
   511     0.295899     0.458230  
   512     0.295536     0.458031  
   513     0.295303     0.457914  
   514     0.295052     0.457770  
   515     0.294624     0.457582  
   516     0.294402     0.457561  
   517     0.294109     0.457239  
   518     0.293859     0.457267  
   519     0.293603     0.457089  
   520     0.293413     0.457046  
   521     0.293202     0.456947  
   522     0.292926     0.456870  
   523     0.292699     0.456964  
   524     0.292455     0.456845  
   525     0.292241     0.456813  
   526     0.292000     0.456642  
   527     0.291677     0.456348  
   528     0.291515     0.456247  
   529     0.291255     0.456130  
   530     0.291008     0.456148  
   531     0.290790     0.456082  
   532     0.290515     0.455748  
   533     0.290304     0.455697  
   534     0.290031     0.455789  
   535     0.289796     0.455578  
   536     0.289543     0.455566  
   537     0.289243     0.455589  
   538     0.289099     0.455555  
   539     0.288734     0.455435  
   540     0.288522     0.455409  
   541     0.288257     0.455234  
   542     0.287958     0.454884  
   543     0.287685     0.454859  
   544     0.287392     0.454824  
   545     0.287132     0.454722  
   546     0.286935     0.454577  
   547     0.286718     0.454494  
   548     0.286382     0.454088  
   549     0.285973     0.453598  
   550     0.285775     0.453394  
   551     0.285557     0.453411  
   552     0.285348     0.453341  
   553     0.285131     0.453314  
   554     0.284914     0.453431  
   555     0.284693     0.453326  
   556     0.284337     0.453213  
   557     0.283978     0.452795  
   558     0.283809     0.452898  
   559     0.283577     0.452815  
   560     0.283317     0.452803  
   561     0.283077     0.452774  
   562     0.282808     0.452701  
   563     0.282418     0.452702  
   564     0.282219     0.452529  
   565     0.282018     0.452309  
   566     0.281758     0.452271  
   567     0.281461     0.452027  
   568     0.281145     0.452071  
   569     0.280940     0.451897  
   570     0.280675     0.451468  
   571     0.280405     0.451521  
   572     0.280069     0.451543  
   573     0.279674     0.451201  
   574     0.279467     0.451340  
   575     0.279248     0.451212  
   576     0.279030     0.451065  
   577     0.278757     0.450928  
   578     0.278574     0.450899  
   579     0.278346     0.450829  
   580     0.278014     0.450605  
   581     0.277739     0.450439  
   582     0.277415     0.450317  
   583     0.277211     0.450387  
   584     0.277015     0.450324  
   585     0.276785     0.449962  
   586     0.276470     0.449924  
   587     0.276288     0.449900  
   588     0.276054     0.449881  
   589     0.275838     0.449707  
   590     0.275536     0.449488  
   591     0.275243     0.449246  
   592     0.275033     0.449334  
   593     0.274834     0.449275  
   594     0.274591     0.449121  
   595     0.274348     0.448925  
   596     0.274101     0.448866  
   597     0.273910     0.448817  
   598     0.273787     0.448805  
   599     0.273644     0.448735  
   600     0.273449     0.448718  
   601     0.273232     0.448738  
   602     0.273015     0.448685  
   603     0.272790     0.448493  
   604     0.272562     0.448573  
   605     0.272302     0.448337  
   606     0.272141     0.448341  
   607     0.271945     0.448182  
   608     0.271772     0.448181  
   609     0.271582     0.448003  
   610     0.271399     0.447944  
   611     0.271122     0.447586  
   612     0.270832     0.447412  
   613     0.270570     0.447282  
   614     0.270363     0.447303  
   615     0.270199     0.447386  
   616     0.269960     0.447302  
   617     0.269680     0.446904  
   618     0.269463     0.446852  
   619     0.269269     0.446762  
   620     0.269093     0.446834  
   621     0.268906     0.446781  
   622     0.268720     0.446676  
   623     0.268470     0.446308  
   624     0.268143     0.446079  
   625     0.267936     0.446056  
   626     0.267725     0.445839  
   627     0.267554     0.445827  
   628     0.267391     0.445799  
   629     0.267233     0.445748  
   630     0.266977     0.445607  
   631     0.266745     0.445355  
   632     0.266540     0.445283  
   633     0.266259     0.445136  
   634     0.266007     0.445166  
   635     0.265828     0.445131  
   636     0.265560     0.445021  
   637     0.265332     0.444837  
   638     0.265110     0.444716  
   639     0.264891     0.444779  
   640     0.264642     0.444759  
   641     0.264342     0.444751  
   642     0.264166     0.444669  
   643     0.263898     0.444853  
   644     0.263720     0.444804  
   645     0.263543     0.444700  
   646     0.263391     0.444765  
   647     0.263135     0.444657  
   648     0.262907     0.444473  
   649     0.262741     0.444570  
   650     0.262573     0.444455  
   651     0.262425     0.444306  
   652     0.262244     0.444252  
   653     0.262041     0.443883  
   654     0.261827     0.443734  
   655     0.261506     0.443395  
   656     0.261337     0.443319  
   657     0.261175     0.443329  
   658     0.260971     0.443339  
   659     0.260801     0.443253  
   660     0.260580     0.443235  
   661     0.260401     0.443143  
   662     0.260184     0.443048  
   663     0.259985     0.442956  
   664     0.259711     0.442721  
   665     0.259516     0.442731  
   666     0.259304     0.442752  
   667     0.259161     0.442689  
   668     0.258927     0.442348  
   669     0.258694     0.442371  
   670     0.258446     0.442200  
   671     0.258208     0.441895  
   672     0.258038     0.441766  
   673     0.257893     0.441517  
   674     0.257631     0.441405  
   675     0.257408     0.441447  
   676     0.257226     0.441345  
   677     0.257046     0.441149  
   678     0.256770     0.441009  
   679     0.256619     0.441093  
   680     0.256399     0.440849  
   681     0.256213     0.440783  
   682     0.256019     0.440782  
   683     0.255799     0.440727  
   684     0.255590     0.440650  
   685     0.255422     0.440609  
   686     0.255261     0.440367  
   687     0.255077     0.440385  
   688     0.254907     0.440408  
   689     0.254742     0.440509  
   690     0.254493     0.440246  
   691     0.254319     0.440271  
   692     0.254133     0.440274  
   693     0.253949     0.440102  
   694     0.253672     0.439911  
   695     0.253513     0.439972  
   696     0.253279     0.439706  
   697     0.253098     0.439564  
   698     0.252858     0.439584  
   699     0.252652     0.439392  
   700     0.252453     0.439359  
   701     0.252301     0.439194  
   702     0.252118     0.439264  
   703     0.251916     0.439298  
   704     0.251771     0.439229  
   705     0.251522     0.438977  
   706     0.251342     0.438778  
   707     0.251149     0.438749  
   708     0.250991     0.438700  
   709     0.250740     0.438584  
   710     0.250600     0.438635  
   711     0.250462     0.438504  
   712     0.250275     0.438389  
   713     0.250111     0.438480  
   714     0.249941     0.438543  
   715     0.249710     0.438564  
   716     0.249536     0.438506  
   717     0.249344     0.438481  
   718     0.249159     0.438470  
   719     0.248993     0.438395  
   720     0.248842     0.438465  
   721     0.248692     0.438408  
   722     0.248543     0.438532  
   723     0.248295     0.438457  
   724     0.248084     0.438255  
   725     0.247937     0.438355  
   726     0.247807     0.438363  
   727     0.247608     0.438386  
   728     0.247454     0.438456  
   729     0.247258     0.438424  
   730     0.247032     0.438263  
   731     0.246855     0.438374  
   732     0.246646     0.438288  
   733     0.246512     0.438270  
   734     0.246311     0.438143  
   735     0.246095     0.437939  
   736     0.245920     0.438072  
   737     0.245755     0.437943  
   738     0.245552     0.437920  
   739     0.245369     0.438112  
   740     0.245161     0.437984  
   741     0.244988     0.437911  
   742     0.244858     0.437762  
   743     0.244637     0.437572  
   744     0.244399     0.437272  
   745     0.244216     0.437284  
   746     0.244050     0.437045  
   747     0.243841     0.437103  
   748     0.243655     0.437006  
   749     0.243483     0.436657  
   750     0.243327     0.436480  
   751     0.243076     0.436386  
   752     0.242878     0.436240  
   753     0.242706     0.436180  
   754     0.242498     0.436075  
   755     0.242374     0.436143  
   756     0.242252     0.436066  
   757     0.242094     0.435980  
   758     0.241901     0.435613  
   759     0.241736     0.435575  
   760     0.241588     0.435494  
   761     0.241390     0.435467  
   762     0.241219     0.435464  
   763     0.241010     0.435439  
   764     0.240786     0.435432  
   765     0.240610     0.435288  
   766     0.240329     0.435054  
   767     0.240148     0.435058  
   768     0.239919     0.435011  
   769     0.239733     0.434901  
   770     0.239546     0.434834  
   771     0.239300     0.434564  
   772     0.239143     0.434644  
   773     0.238977     0.434578  
   774     0.238844     0.434718  
   775     0.238647     0.434589  
   776     0.238483     0.434621  
   777     0.238335     0.434579  
   778     0.238110     0.434550  
   779     0.237926     0.434456  
   780     0.237805     0.434239  
   781     0.237603     0.434228  
   782     0.237457     0.434166  
   783     0.237277     0.434092  
   784     0.237041     0.434055  
   785     0.236862     0.434121  
   786     0.236662     0.434171  
   787     0.236489     0.434152  
   788     0.236304     0.434174  
   789     0.236161     0.434057  
   790     0.236038     0.433903  
   791     0.235805     0.433834  
   792     0.235624     0.433728  
   793     0.235475     0.433727  
   794     0.235335     0.433701  
   795     0.235174     0.433608  
   796     0.235011     0.433527  
   797     0.234837     0.433468  
   798     0.234701     0.433312  
   799     0.234557     0.433284  
   800     0.234418     0.433246  
   801     0.234273     0.433045  
   802     0.234158     0.432849  
   803     0.234014     0.432746  
   804     0.233883     0.432665  
   805     0.233697     0.432610  
   806     0.233504     0.432512  
   807     0.233314     0.432382  
   808     0.233141     0.432318  
   809     0.232953     0.432294  
   810     0.232812     0.432333  
   811     0.232605     0.432234  
   812     0.232448     0.432175  
   813     0.232281     0.432219  
   814     0.232123     0.432081  
   815     0.231940     0.432229  
   816     0.231802     0.432260  
   817     0.231637     0.432199  
   818     0.231478     0.432036  
   819     0.231358     0.432015  
   820     0.231162     0.431889  
   821     0.231016     0.431828  
   822     0.230858     0.431740  
   823     0.230735     0.431689  
   824     0.230524     0.431601  
   825     0.230407     0.431530  
   826     0.230190     0.431167  
   827     0.230058     0.431223  
   828     0.229908     0.431207  
   829     0.229740     0.431270  
   830     0.229560     0.431060  
   831     0.229396     0.431082  
   832     0.229253     0.431038  
   833     0.229086     0.430969  
   834     0.228945     0.431005  
   835     0.228779     0.431026  
   836     0.228583     0.430722  
   837     0.228435     0.430683  
   838     0.228259     0.430401  
   839     0.228129     0.430509  
   840     0.228017     0.430510  
   841     0.227833     0.430372  
   842     0.227718     0.430271  
   843     0.227600     0.430334  
   844     0.227481     0.430284  
   845     0.227336     0.430225  
   846     0.227176     0.429968  
   847     0.226990     0.429900  
   848     0.226848     0.429835  
   849     0.226717     0.429873  
   850     0.226584     0.429836  
   851     0.226446     0.429885  
   852     0.226292     0.429889  
   853     0.226141     0.429877  
   854     0.226016     0.429688  
   855     0.225873     0.429616  
   856     0.225682     0.429417  
   857     0.225514     0.429465  
   858     0.225417     0.429368  
   859     0.225272     0.429277  
   860     0.225126     0.429209  
   861     0.224946     0.429163  
   862     0.224786     0.429242  
   863     0.224651     0.429239  
   864     0.224495     0.429232  
   865     0.224371     0.429250  
   866     0.224245     0.429202  
   867     0.224102     0.429114  
   868     0.223959     0.429218  
   869     0.223815     0.429199  
   870     0.223669     0.429122  
   871     0.223474     0.428944  
   872     0.223337     0.428783  
   873     0.223194     0.428820  
   874     0.223016     0.428668  
   875     0.222861     0.428593  
   876     0.222669     0.428421  
   877     0.222454     0.428232  
   878     0.222317     0.428360  
   879     0.222179     0.428303  
   880     0.221991     0.428184  
   881     0.221848     0.428226  
   882     0.221591     0.428092  
   883     0.221447     0.427955  
   884     0.221282     0.427797  
   885     0.221136     0.427674  
   886     0.221021     0.427501  
   887     0.220884     0.427369  
   888     0.220726     0.427415  
   889     0.220585     0.427417  
   890     0.220440     0.427395  
   891     0.220312     0.427367  
   892     0.220143     0.427286  
   893     0.219996     0.427277  
   894     0.219849     0.427059  
   895     0.219713     0.426921  
   896     0.219585     0.426950  
   897     0.219398     0.426908  
   898     0.219278     0.426956  
   899     0.219124     0.427003  
   900     0.219002     0.427050  
   901     0.218841     0.427014  
   902     0.218679     0.426816  
   903     0.218564     0.426703  
   904     0.218474     0.426657  
   905     0.218308     0.426480  
   906     0.218211     0.426535  
   907     0.218073     0.426454  
   908     0.217916     0.426406  
   909     0.217776     0.426317  
   910     0.217601     0.426257  
   911     0.217446     0.426193  
   912     0.217314     0.426034  
   913     0.217190     0.426003  
   914     0.217080     0.425804  
   915     0.216915     0.425802  
   916     0.216775     0.425840  
   917     0.216608     0.425755  
   918     0.216471     0.425626  
   919     0.216300     0.425487  
   920     0.216146     0.425378  
   921     0.216013     0.425484  
   922     0.215870     0.425567  
   923     0.215703     0.425472  
   924     0.215579     0.425447  
   925     0.215461     0.425377  
   926     0.215358     0.425298  
   927     0.215241     0.425149  
   928     0.215078     0.425156  
   929     0.214931     0.425185  
   930     0.214715     0.424998  
   931     0.214506     0.424882  
   932     0.214352     0.424892  
   933     0.214196     0.424749  
   934     0.214061     0.424690  
   935     0.213969     0.424674  
   936     0.213872     0.424548  
   937     0.213711     0.424309  
   938     0.213584     0.424300  
   939     0.213468     0.424303  
   940     0.213304     0.424330  
   941     0.213217     0.424310  
   942     0.213086     0.424166  
   943     0.212942     0.424179  
   944     0.212805     0.424163  
   945     0.212684     0.424153  
   946     0.212586     0.424137  
   947     0.212465     0.424129  
   948     0.212323     0.424224  
   949     0.212127     0.424091  
   950     0.211985     0.424153  
   951     0.211821     0.424103  
   952     0.211695     0.424068  
   953     0.211586     0.424004  
   954     0.211440     0.423953  
   955     0.211320     0.424017  
   956     0.211198     0.424067  
   957     0.211085     0.424048  
   958     0.210962     0.424136  
   959     0.210827     0.423969  
   960     0.210722     0.423895  
   961     0.210605     0.423931  
   962     0.210513     0.423930  
   963     0.210403     0.423924  
   964     0.210261     0.423917  
   965     0.210102     0.423846  
   966     0.209997     0.423870  
   967     0.209800     0.423864  
   968     0.209695     0.423861  
   969     0.209599     0.423852  
   970     0.209489     0.423839  
   971     0.209381     0.423864  
   972     0.209213     0.423887  
   973     0.209094     0.423753  
   974     0.208948     0.423838  
   975     0.208808     0.423756  
   976     0.208668     0.423900  
   977     0.208535     0.424092  
   978     0.208382     0.423933  
   979     0.208248     0.423937  
   980     0.208116     0.423888  
   981     0.208006     0.423876  
   982     0.207891     0.423667  
   983     0.207771     0.423572  
   984     0.207611     0.423547  
   985     0.207475     0.423479  
   986     0.207337     0.423451  
   987     0.207194     0.423371  
   988     0.207092     0.423349  
   989     0.206973     0.423275  
   990     0.206860     0.423280  
   991     0.206764     0.423215  
   992     0.206635     0.423251  
   993     0.206514     0.423326  
   994     0.206401     0.423188  
   995     0.206319     0.423219  
   996     0.206191     0.423166  
   997     0.206091     0.423059  
   998     0.205967     0.422966  
   999     0.205861     0.423014  
  1000     0.205768     0.422861  
  1001     0.205642     0.422699  
  1002     0.205527     0.422787  
  1003     0.205374     0.422764  
  1004     0.205259     0.422739  
  1005     0.205128     0.422905  
  1006     0.205026     0.422989  
  1007     0.204920     0.423003  
  1008     0.204822     0.423089  
  1009     0.204724     0.423090  
  1010     0.204610     0.422893  
  1011     0.204496     0.422753  
  1012     0.204364     0.422692  
  1013     0.204246     0.422672  
  1014     0.204104     0.422781  
  1015     0.203975     0.422703  
  1016     0.203887     0.422677  
  1017     0.203785     0.422704  
  1018     0.203677     0.422705  
  1019     0.203563     0.422695  
  1020     0.203445     0.422630  
  1021     0.203359     0.422669  
  1022     0.203253     0.422580  
  1023     0.203104     0.422461  
  1024     0.202995     0.422517  
  1025     0.202847     0.422362  
  1026     0.202703     0.422236  
  1027     0.202584     0.422247  
  1028     0.202453     0.422287  
  1029     0.202309     0.422137  
  1030     0.202224     0.422154  
  1031     0.202068     0.422104  
  1032     0.201922     0.421992  
  1033     0.201768     0.421930  
  1034     0.201610     0.421899  
  1035     0.201513     0.421973  
  1036     0.201364     0.421965  
  1037     0.201239     0.421903  
  1038     0.201126     0.421839  
  1039     0.200971     0.421806  
  1040     0.200864     0.421869  
  1041     0.200738     0.421705  
  1042     0.200653     0.421651  
  1043     0.200562     0.421638  
  1044     0.200415     0.421512  
  1045     0.200307     0.421382  
  1046     0.200209     0.421379  
  1047     0.200100     0.421311  
  1048     0.199972     0.421299  
  1049     0.199848     0.421270  
  1050     0.199744     0.421198  
  1051     0.199638     0.421228  
  1052     0.199513     0.421075  
  1053     0.199344     0.420819  
  1054     0.199238     0.420779  
  1055     0.199145     0.420778  
  1056     0.199043     0.420711  
  1057     0.198885     0.420766  
  1058     0.198771     0.420794  
  1059     0.198659     0.420746  
  1060     0.198556     0.420805  
  1061     0.198461     0.420810  
  1062     0.198335     0.420863  
  1063     0.198169     0.420778  
  1064     0.198021     0.420788  
  1065     0.197909     0.420689  
  1066     0.197797     0.420558  
  1067     0.197672     0.420652  
  1068     0.197520     0.420409  
  1069     0.197381     0.420280  
  1070     0.197284     0.420294  
  1071     0.197147     0.420338  
  1072     0.197027     0.420355  
  1073     0.196920     0.420303  
  1074     0.196835     0.420275  
  1075     0.196750     0.420402  
  1076     0.196623     0.420442  
  1077     0.196513     0.420359  
  1078     0.196373     0.420312  
  1079     0.196269     0.420366  
  1080     0.196163     0.420421  
  1081     0.196088     0.420331  
  1082     0.195921     0.420404  
  1083     0.195794     0.420390  
  1084     0.195653     0.420339  
  1085     0.195551     0.420327  
  1086     0.195423     0.420272  
  1087     0.195324     0.420172  
  1088     0.195233     0.420217  
  1089     0.195129     0.420080  
  1090     0.195023     0.420093  
  1091     0.194896     0.420033  
  1092     0.194809     0.420130  
  1093     0.194725     0.420134  
  1094     0.194590     0.420152  
  1095     0.194480     0.419999  
  1096     0.194363     0.419947  
  1097     0.194239     0.419899  
  1098     0.194151     0.419980  
  1099     0.194041     0.420031  
  1100     0.193932     0.419992  
  1101     0.193845     0.419980  
  1102     0.193759     0.419898  
  1103     0.193643     0.419825  
  1104     0.193539     0.419893  
  1105     0.193463     0.419882  
  1106     0.193364     0.419751  
  1107     0.193234     0.419653  
  1108     0.193078     0.419643  
  1109     0.192969     0.419628  
  1110     0.192845     0.419723  
  1111     0.192753     0.419787  
  1112     0.192664     0.419692  
  1113     0.192574     0.419872  
  1114     0.192472     0.419834  
  1115     0.192349     0.419862  
  1116     0.192258     0.419938  
  1117     0.192176     0.419990  
  1118     0.192029     0.419870  
  1119     0.191894     0.419686  
  1120     0.191800     0.419781  
  1121     0.191697     0.419806  
  1122     0.191597     0.419753  
  1123     0.191523     0.419845  
  1124     0.191415     0.419821  
  1125     0.191309     0.419793  
  1126     0.191225     0.419701  
  1127     0.191109     0.419596  
  1128     0.191011     0.419577  
  1129     0.190930     0.419590  
  1130     0.190816     0.419613  
  1131     0.190731     0.419456  
  1132     0.190620     0.419344  
  1133     0.190490     0.419217  
  1134     0.190384     0.419194  
  1135     0.190281     0.419192  
  1136     0.190171     0.419127  
  1137     0.190097     0.419111  
  1138     0.189981     0.419131  
  1139     0.189888     0.419053  
  1140     0.189789     0.419015  
  1141     0.189688     0.418990  
  1142     0.189540     0.418879  
  1143     0.189459     0.418888  
  1144     0.189348     0.418856  
  1145     0.189269     0.418914  
  1146     0.189185     0.419042  
  1147     0.189065     0.418930  
  1148     0.188978     0.418925  
  1149     0.188861     0.418981  
  1150     0.188721     0.419020  
  1151     0.188625     0.419026  
  1152     0.188466     0.418863  
  1153     0.188333     0.418679  
  1154     0.188201     0.418645  
  1155     0.188132     0.418572  
  1156     0.188041     0.418590  
  1157     0.187932     0.418557  
  1158     0.187807     0.418602  
  1159     0.187700     0.418601  
  1160     0.187611     0.418565  
  1161     0.187467     0.418462  
  1162     0.187391     0.418451  
  1163     0.187322     0.418554  
  1164     0.187209     0.418520  
  1165     0.187117     0.418567  
  1166     0.187027     0.418495  
  1167     0.186930     0.418524  
  1168     0.186841     0.418492  
  1169     0.186704     0.418372  
  1170     0.186628     0.418306  
  1171     0.186475     0.418139  
  1172     0.186361     0.418219  
  1173     0.186257     0.418251  
  1174     0.186166     0.418274  
  1175     0.186048     0.418250  
  1176     0.185939     0.418270  
  1177     0.185844     0.418283  
  1178     0.185769     0.418191  
  1179     0.185689     0.418122  
  1180     0.185579     0.417909  
  1181     0.185486     0.417699  
  1182     0.185414     0.417729  
  1183     0.185289     0.417630  
  1184     0.185176     0.417550  
  1185     0.185039     0.417472  
  1186     0.184962     0.417448  
  1187     0.184856     0.417359  
  1188     0.184774     0.417269  
  1189     0.184692     0.417193  
  1190     0.184604     0.417144  
  1191     0.184509     0.417069  
  1192     0.184391     0.416984  
  1193     0.184284     0.416880  
  1194     0.184179     0.416728  
  1195     0.184071     0.416909  
  1196     0.183937     0.416937  
  1197     0.183844     0.417017  
  1198     0.183750     0.416920  
  1199     0.183646     0.416988  
  1200     0.183534     0.416914  
  1201     0.183463     0.416864  
  1202     0.183357     0.416818  
  1203     0.183283     0.416821  
  1204     0.183155     0.416628  
  1205     0.183052     0.416652  
  1206     0.182934     0.416516  
  1207     0.182835     0.416474  
  1208     0.182745     0.416446  
  1209     0.182664     0.416435  
  1210     0.182550     0.416342  
  1211     0.182473     0.416356  
  1212     0.182389     0.416486  
  1213     0.182266     0.416349  
  1214     0.182188     0.416251  
  1215     0.182083     0.416187  
  1216     0.181993     0.416154  
  1217     0.181858     0.416297  
  1218     0.181747     0.416273  
  1219     0.181692     0.416236  
  1220     0.181610     0.416243  
  1221     0.181527     0.416189  
  1222     0.181417     0.416223  
  1223     0.181325     0.416145  
  1224     0.181207     0.416060  
  1225     0.181128     0.416046  
  1226     0.181069     0.415990  
  1227     0.180955     0.416002  
  1228     0.180827     0.415943  
  1229     0.180733     0.415980  
  1230     0.180613     0.415949  
  1231     0.180531     0.415954  
  1232     0.180468     0.415978  
  1233     0.180377     0.416031  
  1234     0.180296     0.415988  
  1235     0.180237     0.415948  
  1236     0.180125     0.416078  
  1237     0.180032     0.415978  
  1238     0.179908     0.415947  
  1239     0.179820     0.416006  
  1240     0.179734     0.416035  
  1241     0.179610     0.416111  
  1242     0.179516     0.416100  
  1243     0.179428     0.416120  
  1244     0.179338     0.416125  
  1245     0.179214     0.416145  
  1246     0.179146     0.416144  
  1247     0.179056     0.416188  
  1248     0.178980     0.416179  
  1249     0.178915     0.416228  
  1250     0.178810     0.416298  
  1251     0.178704     0.416195  
  1252     0.178631     0.416140  
  1253     0.178534     0.416031  
  1254     0.178452     0.416069  
  1255     0.178318     0.415971  
  1256     0.178229     0.415979  
  1257     0.178164     0.415883  
  1258     0.178083     0.415863  
  1259     0.177994     0.415861  
  1260     0.177899     0.415879  
  1261     0.177825     0.415726  
  1262     0.177752     0.415707  
  1263     0.177624     0.415846  
  1264     0.177526     0.415858  
  1265     0.177460     0.415848  
  1266     0.177365     0.415807  
  1267     0.177293     0.415887  
  1268     0.177230     0.415970  
  1269     0.177127     0.415884  
  1270     0.177036     0.415945  
  1271     0.176944     0.415941  
  1272     0.176844     0.415875  
  1273     0.176737     0.415765  
  1274     0.176636     0.415804  
  1275     0.176539     0.415797  
  1276     0.176461     0.415786  
  1277     0.176377     0.415799  
  1278     0.176276     0.415722  
  1279     0.176190     0.415699  
  1280     0.176119     0.415602  
  1281     0.176039     0.415540  
  1282     0.175952     0.415605  
  1283     0.175891     0.415719  
  1284     0.175815     0.415687  
  1285     0.175715     0.415659  
  1286     0.175635     0.415664  
  1287     0.175549     0.415583  
  1288     0.175458     0.415655  
  1289     0.175347     0.415753  
  1290     0.175260     0.415638  
  1291     0.175141     0.415483  
  1292     0.175042     0.415594  
  1293     0.174951     0.415552  
  1294     0.174881     0.415569  
  1295     0.174765     0.415512  
  1296     0.174658     0.415518  
  1297     0.174525     0.415658  
  1298     0.174424     0.415628  
  1299     0.174356     0.415629  
  1300     0.174255     0.415576  
  1301     0.174174     0.415608  
  1302     0.174089     0.415495  
  1303     0.173989     0.415453  
  1304     0.173892     0.415406  
  1305     0.173810     0.415425  
  1306     0.173728     0.415439  
  1307     0.173637     0.415444  
  1308     0.173552     0.415371  
  1309     0.173481     0.415319  
  1310     0.173403     0.415284  
  1311     0.173319     0.415307  
  1312     0.173214     0.415322  
  1313     0.173130     0.415235  
  1314     0.173058     0.415221  
  1315     0.172987     0.415170  
  1316     0.172928     0.415242  
  1317     0.172852     0.415402  
  1318     0.172804     0.415420  
  1319     0.172701     0.415437  
  1320     0.172645     0.415347  
  1321     0.172513     0.415346  
  1322     0.172445     0.415317  
  1323     0.172368     0.415225  
  1324     0.172288     0.415195  
  1325     0.172193     0.415078  
  1326     0.172095     0.415006  
  1327     0.172000     0.415013  
  1328     0.171917     0.414953  
  1329     0.171824     0.415055  
  1330     0.171722     0.414894  
  1331     0.171617     0.414929  
  1332     0.171514     0.414854  
  1333     0.171443     0.414818  
  1334     0.171357     0.414829  
  1335     0.171276     0.414823  
  1336     0.171198     0.414839  
  1337     0.171099     0.414817  
  1338     0.171020     0.414859  
  1339     0.170960     0.414850  
  1340     0.170882     0.414824  
  1341     0.170813     0.414747  
  1342     0.170740     0.414761  
  1343     0.170622     0.414814  
  1344     0.170541     0.414789  
  1345     0.170474     0.414824  
  1346     0.170367     0.414761  
  1347     0.170290     0.414700  
  1348     0.170194     0.414595  
  1349     0.170114     0.414503  
  1350     0.170031     0.414410  
  1351     0.169941     0.414383  
  1352     0.169876     0.414328  
  1353     0.169796     0.414292  
  1354     0.169717     0.414255  
  1355     0.169621     0.414189  
  1356     0.169538     0.414234  
  1357     0.169437     0.414279  
  1358     0.169343     0.414263  
  1359     0.169229     0.414204  
  1360     0.169144     0.414137  
  1361     0.169070     0.414094  
  1362     0.169003     0.414058  
  1363     0.168936     0.414005  
  1364     0.168861     0.414009  
  1365     0.168802     0.414086  
  1366     0.168720     0.414010  
  1367     0.168631     0.413924  
  1368     0.168556     0.413858  
  1369     0.168486     0.413805  
  1370     0.168376     0.413783  
  1371     0.168305     0.413745  
  1372     0.168200     0.413626  
  1373     0.168114     0.413618  
  1374     0.168046     0.413589  
  1375     0.167948     0.413595  
  1376     0.167871     0.413624  
  1377     0.167801     0.413598  
  1378     0.167732     0.413640  
  1379     0.167668     0.413523  
  1380     0.167541     0.413511  
  1381     0.167476     0.413597  
  1382     0.167396     0.413671  
  1383     0.167325     0.413700  
  1384     0.167251     0.413734  
  1385     0.167165     0.413598  
  1386     0.167097     0.413564  
  1387     0.166977     0.413402  
  1388     0.166901     0.413427  
  1389     0.166825     0.413417  
  1390     0.166753     0.413486  
  1391     0.166654     0.413432  
  1392     0.166566     0.413400  
  1393     0.166474     0.413384  
  1394     0.166395     0.413269  
  1395     0.166307     0.413253  
  1396     0.166204     0.413152  
  1397     0.166105     0.413038  
  1398     0.166049     0.413013  
  1399     0.165967     0.413145  
  1400     0.165878     0.413278  
  1401     0.165803     0.413285  
  1402     0.165698     0.413234  
  1403     0.165633     0.413048  
  1404     0.165562     0.413082  
  1405     0.165495     0.413129  
  1406     0.165397     0.413089  
  1407     0.165300     0.413148  
  1408     0.165227     0.413150  
  1409     0.165117     0.413190  
  1410     0.165034     0.413178  
  1411     0.164955     0.413171  
  1412     0.164879     0.413186  
  1413     0.164809     0.413238  
  1414     0.164720     0.413107  
  1415     0.164643     0.413145  
  1416     0.164540     0.413064  
  1417     0.164471     0.413015  
  1418     0.164400     0.413075  
  1419     0.164339     0.413095  
  1420     0.164259     0.413179  
  1421     0.164167     0.413080  
  1422     0.164077     0.413044  
  1423     0.164002     0.413053  
  1424     0.163932     0.413003  
  1425     0.163850     0.412914  
  1426     0.163757     0.412851  
  1427     0.163659     0.412757  
  1428     0.163581     0.412816  
  1429     0.163523     0.412754  
  1430     0.163448     0.412821  
  1431     0.163366     0.412775  
  1432     0.163273     0.412738  
  1433     0.163212     0.412681  
  1434     0.163138     0.412737  
  1435     0.163059     0.412614  
  1436     0.162977     0.412766  
  1437     0.162916     0.412811  
  1438     0.162842     0.412773  
  1439     0.162747     0.412707  
  1440     0.162668     0.412676  
  1441     0.162603     0.412615  
  1442     0.162509     0.412702  
  1443     0.162448     0.412708  
  1444     0.162380     0.412657  
  1445     0.162314     0.412565  
  1446     0.162248     0.412663  
  1447     0.162160     0.412540  
  1448     0.162093     0.412499  
  1449     0.162029     0.412558  
  1450     0.161954     0.412687  
  1451     0.161864     0.412643  
  1452     0.161798     0.412622  
  1453     0.161734     0.412659  
  1454     0.161650     0.412605  
  1455     0.161568     0.412511  
  1456     0.161500     0.412414  
  1457     0.161420     0.412295  
  1458     0.161328     0.412331  
  1459     0.161251     0.412413  
  1460     0.161186     0.412486  
  1461     0.161116     0.412477  
  1462     0.161045     0.412456  
  1463     0.160987     0.412391  
  1464     0.160909     0.412395  
  1465     0.160810     0.412337  
  1466     0.160747     0.412303  
  1467     0.160681     0.412348  
  1468     0.160599     0.412397  
  1469     0.160524     0.412418  
  1470     0.160425     0.412459  
  1471     0.160350     0.412403  
  1472     0.160252     0.412416  
  1473     0.160163     0.412432  
  1474     0.160089     0.412504  
  1475     0.160015     0.412481  
  1476     0.159942     0.412395  
  1477     0.159884     0.412341  
  1478     0.159815     0.412412  
  1479     0.159751     0.412436  
  1480     0.159658     0.412406  
  1481     0.159576     0.412302  
  1482     0.159509     0.412342  
  1483     0.159442     0.412341  
  1484     0.159354     0.412267  
  1485     0.159261     0.412230  
  1486     0.159189     0.412268  
  1487     0.159121     0.412279  
  1488     0.159038     0.412280  
  1489     0.158983     0.412341  
  1490     0.158915     0.412364  
  1491     0.158837     0.412388  
  1492     0.158769     0.412449  
  1493     0.158701     0.412430  
  1494     0.158626     0.412422  
  1495     0.158572     0.412375  
  1496     0.158490     0.412303  
  1497     0.158417     0.412355  
  1498     0.158345     0.412382  
  1499     0.158255     0.412547  
  1500     0.158206     0.412567  
  1501     0.158142     0.412551  
  1502     0.158076     0.412537  
  1503     0.158007     0.412558  
  1504     0.157941     0.412596  
  1505     0.157887     0.412624  
  1506     0.157816     0.412652  
  1507     0.157755     0.412641  
  1508     0.157714     0.412606  
  1509     0.157634     0.412555  
  1510     0.157566     0.412524  
  1511     0.157507     0.412514  
  1512     0.157441     0.412381  
  1513     0.157373     0.412368  
  1514     0.157308     0.412414  
  1515     0.157249     0.412325  
  1516     0.157194     0.412335  
  1517     0.157134     0.412316  
  1518     0.157056     0.412292  
  1519     0.156990     0.412190  
  1520     0.156927     0.412175  
  1521     0.156879     0.412067  
  1522     0.156804     0.412084  
  1523     0.156744     0.412023  
  1524     0.156694     0.412005  
  1525     0.156622     0.411990  
  1526     0.156542     0.411998  
  1527     0.156474     0.411899  
  1528     0.156384     0.411903  
  1529     0.156325     0.411961  
  1530     0.156241     0.411973  
  1531     0.156174     0.411917  
  1532     0.156104     0.411925  
  1533     0.156026     0.411869  
  1534     0.155962     0.411823  
  1535     0.155887     0.411809  
  1536     0.155830     0.411763  
  1537     0.155767     0.411658  
  1538     0.155700     0.411658  
  1539     0.155620     0.411648  
  1540     0.155540     0.411698  
  1541     0.155483     0.411686  
  1542     0.155414     0.411620  
  1543     0.155335     0.411632  
  1544     0.155287     0.411592  
  1545     0.155231     0.411557  
  1546     0.155152     0.411595  
  1547     0.155090     0.411511  
  1548     0.155022     0.411594  
  1549     0.154918     0.411533  
  1550     0.154864     0.411605  
  1551     0.154801     0.411554  
  1552     0.154724     0.411618  
  1553     0.154643     0.411675  
  1554     0.154593     0.411706  
  1555     0.154523     0.411671  
  1556     0.154441     0.411652  
  1557     0.154389     0.411697  
  1558     0.154315     0.411603  
  1559     0.154269     0.411527  
  1560     0.154206     0.411551  
  1561     0.154141     0.411575  
  1562     0.154058     0.411440  
  1563     0.153994     0.411474  
  1564     0.153927     0.411437  
  1565     0.153854     0.411370  
  1566     0.153799     0.411352  
  1567     0.153741     0.411415  
  1568     0.153666     0.411317  
  1569     0.153590     0.411294  
  1570     0.153511     0.411387  
  1571     0.153438     0.411486  
  1572     0.153382     0.411457  
  1573     0.153303     0.411365  
  1574     0.153235     0.411348  
  1575     0.153168     0.411329  
  1576     0.153114     0.411285  
  1577     0.153050     0.411316  
  1578     0.152980     0.411274  
  1579     0.152918     0.411177  
  1580     0.152859     0.411233  
  1581     0.152793     0.411270  
  1582     0.152738     0.411230  
  1583     0.152677     0.411231  
  1584     0.152606     0.411289  
  1585     0.152522     0.411264  
  1586     0.152449     0.411296  
  1587     0.152401     0.411348  
  1588     0.152336     0.411243  
  1589     0.152284     0.411162  
  1590     0.152215     0.411094  
  1591     0.152152     0.411113  
  1592     0.152101     0.411248  
  1593     0.152048     0.411240  
  1594     0.151992     0.411312  
  1595     0.151933     0.411288  
  1596     0.151877     0.411273  
  1597     0.151810     0.411351  
  1598     0.151764     0.411322  
  1599     0.151692     0.411345  
  1600     0.151611     0.411294  
  1601     0.151539     0.411288  
  1602     0.151480     0.411231  
  1603     0.151415     0.411231  
  1604     0.151357     0.411193  
  1605     0.151299     0.411150  
  1606     0.151237     0.411114  
  1607     0.151161     0.411091  
  1608     0.151078     0.411004  
  1609     0.151008     0.410963  
  1610     0.150938     0.410991  
  1611     0.150868     0.410890  
  1612     0.150803     0.410845  
  1613     0.150740     0.410744  
  1614     0.150659     0.410726  
  1615     0.150599     0.410822  
  1616     0.150523     0.410804  
  1617     0.150462     0.410840  
  1618     0.150414     0.410810  
  1619     0.150342     0.410846  
  1620     0.150280     0.410842  
  1621     0.150216     0.410870  
  1622     0.150157     0.410824  
  1623     0.150099     0.410878  
  1624     0.150058     0.410853  
  1625     0.149997     0.410744  
  1626     0.149951     0.410750  
  1627     0.149885     0.410691  
  1628     0.149817     0.410539  
  1629     0.149762     0.410623  
  1630     0.149723     0.410551  
  1631     0.149657     0.410548  
  1632     0.149600     0.410517  
  1633     0.149533     0.410575  
  1634     0.149441     0.410508  
  1635     0.149385     0.410482  
  1636     0.149323     0.410526  
  1637     0.149259     0.410625  
  1638     0.149199     0.410573  
  1639     0.149132     0.410439  
  1640     0.149067     0.410547  
  1641     0.149015     0.410607  
  1642     0.148958     0.410629  
  1643     0.148858     0.410523  
  1644     0.148794     0.410421  
  1645     0.148729     0.410436  
  1646     0.148662     0.410500  
  1647     0.148598     0.410568  
  1648     0.148533     0.410520  
  1649     0.148481     0.410485  
  1650     0.148436     0.410506  
  1651     0.148361     0.410521  
  1652     0.148293     0.410538  
  1653     0.148240     0.410566  
  1654     0.148181     0.410585  
  1655     0.148130     0.410611  
  1656     0.148061     0.410441  
  1657     0.147997     0.410506  
  1658     0.147932     0.410505  
  1659     0.147863     0.410517  
  1660     0.147802     0.410558  
  1661     0.147737     0.410502  
  1662     0.147681     0.410422  
  1663     0.147610     0.410366  
  1664     0.147545     0.410416  
  1665     0.147495     0.410356  
  1666     0.147430     0.410339  
  1667     0.147358     0.410313  
  1668     0.147311     0.410308  
  1669     0.147222     0.410260  
  1670     0.147159     0.410294  
  1671     0.147094     0.410279  
  1672     0.147019     0.410243  
  1673     0.146958     0.410203  
  1674     0.146880     0.410111  
  1675     0.146805     0.410064  
  1676     0.146751     0.410061  
  1677     0.146678     0.410038  
  1678     0.146602     0.410016  
  1679     0.146547     0.410031  
  1680     0.146484     0.410051  
  1681     0.146418     0.410009  
  1682     0.146342     0.409864  
  1683     0.146252     0.409843  
  1684     0.146197     0.409865  
  1685     0.146135     0.409820  
  1686     0.146086     0.409837  
  1687     0.146031     0.409821  
  1688     0.145981     0.409870  
  1689     0.145907     0.409843  
  1690     0.145863     0.409813  
  1691     0.145803     0.409781  
  1692     0.145746     0.409801  
  1693     0.145702     0.409698  
  1694     0.145645     0.409765  
  1695     0.145574     0.409725  
  1696     0.145526     0.409720  
  1697     0.145483     0.409776  
  1698     0.145420     0.409795  
  1699     0.145366     0.409700  
  1700     0.145311     0.409608  
  1701     0.145242     0.409627  
  1702     0.145185     0.409669  
  1703     0.145106     0.409640  
  1704     0.145046     0.409672  
  1705     0.144981     0.409662  
  1706     0.144928     0.409608  
  1707     0.144869     0.409500  
  1708     0.144820     0.409501  
  1709     0.144767     0.409447  
  1710     0.144714     0.409444  
  1711     0.144672     0.409554  
  1712     0.144604     0.409674  
  1713     0.144552     0.409753  
  1714     0.144480     0.409774  
  1715     0.144424     0.409789  
  1716     0.144370     0.409648  
  1717     0.144298     0.409604  
  1718     0.144211     0.409696  
  1719     0.144146     0.409672  
  1720     0.144064     0.409644  
  1721     0.144001     0.409592  
  1722     0.143956     0.409611  
  1723     0.143877     0.409589  
  1724     0.143822     0.409536  
  1725     0.143773     0.409575  
  1726     0.143684     0.409558  
  1727     0.143617     0.409504  
  1728     0.143560     0.409486  
  1729     0.143498     0.409446  
  1730     0.143426     0.409356  * best
  1731     0.143380     0.409383  
  1732     0.143314     0.409515  
  1733     0.143250     0.409559  
  1734     0.143203     0.409569  
  1735     0.143138     0.409693  
  1736     0.143069     0.409742  
  1737     0.143006     0.409715  
  1738     0.142924     0.409741  
  1739     0.142850     0.409707  
  1740     0.142792     0.409716  
  1741     0.142739     0.409759  
  1742     0.142682     0.409774  
  1743     0.142625     0.409795  
  1744     0.142580     0.409798  
  1745     0.142503     0.409787  
  1746     0.142452     0.409668  
  1747     0.142415     0.409670  
  1748     0.142375     0.409644  
  1749     0.142323     0.409612  
  1750     0.142275     0.409662  
  1751     0.142222     0.409650  
  1752     0.142180     0.409662  
  1753     0.142119     0.409660  
  1754     0.142040     0.409617  
  1755     0.141972     0.409685  
  1756     0.141905     0.409679  
  1757     0.141847     0.409651  
  1758     0.141776     0.409652  
  1759     0.141727     0.409729  
  1760     0.141660     0.409618  
  1761     0.141607     0.409750  
  1762     0.141556     0.409729  
  1763     0.141490     0.409683  
  1764     0.141438     0.409649  
  1765     0.141392     0.409662  
  1766     0.141328     0.409748  
  1767     0.141283     0.409692  
  1768     0.141228     0.409654  
  1769     0.141169     0.409682  
  1770     0.141112     0.409704  
  1771     0.141059     0.409621  
  1772     0.141013     0.409637  
  1773     0.140956     0.409585  
  1774     0.140892     0.409618  
  1775     0.140846     0.409608  
  1776     0.140785     0.409665  
  1777     0.140731     0.409624  
  1778     0.140684     0.409585  
  1779     0.140636     0.409481  
  1780     0.140585     0.409494  
  1781     0.140543     0.409530  
  1782     0.140474     0.409569  
  1783     0.140417     0.409621  
  1784     0.140343     0.409617  
  1785     0.140276     0.409657  
  1786     0.140206     0.409606  
  1787     0.140146     0.409724  
  1788     0.140087     0.409750  
  1789     0.140027     0.409739  
  1790     0.139973     0.409622  
  1791     0.139919     0.409650  
  1792     0.139841     0.409677  
  1793     0.139788     0.409687  
  1794     0.139726     0.409647  
  1795     0.139686     0.409669  
  1796     0.139628     0.409720  
  1797     0.139560     0.409763  
  1798     0.139501     0.409862  
  1799     0.139425     0.409864  
  1800     0.139378     0.409853  
  1801     0.139315     0.409859  
  1802     0.139264     0.409901  
  1803     0.139212     0.409917  
  1804     0.139157     0.409853  
  1805     0.139105     0.409869  
  1806     0.139060     0.409824  
  1807     0.138989     0.409854  
  1808     0.138933     0.409838  
  1809     0.138845     0.409751  
  1810     0.138799     0.409838  
  1811     0.138758     0.409920  
  1812     0.138697     0.409895  
  1813     0.138626     0.409828  
  1814     0.138567     0.409817  
  1815     0.138497     0.409888  
  1816     0.138416     0.409903  
  1817     0.138369     0.410003  
  1818     0.138320     0.409980  
  1819     0.138260     0.410069  
  1820     0.138211     0.410050  
  1821     0.138169     0.410061  
  1822     0.138120     0.410099  
  1823     0.138068     0.410093  
  1824     0.138006     0.410123  
  1825     0.137949     0.410006  
  1826     0.137898     0.409974  
  1827     0.137847     0.410093  
  1828     0.137777     0.410048  
  1829     0.137719     0.410009  
  1830     0.137664     0.410020  
# best iteration 1730 (val l2 0.409356)
# Spearman  train +0.9338  val +0.7738  test +0.7661
