# seq+boltz_pooled seed 4
# sequence baseline concatenated with the Boltz pooled blocks
# input dim 2407, 312,385 parameters
# Linear(n_in,128) -> GELU -> Dropout(0.3) -> Linear(128,32) -> GELU -> Dropout(0.3) -> Linear(32,1)
# Adam lr=0.001 weight_decay=0.0001 batch=32 dropout=0.3
# loss = MSE on standardised log10 half-life
# early stopping on validation loss, patience 40, max 300 epochs
#
 epoch  train_batch        train          val  note
     1     0.603349     0.402984     0.472551  * best
     2     0.435542     0.285994     0.395516  * best
     3     0.355882     0.222844     0.384480  * best
     4     0.324038     0.212899     0.370803  * best
     5     0.283085     0.189756     0.374021  
     6     0.255049     0.149751     0.379468  
     7     0.238992     0.150316     0.367399  * best
     8     0.226787     0.119974     0.355565  * best
     9     0.212170     0.133690     0.360485  
    10     0.190934     0.100675     0.353593  * best
    11     0.188223     0.093887     0.363580  
    12     0.181852     0.099191     0.344658  * best
    13     0.178371     0.093757     0.347945  
    14     0.167746     0.084390     0.351969  
    15     0.162026     0.086235     0.342238  * best
    16     0.160349     0.087404     0.358238  
    17     0.153357     0.069104     0.357138  
    18     0.144838     0.071041     0.351374  
    19     0.142591     0.075258     0.344455  
    20     0.144175     0.074911     0.349069  
    21     0.146689     0.063237     0.355822  
    22     0.139453     0.074676     0.349941  
    23     0.141636     0.073486     0.356479  
    24     0.138719     0.056931     0.367186  
    25     0.131836     0.069727     0.361233  
    26     0.128326     0.061876     0.356320  
    27     0.126339     0.053776     0.366216  
    28     0.129932     0.057217     0.374676  
    29     0.120862     0.054486     0.355775  
    30     0.120910     0.055726     0.353524  
    31     0.124785     0.056632     0.354595  
    32     0.127064     0.060935     0.361604  
    33     0.124343     0.052508     0.352002  
    34     0.121244     0.061540     0.367482  
    35     0.119326     0.048516     0.356014  
    36     0.115090     0.053550     0.370431  
    37     0.118290     0.053675     0.365012  
    38     0.117500     0.056214     0.368436  
    39     0.113835     0.043932     0.356763  
    40     0.114605     0.059306     0.366583  
    41     0.110720     0.051535     0.363816  
    42     0.111833     0.058390     0.366046  
    43     0.113190     0.041781     0.371552  
    44     0.112508     0.052794     0.358227  
    45     0.112920     0.054675     0.364139  
    46     0.108462     0.043112     0.353591  
    47     0.113738     0.044855     0.362920  
    48     0.106508     0.047151     0.358532  
    49     0.108231     0.054668     0.358863  
    50     0.112103     0.046996     0.370082  
    51     0.107925     0.055930     0.374956  
    52     0.105911     0.046907     0.370243  
    53     0.106033     0.041330     0.360817  
    54     0.104186     0.044447     0.355001  
    55     0.110462     0.049144     0.355168  
# stopped at epoch 55: no improvement for 40 epochs
# restored epoch 15 (val MSE 0.342238)
# Spearman  train +0.9596  val +0.8184  test +0.7830
