# gbm_boltz+node+energy+edge seed 2
# boosted trees on boltz+node+energy+edge
# inputs 27947, 241 trees
# LightGBM gradient-boosted trees, objective l2, lr 0.05, num_leaves 31, min_data_in_leaf 20, feature_fraction 0.3, bagging 0.8, lambda_l2 1.0, up to 3000 rounds, early stopping 100 on validation l2
# loss = l2 on standardised log10 half-life
#
 round        train          val  note
     1     0.955768     0.802776  
     2     0.915039     0.792748  
     3     0.879698     0.789258  
     4     0.846086     0.790033  
     5     0.813759     0.783380  
     6     0.784912     0.779151  
     7     0.757651     0.770118  
     8     0.731912     0.764670  
     9     0.708857     0.756969  
    10     0.686588     0.747585  
    11     0.665087     0.740807  
    12     0.646542     0.731231  
    13     0.628084     0.728702  
    14     0.611552     0.723922  
    15     0.595726     0.719572  
    16     0.580157     0.712962  
    17     0.565473     0.706731  
    18     0.552275     0.703968  
    19     0.539496     0.700574  
    20     0.527545     0.695118  
    21     0.516385     0.691431  
    22     0.505687     0.686916  
    23     0.495149     0.681439  
    24     0.486523     0.675226  
    25     0.477218     0.671357  
    26     0.468354     0.668912  
    27     0.460355     0.667915  
    28     0.452743     0.663576  
    29     0.444977     0.659782  
    30     0.437715     0.657377  
    31     0.430562     0.657742  
    32     0.423845     0.657232  
    33     0.417630     0.653904  
    34     0.411699     0.653563  
    35     0.406173     0.651451  
    36     0.400365     0.650122  
    37     0.394661     0.647588  
    38     0.389630     0.646656  
    39     0.384644     0.645258  
    40     0.379820     0.643503  
    41     0.374694     0.641250  
    42     0.370219     0.641234  
    43     0.365722     0.640357  
    44     0.361499     0.639844  
    45     0.357391     0.638758  
    46     0.353097     0.637237  
    47     0.349200     0.636557  
    48     0.345259     0.636300  
    49     0.341401     0.635808  
    50     0.337660     0.634840  
    51     0.333607     0.633452  
    52     0.329877     0.632703  
    53     0.326467     0.631561  
    54     0.323308     0.632215  
    55     0.319861     0.629400  
    56     0.316504     0.627885  
    57     0.313099     0.627437  
    58     0.309989     0.625951  
    59     0.306799     0.625290  
    60     0.303664     0.624866  
    61     0.300566     0.624195  
    62     0.297924     0.623286  
    63     0.295237     0.622222  
    64     0.292669     0.621729  
    65     0.289924     0.622009  
    66     0.287413     0.621876  
    67     0.284909     0.621606  
    68     0.282348     0.620423  
    69     0.279800     0.620236  
    70     0.277430     0.620223  
    71     0.274757     0.618539  
    72     0.272238     0.617833  
    73     0.270058     0.617406  
    74     0.267560     0.616409  
    75     0.265338     0.615193  
    76     0.262950     0.614723  
    77     0.260494     0.614747  
    78     0.258272     0.614635  
    79     0.256157     0.614116  
    80     0.254017     0.614333  
    81     0.251960     0.613698  
    82     0.249885     0.613870  
    83     0.247810     0.613437  
    84     0.245932     0.613866  
    85     0.243946     0.612983  
    86     0.241989     0.612797  
    87     0.240133     0.613712  
    88     0.238219     0.613248  
    89     0.236284     0.612985  
    90     0.234393     0.612520  
    91     0.232383     0.612658  
    92     0.230605     0.612494  
    93     0.228768     0.611466  
    94     0.226948     0.610943  
    95     0.225150     0.611233  
    96     0.223353     0.610903  
    97     0.221591     0.610389  
    98     0.219876     0.610461  
    99     0.218085     0.610650  
   100     0.216459     0.609354  
   101     0.214769     0.609771  
   102     0.213073     0.610172  
   103     0.211509     0.610218  
   104     0.209857     0.611150  
   105     0.208244     0.612040  
   106     0.206619     0.611707  
   107     0.205097     0.610873  
   108     0.203621     0.610444  
   109     0.202044     0.610317  
   110     0.200511     0.609906  
   111     0.199079     0.610346  
   112     0.197609     0.610041  
   113     0.196122     0.610404  
   114     0.194739     0.609870  
   115     0.193285     0.610125  
   116     0.191884     0.609592  
   117     0.190599     0.610519  
   118     0.189220     0.610410  
   119     0.187880     0.609936  
   120     0.186486     0.609891  
   121     0.185142     0.609895  
   122     0.183815     0.609946  
   123     0.182504     0.609959  
   124     0.181229     0.609569  
   125     0.179997     0.609073  
   126     0.178696     0.609671  
   127     0.177441     0.610409  
   128     0.176167     0.610162  
   129     0.174928     0.610003  
   130     0.173687     0.610136  
   131     0.172537     0.610324  
   132     0.171356     0.609385  
   133     0.170104     0.609554  
   134     0.168971     0.609624  
   135     0.167739     0.610171  
   136     0.166584     0.609841  
   137     0.165518     0.609895  
   138     0.164294     0.610528  
   139     0.163215     0.610552  
   140     0.162096     0.610297  
   141     0.160978     0.609881  
   142     0.159804     0.609368  
   143     0.158640     0.609336  
   144     0.157592     0.609783  
   145     0.156581     0.609767  
   146     0.155554     0.609381  
   147     0.154560     0.609542  
   148     0.153534     0.609697  
   149     0.152506     0.609861  
   150     0.151454     0.609540  
   151     0.150412     0.609496  
   152     0.149427     0.609848  
   153     0.148418     0.609605  
   154     0.147456     0.610097  
   155     0.146499     0.610062  
   156     0.145483     0.610004  
   157     0.144491     0.609850  
   158     0.143535     0.609673  
   159     0.142679     0.609911  
   160     0.141716     0.609915  
   161     0.140792     0.610232  
   162     0.139864     0.609915  
   163     0.138952     0.610017  
   164     0.138049     0.610199  
   165     0.137162     0.610131  
   166     0.136266     0.609859  
   167     0.135366     0.609133  
   168     0.134441     0.608720  
   169     0.133541     0.609031  
   170     0.132668     0.608853  
   171     0.131852     0.609425  
   172     0.131073     0.608951  
   173     0.130180     0.609203  
   174     0.129400     0.609209  
   175     0.128610     0.609054  
   176     0.127757     0.608943  
   177     0.126961     0.609096  
   178     0.126136     0.609299  
   179     0.125358     0.609336  
   180     0.124571     0.608954  
   181     0.123814     0.608866  
   182     0.123053     0.608588  
   183     0.122311     0.608694  
   184     0.121512     0.608798  
   185     0.120728     0.609058  
   186     0.120002     0.609492  
   187     0.119338     0.609575  
   188     0.118582     0.609897  
   189     0.117872     0.610383  
   190     0.117094     0.610718  
   191     0.116336     0.611142  
   192     0.115586     0.611685  
   193     0.114885     0.611669  
   194     0.114191     0.611484  
   195     0.113436     0.611236  
   196     0.112800     0.611203  
   197     0.112199     0.611392  
   198     0.111497     0.611933  
   199     0.110839     0.612180  
   200     0.110160     0.611981  
   201     0.109501     0.612078  
   202     0.108794     0.612436  
   203     0.108168     0.612063  
   204     0.107490     0.612591  
   205     0.106828     0.613105  
   206     0.106164     0.613179  
   207     0.105482     0.612912  
   208     0.104811     0.612312  
   209     0.104140     0.613063  
   210     0.103480     0.612950  
   211     0.102846     0.613255  
   212     0.102239     0.613129  
   213     0.101634     0.613022  
   214     0.101050     0.611287  
   215     0.100459     0.611237  
   216     0.099833     0.610638  
   217     0.099249     0.610468  
   218     0.098691     0.610275  
   219     0.098107     0.610011  
   220     0.097488     0.609435  
   221     0.096905     0.609700  
   222     0.096319     0.609415  
   223     0.095713     0.609785  
   224     0.095167     0.609663  
   225     0.094622     0.609889  
   226     0.094081     0.610106  
   227     0.093525     0.610323  
   228     0.092993     0.610167  
   229     0.092414     0.610273  
   230     0.091833     0.610152  
   231     0.091282     0.610112  
   232     0.090699     0.609953  
   233     0.090166     0.610089  
   234     0.089684     0.609949  
   235     0.089135     0.610001  
   236     0.088616     0.609777  
   237     0.088106     0.609035  
   238     0.087589     0.608861  
   239     0.087059     0.608482  
   240     0.086550     0.608442  
   241     0.086087     0.608145  * best
   242     0.085581     0.608874  
   243     0.085091     0.608804  
   244     0.084571     0.608850  
   245     0.084053     0.609356  
   246     0.083562     0.608901  
   247     0.083097     0.609332  
   248     0.082633     0.609651  
   249     0.082181     0.609811  
   250     0.081680     0.609681  
   251     0.081255     0.610217  
   252     0.080773     0.609928  
   253     0.080337     0.609966  
   254     0.079924     0.609677  
   255     0.079463     0.609633  
   256     0.079003     0.609174  
   257     0.078536     0.609349  
   258     0.078083     0.609442  
   259     0.077624     0.609596  
   260     0.077160     0.610036  
   261     0.076696     0.609960  
   262     0.076280     0.610006  
   263     0.075835     0.610015  
   264     0.075453     0.610137  
   265     0.075005     0.609695  
   266     0.074579     0.608859  
   267     0.074173     0.609293  
   268     0.073740     0.608928  
   269     0.073335     0.609204  
   270     0.072907     0.609209  
   271     0.072484     0.609326  
   272     0.072077     0.609370  
   273     0.071655     0.609838  
   274     0.071228     0.609755  
   275     0.070819     0.609681  
   276     0.070421     0.609467  
   277     0.070019     0.609374  
   278     0.069640     0.609326  
   279     0.069263     0.609218  
   280     0.068886     0.609152  
   281     0.068527     0.609087  
   282     0.068132     0.608876  
   283     0.067734     0.609030  
   284     0.067385     0.609126  
   285     0.066995     0.609183  
   286     0.066618     0.609169  
   287     0.066212     0.609227  
   288     0.065848     0.609042  
   289     0.065455     0.609432  
   290     0.065097     0.609403  
   291     0.064729     0.609143  
   292     0.064382     0.609085  
   293     0.064079     0.609218  
   294     0.063759     0.608883  
   295     0.063401     0.608849  
   296     0.063050     0.608844  
   297     0.062703     0.609511  
   298     0.062339     0.609770  
   299     0.062027     0.609876  
   300     0.061689     0.609307  
   301     0.061348     0.609345  
   302     0.061007     0.608954  
   303     0.060696     0.609174  
   304     0.060365     0.609128  
   305     0.060008     0.608972  
   306     0.059677     0.608993  
   307     0.059335     0.609135  
   308     0.059014     0.609239  
   309     0.058704     0.609371  
   310     0.058405     0.609825  
   311     0.058079     0.609849  
   312     0.057758     0.609072  
   313     0.057405     0.609266  
   314     0.057099     0.608928  
   315     0.056784     0.609195  
   316     0.056474     0.609246  
   317     0.056178     0.609146  
   318     0.055871     0.609623  
   319     0.055573     0.609202  
   320     0.055259     0.609058  
   321     0.054923     0.609163  
   322     0.054637     0.609312  
   323     0.054360     0.609133  
   324     0.054056     0.609239  
   325     0.053768     0.609319  
   326     0.053468     0.608991  
   327     0.053170     0.609185  
   328     0.052885     0.609441  
   329     0.052600     0.609504  
   330     0.052355     0.609363  
   331     0.052058     0.609698  
   332     0.051783     0.609744  
   333     0.051501     0.609739  
   334     0.051215     0.609629  
   335     0.050919     0.609501  
   336     0.050635     0.609464  
   337     0.050356     0.608519  
   338     0.050086     0.608778  
   339     0.049813     0.608782  
   340     0.049539     0.608954  
   341     0.049258     0.608918  
# best iteration 241 (val l2 0.608145)
# Spearman  train +0.9627  val +0.4106  test +0.5400
