# mlp_seq+boltz+energy seed 2
# perceptron on seq+boltz+energy
# inputs [(2837,)], 367,425 parameters
# Linear(n_in,128) -> GELU -> Dropout(0.3) -> Linear(128,32) -> GELU -> Dropout(0.3) -> Linear(32,1)
# Adam lr=0.001 weight_decay=0.0001 batch=32 dropout=0.3
# loss = MSE on standardised log10 half-life
# early stopping on validation loss, patience 40, max 300 epochs
#
 epoch  train_batch        train          val  note
     1     0.587199     0.374503     0.643625  * best
     2     0.430008     0.310134     0.606325  * best
     3     0.369010     0.261969     0.573317  * best
     4     0.325918     0.223345     0.581939  
     5     0.300593     0.208172     0.602237  
     6     0.271775     0.176490     0.604100  
     7     0.257436     0.154438     0.613231  
     8     0.243439     0.176157     0.579187  
     9     0.225936     0.144613     0.649862  
    10     0.215205     0.123509     0.627085  
    11     0.208659     0.119186     0.600851  
    12     0.202522     0.132814     0.605524  
    13     0.194822     0.124280     0.642624  
    14     0.185934     0.091138     0.618620  
    15     0.177095     0.105649     0.605108  
    16     0.174512     0.097717     0.646598  
    17     0.171949     0.087110     0.610896  
    18     0.166446     0.096303     0.606790  
    19     0.170527     0.077014     0.640053  
    20     0.160043     0.086921     0.616507  
    21     0.158049     0.076526     0.605553  
    22     0.157281     0.092365     0.613126  
    23     0.155623     0.074115     0.618869  
    24     0.155329     0.083501     0.614038  
    25     0.150319     0.078365     0.613410  
    26     0.147602     0.079031     0.622429  
    27     0.151710     0.072509     0.614709  
    28     0.144166     0.069422     0.636941  
    29     0.143438     0.067519     0.607491  
    30     0.143322     0.070560     0.699914  
    31     0.143137     0.075254     0.672725  
    32     0.141415     0.071162     0.646870  
    33     0.144998     0.074750     0.651936  
    34     0.143106     0.066864     0.687410  
    35     0.140447     0.071162     0.638691  
    36     0.138469     0.062977     0.637341  
    37     0.135834     0.070722     0.653348  
    38     0.136189     0.066075     0.640965  
    39     0.134059     0.070969     0.660107  
    40     0.132216     0.061178     0.614332  
    41     0.133214     0.071864     0.642878  
    42     0.141161     0.065159     0.612806  
    43     0.141127     0.066017     0.645591  
# stopped at epoch 43: no improvement for 40 epochs
# restored epoch 3 (val MSE 0.573317)
# Spearman  train +0.8746  val +0.4846  test +0.4503
