# gbm_energy+edge seed 2
# boosted trees on energy+edge
# inputs 14880, 912 trees
# LightGBM gradient-boosted trees, objective l2, lr 0.05, num_leaves 31, min_data_in_leaf 20, feature_fraction 0.3, bagging 0.8, lambda_l2 1.0, up to 3000 rounds, early stopping 100 on validation l2
# loss = l2 on standardised log10 half-life
#
 round        train          val  note
     1     0.965141     0.978687  
     2     0.934863     0.951298  
     3     0.905604     0.926758  
     4     0.878572     0.902862  
     5     0.852971     0.880876  
     6     0.830622     0.860644  
     7     0.807627     0.841425  
     8     0.786175     0.820797  
     9     0.765491     0.802916  
    10     0.746679     0.788004  
    11     0.728768     0.772988  
    12     0.713153     0.760787  
    13     0.696911     0.747641  
    14     0.682942     0.736586  
    15     0.670011     0.726846  
    16     0.656693     0.715180  
    17     0.644218     0.704714  
    18     0.633142     0.695480  
    19     0.623181     0.688034  
    20     0.613406     0.680702  
    21     0.604049     0.674353  
    22     0.595440     0.667957  
    23     0.587100     0.662126  
    24     0.579550     0.657450  
    25     0.571127     0.650159  
    26     0.563590     0.644881  
    27     0.556434     0.640163  
    28     0.548994     0.635283  
    29     0.542334     0.631161  
    30     0.535512     0.626388  
    31     0.528455     0.620989  
    32     0.522553     0.616998  
    33     0.517138     0.613107  
    34     0.511075     0.609113  
    35     0.505648     0.605369  
    36     0.500110     0.602014  
    37     0.494485     0.598605  
    38     0.489759     0.596112  
    39     0.484912     0.593267  
    40     0.480246     0.590884  
    41     0.475763     0.588364  
    42     0.470962     0.585062  
    43     0.466729     0.583021  
    44     0.462395     0.580377  
    45     0.457893     0.577885  
    46     0.453699     0.576212  
    47     0.449676     0.574680  
    48     0.445950     0.572584  
    49     0.441748     0.570895  
    50     0.437937     0.569015  
    51     0.434114     0.566915  
    52     0.430257     0.564749  
    53     0.426648     0.562975  
    54     0.422968     0.560772  
    55     0.419301     0.559392  
    56     0.415975     0.557744  
    57     0.412679     0.556467  
    58     0.409228     0.554928  
    59     0.405930     0.553009  
    60     0.402782     0.551603  
    61     0.399378     0.549355  
    62     0.396043     0.547832  
    63     0.392847     0.546378  
    64     0.389868     0.545472  
    65     0.386882     0.543989  
    66     0.383980     0.542704  
    67     0.381020     0.541659  
    68     0.377851     0.539499  
    69     0.374991     0.538658  
    70     0.372308     0.537535  
    71     0.369365     0.536774  
    72     0.366749     0.535984  
    73     0.364044     0.534955  
    74     0.361375     0.533624  
    75     0.358727     0.533259  
    76     0.355928     0.532617  
    77     0.353320     0.531666  
    78     0.350771     0.531042  
    79     0.348229     0.530012  
    80     0.345667     0.529078  
    81     0.342951     0.527854  
    82     0.340636     0.526858  
    83     0.338168     0.525551  
    84     0.335707     0.524242  
    85     0.333433     0.522980  
    86     0.331211     0.522093  
    87     0.329033     0.521347  
    88     0.326667     0.519617  
    89     0.324525     0.518977  
    90     0.322246     0.518018  
    91     0.320140     0.516841  
    92     0.318025     0.515974  
    93     0.315870     0.515471  
    94     0.313760     0.514425  
    95     0.311647     0.513453  
    96     0.309646     0.513269  
    97     0.307756     0.512798  
    98     0.305560     0.511903  
    99     0.303451     0.511369  
   100     0.301391     0.510933  
   101     0.299440     0.510357  
   102     0.297633     0.509912  
   103     0.295755     0.509770  
   104     0.293758     0.509135  
   105     0.291837     0.508147  
   106     0.289999     0.507469  
   107     0.288118     0.507376  
   108     0.286246     0.506566  
   109     0.284397     0.505561  
   110     0.282571     0.504975  
   111     0.280712     0.504350  
   112     0.278948     0.503405  
   113     0.277169     0.503306  
   114     0.275399     0.502712  
   115     0.273647     0.502133  
   116     0.271822     0.501894  
   117     0.270222     0.501722  
   118     0.268565     0.501109  
   119     0.266826     0.500536  
   120     0.265283     0.500078  
   121     0.263534     0.499700  
   122     0.261986     0.499238  
   123     0.260361     0.498792  
   124     0.258762     0.497928  
   125     0.257175     0.497544  
   126     0.255674     0.497124  
   127     0.254082     0.496578  
   128     0.252441     0.495713  
   129     0.250816     0.495018  
   130     0.249345     0.494043  
   131     0.247783     0.493366  
   132     0.246271     0.492411  
   133     0.244791     0.492648  
   134     0.243295     0.492451  
   135     0.241812     0.491863  
   136     0.240331     0.491167  
   137     0.238797     0.490373  
   138     0.237268     0.490068  
   139     0.235921     0.489861  
   140     0.234539     0.489643  
   141     0.233144     0.489079  
   142     0.231716     0.488406  
   143     0.230317     0.487770  
   144     0.228938     0.487573  
   145     0.227506     0.487129  
   146     0.226184     0.486489  
   147     0.224892     0.486255  
   148     0.223521     0.486289  
   149     0.222299     0.486147  
   150     0.221016     0.485517  
   151     0.219691     0.485300  
   152     0.218324     0.485214  
   153     0.217019     0.484329  
   154     0.215783     0.483949  
   155     0.214677     0.483424  
   156     0.213475     0.482824  
   157     0.212216     0.482602  
   158     0.211074     0.482618  
   159     0.209828     0.482269  
   160     0.208610     0.481935  
   161     0.207438     0.481779  
   162     0.206251     0.481665  
   163     0.205038     0.481373  
   164     0.203849     0.481201  
   165     0.202826     0.480890  
   166     0.201598     0.480541  
   167     0.200477     0.480156  
   168     0.199312     0.479820  
   169     0.198190     0.479669  
   170     0.197140     0.479488  
   171     0.195957     0.479139  
   172     0.194817     0.478640  
   173     0.193724     0.478647  
   174     0.192586     0.478141  
   175     0.191457     0.477947  
   176     0.190310     0.477662  
   177     0.189242     0.477386  
   178     0.188232     0.477119  
   179     0.187210     0.476966  
   180     0.186161     0.476664  
   181     0.185140     0.476685  
   182     0.184123     0.476522  
   183     0.183136     0.476513  
   184     0.182085     0.476207  
   185     0.181007     0.475834  
   186     0.180048     0.475260  
   187     0.179048     0.475031  
   188     0.178099     0.475019  
   189     0.177115     0.474863  
   190     0.176185     0.475042  
   191     0.175263     0.475003  
   192     0.174312     0.474736  
   193     0.173387     0.474402  
   194     0.172364     0.474169  
   195     0.171508     0.474174  
   196     0.170529     0.474083  
   197     0.169616     0.473916  
   198     0.168654     0.473744  
   199     0.167749     0.473894  
   200     0.166855     0.473784  
   201     0.165925     0.473344  
   202     0.165064     0.473303  
   203     0.164184     0.472711  
   204     0.163328     0.472493  
   205     0.162492     0.472584  
   206     0.161633     0.472121  
   207     0.160774     0.471705  
   208     0.159902     0.471382  
   209     0.159052     0.470814  
   210     0.158146     0.470605  
   211     0.157289     0.470622  
   212     0.156465     0.470339  
   213     0.155659     0.470328  
   214     0.154856     0.470384  
   215     0.154038     0.470229  
   216     0.153243     0.470114  
   217     0.152454     0.470149  
   218     0.151675     0.469848  
   219     0.150869     0.469570  
   220     0.150073     0.469070  
   221     0.149278     0.468830  
   222     0.148534     0.468748  
   223     0.147772     0.468745  
   224     0.147065     0.468542  
   225     0.146292     0.468002  
   226     0.145515     0.467379  
   227     0.144754     0.467083  
   228     0.143973     0.466576  
   229     0.143246     0.466412  
   230     0.142512     0.466008  
   231     0.141786     0.465958  
   232     0.141116     0.466055  
   233     0.140294     0.465747  
   234     0.139544     0.465618  
   235     0.138856     0.464796  
   236     0.138122     0.464784  
   237     0.137376     0.464297  
   238     0.136633     0.463955  
   239     0.135894     0.463632  
   240     0.135235     0.463560  
   241     0.134528     0.463307  
   242     0.133852     0.463130  
   243     0.133126     0.463017  
   244     0.132498     0.462954  
   245     0.131738     0.462765  
   246     0.131084     0.462512  
   247     0.130441     0.462425  
   248     0.129775     0.462230  
   249     0.129192     0.462193  
   250     0.128593     0.462050  
   251     0.127991     0.462039  
   252     0.127368     0.461868  
   253     0.126725     0.461540  
   254     0.126117     0.461339  
   255     0.125477     0.461401  
   256     0.124874     0.461108  
   257     0.124174     0.461237  
   258     0.123537     0.461158  
   259     0.122942     0.460715  
   260     0.122232     0.460721  
   261     0.121634     0.460680  
   262     0.121045     0.460334  
   263     0.120465     0.460244  
   264     0.119873     0.460087  
   265     0.119271     0.459980  
   266     0.118617     0.460027  
   267     0.118022     0.459935  
   268     0.117481     0.459501  
   269     0.116913     0.459276  
   270     0.116344     0.459240  
   271     0.115726     0.459119  
   272     0.115146     0.459050  
   273     0.114548     0.459080  
   274     0.113991     0.458645  
   275     0.113430     0.458610  
   276     0.112893     0.458460  
   277     0.112319     0.458333  
   278     0.111798     0.458243  
   279     0.111216     0.458133  
   280     0.110663     0.458316  
   281     0.110122     0.458399  
   282     0.109533     0.458355  
   283     0.109003     0.458220  
   284     0.108438     0.458178  
   285     0.107913     0.458193  
   286     0.107389     0.457887  
   287     0.106865     0.457606  
   288     0.106321     0.457444  
   289     0.105792     0.457396  
   290     0.105263     0.457246  
   291     0.104773     0.457235  
   292     0.104249     0.457382  
   293     0.103706     0.457057  
   294     0.103182     0.456851  
   295     0.102689     0.456647  
   296     0.102181     0.456251  
   297     0.101699     0.456059  
   298     0.101169     0.456122  
   299     0.100710     0.456043  
   300     0.100209     0.455748  
   301     0.099719     0.455643  
   302     0.099233     0.455265  
   303     0.098721     0.455219  
   304     0.098200     0.455062  
   305     0.097716     0.454903  
   306     0.097164     0.455026  
   307     0.096706     0.454985  
   308     0.096256     0.454632  
   309     0.095788     0.454439  
   310     0.095298     0.454260  
   311     0.094871     0.454202  
   312     0.094405     0.453819  
   313     0.093983     0.453771  
   314     0.093568     0.453783  
   315     0.093111     0.453512  
   316     0.092631     0.453187  
   317     0.092182     0.453122  
   318     0.091717     0.453018  
   319     0.091289     0.452919  
   320     0.090866     0.452891  
   321     0.090456     0.452712  
   322     0.090057     0.452693  
   323     0.089603     0.452698  
   324     0.089180     0.452631  
   325     0.088733     0.452438  
   326     0.088314     0.452376  
   327     0.087900     0.452338  
   328     0.087490     0.452389  
   329     0.087092     0.452281  
   330     0.086695     0.452416  
   331     0.086296     0.452383  
   332     0.085894     0.452362  
   333     0.085416     0.452313  
   334     0.084989     0.451994  
   335     0.084584     0.451987  
   336     0.084188     0.451945  
   337     0.083758     0.451796  
   338     0.083359     0.451817  
   339     0.082950     0.451646  
   340     0.082540     0.451517  
   341     0.082142     0.451485  
   342     0.081764     0.451500  
   343     0.081374     0.451282  
   344     0.080989     0.451370  
   345     0.080619     0.451517  
   346     0.080262     0.451368  
   347     0.079883     0.451187  
   348     0.079510     0.450856  
   349     0.079144     0.450778  
   350     0.078754     0.450733  
   351     0.078377     0.450585  
   352     0.078020     0.450597  
   353     0.077685     0.450501  
   354     0.077356     0.450354  
   355     0.077028     0.450317  
   356     0.076652     0.450196  
   357     0.076311     0.450038  
   358     0.075989     0.449942  
   359     0.075602     0.449803  
   360     0.075231     0.449814  
   361     0.074923     0.449985  
   362     0.074548     0.450106  
   363     0.074261     0.450115  
   364     0.073895     0.450179  
   365     0.073559     0.450155  
   366     0.073206     0.450159  
   367     0.072888     0.450098  
   368     0.072532     0.449949  
   369     0.072212     0.449968  
   370     0.071919     0.449777  
   371     0.071570     0.449623  
   372     0.071233     0.449599  
   373     0.070896     0.449457  
   374     0.070572     0.449280  
   375     0.070242     0.449162  
   376     0.069913     0.449026  
   377     0.069590     0.448762  
   378     0.069284     0.448920  
   379     0.068991     0.449001  
   380     0.068662     0.448997  
   381     0.068344     0.449001  
   382     0.067996     0.448935  
   383     0.067726     0.448868  
   384     0.067405     0.448750  
   385     0.067105     0.448797  
   386     0.066797     0.448619  
   387     0.066518     0.448692  
   388     0.066221     0.448628  
   389     0.065914     0.448394  
   390     0.065595     0.448301  
   391     0.065286     0.448369  
   392     0.064953     0.448243  
   393     0.064673     0.448148  
   394     0.064357     0.447895  
   395     0.064058     0.448066  
   396     0.063759     0.448052  
   397     0.063452     0.448110  
   398     0.063160     0.448213  
   399     0.062891     0.448264  
   400     0.062581     0.448265  
   401     0.062299     0.448179  
   402     0.062042     0.448090  
   403     0.061727     0.448081  
   404     0.061462     0.448145  
   405     0.061182     0.448074  
   406     0.060922     0.447984  
   407     0.060615     0.447926  
   408     0.060323     0.447844  
   409     0.060023     0.447628  
   410     0.059737     0.447525  
   411     0.059464     0.447460  
   412     0.059210     0.447315  
   413     0.058946     0.447217  
   414     0.058648     0.447179  
   415     0.058382     0.446947  
   416     0.058108     0.447086  
   417     0.057870     0.447027  
   418     0.057608     0.447053  
   419     0.057308     0.446882  
   420     0.057030     0.446837  
   421     0.056749     0.446693  
   422     0.056493     0.446675  
   423     0.056233     0.446761  
   424     0.055979     0.446681  
   425     0.055735     0.446580  
   426     0.055485     0.446648  
   427     0.055254     0.446632  
   428     0.055040     0.446642  
   429     0.054771     0.446699  
   430     0.054522     0.446688  
   431     0.054291     0.446614  
   432     0.054048     0.446579  
   433     0.053814     0.446431  
   434     0.053563     0.446350  
   435     0.053342     0.446254  
   436     0.053093     0.446021  
   437     0.052850     0.445921  
   438     0.052640     0.445855  
   439     0.052418     0.445804  
   440     0.052163     0.445643  
   441     0.051930     0.445566  
   442     0.051692     0.445433  
   443     0.051467     0.445453  
   444     0.051246     0.445338  
   445     0.051008     0.445300  
   446     0.050765     0.445336  
   447     0.050527     0.445255  
   448     0.050297     0.445306  
   449     0.050054     0.445221  
   450     0.049813     0.445268  
   451     0.049575     0.445174  
   452     0.049337     0.445208  
   453     0.049133     0.445126  
   454     0.048918     0.445126  
   455     0.048712     0.445212  
   456     0.048489     0.445178  
   457     0.048272     0.445252  
   458     0.048050     0.445101  
   459     0.047855     0.445044  
   460     0.047640     0.444929  
   461     0.047421     0.444923  
   462     0.047201     0.444864  
   463     0.046983     0.444859  
   464     0.046759     0.444881  
   465     0.046545     0.444856  
   466     0.046337     0.444690  
   467     0.046109     0.444525  
   468     0.045914     0.444396  
   469     0.045718     0.444384  
   470     0.045518     0.444359  
   471     0.045311     0.444272  
   472     0.045114     0.444231  
   473     0.044916     0.444218  
   474     0.044694     0.444081  
   475     0.044516     0.443917  
   476     0.044302     0.443863  
   477     0.044121     0.443796  
   478     0.043960     0.443674  
   479     0.043776     0.443587  
   480     0.043578     0.443560  
   481     0.043380     0.443575  
   482     0.043169     0.443630  
   483     0.042972     0.443477  
   484     0.042785     0.443397  
   485     0.042584     0.443318  
   486     0.042379     0.443306  
   487     0.042197     0.443390  
   488     0.042029     0.443339  
   489     0.041834     0.443433  
   490     0.041642     0.443400  
   491     0.041456     0.443452  
   492     0.041285     0.443399  
   493     0.041120     0.443295  
   494     0.040927     0.443223  
   495     0.040749     0.443288  
   496     0.040564     0.443276  
   497     0.040378     0.443179  
   498     0.040194     0.443243  
   499     0.040016     0.443240  
   500     0.039846     0.443058  
   501     0.039692     0.443100  
   502     0.039501     0.442989  
   503     0.039323     0.442807  
   504     0.039166     0.442718  
   505     0.038992     0.442500  
   506     0.038818     0.442597  
   507     0.038644     0.442578  
   508     0.038496     0.442520  
   509     0.038320     0.442544  
   510     0.038163     0.442663  
   511     0.037982     0.442601  
   512     0.037802     0.442531  
   513     0.037632     0.442493  
   514     0.037455     0.442482  
   515     0.037274     0.442300  
   516     0.037112     0.442147  
   517     0.036929     0.442130  
   518     0.036779     0.442176  
   519     0.036594     0.442037  
   520     0.036453     0.442013  
   521     0.036298     0.441909  
   522     0.036157     0.441990  
   523     0.035985     0.441908  
   524     0.035830     0.441875  
   525     0.035680     0.441812  
   526     0.035514     0.441867  
   527     0.035360     0.441872  
   528     0.035201     0.441813  
   529     0.035045     0.441826  
   530     0.034905     0.441815  
   531     0.034758     0.441708  
   532     0.034601     0.441596  
   533     0.034436     0.441508  
   534     0.034294     0.441523  
   535     0.034152     0.441438  
   536     0.033995     0.441420  
   537     0.033840     0.441456  
   538     0.033699     0.441315  
   539     0.033549     0.441321  
   540     0.033401     0.441301  
   541     0.033263     0.441211  
   542     0.033120     0.441152  
   543     0.032997     0.441151  
   544     0.032867     0.441070  
   545     0.032720     0.440980  
   546     0.032573     0.440956  
   547     0.032445     0.440898  
   548     0.032294     0.440850  
   549     0.032156     0.440841  
   550     0.032011     0.440814  
   551     0.031871     0.440823  
   552     0.031730     0.440890  
   553     0.031603     0.440931  
   554     0.031478     0.440807  
   555     0.031345     0.440791  
   556     0.031212     0.440631  
   557     0.031078     0.440578  
   558     0.030951     0.440526  
   559     0.030820     0.440575  
   560     0.030701     0.440630  
   561     0.030560     0.440691  
   562     0.030432     0.440585  
   563     0.030302     0.440507  
   564     0.030178     0.440497  
   565     0.030048     0.440445  
   566     0.029927     0.440496  
   567     0.029804     0.440463  
   568     0.029665     0.440422  
   569     0.029542     0.440313  
   570     0.029432     0.440297  
   571     0.029312     0.440260  
   572     0.029176     0.440323  
   573     0.029040     0.440204  
   574     0.028915     0.440177  
   575     0.028797     0.440148  
   576     0.028681     0.440127  
   577     0.028549     0.440091  
   578     0.028419     0.440014  
   579     0.028303     0.440067  
   580     0.028172     0.440126  
   581     0.028057     0.440076  
   582     0.027936     0.440162  
   583     0.027821     0.440055  
   584     0.027708     0.439931  
   585     0.027585     0.440001  
   586     0.027463     0.439880  
   587     0.027365     0.439766  
   588     0.027245     0.439788  
   589     0.027130     0.439748  
   590     0.027004     0.439737  
   591     0.026894     0.439702  
   592     0.026779     0.439701  
   593     0.026670     0.439644  
   594     0.026555     0.439569  
   595     0.026429     0.439569  
   596     0.026303     0.439611  
   597     0.026187     0.439542  
   598     0.026068     0.439653  
   599     0.025951     0.439769  
   600     0.025851     0.439842  
   601     0.025742     0.439882  
   602     0.025634     0.439883  
   603     0.025530     0.439913  
   604     0.025409     0.439959  
   605     0.025304     0.439907  
   606     0.025199     0.439919  
   607     0.025090     0.439955  
   608     0.024986     0.439925  
   609     0.024878     0.439859  
   610     0.024780     0.439828  
   611     0.024675     0.439833  
   612     0.024580     0.439844  
   613     0.024480     0.439726  
   614     0.024375     0.439670  
   615     0.024281     0.439683  
   616     0.024189     0.439545  
   617     0.024091     0.439476  
   618     0.023982     0.439413  
   619     0.023880     0.439458  
   620     0.023779     0.439463  
   621     0.023672     0.439471  
   622     0.023581     0.439418  
   623     0.023487     0.439402  
   624     0.023391     0.439333  
   625     0.023284     0.439304  
   626     0.023175     0.439174  
   627     0.023078     0.439079  
   628     0.022978     0.438969  
   629     0.022880     0.438939  
   630     0.022790     0.438939  
   631     0.022703     0.438915  
   632     0.022608     0.438942  
   633     0.022516     0.438826  
   634     0.022424     0.438737  
   635     0.022329     0.438762  
   636     0.022230     0.438753  
   637     0.022142     0.438691  
   638     0.022041     0.438587  
   639     0.021942     0.438521  
   640     0.021847     0.438526  
   641     0.021753     0.438543  
   642     0.021667     0.438627  
   643     0.021568     0.438684  
   644     0.021480     0.438668  
   645     0.021392     0.438761  
   646     0.021310     0.438738  
   647     0.021220     0.438743  
   648     0.021122     0.438801  
   649     0.021039     0.438862  
   650     0.020957     0.438798  
   651     0.020874     0.438806  
   652     0.020786     0.438816  
   653     0.020701     0.438779  
   654     0.020614     0.438755  
   655     0.020527     0.438688  
   656     0.020433     0.438644  
   657     0.020348     0.438676  
   658     0.020273     0.438575  
   659     0.020184     0.438576  
   660     0.020098     0.438511  
   661     0.020012     0.438559  
   662     0.019940     0.438566  
   663     0.019854     0.438562  
   664     0.019759     0.438597  
   665     0.019667     0.438613  
   666     0.019586     0.438563  
   667     0.019496     0.438499  
   668     0.019404     0.438534  
   669     0.019322     0.438464  
   670     0.019245     0.438423  
   671     0.019167     0.438373  
   672     0.019091     0.438376  
   673     0.019007     0.438350  
   674     0.018934     0.438301  
   675     0.018850     0.438387  
   676     0.018770     0.438311  
   677     0.018691     0.438310  
   678     0.018606     0.438285  
   679     0.018523     0.438239  
   680     0.018443     0.438182  
   681     0.018364     0.438258  
   682     0.018290     0.438276  
   683     0.018223     0.438247  
   684     0.018150     0.438167  
   685     0.018074     0.438094  
   686     0.017995     0.438083  
   687     0.017927     0.438079  
   688     0.017854     0.438008  
   689     0.017779     0.438018  
   690     0.017701     0.437995  
   691     0.017629     0.438050  
   692     0.017561     0.438040  
   693     0.017488     0.438012  
   694     0.017417     0.437904  
   695     0.017344     0.437898  
   696     0.017267     0.437830  
   697     0.017196     0.437839  
   698     0.017127     0.437831  
   699     0.017060     0.437914  
   700     0.016998     0.437857  
   701     0.016924     0.437813  
   702     0.016845     0.437760  
   703     0.016785     0.437710  
   704     0.016712     0.437744  
   705     0.016638     0.437701  
   706     0.016558     0.437698  
   707     0.016486     0.437681  
   708     0.016417     0.437683  
   709     0.016359     0.437543  
   710     0.016298     0.437461  
   711     0.016228     0.437470  
   712     0.016169     0.437496  
   713     0.016101     0.437551  
   714     0.016035     0.437572  
   715     0.015962     0.437528  
   716     0.015896     0.437525  
   717     0.015828     0.437475  
   718     0.015760     0.437446  
   719     0.015691     0.437445  
   720     0.015630     0.437349  
   721     0.015556     0.437298  
   722     0.015497     0.437327  
   723     0.015434     0.437284  
   724     0.015369     0.437242  
   725     0.015307     0.437237  
   726     0.015249     0.437214  
   727     0.015188     0.437293  
   728     0.015128     0.437303  
   729     0.015060     0.437237  
   730     0.015006     0.437264  
   731     0.014942     0.437266  
   732     0.014878     0.437244  
   733     0.014820     0.437258  
   734     0.014753     0.437159  
   735     0.014692     0.437188  
   736     0.014632     0.437230  
   737     0.014576     0.437221  
   738     0.014518     0.437140  
   739     0.014458     0.437171  
   740     0.014395     0.437125  
   741     0.014339     0.437137  
   742     0.014274     0.437211  
   743     0.014207     0.437130  
   744     0.014147     0.437060  
   745     0.014087     0.437087  
   746     0.014030     0.437027  
   747     0.013966     0.437020  
   748     0.013903     0.437036  
   749     0.013850     0.436996  
   750     0.013796     0.436981  
   751     0.013735     0.437025  
   752     0.013683     0.437065  
   753     0.013628     0.437021  
   754     0.013567     0.437012  
   755     0.013508     0.436913  
   756     0.013452     0.436929  
   757     0.013396     0.436955  
   758     0.013348     0.436960  
   759     0.013293     0.436963  
   760     0.013239     0.436935  
   761     0.013187     0.437015  
   762     0.013133     0.437060  
   763     0.013073     0.437012  
   764     0.013022     0.436980  
   765     0.012976     0.436907  
   766     0.012922     0.436867  
   767     0.012871     0.436818  
   768     0.012816     0.436787  
   769     0.012765     0.436786  
   770     0.012714     0.436728  
   771     0.012664     0.436689  
   772     0.012611     0.436687  
   773     0.012561     0.436712  
   774     0.012508     0.436701  
   775     0.012456     0.436703  
   776     0.012403     0.436729  
   777     0.012352     0.436779  
   778     0.012303     0.436778  
   779     0.012253     0.436741  
   780     0.012204     0.436719  
   781     0.012148     0.436722  
   782     0.012102     0.436665  
   783     0.012059     0.436668  
   784     0.012011     0.436697  
   785     0.011959     0.436648  
   786     0.011906     0.436688  
   787     0.011862     0.436668  
   788     0.011815     0.436637  
   789     0.011769     0.436665  
   790     0.011724     0.436698  
   791     0.011675     0.436730  
   792     0.011631     0.436710  
   793     0.011584     0.436748  
   794     0.011540     0.436692  
   795     0.011492     0.436685  
   796     0.011442     0.436708  
   797     0.011395     0.436720  
   798     0.011351     0.436729  
   799     0.011308     0.436705  
   800     0.011262     0.436667  
   801     0.011215     0.436669  
   802     0.011168     0.436657  
   803     0.011120     0.436747  
   804     0.011069     0.436739  
   805     0.011027     0.436646  
   806     0.010977     0.436667  
   807     0.010935     0.436683  
   808     0.010892     0.436682  
   809     0.010848     0.436643  
   810     0.010802     0.436649  
   811     0.010759     0.436692  
   812     0.010717     0.436671  
   813     0.010672     0.436669  
   814     0.010633     0.436671  
   815     0.010585     0.436639  
   816     0.010544     0.436598  
   817     0.010504     0.436601  
   818     0.010461     0.436572  
   819     0.010415     0.436531  
   820     0.010374     0.436494  
   821     0.010331     0.436427  
   822     0.010289     0.436455  
   823     0.010249     0.436489  
   824     0.010209     0.436510  
   825     0.010169     0.436499  
   826     0.010129     0.436493  
   827     0.010088     0.436518  
   828     0.010048     0.436530  
   829     0.010005     0.436502  
   830     0.009961     0.436481  
   831     0.009924     0.436440  
   832     0.009882     0.436464  
   833     0.009841     0.436454  
   834     0.009808     0.436494  
   835     0.009768     0.436531  
   836     0.009725     0.436534  
   837     0.009686     0.436519  
   838     0.009650     0.436543  
   839     0.009616     0.436596  
   840     0.009580     0.436586  
   841     0.009546     0.436549  
   842     0.009510     0.436537  
   843     0.009473     0.436557  
   844     0.009432     0.436572  
   845     0.009395     0.436564  
   846     0.009356     0.436587  
   847     0.009318     0.436590  
   848     0.009283     0.436566  
   849     0.009248     0.436600  
   850     0.009212     0.436564  
   851     0.009176     0.436567  
   852     0.009141     0.436545  
   853     0.009102     0.436566  
   854     0.009068     0.436525  
   855     0.009034     0.436471  
   856     0.008996     0.436469  
   857     0.008962     0.436392  
   858     0.008923     0.436388  
   859     0.008886     0.436389  
   860     0.008845     0.436368  
   861     0.008811     0.436408  
   862     0.008778     0.436425  
   863     0.008740     0.436394  
   864     0.008705     0.436409  
   865     0.008670     0.436418  
   866     0.008635     0.436421  
   867     0.008599     0.436416  
   868     0.008562     0.436462  
   869     0.008522     0.436476  
   870     0.008487     0.436474  
   871     0.008450     0.436425  
   872     0.008418     0.436377  
   873     0.008382     0.436377  
   874     0.008352     0.436407  
   875     0.008317     0.436394  
   876     0.008288     0.436392  
   877     0.008253     0.436371  
   878     0.008216     0.436387  
   879     0.008184     0.436431  
   880     0.008149     0.436478  
   881     0.008113     0.436458  
   882     0.008082     0.436451  
   883     0.008049     0.436377  
   884     0.008018     0.436348  
   885     0.007985     0.436381  
   886     0.007953     0.436353  
   887     0.007920     0.436342  
   888     0.007886     0.436375  
   889     0.007850     0.436362  
   890     0.007820     0.436408  
   891     0.007783     0.436418  
   892     0.007752     0.436460  
   893     0.007721     0.436419  
   894     0.007695     0.436419  
   895     0.007663     0.436434  
   896     0.007632     0.436410  
   897     0.007601     0.436407  
   898     0.007570     0.436451  
   899     0.007538     0.436508  
   900     0.007505     0.436524  
   901     0.007478     0.436530  
   902     0.007451     0.436541  
   903     0.007424     0.436569  
   904     0.007391     0.436553  
   905     0.007359     0.436534  
   906     0.007327     0.436548  
   907     0.007296     0.436523  
   908     0.007266     0.436482  
   909     0.007234     0.436454  
   910     0.007208     0.436434  
   911     0.007176     0.436352  
   912     0.007149     0.436329  * best
   913     0.007123     0.436365  
   914     0.007089     0.436432  
   915     0.007062     0.436406  
   916     0.007034     0.436411  
   917     0.007005     0.436426  
   918     0.006978     0.436409  
   919     0.006947     0.436410  
   920     0.006917     0.436416  
   921     0.006890     0.436418  
   922     0.006866     0.436452  
   923     0.006840     0.436473  
   924     0.006814     0.436477  
   925     0.006789     0.436463  
   926     0.006759     0.436465  
   927     0.006736     0.436472  
   928     0.006709     0.436459  
   929     0.006683     0.436482  
   930     0.006656     0.436483  
   931     0.006629     0.436476  
   932     0.006603     0.436452  
   933     0.006574     0.436435  
   934     0.006549     0.436478  
   935     0.006524     0.436465  
   936     0.006500     0.436494  
   937     0.006472     0.436545  
   938     0.006446     0.436606  
   939     0.006422     0.436627  
   940     0.006398     0.436658  
   941     0.006374     0.436646  
   942     0.006350     0.436624  
   943     0.006326     0.436655  
   944     0.006299     0.436662  
   945     0.006273     0.436690  
   946     0.006246     0.436722  
   947     0.006222     0.436763  
   948     0.006198     0.436717  
   949     0.006174     0.436668  
   950     0.006143     0.436729  
   951     0.006118     0.436750  
   952     0.006093     0.436780  
   953     0.006070     0.436753  
   954     0.006046     0.436770  
   955     0.006023     0.436761  
   956     0.005996     0.436742  
   957     0.005971     0.436783  
   958     0.005947     0.436817  
   959     0.005923     0.436871  
   960     0.005899     0.436866  
   961     0.005875     0.436876  
   962     0.005851     0.436908  
   963     0.005828     0.436921  
   964     0.005804     0.436940  
   965     0.005783     0.436972  
   966     0.005762     0.436956  
   967     0.005739     0.436953  
   968     0.005716     0.436940  
   969     0.005691     0.436892  
   970     0.005667     0.436889  
   971     0.005643     0.436865  
   972     0.005618     0.436879  
   973     0.005595     0.436869  
   974     0.005573     0.436839  
   975     0.005550     0.436818  
   976     0.005530     0.436790  
   977     0.005508     0.436779  
   978     0.005490     0.436820  
   979     0.005469     0.436822  
   980     0.005449     0.436825  
   981     0.005426     0.436850  
   982     0.005407     0.436848  
   983     0.005386     0.436821  
   984     0.005364     0.436821  
   985     0.005338     0.436817  
   986     0.005318     0.436832  
   987     0.005297     0.436813  
   988     0.005277     0.436826  
   989     0.005255     0.436819  
   990     0.005234     0.436805  
   991     0.005214     0.436781  
   992     0.005194     0.436794  
   993     0.005172     0.436787  
   994     0.005151     0.436801  
   995     0.005131     0.436796  
   996     0.005110     0.436819  
   997     0.005089     0.436827  
   998     0.005068     0.436831  
   999     0.005048     0.436870  
  1000     0.005028     0.436826  
  1001     0.005008     0.436828  
  1002     0.004989     0.436799  
  1003     0.004968     0.436813  
  1004     0.004947     0.436757  
  1005     0.004929     0.436789  
  1006     0.004909     0.436776  
  1007     0.004889     0.436748  
  1008     0.004869     0.436709  
  1009     0.004848     0.436713  
  1010     0.004828     0.436695  
  1011     0.004808     0.436688  
  1012     0.004790     0.436711  
# best iteration 912 (val l2 0.436329)
# Spearman  train +0.9931  val +0.7567  test +0.7523
