# gbm_boltz+energy seed 0
# boosted trees on boltz+energy
# inputs 1977, 1,383 trees
# LightGBM gradient-boosted trees, objective l2, lr 0.05, num_leaves 31, min_data_in_leaf 20, feature_fraction 0.3, bagging 0.8, lambda_l2 1.0, up to 3000 rounds, early stopping 100 on validation l2
# loss = l2 on standardised log10 half-life
#
 round        train          val  note
     1     0.963965     0.975446  
     2     0.932369     0.946021  
     3     0.902200     0.919827  
     4     0.876203     0.897130  
     5     0.850221     0.875150  
     6     0.824444     0.852275  
     7     0.801069     0.830778  
     8     0.779958     0.814119  
     9     0.758279     0.794472  
    10     0.738268     0.777565  
    11     0.720289     0.762029  
    12     0.703974     0.748004  
    13     0.688868     0.736760  
    14     0.674831     0.724714  
    15     0.661170     0.713370  
    16     0.647514     0.701627  
    17     0.635569     0.691444  
    18     0.624470     0.681918  
    19     0.613992     0.673918  
    20     0.603666     0.665551  
    21     0.593924     0.657862  
    22     0.583408     0.649237  
    23     0.573480     0.641688  
    24     0.564371     0.634252  
    25     0.556626     0.628860  
    26     0.549425     0.623429  
    27     0.541712     0.617766  
    28     0.534564     0.612874  
    29     0.527471     0.608408  
    30     0.520280     0.603372  
    31     0.513542     0.598024  
    32     0.507106     0.593072  
    33     0.500927     0.588394  
    34     0.495200     0.584549  
    35     0.490165     0.581693  
    36     0.484831     0.578660  
    37     0.479849     0.575771  
    38     0.475232     0.572743  
    39     0.470262     0.569356  
    40     0.465317     0.565974  
    41     0.460657     0.563582  
    42     0.455606     0.560451  
    43     0.451353     0.558072  
    44     0.447314     0.555550  
    45     0.443226     0.553165  
    46     0.438733     0.549797  
    47     0.434757     0.546790  
    48     0.431205     0.544752  
    49     0.427722     0.542606  
    50     0.423972     0.540408  
    51     0.420656     0.539321  
    52     0.416959     0.537030  
    53     0.413228     0.534718  
    54     0.409616     0.532643  
    55     0.406413     0.531090  
    56     0.403271     0.529000  
    57     0.399762     0.527404  
    58     0.396333     0.524775  
    59     0.393261     0.523010  
    60     0.390110     0.521837  
    61     0.387045     0.520738  
    62     0.384291     0.519878  
    63     0.381239     0.518444  
    64     0.378609     0.517062  
    65     0.375849     0.515741  
    66     0.372903     0.513161  
    67     0.370006     0.512625  
    68     0.366980     0.510996  
    69     0.364312     0.509809  
    70     0.361720     0.509006  
    71     0.359400     0.508357  
    72     0.356835     0.507510  
    73     0.354484     0.506220  
    74     0.352133     0.505437  
    75     0.349907     0.504517  
    76     0.347559     0.503609  
    77     0.345254     0.503045  
    78     0.343092     0.502372  
    79     0.340902     0.501835  
    80     0.338732     0.500854  
    81     0.336592     0.499997  
    82     0.334559     0.499321  
    83     0.332543     0.498010  
    84     0.330450     0.497702  
    85     0.328330     0.497150  
    86     0.326328     0.496568  
    87     0.324285     0.495776  
    88     0.322174     0.494819  
    89     0.320029     0.493826  
    90     0.317931     0.492757  
    91     0.315905     0.492127  
    92     0.313969     0.491079  
    93     0.312011     0.490815  
    94     0.309951     0.489750  
    95     0.308070     0.488858  
    96     0.306257     0.488608  
    97     0.304260     0.488028  
    98     0.302606     0.487372  
    99     0.300591     0.486471  
   100     0.298907     0.485776  
   101     0.297001     0.485577  
   102     0.295227     0.485125  
   103     0.293490     0.484446  
   104     0.291819     0.484283  
   105     0.290236     0.483984  
   106     0.288356     0.483251  
   107     0.286530     0.482199  
   108     0.284796     0.481675  
   109     0.283136     0.481101  
   110     0.281505     0.480881  
   111     0.279959     0.480572  
   112     0.278327     0.480403  
   113     0.276789     0.479775  
   114     0.275123     0.479711  
   115     0.273593     0.479482  
   116     0.272029     0.479017  
   117     0.270456     0.478441  
   118     0.268923     0.478399  
   119     0.267502     0.477713  
   120     0.266047     0.477198  
   121     0.264446     0.476967  
   122     0.262964     0.476745  
   123     0.261563     0.476856  
   124     0.260057     0.476370  
   125     0.258698     0.476247  
   126     0.257317     0.475884  
   127     0.255854     0.475559  
   128     0.254443     0.475150  
   129     0.253107     0.474972  
   130     0.251621     0.474678  
   131     0.250215     0.473888  
   132     0.248911     0.473380  
   133     0.247462     0.473128  
   134     0.246122     0.472785  
   135     0.244873     0.472549  
   136     0.243518     0.472248  
   137     0.242227     0.471718  
   138     0.241003     0.471451  
   139     0.239796     0.470948  
   140     0.238482     0.470402  
   141     0.237195     0.470419  
   142     0.235904     0.470021  
   143     0.234706     0.469606  
   144     0.233597     0.468962  
   145     0.232408     0.468560  
   146     0.231257     0.468350  
   147     0.230040     0.468385  
   148     0.228849     0.468521  
   149     0.227491     0.468699  
   150     0.226304     0.468879  
   151     0.225264     0.468467  
   152     0.224125     0.468111  
   153     0.222990     0.468287  
   154     0.221842     0.467621  
   155     0.220693     0.467453  
   156     0.219555     0.467182  
   157     0.218471     0.467074  
   158     0.217382     0.467010  
   159     0.216213     0.466767  
   160     0.215070     0.466310  
   161     0.213926     0.466138  
   162     0.212888     0.466008  
   163     0.211694     0.465465  
   164     0.210560     0.465228  
   165     0.209523     0.464813  
   166     0.208477     0.464455  
   167     0.207534     0.464352  
   168     0.206424     0.464428  
   169     0.205337     0.464038  
   170     0.204290     0.463935  
   171     0.203297     0.463672  
   172     0.202344     0.463497  
   173     0.201364     0.463444  
   174     0.200344     0.462968  
   175     0.199380     0.462467  
   176     0.198428     0.462206  
   177     0.197484     0.462241  
   178     0.196446     0.462047  
   179     0.195549     0.461762  
   180     0.194572     0.461562  
   181     0.193654     0.461413  
   182     0.192701     0.461392  
   183     0.191762     0.461250  
   184     0.190871     0.461359  
   185     0.189943     0.461632  
   186     0.189139     0.461344  
   187     0.188224     0.461069  
   188     0.187382     0.461039  
   189     0.186456     0.460639  
   190     0.185538     0.460328  
   191     0.184619     0.460210  
   192     0.183759     0.460027  
   193     0.182962     0.460146  
   194     0.182124     0.459763  
   195     0.181181     0.459731  
   196     0.180283     0.459436  
   197     0.179472     0.459389  
   198     0.178570     0.458925  
   199     0.177616     0.458797  
   200     0.176718     0.458730  
   201     0.175915     0.458374  
   202     0.175076     0.458065  
   203     0.174279     0.457987  
   204     0.173495     0.457934  
   205     0.172608     0.457356  
   206     0.171862     0.457112  
   207     0.171035     0.456774  
   208     0.170270     0.456663  
   209     0.169434     0.456816  
   210     0.168590     0.456628  
   211     0.167758     0.456373  
   212     0.166999     0.455857  
   213     0.166148     0.455453  
   214     0.165340     0.455190  
   215     0.164557     0.455065  
   216     0.163749     0.455033  
   217     0.162947     0.454965  
   218     0.162225     0.454740  
   219     0.161494     0.454697  
   220     0.160733     0.454652  
   221     0.160049     0.454455  
   222     0.159250     0.454549  
   223     0.158526     0.454568  
   224     0.157774     0.454191  
   225     0.157032     0.454266  
   226     0.156288     0.454103  
   227     0.155542     0.453804  
   228     0.154841     0.453850  
   229     0.154155     0.453834  
   230     0.153475     0.453671  
   231     0.152728     0.453625  
   232     0.152069     0.453411  
   233     0.151393     0.453082  
   234     0.150672     0.452960  
   235     0.149991     0.452733  
   236     0.149305     0.452661  
   237     0.148621     0.452691  
   238     0.147989     0.452901  
   239     0.147309     0.453111  
   240     0.146685     0.453063  
   241     0.146031     0.452837  
   242     0.145346     0.452639  
   243     0.144692     0.452336  
   244     0.144067     0.452249  
   245     0.143428     0.452205  
   246     0.142712     0.451903  
   247     0.142040     0.451878  
   248     0.141369     0.451901  
   249     0.140747     0.451708  
   250     0.140137     0.451572  
   251     0.139486     0.451573  
   252     0.138889     0.451632  
   253     0.138259     0.451430  
   254     0.137615     0.451362  
   255     0.137030     0.451333  
   256     0.136400     0.451233  
   257     0.135827     0.450957  
   258     0.135149     0.451054  
   259     0.134615     0.450873  
   260     0.134009     0.451047  
   261     0.133361     0.451028  
   262     0.132774     0.450757  
   263     0.132159     0.450996  
   264     0.131576     0.451011  
   265     0.130998     0.450721  
   266     0.130384     0.450909  
   267     0.129788     0.450660  
   268     0.129236     0.450798  
   269     0.128739     0.450741  
   270     0.128169     0.450652  
   271     0.127543     0.450479  
   272     0.127015     0.450592  
   273     0.126436     0.450440  
   274     0.125882     0.450342  
   275     0.125264     0.450266  
   276     0.124661     0.450113  
   277     0.124155     0.450012  
   278     0.123552     0.449633  
   279     0.123025     0.449359  
   280     0.122467     0.449373  
   281     0.121890     0.449207  
   282     0.121339     0.449117  
   283     0.120778     0.448766  
   284     0.120228     0.448297  
   285     0.119669     0.448214  
   286     0.119151     0.448059  
   287     0.118642     0.448064  
   288     0.118093     0.448145  
   289     0.117634     0.448082  
   290     0.117101     0.447765  
   291     0.116554     0.447311  
   292     0.116035     0.446983  
   293     0.115504     0.446908  
   294     0.115013     0.446609  
   295     0.114539     0.446493  
   296     0.114026     0.446319  
   297     0.113529     0.446157  
   298     0.112977     0.446106  
   299     0.112422     0.445949  
   300     0.111957     0.446019  
   301     0.111490     0.445879  
   302     0.110974     0.445910  
   303     0.110523     0.445513  
   304     0.110018     0.445437  
   305     0.109509     0.445131  
   306     0.109038     0.445223  
   307     0.108541     0.444907  
   308     0.108081     0.444755  
   309     0.107571     0.444612  
   310     0.107109     0.444628  
   311     0.106636     0.444572  
   312     0.106200     0.444607  
   313     0.105768     0.444484  
   314     0.105335     0.444351  
   315     0.104911     0.444441  
   316     0.104495     0.444397  
   317     0.104105     0.444483  
   318     0.103711     0.444629  
   319     0.103302     0.444538  
   320     0.102819     0.444624  
   321     0.102388     0.444539  
   322     0.101982     0.444522  
   323     0.101527     0.444284  
   324     0.101049     0.444114  
   325     0.100650     0.444072  
   326     0.100206     0.444021  
   327     0.099759     0.444051  
   328     0.099301     0.444257  
   329     0.098906     0.444144  
   330     0.098476     0.443916  
   331     0.098071     0.443864  
   332     0.097698     0.443802  
   333     0.097280     0.443715  
   334     0.096905     0.443779  
   335     0.096501     0.443809  
   336     0.096094     0.443741  
   337     0.095664     0.443490  
   338     0.095287     0.443570  
   339     0.094875     0.443614  
   340     0.094494     0.443491  
   341     0.094101     0.443437  
   342     0.093652     0.443440  
   343     0.093230     0.443380  
   344     0.092862     0.443267  
   345     0.092478     0.443301  
   346     0.092111     0.443422  
   347     0.091714     0.443364  
   348     0.091337     0.443306  
   349     0.090955     0.443497  
   350     0.090533     0.443293  
   351     0.090142     0.443413  
   352     0.089749     0.443126  
   353     0.089358     0.443108  
   354     0.088964     0.443053  
   355     0.088615     0.443109  
   356     0.088253     0.442942  
   357     0.087866     0.442895  
   358     0.087518     0.442763  
   359     0.087159     0.442687  
   360     0.086775     0.442460  
   361     0.086420     0.442485  
   362     0.086049     0.442406  
   363     0.085671     0.442384  
   364     0.085344     0.442417  
   365     0.084936     0.442553  
   366     0.084583     0.442549  
   367     0.084257     0.442476  
   368     0.083895     0.442352  
   369     0.083525     0.442198  
   370     0.083191     0.442141  
   371     0.082850     0.442197  
   372     0.082484     0.442139  
   373     0.082166     0.442077  
   374     0.081829     0.442176  
   375     0.081431     0.442282  
   376     0.081089     0.442258  
   377     0.080765     0.442210  
   378     0.080426     0.442373  
   379     0.080127     0.442426  
   380     0.079840     0.442428  
   381     0.079505     0.442390  
   382     0.079211     0.442406  
   383     0.078908     0.442445  
   384     0.078581     0.442328  
   385     0.078265     0.442160  
   386     0.077943     0.442238  
   387     0.077621     0.442163  
   388     0.077292     0.442152  
   389     0.076997     0.441988  
   390     0.076653     0.441964  
   391     0.076359     0.441976  
   392     0.076037     0.442110  
   393     0.075740     0.441985  
   394     0.075417     0.441935  
   395     0.075143     0.441905  
   396     0.074846     0.441728  
   397     0.074498     0.441642  
   398     0.074201     0.441522  
   399     0.073905     0.441499  
   400     0.073622     0.441396  
   401     0.073346     0.441427  
   402     0.073091     0.441471  
   403     0.072796     0.441439  
   404     0.072566     0.441297  
   405     0.072247     0.441400  
   406     0.071949     0.441447  
   407     0.071661     0.441454  
   408     0.071381     0.441363  
   409     0.071058     0.441313  
   410     0.070743     0.441319  
   411     0.070443     0.441189  
   412     0.070145     0.440915  
   413     0.069854     0.441142  
   414     0.069577     0.441091  
   415     0.069320     0.441219  
   416     0.069034     0.441162  
   417     0.068720     0.440954  
   418     0.068425     0.440857  
   419     0.068175     0.440927  
   420     0.067910     0.440899  
   421     0.067652     0.441018  
   422     0.067377     0.441066  
   423     0.067107     0.440977  
   424     0.066849     0.440880  
   425     0.066588     0.440755  
   426     0.066289     0.440752  
   427     0.066013     0.440778  
   428     0.065745     0.440668  
   429     0.065497     0.440538  
   430     0.065207     0.440580  
   431     0.064938     0.440481  
   432     0.064676     0.440508  
   433     0.064442     0.440480  
   434     0.064157     0.440557  
   435     0.063883     0.440464  
   436     0.063653     0.440338  
   437     0.063398     0.440318  
   438     0.063117     0.440413  
   439     0.062868     0.440351  
   440     0.062640     0.440376  
   441     0.062398     0.440427  
   442     0.062150     0.440302  
   443     0.061894     0.440354  
   444     0.061649     0.440393  
   445     0.061400     0.440392  
   446     0.061129     0.440264  
   447     0.060902     0.440476  
   448     0.060678     0.440412  
   449     0.060449     0.440321  
   450     0.060230     0.440410  
   451     0.060025     0.440454  
   452     0.059775     0.440355  
   453     0.059546     0.440363  
   454     0.059297     0.440216  
   455     0.059056     0.440169  
   456     0.058833     0.440059  
   457     0.058619     0.439829  
   458     0.058405     0.439718  
   459     0.058184     0.439733  
   460     0.057978     0.439606  
   461     0.057736     0.439622  
   462     0.057523     0.439670  
   463     0.057303     0.439604  
   464     0.057082     0.439603  
   465     0.056863     0.439577  
   466     0.056618     0.439613  
   467     0.056398     0.439529  
   468     0.056183     0.439542  
   469     0.055979     0.439430  
   470     0.055736     0.439527  
   471     0.055508     0.439613  
   472     0.055277     0.439577  
   473     0.055063     0.439540  
   474     0.054877     0.439535  
   475     0.054673     0.439580  
   476     0.054463     0.439584  
   477     0.054240     0.439532  
   478     0.054008     0.439518  
   479     0.053793     0.439644  
   480     0.053612     0.439602  
   481     0.053406     0.439425  
   482     0.053170     0.439504  
   483     0.052938     0.439385  
   484     0.052741     0.439410  
   485     0.052525     0.439384  
   486     0.052302     0.439303  
   487     0.052110     0.439399  
   488     0.051879     0.439305  
   489     0.051692     0.439358  
   490     0.051479     0.439320  
   491     0.051255     0.439218  
   492     0.051068     0.439233  
   493     0.050874     0.439364  
   494     0.050669     0.439318  
   495     0.050496     0.439354  
   496     0.050278     0.439274  
   497     0.050097     0.439269  
   498     0.049904     0.439457  
   499     0.049710     0.439447  
   500     0.049504     0.439548  
   501     0.049364     0.439494  
   502     0.049142     0.439545  
   503     0.048944     0.439502  
   504     0.048739     0.439445  
   505     0.048552     0.439386  
   506     0.048369     0.439430  
   507     0.048193     0.439401  
   508     0.048020     0.439315  
   509     0.047822     0.439355  
   510     0.047629     0.439346  
   511     0.047461     0.439318  
   512     0.047291     0.439338  
   513     0.047102     0.439248  
   514     0.046909     0.439362  
   515     0.046709     0.439380  
   516     0.046513     0.439573  
   517     0.046320     0.439514  
   518     0.046130     0.439586  
   519     0.045951     0.439480  
   520     0.045779     0.439404  
   521     0.045576     0.439337  
   522     0.045406     0.439423  
   523     0.045218     0.439320  
   524     0.045039     0.439339  
   525     0.044866     0.439385  
   526     0.044684     0.439336  
   527     0.044528     0.439276  
   528     0.044338     0.439134  
   529     0.044170     0.439176  
   530     0.043997     0.439175  
   531     0.043825     0.439088  
   532     0.043660     0.439163  
   533     0.043494     0.439152  
   534     0.043304     0.439115  
   535     0.043115     0.439197  
   536     0.042947     0.439070  
   537     0.042793     0.439067  
   538     0.042632     0.439137  
   539     0.042458     0.439241  
   540     0.042301     0.439268  
   541     0.042138     0.439204  
   542     0.041976     0.439117  
   543     0.041815     0.439140  
   544     0.041649     0.439096  
   545     0.041509     0.439131  
   546     0.041364     0.439231  
   547     0.041202     0.439304  
   548     0.041059     0.439355  
   549     0.040898     0.439327  
   550     0.040749     0.439240  
   551     0.040597     0.439246  
   552     0.040445     0.439162  
   553     0.040311     0.439162  
   554     0.040150     0.439124  
   555     0.039984     0.439131  
   556     0.039835     0.439129  
   557     0.039705     0.439021  
   558     0.039545     0.438966  
   559     0.039395     0.438969  
   560     0.039247     0.438972  
   561     0.039095     0.438995  
   562     0.038948     0.438830  
   563     0.038805     0.438851  
   564     0.038648     0.438925  
   565     0.038518     0.438961  
   566     0.038382     0.438952  
   567     0.038245     0.438873  
   568     0.038103     0.438839  
   569     0.037953     0.438879  
   570     0.037807     0.438998  
   571     0.037668     0.438878  
   572     0.037527     0.438810  
   573     0.037396     0.438814  
   574     0.037265     0.438787  
   575     0.037102     0.438769  
   576     0.036956     0.438849  
   577     0.036822     0.438863  
   578     0.036676     0.438707  
   579     0.036538     0.438754  
   580     0.036395     0.438788  
   581     0.036278     0.438716  
   582     0.036127     0.438603  
   583     0.035994     0.438616  
   584     0.035875     0.438620  
   585     0.035740     0.438558  
   586     0.035592     0.438597  
   587     0.035441     0.438528  
   588     0.035327     0.438548  
   589     0.035192     0.438505  
   590     0.035060     0.438547  
   591     0.034916     0.438627  
   592     0.034778     0.438550  
   593     0.034644     0.438545  
   594     0.034513     0.438529  
   595     0.034385     0.438624  
   596     0.034252     0.438575  
   597     0.034133     0.438555  
   598     0.033998     0.438555  
   599     0.033869     0.438506  
   600     0.033751     0.438609  
   601     0.033639     0.438641  
   602     0.033516     0.438642  
   603     0.033391     0.438618  
   604     0.033258     0.438585  
   605     0.033129     0.438557  
   606     0.033007     0.438514  
   607     0.032879     0.438561  
   608     0.032763     0.438576  
   609     0.032631     0.438540  
   610     0.032521     0.438482  
   611     0.032394     0.438542  
   612     0.032259     0.438554  
   613     0.032138     0.438554  
   614     0.032029     0.438552  
   615     0.031898     0.438541  
   616     0.031771     0.438504  
   617     0.031652     0.438427  
   618     0.031542     0.438374  
   619     0.031414     0.438268  
   620     0.031296     0.438231  
   621     0.031179     0.438151  
   622     0.031062     0.438095  
   623     0.030947     0.438069  
   624     0.030834     0.438100  
   625     0.030726     0.438091  
   626     0.030627     0.438153  
   627     0.030522     0.437956  
   628     0.030397     0.438031  
   629     0.030277     0.438017  
   630     0.030175     0.437926  
   631     0.030066     0.437963  
   632     0.029961     0.437905  
   633     0.029841     0.437833  
   634     0.029735     0.437802  
   635     0.029629     0.437768  
   636     0.029524     0.437760  
   637     0.029422     0.437757  
   638     0.029321     0.437750  
   639     0.029207     0.437730  
   640     0.029086     0.437733  
   641     0.028967     0.437731  
   642     0.028857     0.437787  
   643     0.028753     0.437836  
   644     0.028651     0.437836  
   645     0.028531     0.437773  
   646     0.028426     0.437725  
   647     0.028318     0.437729  
   648     0.028201     0.437696  
   649     0.028103     0.437682  
   650     0.027987     0.437683  
   651     0.027872     0.437643  
   652     0.027774     0.437610  
   653     0.027666     0.437709  
   654     0.027573     0.437662  
   655     0.027460     0.437580  
   656     0.027365     0.437543  
   657     0.027263     0.437468  
   658     0.027159     0.437401  
   659     0.027064     0.437277  
   660     0.026964     0.437211  
   661     0.026851     0.437240  
   662     0.026746     0.437216  
   663     0.026656     0.437157  
   664     0.026568     0.437141  
   665     0.026471     0.437051  
   666     0.026361     0.436982  
   667     0.026274     0.436888  
   668     0.026182     0.436912  
   669     0.026088     0.436818  
   670     0.025982     0.436827  
   671     0.025888     0.436808  
   672     0.025804     0.436770  
   673     0.025707     0.436747  
   674     0.025624     0.436837  
   675     0.025535     0.436779  
   676     0.025438     0.436725  
   677     0.025330     0.436703  
   678     0.025235     0.436696  
   679     0.025131     0.436767  
   680     0.025030     0.436767  
   681     0.024936     0.436595  
   682     0.024839     0.436672  
   683     0.024762     0.436698  
   684     0.024671     0.436667  
   685     0.024579     0.436672  
   686     0.024490     0.436688  
   687     0.024412     0.436599  
   688     0.024327     0.436546  
   689     0.024234     0.436547  
   690     0.024146     0.436558  
   691     0.024060     0.436755  
   692     0.023966     0.436716  
   693     0.023876     0.436704  
   694     0.023783     0.436594  
   695     0.023691     0.436427  
   696     0.023603     0.436395  
   697     0.023514     0.436369  
   698     0.023429     0.436409  
   699     0.023333     0.436436  
   700     0.023251     0.436434  
   701     0.023176     0.436417  
   702     0.023098     0.436401  
   703     0.023027     0.436384  
   704     0.022943     0.436458  
   705     0.022870     0.436424  
   706     0.022786     0.436418  
   707     0.022714     0.436393  
   708     0.022622     0.436418  
   709     0.022543     0.436330  
   710     0.022451     0.436230  
   711     0.022360     0.436255  
   712     0.022282     0.436271  
   713     0.022197     0.436357  
   714     0.022114     0.436446  
   715     0.022036     0.436473  
   716     0.021944     0.436446  
   717     0.021871     0.436408  
   718     0.021787     0.436334  
   719     0.021708     0.436328  
   720     0.021627     0.436268  
   721     0.021547     0.436277  
   722     0.021472     0.436327  
   723     0.021400     0.436308  
   724     0.021317     0.436186  
   725     0.021227     0.436126  
   726     0.021152     0.436070  
   727     0.021066     0.436143  
   728     0.020991     0.436182  
   729     0.020916     0.436158  
   730     0.020832     0.436099  
   731     0.020748     0.436012  
   732     0.020676     0.436068  
   733     0.020608     0.435992  
   734     0.020540     0.435943  
   735     0.020465     0.436005  
   736     0.020397     0.436041  
   737     0.020321     0.435978  
   738     0.020238     0.435889  
   739     0.020157     0.435850  
   740     0.020082     0.435739  
   741     0.020007     0.435724  
   742     0.019933     0.435709  
   743     0.019864     0.435686  
   744     0.019790     0.435658  
   745     0.019721     0.435689  
   746     0.019656     0.435709  
   747     0.019583     0.435752  
   748     0.019520     0.435740  
   749     0.019454     0.435783  
   750     0.019394     0.435809  
   751     0.019329     0.435827  
   752     0.019265     0.435845  
   753     0.019199     0.435781  
   754     0.019139     0.435792  
   755     0.019071     0.435836  
   756     0.019017     0.435871  
   757     0.018958     0.435889  
   758     0.018887     0.435829  
   759     0.018823     0.435770  
   760     0.018759     0.435757  
   761     0.018689     0.435805  
   762     0.018611     0.435706  
   763     0.018539     0.435688  
   764     0.018471     0.435658  
   765     0.018405     0.435677  
   766     0.018342     0.435665  
   767     0.018274     0.435653  
   768     0.018212     0.435621  
   769     0.018141     0.435557  
   770     0.018074     0.435535  
   771     0.018013     0.435536  
   772     0.017952     0.435612  
   773     0.017879     0.435594  
   774     0.017818     0.435571  
   775     0.017751     0.435531  
   776     0.017693     0.435538  
   777     0.017631     0.435535  
   778     0.017575     0.435568  
   779     0.017511     0.435585  
   780     0.017451     0.435551  
   781     0.017385     0.435467  
   782     0.017322     0.435445  
   783     0.017264     0.435408  
   784     0.017204     0.435356  
   785     0.017142     0.435359  
   786     0.017078     0.435385  
   787     0.017010     0.435446  
   788     0.016943     0.435451  
   789     0.016884     0.435489  
   790     0.016820     0.435479  
   791     0.016758     0.435538  
   792     0.016702     0.435566  
   793     0.016654     0.435574  
   794     0.016601     0.435607  
   795     0.016548     0.435643  
   796     0.016496     0.435614  
   797     0.016443     0.435607  
   798     0.016393     0.435562  
   799     0.016335     0.435603  
   800     0.016279     0.435589  
   801     0.016222     0.435626  
   802     0.016167     0.435600  
   803     0.016111     0.435552  
   804     0.016052     0.435548  
   805     0.015991     0.435509  
   806     0.015937     0.435526  
   807     0.015877     0.435527  
   808     0.015815     0.435556  
   809     0.015762     0.435532  
   810     0.015711     0.435587  
   811     0.015652     0.435534  
   812     0.015605     0.435501  
   813     0.015553     0.435537  
   814     0.015492     0.435512  
   815     0.015442     0.435493  
   816     0.015384     0.435472  
   817     0.015333     0.435444  
   818     0.015280     0.435392  
   819     0.015223     0.435307  
   820     0.015170     0.435347  
   821     0.015114     0.435306  
   822     0.015054     0.435239  
   823     0.015003     0.435195  
   824     0.014948     0.435132  
   825     0.014883     0.435201  
   826     0.014826     0.435192  
   827     0.014772     0.435136  
   828     0.014713     0.435059  
   829     0.014658     0.435017  
   830     0.014605     0.435018  
   831     0.014549     0.435069  
   832     0.014502     0.435095  
   833     0.014450     0.435087  
   834     0.014397     0.435062  
   835     0.014344     0.435049  
   836     0.014294     0.435015  
   837     0.014244     0.434965  
   838     0.014185     0.434927  
   839     0.014137     0.434884  
   840     0.014089     0.434875  
   841     0.014030     0.434854  
   842     0.013970     0.434809  
   843     0.013928     0.434820  
   844     0.013875     0.434766  
   845     0.013831     0.434749  
   846     0.013779     0.434685  
   847     0.013729     0.434654  
   848     0.013682     0.434695  
   849     0.013634     0.434658  
   850     0.013590     0.434724  
   851     0.013539     0.434782  
   852     0.013498     0.434774  
   853     0.013451     0.434796  
   854     0.013407     0.434811  
   855     0.013368     0.434821  
   856     0.013324     0.434810  
   857     0.013274     0.434829  
   858     0.013230     0.434786  
   859     0.013178     0.434737  
   860     0.013136     0.434681  
   861     0.013091     0.434665  
   862     0.013042     0.434670  
   863     0.012990     0.434655  
   864     0.012951     0.434602  
   865     0.012908     0.434601  
   866     0.012863     0.434628  
   867     0.012819     0.434606  
   868     0.012769     0.434667  
   869     0.012726     0.434727  
   870     0.012676     0.434707  
   871     0.012627     0.434715  
   872     0.012581     0.434703  
   873     0.012531     0.434673  
   874     0.012489     0.434661  
   875     0.012444     0.434672  
   876     0.012405     0.434660  
   877     0.012361     0.434627  
   878     0.012316     0.434592  
   879     0.012271     0.434610  
   880     0.012228     0.434621  
   881     0.012192     0.434583  
   882     0.012151     0.434592  
   883     0.012109     0.434585  
   884     0.012069     0.434590  
   885     0.012024     0.434565  
   886     0.011980     0.434606  
   887     0.011942     0.434596  
   888     0.011903     0.434621  
   889     0.011859     0.434620  
   890     0.011819     0.434610  
   891     0.011781     0.434655  
   892     0.011740     0.434653  
   893     0.011697     0.434686  
   894     0.011652     0.434684  
   895     0.011609     0.434699  
   896     0.011564     0.434611  
   897     0.011523     0.434590  
   898     0.011477     0.434586  
   899     0.011435     0.434590  
   900     0.011397     0.434564  
   901     0.011356     0.434581  
   902     0.011314     0.434544  
   903     0.011272     0.434502  
   904     0.011237     0.434507  
   905     0.011195     0.434475  
   906     0.011158     0.434435  
   907     0.011115     0.434429  
   908     0.011075     0.434397  
   909     0.011040     0.434427  
   910     0.011001     0.434433  
   911     0.010964     0.434414  
   912     0.010922     0.434385  
   913     0.010882     0.434375  
   914     0.010843     0.434367  
   915     0.010808     0.434460  
   916     0.010771     0.434496  
   917     0.010733     0.434458  
   918     0.010697     0.434416  
   919     0.010662     0.434444  
   920     0.010623     0.434485  
   921     0.010581     0.434436  
   922     0.010545     0.434385  
   923     0.010514     0.434368  
   924     0.010477     0.434291  
   925     0.010443     0.434306  
   926     0.010406     0.434309  
   927     0.010370     0.434314  
   928     0.010333     0.434271  
   929     0.010300     0.434230  
   930     0.010264     0.434263  
   931     0.010226     0.434288  
   932     0.010187     0.434319  
   933     0.010146     0.434302  
   934     0.010108     0.434299  
   935     0.010079     0.434265  
   936     0.010044     0.434299  
   937     0.010013     0.434276  
   938     0.009979     0.434288  
   939     0.009937     0.434295  
   940     0.009907     0.434270  
   941     0.009869     0.434253  
   942     0.009835     0.434176  
   943     0.009800     0.434164  
   944     0.009767     0.434113  
   945     0.009734     0.434154  
   946     0.009698     0.434129  
   947     0.009664     0.434140  
   948     0.009635     0.434108  
   949     0.009598     0.434071  
   950     0.009568     0.434087  
   951     0.009538     0.434043  
   952     0.009503     0.434068  
   953     0.009468     0.434061  
   954     0.009435     0.434101  
   955     0.009405     0.434103  
   956     0.009374     0.434104  
   957     0.009343     0.434095  
   958     0.009307     0.434063  
   959     0.009276     0.434050  
   960     0.009241     0.434107  
   961     0.009210     0.434079  
   962     0.009176     0.434040  
   963     0.009145     0.434052  
   964     0.009111     0.434046  
   965     0.009079     0.434057  
   966     0.009045     0.434029  
   967     0.009015     0.434018  
   968     0.008981     0.434037  
   969     0.008951     0.434057  
   970     0.008922     0.434087  
   971     0.008892     0.434115  
   972     0.008856     0.434157  
   973     0.008828     0.434148  
   974     0.008796     0.434156  
   975     0.008766     0.434148  
   976     0.008738     0.434150  
   977     0.008703     0.434107  
   978     0.008670     0.434069  
   979     0.008644     0.434077  
   980     0.008614     0.434042  
   981     0.008586     0.434021  
   982     0.008561     0.434046  
   983     0.008534     0.434022  
   984     0.008501     0.434020  
   985     0.008474     0.433955  
   986     0.008445     0.433959  
   987     0.008418     0.433971  
   988     0.008387     0.434002  
   989     0.008358     0.433965  
   990     0.008334     0.433930  
   991     0.008306     0.433944  
   992     0.008276     0.433941  
   993     0.008249     0.433894  
   994     0.008221     0.433895  
   995     0.008191     0.433886  
   996     0.008164     0.433872  
   997     0.008135     0.433887  
   998     0.008106     0.433943  
   999     0.008081     0.433934  
  1000     0.008054     0.433936  
  1001     0.008026     0.433957  
  1002     0.007998     0.433986  
  1003     0.007971     0.433931  
  1004     0.007945     0.433914  
  1005     0.007918     0.433881  
  1006     0.007894     0.433868  
  1007     0.007867     0.433881  
  1008     0.007846     0.433872  
  1009     0.007818     0.433867  
  1010     0.007793     0.433847  
  1011     0.007770     0.433914  
  1012     0.007743     0.433962  
  1013     0.007718     0.433928  
  1014     0.007694     0.433877  
  1015     0.007666     0.433838  
  1016     0.007642     0.433837  
  1017     0.007615     0.433829  
  1018     0.007588     0.433814  
  1019     0.007563     0.433819  
  1020     0.007534     0.433797  
  1021     0.007512     0.433798  
  1022     0.007483     0.433812  
  1023     0.007456     0.433828  
  1024     0.007429     0.433833  
  1025     0.007403     0.433835  
  1026     0.007378     0.433827  
  1027     0.007357     0.433816  
  1028     0.007334     0.433821  
  1029     0.007308     0.433863  
  1030     0.007280     0.433828  
  1031     0.007258     0.433822  
  1032     0.007235     0.433815  
  1033     0.007208     0.433860  
  1034     0.007178     0.433803  
  1035     0.007153     0.433763  
  1036     0.007127     0.433798  
  1037     0.007102     0.433818  
  1038     0.007076     0.433839  
  1039     0.007050     0.433851  
  1040     0.007030     0.433820  
  1041     0.007005     0.433835  
  1042     0.006981     0.433785  
  1043     0.006956     0.433753  
  1044     0.006929     0.433704  
  1045     0.006903     0.433684  
  1046     0.006883     0.433650  
  1047     0.006860     0.433610  
  1048     0.006838     0.433611  
  1049     0.006813     0.433607  
  1050     0.006790     0.433585  
  1051     0.006770     0.433569  
  1052     0.006744     0.433564  
  1053     0.006722     0.433540  
  1054     0.006700     0.433579  
  1055     0.006680     0.433576  
  1056     0.006659     0.433590  
  1057     0.006635     0.433596  
  1058     0.006611     0.433586  
  1059     0.006586     0.433571  
  1060     0.006561     0.433600  
  1061     0.006540     0.433618  
  1062     0.006516     0.433599  
  1063     0.006492     0.433635  
  1064     0.006470     0.433614  
  1065     0.006448     0.433635  
  1066     0.006424     0.433649  
  1067     0.006404     0.433658  
  1068     0.006385     0.433686  
  1069     0.006367     0.433682  
  1070     0.006343     0.433689  
  1071     0.006321     0.433723  
  1072     0.006301     0.433731  
  1073     0.006278     0.433714  
  1074     0.006257     0.433728  
  1075     0.006239     0.433724  
  1076     0.006219     0.433715  
  1077     0.006198     0.433691  
  1078     0.006176     0.433671  
  1079     0.006158     0.433692  
  1080     0.006133     0.433720  
  1081     0.006111     0.433688  
  1082     0.006091     0.433659  
  1083     0.006070     0.433702  
  1084     0.006052     0.433718  
  1085     0.006028     0.433743  
  1086     0.006007     0.433736  
  1087     0.005988     0.433732  
  1088     0.005970     0.433725  
  1089     0.005950     0.433727  
  1090     0.005933     0.433688  
  1091     0.005912     0.433698  
  1092     0.005892     0.433693  
  1093     0.005871     0.433685  
  1094     0.005851     0.433677  
  1095     0.005829     0.433663  
  1096     0.005810     0.433693  
  1097     0.005789     0.433726  
  1098     0.005770     0.433723  
  1099     0.005749     0.433685  
  1100     0.005727     0.433683  
  1101     0.005707     0.433724  
  1102     0.005687     0.433724  
  1103     0.005668     0.433709  
  1104     0.005649     0.433698  
  1105     0.005633     0.433695  
  1106     0.005612     0.433685  
  1107     0.005593     0.433662  
  1108     0.005575     0.433685  
  1109     0.005555     0.433662  
  1110     0.005537     0.433682  
  1111     0.005518     0.433714  
  1112     0.005500     0.433709  
  1113     0.005482     0.433689  
  1114     0.005465     0.433672  
  1115     0.005447     0.433668  
  1116     0.005427     0.433655  
  1117     0.005409     0.433642  
  1118     0.005391     0.433627  
  1119     0.005376     0.433620  
  1120     0.005360     0.433572  
  1121     0.005341     0.433570  
  1122     0.005324     0.433550  
  1123     0.005306     0.433561  
  1124     0.005287     0.433573  
  1125     0.005270     0.433575  
  1126     0.005253     0.433554  
  1127     0.005236     0.433517  
  1128     0.005218     0.433546  
  1129     0.005203     0.433526  
  1130     0.005189     0.433513  
  1131     0.005171     0.433526  
  1132     0.005153     0.433509  
  1133     0.005137     0.433526  
  1134     0.005121     0.433484  
  1135     0.005102     0.433498  
  1136     0.005086     0.433469  
  1137     0.005067     0.433468  
  1138     0.005050     0.433467  
  1139     0.005030     0.433470  
  1140     0.005011     0.433486  
  1141     0.004996     0.433498  
  1142     0.004979     0.433478  
  1143     0.004963     0.433450  
  1144     0.004945     0.433452  
  1145     0.004928     0.433445  
  1146     0.004912     0.433446  
  1147     0.004894     0.433455  
  1148     0.004877     0.433466  
  1149     0.004859     0.433428  
  1150     0.004842     0.433402  
  1151     0.004826     0.433391  
  1152     0.004810     0.433432  
  1153     0.004796     0.433432  
  1154     0.004780     0.433437  
  1155     0.004766     0.433477  
  1156     0.004749     0.433490  
  1157     0.004735     0.433501  
  1158     0.004719     0.433509  
  1159     0.004704     0.433516  
  1160     0.004686     0.433511  
  1161     0.004671     0.433490  
  1162     0.004656     0.433502  
  1163     0.004639     0.433484  
  1164     0.004623     0.433464  
  1165     0.004607     0.433433  
  1166     0.004593     0.433426  
  1167     0.004578     0.433425  
  1168     0.004560     0.433420  
  1169     0.004545     0.433404  
  1170     0.004531     0.433430  
  1171     0.004516     0.433408  
  1172     0.004503     0.433393  
  1173     0.004485     0.433353  
  1174     0.004472     0.433387  
  1175     0.004457     0.433395  
  1176     0.004442     0.433422  
  1177     0.004428     0.433409  
  1178     0.004414     0.433405  
  1179     0.004400     0.433404  
  1180     0.004385     0.433395  
  1181     0.004373     0.433402  
  1182     0.004358     0.433410  
  1183     0.004344     0.433432  
  1184     0.004330     0.433428  
  1185     0.004315     0.433415  
  1186     0.004301     0.433422  
  1187     0.004286     0.433418  
  1188     0.004270     0.433418  
  1189     0.004256     0.433417  
  1190     0.004240     0.433395  
  1191     0.004225     0.433375  
  1192     0.004212     0.433336  
  1193     0.004197     0.433349  
  1194     0.004184     0.433336  
  1195     0.004168     0.433359  
  1196     0.004153     0.433351  
  1197     0.004141     0.433370  
  1198     0.004126     0.433383  
  1199     0.004110     0.433384  
  1200     0.004097     0.433365  
  1201     0.004084     0.433365  
  1202     0.004071     0.433329  
  1203     0.004057     0.433329  
  1204     0.004043     0.433302  
  1205     0.004031     0.433280  
  1206     0.004016     0.433281  
  1207     0.004003     0.433280  
  1208     0.003991     0.433281  
  1209     0.003979     0.433241  
  1210     0.003966     0.433249  
  1211     0.003953     0.433258  
  1212     0.003940     0.433282  
  1213     0.003927     0.433287  
  1214     0.003915     0.433277  
  1215     0.003902     0.433267  
  1216     0.003886     0.433267  
  1217     0.003873     0.433274  
  1218     0.003860     0.433264  
  1219     0.003845     0.433264  
  1220     0.003834     0.433266  
  1221     0.003821     0.433250  
  1222     0.003808     0.433224  
  1223     0.003794     0.433224  
  1224     0.003783     0.433244  
  1225     0.003770     0.433277  
  1226     0.003758     0.433263  
  1227     0.003746     0.433266  
  1228     0.003734     0.433291  
  1229     0.003721     0.433280  
  1230     0.003709     0.433268  
  1231     0.003697     0.433284  
  1232     0.003686     0.433296  
  1233     0.003675     0.433329  
  1234     0.003663     0.433326  
  1235     0.003652     0.433359  
  1236     0.003639     0.433369  
  1237     0.003626     0.433362  
  1238     0.003614     0.433380  
  1239     0.003603     0.433419  
  1240     0.003591     0.433385  
  1241     0.003580     0.433369  
  1242     0.003566     0.433382  
  1243     0.003555     0.433384  
  1244     0.003544     0.433381  
  1245     0.003530     0.433340  
  1246     0.003519     0.433345  
  1247     0.003508     0.433335  
  1248     0.003498     0.433333  
  1249     0.003487     0.433319  
  1250     0.003477     0.433310  
  1251     0.003466     0.433311  
  1252     0.003456     0.433310  
  1253     0.003446     0.433319  
  1254     0.003434     0.433323  
  1255     0.003423     0.433292  
  1256     0.003412     0.433339  
  1257     0.003401     0.433350  
  1258     0.003390     0.433305  
  1259     0.003379     0.433285  
  1260     0.003367     0.433266  
  1261     0.003356     0.433274  
  1262     0.003346     0.433283  
  1263     0.003337     0.433289  
  1264     0.003324     0.433281  
  1265     0.003313     0.433286  
  1266     0.003303     0.433312  
  1267     0.003292     0.433311  
  1268     0.003282     0.433319  
  1269     0.003271     0.433307  
  1270     0.003262     0.433283  
  1271     0.003250     0.433259  
  1272     0.003238     0.433243  
  1273     0.003227     0.433253  
  1274     0.003218     0.433238  
  1275     0.003207     0.433239  
  1276     0.003195     0.433241  
  1277     0.003185     0.433258  
  1278     0.003174     0.433263  
  1279     0.003164     0.433233  
  1280     0.003154     0.433218  
  1281     0.003144     0.433203  
  1282     0.003133     0.433206  
  1283     0.003124     0.433219  
  1284     0.003113     0.433209  
  1285     0.003103     0.433206  
  1286     0.003094     0.433211  
  1287     0.003082     0.433199  
  1288     0.003071     0.433189  
  1289     0.003060     0.433223  
  1290     0.003050     0.433246  
  1291     0.003039     0.433241  
  1292     0.003028     0.433234  
  1293     0.003019     0.433214  
  1294     0.003010     0.433218  
  1295     0.003000     0.433232  
  1296     0.002990     0.433231  
  1297     0.002978     0.433213  
  1298     0.002970     0.433226  
  1299     0.002961     0.433208  
  1300     0.002950     0.433199  
  1301     0.002939     0.433222  
  1302     0.002928     0.433225  
  1303     0.002919     0.433227  
  1304     0.002910     0.433228  
  1305     0.002899     0.433207  
  1306     0.002889     0.433225  
  1307     0.002882     0.433216  
  1308     0.002874     0.433221  
  1309     0.002864     0.433228  
  1310     0.002854     0.433237  
  1311     0.002844     0.433183  
  1312     0.002835     0.433177  
  1313     0.002824     0.433213  
  1314     0.002816     0.433230  
  1315     0.002807     0.433251  
  1316     0.002798     0.433264  
  1317     0.002788     0.433267  
  1318     0.002779     0.433285  
  1319     0.002770     0.433296  
  1320     0.002761     0.433294  
  1321     0.002752     0.433266  
  1322     0.002741     0.433251  
  1323     0.002732     0.433248  
  1324     0.002723     0.433235  
  1325     0.002715     0.433241  
  1326     0.002706     0.433251  
  1327     0.002697     0.433261  
  1328     0.002689     0.433248  
  1329     0.002681     0.433239  
  1330     0.002672     0.433220  
  1331     0.002663     0.433225  
  1332     0.002655     0.433217  
  1333     0.002645     0.433205  
  1334     0.002637     0.433191  
  1335     0.002629     0.433195  
  1336     0.002622     0.433207  
  1337     0.002613     0.433183  
  1338     0.002605     0.433150  
  1339     0.002596     0.433170  
  1340     0.002587     0.433161  
  1341     0.002580     0.433158  
  1342     0.002570     0.433138  
  1343     0.002561     0.433165  
  1344     0.002553     0.433183  
  1345     0.002544     0.433138  
  1346     0.002536     0.433130  
  1347     0.002529     0.433132  
  1348     0.002520     0.433126  
  1349     0.002510     0.433116  
  1350     0.002501     0.433103  
  1351     0.002493     0.433099  
  1352     0.002485     0.433086  
  1353     0.002478     0.433083  
  1354     0.002469     0.433071  
  1355     0.002461     0.433084  
  1356     0.002453     0.433078  
  1357     0.002443     0.433094  
  1358     0.002435     0.433112  
  1359     0.002427     0.433066  
  1360     0.002421     0.433068  
  1361     0.002412     0.433094  
  1362     0.002405     0.433059  
  1363     0.002396     0.433055  
  1364     0.002390     0.433032  
  1365     0.002383     0.433024  
  1366     0.002375     0.433055  
  1367     0.002367     0.433035  
  1368     0.002359     0.433041  
  1369     0.002351     0.433026  
  1370     0.002344     0.433003  
  1371     0.002336     0.432991  
  1372     0.002328     0.432992  
  1373     0.002321     0.432967  
  1374     0.002314     0.432968  
  1375     0.002306     0.432979  
  1376     0.002299     0.432987  
  1377     0.002291     0.432975  
  1378     0.002283     0.432967  
  1379     0.002276     0.432959  
  1380     0.002267     0.432954  
  1381     0.002259     0.432938  
  1382     0.002253     0.432941  
  1383     0.002245     0.432924  * best
  1384     0.002238     0.432934  
  1385     0.002231     0.432933  
  1386     0.002223     0.432937  
  1387     0.002216     0.432937  
  1388     0.002208     0.432938  
  1389     0.002201     0.432945  
  1390     0.002195     0.432943  
  1391     0.002188     0.432947  
  1392     0.002181     0.432981  
  1393     0.002175     0.433005  
  1394     0.002168     0.433005  
  1395     0.002160     0.432998  
  1396     0.002152     0.433012  
  1397     0.002146     0.433000  
  1398     0.002139     0.432988  
  1399     0.002131     0.432963  
  1400     0.002123     0.432949  
  1401     0.002116     0.432950  
  1402     0.002109     0.432936  
  1403     0.002103     0.432934  
  1404     0.002096     0.432952  
  1405     0.002089     0.432955  
  1406     0.002082     0.432979  
  1407     0.002075     0.432967  
  1408     0.002068     0.432960  
  1409     0.002062     0.432987  
  1410     0.002055     0.432988  
  1411     0.002049     0.432975  
  1412     0.002043     0.432974  
  1413     0.002036     0.432966  
  1414     0.002029     0.432981  
  1415     0.002023     0.432994  
  1416     0.002018     0.433002  
  1417     0.002012     0.432998  
  1418     0.002005     0.432993  
  1419     0.001998     0.432982  
  1420     0.001992     0.432969  
  1421     0.001986     0.432975  
  1422     0.001981     0.432963  
  1423     0.001975     0.432968  
  1424     0.001969     0.432971  
  1425     0.001962     0.432964  
  1426     0.001954     0.432971  
  1427     0.001948     0.432980  
  1428     0.001942     0.432978  
  1429     0.001936     0.432986  
  1430     0.001930     0.432978  
  1431     0.001922     0.432989  
  1432     0.001916     0.432993  
  1433     0.001910     0.433006  
  1434     0.001904     0.432997  
  1435     0.001899     0.432992  
  1436     0.001892     0.432984  
  1437     0.001886     0.432998  
  1438     0.001879     0.432995  
  1439     0.001872     0.432969  
  1440     0.001867     0.432985  
  1441     0.001860     0.432993  
  1442     0.001854     0.433005  
  1443     0.001848     0.432990  
  1444     0.001842     0.432986  
  1445     0.001837     0.432985  
  1446     0.001831     0.432999  
  1447     0.001824     0.433010  
  1448     0.001818     0.433003  
  1449     0.001813     0.432988  
  1450     0.001807     0.433005  
  1451     0.001801     0.432990  
  1452     0.001795     0.432990  
  1453     0.001790     0.432990  
  1454     0.001784     0.432984  
  1455     0.001779     0.432973  
  1456     0.001773     0.432948  
  1457     0.001768     0.432944  
  1458     0.001762     0.432945  
  1459     0.001756     0.432937  
  1460     0.001751     0.432949  
  1461     0.001745     0.432932  
  1462     0.001738     0.432939  
  1463     0.001733     0.432956  
  1464     0.001728     0.432960  
  1465     0.001722     0.432954  
  1466     0.001716     0.432964  
  1467     0.001710     0.432954  
  1468     0.001706     0.432971  
  1469     0.001700     0.432983  
  1470     0.001694     0.432982  
  1471     0.001688     0.433018  
  1472     0.001683     0.433020  
  1473     0.001677     0.433018  
  1474     0.001672     0.433046  
  1475     0.001667     0.433037  
  1476     0.001663     0.433020  
  1477     0.001657     0.433027  
  1478     0.001651     0.432999  
  1479     0.001645     0.433000  
  1480     0.001639     0.432996  
  1481     0.001635     0.432989  
  1482     0.001629     0.432984  
  1483     0.001624     0.432969  
# best iteration 1383 (val l2 0.432924)
# Spearman  train +0.9945  val +0.7574  test +0.7689
