# gbm_seq+boltz_pooled seed 2
# sequence with the pooled Boltz blocks
# inputs 2407, 198 trees
# LightGBM gradient-boosted trees, objective l2, lr 0.05, num_leaves 31, min_data_in_leaf 20, feature_fraction 0.3, bagging 0.8, lambda_l2 1.0, up to 3000 rounds, early stopping 100 on validation l2
# loss = l2 on standardised log10 half-life
#
 round        train          val  note
     1     0.963605     0.807996  
     2     0.929321     0.806740  
     3     0.895011     0.797307  
     4     0.865506     0.788001  
     5     0.837774     0.779864  
     6     0.810020     0.772413  
     7     0.784986     0.767992  
     8     0.761836     0.759179  
     9     0.740349     0.758818  
    10     0.718727     0.753088  
    11     0.700397     0.751839  
    12     0.683140     0.747955  
    13     0.667192     0.744845  
    14     0.652398     0.735188  
    15     0.638312     0.730001  
    16     0.624651     0.728826  
    17     0.611857     0.723643  
    18     0.599925     0.722675  
    19     0.589072     0.718744  
    20     0.577553     0.714780  
    21     0.568114     0.712578  
    22     0.558234     0.705477  
    23     0.547872     0.701029  
    24     0.538561     0.696875  
    25     0.529620     0.693935  
    26     0.521866     0.692239  
    27     0.514568     0.692737  
    28     0.507337     0.687241  
    29     0.500385     0.688141  
    30     0.493300     0.685630  
    31     0.486648     0.683644  
    32     0.479485     0.676254  
    33     0.473361     0.675424  
    34     0.467727     0.674227  
    35     0.462434     0.671989  
    36     0.457189     0.670134  
    37     0.452076     0.668581  
    38     0.446752     0.667068  
    39     0.441805     0.667041  
    40     0.437203     0.664056  
    41     0.431635     0.658771  
    42     0.426649     0.657987  
    43     0.422256     0.655472  
    44     0.418227     0.654472  
    45     0.414141     0.653480  
    46     0.410485     0.651778  
    47     0.406667     0.650061  
    48     0.402338     0.647285  
    49     0.398628     0.647635  
    50     0.394720     0.644332  
    51     0.390711     0.641175  
    52     0.387372     0.641195  
    53     0.384125     0.640346  
    54     0.381219     0.639733  
    55     0.377720     0.639778  
    56     0.374162     0.638529  
    57     0.371209     0.637427  
    58     0.367993     0.635542  
    59     0.365039     0.634316  
    60     0.361857     0.636395  
    61     0.358339     0.635246  
    62     0.355279     0.634269  
    63     0.352452     0.633511  
    64     0.349488     0.632863  
    65     0.346650     0.632119  
    66     0.343771     0.632315  
    67     0.341380     0.632635  
    68     0.338834     0.631475  
    69     0.336541     0.631274  
    70     0.333947     0.631638  
    71     0.331538     0.632201  
    72     0.329106     0.631944  
    73     0.326394     0.632436  
    74     0.323993     0.631228  
    75     0.321470     0.630256  
    76     0.319035     0.629853  
    77     0.316772     0.628883  
    78     0.314671     0.628452  
    79     0.312582     0.628417  
    80     0.310476     0.627014  
    81     0.308092     0.625391  
    82     0.306145     0.625296  
    83     0.304046     0.624289  
    84     0.301910     0.624608  
    85     0.299906     0.624376  
    86     0.297999     0.624236  
    87     0.296013     0.624092  
    88     0.293938     0.624749  
    89     0.292059     0.624702  
    90     0.290149     0.623431  
    91     0.288163     0.622427  
    92     0.285944     0.622663  
    93     0.283959     0.622238  
    94     0.282260     0.622468  
    95     0.280478     0.620925  
    96     0.278802     0.620684  
    97     0.276878     0.620350  
    98     0.275240     0.620297  
    99     0.273537     0.619078  
   100     0.271768     0.618604  
   101     0.270148     0.617693  
   102     0.268431     0.618025  
   103     0.266666     0.617974  
   104     0.264898     0.618315  
   105     0.263241     0.618482  
   106     0.261626     0.618337  
   107     0.260092     0.618277  
   108     0.258563     0.617712  
   109     0.257095     0.617569  
   110     0.255593     0.616592  
   111     0.254125     0.617611  
   112     0.252501     0.616312  
   113     0.250945     0.615775  
   114     0.249434     0.616020  
   115     0.247855     0.615268  
   116     0.246463     0.615557  
   117     0.245040     0.614966  
   118     0.243705     0.614546  
   119     0.242328     0.616411  
   120     0.240940     0.616592  
   121     0.239552     0.616235  
   122     0.238109     0.616553  
   123     0.236648     0.615947  
   124     0.235238     0.615154  
   125     0.233944     0.614934  
   126     0.232624     0.615191  
   127     0.231345     0.615215  
   128     0.230010     0.615744  
   129     0.228617     0.614969  
   130     0.227379     0.614925  
   131     0.226160     0.614469  
   132     0.224890     0.614525  
   133     0.223729     0.614104  
   134     0.222597     0.614097  
   135     0.221334     0.615068  
   136     0.220084     0.614801  
   137     0.218821     0.615111  
   138     0.217589     0.615081  
   139     0.216373     0.615190  
   140     0.215119     0.614768  
   141     0.214002     0.614678  
   142     0.212774     0.613897  
   143     0.211556     0.614643  
   144     0.210324     0.613617  
   145     0.209203     0.614113  
   146     0.208019     0.613552  
   147     0.206916     0.613261  
   148     0.205792     0.613191  
   149     0.204786     0.613195  
   150     0.203591     0.612371  
   151     0.202614     0.612767  
   152     0.201569     0.612507  
   153     0.200389     0.612622  
   154     0.199302     0.612766  
   155     0.198191     0.612575  
   156     0.197111     0.612865  
   157     0.196032     0.612166  
   158     0.195000     0.611993  
   159     0.193956     0.611862  
   160     0.192915     0.611599  
   161     0.191859     0.611970  
   162     0.190860     0.612562  
   163     0.189777     0.612834  
   164     0.188688     0.613052  
   165     0.187702     0.612909  
   166     0.186740     0.611928  
   167     0.185802     0.612495  
   168     0.184734     0.612516  
   169     0.183711     0.612884  
   170     0.182787     0.613388  
   171     0.181795     0.613108  
   172     0.180813     0.613498  
   173     0.179889     0.613374  
   174     0.178978     0.612764  
   175     0.178012     0.613041  
   176     0.177074     0.613331  
   177     0.176145     0.613341  
   178     0.175247     0.613307  
   179     0.174380     0.613480  
   180     0.173350     0.612937  
   181     0.172476     0.612938  
   182     0.171573     0.613186  
   183     0.170672     0.612475  
   184     0.169810     0.612579  
   185     0.169025     0.612719  
   186     0.168174     0.612506  
   187     0.167296     0.612421  
   188     0.166399     0.611989  
   189     0.165556     0.611973  
   190     0.164753     0.611801  
   191     0.163948     0.611295  
   192     0.163122     0.611117  
   193     0.162275     0.610404  
   194     0.161575     0.610808  
   195     0.160711     0.609734  
   196     0.159903     0.609042  
   197     0.159139     0.609045  
   198     0.158302     0.608801  * best
   199     0.157581     0.609067  
   200     0.156783     0.609535  
   201     0.156012     0.609353  
   202     0.155228     0.609173  
   203     0.154397     0.609405  
   204     0.153570     0.609558  
   205     0.152828     0.609528  
   206     0.152029     0.609347  
   207     0.151291     0.609550  
   208     0.150552     0.609707  
   209     0.149832     0.609924  
   210     0.149047     0.610884  
   211     0.148280     0.610722  
   212     0.147567     0.610964  
   213     0.146848     0.610723  
   214     0.146088     0.611026  
   215     0.145281     0.611231  
   216     0.144552     0.610959  
   217     0.143825     0.610644  
   218     0.143098     0.610569  
   219     0.142409     0.610412  
   220     0.141711     0.610719  
   221     0.141020     0.611282  
   222     0.140346     0.611719  
   223     0.139731     0.611822  
   224     0.139029     0.612104  
   225     0.138399     0.611896  
   226     0.137685     0.612087  
   227     0.137061     0.611387  
   228     0.136371     0.611482  
   229     0.135732     0.611187  
   230     0.135106     0.611097  
   231     0.134454     0.610607  
   232     0.133788     0.609641  
   233     0.133113     0.609465  
   234     0.132467     0.610379  
   235     0.131854     0.610376  
   236     0.131177     0.610627  
   237     0.130581     0.610654  
   238     0.129950     0.610739  
   239     0.129334     0.610734  
   240     0.128782     0.610882  
   241     0.128083     0.610718  
   242     0.127480     0.610771  
   243     0.126899     0.610824  
   244     0.126362     0.611028  
   245     0.125758     0.611060  
   246     0.125163     0.610676  
   247     0.124595     0.610890  
   248     0.124020     0.610513  
   249     0.123464     0.610457  
   250     0.122926     0.610701  
   251     0.122306     0.610725  
   252     0.121738     0.610886  
   253     0.121212     0.611075  
   254     0.120649     0.611071  
   255     0.120069     0.610838  
   256     0.119455     0.610889  
   257     0.118947     0.610665  
   258     0.118384     0.611036  
   259     0.117811     0.611547  
   260     0.117267     0.611436  
   261     0.116734     0.611592  
   262     0.116218     0.611597  
   263     0.115703     0.611047  
   264     0.115242     0.611029  
   265     0.114679     0.611193  
   266     0.114172     0.610783  
   267     0.113677     0.610721  
   268     0.113091     0.610854  
   269     0.112553     0.610600  
   270     0.111985     0.610372  
   271     0.111480     0.610837  
   272     0.110998     0.610443  
   273     0.110485     0.610316  
   274     0.110035     0.610656  
   275     0.109534     0.610647  
   276     0.109073     0.610970  
   277     0.108600     0.610675  
   278     0.108108     0.611433  
   279     0.107577     0.611318  
   280     0.107135     0.611514  
   281     0.106679     0.611942  
   282     0.106212     0.611889  
   283     0.105705     0.612038  
   284     0.105225     0.612367  
   285     0.104840     0.613460  
   286     0.104376     0.613632  
   287     0.103959     0.613937  
   288     0.103540     0.613973  
   289     0.103059     0.613999  
   290     0.102580     0.613984  
   291     0.102150     0.614060  
   292     0.101707     0.613904  
   293     0.101237     0.613619  
   294     0.100761     0.613861  
   295     0.100284     0.614176  
   296     0.099867     0.614070  
   297     0.099434     0.613764  
   298     0.098958     0.613404  
# best iteration 198 (val l2 0.608801)
# Spearman  train +0.9305  val +0.4124  test +0.6144
