# mlp_seq+node+energy seed 1
# perceptron on seq+node+energy
# inputs [(12810,)], 1,643,969 parameters
# Linear(n_in,128) -> GELU -> Dropout(0.3) -> Linear(128,32) -> GELU -> Dropout(0.3) -> Linear(32,1)
# Adam lr=0.001 weight_decay=0.0001 batch=32 dropout=0.3
# loss = MSE on standardised log10 half-life
# early stopping on validation loss, patience 40, max 300 epochs
#
 epoch  train_batch        train          val  note
     1     1.169568     1.262132     0.803726  * best
     2     0.970154     0.764803     0.902630  
     3     0.838160     0.683845     0.770731  * best
     4     0.692021     0.558570     0.802300  
     5     0.776676     0.518626     0.773923  
     6     0.605694     0.454880     0.767165  * best
     7     0.573846     0.462813     0.732527  * best
     8     0.550005     0.388707     0.833837  
     9     0.527991     0.390937     0.793838  
    10     0.507329     0.392701     0.813032  
    11     0.511526     0.360504     0.787705  
    12     0.484289     0.336234     0.786451  
    13     0.477254     0.353081     0.793323  
    14     0.471535     0.312548     0.799062  
    15     0.454632     0.325230     0.810842  
    16     0.446598     0.286876     0.910291  
    17     0.478569     0.302669     0.792217  
    18     0.456511     0.296431     0.856960  
    19     0.433803     0.287243     0.792319  
    20     0.430746     0.285615     0.815581  
    21     0.436495     0.281949     0.818299  
    22     0.418483     0.280231     0.785485  
    23     0.422547     0.321904     0.776402  
    24     0.438633     0.307296     0.775513  
    25     0.411112     0.259578     0.809753  
    26     0.400301     0.262619     0.786418  
    27     0.406513     0.243525     0.828649  
    28     0.401976     0.278459     0.800938  
    29     0.400745     0.264436     0.801692  
    30     0.378658     0.248389     0.786317  
    31     0.384616     0.295162     0.792288  
    32     0.515911     0.324991     0.749674  
    33     0.470380     0.283784     0.762669  
    34     0.488591     0.299046     0.771684  
    35     0.430239     0.280848     0.741410  
    36     0.413689     0.249383     0.781513  
    37     0.416198     0.271206     0.788972  
    38     0.418347     0.263553     0.779571  
    39     0.410232     0.259103     0.795545  
    40     0.418621     0.277250     0.738974  
    41     0.412184     0.286470     0.758036  
    42     0.405949     0.249059     0.784185  
    43     0.401635     0.244262     0.806117  
    44     0.395087     0.258028     0.787711  
    45     0.384998     0.267010     0.787133  
    46     0.390469     0.277781     0.777243  
    47     0.406313     0.265902     0.750718  
# stopped at epoch 47: no improvement for 40 epochs
# restored epoch 7 (val MSE 0.732527)
# Spearman  train +0.7739  val +0.1690  test +0.1786
